==========================================================
Lanzando Experimento: CMS3_etth2 | Dataset: etth2
==========================================================
Args in experiment:
Namespace(random_seed=2021, is_training=1, model_id='CMS3_etth2_336_96', model='PatchTST', data='ETTh2', root_path='./dataset/', data_path='ETTh2.csv', features='M', target='OT', freq='h', checkpoints='./checkpoints/', seq_len=336, label_len=48, pred_len=96, head_type='cms3', fc_dropout=0.3, head_dropout=0.0, patch_len=16, stride=8, padding_patch='end', revin=1, affine=0, subtract_last=0, decomposition=0, kernel_size=25, individual=0, embed_type=0, enc_in=7, dec_in=7, c_out=7, d_model=16, n_heads=4, e_layers=3, d_layers=1, d_ff=128, moving_avg=25, factor=1, distil=True, dropout=0.3, embed='timeF', activation='gelu', output_attention=False, do_predict=False, num_workers=0, itr=1, train_epochs=100, batch_size=128, patience=100, learning_rate=0.0001, des='Exp', loss='mse', lradj='type3', pct_start=0.3, use_amp=False, use_gpu=True, gpu=0, use_multi_gpu=False, devices='0,1,2,3', test_flop=False)
Use GPU: cuda:0
>>>>>>>start training : CMS3_etth2_336_96_PatchTST_ETTh2_ftM_sl336_ll48_pl96_dm16_nh4_el3_dl1_df128_fc1_ebtimeF_dtTrue_Exp_0>>>>>>>>>>>>>>>>>>>>>>>>>>
train 8209
val 2785
test 2785
Epoch: 1 cost time: 3.0770115852355957
Epoch: 1, Steps: 64 | Train Loss: 0.5789960 Vali Loss: 0.3354967 Test Loss: 0.3728663
Validation loss decreased (inf --> 0.335497).  Saving model ...
Updating learning rate to 0.0001
Epoch: 2 cost time: 2.5417070388793945
Epoch: 2, Steps: 64 | Train Loss: 0.5803660 Vali Loss: 0.3363046 Test Loss: 0.3723803
EarlyStopping counter: 1 out of 100
Updating learning rate to 0.0001
Epoch: 3 cost time: 2.4932632446289062
Epoch: 3, Steps: 64 | Train Loss: 0.5795665 Vali Loss: 0.3317597 Test Loss: 0.3719149
Validation loss decreased (0.335497 --> 0.331760).  Saving model ...
Updating learning rate to 0.0001
Epoch: 4 cost time: 2.4961130619049072
Epoch: 4, Steps: 64 | Train Loss: 0.5784133 Vali Loss: 0.3325725 Test Loss: 0.3714638
EarlyStopping counter: 1 out of 100
Updating learning rate to 9e-05
Epoch: 5 cost time: 2.4980556964874268
Epoch: 5, Steps: 64 | Train Loss: 0.5778513 Vali Loss: 0.3330888 Test Loss: 0.3710698
EarlyStopping counter: 2 out of 100
Updating learning rate to 8.1e-05
Epoch: 6 cost time: 2.4907655715942383
Epoch: 6, Steps: 64 | Train Loss: 0.5769981 Vali Loss: 0.3316541 Test Loss: 0.3707154
Validation loss decreased (0.331760 --> 0.331654).  Saving model ...
Updating learning rate to 7.290000000000001e-05
Epoch: 7 cost time: 2.4862635135650635
Epoch: 7, Steps: 64 | Train Loss: 0.5754976 Vali Loss: 0.3304999 Test Loss: 0.3703951
Validation loss decreased (0.331654 --> 0.330500).  Saving model ...
Updating learning rate to 6.561e-05
Epoch: 8 cost time: 2.598510265350342
Epoch: 8, Steps: 64 | Train Loss: 0.5757678 Vali Loss: 0.3317097 Test Loss: 0.3701103
EarlyStopping counter: 1 out of 100
Updating learning rate to 5.904900000000001e-05
Epoch: 9 cost time: 2.492502212524414
Epoch: 9, Steps: 64 | Train Loss: 0.5755331 Vali Loss: 0.3291149 Test Loss: 0.3698357
Validation loss decreased (0.330500 --> 0.329115).  Saving model ...
Updating learning rate to 5.3144100000000005e-05
Epoch: 10 cost time: 2.4998157024383545
Epoch: 10, Steps: 64 | Train Loss: 0.5745604 Vali Loss: 0.3284242 Test Loss: 0.3695916
Validation loss decreased (0.329115 --> 0.328424).  Saving model ...
Updating learning rate to 4.782969000000001e-05
Epoch: 11 cost time: 2.5533359050750732
Epoch: 11, Steps: 64 | Train Loss: 0.5734285 Vali Loss: 0.3271169 Test Loss: 0.3693756
Validation loss decreased (0.328424 --> 0.327117).  Saving model ...
Updating learning rate to 4.304672100000001e-05
Epoch: 12 cost time: 2.5381739139556885
Epoch: 12, Steps: 64 | Train Loss: 0.5743744 Vali Loss: 0.3292791 Test Loss: 0.3691764
EarlyStopping counter: 1 out of 100
Updating learning rate to 3.874204890000001e-05
Epoch: 13 cost time: 2.544245719909668
Epoch: 13, Steps: 64 | Train Loss: 0.5738444 Vali Loss: 0.3292131 Test Loss: 0.3690001
EarlyStopping counter: 2 out of 100
Updating learning rate to 3.486784401000001e-05
Epoch: 14 cost time: 2.500887155532837
Epoch: 14, Steps: 64 | Train Loss: 0.5732730 Vali Loss: 0.3298016 Test Loss: 0.3688267
EarlyStopping counter: 3 out of 100
Updating learning rate to 3.138105960900001e-05
Epoch: 15 cost time: 2.489208936691284
Epoch: 15, Steps: 64 | Train Loss: 0.5732376 Vali Loss: 0.3276704 Test Loss: 0.3686723
EarlyStopping counter: 4 out of 100
Updating learning rate to 2.824295364810001e-05
Epoch: 16 cost time: 2.4855847358703613
Epoch: 16, Steps: 64 | Train Loss: 0.5720883 Vali Loss: 0.3268098 Test Loss: 0.3685400
Validation loss decreased (0.327117 --> 0.326810).  Saving model ...
Updating learning rate to 2.541865828329001e-05
Epoch: 17 cost time: 2.4885499477386475
Epoch: 17, Steps: 64 | Train Loss: 0.5716060 Vali Loss: 0.3287486 Test Loss: 0.3684223
EarlyStopping counter: 1 out of 100
Updating learning rate to 2.287679245496101e-05
Epoch: 18 cost time: 2.487445592880249
Epoch: 18, Steps: 64 | Train Loss: 0.5714796 Vali Loss: 0.3273063 Test Loss: 0.3683107
EarlyStopping counter: 2 out of 100
Updating learning rate to 2.0589113209464907e-05
Epoch: 19 cost time: 2.4922804832458496
Epoch: 19, Steps: 64 | Train Loss: 0.5722004 Vali Loss: 0.3287757 Test Loss: 0.3681992
EarlyStopping counter: 3 out of 100
Updating learning rate to 1.8530201888518416e-05
Epoch: 20 cost time: 2.53967022895813
Epoch: 20, Steps: 64 | Train Loss: 0.5718387 Vali Loss: 0.3288022 Test Loss: 0.3681085
EarlyStopping counter: 4 out of 100
Updating learning rate to 1.6677181699666577e-05
Epoch: 21 cost time: 2.486363172531128
Epoch: 21, Steps: 64 | Train Loss: 0.5707706 Vali Loss: 0.3288991 Test Loss: 0.3680199
EarlyStopping counter: 5 out of 100
Updating learning rate to 1.5009463529699919e-05
Epoch: 22 cost time: 2.482883930206299
Epoch: 22, Steps: 64 | Train Loss: 0.5700738 Vali Loss: 0.3258421 Test Loss: 0.3679447
Validation loss decreased (0.326810 --> 0.325842).  Saving model ...
Updating learning rate to 1.3508517176729929e-05
Epoch: 23 cost time: 2.5096495151519775
Epoch: 23, Steps: 64 | Train Loss: 0.5715874 Vali Loss: 0.3288977 Test Loss: 0.3678792
EarlyStopping counter: 1 out of 100
Updating learning rate to 1.2157665459056936e-05
Epoch: 24 cost time: 2.501924991607666
Epoch: 24, Steps: 64 | Train Loss: 0.5706771 Vali Loss: 0.3283334 Test Loss: 0.3678304
EarlyStopping counter: 2 out of 100
Updating learning rate to 1.0941898913151242e-05
Epoch: 25 cost time: 2.4936885833740234
Epoch: 25, Steps: 64 | Train Loss: 0.5708124 Vali Loss: 0.3268861 Test Loss: 0.3677660
EarlyStopping counter: 3 out of 100
Updating learning rate to 9.847709021836118e-06
Epoch: 26 cost time: 2.4909117221832275
Epoch: 26, Steps: 64 | Train Loss: 0.5706406 Vali Loss: 0.3275980 Test Loss: 0.3677114
EarlyStopping counter: 4 out of 100
Updating learning rate to 8.862938119652508e-06
Epoch: 27 cost time: 2.4942498207092285
Epoch: 27, Steps: 64 | Train Loss: 0.5711166 Vali Loss: 0.3267376 Test Loss: 0.3676687
EarlyStopping counter: 5 out of 100
Updating learning rate to 7.976644307687255e-06
Epoch: 28 cost time: 2.497293710708618
Epoch: 28, Steps: 64 | Train Loss: 0.5711934 Vali Loss: 0.3270211 Test Loss: 0.3676207
EarlyStopping counter: 6 out of 100
Updating learning rate to 7.178979876918531e-06
Epoch: 29 cost time: 2.4966020584106445
Epoch: 29, Steps: 64 | Train Loss: 0.5712445 Vali Loss: 0.3258379 Test Loss: 0.3675835
Validation loss decreased (0.325842 --> 0.325838).  Saving model ...
Updating learning rate to 6.4610818892266776e-06
Epoch: 30 cost time: 2.5844855308532715
Epoch: 30, Steps: 64 | Train Loss: 0.5709832 Vali Loss: 0.3253392 Test Loss: 0.3675479
Validation loss decreased (0.325838 --> 0.325339).  Saving model ...
Updating learning rate to 5.8149737003040096e-06
Epoch: 31 cost time: 2.5248301029205322
Epoch: 31, Steps: 64 | Train Loss: 0.5710830 Vali Loss: 0.3263391 Test Loss: 0.3675263
EarlyStopping counter: 1 out of 100
Updating learning rate to 5.23347633027361e-06
Epoch: 32 cost time: 2.5866363048553467
Epoch: 32, Steps: 64 | Train Loss: 0.5699790 Vali Loss: 0.3263213 Test Loss: 0.3674878
EarlyStopping counter: 2 out of 100
Updating learning rate to 4.710128697246249e-06
Epoch: 33 cost time: 2.5026586055755615
Epoch: 33, Steps: 64 | Train Loss: 0.5693581 Vali Loss: 0.3273744 Test Loss: 0.3674623
EarlyStopping counter: 3 out of 100
Updating learning rate to 4.239115827521624e-06
Epoch: 34 cost time: 2.4958243370056152
Epoch: 34, Steps: 64 | Train Loss: 0.5706672 Vali Loss: 0.3257968 Test Loss: 0.3674737
EarlyStopping counter: 4 out of 100
Updating learning rate to 3.815204244769462e-06
Epoch: 35 cost time: 2.493122100830078
Epoch: 35, Steps: 64 | Train Loss: 0.5689674 Vali Loss: 0.3268211 Test Loss: 0.3674278
EarlyStopping counter: 5 out of 100
Updating learning rate to 3.4336838202925152e-06
Epoch: 36 cost time: 2.4979820251464844
Epoch: 36, Steps: 64 | Train Loss: 0.5700640 Vali Loss: 0.3257025 Test Loss: 0.3674119
EarlyStopping counter: 6 out of 100
Updating learning rate to 3.090315438263264e-06
Epoch: 37 cost time: 2.496633291244507
Epoch: 37, Steps: 64 | Train Loss: 0.5703368 Vali Loss: 0.3253613 Test Loss: 0.3673846
EarlyStopping counter: 7 out of 100
Updating learning rate to 2.7812838944369375e-06
Epoch: 38 cost time: 2.4979045391082764
Epoch: 38, Steps: 64 | Train Loss: 0.5705397 Vali Loss: 0.3257797 Test Loss: 0.3673707
EarlyStopping counter: 8 out of 100
Updating learning rate to 2.503155504993244e-06
Epoch: 39 cost time: 2.5053248405456543
Epoch: 39, Steps: 64 | Train Loss: 0.5688624 Vali Loss: 0.3249030 Test Loss: 0.3673683
Validation loss decreased (0.325339 --> 0.324903).  Saving model ...
Updating learning rate to 2.2528399544939195e-06
Epoch: 40 cost time: 2.504737615585327
Epoch: 40, Steps: 64 | Train Loss: 0.5706450 Vali Loss: 0.3270497 Test Loss: 0.3673444
EarlyStopping counter: 1 out of 100
Updating learning rate to 2.0275559590445276e-06
Epoch: 41 cost time: 2.4992191791534424
Epoch: 41, Steps: 64 | Train Loss: 0.5701729 Vali Loss: 0.3271379 Test Loss: 0.3673569
EarlyStopping counter: 2 out of 100
Updating learning rate to 1.8248003631400751e-06
Epoch: 42 cost time: 2.5032413005828857
Epoch: 42, Steps: 64 | Train Loss: 0.5695170 Vali Loss: 0.3270830 Test Loss: 0.3673313
EarlyStopping counter: 3 out of 100
Updating learning rate to 1.6423203268260676e-06
Epoch: 43 cost time: 2.497342824935913
Epoch: 43, Steps: 64 | Train Loss: 0.5692455 Vali Loss: 0.3269658 Test Loss: 0.3673280
EarlyStopping counter: 4 out of 100
Updating learning rate to 1.4780882941434609e-06
Epoch: 44 cost time: 2.4974350929260254
Epoch: 44, Steps: 64 | Train Loss: 0.5704327 Vali Loss: 0.3261895 Test Loss: 0.3673237
EarlyStopping counter: 5 out of 100
Updating learning rate to 1.3302794647291146e-06
Epoch: 45 cost time: 2.503526449203491
Epoch: 45, Steps: 64 | Train Loss: 0.5702398 Vali Loss: 0.3258404 Test Loss: 0.3673174
EarlyStopping counter: 6 out of 100
Updating learning rate to 1.1972515182562034e-06
Epoch: 46 cost time: 2.5054073333740234
Epoch: 46, Steps: 64 | Train Loss: 0.5702061 Vali Loss: 0.3259476 Test Loss: 0.3672896
EarlyStopping counter: 7 out of 100
Updating learning rate to 1.077526366430583e-06
Epoch: 47 cost time: 2.5009210109710693
Epoch: 47, Steps: 64 | Train Loss: 0.5692483 Vali Loss: 0.3269989 Test Loss: 0.3672952
EarlyStopping counter: 8 out of 100
Updating learning rate to 9.697737297875248e-07
Epoch: 48 cost time: 2.5254852771759033
Epoch: 48, Steps: 64 | Train Loss: 0.5703688 Vali Loss: 0.3269411 Test Loss: 0.3672915
EarlyStopping counter: 9 out of 100
Updating learning rate to 8.727963568087723e-07
Epoch: 49 cost time: 2.563777446746826
Epoch: 49, Steps: 64 | Train Loss: 0.5705956 Vali Loss: 0.3276338 Test Loss: 0.3672854
EarlyStopping counter: 10 out of 100
Updating learning rate to 7.855167211278951e-07
Epoch: 50 cost time: 2.5554778575897217
Epoch: 50, Steps: 64 | Train Loss: 0.5688033 Vali Loss: 0.3266640 Test Loss: 0.3672769
EarlyStopping counter: 11 out of 100
Updating learning rate to 7.069650490151056e-07
Epoch: 51 cost time: 2.5289695262908936
Epoch: 51, Steps: 64 | Train Loss: 0.5701281 Vali Loss: 0.3255220 Test Loss: 0.3672670
EarlyStopping counter: 12 out of 100
Updating learning rate to 6.36268544113595e-07
Epoch: 52 cost time: 2.5587236881256104
Epoch: 52, Steps: 64 | Train Loss: 0.5700254 Vali Loss: 0.3263501 Test Loss: 0.3672749
EarlyStopping counter: 13 out of 100
Updating learning rate to 5.726416897022355e-07
Epoch: 53 cost time: 2.5136098861694336
Epoch: 53, Steps: 64 | Train Loss: 0.5703090 Vali Loss: 0.3274943 Test Loss: 0.3672670
EarlyStopping counter: 14 out of 100
Updating learning rate to 5.15377520732012e-07
Epoch: 54 cost time: 2.5174243450164795
Epoch: 54, Steps: 64 | Train Loss: 0.5702371 Vali Loss: 0.3252267 Test Loss: 0.3672684
EarlyStopping counter: 15 out of 100
Updating learning rate to 4.6383976865881085e-07
Epoch: 55 cost time: 2.513690948486328
Epoch: 55, Steps: 64 | Train Loss: 0.5701682 Vali Loss: 0.3253087 Test Loss: 0.3672581
EarlyStopping counter: 16 out of 100
Updating learning rate to 4.174557917929298e-07
Epoch: 56 cost time: 2.5172462463378906
Epoch: 56, Steps: 64 | Train Loss: 0.5689899 Vali Loss: 0.3240957 Test Loss: 0.3672596
Validation loss decreased (0.324903 --> 0.324096).  Saving model ...
Updating learning rate to 3.7571021261363677e-07
Epoch: 57 cost time: 2.5057172775268555
Epoch: 57, Steps: 64 | Train Loss: 0.5701284 Vali Loss: 0.3261130 Test Loss: 0.3672628
EarlyStopping counter: 1 out of 100
Updating learning rate to 3.381391913522731e-07
Epoch: 58 cost time: 2.508554458618164
Epoch: 58, Steps: 64 | Train Loss: 0.5691931 Vali Loss: 0.3245330 Test Loss: 0.3672616
EarlyStopping counter: 2 out of 100
Updating learning rate to 3.043252722170458e-07
Epoch: 59 cost time: 2.517676591873169
Epoch: 59, Steps: 64 | Train Loss: 0.5700428 Vali Loss: 0.3263522 Test Loss: 0.3672620
EarlyStopping counter: 3 out of 100
Updating learning rate to 2.7389274499534124e-07
Epoch: 60 cost time: 2.507540702819824
Epoch: 60, Steps: 64 | Train Loss: 0.5697140 Vali Loss: 0.3252095 Test Loss: 0.3672597
EarlyStopping counter: 4 out of 100
Updating learning rate to 2.465034704958071e-07
Epoch: 61 cost time: 2.5044174194335938
Epoch: 61, Steps: 64 | Train Loss: 0.5694879 Vali Loss: 0.3259031 Test Loss: 0.3672613
EarlyStopping counter: 5 out of 100
Updating learning rate to 2.218531234462264e-07
Epoch: 62 cost time: 2.530989170074463
Epoch: 62, Steps: 64 | Train Loss: 0.5693301 Vali Loss: 0.3261262 Test Loss: 0.3672617
EarlyStopping counter: 6 out of 100
Updating learning rate to 1.9966781110160376e-07
Epoch: 63 cost time: 2.503249168395996
Epoch: 63, Steps: 64 | Train Loss: 0.5696287 Vali Loss: 0.3266629 Test Loss: 0.3672427
EarlyStopping counter: 7 out of 100
Updating learning rate to 1.797010299914434e-07
Epoch: 64 cost time: 2.5158345699310303
Epoch: 64, Steps: 64 | Train Loss: 0.5700958 Vali Loss: 0.3259011 Test Loss: 0.3672529
EarlyStopping counter: 8 out of 100
Updating learning rate to 1.6173092699229907e-07
Epoch: 65 cost time: 2.503791570663452
Epoch: 65, Steps: 64 | Train Loss: 0.5698931 Vali Loss: 0.3255044 Test Loss: 0.3672554
EarlyStopping counter: 9 out of 100
Updating learning rate to 1.4555783429306916e-07
Epoch: 66 cost time: 2.6174447536468506
Epoch: 66, Steps: 64 | Train Loss: 0.5689930 Vali Loss: 0.3254322 Test Loss: 0.3672770
EarlyStopping counter: 10 out of 100
Updating learning rate to 1.3100205086376224e-07
Epoch: 67 cost time: 2.5716304779052734
Epoch: 67, Steps: 64 | Train Loss: 0.5699610 Vali Loss: 0.3263083 Test Loss: 0.3672571
EarlyStopping counter: 11 out of 100
Updating learning rate to 1.1790184577738603e-07
Epoch: 68 cost time: 2.3637337684631348
Epoch: 68, Steps: 64 | Train Loss: 0.5702832 Vali Loss: 0.3230072 Test Loss: 0.3672421
Validation loss decreased (0.324096 --> 0.323007).  Saving model ...
Updating learning rate to 1.0611166119964742e-07
Epoch: 69 cost time: 1.849977731704712
Epoch: 69, Steps: 64 | Train Loss: 0.5690893 Vali Loss: 0.3250850 Test Loss: 0.3672462
EarlyStopping counter: 1 out of 100
Updating learning rate to 9.550049507968268e-08
Epoch: 70 cost time: 1.847869634628296
Epoch: 70, Steps: 64 | Train Loss: 0.5699235 Vali Loss: 0.3250319 Test Loss: 0.3672527
EarlyStopping counter: 2 out of 100
Updating learning rate to 8.595044557171442e-08
Epoch: 71 cost time: 1.8404982089996338
Epoch: 71, Steps: 64 | Train Loss: 0.5685966 Vali Loss: 0.3267241 Test Loss: 0.3672412
EarlyStopping counter: 3 out of 100
Updating learning rate to 7.735540101454298e-08
Epoch: 72 cost time: 1.835371971130371
Epoch: 72, Steps: 64 | Train Loss: 0.5702373 Vali Loss: 0.3254935 Test Loss: 0.3672517
EarlyStopping counter: 4 out of 100
Updating learning rate to 6.961986091308869e-08
Epoch: 73 cost time: 1.8384652137756348
Epoch: 73, Steps: 64 | Train Loss: 0.5701183 Vali Loss: 0.3264269 Test Loss: 0.3672473
EarlyStopping counter: 5 out of 100
Updating learning rate to 6.265787482177981e-08
Epoch: 74 cost time: 1.8329548835754395
Epoch: 74, Steps: 64 | Train Loss: 0.5687092 Vali Loss: 0.3265230 Test Loss: 0.3672475
EarlyStopping counter: 6 out of 100
Updating learning rate to 5.639208733960184e-08
Epoch: 75 cost time: 1.8364591598510742
Epoch: 75, Steps: 64 | Train Loss: 0.5700868 Vali Loss: 0.3268496 Test Loss: 0.3672670
EarlyStopping counter: 7 out of 100
Updating learning rate to 5.075287860564165e-08
Epoch: 76 cost time: 1.8660855293273926
Epoch: 76, Steps: 64 | Train Loss: 0.5701581 Vali Loss: 0.3255318 Test Loss: 0.3672597
EarlyStopping counter: 8 out of 100
Updating learning rate to 4.567759074507749e-08
Epoch: 77 cost time: 1.8348889350891113
Epoch: 77, Steps: 64 | Train Loss: 0.5671490 Vali Loss: 0.3268014 Test Loss: 0.3672433
EarlyStopping counter: 9 out of 100
Updating learning rate to 4.1109831670569744e-08
Epoch: 78 cost time: 1.8404951095581055
Epoch: 78, Steps: 64 | Train Loss: 0.5697234 Vali Loss: 0.3268723 Test Loss: 0.3672477
EarlyStopping counter: 10 out of 100
Updating learning rate to 3.6998848503512764e-08
Epoch: 79 cost time: 1.8371870517730713
Epoch: 79, Steps: 64 | Train Loss: 0.5696138 Vali Loss: 0.3262313 Test Loss: 0.3672433
EarlyStopping counter: 11 out of 100
Updating learning rate to 3.3298963653161496e-08
Epoch: 80 cost time: 1.8379764556884766
Epoch: 80, Steps: 64 | Train Loss: 0.5701346 Vali Loss: 0.3251479 Test Loss: 0.3672521
EarlyStopping counter: 12 out of 100
Updating learning rate to 2.996906728784534e-08
Epoch: 81 cost time: 1.8353073596954346
Epoch: 81, Steps: 64 | Train Loss: 0.5697807 Vali Loss: 0.3261244 Test Loss: 0.3672532
EarlyStopping counter: 13 out of 100
Updating learning rate to 2.697216055906081e-08
Epoch: 82 cost time: 1.8378660678863525
Epoch: 82, Steps: 64 | Train Loss: 0.5698454 Vali Loss: 0.3261555 Test Loss: 0.3672378
EarlyStopping counter: 14 out of 100
Updating learning rate to 2.427494450315473e-08
Epoch: 83 cost time: 1.8396685123443604
Epoch: 83, Steps: 64 | Train Loss: 0.5691966 Vali Loss: 0.3267144 Test Loss: 0.3672470
EarlyStopping counter: 15 out of 100
Updating learning rate to 2.1847450052839257e-08
Epoch: 84 cost time: 1.8413136005401611
Epoch: 84, Steps: 64 | Train Loss: 0.5692303 Vali Loss: 0.3261502 Test Loss: 0.3672522
EarlyStopping counter: 16 out of 100
Updating learning rate to 1.9662705047555332e-08
Epoch: 85 cost time: 1.8417096138000488
Epoch: 85, Steps: 64 | Train Loss: 0.5691230 Vali Loss: 0.3272610 Test Loss: 0.3672458
EarlyStopping counter: 17 out of 100
Updating learning rate to 1.7696434542799797e-08
Epoch: 86 cost time: 1.8463778495788574
Epoch: 86, Steps: 64 | Train Loss: 0.5694539 Vali Loss: 0.3260506 Test Loss: 0.3672495
EarlyStopping counter: 18 out of 100
Updating learning rate to 1.5926791088519817e-08
Epoch: 87 cost time: 1.838376522064209
Epoch: 87, Steps: 64 | Train Loss: 0.5697042 Vali Loss: 0.3270037 Test Loss: 0.3672567
EarlyStopping counter: 19 out of 100
Updating learning rate to 1.4334111979667836e-08
Epoch: 88 cost time: 1.8370087146759033
Epoch: 88, Steps: 64 | Train Loss: 0.5703810 Vali Loss: 0.3251935 Test Loss: 0.3672435
EarlyStopping counter: 20 out of 100
Updating learning rate to 1.2900700781701054e-08
Epoch: 89 cost time: 1.8909311294555664
Epoch: 89, Steps: 64 | Train Loss: 0.5701691 Vali Loss: 0.3266934 Test Loss: 0.3672436
EarlyStopping counter: 21 out of 100
Updating learning rate to 1.161063070353095e-08
Epoch: 90 cost time: 1.8859891891479492
Epoch: 90, Steps: 64 | Train Loss: 0.5692188 Vali Loss: 0.3265863 Test Loss: 0.3672570
EarlyStopping counter: 22 out of 100
Updating learning rate to 1.0449567633177854e-08
Epoch: 91 cost time: 1.8668103218078613
Epoch: 91, Steps: 64 | Train Loss: 0.5704139 Vali Loss: 0.3259580 Test Loss: 0.3672438
EarlyStopping counter: 23 out of 100
Updating learning rate to 9.404610869860069e-09
Epoch: 92 cost time: 1.8655915260314941
Epoch: 92, Steps: 64 | Train Loss: 0.5701207 Vali Loss: 0.3264623 Test Loss: 0.3672550
EarlyStopping counter: 24 out of 100
Updating learning rate to 8.464149782874063e-09
Epoch: 93 cost time: 1.8416392803192139
Epoch: 93, Steps: 64 | Train Loss: 0.5699242 Vali Loss: 0.3261119 Test Loss: 0.3672502
EarlyStopping counter: 25 out of 100
Updating learning rate to 7.617734804586658e-09
Epoch: 94 cost time: 1.8390064239501953
Epoch: 94, Steps: 64 | Train Loss: 0.5698109 Vali Loss: 0.3259457 Test Loss: 0.3672411
EarlyStopping counter: 26 out of 100
Updating learning rate to 6.855961324127991e-09
Epoch: 95 cost time: 1.8387038707733154
Epoch: 95, Steps: 64 | Train Loss: 0.5697468 Vali Loss: 0.3258541 Test Loss: 0.3672560
EarlyStopping counter: 27 out of 100
Updating learning rate to 6.170365191715193e-09
Epoch: 96 cost time: 1.8395216464996338
Epoch: 96, Steps: 64 | Train Loss: 0.5690814 Vali Loss: 0.3260316 Test Loss: 0.3672473
EarlyStopping counter: 28 out of 100
Updating learning rate to 5.5533286725436726e-09
Epoch: 97 cost time: 1.8428690433502197
Epoch: 97, Steps: 64 | Train Loss: 0.5702677 Vali Loss: 0.3261155 Test Loss: 0.3672386
EarlyStopping counter: 29 out of 100
Updating learning rate to 4.997995805289306e-09
Epoch: 98 cost time: 1.8475351333618164
Epoch: 98, Steps: 64 | Train Loss: 0.5697692 Vali Loss: 0.3267103 Test Loss: 0.3672426
EarlyStopping counter: 30 out of 100
Updating learning rate to 4.498196224760375e-09
Epoch: 99 cost time: 1.8472223281860352
Epoch: 99, Steps: 64 | Train Loss: 0.5690609 Vali Loss: 0.3254524 Test Loss: 0.3672539
EarlyStopping counter: 31 out of 100
Updating learning rate to 4.048376602284338e-09
Epoch: 100 cost time: 1.8414552211761475
Epoch: 100, Steps: 64 | Train Loss: 0.5697981 Vali Loss: 0.3257749 Test Loss: 0.3672423
EarlyStopping counter: 32 out of 100
Updating learning rate to 3.643538942055904e-09
>>>>>>>testing : CMS3_etth2_336_96_PatchTST_ETTh2_ftM_sl336_ll48_pl96_dm16_nh4_el3_dl1_df128_fc1_ebtimeF_dtTrue_Exp_0<<<<<<<<<<<<<<<<<<<<<<<<<<<<<<<<<
test 2785
mse:0.3638952970504761, mae:0.40561792254447937, rse:0.4819016754627228
Args in experiment:
Namespace(random_seed=2021, is_training=1, model_id='CMS3_etth2_336_192', model='PatchTST', data='ETTh2', root_path='./dataset/', data_path='ETTh2.csv', features='M', target='OT', freq='h', checkpoints='./checkpoints/', seq_len=336, label_len=48, pred_len=192, head_type='cms3', fc_dropout=0.3, head_dropout=0.0, patch_len=16, stride=8, padding_patch='end', revin=1, affine=0, subtract_last=0, decomposition=0, kernel_size=25, individual=0, embed_type=0, enc_in=7, dec_in=7, c_out=7, d_model=16, n_heads=4, e_layers=3, d_layers=1, d_ff=128, moving_avg=25, factor=1, distil=True, dropout=0.3, embed='timeF', activation='gelu', output_attention=False, do_predict=False, num_workers=0, itr=1, train_epochs=100, batch_size=128, patience=100, learning_rate=0.0001, des='Exp', loss='mse', lradj='type3', pct_start=0.3, use_amp=False, use_gpu=True, gpu=0, use_multi_gpu=False, devices='0,1,2,3', test_flop=False)
Use GPU: cuda:0
>>>>>>>start training : CMS3_etth2_336_192_PatchTST_ETTh2_ftM_sl336_ll48_pl192_dm16_nh4_el3_dl1_df128_fc1_ebtimeF_dtTrue_Exp_0>>>>>>>>>>>>>>>>>>>>>>>>>>
train 8113
val 2689
test 2689
Epoch: 1 cost time: 2.9046192169189453
Epoch: 1, Steps: 63 | Train Loss: 0.6433029 Vali Loss: 0.3907282 Test Loss: 0.4032629
Validation loss decreased (inf --> 0.390728).  Saving model ...
Updating learning rate to 0.0001
Epoch: 2 cost time: 2.5121266841888428
Epoch: 2, Steps: 63 | Train Loss: 0.6427473 Vali Loss: 0.3902936 Test Loss: 0.4028835
Validation loss decreased (0.390728 --> 0.390294).  Saving model ...
Updating learning rate to 0.0001
Epoch: 3 cost time: 2.562147378921509
Epoch: 3, Steps: 63 | Train Loss: 0.6416147 Vali Loss: 0.3889157 Test Loss: 0.4025241
Validation loss decreased (0.390294 --> 0.388916).  Saving model ...
Updating learning rate to 0.0001
Epoch: 4 cost time: 2.566972255706787
Epoch: 4, Steps: 63 | Train Loss: 0.6427031 Vali Loss: 0.3885286 Test Loss: 0.4021937
Validation loss decreased (0.388916 --> 0.388529).  Saving model ...
Updating learning rate to 9e-05
Epoch: 5 cost time: 2.5679984092712402
Epoch: 5, Steps: 63 | Train Loss: 0.6400783 Vali Loss: 0.3877049 Test Loss: 0.4019054
Validation loss decreased (0.388529 --> 0.387705).  Saving model ...
Updating learning rate to 8.1e-05
Epoch: 6 cost time: 2.503371477127075
Epoch: 6, Steps: 63 | Train Loss: 0.6394392 Vali Loss: 0.3865853 Test Loss: 0.4016583
Validation loss decreased (0.387705 --> 0.386585).  Saving model ...
Updating learning rate to 7.290000000000001e-05
Epoch: 7 cost time: 2.510375738143921
Epoch: 7, Steps: 63 | Train Loss: 0.6386911 Vali Loss: 0.3864830 Test Loss: 0.4014431
Validation loss decreased (0.386585 --> 0.386483).  Saving model ...
Updating learning rate to 6.561e-05
Epoch: 8 cost time: 2.516278028488159
Epoch: 8, Steps: 63 | Train Loss: 0.6387598 Vali Loss: 0.3859365 Test Loss: 0.4012582
Validation loss decreased (0.386483 --> 0.385936).  Saving model ...
Updating learning rate to 5.904900000000001e-05
Epoch: 9 cost time: 2.497694253921509
Epoch: 9, Steps: 63 | Train Loss: 0.6390158 Vali Loss: 0.3854699 Test Loss: 0.4010938
Validation loss decreased (0.385936 --> 0.385470).  Saving model ...
Updating learning rate to 5.3144100000000005e-05
Epoch: 10 cost time: 2.508711338043213
Epoch: 10, Steps: 63 | Train Loss: 0.6377195 Vali Loss: 0.3851149 Test Loss: 0.4009493
Validation loss decreased (0.385470 --> 0.385115).  Saving model ...
Updating learning rate to 4.782969000000001e-05
Epoch: 11 cost time: 2.505948543548584
Epoch: 11, Steps: 63 | Train Loss: 0.6376823 Vali Loss: 0.3845209 Test Loss: 0.4008186
Validation loss decreased (0.385115 --> 0.384521).  Saving model ...
Updating learning rate to 4.304672100000001e-05
Epoch: 12 cost time: 2.5053458213806152
Epoch: 12, Steps: 63 | Train Loss: 0.6379796 Vali Loss: 0.3840181 Test Loss: 0.4006988
Validation loss decreased (0.384521 --> 0.384018).  Saving model ...
Updating learning rate to 3.874204890000001e-05
Epoch: 13 cost time: 2.5031583309173584
Epoch: 13, Steps: 63 | Train Loss: 0.6376007 Vali Loss: 0.3840305 Test Loss: 0.4005964
EarlyStopping counter: 1 out of 100
Updating learning rate to 3.486784401000001e-05
Epoch: 14 cost time: 2.500372886657715
Epoch: 14, Steps: 63 | Train Loss: 0.6362371 Vali Loss: 0.3837714 Test Loss: 0.4005034
Validation loss decreased (0.384018 --> 0.383771).  Saving model ...
Updating learning rate to 3.138105960900001e-05
Epoch: 15 cost time: 2.4969184398651123
Epoch: 15, Steps: 63 | Train Loss: 0.6359752 Vali Loss: 0.3835565 Test Loss: 0.4004226
Validation loss decreased (0.383771 --> 0.383556).  Saving model ...
Updating learning rate to 2.824295364810001e-05
Epoch: 16 cost time: 2.5310001373291016
Epoch: 16, Steps: 63 | Train Loss: 0.6352142 Vali Loss: 0.3833682 Test Loss: 0.4003474
Validation loss decreased (0.383556 --> 0.383368).  Saving model ...
Updating learning rate to 2.541865828329001e-05
Epoch: 17 cost time: 2.495309591293335
Epoch: 17, Steps: 63 | Train Loss: 0.6354291 Vali Loss: 0.3830411 Test Loss: 0.4002810
Validation loss decreased (0.383368 --> 0.383041).  Saving model ...
Updating learning rate to 2.287679245496101e-05
Epoch: 18 cost time: 2.504173517227173
Epoch: 18, Steps: 63 | Train Loss: 0.6352453 Vali Loss: 0.3829972 Test Loss: 0.4002240
Validation loss decreased (0.383041 --> 0.382997).  Saving model ...
Updating learning rate to 2.0589113209464907e-05
Epoch: 19 cost time: 2.552210807800293
Epoch: 19, Steps: 63 | Train Loss: 0.6341905 Vali Loss: 0.3825667 Test Loss: 0.4001675
Validation loss decreased (0.382997 --> 0.382567).  Saving model ...
Updating learning rate to 1.8530201888518416e-05
Epoch: 20 cost time: 2.528724431991577
Epoch: 20, Steps: 63 | Train Loss: 0.6356266 Vali Loss: 0.3825675 Test Loss: 0.4001145
EarlyStopping counter: 1 out of 100
Updating learning rate to 1.6677181699666577e-05
Epoch: 21 cost time: 2.568507194519043
Epoch: 21, Steps: 63 | Train Loss: 0.6342950 Vali Loss: 0.3825596 Test Loss: 0.4000732
Validation loss decreased (0.382567 --> 0.382560).  Saving model ...
Updating learning rate to 1.5009463529699919e-05
Epoch: 22 cost time: 2.5601649284362793
Epoch: 22, Steps: 63 | Train Loss: 0.6343386 Vali Loss: 0.3823842 Test Loss: 0.4000309
Validation loss decreased (0.382560 --> 0.382384).  Saving model ...
Updating learning rate to 1.3508517176729929e-05
Epoch: 23 cost time: 2.5603206157684326
Epoch: 23, Steps: 63 | Train Loss: 0.6358138 Vali Loss: 0.3823647 Test Loss: 0.3999956
Validation loss decreased (0.382384 --> 0.382365).  Saving model ...
Updating learning rate to 1.2157665459056936e-05
Epoch: 24 cost time: 2.505967378616333
Epoch: 24, Steps: 63 | Train Loss: 0.6356963 Vali Loss: 0.3822254 Test Loss: 0.3999666
Validation loss decreased (0.382365 --> 0.382225).  Saving model ...
Updating learning rate to 1.0941898913151242e-05
Epoch: 25 cost time: 2.5261356830596924
Epoch: 25, Steps: 63 | Train Loss: 0.6350538 Vali Loss: 0.3821135 Test Loss: 0.3999361
Validation loss decreased (0.382225 --> 0.382114).  Saving model ...
Updating learning rate to 9.847709021836118e-06
Epoch: 26 cost time: 2.505535125732422
Epoch: 26, Steps: 63 | Train Loss: 0.6347879 Vali Loss: 0.3821108 Test Loss: 0.3999148
Validation loss decreased (0.382114 --> 0.382111).  Saving model ...
Updating learning rate to 8.862938119652508e-06
Epoch: 27 cost time: 2.513981580734253
Epoch: 27, Steps: 63 | Train Loss: 0.6342581 Vali Loss: 0.3819556 Test Loss: 0.3998873
Validation loss decreased (0.382111 --> 0.381956).  Saving model ...
Updating learning rate to 7.976644307687255e-06
Epoch: 28 cost time: 2.499192714691162
Epoch: 28, Steps: 63 | Train Loss: 0.6342524 Vali Loss: 0.3819332 Test Loss: 0.3998628
Validation loss decreased (0.381956 --> 0.381933).  Saving model ...
Updating learning rate to 7.178979876918531e-06
Epoch: 29 cost time: 2.5159389972686768
Epoch: 29, Steps: 63 | Train Loss: 0.6345033 Vali Loss: 0.3819125 Test Loss: 0.3998491
Validation loss decreased (0.381933 --> 0.381912).  Saving model ...
Updating learning rate to 6.4610818892266776e-06
Epoch: 30 cost time: 2.50226092338562
Epoch: 30, Steps: 63 | Train Loss: 0.6361167 Vali Loss: 0.3817285 Test Loss: 0.3998358
Validation loss decreased (0.381912 --> 0.381729).  Saving model ...
Updating learning rate to 5.8149737003040096e-06
Epoch: 31 cost time: 2.513165235519409
Epoch: 31, Steps: 63 | Train Loss: 0.6332793 Vali Loss: 0.3816343 Test Loss: 0.3998174
Validation loss decreased (0.381729 --> 0.381634).  Saving model ...
Updating learning rate to 5.23347633027361e-06
Epoch: 32 cost time: 2.5092365741729736
Epoch: 32, Steps: 63 | Train Loss: 0.6343198 Vali Loss: 0.3816785 Test Loss: 0.3998012
EarlyStopping counter: 1 out of 100
Updating learning rate to 4.710128697246249e-06
Epoch: 33 cost time: 2.5105183124542236
Epoch: 33, Steps: 63 | Train Loss: 0.6353877 Vali Loss: 0.3817329 Test Loss: 0.3997894
EarlyStopping counter: 2 out of 100
Updating learning rate to 4.239115827521624e-06
Epoch: 34 cost time: 2.518258810043335
Epoch: 34, Steps: 63 | Train Loss: 0.6353503 Vali Loss: 0.3816812 Test Loss: 0.3997801
EarlyStopping counter: 3 out of 100
Updating learning rate to 3.815204244769462e-06
Epoch: 35 cost time: 2.507547616958618
Epoch: 35, Steps: 63 | Train Loss: 0.6346183 Vali Loss: 0.3815851 Test Loss: 0.3997628
Validation loss decreased (0.381634 --> 0.381585).  Saving model ...
Updating learning rate to 3.4336838202925152e-06
Epoch: 36 cost time: 2.5099973678588867
Epoch: 36, Steps: 63 | Train Loss: 0.6336917 Vali Loss: 0.3816734 Test Loss: 0.3997582
EarlyStopping counter: 1 out of 100
Updating learning rate to 3.090315438263264e-06
Epoch: 37 cost time: 2.5619590282440186
Epoch: 37, Steps: 63 | Train Loss: 0.6349439 Vali Loss: 0.3815207 Test Loss: 0.3997537
Validation loss decreased (0.381585 --> 0.381521).  Saving model ...
Updating learning rate to 2.7812838944369375e-06
Epoch: 38 cost time: 2.5671160221099854
Epoch: 38, Steps: 63 | Train Loss: 0.6329555 Vali Loss: 0.3816024 Test Loss: 0.3997436
EarlyStopping counter: 1 out of 100
Updating learning rate to 2.503155504993244e-06
Epoch: 39 cost time: 2.564666748046875
Epoch: 39, Steps: 63 | Train Loss: 0.6345637 Vali Loss: 0.3815181 Test Loss: 0.3997371
Validation loss decreased (0.381521 --> 0.381518).  Saving model ...
Updating learning rate to 2.2528399544939195e-06
Epoch: 40 cost time: 2.5119447708129883
Epoch: 40, Steps: 63 | Train Loss: 0.6346570 Vali Loss: 0.3815399 Test Loss: 0.3997287
EarlyStopping counter: 1 out of 100
Updating learning rate to 2.0275559590445276e-06
Epoch: 41 cost time: 2.5140018463134766
Epoch: 41, Steps: 63 | Train Loss: 0.6326119 Vali Loss: 0.3814648 Test Loss: 0.3997301
Validation loss decreased (0.381518 --> 0.381465).  Saving model ...
Updating learning rate to 1.8248003631400751e-06
Epoch: 42 cost time: 2.507645606994629
Epoch: 42, Steps: 63 | Train Loss: 0.6354921 Vali Loss: 0.3815520 Test Loss: 0.3997168
EarlyStopping counter: 1 out of 100
Updating learning rate to 1.6423203268260676e-06
Epoch: 43 cost time: 2.573077440261841
Epoch: 43, Steps: 63 | Train Loss: 0.6348608 Vali Loss: 0.3814573 Test Loss: 0.3997141
Validation loss decreased (0.381465 --> 0.381457).  Saving model ...
Updating learning rate to 1.4780882941434609e-06
Epoch: 44 cost time: 2.5148558616638184
Epoch: 44, Steps: 63 | Train Loss: 0.6344387 Vali Loss: 0.3814048 Test Loss: 0.3997120
Validation loss decreased (0.381457 --> 0.381405).  Saving model ...
Updating learning rate to 1.3302794647291146e-06
Epoch: 45 cost time: 2.5142927169799805
Epoch: 45, Steps: 63 | Train Loss: 0.6322893 Vali Loss: 0.3815027 Test Loss: 0.3997146
EarlyStopping counter: 1 out of 100
Updating learning rate to 1.1972515182562034e-06
Epoch: 46 cost time: 2.5218734741210938
Epoch: 46, Steps: 63 | Train Loss: 0.6343576 Vali Loss: 0.3814938 Test Loss: 0.3997052
EarlyStopping counter: 2 out of 100
Updating learning rate to 1.077526366430583e-06
Epoch: 47 cost time: 2.514864444732666
Epoch: 47, Steps: 63 | Train Loss: 0.6347994 Vali Loss: 0.3815166 Test Loss: 0.3997058
EarlyStopping counter: 3 out of 100
Updating learning rate to 9.697737297875248e-07
Epoch: 48 cost time: 2.530742883682251
Epoch: 48, Steps: 63 | Train Loss: 0.6330043 Vali Loss: 0.3813556 Test Loss: 0.3997007
Validation loss decreased (0.381405 --> 0.381356).  Saving model ...
Updating learning rate to 8.727963568087723e-07
Epoch: 49 cost time: 2.5389528274536133
Epoch: 49, Steps: 63 | Train Loss: 0.6348167 Vali Loss: 0.3809839 Test Loss: 0.3996990
Validation loss decreased (0.381356 --> 0.380984).  Saving model ...
Updating learning rate to 7.855167211278951e-07
Epoch: 50 cost time: 2.5130093097686768
Epoch: 50, Steps: 63 | Train Loss: 0.6355228 Vali Loss: 0.3814788 Test Loss: 0.3997011
EarlyStopping counter: 1 out of 100
Updating learning rate to 7.069650490151056e-07
Epoch: 51 cost time: 2.5103392601013184
Epoch: 51, Steps: 63 | Train Loss: 0.6337355 Vali Loss: 0.3814571 Test Loss: 0.3996915
EarlyStopping counter: 2 out of 100
Updating learning rate to 6.36268544113595e-07
Epoch: 52 cost time: 2.5188539028167725
Epoch: 52, Steps: 63 | Train Loss: 0.6334007 Vali Loss: 0.3812745 Test Loss: 0.3996895
EarlyStopping counter: 3 out of 100
Updating learning rate to 5.726416897022355e-07
Epoch: 53 cost time: 2.556673288345337
Epoch: 53, Steps: 63 | Train Loss: 0.6347301 Vali Loss: 0.3811046 Test Loss: 0.3996893
EarlyStopping counter: 4 out of 100
Updating learning rate to 5.15377520732012e-07
Epoch: 54 cost time: 2.5851926803588867
Epoch: 54, Steps: 63 | Train Loss: 0.6325422 Vali Loss: 0.3813993 Test Loss: 0.3996906
EarlyStopping counter: 5 out of 100
Updating learning rate to 4.6383976865881085e-07
Epoch: 55 cost time: 2.6244404315948486
Epoch: 55, Steps: 63 | Train Loss: 0.6334198 Vali Loss: 0.3814171 Test Loss: 0.3996873
EarlyStopping counter: 6 out of 100
Updating learning rate to 4.174557917929298e-07
Epoch: 56 cost time: 2.558107614517212
Epoch: 56, Steps: 63 | Train Loss: 0.6347645 Vali Loss: 0.3814604 Test Loss: 0.3996857
EarlyStopping counter: 7 out of 100
Updating learning rate to 3.7571021261363677e-07
Epoch: 57 cost time: 2.64805269241333
Epoch: 57, Steps: 63 | Train Loss: 0.6349824 Vali Loss: 0.3810829 Test Loss: 0.3996858
EarlyStopping counter: 8 out of 100
Updating learning rate to 3.381391913522731e-07
Epoch: 58 cost time: 2.522871732711792
Epoch: 58, Steps: 63 | Train Loss: 0.6343402 Vali Loss: 0.3814196 Test Loss: 0.3996897
EarlyStopping counter: 9 out of 100
Updating learning rate to 3.043252722170458e-07
Epoch: 59 cost time: 2.5389938354492188
Epoch: 59, Steps: 63 | Train Loss: 0.6331627 Vali Loss: 0.3814057 Test Loss: 0.3996881
EarlyStopping counter: 10 out of 100
Updating learning rate to 2.7389274499534124e-07
Epoch: 60 cost time: 2.586048126220703
Epoch: 60, Steps: 63 | Train Loss: 0.6336607 Vali Loss: 0.3814299 Test Loss: 0.3996924
EarlyStopping counter: 11 out of 100
Updating learning rate to 2.465034704958071e-07
Epoch: 61 cost time: 2.5290582180023193
Epoch: 61, Steps: 63 | Train Loss: 0.6314730 Vali Loss: 0.3814374 Test Loss: 0.3996842
EarlyStopping counter: 12 out of 100
Updating learning rate to 2.218531234462264e-07
Epoch: 62 cost time: 2.5420281887054443
Epoch: 62, Steps: 63 | Train Loss: 0.6339128 Vali Loss: 0.3814061 Test Loss: 0.3996809
EarlyStopping counter: 13 out of 100
Updating learning rate to 1.9966781110160376e-07
Epoch: 63 cost time: 2.5637247562408447
Epoch: 63, Steps: 63 | Train Loss: 0.6332392 Vali Loss: 0.3814262 Test Loss: 0.3996828
EarlyStopping counter: 14 out of 100
Updating learning rate to 1.797010299914434e-07
Epoch: 64 cost time: 2.5105340480804443
Epoch: 64, Steps: 63 | Train Loss: 0.6335159 Vali Loss: 0.3814089 Test Loss: 0.3996790
EarlyStopping counter: 15 out of 100
Updating learning rate to 1.6173092699229907e-07
Epoch: 65 cost time: 2.5051000118255615
Epoch: 65, Steps: 63 | Train Loss: 0.6339057 Vali Loss: 0.3814267 Test Loss: 0.3996842
EarlyStopping counter: 16 out of 100
Updating learning rate to 1.4555783429306916e-07
Epoch: 66 cost time: 2.5015528202056885
Epoch: 66, Steps: 63 | Train Loss: 0.6332391 Vali Loss: 0.3813131 Test Loss: 0.3996829
EarlyStopping counter: 17 out of 100
Updating learning rate to 1.3100205086376224e-07
Epoch: 67 cost time: 2.50321626663208
Epoch: 67, Steps: 63 | Train Loss: 0.6348105 Vali Loss: 0.3813695 Test Loss: 0.3996845
EarlyStopping counter: 18 out of 100
Updating learning rate to 1.1790184577738603e-07
Epoch: 68 cost time: 2.5095791816711426
Epoch: 68, Steps: 63 | Train Loss: 0.6344123 Vali Loss: 0.3813353 Test Loss: 0.3996817
EarlyStopping counter: 19 out of 100
Updating learning rate to 1.0611166119964742e-07
Epoch: 69 cost time: 2.5269691944122314
Epoch: 69, Steps: 63 | Train Loss: 0.6329062 Vali Loss: 0.3813113 Test Loss: 0.3996821
EarlyStopping counter: 20 out of 100
Updating learning rate to 9.550049507968268e-08
Epoch: 70 cost time: 2.5716300010681152
Epoch: 70, Steps: 63 | Train Loss: 0.6337904 Vali Loss: 0.3814220 Test Loss: 0.3996798
EarlyStopping counter: 21 out of 100
Updating learning rate to 8.595044557171442e-08
Epoch: 71 cost time: 2.5619542598724365
Epoch: 71, Steps: 63 | Train Loss: 0.6331150 Vali Loss: 0.3813953 Test Loss: 0.3996844
EarlyStopping counter: 22 out of 100
Updating learning rate to 7.735540101454298e-08
Epoch: 72 cost time: 2.529646158218384
Epoch: 72, Steps: 63 | Train Loss: 0.6338537 Vali Loss: 0.3813700 Test Loss: 0.3996803
EarlyStopping counter: 23 out of 100
Updating learning rate to 6.961986091308869e-08
Epoch: 73 cost time: 2.5061933994293213
Epoch: 73, Steps: 63 | Train Loss: 0.6325069 Vali Loss: 0.3813238 Test Loss: 0.3996796
EarlyStopping counter: 24 out of 100
Updating learning rate to 6.265787482177981e-08
Epoch: 74 cost time: 2.5276196002960205
Epoch: 74, Steps: 63 | Train Loss: 0.6346896 Vali Loss: 0.3814116 Test Loss: 0.3996777
EarlyStopping counter: 25 out of 100
Updating learning rate to 5.639208733960184e-08
Epoch: 75 cost time: 2.5308425426483154
Epoch: 75, Steps: 63 | Train Loss: 0.6339813 Vali Loss: 0.3814069 Test Loss: 0.3996819
EarlyStopping counter: 26 out of 100
Updating learning rate to 5.075287860564165e-08
Epoch: 76 cost time: 2.504084348678589
Epoch: 76, Steps: 63 | Train Loss: 0.6337652 Vali Loss: 0.3813568 Test Loss: 0.3996823
EarlyStopping counter: 27 out of 100
Updating learning rate to 4.567759074507749e-08
Epoch: 77 cost time: 2.5070078372955322
Epoch: 77, Steps: 63 | Train Loss: 0.6354163 Vali Loss: 0.3814077 Test Loss: 0.3996795
EarlyStopping counter: 28 out of 100
Updating learning rate to 4.1109831670569744e-08
Epoch: 78 cost time: 2.532902956008911
Epoch: 78, Steps: 63 | Train Loss: 0.6339151 Vali Loss: 0.3814177 Test Loss: 0.3996774
EarlyStopping counter: 29 out of 100
Updating learning rate to 3.6998848503512764e-08
Epoch: 79 cost time: 2.603477954864502
Epoch: 79, Steps: 63 | Train Loss: 0.6340013 Vali Loss: 0.3813557 Test Loss: 0.3996804
EarlyStopping counter: 30 out of 100
Updating learning rate to 3.3298963653161496e-08
Epoch: 80 cost time: 2.5088119506835938
Epoch: 80, Steps: 63 | Train Loss: 0.6344532 Vali Loss: 0.3813421 Test Loss: 0.3996771
EarlyStopping counter: 31 out of 100
Updating learning rate to 2.996906728784534e-08
Epoch: 81 cost time: 2.571939468383789
Epoch: 81, Steps: 63 | Train Loss: 0.6352024 Vali Loss: 0.3814273 Test Loss: 0.3996778
EarlyStopping counter: 32 out of 100
Updating learning rate to 2.697216055906081e-08
Epoch: 82 cost time: 2.499847412109375
Epoch: 82, Steps: 63 | Train Loss: 0.6328000 Vali Loss: 0.3813536 Test Loss: 0.3996799
EarlyStopping counter: 33 out of 100
Updating learning rate to 2.427494450315473e-08
Epoch: 83 cost time: 2.5258162021636963
Epoch: 83, Steps: 63 | Train Loss: 0.6346211 Vali Loss: 0.3814156 Test Loss: 0.3996765
EarlyStopping counter: 34 out of 100
Updating learning rate to 2.1847450052839257e-08
Epoch: 84 cost time: 2.505215644836426
Epoch: 84, Steps: 63 | Train Loss: 0.6343590 Vali Loss: 0.3813879 Test Loss: 0.3996779
EarlyStopping counter: 35 out of 100
Updating learning rate to 1.9662705047555332e-08
Epoch: 85 cost time: 2.533787488937378
Epoch: 85, Steps: 63 | Train Loss: 0.6333541 Vali Loss: 0.3813975 Test Loss: 0.3996821
EarlyStopping counter: 36 out of 100
Updating learning rate to 1.7696434542799797e-08
Epoch: 86 cost time: 2.630269765853882
Epoch: 86, Steps: 63 | Train Loss: 0.6349821 Vali Loss: 0.3813907 Test Loss: 0.3996781
EarlyStopping counter: 37 out of 100
Updating learning rate to 1.5926791088519817e-08
Epoch: 87 cost time: 2.582315683364868
Epoch: 87, Steps: 63 | Train Loss: 0.6343817 Vali Loss: 0.3814330 Test Loss: 0.3996814
EarlyStopping counter: 38 out of 100
Updating learning rate to 1.4334111979667836e-08
Epoch: 88 cost time: 2.5008363723754883
Epoch: 88, Steps: 63 | Train Loss: 0.6338769 Vali Loss: 0.3813818 Test Loss: 0.3996800
EarlyStopping counter: 39 out of 100
Updating learning rate to 1.2900700781701054e-08
Epoch: 89 cost time: 2.508256435394287
Epoch: 89, Steps: 63 | Train Loss: 0.6343595 Vali Loss: 0.3814034 Test Loss: 0.3996770
EarlyStopping counter: 40 out of 100
Updating learning rate to 1.161063070353095e-08
Epoch: 90 cost time: 2.5096380710601807
Epoch: 90, Steps: 63 | Train Loss: 0.6341596 Vali Loss: 0.3814160 Test Loss: 0.3996773
EarlyStopping counter: 41 out of 100
Updating learning rate to 1.0449567633177854e-08
Epoch: 91 cost time: 2.500298500061035
Epoch: 91, Steps: 63 | Train Loss: 0.6347401 Vali Loss: 0.3812301 Test Loss: 0.3996761
EarlyStopping counter: 42 out of 100
Updating learning rate to 9.404610869860069e-09
Epoch: 92 cost time: 2.4978201389312744
Epoch: 92, Steps: 63 | Train Loss: 0.6340877 Vali Loss: 0.3813697 Test Loss: 0.3996800
EarlyStopping counter: 43 out of 100
Updating learning rate to 8.464149782874063e-09
Epoch: 93 cost time: 2.5221710205078125
Epoch: 93, Steps: 63 | Train Loss: 0.6344162 Vali Loss: 0.3813915 Test Loss: 0.3996786
EarlyStopping counter: 44 out of 100
Updating learning rate to 7.617734804586658e-09
Epoch: 94 cost time: 2.508800506591797
Epoch: 94, Steps: 63 | Train Loss: 0.6330323 Vali Loss: 0.3811132 Test Loss: 0.3996781
EarlyStopping counter: 45 out of 100
Updating learning rate to 6.855961324127991e-09
Epoch: 95 cost time: 2.5048975944519043
Epoch: 95, Steps: 63 | Train Loss: 0.6342506 Vali Loss: 0.3814200 Test Loss: 0.3996792
EarlyStopping counter: 46 out of 100
Updating learning rate to 6.170365191715193e-09
Epoch: 96 cost time: 2.5012805461883545
Epoch: 96, Steps: 63 | Train Loss: 0.6339693 Vali Loss: 0.3813966 Test Loss: 0.3996767
EarlyStopping counter: 47 out of 100
Updating learning rate to 5.5533286725436726e-09
Epoch: 97 cost time: 2.4975032806396484
Epoch: 97, Steps: 63 | Train Loss: 0.6348051 Vali Loss: 0.3813482 Test Loss: 0.3996771
EarlyStopping counter: 48 out of 100
Updating learning rate to 4.997995805289306e-09
Epoch: 98 cost time: 2.5120668411254883
Epoch: 98, Steps: 63 | Train Loss: 0.6329712 Vali Loss: 0.3814103 Test Loss: 0.3996831
EarlyStopping counter: 49 out of 100
Updating learning rate to 4.498196224760375e-09
Epoch: 99 cost time: 2.5072128772735596
Epoch: 99, Steps: 63 | Train Loss: 0.6339156 Vali Loss: 0.3814006 Test Loss: 0.3996841
EarlyStopping counter: 50 out of 100
Updating learning rate to 4.048376602284338e-09
Epoch: 100 cost time: 2.518038272857666
Epoch: 100, Steps: 63 | Train Loss: 0.6334953 Vali Loss: 0.3814311 Test Loss: 0.3996819
EarlyStopping counter: 51 out of 100
Updating learning rate to 3.643538942055904e-09
>>>>>>>testing : CMS3_etth2_336_192_PatchTST_ETTh2_ftM_sl336_ll48_pl192_dm16_nh4_el3_dl1_df128_fc1_ebtimeF_dtTrue_Exp_0<<<<<<<<<<<<<<<<<<<<<<<<<<<<<<<<<
test 2689
mse:0.39807552099227905, mae:0.4290751516819, rse:0.5059228539466858
Args in experiment:
Namespace(random_seed=2021, is_training=1, model_id='CMS3_etth2_336_336', model='PatchTST', data='ETTh2', root_path='./dataset/', data_path='ETTh2.csv', features='M', target='OT', freq='h', checkpoints='./checkpoints/', seq_len=336, label_len=48, pred_len=336, head_type='cms3', fc_dropout=0.3, head_dropout=0.0, patch_len=16, stride=8, padding_patch='end', revin=1, affine=0, subtract_last=0, decomposition=0, kernel_size=25, individual=0, embed_type=0, enc_in=7, dec_in=7, c_out=7, d_model=16, n_heads=4, e_layers=3, d_layers=1, d_ff=128, moving_avg=25, factor=1, distil=True, dropout=0.3, embed='timeF', activation='gelu', output_attention=False, do_predict=False, num_workers=0, itr=1, train_epochs=100, batch_size=128, patience=100, learning_rate=0.0001, des='Exp', loss='mse', lradj='type3', pct_start=0.3, use_amp=False, use_gpu=True, gpu=0, use_multi_gpu=False, devices='0,1,2,3', test_flop=False)
Use GPU: cuda:0
>>>>>>>start training : CMS3_etth2_336_336_PatchTST_ETTh2_ftM_sl336_ll48_pl336_dm16_nh4_el3_dl1_df128_fc1_ebtimeF_dtTrue_Exp_0>>>>>>>>>>>>>>>>>>>>>>>>>>
train 7969
val 2545
test 2545
Epoch: 1 cost time: 2.2423343658447266
Epoch: 1, Steps: 62 | Train Loss: 0.7184541 Vali Loss: 0.4764441 Test Loss: 0.3601485
Validation loss decreased (inf --> 0.476444).  Saving model ...
Updating learning rate to 0.0001
Epoch: 2 cost time: 1.8370561599731445
Epoch: 2, Steps: 62 | Train Loss: 0.7175397 Vali Loss: 0.4778312 Test Loss: 0.3599762
EarlyStopping counter: 1 out of 100
Updating learning rate to 0.0001
Epoch: 3 cost time: 1.8424873352050781
Epoch: 3, Steps: 62 | Train Loss: 0.7173295 Vali Loss: 0.4751411 Test Loss: 0.3598233
Validation loss decreased (0.476444 --> 0.475141).  Saving model ...
Updating learning rate to 0.0001
Epoch: 4 cost time: 1.8466219902038574
Epoch: 4, Steps: 62 | Train Loss: 0.7155942 Vali Loss: 0.4737794 Test Loss: 0.3596916
Validation loss decreased (0.475141 --> 0.473779).  Saving model ...
Updating learning rate to 9e-05
Epoch: 5 cost time: 1.8354759216308594
Epoch: 5, Steps: 62 | Train Loss: 0.7150978 Vali Loss: 0.4721994 Test Loss: 0.3595841
Validation loss decreased (0.473779 --> 0.472199).  Saving model ...
Updating learning rate to 8.1e-05
Epoch: 6 cost time: 1.8354225158691406
Epoch: 6, Steps: 62 | Train Loss: 0.7150120 Vali Loss: 0.4724134 Test Loss: 0.3595048
EarlyStopping counter: 1 out of 100
Updating learning rate to 7.290000000000001e-05
Epoch: 7 cost time: 1.849402904510498
Epoch: 7, Steps: 62 | Train Loss: 0.7142146 Vali Loss: 0.4735641 Test Loss: 0.3594433
EarlyStopping counter: 2 out of 100
Updating learning rate to 6.561e-05
Epoch: 8 cost time: 1.8374385833740234
Epoch: 8, Steps: 62 | Train Loss: 0.7135846 Vali Loss: 0.4732159 Test Loss: 0.3593928
EarlyStopping counter: 3 out of 100
Updating learning rate to 5.904900000000001e-05
Epoch: 9 cost time: 1.8485453128814697
Epoch: 9, Steps: 62 | Train Loss: 0.7122965 Vali Loss: 0.4703522 Test Loss: 0.3593529
Validation loss decreased (0.472199 --> 0.470352).  Saving model ...
Updating learning rate to 5.3144100000000005e-05
Epoch: 10 cost time: 1.8377184867858887
Epoch: 10, Steps: 62 | Train Loss: 0.7131829 Vali Loss: 0.4731852 Test Loss: 0.3593134
EarlyStopping counter: 1 out of 100
Updating learning rate to 4.782969000000001e-05
Epoch: 11 cost time: 1.8424313068389893
Epoch: 11, Steps: 62 | Train Loss: 0.7125424 Vali Loss: 0.4690408 Test Loss: 0.3592883
Validation loss decreased (0.470352 --> 0.469041).  Saving model ...
Updating learning rate to 4.304672100000001e-05
Epoch: 12 cost time: 1.8420627117156982
Epoch: 12, Steps: 62 | Train Loss: 0.7130201 Vali Loss: 0.4662572 Test Loss: 0.3592627
Validation loss decreased (0.469041 --> 0.466257).  Saving model ...
Updating learning rate to 3.874204890000001e-05
Epoch: 13 cost time: 1.840613603591919
Epoch: 13, Steps: 62 | Train Loss: 0.7103644 Vali Loss: 0.4702853 Test Loss: 0.3592406
EarlyStopping counter: 1 out of 100
Updating learning rate to 3.486784401000001e-05
Epoch: 14 cost time: 1.891434669494629
Epoch: 14, Steps: 62 | Train Loss: 0.7109207 Vali Loss: 0.4653412 Test Loss: 0.3592215
Validation loss decreased (0.466257 --> 0.465341).  Saving model ...
Updating learning rate to 3.138105960900001e-05
Epoch: 15 cost time: 1.8454315662384033
Epoch: 15, Steps: 62 | Train Loss: 0.7118904 Vali Loss: 0.4674048 Test Loss: 0.3592071
EarlyStopping counter: 1 out of 100
Updating learning rate to 2.824295364810001e-05
Epoch: 16 cost time: 1.8414700031280518
Epoch: 16, Steps: 62 | Train Loss: 0.7109224 Vali Loss: 0.4653032 Test Loss: 0.3591923
Validation loss decreased (0.465341 --> 0.465303).  Saving model ...
Updating learning rate to 2.541865828329001e-05
Epoch: 17 cost time: 1.8905236721038818
Epoch: 17, Steps: 62 | Train Loss: 0.7098438 Vali Loss: 0.4704484 Test Loss: 0.3591810
EarlyStopping counter: 1 out of 100
Updating learning rate to 2.287679245496101e-05
Epoch: 18 cost time: 1.8885524272918701
Epoch: 18, Steps: 62 | Train Loss: 0.7098075 Vali Loss: 0.4687627 Test Loss: 0.3591718
EarlyStopping counter: 2 out of 100
Updating learning rate to 2.0589113209464907e-05
Epoch: 19 cost time: 1.8794889450073242
Epoch: 19, Steps: 62 | Train Loss: 0.7113351 Vali Loss: 0.4682795 Test Loss: 0.3591621
EarlyStopping counter: 3 out of 100
Updating learning rate to 1.8530201888518416e-05
Epoch: 20 cost time: 1.852043867111206
Epoch: 20, Steps: 62 | Train Loss: 0.7118225 Vali Loss: 0.4684125 Test Loss: 0.3591540
EarlyStopping counter: 4 out of 100
Updating learning rate to 1.6677181699666577e-05
Epoch: 21 cost time: 1.8439555168151855
Epoch: 21, Steps: 62 | Train Loss: 0.7116586 Vali Loss: 0.4668397 Test Loss: 0.3591463
EarlyStopping counter: 5 out of 100
Updating learning rate to 1.5009463529699919e-05
Epoch: 22 cost time: 1.8434360027313232
Epoch: 22, Steps: 62 | Train Loss: 0.7108371 Vali Loss: 0.4659508 Test Loss: 0.3591439
EarlyStopping counter: 6 out of 100
Updating learning rate to 1.3508517176729929e-05
Epoch: 23 cost time: 1.8398284912109375
Epoch: 23, Steps: 62 | Train Loss: 0.7111928 Vali Loss: 0.4696205 Test Loss: 0.3591346
EarlyStopping counter: 7 out of 100
Updating learning rate to 1.2157665459056936e-05
Epoch: 24 cost time: 1.8423290252685547
Epoch: 24, Steps: 62 | Train Loss: 0.7110348 Vali Loss: 0.4664804 Test Loss: 0.3591329
EarlyStopping counter: 8 out of 100
Updating learning rate to 1.0941898913151242e-05
Epoch: 25 cost time: 1.8461799621582031
Epoch: 25, Steps: 62 | Train Loss: 0.7104247 Vali Loss: 0.4659455 Test Loss: 0.3591276
EarlyStopping counter: 9 out of 100
Updating learning rate to 9.847709021836118e-06
Epoch: 26 cost time: 1.8487436771392822
Epoch: 26, Steps: 62 | Train Loss: 0.7096729 Vali Loss: 0.4676467 Test Loss: 0.3591230
EarlyStopping counter: 10 out of 100
Updating learning rate to 8.862938119652508e-06
Epoch: 27 cost time: 1.841691255569458
Epoch: 27, Steps: 62 | Train Loss: 0.7097173 Vali Loss: 0.4662883 Test Loss: 0.3591222
EarlyStopping counter: 11 out of 100
Updating learning rate to 7.976644307687255e-06
Epoch: 28 cost time: 1.8457894325256348
Epoch: 28, Steps: 62 | Train Loss: 0.7101312 Vali Loss: 0.4663952 Test Loss: 0.3591174
EarlyStopping counter: 12 out of 100
Updating learning rate to 7.178979876918531e-06
Epoch: 29 cost time: 1.8566327095031738
Epoch: 29, Steps: 62 | Train Loss: 0.7107890 Vali Loss: 0.4668253 Test Loss: 0.3591151
EarlyStopping counter: 13 out of 100
Updating learning rate to 6.4610818892266776e-06
Epoch: 30 cost time: 1.8454461097717285
Epoch: 30, Steps: 62 | Train Loss: 0.7106470 Vali Loss: 0.4661843 Test Loss: 0.3591113
EarlyStopping counter: 14 out of 100
Updating learning rate to 5.8149737003040096e-06
Epoch: 31 cost time: 1.8461580276489258
Epoch: 31, Steps: 62 | Train Loss: 0.7097359 Vali Loss: 0.4684773 Test Loss: 0.3591118
EarlyStopping counter: 15 out of 100
Updating learning rate to 5.23347633027361e-06
Epoch: 32 cost time: 1.8541374206542969
Epoch: 32, Steps: 62 | Train Loss: 0.7104455 Vali Loss: 0.4650509 Test Loss: 0.3591079
Validation loss decreased (0.465303 --> 0.465051).  Saving model ...
Updating learning rate to 4.710128697246249e-06
Epoch: 33 cost time: 1.8451306819915771
Epoch: 33, Steps: 62 | Train Loss: 0.7092968 Vali Loss: 0.4664967 Test Loss: 0.3591040
EarlyStopping counter: 1 out of 100
Updating learning rate to 4.239115827521624e-06
Epoch: 34 cost time: 2.0657100677490234
Epoch: 34, Steps: 62 | Train Loss: 0.7092069 Vali Loss: 0.4657246 Test Loss: 0.3591039
EarlyStopping counter: 2 out of 100
Updating learning rate to 3.815204244769462e-06
Epoch: 35 cost time: 1.8369035720825195
Epoch: 35, Steps: 62 | Train Loss: 0.7106655 Vali Loss: 0.4661746 Test Loss: 0.3591021
EarlyStopping counter: 3 out of 100
Updating learning rate to 3.4336838202925152e-06
Epoch: 36 cost time: 1.8372418880462646
Epoch: 36, Steps: 62 | Train Loss: 0.7086245 Vali Loss: 0.4671480 Test Loss: 0.3591025
EarlyStopping counter: 4 out of 100
Updating learning rate to 3.090315438263264e-06
Epoch: 37 cost time: 1.8501017093658447
Epoch: 37, Steps: 62 | Train Loss: 0.7093122 Vali Loss: 0.4665605 Test Loss: 0.3591018
EarlyStopping counter: 5 out of 100
Updating learning rate to 2.7812838944369375e-06
Epoch: 38 cost time: 1.8586766719818115
Epoch: 38, Steps: 62 | Train Loss: 0.7098698 Vali Loss: 0.4670804 Test Loss: 0.3590994
EarlyStopping counter: 6 out of 100
Updating learning rate to 2.503155504993244e-06
Epoch: 39 cost time: 1.882779598236084
Epoch: 39, Steps: 62 | Train Loss: 0.7112257 Vali Loss: 0.4638588 Test Loss: 0.3590980
Validation loss decreased (0.465051 --> 0.463859).  Saving model ...
Updating learning rate to 2.2528399544939195e-06
Epoch: 40 cost time: 1.8727383613586426
Epoch: 40, Steps: 62 | Train Loss: 0.7106674 Vali Loss: 0.4653741 Test Loss: 0.3590993
EarlyStopping counter: 1 out of 100
Updating learning rate to 2.0275559590445276e-06
Epoch: 41 cost time: 1.8380157947540283
Epoch: 41, Steps: 62 | Train Loss: 0.7085049 Vali Loss: 0.4658094 Test Loss: 0.3590976
EarlyStopping counter: 2 out of 100
Updating learning rate to 1.8248003631400751e-06
Epoch: 42 cost time: 1.851576328277588
Epoch: 42, Steps: 62 | Train Loss: 0.7098372 Vali Loss: 0.4663365 Test Loss: 0.3590969
EarlyStopping counter: 3 out of 100
Updating learning rate to 1.6423203268260676e-06
Epoch: 43 cost time: 1.8400843143463135
Epoch: 43, Steps: 62 | Train Loss: 0.7097901 Vali Loss: 0.4671703 Test Loss: 0.3590949
EarlyStopping counter: 4 out of 100
Updating learning rate to 1.4780882941434609e-06
Epoch: 44 cost time: 1.8391485214233398
Epoch: 44, Steps: 62 | Train Loss: 0.7102511 Vali Loss: 0.4643189 Test Loss: 0.3590959
EarlyStopping counter: 5 out of 100
Updating learning rate to 1.3302794647291146e-06
Epoch: 45 cost time: 1.8380367755889893
Epoch: 45, Steps: 62 | Train Loss: 0.7099346 Vali Loss: 0.4652958 Test Loss: 0.3590967
EarlyStopping counter: 6 out of 100
Updating learning rate to 1.1972515182562034e-06
Epoch: 46 cost time: 1.8418405055999756
Epoch: 46, Steps: 62 | Train Loss: 0.7105129 Vali Loss: 0.4664500 Test Loss: 0.3590950
EarlyStopping counter: 7 out of 100
Updating learning rate to 1.077526366430583e-06
Epoch: 47 cost time: 1.8439860343933105
Epoch: 47, Steps: 62 | Train Loss: 0.7108497 Vali Loss: 0.4646626 Test Loss: 0.3590942
EarlyStopping counter: 8 out of 100
Updating learning rate to 9.697737297875248e-07
Epoch: 48 cost time: 1.8397161960601807
Epoch: 48, Steps: 62 | Train Loss: 0.7082785 Vali Loss: 0.4664491 Test Loss: 0.3590942
EarlyStopping counter: 9 out of 100
Updating learning rate to 8.727963568087723e-07
Epoch: 49 cost time: 1.844813346862793
Epoch: 49, Steps: 62 | Train Loss: 0.7102272 Vali Loss: 0.4663062 Test Loss: 0.3590942
EarlyStopping counter: 10 out of 100
Updating learning rate to 7.855167211278951e-07
Epoch: 50 cost time: 1.8352649211883545
Epoch: 50, Steps: 62 | Train Loss: 0.7082692 Vali Loss: 0.4640369 Test Loss: 0.3590944
EarlyStopping counter: 11 out of 100
Updating learning rate to 7.069650490151056e-07
Epoch: 51 cost time: 1.8618590831756592
Epoch: 51, Steps: 62 | Train Loss: 0.7097534 Vali Loss: 0.4663384 Test Loss: 0.3590933
EarlyStopping counter: 12 out of 100
Updating learning rate to 6.36268544113595e-07
Epoch: 52 cost time: 1.8403313159942627
Epoch: 52, Steps: 62 | Train Loss: 0.7098101 Vali Loss: 0.4650702 Test Loss: 0.3590950
EarlyStopping counter: 13 out of 100
Updating learning rate to 5.726416897022355e-07
Epoch: 53 cost time: 1.84525728225708
Epoch: 53, Steps: 62 | Train Loss: 0.7101938 Vali Loss: 0.4642583 Test Loss: 0.3590917
EarlyStopping counter: 14 out of 100
Updating learning rate to 5.15377520732012e-07
Epoch: 54 cost time: 1.8431546688079834
Epoch: 54, Steps: 62 | Train Loss: 0.7100364 Vali Loss: 0.4654433 Test Loss: 0.3590922
EarlyStopping counter: 15 out of 100
Updating learning rate to 4.6383976865881085e-07
Epoch: 55 cost time: 1.845001220703125
Epoch: 55, Steps: 62 | Train Loss: 0.7100472 Vali Loss: 0.4656217 Test Loss: 0.3590915
EarlyStopping counter: 16 out of 100
Updating learning rate to 4.174557917929298e-07
Epoch: 56 cost time: 1.8512718677520752
Epoch: 56, Steps: 62 | Train Loss: 0.7096180 Vali Loss: 0.4648705 Test Loss: 0.3590913
EarlyStopping counter: 17 out of 100
Updating learning rate to 3.7571021261363677e-07
Epoch: 57 cost time: 1.8403167724609375
Epoch: 57, Steps: 62 | Train Loss: 0.7100081 Vali Loss: 0.4670584 Test Loss: 0.3590909
EarlyStopping counter: 18 out of 100
Updating learning rate to 3.381391913522731e-07
Epoch: 58 cost time: 1.840484857559204
Epoch: 58, Steps: 62 | Train Loss: 0.7085683 Vali Loss: 0.4653935 Test Loss: 0.3590914
EarlyStopping counter: 19 out of 100
Updating learning rate to 3.043252722170458e-07
Epoch: 59 cost time: 1.8550171852111816
Epoch: 59, Steps: 62 | Train Loss: 0.7102244 Vali Loss: 0.4664421 Test Loss: 0.3590914
EarlyStopping counter: 20 out of 100
Updating learning rate to 2.7389274499534124e-07
Epoch: 60 cost time: 1.9181206226348877
Epoch: 60, Steps: 62 | Train Loss: 0.7108363 Vali Loss: 0.4655581 Test Loss: 0.3590926
EarlyStopping counter: 21 out of 100
Updating learning rate to 2.465034704958071e-07
Epoch: 61 cost time: 1.8547048568725586
Epoch: 61, Steps: 62 | Train Loss: 0.7090951 Vali Loss: 0.4684497 Test Loss: 0.3590898
EarlyStopping counter: 22 out of 100
Updating learning rate to 2.218531234462264e-07
Epoch: 62 cost time: 1.890160083770752
Epoch: 62, Steps: 62 | Train Loss: 0.7098267 Vali Loss: 0.4640766 Test Loss: 0.3590897
EarlyStopping counter: 23 out of 100
Updating learning rate to 1.9966781110160376e-07
Epoch: 63 cost time: 1.838956356048584
Epoch: 63, Steps: 62 | Train Loss: 0.7090753 Vali Loss: 0.4645765 Test Loss: 0.3590921
EarlyStopping counter: 24 out of 100
Updating learning rate to 1.797010299914434e-07
Epoch: 64 cost time: 1.9045519828796387
Epoch: 64, Steps: 62 | Train Loss: 0.7108223 Vali Loss: 0.4670458 Test Loss: 0.3590919
EarlyStopping counter: 25 out of 100
Updating learning rate to 1.6173092699229907e-07
Epoch: 65 cost time: 1.8448710441589355
Epoch: 65, Steps: 62 | Train Loss: 0.7075950 Vali Loss: 0.4671805 Test Loss: 0.3590898
EarlyStopping counter: 26 out of 100
Updating learning rate to 1.4555783429306916e-07
Epoch: 66 cost time: 1.8491992950439453
Epoch: 66, Steps: 62 | Train Loss: 0.7094176 Vali Loss: 0.4669664 Test Loss: 0.3590915
EarlyStopping counter: 27 out of 100
Updating learning rate to 1.3100205086376224e-07
Epoch: 67 cost time: 1.8417894840240479
Epoch: 67, Steps: 62 | Train Loss: 0.7098824 Vali Loss: 0.4648347 Test Loss: 0.3590927
EarlyStopping counter: 28 out of 100
Updating learning rate to 1.1790184577738603e-07
Epoch: 68 cost time: 1.8477847576141357
Epoch: 68, Steps: 62 | Train Loss: 0.7104231 Vali Loss: 0.4652394 Test Loss: 0.3590902
EarlyStopping counter: 29 out of 100
Updating learning rate to 1.0611166119964742e-07
Epoch: 69 cost time: 1.8508875370025635
Epoch: 69, Steps: 62 | Train Loss: 0.7094318 Vali Loss: 0.4662187 Test Loss: 0.3590924
EarlyStopping counter: 30 out of 100
Updating learning rate to 9.550049507968268e-08
Epoch: 70 cost time: 1.8498106002807617
Epoch: 70, Steps: 62 | Train Loss: 0.7109402 Vali Loss: 0.4647346 Test Loss: 0.3590901
EarlyStopping counter: 31 out of 100
Updating learning rate to 8.595044557171442e-08
Epoch: 71 cost time: 1.8425123691558838
Epoch: 71, Steps: 62 | Train Loss: 0.7100813 Vali Loss: 0.4639196 Test Loss: 0.3590913
EarlyStopping counter: 32 out of 100
Updating learning rate to 7.735540101454298e-08
Epoch: 72 cost time: 1.8494198322296143
Epoch: 72, Steps: 62 | Train Loss: 0.7103384 Vali Loss: 0.4649843 Test Loss: 0.3590953
EarlyStopping counter: 33 out of 100
Updating learning rate to 6.961986091308869e-08
Epoch: 73 cost time: 1.8432722091674805
Epoch: 73, Steps: 62 | Train Loss: 0.7094365 Vali Loss: 0.4680676 Test Loss: 0.3590897
EarlyStopping counter: 34 out of 100
Updating learning rate to 6.265787482177981e-08
Epoch: 74 cost time: 1.8419654369354248
Epoch: 74, Steps: 62 | Train Loss: 0.7103830 Vali Loss: 0.4648522 Test Loss: 0.3590919
EarlyStopping counter: 35 out of 100
Updating learning rate to 5.639208733960184e-08
Epoch: 75 cost time: 1.8510832786560059
Epoch: 75, Steps: 62 | Train Loss: 0.7081764 Vali Loss: 0.4661125 Test Loss: 0.3590919
EarlyStopping counter: 36 out of 100
Updating learning rate to 5.075287860564165e-08
Epoch: 76 cost time: 1.8445115089416504
Epoch: 76, Steps: 62 | Train Loss: 0.7090226 Vali Loss: 0.4677778 Test Loss: 0.3590912
EarlyStopping counter: 37 out of 100
Updating learning rate to 4.567759074507749e-08
Epoch: 77 cost time: 1.8421721458435059
Epoch: 77, Steps: 62 | Train Loss: 0.7090134 Vali Loss: 0.4657868 Test Loss: 0.3590907
EarlyStopping counter: 38 out of 100
Updating learning rate to 4.1109831670569744e-08
Epoch: 78 cost time: 1.8440449237823486
Epoch: 78, Steps: 62 | Train Loss: 0.7095805 Vali Loss: 0.4663710 Test Loss: 0.3590901
EarlyStopping counter: 39 out of 100
Updating learning rate to 3.6998848503512764e-08
Epoch: 79 cost time: 1.8390395641326904
Epoch: 79, Steps: 62 | Train Loss: 0.7078659 Vali Loss: 0.4661497 Test Loss: 0.3590912
EarlyStopping counter: 40 out of 100
Updating learning rate to 3.3298963653161496e-08
Epoch: 80 cost time: 1.8469979763031006
Epoch: 80, Steps: 62 | Train Loss: 0.7094219 Vali Loss: 0.4686464 Test Loss: 0.3590918
EarlyStopping counter: 41 out of 100
Updating learning rate to 2.996906728784534e-08
Epoch: 81 cost time: 1.862105369567871
Epoch: 81, Steps: 62 | Train Loss: 0.7096597 Vali Loss: 0.4657949 Test Loss: 0.3590902
EarlyStopping counter: 42 out of 100
Updating learning rate to 2.697216055906081e-08
Epoch: 82 cost time: 1.8949127197265625
Epoch: 82, Steps: 62 | Train Loss: 0.7101266 Vali Loss: 0.4669192 Test Loss: 0.3590904
EarlyStopping counter: 43 out of 100
Updating learning rate to 2.427494450315473e-08
Epoch: 83 cost time: 1.8950419425964355
Epoch: 83, Steps: 62 | Train Loss: 0.7106587 Vali Loss: 0.4670201 Test Loss: 0.3590910
EarlyStopping counter: 44 out of 100
Updating learning rate to 2.1847450052839257e-08
Epoch: 84 cost time: 1.8794224262237549
Epoch: 84, Steps: 62 | Train Loss: 0.7096013 Vali Loss: 0.4649454 Test Loss: 0.3590907
EarlyStopping counter: 45 out of 100
Updating learning rate to 1.9662705047555332e-08
Epoch: 85 cost time: 1.8527343273162842
Epoch: 85, Steps: 62 | Train Loss: 0.7103092 Vali Loss: 0.4665953 Test Loss: 0.3590890
EarlyStopping counter: 46 out of 100
Updating learning rate to 1.7696434542799797e-08
Epoch: 86 cost time: 1.8466849327087402
Epoch: 86, Steps: 62 | Train Loss: 0.7094520 Vali Loss: 0.4661079 Test Loss: 0.3590902
EarlyStopping counter: 47 out of 100
Updating learning rate to 1.5926791088519817e-08
Epoch: 87 cost time: 1.8485832214355469
Epoch: 87, Steps: 62 | Train Loss: 0.7093278 Vali Loss: 0.4681233 Test Loss: 0.3590918
EarlyStopping counter: 48 out of 100
Updating learning rate to 1.4334111979667836e-08
Epoch: 88 cost time: 1.8498680591583252
Epoch: 88, Steps: 62 | Train Loss: 0.7101485 Vali Loss: 0.4636288 Test Loss: 0.3590924
Validation loss decreased (0.463859 --> 0.463629).  Saving model ...
Updating learning rate to 1.2900700781701054e-08
Epoch: 89 cost time: 1.8541338443756104
Epoch: 89, Steps: 62 | Train Loss: 0.7087558 Vali Loss: 0.4662063 Test Loss: 0.3590894
EarlyStopping counter: 1 out of 100
Updating learning rate to 1.161063070353095e-08
Epoch: 90 cost time: 1.849022388458252
Epoch: 90, Steps: 62 | Train Loss: 0.7091800 Vali Loss: 0.4651643 Test Loss: 0.3590907
EarlyStopping counter: 2 out of 100
Updating learning rate to 1.0449567633177854e-08
Epoch: 91 cost time: 1.841768503189087
Epoch: 91, Steps: 62 | Train Loss: 0.7110320 Vali Loss: 0.4632207 Test Loss: 0.3590932
Validation loss decreased (0.463629 --> 0.463221).  Saving model ...
Updating learning rate to 9.404610869860069e-09
Epoch: 92 cost time: 1.8471860885620117
Epoch: 92, Steps: 62 | Train Loss: 0.7104909 Vali Loss: 0.4645536 Test Loss: 0.3590910
EarlyStopping counter: 1 out of 100
Updating learning rate to 8.464149782874063e-09
Epoch: 93 cost time: 1.8431718349456787
Epoch: 93, Steps: 62 | Train Loss: 0.7099628 Vali Loss: 0.4642690 Test Loss: 0.3590906
EarlyStopping counter: 2 out of 100
Updating learning rate to 7.617734804586658e-09
Epoch: 94 cost time: 1.8475756645202637
Epoch: 94, Steps: 62 | Train Loss: 0.7107771 Vali Loss: 0.4666337 Test Loss: 0.3590909
EarlyStopping counter: 3 out of 100
Updating learning rate to 6.855961324127991e-09
Epoch: 95 cost time: 1.8533918857574463
Epoch: 95, Steps: 62 | Train Loss: 0.7106641 Vali Loss: 0.4665832 Test Loss: 0.3590906
EarlyStopping counter: 4 out of 100
Updating learning rate to 6.170365191715193e-09
Epoch: 96 cost time: 1.8888351917266846
Epoch: 96, Steps: 62 | Train Loss: 0.7109765 Vali Loss: 0.4644244 Test Loss: 0.3590896
EarlyStopping counter: 5 out of 100
Updating learning rate to 5.5533286725436726e-09
Epoch: 97 cost time: 1.8449294567108154
Epoch: 97, Steps: 62 | Train Loss: 0.7108296 Vali Loss: 0.4637985 Test Loss: 0.3590926
EarlyStopping counter: 6 out of 100
Updating learning rate to 4.997995805289306e-09
Epoch: 98 cost time: 1.8421943187713623
Epoch: 98, Steps: 62 | Train Loss: 0.7099071 Vali Loss: 0.4651231 Test Loss: 0.3590927
EarlyStopping counter: 7 out of 100
Updating learning rate to 4.498196224760375e-09
Epoch: 99 cost time: 1.8482050895690918
Epoch: 99, Steps: 62 | Train Loss: 0.7107194 Vali Loss: 0.4681589 Test Loss: 0.3590910
EarlyStopping counter: 8 out of 100
Updating learning rate to 4.048376602284338e-09
Epoch: 100 cost time: 1.8509795665740967
Epoch: 100, Steps: 62 | Train Loss: 0.7099749 Vali Loss: 0.4680968 Test Loss: 0.3590922
EarlyStopping counter: 9 out of 100
Updating learning rate to 3.643538942055904e-09
>>>>>>>testing : CMS3_etth2_336_336_PatchTST_ETTh2_ftM_sl336_ll48_pl336_dm16_nh4_el3_dl1_df128_fc1_ebtimeF_dtTrue_Exp_0<<<<<<<<<<<<<<<<<<<<<<<<<<<<<<<<<
test 2545
mse:0.3583209812641144, mae:0.4122038185596466, rse:0.4782153069972992
Args in experiment:
Namespace(random_seed=2021, is_training=1, model_id='CMS3_etth2_336_720', model='PatchTST', data='ETTh2', root_path='./dataset/', data_path='ETTh2.csv', features='M', target='OT', freq='h', checkpoints='./checkpoints/', seq_len=336, label_len=48, pred_len=720, head_type='cms3', fc_dropout=0.3, head_dropout=0.0, patch_len=16, stride=8, padding_patch='end', revin=1, affine=0, subtract_last=0, decomposition=0, kernel_size=25, individual=0, embed_type=0, enc_in=7, dec_in=7, c_out=7, d_model=16, n_heads=4, e_layers=3, d_layers=1, d_ff=128, moving_avg=25, factor=1, distil=True, dropout=0.3, embed='timeF', activation='gelu', output_attention=False, do_predict=False, num_workers=0, itr=1, train_epochs=100, batch_size=128, patience=100, learning_rate=0.0001, des='Exp', loss='mse', lradj='type3', pct_start=0.3, use_amp=False, use_gpu=True, gpu=0, use_multi_gpu=False, devices='0,1,2,3', test_flop=False)
Use GPU: cuda:0
>>>>>>>start training : CMS3_etth2_336_720_PatchTST_ETTh2_ftM_sl336_ll48_pl720_dm16_nh4_el3_dl1_df128_fc1_ebtimeF_dtTrue_Exp_0>>>>>>>>>>>>>>>>>>>>>>>>>>
train 7585
val 2161
test 2161
Epoch: 1 cost time: 2.4126994609832764
Epoch: 1, Steps: 59 | Train Loss: 0.8852319 Vali Loss: 0.7397903 Test Loss: 0.4090781
Validation loss decreased (inf --> 0.739790).  Saving model ...
Updating learning rate to 0.0001
Epoch: 2 cost time: 1.8846442699432373
Epoch: 2, Steps: 59 | Train Loss: 0.8845089 Vali Loss: 0.7395493 Test Loss: 0.4092090
Validation loss decreased (0.739790 --> 0.739549).  Saving model ...
Updating learning rate to 0.0001
Epoch: 3 cost time: 1.864710807800293
Epoch: 3, Steps: 59 | Train Loss: 0.8849258 Vali Loss: 0.7375454 Test Loss: 0.4093588
Validation loss decreased (0.739549 --> 0.737545).  Saving model ...
Updating learning rate to 0.0001
Epoch: 4 cost time: 1.8523352146148682
Epoch: 4, Steps: 59 | Train Loss: 0.8832837 Vali Loss: 0.7329961 Test Loss: 0.4095325
Validation loss decreased (0.737545 --> 0.732996).  Saving model ...
Updating learning rate to 9e-05
Epoch: 5 cost time: 1.8752329349517822
Epoch: 5, Steps: 59 | Train Loss: 0.8821833 Vali Loss: 0.7291973 Test Loss: 0.4096944
Validation loss decreased (0.732996 --> 0.729197).  Saving model ...
Updating learning rate to 8.1e-05
Epoch: 6 cost time: 1.8736228942871094
Epoch: 6, Steps: 59 | Train Loss: 0.8811094 Vali Loss: 0.7267324 Test Loss: 0.4098475
Validation loss decreased (0.729197 --> 0.726732).  Saving model ...
Updating learning rate to 7.290000000000001e-05
Epoch: 7 cost time: 1.8300399780273438
Epoch: 7, Steps: 59 | Train Loss: 0.8810498 Vali Loss: 0.7313449 Test Loss: 0.4100030
EarlyStopping counter: 1 out of 100
Updating learning rate to 6.561e-05
Epoch: 8 cost time: 1.862597942352295
Epoch: 8, Steps: 59 | Train Loss: 0.8805083 Vali Loss: 0.7311540 Test Loss: 0.4101399
EarlyStopping counter: 2 out of 100
Updating learning rate to 5.904900000000001e-05
Epoch: 9 cost time: 1.8469078540802002
Epoch: 9, Steps: 59 | Train Loss: 0.8804036 Vali Loss: 0.7276473 Test Loss: 0.4102630
EarlyStopping counter: 3 out of 100
Updating learning rate to 5.3144100000000005e-05
Epoch: 10 cost time: 1.8452918529510498
Epoch: 10, Steps: 59 | Train Loss: 0.8795336 Vali Loss: 0.7290460 Test Loss: 0.4103748
EarlyStopping counter: 4 out of 100
Updating learning rate to 4.782969000000001e-05
Epoch: 11 cost time: 1.862924575805664
Epoch: 11, Steps: 59 | Train Loss: 0.8804977 Vali Loss: 0.7270374 Test Loss: 0.4104785
EarlyStopping counter: 5 out of 100
Updating learning rate to 4.304672100000001e-05
Epoch: 12 cost time: 1.8540279865264893
Epoch: 12, Steps: 59 | Train Loss: 0.8806715 Vali Loss: 0.7227495 Test Loss: 0.4105788
Validation loss decreased (0.726732 --> 0.722749).  Saving model ...
Updating learning rate to 3.874204890000001e-05
Epoch: 13 cost time: 1.834930658340454
Epoch: 13, Steps: 59 | Train Loss: 0.8798658 Vali Loss: 0.7283866 Test Loss: 0.4106589
EarlyStopping counter: 1 out of 100
Updating learning rate to 3.486784401000001e-05
Epoch: 14 cost time: 1.839299201965332
Epoch: 14, Steps: 59 | Train Loss: 0.8799110 Vali Loss: 0.7249560 Test Loss: 0.4107369
EarlyStopping counter: 2 out of 100
Updating learning rate to 3.138105960900001e-05
Epoch: 15 cost time: 1.8351221084594727
Epoch: 15, Steps: 59 | Train Loss: 0.8790992 Vali Loss: 0.7244608 Test Loss: 0.4108008
EarlyStopping counter: 3 out of 100
Updating learning rate to 2.824295364810001e-05
Epoch: 16 cost time: 1.841071605682373
Epoch: 16, Steps: 59 | Train Loss: 0.8797987 Vali Loss: 0.7255373 Test Loss: 0.4108605
EarlyStopping counter: 4 out of 100
Updating learning rate to 2.541865828329001e-05
Epoch: 17 cost time: 1.8385326862335205
Epoch: 17, Steps: 59 | Train Loss: 0.8790044 Vali Loss: 0.7226472 Test Loss: 0.4109148
Validation loss decreased (0.722749 --> 0.722647).  Saving model ...
Updating learning rate to 2.287679245496101e-05
Epoch: 18 cost time: 1.8359267711639404
Epoch: 18, Steps: 59 | Train Loss: 0.8790303 Vali Loss: 0.7227260 Test Loss: 0.4109658
EarlyStopping counter: 1 out of 100
Updating learning rate to 2.0589113209464907e-05
Epoch: 19 cost time: 1.8309686183929443
Epoch: 19, Steps: 59 | Train Loss: 0.8782433 Vali Loss: 0.7281607 Test Loss: 0.4110153
EarlyStopping counter: 2 out of 100
Updating learning rate to 1.8530201888518416e-05
Epoch: 20 cost time: 1.8381679058074951
Epoch: 20, Steps: 59 | Train Loss: 0.8780406 Vali Loss: 0.7230686 Test Loss: 0.4110555
EarlyStopping counter: 3 out of 100
Updating learning rate to 1.6677181699666577e-05
Epoch: 21 cost time: 1.831716537475586
Epoch: 21, Steps: 59 | Train Loss: 0.8784688 Vali Loss: 0.7240134 Test Loss: 0.4110927
EarlyStopping counter: 4 out of 100
Updating learning rate to 1.5009463529699919e-05
Epoch: 22 cost time: 1.8223750591278076
Epoch: 22, Steps: 59 | Train Loss: 0.8778332 Vali Loss: 0.7234427 Test Loss: 0.4111252
EarlyStopping counter: 5 out of 100
Updating learning rate to 1.3508517176729929e-05
Epoch: 23 cost time: 1.8394150733947754
Epoch: 23, Steps: 59 | Train Loss: 0.8769476 Vali Loss: 0.7205809 Test Loss: 0.4111533
Validation loss decreased (0.722647 --> 0.720581).  Saving model ...
Updating learning rate to 1.2157665459056936e-05
Epoch: 24 cost time: 1.8444688320159912
Epoch: 24, Steps: 59 | Train Loss: 0.8779122 Vali Loss: 0.7209806 Test Loss: 0.4111814
EarlyStopping counter: 1 out of 100
Updating learning rate to 1.0941898913151242e-05
Epoch: 25 cost time: 1.8310821056365967
Epoch: 25, Steps: 59 | Train Loss: 0.8783370 Vali Loss: 0.7231515 Test Loss: 0.4112059
EarlyStopping counter: 2 out of 100
Updating learning rate to 9.847709021836118e-06
Epoch: 26 cost time: 1.831972360610962
Epoch: 26, Steps: 59 | Train Loss: 0.8769314 Vali Loss: 0.7231569 Test Loss: 0.4112252
EarlyStopping counter: 3 out of 100
Updating learning rate to 8.862938119652508e-06
Epoch: 27 cost time: 1.9063408374786377
Epoch: 27, Steps: 59 | Train Loss: 0.8788589 Vali Loss: 0.7190688 Test Loss: 0.4112434
Validation loss decreased (0.720581 --> 0.719069).  Saving model ...
Updating learning rate to 7.976644307687255e-06
Epoch: 28 cost time: 1.9007437229156494
Epoch: 28, Steps: 59 | Train Loss: 0.8781753 Vali Loss: 0.7243916 Test Loss: 0.4112591
EarlyStopping counter: 1 out of 100
Updating learning rate to 7.178979876918531e-06
Epoch: 29 cost time: 1.8695175647735596
Epoch: 29, Steps: 59 | Train Loss: 0.8776920 Vali Loss: 0.7224088 Test Loss: 0.4112748
EarlyStopping counter: 2 out of 100
Updating learning rate to 6.4610818892266776e-06
Epoch: 30 cost time: 1.8694610595703125
Epoch: 30, Steps: 59 | Train Loss: 0.8779390 Vali Loss: 0.7236949 Test Loss: 0.4112883
EarlyStopping counter: 3 out of 100
Updating learning rate to 5.8149737003040096e-06
Epoch: 31 cost time: 1.8334259986877441
Epoch: 31, Steps: 59 | Train Loss: 0.8762748 Vali Loss: 0.7210798 Test Loss: 0.4113001
EarlyStopping counter: 4 out of 100
Updating learning rate to 5.23347633027361e-06
Epoch: 32 cost time: 1.829040765762329
Epoch: 32, Steps: 59 | Train Loss: 0.8774607 Vali Loss: 0.7232796 Test Loss: 0.4113120
EarlyStopping counter: 5 out of 100
Updating learning rate to 4.710128697246249e-06
Epoch: 33 cost time: 1.8314540386199951
Epoch: 33, Steps: 59 | Train Loss: 0.8774312 Vali Loss: 0.7212496 Test Loss: 0.4113221
EarlyStopping counter: 6 out of 100
Updating learning rate to 4.239115827521624e-06
Epoch: 34 cost time: 1.8423848152160645
Epoch: 34, Steps: 59 | Train Loss: 0.8790828 Vali Loss: 0.7220808 Test Loss: 0.4113323
EarlyStopping counter: 7 out of 100
Updating learning rate to 3.815204244769462e-06
Epoch: 35 cost time: 1.8388159275054932
Epoch: 35, Steps: 59 | Train Loss: 0.8776059 Vali Loss: 0.7229308 Test Loss: 0.4113392
EarlyStopping counter: 8 out of 100
Updating learning rate to 3.4336838202925152e-06
Epoch: 36 cost time: 1.8398487567901611
Epoch: 36, Steps: 59 | Train Loss: 0.8777568 Vali Loss: 0.7217416 Test Loss: 0.4113472
EarlyStopping counter: 9 out of 100
Updating learning rate to 3.090315438263264e-06
Epoch: 37 cost time: 1.8368358612060547
Epoch: 37, Steps: 59 | Train Loss: 0.8773813 Vali Loss: 0.7176368 Test Loss: 0.4113535
Validation loss decreased (0.719069 --> 0.717637).  Saving model ...
Updating learning rate to 2.7812838944369375e-06
Epoch: 38 cost time: 1.8335182666778564
Epoch: 38, Steps: 59 | Train Loss: 0.8769710 Vali Loss: 0.7229916 Test Loss: 0.4113602
EarlyStopping counter: 1 out of 100
Updating learning rate to 2.503155504993244e-06
Epoch: 39 cost time: 1.8329274654388428
Epoch: 39, Steps: 59 | Train Loss: 0.8784242 Vali Loss: 0.7221419 Test Loss: 0.4113661
EarlyStopping counter: 2 out of 100
Updating learning rate to 2.2528399544939195e-06
Epoch: 40 cost time: 1.8270514011383057
Epoch: 40, Steps: 59 | Train Loss: 0.8781679 Vali Loss: 0.7190821 Test Loss: 0.4113704
EarlyStopping counter: 3 out of 100
Updating learning rate to 2.0275559590445276e-06
Epoch: 41 cost time: 1.8302245140075684
Epoch: 41, Steps: 59 | Train Loss: 0.8773308 Vali Loss: 0.7204788 Test Loss: 0.4113755
EarlyStopping counter: 4 out of 100
Updating learning rate to 1.8248003631400751e-06
Epoch: 42 cost time: 1.827685832977295
Epoch: 42, Steps: 59 | Train Loss: 0.8779768 Vali Loss: 0.7177169 Test Loss: 0.4113791
EarlyStopping counter: 5 out of 100
Updating learning rate to 1.6423203268260676e-06
Epoch: 43 cost time: 1.836273431777954
Epoch: 43, Steps: 59 | Train Loss: 0.8761029 Vali Loss: 0.7223347 Test Loss: 0.4113824
EarlyStopping counter: 6 out of 100
Updating learning rate to 1.4780882941434609e-06
Epoch: 44 cost time: 1.841238260269165
Epoch: 44, Steps: 59 | Train Loss: 0.8786985 Vali Loss: 0.7187458 Test Loss: 0.4113858
EarlyStopping counter: 7 out of 100
Updating learning rate to 1.3302794647291146e-06
Epoch: 45 cost time: 1.8409721851348877
Epoch: 45, Steps: 59 | Train Loss: 0.8775315 Vali Loss: 0.7234650 Test Loss: 0.4113884
EarlyStopping counter: 8 out of 100
Updating learning rate to 1.1972515182562034e-06
Epoch: 46 cost time: 1.8356096744537354
Epoch: 46, Steps: 59 | Train Loss: 0.8775096 Vali Loss: 0.7197964 Test Loss: 0.4113907
EarlyStopping counter: 9 out of 100
Updating learning rate to 1.077526366430583e-06
Epoch: 47 cost time: 1.8392179012298584
Epoch: 47, Steps: 59 | Train Loss: 0.8777842 Vali Loss: 0.7212574 Test Loss: 0.4113940
EarlyStopping counter: 10 out of 100
Updating learning rate to 9.697737297875248e-07
Epoch: 48 cost time: 1.8436133861541748
Epoch: 48, Steps: 59 | Train Loss: 0.8763890 Vali Loss: 0.7208502 Test Loss: 0.4113954
EarlyStopping counter: 11 out of 100
Updating learning rate to 8.727963568087723e-07
Epoch: 49 cost time: 1.8351569175720215
Epoch: 49, Steps: 59 | Train Loss: 0.8771097 Vali Loss: 0.7183163 Test Loss: 0.4113977
EarlyStopping counter: 12 out of 100
Updating learning rate to 7.855167211278951e-07
Epoch: 50 cost time: 1.9812345504760742
Epoch: 50, Steps: 59 | Train Loss: 0.8772017 Vali Loss: 0.7236980 Test Loss: 0.4114002
EarlyStopping counter: 13 out of 100
Updating learning rate to 7.069650490151056e-07
Epoch: 51 cost time: 1.8979222774505615
Epoch: 51, Steps: 59 | Train Loss: 0.8785536 Vali Loss: 0.7225380 Test Loss: 0.4114011
EarlyStopping counter: 14 out of 100
Updating learning rate to 6.36268544113595e-07
Epoch: 52 cost time: 1.8939902782440186
Epoch: 52, Steps: 59 | Train Loss: 0.8770248 Vali Loss: 0.7198973 Test Loss: 0.4114027
EarlyStopping counter: 15 out of 100
Updating learning rate to 5.726416897022355e-07
Epoch: 53 cost time: 1.9699828624725342
Epoch: 53, Steps: 59 | Train Loss: 0.8777383 Vali Loss: 0.7236528 Test Loss: 0.4114036
EarlyStopping counter: 16 out of 100
Updating learning rate to 5.15377520732012e-07
Epoch: 54 cost time: 1.8248217105865479
Epoch: 54, Steps: 59 | Train Loss: 0.8769414 Vali Loss: 0.7201859 Test Loss: 0.4114059
EarlyStopping counter: 17 out of 100
Updating learning rate to 4.6383976865881085e-07
Epoch: 55 cost time: 1.8238284587860107
Epoch: 55, Steps: 59 | Train Loss: 0.8766188 Vali Loss: 0.7196704 Test Loss: 0.4114060
EarlyStopping counter: 18 out of 100
Updating learning rate to 4.174557917929298e-07
Epoch: 56 cost time: 1.8268115520477295
Epoch: 56, Steps: 59 | Train Loss: 0.8775832 Vali Loss: 0.7211867 Test Loss: 0.4114063
EarlyStopping counter: 19 out of 100
Updating learning rate to 3.7571021261363677e-07
Epoch: 57 cost time: 1.83076810836792
Epoch: 57, Steps: 59 | Train Loss: 0.8781800 Vali Loss: 0.7239179 Test Loss: 0.4114075
EarlyStopping counter: 20 out of 100
Updating learning rate to 3.381391913522731e-07
Epoch: 58 cost time: 1.8217053413391113
Epoch: 58, Steps: 59 | Train Loss: 0.8782201 Vali Loss: 0.7225873 Test Loss: 0.4114074
EarlyStopping counter: 21 out of 100
Updating learning rate to 3.043252722170458e-07
Epoch: 59 cost time: 1.8200454711914062
Epoch: 59, Steps: 59 | Train Loss: 0.8780513 Vali Loss: 0.7210530 Test Loss: 0.4114091
EarlyStopping counter: 22 out of 100
Updating learning rate to 2.7389274499534124e-07
Epoch: 60 cost time: 1.8348684310913086
Epoch: 60, Steps: 59 | Train Loss: 0.8773301 Vali Loss: 0.7205762 Test Loss: 0.4114092
EarlyStopping counter: 23 out of 100
Updating learning rate to 2.465034704958071e-07
Epoch: 61 cost time: 1.8194706439971924
Epoch: 61, Steps: 59 | Train Loss: 0.8778162 Vali Loss: 0.7173303 Test Loss: 0.4114094
Validation loss decreased (0.717637 --> 0.717330).  Saving model ...
Updating learning rate to 2.218531234462264e-07
Epoch: 62 cost time: 1.819854974746704
Epoch: 62, Steps: 59 | Train Loss: 0.8776071 Vali Loss: 0.7165245 Test Loss: 0.4114105
Validation loss decreased (0.717330 --> 0.716525).  Saving model ...
Updating learning rate to 1.9966781110160376e-07
Epoch: 63 cost time: 1.8247036933898926
Epoch: 63, Steps: 59 | Train Loss: 0.8780966 Vali Loss: 0.7229218 Test Loss: 0.4114111
EarlyStopping counter: 1 out of 100
Updating learning rate to 1.797010299914434e-07
Epoch: 64 cost time: 1.8305342197418213
Epoch: 64, Steps: 59 | Train Loss: 0.8777646 Vali Loss: 0.7211965 Test Loss: 0.4114118
EarlyStopping counter: 2 out of 100
Updating learning rate to 1.6173092699229907e-07
Epoch: 65 cost time: 1.8337314128875732
Epoch: 65, Steps: 59 | Train Loss: 0.8779244 Vali Loss: 0.7209883 Test Loss: 0.4114111
EarlyStopping counter: 3 out of 100
Updating learning rate to 1.4555783429306916e-07
Epoch: 66 cost time: 1.8332631587982178
Epoch: 66, Steps: 59 | Train Loss: 0.8779916 Vali Loss: 0.7226869 Test Loss: 0.4114124
EarlyStopping counter: 4 out of 100
Updating learning rate to 1.3100205086376224e-07
Epoch: 67 cost time: 1.8278303146362305
Epoch: 67, Steps: 59 | Train Loss: 0.8768225 Vali Loss: 0.7223521 Test Loss: 0.4114132
EarlyStopping counter: 5 out of 100
Updating learning rate to 1.1790184577738603e-07
Epoch: 68 cost time: 1.825746774673462
Epoch: 68, Steps: 59 | Train Loss: 0.8774676 Vali Loss: 0.7238896 Test Loss: 0.4114122
EarlyStopping counter: 6 out of 100
Updating learning rate to 1.0611166119964742e-07
Epoch: 69 cost time: 1.820754051208496
Epoch: 69, Steps: 59 | Train Loss: 0.8781821 Vali Loss: 0.7208751 Test Loss: 0.4114120
EarlyStopping counter: 7 out of 100
Updating learning rate to 9.550049507968268e-08
Epoch: 70 cost time: 1.8226604461669922
Epoch: 70, Steps: 59 | Train Loss: 0.8784004 Vali Loss: 0.7198910 Test Loss: 0.4114127
EarlyStopping counter: 8 out of 100
Updating learning rate to 8.595044557171442e-08
Epoch: 71 cost time: 1.826483964920044
Epoch: 71, Steps: 59 | Train Loss: 0.8773106 Vali Loss: 0.7215611 Test Loss: 0.4114144
EarlyStopping counter: 9 out of 100
Updating learning rate to 7.735540101454298e-08
Epoch: 72 cost time: 1.8331146240234375
Epoch: 72, Steps: 59 | Train Loss: 0.8754880 Vali Loss: 0.7204572 Test Loss: 0.4114137
EarlyStopping counter: 10 out of 100
Updating learning rate to 6.961986091308869e-08
Epoch: 73 cost time: 1.830777645111084
Epoch: 73, Steps: 59 | Train Loss: 0.8788895 Vali Loss: 0.7228132 Test Loss: 0.4114133
EarlyStopping counter: 11 out of 100
Updating learning rate to 6.265787482177981e-08
Epoch: 74 cost time: 1.8363330364227295
Epoch: 74, Steps: 59 | Train Loss: 0.8754439 Vali Loss: 0.7213897 Test Loss: 0.4114142
EarlyStopping counter: 12 out of 100
Updating learning rate to 5.639208733960184e-08
Epoch: 75 cost time: 1.8516762256622314
Epoch: 75, Steps: 59 | Train Loss: 0.8764354 Vali Loss: 0.7178479 Test Loss: 0.4114138
EarlyStopping counter: 13 out of 100
Updating learning rate to 5.075287860564165e-08
Epoch: 76 cost time: 1.9144468307495117
Epoch: 76, Steps: 59 | Train Loss: 0.8776987 Vali Loss: 0.7214819 Test Loss: 0.4114145
EarlyStopping counter: 14 out of 100
Updating learning rate to 4.567759074507749e-08
Epoch: 77 cost time: 1.8534297943115234
Epoch: 77, Steps: 59 | Train Loss: 0.8769602 Vali Loss: 0.7234919 Test Loss: 0.4114141
EarlyStopping counter: 15 out of 100
Updating learning rate to 4.1109831670569744e-08
Epoch: 78 cost time: 1.8556125164031982
Epoch: 78, Steps: 59 | Train Loss: 0.8769773 Vali Loss: 0.7224147 Test Loss: 0.4114144
EarlyStopping counter: 16 out of 100
Updating learning rate to 3.6998848503512764e-08
Epoch: 79 cost time: 1.8296902179718018
Epoch: 79, Steps: 59 | Train Loss: 0.8776998 Vali Loss: 0.7232710 Test Loss: 0.4114146
EarlyStopping counter: 17 out of 100
Updating learning rate to 3.3298963653161496e-08
Epoch: 80 cost time: 1.8340649604797363
Epoch: 80, Steps: 59 | Train Loss: 0.8764436 Vali Loss: 0.7209924 Test Loss: 0.4114155
EarlyStopping counter: 18 out of 100
Updating learning rate to 2.996906728784534e-08
Epoch: 81 cost time: 1.8352093696594238
Epoch: 81, Steps: 59 | Train Loss: 0.8765131 Vali Loss: 0.7186642 Test Loss: 0.4114139
EarlyStopping counter: 19 out of 100
Updating learning rate to 2.697216055906081e-08
Epoch: 82 cost time: 1.8278703689575195
Epoch: 82, Steps: 59 | Train Loss: 0.8777472 Vali Loss: 0.7271785 Test Loss: 0.4114138
EarlyStopping counter: 20 out of 100
Updating learning rate to 2.427494450315473e-08
Epoch: 83 cost time: 1.8346199989318848
Epoch: 83, Steps: 59 | Train Loss: 0.8763606 Vali Loss: 0.7235076 Test Loss: 0.4114151
EarlyStopping counter: 21 out of 100
Updating learning rate to 2.1847450052839257e-08
Epoch: 84 cost time: 1.8281004428863525
Epoch: 84, Steps: 59 | Train Loss: 0.8765646 Vali Loss: 0.7211069 Test Loss: 0.4114148
EarlyStopping counter: 22 out of 100
Updating learning rate to 1.9662705047555332e-08
Epoch: 85 cost time: 1.8816425800323486
Epoch: 85, Steps: 59 | Train Loss: 0.8773321 Vali Loss: 0.7212945 Test Loss: 0.4114140
EarlyStopping counter: 23 out of 100
Updating learning rate to 1.7696434542799797e-08
Epoch: 86 cost time: 1.833542823791504
Epoch: 86, Steps: 59 | Train Loss: 0.8780842 Vali Loss: 0.7213168 Test Loss: 0.4114141
EarlyStopping counter: 24 out of 100
Updating learning rate to 1.5926791088519817e-08
Epoch: 87 cost time: 1.8358354568481445
Epoch: 87, Steps: 59 | Train Loss: 0.8769687 Vali Loss: 0.7170474 Test Loss: 0.4114149
EarlyStopping counter: 25 out of 100
Updating learning rate to 1.4334111979667836e-08
Epoch: 88 cost time: 1.8349592685699463
Epoch: 88, Steps: 59 | Train Loss: 0.8782338 Vali Loss: 0.7199380 Test Loss: 0.4114149
EarlyStopping counter: 26 out of 100
Updating learning rate to 1.2900700781701054e-08
Epoch: 89 cost time: 1.8301360607147217
Epoch: 89, Steps: 59 | Train Loss: 0.8783085 Vali Loss: 0.7206292 Test Loss: 0.4114146
EarlyStopping counter: 27 out of 100
Updating learning rate to 1.161063070353095e-08
Epoch: 90 cost time: 1.8269991874694824
Epoch: 90, Steps: 59 | Train Loss: 0.8760818 Vali Loss: 0.7209084 Test Loss: 0.4114141
EarlyStopping counter: 28 out of 100
Updating learning rate to 1.0449567633177854e-08
Epoch: 91 cost time: 1.8337397575378418
Epoch: 91, Steps: 59 | Train Loss: 0.8760158 Vali Loss: 0.7231873 Test Loss: 0.4114144
EarlyStopping counter: 29 out of 100
Updating learning rate to 9.404610869860069e-09
Epoch: 92 cost time: 1.834540605545044
Epoch: 92, Steps: 59 | Train Loss: 0.8775380 Vali Loss: 0.7202131 Test Loss: 0.4114148
EarlyStopping counter: 30 out of 100
Updating learning rate to 8.464149782874063e-09
Epoch: 93 cost time: 1.8346896171569824
Epoch: 93, Steps: 59 | Train Loss: 0.8780711 Vali Loss: 0.7184992 Test Loss: 0.4114153
EarlyStopping counter: 31 out of 100
Updating learning rate to 7.617734804586658e-09
Epoch: 94 cost time: 1.8260576725006104
Epoch: 94, Steps: 59 | Train Loss: 0.8787758 Vali Loss: 0.7240511 Test Loss: 0.4114144
EarlyStopping counter: 32 out of 100
Updating learning rate to 6.855961324127991e-09
Epoch: 95 cost time: 1.8426575660705566
Epoch: 95, Steps: 59 | Train Loss: 0.8770059 Vali Loss: 0.7220145 Test Loss: 0.4114143
EarlyStopping counter: 33 out of 100
Updating learning rate to 6.170365191715193e-09
Epoch: 96 cost time: 1.8360121250152588
Epoch: 96, Steps: 59 | Train Loss: 0.8776602 Vali Loss: 0.7225943 Test Loss: 0.4114147
EarlyStopping counter: 34 out of 100
Updating learning rate to 5.5533286725436726e-09
Epoch: 97 cost time: 1.8369381427764893
Epoch: 97, Steps: 59 | Train Loss: 0.8774709 Vali Loss: 0.7183471 Test Loss: 0.4114147
EarlyStopping counter: 35 out of 100
Updating learning rate to 4.997995805289306e-09
Epoch: 98 cost time: 1.8340013027191162
Epoch: 98, Steps: 59 | Train Loss: 0.8780694 Vali Loss: 0.7218920 Test Loss: 0.4114149
EarlyStopping counter: 36 out of 100
Updating learning rate to 4.498196224760375e-09
Epoch: 99 cost time: 1.8674986362457275
Epoch: 99, Steps: 59 | Train Loss: 0.8764458 Vali Loss: 0.7198878 Test Loss: 0.4114144
EarlyStopping counter: 37 out of 100
Updating learning rate to 4.048376602284338e-09
Epoch: 100 cost time: 1.8713161945343018
Epoch: 100, Steps: 59 | Train Loss: 0.8764832 Vali Loss: 0.7200374 Test Loss: 0.4114153
EarlyStopping counter: 38 out of 100
Updating learning rate to 3.643538942055904e-09
>>>>>>>testing : CMS3_etth2_336_720_PatchTST_ETTh2_ftM_sl336_ll48_pl720_dm16_nh4_el3_dl1_df128_fc1_ebtimeF_dtTrue_Exp_0<<<<<<<<<<<<<<<<<<<<<<<<<<<<<<<<<
test 2161
mse:0.41096481680870056, mae:0.44513022899627686, rse:0.513960063457489
