==========================================================
Lanzando Experimento: CMS3_weather | Dataset: weather
==========================================================
Args in experiment:
Namespace(random_seed=2021, is_training=1, model_id='CMS3_weather_336_96', model='PatchTST', data='custom', root_path='./dataset/', data_path='weather.csv', features='M', target='OT', freq='h', checkpoints='./checkpoints/', seq_len=336, label_len=48, pred_len=96, head_type='cms3', fc_dropout=0.2, head_dropout=0.0, patch_len=16, stride=8, padding_patch='end', revin=1, affine=0, subtract_last=0, decomposition=0, kernel_size=25, individual=0, embed_type=0, enc_in=21, dec_in=7, c_out=7, d_model=128, n_heads=16, e_layers=3, d_layers=1, d_ff=256, moving_avg=25, factor=1, distil=True, dropout=0.2, embed='timeF', activation='gelu', output_attention=False, do_predict=False, num_workers=0, itr=1, train_epochs=100, batch_size=128, patience=20, learning_rate=0.0001, des='Exp', loss='mse', lradj='type3', pct_start=0.3, use_amp=False, use_gpu=True, gpu=0, use_multi_gpu=False, devices='0,1,2,3', test_flop=False)
Use GPU: cuda:0
>>>>>>>start training : CMS3_weather_336_96_PatchTST_custom_ftM_sl336_ll48_pl96_dm128_nh16_el3_dl1_df256_fc1_ebtimeF_dtTrue_Exp_0>>>>>>>>>>>>>>>>>>>>>>>>>>
train 36456
val 5175
test 10444
	iters: 100, epoch: 1 | loss: 0.6493720
	speed: 0.2019s/iter; left time: 5712.9914s
	iters: 200, epoch: 1 | loss: 0.6081403
	speed: 0.1165s/iter; left time: 3285.7402s
Epoch: 1 cost time: 34.12607169151306
Epoch: 1, Steps: 284 | Train Loss: 0.6604343 Vali Loss: 0.5959065 Test Loss: 0.2455381
Validation loss decreased (inf --> 0.595906).  Saving model ...
Updating learning rate to 0.0001
	iters: 100, epoch: 2 | loss: 0.5507209
	speed: 0.2793s/iter; left time: 7826.3183s
	iters: 200, epoch: 2 | loss: 0.3580340
	speed: 0.1183s/iter; left time: 3303.2085s
Epoch: 2 cost time: 33.47281503677368
Epoch: 2, Steps: 284 | Train Loss: 0.4701472 Vali Loss: 0.3964531 Test Loss: 0.1565470
Validation loss decreased (0.595906 --> 0.396453).  Saving model ...
Updating learning rate to 0.0001
	iters: 100, epoch: 3 | loss: 0.4908954
	speed: 0.2811s/iter; left time: 7796.8037s
	iters: 200, epoch: 3 | loss: 0.3471715
	speed: 0.1215s/iter; left time: 3356.4501s
Epoch: 3 cost time: 34.40623879432678
Epoch: 3, Steps: 284 | Train Loss: 0.4172245 Vali Loss: 0.3922169 Test Loss: 0.1536357
Validation loss decreased (0.396453 --> 0.392217).  Saving model ...
Updating learning rate to 0.0001
	iters: 100, epoch: 4 | loss: 0.3035640
	speed: 0.2919s/iter; left time: 8011.5461s
	iters: 200, epoch: 4 | loss: 0.3335748
	speed: 0.1275s/iter; left time: 3486.1915s
Epoch: 4 cost time: 35.98417806625366
Epoch: 4, Steps: 284 | Train Loss: 0.4071468 Vali Loss: 0.3860053 Test Loss: 0.1501503
Validation loss decreased (0.392217 --> 0.386005).  Saving model ...
Updating learning rate to 9e-05
	iters: 100, epoch: 5 | loss: 0.3264351
	speed: 0.3001s/iter; left time: 8152.6555s
	iters: 200, epoch: 5 | loss: 0.3088216
	speed: 0.1294s/iter; left time: 3503.4423s
Epoch: 5 cost time: 36.65438103675842
Epoch: 5, Steps: 284 | Train Loss: 0.3991952 Vali Loss: 0.3882281 Test Loss: 0.1493620
EarlyStopping counter: 1 out of 20
Updating learning rate to 8.1e-05
	iters: 100, epoch: 6 | loss: 0.3120078
	speed: 0.3020s/iter; left time: 8117.5038s
	iters: 200, epoch: 6 | loss: 0.3010978
	speed: 0.1298s/iter; left time: 3475.5182s
Epoch: 6 cost time: 36.78147339820862
Epoch: 6, Steps: 284 | Train Loss: 0.3978093 Vali Loss: 0.3897329 Test Loss: 0.1499506
EarlyStopping counter: 2 out of 20
Updating learning rate to 7.290000000000001e-05
	iters: 100, epoch: 7 | loss: 0.5862730
	speed: 0.3028s/iter; left time: 8052.3425s
	iters: 200, epoch: 7 | loss: 0.5686038
	speed: 0.1305s/iter; left time: 3458.0896s
Epoch: 7 cost time: 36.904362201690674
Epoch: 7, Steps: 284 | Train Loss: 0.3937724 Vali Loss: 0.3896725 Test Loss: 0.1489895
EarlyStopping counter: 3 out of 20
Updating learning rate to 6.561e-05
	iters: 100, epoch: 8 | loss: 0.7058145
	speed: 0.3039s/iter; left time: 7997.5320s
	iters: 200, epoch: 8 | loss: 0.3079285
	speed: 0.1300s/iter; left time: 3407.1458s
Epoch: 8 cost time: 36.90998959541321
Epoch: 8, Steps: 284 | Train Loss: 0.3899919 Vali Loss: 0.3909577 Test Loss: 0.1495379
EarlyStopping counter: 4 out of 20
Updating learning rate to 5.904900000000001e-05
	iters: 100, epoch: 9 | loss: 0.3466150
	speed: 0.3028s/iter; left time: 7881.0906s
	iters: 200, epoch: 9 | loss: 0.3961460
	speed: 0.1298s/iter; left time: 3365.8141s
Epoch: 9 cost time: 36.827571630477905
Epoch: 9, Steps: 284 | Train Loss: 0.3873962 Vali Loss: 0.3931811 Test Loss: 0.1500878
EarlyStopping counter: 5 out of 20
Updating learning rate to 5.3144100000000005e-05
	iters: 100, epoch: 10 | loss: 0.5511521
	speed: 0.3024s/iter; left time: 7784.0616s
	iters: 200, epoch: 10 | loss: 0.5907423
	speed: 0.1298s/iter; left time: 3328.1859s
Epoch: 10 cost time: 36.79068064689636
Epoch: 10, Steps: 284 | Train Loss: 0.3846970 Vali Loss: 0.3926872 Test Loss: 0.1496517
EarlyStopping counter: 6 out of 20
Updating learning rate to 4.782969000000001e-05
	iters: 100, epoch: 11 | loss: 0.3130054
	speed: 0.3046s/iter; left time: 7755.4004s
	iters: 200, epoch: 11 | loss: 0.5608670
	speed: 0.1299s/iter; left time: 3295.4085s
Epoch: 11 cost time: 36.80820155143738
Epoch: 11, Steps: 284 | Train Loss: 0.3823955 Vali Loss: 0.3889663 Test Loss: 0.1498334
EarlyStopping counter: 7 out of 20
Updating learning rate to 4.304672100000001e-05
	iters: 100, epoch: 12 | loss: 0.4694687
	speed: 0.3037s/iter; left time: 7647.1639s
	iters: 200, epoch: 12 | loss: 0.3211411
	speed: 0.1298s/iter; left time: 3255.5666s
Epoch: 12 cost time: 36.795541524887085
Epoch: 12, Steps: 284 | Train Loss: 0.3800057 Vali Loss: 0.3986981 Test Loss: 0.1504515
EarlyStopping counter: 8 out of 20
Updating learning rate to 3.874204890000001e-05
	iters: 100, epoch: 13 | loss: 0.3380060
	speed: 0.3043s/iter; left time: 7574.3021s
	iters: 200, epoch: 13 | loss: 0.3015811
	speed: 0.1300s/iter; left time: 3222.8336s
Epoch: 13 cost time: 36.846296072006226
Epoch: 13, Steps: 284 | Train Loss: 0.3773361 Vali Loss: 0.3975880 Test Loss: 0.1506379
EarlyStopping counter: 9 out of 20
Updating learning rate to 3.486784401000001e-05
	iters: 100, epoch: 14 | loss: 0.2657034
	speed: 0.3020s/iter; left time: 7432.7671s
	iters: 200, epoch: 14 | loss: 0.5641398
	speed: 0.1297s/iter; left time: 3178.2195s
Epoch: 14 cost time: 36.76615905761719
Epoch: 14, Steps: 284 | Train Loss: 0.3761917 Vali Loss: 0.3977865 Test Loss: 0.1508267
EarlyStopping counter: 10 out of 20
Updating learning rate to 3.138105960900001e-05
	iters: 100, epoch: 15 | loss: 0.2433754
	speed: 0.3023s/iter; left time: 7352.5075s
	iters: 200, epoch: 15 | loss: 0.2428362
	speed: 0.1302s/iter; left time: 3154.7615s
Epoch: 15 cost time: 36.83827042579651
Epoch: 15, Steps: 284 | Train Loss: 0.3742458 Vali Loss: 0.3971809 Test Loss: 0.1514392
EarlyStopping counter: 11 out of 20
Updating learning rate to 2.824295364810001e-05
	iters: 100, epoch: 16 | loss: 0.4529961
	speed: 0.3024s/iter; left time: 7269.3598s
	iters: 200, epoch: 16 | loss: 0.3138300
	speed: 0.1295s/iter; left time: 3100.4176s
Epoch: 16 cost time: 36.79603624343872
Epoch: 16, Steps: 284 | Train Loss: 0.3730465 Vali Loss: 0.4049461 Test Loss: 0.1518411
EarlyStopping counter: 12 out of 20
Updating learning rate to 2.541865828329001e-05
	iters: 100, epoch: 17 | loss: 0.2416454
	speed: 0.3027s/iter; left time: 7191.1998s
	iters: 200, epoch: 17 | loss: 0.2617411
	speed: 0.1299s/iter; left time: 3071.8642s
Epoch: 17 cost time: 36.83076810836792
Epoch: 17, Steps: 284 | Train Loss: 0.3718345 Vali Loss: 0.4012380 Test Loss: 0.1517218
EarlyStopping counter: 13 out of 20
Updating learning rate to 2.287679245496101e-05
	iters: 100, epoch: 18 | loss: 0.3661699
	speed: 0.3028s/iter; left time: 7107.3927s
	iters: 200, epoch: 18 | loss: 0.2437062
	speed: 0.1299s/iter; left time: 3035.1381s
Epoch: 18 cost time: 36.81373882293701
Epoch: 18, Steps: 284 | Train Loss: 0.3704511 Vali Loss: 0.4066927 Test Loss: 0.1525056
EarlyStopping counter: 14 out of 20
Updating learning rate to 2.0589113209464907e-05
	iters: 100, epoch: 19 | loss: 0.3738146
	speed: 0.3031s/iter; left time: 7027.5119s
	iters: 200, epoch: 19 | loss: 0.3189496
	speed: 0.1299s/iter; left time: 2999.3568s
Epoch: 19 cost time: 36.84152936935425
Epoch: 19, Steps: 284 | Train Loss: 0.3691233 Vali Loss: 0.4064546 Test Loss: 0.1523116
EarlyStopping counter: 15 out of 20
Updating learning rate to 1.8530201888518416e-05
	iters: 100, epoch: 20 | loss: 0.2946258
	speed: 0.3025s/iter; left time: 6928.1580s
	iters: 200, epoch: 20 | loss: 0.2566508
	speed: 0.1299s/iter; left time: 2962.6540s
Epoch: 20 cost time: 36.822911739349365
Epoch: 20, Steps: 284 | Train Loss: 0.3680743 Vali Loss: 0.4047919 Test Loss: 0.1521162
EarlyStopping counter: 16 out of 20
Updating learning rate to 1.6677181699666577e-05
	iters: 100, epoch: 21 | loss: 0.6609169
	speed: 0.3028s/iter; left time: 6849.5717s
	iters: 200, epoch: 21 | loss: 0.3009771
	speed: 0.1300s/iter; left time: 2928.4629s
Epoch: 21 cost time: 36.94030284881592
Epoch: 21, Steps: 284 | Train Loss: 0.3672303 Vali Loss: 0.4021968 Test Loss: 0.1526658
EarlyStopping counter: 17 out of 20
Updating learning rate to 1.5009463529699919e-05
	iters: 100, epoch: 22 | loss: 0.2924715
	speed: 0.3034s/iter; left time: 6777.9681s
	iters: 200, epoch: 22 | loss: 0.3306417
	speed: 0.1300s/iter; left time: 2891.6839s
Epoch: 22 cost time: 36.88128161430359
Epoch: 22, Steps: 284 | Train Loss: 0.3664390 Vali Loss: 0.4054038 Test Loss: 0.1527897
EarlyStopping counter: 18 out of 20
Updating learning rate to 1.3508517176729929e-05
	iters: 100, epoch: 23 | loss: 0.2154053
	speed: 0.3022s/iter; left time: 6664.9512s
	iters: 200, epoch: 23 | loss: 0.2797151
	speed: 0.1296s/iter; left time: 2844.7588s
Epoch: 23 cost time: 36.7983238697052
Epoch: 23, Steps: 284 | Train Loss: 0.3655712 Vali Loss: 0.4066505 Test Loss: 0.1531135
EarlyStopping counter: 19 out of 20
Updating learning rate to 1.2157665459056936e-05
	iters: 100, epoch: 24 | loss: 0.2779673
	speed: 0.3022s/iter; left time: 6579.3726s
	iters: 200, epoch: 24 | loss: 0.3622910
	speed: 0.1300s/iter; left time: 2816.7731s
Epoch: 24 cost time: 36.8175265789032
Epoch: 24, Steps: 284 | Train Loss: 0.3649429 Vali Loss: 0.4077580 Test Loss: 0.1532347
EarlyStopping counter: 20 out of 20
Early stopping
>>>>>>>testing : CMS3_weather_336_96_PatchTST_custom_ftM_sl336_ll48_pl96_dm128_nh16_el3_dl1_df256_fc1_ebtimeF_dtTrue_Exp_0<<<<<<<<<<<<<<<<<<<<<<<<<<<<<<<<<
test 10444
mse:0.15177348256111145, mae:0.20215021073818207, rse:0.5132251977920532
Args in experiment:
Namespace(random_seed=2021, is_training=1, model_id='CMS3_weather_336_192', model='PatchTST', data='custom', root_path='./dataset/', data_path='weather.csv', features='M', target='OT', freq='h', checkpoints='./checkpoints/', seq_len=336, label_len=48, pred_len=192, head_type='cms3', fc_dropout=0.2, head_dropout=0.0, patch_len=16, stride=8, padding_patch='end', revin=1, affine=0, subtract_last=0, decomposition=0, kernel_size=25, individual=0, embed_type=0, enc_in=21, dec_in=7, c_out=7, d_model=128, n_heads=16, e_layers=3, d_layers=1, d_ff=256, moving_avg=25, factor=1, distil=True, dropout=0.2, embed='timeF', activation='gelu', output_attention=False, do_predict=False, num_workers=0, itr=1, train_epochs=100, batch_size=128, patience=20, learning_rate=0.0001, des='Exp', loss='mse', lradj='type3', pct_start=0.3, use_amp=False, use_gpu=True, gpu=0, use_multi_gpu=False, devices='0,1,2,3', test_flop=False)
Use GPU: cuda:0
>>>>>>>start training : CMS3_weather_336_192_PatchTST_custom_ftM_sl336_ll48_pl192_dm128_nh16_el3_dl1_df256_fc1_ebtimeF_dtTrue_Exp_0>>>>>>>>>>>>>>>>>>>>>>>>>>
train 36360
val 5079
test 10348
	iters: 100, epoch: 1 | loss: 0.5802454
	speed: 0.1388s/iter; left time: 3927.9807s
	iters: 200, epoch: 1 | loss: 0.6269748
	speed: 0.1254s/iter; left time: 3536.6104s
Epoch: 1 cost time: 35.6938214302063
Epoch: 1, Steps: 284 | Train Loss: 0.6912210 Vali Loss: 0.6530589 Test Loss: 0.2788882
Validation loss decreased (inf --> 0.653059).  Saving model ...
Updating learning rate to 0.0001
	iters: 100, epoch: 2 | loss: 0.4415590
	speed: 0.3039s/iter; left time: 8515.4287s
	iters: 200, epoch: 2 | loss: 0.6173533
	speed: 0.1315s/iter; left time: 3671.5161s
Epoch: 2 cost time: 37.228434562683105
Epoch: 2, Steps: 284 | Train Loss: 0.5353206 Vali Loss: 0.4693595 Test Loss: 0.2020439
Validation loss decreased (0.653059 --> 0.469360).  Saving model ...
Updating learning rate to 0.0001
	iters: 100, epoch: 3 | loss: 0.5162473
	speed: 0.3078s/iter; left time: 8535.4370s
	iters: 200, epoch: 3 | loss: 0.6105311
	speed: 0.1318s/iter; left time: 3641.2184s
Epoch: 3 cost time: 37.31155514717102
Epoch: 3, Steps: 284 | Train Loss: 0.4762991 Vali Loss: 0.4619874 Test Loss: 0.1971710
Validation loss decreased (0.469360 --> 0.461987).  Saving model ...
Updating learning rate to 0.0001
	iters: 100, epoch: 4 | loss: 0.6544703
	speed: 0.3075s/iter; left time: 8441.0474s
	iters: 200, epoch: 4 | loss: 0.3799848
	speed: 0.1312s/iter; left time: 3587.9485s
Epoch: 4 cost time: 37.1659631729126
Epoch: 4, Steps: 284 | Train Loss: 0.4668867 Vali Loss: 0.4592179 Test Loss: 0.1954201
Validation loss decreased (0.461987 --> 0.459218).  Saving model ...
Updating learning rate to 9e-05
	iters: 100, epoch: 5 | loss: 0.6798254
	speed: 0.3058s/iter; left time: 8307.7341s
	iters: 200, epoch: 5 | loss: 0.6714673
	speed: 0.1305s/iter; left time: 3532.6094s
Epoch: 5 cost time: 37.04285454750061
Epoch: 5, Steps: 284 | Train Loss: 0.4603930 Vali Loss: 0.4539482 Test Loss: 0.1939877
Validation loss decreased (0.459218 --> 0.453948).  Saving model ...
Updating learning rate to 8.1e-05
	iters: 100, epoch: 6 | loss: 0.3628655
	speed: 0.3059s/iter; left time: 8223.9671s
	iters: 200, epoch: 6 | loss: 0.3775156
	speed: 0.1304s/iter; left time: 3491.9012s
Epoch: 6 cost time: 36.97018527984619
Epoch: 6, Steps: 284 | Train Loss: 0.4565993 Vali Loss: 0.4558355 Test Loss: 0.1941900
EarlyStopping counter: 1 out of 20
Updating learning rate to 7.290000000000001e-05
	iters: 100, epoch: 7 | loss: 0.3316334
	speed: 0.3036s/iter; left time: 8073.5926s
	iters: 200, epoch: 7 | loss: 0.3446527
	speed: 0.1303s/iter; left time: 3451.3815s
Epoch: 7 cost time: 36.9193902015686
Epoch: 7, Steps: 284 | Train Loss: 0.4528494 Vali Loss: 0.4548613 Test Loss: 0.1936463
EarlyStopping counter: 2 out of 20
Updating learning rate to 6.561e-05
	iters: 100, epoch: 8 | loss: 0.3917058
	speed: 0.3039s/iter; left time: 7997.1833s
	iters: 200, epoch: 8 | loss: 0.3432380
	speed: 0.1302s/iter; left time: 3412.9367s
Epoch: 8 cost time: 36.90754151344299
Epoch: 8, Steps: 284 | Train Loss: 0.4496391 Vali Loss: 0.4554745 Test Loss: 0.1950720
EarlyStopping counter: 3 out of 20
Updating learning rate to 5.904900000000001e-05
	iters: 100, epoch: 9 | loss: 0.4173801
	speed: 0.3038s/iter; left time: 7906.9558s
	iters: 200, epoch: 9 | loss: 0.4372502
	speed: 0.1302s/iter; left time: 3375.7504s
Epoch: 9 cost time: 36.917027950286865
Epoch: 9, Steps: 284 | Train Loss: 0.4468192 Vali Loss: 0.4600094 Test Loss: 0.1949017
EarlyStopping counter: 4 out of 20
Updating learning rate to 5.3144100000000005e-05
	iters: 100, epoch: 10 | loss: 0.3357044
	speed: 0.3038s/iter; left time: 7820.9955s
	iters: 200, epoch: 10 | loss: 0.3368400
	speed: 0.1300s/iter; left time: 3334.5087s
Epoch: 10 cost time: 36.87813091278076
Epoch: 10, Steps: 284 | Train Loss: 0.4440842 Vali Loss: 0.4617869 Test Loss: 0.1949466
EarlyStopping counter: 5 out of 20
Updating learning rate to 4.782969000000001e-05
	iters: 100, epoch: 11 | loss: 0.5128905
	speed: 0.3036s/iter; left time: 7729.6570s
	iters: 200, epoch: 11 | loss: 0.4036230
	speed: 0.1299s/iter; left time: 3294.4809s
Epoch: 11 cost time: 36.85927224159241
Epoch: 11, Steps: 284 | Train Loss: 0.4414921 Vali Loss: 0.4633938 Test Loss: 0.1954017
EarlyStopping counter: 6 out of 20
Updating learning rate to 4.304672100000001e-05
	iters: 100, epoch: 12 | loss: 0.5006795
	speed: 0.3037s/iter; left time: 7646.7838s
	iters: 200, epoch: 12 | loss: 0.3486648
	speed: 0.1299s/iter; left time: 3258.3962s
Epoch: 12 cost time: 36.84627079963684
Epoch: 12, Steps: 284 | Train Loss: 0.4393929 Vali Loss: 0.4639548 Test Loss: 0.1963912
EarlyStopping counter: 7 out of 20
Updating learning rate to 3.874204890000001e-05
	iters: 100, epoch: 13 | loss: 0.5374143
	speed: 0.3036s/iter; left time: 7556.7817s
	iters: 200, epoch: 13 | loss: 0.3520478
	speed: 0.1299s/iter; left time: 3221.4912s
Epoch: 13 cost time: 36.866111755371094
Epoch: 13, Steps: 284 | Train Loss: 0.4372800 Vali Loss: 0.4655479 Test Loss: 0.1962232
EarlyStopping counter: 8 out of 20
Updating learning rate to 3.486784401000001e-05
	iters: 100, epoch: 14 | loss: 0.3434316
	speed: 0.3028s/iter; left time: 7450.5042s
	iters: 200, epoch: 14 | loss: 0.5293105
	speed: 0.1301s/iter; left time: 3188.6050s
Epoch: 14 cost time: 36.87979078292847
Epoch: 14, Steps: 284 | Train Loss: 0.4356240 Vali Loss: 0.4684241 Test Loss: 0.1962686
EarlyStopping counter: 9 out of 20
Updating learning rate to 3.138105960900001e-05
	iters: 100, epoch: 15 | loss: 0.4082730
	speed: 0.3033s/iter; left time: 7378.6312s
	iters: 200, epoch: 15 | loss: 0.3385770
	speed: 0.1301s/iter; left time: 3151.4053s
Epoch: 15 cost time: 36.87363910675049
Epoch: 15, Steps: 284 | Train Loss: 0.4337289 Vali Loss: 0.4704419 Test Loss: 0.1974098
EarlyStopping counter: 10 out of 20
Updating learning rate to 2.824295364810001e-05
	iters: 100, epoch: 16 | loss: 0.3966082
	speed: 0.3031s/iter; left time: 7287.2933s
	iters: 200, epoch: 16 | loss: 0.3151605
	speed: 0.1299s/iter; left time: 3110.1244s
Epoch: 16 cost time: 36.82908535003662
Epoch: 16, Steps: 284 | Train Loss: 0.4319513 Vali Loss: 0.4664512 Test Loss: 0.1979046
EarlyStopping counter: 11 out of 20
Updating learning rate to 2.541865828329001e-05
	iters: 100, epoch: 17 | loss: 0.5487154
	speed: 0.3037s/iter; left time: 7214.1173s
	iters: 200, epoch: 17 | loss: 0.3965579
	speed: 0.1299s/iter; left time: 3074.0346s
Epoch: 17 cost time: 36.836780309677124
Epoch: 17, Steps: 284 | Train Loss: 0.4306767 Vali Loss: 0.4701203 Test Loss: 0.1982266
EarlyStopping counter: 12 out of 20
Updating learning rate to 2.287679245496101e-05
	iters: 100, epoch: 18 | loss: 0.5146871
	speed: 0.3039s/iter; left time: 7134.0481s
	iters: 200, epoch: 18 | loss: 0.3360503
	speed: 0.1302s/iter; left time: 3043.3343s
Epoch: 18 cost time: 36.92969512939453
Epoch: 18, Steps: 284 | Train Loss: 0.4290564 Vali Loss: 0.4699899 Test Loss: 0.1987356
EarlyStopping counter: 13 out of 20
Updating learning rate to 2.0589113209464907e-05
	iters: 100, epoch: 19 | loss: 0.3648035
	speed: 0.3033s/iter; left time: 7032.4937s
	iters: 200, epoch: 19 | loss: 0.2950177
	speed: 0.1298s/iter; left time: 2997.3440s
Epoch: 19 cost time: 36.81835913658142
Epoch: 19, Steps: 284 | Train Loss: 0.4277741 Vali Loss: 0.4692647 Test Loss: 0.1987851
EarlyStopping counter: 14 out of 20
Updating learning rate to 1.8530201888518416e-05
	iters: 100, epoch: 20 | loss: 0.4826331
	speed: 0.3037s/iter; left time: 6957.3261s
	iters: 200, epoch: 20 | loss: 0.4845069
	speed: 0.1299s/iter; left time: 2962.4542s
Epoch: 20 cost time: 36.84850215911865
Epoch: 20, Steps: 284 | Train Loss: 0.4267323 Vali Loss: 0.4698412 Test Loss: 0.1996864
EarlyStopping counter: 15 out of 20
Updating learning rate to 1.6677181699666577e-05
	iters: 100, epoch: 21 | loss: 0.4462668
	speed: 0.3030s/iter; left time: 6854.8731s
	iters: 200, epoch: 21 | loss: 0.3479207
	speed: 0.1298s/iter; left time: 2924.1529s
Epoch: 21 cost time: 36.8673038482666
Epoch: 21, Steps: 284 | Train Loss: 0.4256909 Vali Loss: 0.4713919 Test Loss: 0.2004075
EarlyStopping counter: 16 out of 20
Updating learning rate to 1.5009463529699919e-05
	iters: 100, epoch: 22 | loss: 0.3172889
	speed: 0.3038s/iter; left time: 6786.7918s
	iters: 200, epoch: 22 | loss: 0.4253345
	speed: 0.1300s/iter; left time: 2890.5548s
Epoch: 22 cost time: 36.863985538482666
Epoch: 22, Steps: 284 | Train Loss: 0.4247414 Vali Loss: 0.4721794 Test Loss: 0.2006997
EarlyStopping counter: 17 out of 20
Updating learning rate to 1.3508517176729929e-05
	iters: 100, epoch: 23 | loss: 0.3456317
	speed: 0.3056s/iter; left time: 6740.0833s
	iters: 200, epoch: 23 | loss: 0.3334498
	speed: 0.1303s/iter; left time: 2860.2824s
Epoch: 23 cost time: 36.99158048629761
Epoch: 23, Steps: 284 | Train Loss: 0.4239112 Vali Loss: 0.4701228 Test Loss: 0.2008788
EarlyStopping counter: 18 out of 20
Updating learning rate to 1.2157665459056936e-05
	iters: 100, epoch: 24 | loss: 0.7121487
	speed: 0.3064s/iter; left time: 6670.9659s
	iters: 200, epoch: 24 | loss: 0.3771308
	speed: 0.1302s/iter; left time: 2821.3084s
Epoch: 24 cost time: 36.928794145584106
Epoch: 24, Steps: 284 | Train Loss: 0.4233009 Vali Loss: 0.4707517 Test Loss: 0.2008562
EarlyStopping counter: 19 out of 20
Updating learning rate to 1.0941898913151242e-05
	iters: 100, epoch: 25 | loss: 0.4653841
	speed: 0.3049s/iter; left time: 6550.9822s
	iters: 200, epoch: 25 | loss: 0.3394470
	speed: 0.1299s/iter; left time: 2778.5327s
Epoch: 25 cost time: 36.82725143432617
Epoch: 25, Steps: 284 | Train Loss: 0.4224637 Vali Loss: 0.4713573 Test Loss: 0.2008109
EarlyStopping counter: 20 out of 20
Early stopping
>>>>>>>testing : CMS3_weather_336_192_PatchTST_custom_ftM_sl336_ll48_pl192_dm128_nh16_el3_dl1_df256_fc1_ebtimeF_dtTrue_Exp_0<<<<<<<<<<<<<<<<<<<<<<<<<<<<<<<<<
test 10348
mse:0.19886329770088196, mae:0.24653834104537964, rse:0.5866686701774597
Args in experiment:
Namespace(random_seed=2021, is_training=1, model_id='CMS3_weather_336_336', model='PatchTST', data='custom', root_path='./dataset/', data_path='weather.csv', features='M', target='OT', freq='h', checkpoints='./checkpoints/', seq_len=336, label_len=48, pred_len=336, head_type='cms3', fc_dropout=0.2, head_dropout=0.0, patch_len=16, stride=8, padding_patch='end', revin=1, affine=0, subtract_last=0, decomposition=0, kernel_size=25, individual=0, embed_type=0, enc_in=21, dec_in=7, c_out=7, d_model=128, n_heads=16, e_layers=3, d_layers=1, d_ff=256, moving_avg=25, factor=1, distil=True, dropout=0.2, embed='timeF', activation='gelu', output_attention=False, do_predict=False, num_workers=0, itr=1, train_epochs=100, batch_size=128, patience=20, learning_rate=0.0001, des='Exp', loss='mse', lradj='type3', pct_start=0.3, use_amp=False, use_gpu=True, gpu=0, use_multi_gpu=False, devices='0,1,2,3', test_flop=False)
Use GPU: cuda:0
>>>>>>>start training : CMS3_weather_336_336_PatchTST_custom_ftM_sl336_ll48_pl336_dm128_nh16_el3_dl1_df256_fc1_ebtimeF_dtTrue_Exp_0>>>>>>>>>>>>>>>>>>>>>>>>>>
train 36216
val 4935
test 10204
	iters: 100, epoch: 1 | loss: 0.6684111
	speed: 0.1433s/iter; left time: 4026.1285s
	iters: 200, epoch: 1 | loss: 0.6315032
	speed: 0.1269s/iter; left time: 3554.7070s
Epoch: 1 cost time: 36.06310510635376
Epoch: 1, Steps: 282 | Train Loss: 0.7318987 Vali Loss: 0.7255526 Test Loss: 0.3151307
Validation loss decreased (inf --> 0.725553).  Saving model ...
Updating learning rate to 0.0001
	iters: 100, epoch: 2 | loss: 0.7867619
	speed: 0.3050s/iter; left time: 8485.8051s
	iters: 200, epoch: 2 | loss: 0.5073348
	speed: 0.1314s/iter; left time: 3641.0150s
Epoch: 2 cost time: 36.875943183898926
Epoch: 2, Steps: 282 | Train Loss: 0.6010685 Vali Loss: 0.5616423 Test Loss: 0.2561395
Validation loss decreased (0.725553 --> 0.561642).  Saving model ...
Updating learning rate to 0.0001
	iters: 100, epoch: 3 | loss: 0.5420497
	speed: 0.3080s/iter; left time: 8480.5300s
	iters: 200, epoch: 3 | loss: 0.4741046
	speed: 0.1312s/iter; left time: 3598.6601s
Epoch: 3 cost time: 36.948121070861816
Epoch: 3, Steps: 282 | Train Loss: 0.5347962 Vali Loss: 0.5473468 Test Loss: 0.2482926
Validation loss decreased (0.561642 --> 0.547347).  Saving model ...
Updating learning rate to 0.0001
	iters: 100, epoch: 4 | loss: 0.5342857
	speed: 0.3068s/iter; left time: 8361.9130s
	iters: 200, epoch: 4 | loss: 0.5304292
	speed: 0.1315s/iter; left time: 3570.2611s
Epoch: 4 cost time: 36.96492123603821
Epoch: 4, Steps: 282 | Train Loss: 0.5247727 Vali Loss: 0.5369440 Test Loss: 0.2452959
Validation loss decreased (0.547347 --> 0.536944).  Saving model ...
Updating learning rate to 9e-05
	iters: 100, epoch: 5 | loss: 0.4293903
	speed: 0.3069s/iter; left time: 8279.0173s
	iters: 200, epoch: 5 | loss: 0.6141567
	speed: 0.1313s/iter; left time: 3527.0940s
Epoch: 5 cost time: 36.87567090988159
Epoch: 5, Steps: 282 | Train Loss: 0.5183025 Vali Loss: 0.5333498 Test Loss: 0.2461387
Validation loss decreased (0.536944 --> 0.533350).  Saving model ...
Updating learning rate to 8.1e-05
	iters: 100, epoch: 6 | loss: 0.4967172
	speed: 0.3050s/iter; left time: 8139.4538s
	iters: 200, epoch: 6 | loss: 0.3811923
	speed: 0.1313s/iter; left time: 3491.9543s
Epoch: 6 cost time: 36.8917281627655
Epoch: 6, Steps: 282 | Train Loss: 0.5123284 Vali Loss: 0.5363434 Test Loss: 0.2473922
EarlyStopping counter: 1 out of 20
Updating learning rate to 7.290000000000001e-05
	iters: 100, epoch: 7 | loss: 0.5304110
	speed: 0.3041s/iter; left time: 8030.2909s
	iters: 200, epoch: 7 | loss: 0.6157724
	speed: 0.1309s/iter; left time: 3443.6514s
Epoch: 7 cost time: 36.84112787246704
Epoch: 7, Steps: 282 | Train Loss: 0.5080481 Vali Loss: 0.5347807 Test Loss: 0.2484331
EarlyStopping counter: 2 out of 20
Updating learning rate to 6.561e-05
	iters: 100, epoch: 8 | loss: 0.4494601
	speed: 0.3052s/iter; left time: 7974.9427s
	iters: 200, epoch: 8 | loss: 0.5967708
	speed: 0.1308s/iter; left time: 3404.8202s
Epoch: 8 cost time: 36.84426307678223
Epoch: 8, Steps: 282 | Train Loss: 0.5041957 Vali Loss: 0.5370857 Test Loss: 0.2489930
EarlyStopping counter: 3 out of 20
Updating learning rate to 5.904900000000001e-05
	iters: 100, epoch: 9 | loss: 0.4935330
	speed: 0.3050s/iter; left time: 7883.4639s
	iters: 200, epoch: 9 | loss: 0.4305563
	speed: 0.1304s/iter; left time: 3357.4732s
Epoch: 9 cost time: 36.81436038017273
Epoch: 9, Steps: 282 | Train Loss: 0.5002243 Vali Loss: 0.5373288 Test Loss: 0.2507799
EarlyStopping counter: 4 out of 20
Updating learning rate to 5.3144100000000005e-05
	iters: 100, epoch: 10 | loss: 0.5319566
	speed: 0.3046s/iter; left time: 7785.3393s
	iters: 200, epoch: 10 | loss: 0.4882510
	speed: 0.1304s/iter; left time: 3320.4067s
Epoch: 10 cost time: 36.72281551361084
Epoch: 10, Steps: 282 | Train Loss: 0.4978509 Vali Loss: 0.5362353 Test Loss: 0.2514687
EarlyStopping counter: 5 out of 20
Updating learning rate to 4.782969000000001e-05
	iters: 100, epoch: 11 | loss: 0.4999786
	speed: 0.3041s/iter; left time: 7689.1348s
	iters: 200, epoch: 11 | loss: 0.4569803
	speed: 0.1306s/iter; left time: 3288.5808s
Epoch: 11 cost time: 36.761733293533325
Epoch: 11, Steps: 282 | Train Loss: 0.4946376 Vali Loss: 0.5413600 Test Loss: 0.2542175
EarlyStopping counter: 6 out of 20
Updating learning rate to 4.304672100000001e-05
	iters: 100, epoch: 12 | loss: 0.4099886
	speed: 0.3034s/iter; left time: 7583.6433s
	iters: 200, epoch: 12 | loss: 0.4706905
	speed: 0.1306s/iter; left time: 3251.6673s
Epoch: 12 cost time: 36.80526947975159
Epoch: 12, Steps: 282 | Train Loss: 0.4919392 Vali Loss: 0.5396896 Test Loss: 0.2544001
EarlyStopping counter: 7 out of 20
Updating learning rate to 3.874204890000001e-05
	iters: 100, epoch: 13 | loss: 0.4128981
	speed: 0.3046s/iter; left time: 7528.5499s
	iters: 200, epoch: 13 | loss: 0.6056594
	speed: 0.1304s/iter; left time: 3209.1350s
Epoch: 13 cost time: 36.73571586608887
Epoch: 13, Steps: 282 | Train Loss: 0.4888175 Vali Loss: 0.5365150 Test Loss: 0.2552397
EarlyStopping counter: 8 out of 20
Updating learning rate to 3.486784401000001e-05
	iters: 100, epoch: 14 | loss: 0.4594407
	speed: 0.3044s/iter; left time: 7438.8925s
	iters: 200, epoch: 14 | loss: 0.4824429
	speed: 0.1306s/iter; left time: 3176.9647s
Epoch: 14 cost time: 36.779412508010864
Epoch: 14, Steps: 282 | Train Loss: 0.4868621 Vali Loss: 0.5418852 Test Loss: 0.2558536
EarlyStopping counter: 9 out of 20
Updating learning rate to 3.138105960900001e-05
	iters: 100, epoch: 15 | loss: 0.3918397
	speed: 0.3044s/iter; left time: 7352.0850s
	iters: 200, epoch: 15 | loss: 0.3849877
	speed: 0.1305s/iter; left time: 3139.6089s
Epoch: 15 cost time: 36.75170350074768
Epoch: 15, Steps: 282 | Train Loss: 0.4838731 Vali Loss: 0.5427317 Test Loss: 0.2574606
EarlyStopping counter: 10 out of 20
Updating learning rate to 2.824295364810001e-05
	iters: 100, epoch: 16 | loss: 0.3943541
	speed: 0.3041s/iter; left time: 7259.8652s
	iters: 200, epoch: 16 | loss: 0.6573373
	speed: 0.1306s/iter; left time: 3104.0709s
Epoch: 16 cost time: 36.773874044418335
Epoch: 16, Steps: 282 | Train Loss: 0.4823760 Vali Loss: 0.5418064 Test Loss: 0.2572192
EarlyStopping counter: 11 out of 20
Updating learning rate to 2.541865828329001e-05
	iters: 100, epoch: 17 | loss: 0.4608693
	speed: 0.3048s/iter; left time: 7190.9337s
	iters: 200, epoch: 17 | loss: 0.6685521
	speed: 0.1307s/iter; left time: 3069.8857s
Epoch: 17 cost time: 36.789673805236816
Epoch: 17, Steps: 282 | Train Loss: 0.4803750 Vali Loss: 0.5419559 Test Loss: 0.2594163
EarlyStopping counter: 12 out of 20
Updating learning rate to 2.287679245496101e-05
	iters: 100, epoch: 18 | loss: 0.7316135
	speed: 0.3038s/iter; left time: 7081.3232s
	iters: 200, epoch: 18 | loss: 0.4675931
	speed: 0.1306s/iter; left time: 3030.5486s
Epoch: 18 cost time: 36.8161895275116
Epoch: 18, Steps: 282 | Train Loss: 0.4777934 Vali Loss: 0.5408164 Test Loss: 0.2584876
EarlyStopping counter: 13 out of 20
Updating learning rate to 2.0589113209464907e-05
	iters: 100, epoch: 19 | loss: 0.5461746
	speed: 0.3049s/iter; left time: 7019.6025s
	iters: 200, epoch: 19 | loss: 0.5069866
	speed: 0.1306s/iter; left time: 2993.2078s
Epoch: 19 cost time: 36.80570936203003
Epoch: 19, Steps: 282 | Train Loss: 0.4769894 Vali Loss: 0.5451528 Test Loss: 0.2603953
EarlyStopping counter: 14 out of 20
Updating learning rate to 1.8530201888518416e-05
	iters: 100, epoch: 20 | loss: 0.4045650
	speed: 0.3046s/iter; left time: 6928.4765s
	iters: 200, epoch: 20 | loss: 0.4564928
	speed: 0.1306s/iter; left time: 2957.5212s
Epoch: 20 cost time: 36.776865005493164
Epoch: 20, Steps: 282 | Train Loss: 0.4759384 Vali Loss: 0.5460706 Test Loss: 0.2612660
EarlyStopping counter: 15 out of 20
Updating learning rate to 1.6677181699666577e-05
	iters: 100, epoch: 21 | loss: 0.3905513
	speed: 0.3045s/iter; left time: 6839.6915s
	iters: 200, epoch: 21 | loss: 0.4199862
	speed: 0.1307s/iter; left time: 2921.8149s
Epoch: 21 cost time: 36.75473141670227
Epoch: 21, Steps: 282 | Train Loss: 0.4750012 Vali Loss: 0.5476492 Test Loss: 0.2619858
EarlyStopping counter: 16 out of 20
Updating learning rate to 1.5009463529699919e-05
	iters: 100, epoch: 22 | loss: 0.3928383
	speed: 0.3055s/iter; left time: 6776.7918s
	iters: 200, epoch: 22 | loss: 0.3907290
	speed: 0.1308s/iter; left time: 2888.2438s
Epoch: 22 cost time: 36.804510831832886
Epoch: 22, Steps: 282 | Train Loss: 0.4729883 Vali Loss: 0.5456512 Test Loss: 0.2611303
EarlyStopping counter: 17 out of 20
Updating learning rate to 1.3508517176729929e-05
	iters: 100, epoch: 23 | loss: 0.3936547
	speed: 0.3063s/iter; left time: 6707.9192s
	iters: 200, epoch: 23 | loss: 0.5470374
	speed: 0.1306s/iter; left time: 2847.2621s
Epoch: 23 cost time: 36.807214975357056
Epoch: 23, Steps: 282 | Train Loss: 0.4725772 Vali Loss: 0.5463114 Test Loss: 0.2613246
EarlyStopping counter: 18 out of 20
Updating learning rate to 1.2157665459056936e-05
	iters: 100, epoch: 24 | loss: 0.4373147
	speed: 0.3057s/iter; left time: 6608.0081s
	iters: 200, epoch: 24 | loss: 0.4796592
	speed: 0.1307s/iter; left time: 2812.4249s
Epoch: 24 cost time: 36.78383445739746
Epoch: 24, Steps: 282 | Train Loss: 0.4716549 Vali Loss: 0.5469699 Test Loss: 0.2624114
EarlyStopping counter: 19 out of 20
Updating learning rate to 1.0941898913151242e-05
	iters: 100, epoch: 25 | loss: 0.3090710
	speed: 0.3050s/iter; left time: 6506.9779s
	iters: 200, epoch: 25 | loss: 0.6625743
	speed: 0.1306s/iter; left time: 2773.5025s
Epoch: 25 cost time: 36.812420129776
Epoch: 25, Steps: 282 | Train Loss: 0.4708418 Vali Loss: 0.5463167 Test Loss: 0.2632906
EarlyStopping counter: 20 out of 20
Early stopping
>>>>>>>testing : CMS3_weather_336_336_PatchTST_custom_ftM_sl336_ll48_pl336_dm128_nh16_el3_dl1_df256_fc1_ebtimeF_dtTrue_Exp_0<<<<<<<<<<<<<<<<<<<<<<<<<<<<<<<<<
test 10204
mse:0.2501959800720215, mae:0.28651970624923706, rse:0.6570558547973633
Args in experiment:
Namespace(random_seed=2021, is_training=1, model_id='CMS3_weather_336_720', model='PatchTST', data='custom', root_path='./dataset/', data_path='weather.csv', features='M', target='OT', freq='h', checkpoints='./checkpoints/', seq_len=336, label_len=48, pred_len=720, head_type='cms3', fc_dropout=0.2, head_dropout=0.0, patch_len=16, stride=8, padding_patch='end', revin=1, affine=0, subtract_last=0, decomposition=0, kernel_size=25, individual=0, embed_type=0, enc_in=21, dec_in=7, c_out=7, d_model=128, n_heads=16, e_layers=3, d_layers=1, d_ff=256, moving_avg=25, factor=1, distil=True, dropout=0.2, embed='timeF', activation='gelu', output_attention=False, do_predict=False, num_workers=0, itr=1, train_epochs=100, batch_size=128, patience=20, learning_rate=0.0001, des='Exp', loss='mse', lradj='type3', pct_start=0.3, use_amp=False, use_gpu=True, gpu=0, use_multi_gpu=False, devices='0,1,2,3', test_flop=False)
Use GPU: cuda:0
>>>>>>>start training : CMS3_weather_336_720_PatchTST_custom_ftM_sl336_ll48_pl720_dm128_nh16_el3_dl1_df256_fc1_ebtimeF_dtTrue_Exp_0>>>>>>>>>>>>>>>>>>>>>>>>>>
train 35832
val 4551
test 9820
	iters: 100, epoch: 1 | loss: 0.8449375
	speed: 0.1414s/iter; left time: 3930.1171s
	iters: 200, epoch: 1 | loss: 0.7509958
	speed: 0.1286s/iter; left time: 3563.1160s
Epoch: 1 cost time: 36.0232470035553
Epoch: 1, Steps: 279 | Train Loss: 0.7844816 Vali Loss: 0.8036574 Test Loss: 0.3654268
Validation loss decreased (inf --> 0.803657).  Saving model ...
Updating learning rate to 0.0001
	iters: 100, epoch: 2 | loss: 0.7154440
	speed: 0.3092s/iter; left time: 8511.0587s
	iters: 200, epoch: 2 | loss: 0.6368047
	speed: 0.1328s/iter; left time: 3640.6947s
Epoch: 2 cost time: 36.94619536399841
Epoch: 2, Steps: 279 | Train Loss: 0.6755780 Vali Loss: 0.6757413 Test Loss: 0.3295951
Validation loss decreased (0.803657 --> 0.675741).  Saving model ...
Updating learning rate to 0.0001
	iters: 100, epoch: 3 | loss: 0.5722040
	speed: 0.3130s/iter; left time: 8526.6334s
	iters: 200, epoch: 3 | loss: 0.5297362
	speed: 0.1325s/iter; left time: 3597.1621s
Epoch: 3 cost time: 36.91527771949768
Epoch: 3, Steps: 279 | Train Loss: 0.6066942 Vali Loss: 0.6512041 Test Loss: 0.3190296
Validation loss decreased (0.675741 --> 0.651204).  Saving model ...
Updating learning rate to 0.0001
	iters: 100, epoch: 4 | loss: 0.6076430
	speed: 0.3096s/iter; left time: 8347.9860s
	iters: 200, epoch: 4 | loss: 0.5231018
	speed: 0.1323s/iter; left time: 3554.7761s
Epoch: 4 cost time: 36.90356421470642
Epoch: 4, Steps: 279 | Train Loss: 0.5930705 Vali Loss: 0.6444941 Test Loss: 0.3209448
Validation loss decreased (0.651204 --> 0.644494).  Saving model ...
Updating learning rate to 9e-05
	iters: 100, epoch: 5 | loss: 0.5818890
	speed: 0.3079s/iter; left time: 8215.3859s
	iters: 200, epoch: 5 | loss: 0.5799972
	speed: 0.1324s/iter; left time: 3520.3648s
Epoch: 5 cost time: 36.85308909416199
Epoch: 5, Steps: 279 | Train Loss: 0.5833774 Vali Loss: 0.6396890 Test Loss: 0.3228426
Validation loss decreased (0.644494 --> 0.639689).  Saving model ...
Updating learning rate to 8.1e-05
	iters: 100, epoch: 6 | loss: 0.4921691
	speed: 0.3072s/iter; left time: 8111.5733s
	iters: 200, epoch: 6 | loss: 0.5683570
	speed: 0.1323s/iter; left time: 3480.4811s
Epoch: 6 cost time: 36.84742021560669
Epoch: 6, Steps: 279 | Train Loss: 0.5763521 Vali Loss: 0.6441941 Test Loss: 0.3275911
EarlyStopping counter: 1 out of 20
Updating learning rate to 7.290000000000001e-05
	iters: 100, epoch: 7 | loss: 0.6200398
	speed: 0.3070s/iter; left time: 8020.0452s
	iters: 200, epoch: 7 | loss: 0.6086326
	speed: 0.1321s/iter; left time: 3437.1161s
Epoch: 7 cost time: 36.79528498649597
Epoch: 7, Steps: 279 | Train Loss: 0.5698302 Vali Loss: 0.6421269 Test Loss: 0.3309640
EarlyStopping counter: 2 out of 20
Updating learning rate to 6.561e-05
	iters: 100, epoch: 8 | loss: 0.5753902
	speed: 0.3072s/iter; left time: 7940.6278s
	iters: 200, epoch: 8 | loss: 0.5116646
	speed: 0.1324s/iter; left time: 3409.2517s
Epoch: 8 cost time: 36.851459980010986
Epoch: 8, Steps: 279 | Train Loss: 0.5640984 Vali Loss: 0.6497015 Test Loss: 0.3345246
EarlyStopping counter: 3 out of 20
Updating learning rate to 5.904900000000001e-05
	iters: 100, epoch: 9 | loss: 0.7066923
	speed: 0.3071s/iter; left time: 7852.8533s
	iters: 200, epoch: 9 | loss: 0.5288219
	speed: 0.1320s/iter; left time: 3362.5316s
Epoch: 9 cost time: 36.827446699142456
Epoch: 9, Steps: 279 | Train Loss: 0.5591904 Vali Loss: 0.6479115 Test Loss: 0.3358463
EarlyStopping counter: 4 out of 20
Updating learning rate to 5.3144100000000005e-05
	iters: 100, epoch: 10 | loss: 0.4421952
	speed: 0.3068s/iter; left time: 7758.0268s
	iters: 200, epoch: 10 | loss: 0.4934650
	speed: 0.1320s/iter; left time: 3324.9139s
Epoch: 10 cost time: 36.768120527267456
Epoch: 10, Steps: 279 | Train Loss: 0.5545517 Vali Loss: 0.6529812 Test Loss: 0.3379135
EarlyStopping counter: 5 out of 20
Updating learning rate to 4.782969000000001e-05
	iters: 100, epoch: 11 | loss: 0.5060483
	speed: 0.3074s/iter; left time: 7687.3212s
	iters: 200, epoch: 11 | loss: 0.5008340
	speed: 0.1580s/iter; left time: 3937.1471s
Epoch: 11 cost time: 39.39252758026123
Epoch: 11, Steps: 279 | Train Loss: 0.5508675 Vali Loss: 0.6604911 Test Loss: 0.3412317
EarlyStopping counter: 6 out of 20
Updating learning rate to 4.304672100000001e-05
	iters: 100, epoch: 12 | loss: 0.5595472
	speed: 0.3088s/iter; left time: 7638.0882s
	iters: 200, epoch: 12 | loss: 0.4900604
	speed: 0.1326s/iter; left time: 3266.6708s
Epoch: 12 cost time: 36.883052587509155
Epoch: 12, Steps: 279 | Train Loss: 0.5469758 Vali Loss: 0.6565858 Test Loss: 0.3409971
EarlyStopping counter: 7 out of 20
Updating learning rate to 3.874204890000001e-05
	iters: 100, epoch: 13 | loss: 0.4677786
	speed: 0.3109s/iter; left time: 7601.3568s
	iters: 200, epoch: 13 | loss: 0.6308667
	speed: 0.1335s/iter; left time: 3251.2655s
Epoch: 13 cost time: 37.18819570541382
Epoch: 13, Steps: 279 | Train Loss: 0.5437498 Vali Loss: 0.6605826 Test Loss: 0.3430095
EarlyStopping counter: 8 out of 20
Updating learning rate to 3.486784401000001e-05
	iters: 100, epoch: 14 | loss: 0.5054227
	speed: 0.3116s/iter; left time: 7533.3772s
	iters: 200, epoch: 14 | loss: 0.6836919
	speed: 0.1339s/iter; left time: 3224.1545s
Epoch: 14 cost time: 37.25637173652649
Epoch: 14, Steps: 279 | Train Loss: 0.5408112 Vali Loss: 0.6602299 Test Loss: 0.3416849
EarlyStopping counter: 9 out of 20
Updating learning rate to 3.138105960900001e-05
	iters: 100, epoch: 15 | loss: 0.5033646
	speed: 0.3104s/iter; left time: 7417.3557s
	iters: 200, epoch: 15 | loss: 0.4777718
	speed: 0.1339s/iter; left time: 3186.3611s
Epoch: 15 cost time: 37.302549600601196
Epoch: 15, Steps: 279 | Train Loss: 0.5379100 Vali Loss: 0.6703269 Test Loss: 0.3463557
EarlyStopping counter: 10 out of 20
Updating learning rate to 2.824295364810001e-05
	iters: 100, epoch: 16 | loss: 0.5139614
	speed: 0.3126s/iter; left time: 7381.1939s
	iters: 200, epoch: 16 | loss: 0.5152194
	speed: 0.1339s/iter; left time: 3148.4297s
Epoch: 16 cost time: 37.29832625389099
Epoch: 16, Steps: 279 | Train Loss: 0.5351614 Vali Loss: 0.6676812 Test Loss: 0.3489069
EarlyStopping counter: 11 out of 20
Updating learning rate to 2.541865828329001e-05
	iters: 100, epoch: 17 | loss: 0.5615078
	speed: 0.3118s/iter; left time: 7277.2567s
	iters: 200, epoch: 17 | loss: 0.5504898
	speed: 0.1337s/iter; left time: 3107.8253s
Epoch: 17 cost time: 37.27506875991821
Epoch: 17, Steps: 279 | Train Loss: 0.5332152 Vali Loss: 0.6733357 Test Loss: 0.3499930
EarlyStopping counter: 12 out of 20
Updating learning rate to 2.287679245496101e-05
	iters: 100, epoch: 18 | loss: 0.5566164
	speed: 0.3115s/iter; left time: 7183.6689s
	iters: 200, epoch: 18 | loss: 0.4874436
	speed: 0.1339s/iter; left time: 3073.5131s
Epoch: 18 cost time: 37.31932759284973
Epoch: 18, Steps: 279 | Train Loss: 0.5309979 Vali Loss: 0.6736066 Test Loss: 0.3491731
EarlyStopping counter: 13 out of 20
Updating learning rate to 2.0589113209464907e-05
	iters: 100, epoch: 19 | loss: 0.6459437
	speed: 0.3115s/iter; left time: 7096.6433s
	iters: 200, epoch: 19 | loss: 0.6323168
	speed: 0.1337s/iter; left time: 3033.0835s
Epoch: 19 cost time: 37.220069885253906
Epoch: 19, Steps: 279 | Train Loss: 0.5293529 Vali Loss: 0.6739264 Test Loss: 0.3497981
EarlyStopping counter: 14 out of 20
Updating learning rate to 1.8530201888518416e-05
	iters: 100, epoch: 20 | loss: 0.4753560
	speed: 0.3107s/iter; left time: 6990.1053s
	iters: 200, epoch: 20 | loss: 0.6110998
	speed: 0.1333s/iter; left time: 2986.7128s
Epoch: 20 cost time: 37.16529130935669
Epoch: 20, Steps: 279 | Train Loss: 0.5272889 Vali Loss: 0.6773575 Test Loss: 0.3517654
EarlyStopping counter: 15 out of 20
Updating learning rate to 1.6677181699666577e-05
	iters: 100, epoch: 21 | loss: 0.5994682
	speed: 0.3104s/iter; left time: 6896.5910s
	iters: 200, epoch: 21 | loss: 0.4768264
	speed: 0.1335s/iter; left time: 2953.8615s
Epoch: 21 cost time: 37.19794034957886
Epoch: 21, Steps: 279 | Train Loss: 0.5261078 Vali Loss: 0.6747689 Test Loss: 0.3504384
EarlyStopping counter: 16 out of 20
Updating learning rate to 1.5009463529699919e-05
	iters: 100, epoch: 22 | loss: 0.4868428
	speed: 0.3104s/iter; left time: 6811.6044s
	iters: 200, epoch: 22 | loss: 0.5040859
	speed: 0.1334s/iter; left time: 2913.3321s
Epoch: 22 cost time: 37.0972535610199
Epoch: 22, Steps: 279 | Train Loss: 0.5247687 Vali Loss: 0.6799538 Test Loss: 0.3552281
EarlyStopping counter: 17 out of 20
Updating learning rate to 1.3508517176729929e-05
	iters: 100, epoch: 23 | loss: 0.5266489
	speed: 0.3102s/iter; left time: 6720.7756s
	iters: 200, epoch: 23 | loss: 0.4914512
	speed: 0.1331s/iter; left time: 2869.9354s
Epoch: 23 cost time: 37.103803634643555
Epoch: 23, Steps: 279 | Train Loss: 0.5235316 Vali Loss: 0.6786202 Test Loss: 0.3530897
EarlyStopping counter: 18 out of 20
Updating learning rate to 1.2157665459056936e-05
	iters: 100, epoch: 24 | loss: 0.5129603
	speed: 0.3109s/iter; left time: 6647.7594s
	iters: 200, epoch: 24 | loss: 0.5088148
	speed: 0.1333s/iter; left time: 2837.0185s
Epoch: 24 cost time: 37.1073682308197
Epoch: 24, Steps: 279 | Train Loss: 0.5227284 Vali Loss: 0.6815417 Test Loss: 0.3556248
EarlyStopping counter: 19 out of 20
Updating learning rate to 1.0941898913151242e-05
	iters: 100, epoch: 25 | loss: 0.5422378
	speed: 0.3098s/iter; left time: 6537.9613s
	iters: 200, epoch: 25 | loss: 0.4744181
	speed: 0.1330s/iter; left time: 2794.0653s
Epoch: 25 cost time: 37.04221868515015
Epoch: 25, Steps: 279 | Train Loss: 0.5212198 Vali Loss: 0.6801206 Test Loss: 0.3548306
EarlyStopping counter: 20 out of 20
Early stopping
>>>>>>>testing : CMS3_weather_336_720_PatchTST_custom_ftM_sl336_ll48_pl720_dm128_nh16_el3_dl1_df256_fc1_ebtimeF_dtTrue_Exp_0<<<<<<<<<<<<<<<<<<<<<<<<<<<<<<<<<
test 9820
mse:0.33036407828330994, mae:0.34214678406715393, rse:0.7582541704177856
