==========================================================
Lanzando Experimento: CMS3_etth2 | Dataset: etth2
==========================================================
Args in experiment:
Namespace(random_seed=2021, is_training=1, model_id='CMS3_etth2_336_96', model='PatchTST', data='ETTh2', root_path='./dataset/', data_path='ETTh2.csv', features='M', target='OT', freq='h', checkpoints='./checkpoints/', seq_len=336, label_len=48, pred_len=96, head_type='cms3', fc_dropout=0.3, head_dropout=0.0, patch_len=16, stride=8, padding_patch='end', revin=1, affine=0, subtract_last=0, decomposition=0, kernel_size=25, individual=0, embed_type=0, enc_in=7, dec_in=7, c_out=7, d_model=16, n_heads=4, e_layers=3, d_layers=1, d_ff=128, moving_avg=25, factor=1, distil=True, dropout=0.3, embed='timeF', activation='gelu', output_attention=False, do_predict=False, num_workers=0, itr=1, train_epochs=100, batch_size=128, patience=100, learning_rate=0.0001, des='Exp', loss='mse', lradj='type3', pct_start=0.3, use_amp=False, use_gpu=True, gpu=0, use_multi_gpu=False, devices='0,1,2,3', test_flop=False)
Use GPU: cuda:0
>>>>>>>start training : CMS3_etth2_336_96_PatchTST_ETTh2_ftM_sl336_ll48_pl96_dm16_nh4_el3_dl1_df128_fc1_ebtimeF_dtTrue_Exp_0>>>>>>>>>>>>>>>>>>>>>>>>>>
train 8209
val 2785
test 2785
Epoch: 1 cost time: 1.7843945026397705
Epoch: 1, Steps: 64 | Train Loss: 0.5784823 Vali Loss: 0.3347972 Test Loss: 0.3722988
Validation loss decreased (inf --> 0.334797).  Saving model ...
Updating learning rate to 0.0001
Epoch: 2 cost time: 1.0580353736877441
Epoch: 2, Steps: 64 | Train Loss: 0.5567368 Vali Loss: 0.2915139 Test Loss: 0.3443674
Validation loss decreased (0.334797 --> 0.291514).  Saving model ...
Updating learning rate to 0.0001
Epoch: 3 cost time: 1.0416057109832764
Epoch: 3, Steps: 64 | Train Loss: 0.4825248 Vali Loss: 0.2453164 Test Loss: 0.3120452
Validation loss decreased (0.291514 --> 0.245316).  Saving model ...
Updating learning rate to 0.0001
Epoch: 4 cost time: 1.0401134490966797
Epoch: 4, Steps: 64 | Train Loss: 0.4319716 Vali Loss: 0.2318838 Test Loss: 0.3035432
Validation loss decreased (0.245316 --> 0.231884).  Saving model ...
Updating learning rate to 9e-05
Epoch: 5 cost time: 1.040295124053955
Epoch: 5, Steps: 64 | Train Loss: 0.4110243 Vali Loss: 0.2278063 Test Loss: 0.3001943
Validation loss decreased (0.231884 --> 0.227806).  Saving model ...
Updating learning rate to 8.1e-05
Epoch: 6 cost time: 1.0405633449554443
Epoch: 6, Steps: 64 | Train Loss: 0.3992241 Vali Loss: 0.2253137 Test Loss: 0.2977420
Validation loss decreased (0.227806 --> 0.225314).  Saving model ...
Updating learning rate to 7.290000000000001e-05
Epoch: 7 cost time: 1.047987461090088
Epoch: 7, Steps: 64 | Train Loss: 0.3904150 Vali Loss: 0.2214906 Test Loss: 0.2985561
Validation loss decreased (0.225314 --> 0.221491).  Saving model ...
Updating learning rate to 6.561e-05
Epoch: 8 cost time: 1.0435404777526855
Epoch: 8, Steps: 64 | Train Loss: 0.3845630 Vali Loss: 0.2206117 Test Loss: 0.2966534
Validation loss decreased (0.221491 --> 0.220612).  Saving model ...
Updating learning rate to 5.904900000000001e-05
Epoch: 9 cost time: 1.041640281677246
Epoch: 9, Steps: 64 | Train Loss: 0.3802585 Vali Loss: 0.2189334 Test Loss: 0.2965911
Validation loss decreased (0.220612 --> 0.218933).  Saving model ...
Updating learning rate to 5.3144100000000005e-05
Epoch: 10 cost time: 1.0462093353271484
Epoch: 10, Steps: 64 | Train Loss: 0.3753780 Vali Loss: 0.2183234 Test Loss: 0.2970844
Validation loss decreased (0.218933 --> 0.218323).  Saving model ...
Updating learning rate to 4.782969000000001e-05
Epoch: 11 cost time: 1.0507597923278809
Epoch: 11, Steps: 64 | Train Loss: 0.3703894 Vali Loss: 0.2173116 Test Loss: 0.2975553
Validation loss decreased (0.218323 --> 0.217312).  Saving model ...
Updating learning rate to 4.304672100000001e-05
Epoch: 12 cost time: 1.0453145503997803
Epoch: 12, Steps: 64 | Train Loss: 0.3693194 Vali Loss: 0.2174737 Test Loss: 0.2973983
EarlyStopping counter: 1 out of 100
Updating learning rate to 3.874204890000001e-05
Epoch: 13 cost time: 1.0439655780792236
Epoch: 13, Steps: 64 | Train Loss: 0.3658650 Vali Loss: 0.2174284 Test Loss: 0.2969401
EarlyStopping counter: 2 out of 100
Updating learning rate to 3.486784401000001e-05
Epoch: 14 cost time: 1.0491833686828613
Epoch: 14, Steps: 64 | Train Loss: 0.3629667 Vali Loss: 0.2174947 Test Loss: 0.2989111
EarlyStopping counter: 3 out of 100
Updating learning rate to 3.138105960900001e-05
Epoch: 15 cost time: 1.0462825298309326
Epoch: 15, Steps: 64 | Train Loss: 0.3603634 Vali Loss: 0.2182586 Test Loss: 0.2976924
EarlyStopping counter: 4 out of 100
Updating learning rate to 2.824295364810001e-05
Epoch: 16 cost time: 1.0440094470977783
Epoch: 16, Steps: 64 | Train Loss: 0.3585846 Vali Loss: 0.2164713 Test Loss: 0.2989666
Validation loss decreased (0.217312 --> 0.216471).  Saving model ...
Updating learning rate to 2.541865828329001e-05
Epoch: 17 cost time: 1.0526885986328125
Epoch: 17, Steps: 64 | Train Loss: 0.3565679 Vali Loss: 0.2175229 Test Loss: 0.2992298
EarlyStopping counter: 1 out of 100
Updating learning rate to 2.287679245496101e-05
Epoch: 18 cost time: 1.0513432025909424
Epoch: 18, Steps: 64 | Train Loss: 0.3561500 Vali Loss: 0.2164331 Test Loss: 0.2991350
Validation loss decreased (0.216471 --> 0.216433).  Saving model ...
Updating learning rate to 2.0589113209464907e-05
Epoch: 19 cost time: 1.0434467792510986
Epoch: 19, Steps: 64 | Train Loss: 0.3548609 Vali Loss: 0.2183229 Test Loss: 0.2997224
EarlyStopping counter: 1 out of 100
Updating learning rate to 1.8530201888518416e-05
Epoch: 20 cost time: 1.0463974475860596
Epoch: 20, Steps: 64 | Train Loss: 0.3536844 Vali Loss: 0.2183029 Test Loss: 0.2991163
EarlyStopping counter: 2 out of 100
Updating learning rate to 1.6677181699666577e-05
Epoch: 21 cost time: 1.0473065376281738
Epoch: 21, Steps: 64 | Train Loss: 0.3523084 Vali Loss: 0.2180863 Test Loss: 0.2999309
EarlyStopping counter: 3 out of 100
Updating learning rate to 1.5009463529699919e-05
Epoch: 22 cost time: 1.0530328750610352
Epoch: 22, Steps: 64 | Train Loss: 0.3508484 Vali Loss: 0.2171844 Test Loss: 0.3001872
EarlyStopping counter: 4 out of 100
Updating learning rate to 1.3508517176729929e-05
Epoch: 23 cost time: 1.0508654117584229
Epoch: 23, Steps: 64 | Train Loss: 0.3504964 Vali Loss: 0.2177736 Test Loss: 0.3003811
EarlyStopping counter: 5 out of 100
Updating learning rate to 1.2157665459056936e-05
Epoch: 24 cost time: 1.0534346103668213
Epoch: 24, Steps: 64 | Train Loss: 0.3500263 Vali Loss: 0.2176409 Test Loss: 0.2998587
EarlyStopping counter: 6 out of 100
Updating learning rate to 1.0941898913151242e-05
Epoch: 25 cost time: 1.0493106842041016
Epoch: 25, Steps: 64 | Train Loss: 0.3489737 Vali Loss: 0.2176285 Test Loss: 0.3005155
EarlyStopping counter: 7 out of 100
Updating learning rate to 9.847709021836118e-06
Epoch: 26 cost time: 1.0517456531524658
Epoch: 26, Steps: 64 | Train Loss: 0.3478391 Vali Loss: 0.2168826 Test Loss: 0.3007558
EarlyStopping counter: 8 out of 100
Updating learning rate to 8.862938119652508e-06
Epoch: 27 cost time: 1.0450706481933594
Epoch: 27, Steps: 64 | Train Loss: 0.3481806 Vali Loss: 0.2174512 Test Loss: 0.3009247
EarlyStopping counter: 9 out of 100
Updating learning rate to 7.976644307687255e-06
Epoch: 28 cost time: 1.0474917888641357
Epoch: 28, Steps: 64 | Train Loss: 0.3471641 Vali Loss: 0.2183926 Test Loss: 0.3009866
EarlyStopping counter: 10 out of 100
Updating learning rate to 7.178979876918531e-06
Epoch: 29 cost time: 1.0521528720855713
Epoch: 29, Steps: 64 | Train Loss: 0.3476503 Vali Loss: 0.2167336 Test Loss: 0.3009732
EarlyStopping counter: 11 out of 100
Updating learning rate to 6.4610818892266776e-06
Epoch: 30 cost time: 1.0552740097045898
Epoch: 30, Steps: 64 | Train Loss: 0.3468209 Vali Loss: 0.2173340 Test Loss: 0.3014175
EarlyStopping counter: 12 out of 100
Updating learning rate to 5.8149737003040096e-06
Epoch: 31 cost time: 1.054506778717041
Epoch: 31, Steps: 64 | Train Loss: 0.3463713 Vali Loss: 0.2172141 Test Loss: 0.3012236
EarlyStopping counter: 13 out of 100
Updating learning rate to 5.23347633027361e-06
Epoch: 32 cost time: 1.0776135921478271
Epoch: 32, Steps: 64 | Train Loss: 0.3458064 Vali Loss: 0.2176358 Test Loss: 0.3015141
EarlyStopping counter: 14 out of 100
Updating learning rate to 4.710128697246249e-06
Epoch: 33 cost time: 1.058056354522705
Epoch: 33, Steps: 64 | Train Loss: 0.3453126 Vali Loss: 0.2177940 Test Loss: 0.3016506
EarlyStopping counter: 15 out of 100
Updating learning rate to 4.239115827521624e-06
Epoch: 34 cost time: 1.0662593841552734
Epoch: 34, Steps: 64 | Train Loss: 0.3456837 Vali Loss: 0.2171291 Test Loss: 0.3011174
EarlyStopping counter: 16 out of 100
Updating learning rate to 3.815204244769462e-06
Epoch: 35 cost time: 1.060715675354004
Epoch: 35, Steps: 64 | Train Loss: 0.3452074 Vali Loss: 0.2169297 Test Loss: 0.3016247
EarlyStopping counter: 17 out of 100
Updating learning rate to 3.4336838202925152e-06
Epoch: 36 cost time: 1.0555751323699951
Epoch: 36, Steps: 64 | Train Loss: 0.3447633 Vali Loss: 0.2172248 Test Loss: 0.3015438
EarlyStopping counter: 18 out of 100
Updating learning rate to 3.090315438263264e-06
Epoch: 37 cost time: 1.062239170074463
Epoch: 37, Steps: 64 | Train Loss: 0.3450465 Vali Loss: 0.2168936 Test Loss: 0.3018809
EarlyStopping counter: 19 out of 100
Updating learning rate to 2.7812838944369375e-06
Epoch: 38 cost time: 1.0657613277435303
Epoch: 38, Steps: 64 | Train Loss: 0.3449834 Vali Loss: 0.2182390 Test Loss: 0.3019668
EarlyStopping counter: 20 out of 100
Updating learning rate to 2.503155504993244e-06
Epoch: 39 cost time: 1.0608620643615723
Epoch: 39, Steps: 64 | Train Loss: 0.3445159 Vali Loss: 0.2174783 Test Loss: 0.3016466
EarlyStopping counter: 21 out of 100
Updating learning rate to 2.2528399544939195e-06
Epoch: 40 cost time: 1.0620887279510498
Epoch: 40, Steps: 64 | Train Loss: 0.3446116 Vali Loss: 0.2178112 Test Loss: 0.3019608
EarlyStopping counter: 22 out of 100
Updating learning rate to 2.0275559590445276e-06
Epoch: 41 cost time: 1.077664852142334
Epoch: 41, Steps: 64 | Train Loss: 0.3438076 Vali Loss: 0.2177638 Test Loss: 0.3016405
EarlyStopping counter: 23 out of 100
Updating learning rate to 1.8248003631400751e-06
Epoch: 42 cost time: 1.0584723949432373
Epoch: 42, Steps: 64 | Train Loss: 0.3439575 Vali Loss: 0.2178167 Test Loss: 0.3019653
EarlyStopping counter: 24 out of 100
Updating learning rate to 1.6423203268260676e-06
Epoch: 43 cost time: 1.052647590637207
Epoch: 43, Steps: 64 | Train Loss: 0.3441811 Vali Loss: 0.2173652 Test Loss: 0.3017464
EarlyStopping counter: 25 out of 100
Updating learning rate to 1.4780882941434609e-06
Epoch: 44 cost time: 1.0530307292938232
Epoch: 44, Steps: 64 | Train Loss: 0.3434942 Vali Loss: 0.2178319 Test Loss: 0.3018771
EarlyStopping counter: 26 out of 100
Updating learning rate to 1.3302794647291146e-06
Epoch: 45 cost time: 1.0690886974334717
Epoch: 45, Steps: 64 | Train Loss: 0.3437157 Vali Loss: 0.2176438 Test Loss: 0.3017262
EarlyStopping counter: 27 out of 100
Updating learning rate to 1.1972515182562034e-06
Epoch: 46 cost time: 1.0505523681640625
Epoch: 46, Steps: 64 | Train Loss: 0.3443989 Vali Loss: 0.2166054 Test Loss: 0.3020366
EarlyStopping counter: 28 out of 100
Updating learning rate to 1.077526366430583e-06
Epoch: 47 cost time: 1.061145544052124
Epoch: 47, Steps: 64 | Train Loss: 0.3434320 Vali Loss: 0.2172755 Test Loss: 0.3019764
EarlyStopping counter: 29 out of 100
Updating learning rate to 9.697737297875248e-07
Epoch: 48 cost time: 1.0529181957244873
Epoch: 48, Steps: 64 | Train Loss: 0.3437027 Vali Loss: 0.2174817 Test Loss: 0.3017317
EarlyStopping counter: 30 out of 100
Updating learning rate to 8.727963568087723e-07
Epoch: 49 cost time: 1.0637266635894775
Epoch: 49, Steps: 64 | Train Loss: 0.3442239 Vali Loss: 0.2179689 Test Loss: 0.3019891
EarlyStopping counter: 31 out of 100
Updating learning rate to 7.855167211278951e-07
Epoch: 50 cost time: 1.051504135131836
Epoch: 50, Steps: 64 | Train Loss: 0.3433363 Vali Loss: 0.2185427 Test Loss: 0.3020377
EarlyStopping counter: 32 out of 100
Updating learning rate to 7.069650490151056e-07
Epoch: 51 cost time: 1.056668758392334
Epoch: 51, Steps: 64 | Train Loss: 0.3437943 Vali Loss: 0.2169992 Test Loss: 0.3022778
EarlyStopping counter: 33 out of 100
Updating learning rate to 6.36268544113595e-07
Epoch: 52 cost time: 1.059260606765747
Epoch: 52, Steps: 64 | Train Loss: 0.3440760 Vali Loss: 0.2171855 Test Loss: 0.3020027
EarlyStopping counter: 34 out of 100
Updating learning rate to 5.726416897022355e-07
Epoch: 53 cost time: 1.0721468925476074
Epoch: 53, Steps: 64 | Train Loss: 0.3437910 Vali Loss: 0.2181986 Test Loss: 0.3019624
EarlyStopping counter: 35 out of 100
Updating learning rate to 5.15377520732012e-07
Epoch: 54 cost time: 1.0683143138885498
Epoch: 54, Steps: 64 | Train Loss: 0.3436862 Vali Loss: 0.2175705 Test Loss: 0.3018748
EarlyStopping counter: 36 out of 100
Updating learning rate to 4.6383976865881085e-07
Epoch: 55 cost time: 1.0671348571777344
Epoch: 55, Steps: 64 | Train Loss: 0.3430568 Vali Loss: 0.2163836 Test Loss: 0.3021966
Validation loss decreased (0.216433 --> 0.216384).  Saving model ...
Updating learning rate to 4.174557917929298e-07
Epoch: 56 cost time: 1.0685124397277832
Epoch: 56, Steps: 64 | Train Loss: 0.3422030 Vali Loss: 0.2170726 Test Loss: 0.3021206
EarlyStopping counter: 1 out of 100
Updating learning rate to 3.7571021261363677e-07
Epoch: 57 cost time: 1.0558617115020752
Epoch: 57, Steps: 64 | Train Loss: 0.3433385 Vali Loss: 0.2176389 Test Loss: 0.3020246
EarlyStopping counter: 2 out of 100
Updating learning rate to 3.381391913522731e-07
Epoch: 58 cost time: 1.079498291015625
Epoch: 58, Steps: 64 | Train Loss: 0.3429988 Vali Loss: 0.2159438 Test Loss: 0.3018675
Validation loss decreased (0.216384 --> 0.215944).  Saving model ...
Updating learning rate to 3.043252722170458e-07
Epoch: 59 cost time: 1.0592827796936035
Epoch: 59, Steps: 64 | Train Loss: 0.3447979 Vali Loss: 0.2171004 Test Loss: 0.3017995
EarlyStopping counter: 1 out of 100
Updating learning rate to 2.7389274499534124e-07
Epoch: 60 cost time: 1.0430192947387695
Epoch: 60, Steps: 64 | Train Loss: 0.3426994 Vali Loss: 0.2170064 Test Loss: 0.3020216
EarlyStopping counter: 2 out of 100
Updating learning rate to 2.465034704958071e-07
Epoch: 61 cost time: 1.0404987335205078
Epoch: 61, Steps: 64 | Train Loss: 0.3426990 Vali Loss: 0.2175776 Test Loss: 0.3018646
EarlyStopping counter: 3 out of 100
Updating learning rate to 2.218531234462264e-07
Epoch: 62 cost time: 1.0363349914550781
Epoch: 62, Steps: 64 | Train Loss: 0.3425267 Vali Loss: 0.2175873 Test Loss: 0.3019499
EarlyStopping counter: 4 out of 100
Updating learning rate to 1.9966781110160376e-07
Epoch: 63 cost time: 1.0512042045593262
Epoch: 63, Steps: 64 | Train Loss: 0.3431879 Vali Loss: 0.2173821 Test Loss: 0.3023988
EarlyStopping counter: 5 out of 100
Updating learning rate to 1.797010299914434e-07
Epoch: 64 cost time: 1.0433804988861084
Epoch: 64, Steps: 64 | Train Loss: 0.3433417 Vali Loss: 0.2170545 Test Loss: 0.3020732
EarlyStopping counter: 6 out of 100
Updating learning rate to 1.6173092699229907e-07
Epoch: 65 cost time: 1.0428173542022705
Epoch: 65, Steps: 64 | Train Loss: 0.3427789 Vali Loss: 0.2168145 Test Loss: 0.3020555
EarlyStopping counter: 7 out of 100
Updating learning rate to 1.4555783429306916e-07
Epoch: 66 cost time: 1.0491268634796143
Epoch: 66, Steps: 64 | Train Loss: 0.3423285 Vali Loss: 0.2171795 Test Loss: 0.3016199
EarlyStopping counter: 8 out of 100
Updating learning rate to 1.3100205086376224e-07
Epoch: 67 cost time: 1.0469708442687988
Epoch: 67, Steps: 64 | Train Loss: 0.3435974 Vali Loss: 0.2173356 Test Loss: 0.3019071
EarlyStopping counter: 9 out of 100
Updating learning rate to 1.1790184577738603e-07
Epoch: 68 cost time: 1.0466036796569824
Epoch: 68, Steps: 64 | Train Loss: 0.3425002 Vali Loss: 0.2169066 Test Loss: 0.3020429
EarlyStopping counter: 10 out of 100
Updating learning rate to 1.0611166119964742e-07
Epoch: 69 cost time: 1.044593334197998
Epoch: 69, Steps: 64 | Train Loss: 0.3431764 Vali Loss: 0.2174263 Test Loss: 0.3020464
EarlyStopping counter: 11 out of 100
Updating learning rate to 9.550049507968268e-08
Epoch: 70 cost time: 1.0445189476013184
Epoch: 70, Steps: 64 | Train Loss: 0.3436139 Vali Loss: 0.2173199 Test Loss: 0.3019137
EarlyStopping counter: 12 out of 100
Updating learning rate to 8.595044557171442e-08
Epoch: 71 cost time: 1.0508849620819092
Epoch: 71, Steps: 64 | Train Loss: 0.3426527 Vali Loss: 0.2179351 Test Loss: 0.3023132
EarlyStopping counter: 13 out of 100
Updating learning rate to 7.735540101454298e-08
Epoch: 72 cost time: 1.048147439956665
Epoch: 72, Steps: 64 | Train Loss: 0.3436466 Vali Loss: 0.2175158 Test Loss: 0.3020817
EarlyStopping counter: 14 out of 100
Updating learning rate to 6.961986091308869e-08
Epoch: 73 cost time: 1.0478250980377197
Epoch: 73, Steps: 64 | Train Loss: 0.3434390 Vali Loss: 0.2181247 Test Loss: 0.3021821
EarlyStopping counter: 15 out of 100
Updating learning rate to 6.265787482177981e-08
Epoch: 74 cost time: 1.041914701461792
Epoch: 74, Steps: 64 | Train Loss: 0.3432619 Vali Loss: 0.2173885 Test Loss: 0.3019427
EarlyStopping counter: 16 out of 100
Updating learning rate to 5.639208733960184e-08
Epoch: 75 cost time: 1.040869951248169
Epoch: 75, Steps: 64 | Train Loss: 0.3432115 Vali Loss: 0.2184573 Test Loss: 0.3019033
EarlyStopping counter: 17 out of 100
Updating learning rate to 5.075287860564165e-08
Epoch: 76 cost time: 1.0638768672943115
Epoch: 76, Steps: 64 | Train Loss: 0.3431227 Vali Loss: 0.2172824 Test Loss: 0.3018735
EarlyStopping counter: 18 out of 100
Updating learning rate to 4.567759074507749e-08
Epoch: 77 cost time: 1.0451323986053467
Epoch: 77, Steps: 64 | Train Loss: 0.3425939 Vali Loss: 0.2181502 Test Loss: 0.3020482
EarlyStopping counter: 19 out of 100
Updating learning rate to 4.1109831670569744e-08
Epoch: 78 cost time: 1.0491795539855957
Epoch: 78, Steps: 64 | Train Loss: 0.3432547 Vali Loss: 0.2170047 Test Loss: 0.3019426
EarlyStopping counter: 20 out of 100
Updating learning rate to 3.6998848503512764e-08
Epoch: 79 cost time: 1.050447702407837
Epoch: 79, Steps: 64 | Train Loss: 0.3429943 Vali Loss: 0.2171794 Test Loss: 0.3020364
EarlyStopping counter: 21 out of 100
Updating learning rate to 3.3298963653161496e-08
Epoch: 80 cost time: 1.0538370609283447
Epoch: 80, Steps: 64 | Train Loss: 0.3444169 Vali Loss: 0.2170287 Test Loss: 0.3019564
EarlyStopping counter: 22 out of 100
Updating learning rate to 2.996906728784534e-08
Epoch: 81 cost time: 1.0497314929962158
Epoch: 81, Steps: 64 | Train Loss: 0.3432984 Vali Loss: 0.2181361 Test Loss: 0.3019752
EarlyStopping counter: 23 out of 100
Updating learning rate to 2.697216055906081e-08
Epoch: 82 cost time: 1.0451879501342773
Epoch: 82, Steps: 64 | Train Loss: 0.3426742 Vali Loss: 0.2171081 Test Loss: 0.3020328
EarlyStopping counter: 24 out of 100
Updating learning rate to 2.427494450315473e-08
Epoch: 83 cost time: 1.050907850265503
Epoch: 83, Steps: 64 | Train Loss: 0.3430971 Vali Loss: 0.2174033 Test Loss: 0.3021738
EarlyStopping counter: 25 out of 100
Updating learning rate to 2.1847450052839257e-08
Epoch: 84 cost time: 1.0572528839111328
Epoch: 84, Steps: 64 | Train Loss: 0.3430553 Vali Loss: 0.2169224 Test Loss: 0.3021606
EarlyStopping counter: 26 out of 100
Updating learning rate to 1.9662705047555332e-08
Epoch: 85 cost time: 1.0517816543579102
Epoch: 85, Steps: 64 | Train Loss: 0.3426927 Vali Loss: 0.2177746 Test Loss: 0.3020430
EarlyStopping counter: 27 out of 100
Updating learning rate to 1.7696434542799797e-08
Epoch: 86 cost time: 1.0467710494995117
Epoch: 86, Steps: 64 | Train Loss: 0.3430094 Vali Loss: 0.2171625 Test Loss: 0.3018444
EarlyStopping counter: 28 out of 100
Updating learning rate to 1.5926791088519817e-08
Epoch: 87 cost time: 1.0571064949035645
Epoch: 87, Steps: 64 | Train Loss: 0.3432948 Vali Loss: 0.2177505 Test Loss: 0.3018710
EarlyStopping counter: 29 out of 100
Updating learning rate to 1.4334111979667836e-08
Epoch: 88 cost time: 1.0523266792297363
Epoch: 88, Steps: 64 | Train Loss: 0.3433884 Vali Loss: 0.2178160 Test Loss: 0.3020194
EarlyStopping counter: 30 out of 100
Updating learning rate to 1.2900700781701054e-08
Epoch: 89 cost time: 1.0533499717712402
Epoch: 89, Steps: 64 | Train Loss: 0.3431973 Vali Loss: 0.2173909 Test Loss: 0.3020425
EarlyStopping counter: 31 out of 100
Updating learning rate to 1.161063070353095e-08
Epoch: 90 cost time: 1.0409796237945557
Epoch: 90, Steps: 64 | Train Loss: 0.3432574 Vali Loss: 0.2178228 Test Loss: 0.3017799
EarlyStopping counter: 32 out of 100
Updating learning rate to 1.0449567633177854e-08
Epoch: 91 cost time: 1.0471372604370117
Epoch: 91, Steps: 64 | Train Loss: 0.3434133 Vali Loss: 0.2173184 Test Loss: 0.3021333
EarlyStopping counter: 33 out of 100
Updating learning rate to 9.404610869860069e-09
Epoch: 92 cost time: 1.06512451171875
Epoch: 92, Steps: 64 | Train Loss: 0.3438502 Vali Loss: 0.2181878 Test Loss: 0.3018551
EarlyStopping counter: 34 out of 100
Updating learning rate to 8.464149782874063e-09
Epoch: 93 cost time: 1.0527808666229248
Epoch: 93, Steps: 64 | Train Loss: 0.3433271 Vali Loss: 0.2177317 Test Loss: 0.3018560
EarlyStopping counter: 35 out of 100
Updating learning rate to 7.617734804586658e-09
Epoch: 94 cost time: 1.0551061630249023
Epoch: 94, Steps: 64 | Train Loss: 0.3438127 Vali Loss: 0.2174197 Test Loss: 0.3021868
EarlyStopping counter: 36 out of 100
Updating learning rate to 6.855961324127991e-09
Epoch: 95 cost time: 1.0609149932861328
Epoch: 95, Steps: 64 | Train Loss: 0.3427793 Vali Loss: 0.2172480 Test Loss: 0.3017304
EarlyStopping counter: 37 out of 100
Updating learning rate to 6.170365191715193e-09
Epoch: 96 cost time: 1.0549583435058594
Epoch: 96, Steps: 64 | Train Loss: 0.3429405 Vali Loss: 0.2169355 Test Loss: 0.3019949
EarlyStopping counter: 38 out of 100
Updating learning rate to 5.5533286725436726e-09
Epoch: 97 cost time: 1.0479662418365479
Epoch: 97, Steps: 64 | Train Loss: 0.3438852 Vali Loss: 0.2182587 Test Loss: 0.3023731
EarlyStopping counter: 39 out of 100
Updating learning rate to 4.997995805289306e-09
Epoch: 98 cost time: 1.0464844703674316
Epoch: 98, Steps: 64 | Train Loss: 0.3429671 Vali Loss: 0.2179161 Test Loss: 0.3022385
EarlyStopping counter: 40 out of 100
Updating learning rate to 4.498196224760375e-09
Epoch: 99 cost time: 1.046764612197876
Epoch: 99, Steps: 64 | Train Loss: 0.3429633 Vali Loss: 0.2166941 Test Loss: 0.3020712
EarlyStopping counter: 41 out of 100
Updating learning rate to 4.048376602284338e-09
Epoch: 100 cost time: 1.0476605892181396
Epoch: 100, Steps: 64 | Train Loss: 0.3437672 Vali Loss: 0.2169372 Test Loss: 0.3020321
EarlyStopping counter: 42 out of 100
Updating learning rate to 3.643538942055904e-09
>>>>>>>testing : CMS3_etth2_336_96_PatchTST_ETTh2_ftM_sl336_ll48_pl96_dm16_nh4_el3_dl1_df128_fc1_ebtimeF_dtTrue_Exp_0<<<<<<<<<<<<<<<<<<<<<<<<<<<<<<<<<
test 2785
mse:0.3149835765361786, mae:0.3677629828453064, rse:0.44834691286087036
Args in experiment:
Namespace(random_seed=2021, is_training=1, model_id='CMS3_etth2_336_192', model='PatchTST', data='ETTh2', root_path='./dataset/', data_path='ETTh2.csv', features='M', target='OT', freq='h', checkpoints='./checkpoints/', seq_len=336, label_len=48, pred_len=192, head_type='cms3', fc_dropout=0.3, head_dropout=0.0, patch_len=16, stride=8, padding_patch='end', revin=1, affine=0, subtract_last=0, decomposition=0, kernel_size=25, individual=0, embed_type=0, enc_in=7, dec_in=7, c_out=7, d_model=16, n_heads=4, e_layers=3, d_layers=1, d_ff=128, moving_avg=25, factor=1, distil=True, dropout=0.3, embed='timeF', activation='gelu', output_attention=False, do_predict=False, num_workers=0, itr=1, train_epochs=100, batch_size=128, patience=100, learning_rate=0.0001, des='Exp', loss='mse', lradj='type3', pct_start=0.3, use_amp=False, use_gpu=True, gpu=0, use_multi_gpu=False, devices='0,1,2,3', test_flop=False)
Use GPU: cuda:0
>>>>>>>start training : CMS3_etth2_336_192_PatchTST_ETTh2_ftM_sl336_ll48_pl192_dm16_nh4_el3_dl1_df128_fc1_ebtimeF_dtTrue_Exp_0>>>>>>>>>>>>>>>>>>>>>>>>>>
train 8113
val 2689
test 2689
Epoch: 1 cost time: 1.4924356937408447
Epoch: 1, Steps: 63 | Train Loss: 0.6429426 Vali Loss: 0.3901717 Test Loss: 0.4029419
Validation loss decreased (inf --> 0.390172).  Saving model ...
Updating learning rate to 0.0001
Epoch: 2 cost time: 1.0467112064361572
Epoch: 2, Steps: 63 | Train Loss: 0.6290790 Vali Loss: 0.3561098 Test Loss: 0.3916251
Validation loss decreased (0.390172 --> 0.356110).  Saving model ...
Updating learning rate to 0.0001
Epoch: 3 cost time: 1.0437018871307373
Epoch: 3, Steps: 63 | Train Loss: 0.5771281 Vali Loss: 0.3138239 Test Loss: 0.3752276
Validation loss decreased (0.356110 --> 0.313824).  Saving model ...
Updating learning rate to 0.0001
Epoch: 4 cost time: 1.0471339225769043
Epoch: 4, Steps: 63 | Train Loss: 0.5385714 Vali Loss: 0.3009523 Test Loss: 0.3650208
Validation loss decreased (0.313824 --> 0.300952).  Saving model ...
Updating learning rate to 9e-05
Epoch: 5 cost time: 1.0455503463745117
Epoch: 5, Steps: 63 | Train Loss: 0.5174568 Vali Loss: 0.2939385 Test Loss: 0.3625332
Validation loss decreased (0.300952 --> 0.293938).  Saving model ...
Updating learning rate to 8.1e-05
Epoch: 6 cost time: 1.04587984085083
Epoch: 6, Steps: 63 | Train Loss: 0.5058539 Vali Loss: 0.2879772 Test Loss: 0.3620224
Validation loss decreased (0.293938 --> 0.287977).  Saving model ...
Updating learning rate to 7.290000000000001e-05
Epoch: 7 cost time: 1.0464837551116943
Epoch: 7, Steps: 63 | Train Loss: 0.4979924 Vali Loss: 0.2870139 Test Loss: 0.3589950
Validation loss decreased (0.287977 --> 0.287014).  Saving model ...
Updating learning rate to 6.561e-05
Epoch: 8 cost time: 1.0483510494232178
Epoch: 8, Steps: 63 | Train Loss: 0.4921263 Vali Loss: 0.2846513 Test Loss: 0.3583170
Validation loss decreased (0.287014 --> 0.284651).  Saving model ...
Updating learning rate to 5.904900000000001e-05
Epoch: 9 cost time: 1.0541577339172363
Epoch: 9, Steps: 63 | Train Loss: 0.4880090 Vali Loss: 0.2836291 Test Loss: 0.3570665
Validation loss decreased (0.284651 --> 0.283629).  Saving model ...
Updating learning rate to 5.3144100000000005e-05
Epoch: 10 cost time: 1.0455834865570068
Epoch: 10, Steps: 63 | Train Loss: 0.4813099 Vali Loss: 0.2822564 Test Loss: 0.3564515
Validation loss decreased (0.283629 --> 0.282256).  Saving model ...
Updating learning rate to 4.782969000000001e-05
Epoch: 11 cost time: 1.0447750091552734
Epoch: 11, Steps: 63 | Train Loss: 0.4798089 Vali Loss: 0.2804549 Test Loss: 0.3581015
Validation loss decreased (0.282256 --> 0.280455).  Saving model ...
Updating learning rate to 4.304672100000001e-05
Epoch: 12 cost time: 1.050323247909546
Epoch: 12, Steps: 63 | Train Loss: 0.4763178 Vali Loss: 0.2794114 Test Loss: 0.3583051
Validation loss decreased (0.280455 --> 0.279411).  Saving model ...
Updating learning rate to 3.874204890000001e-05
Epoch: 13 cost time: 1.045609951019287
Epoch: 13, Steps: 63 | Train Loss: 0.4741746 Vali Loss: 0.2794067 Test Loss: 0.3583269
Validation loss decreased (0.279411 --> 0.279407).  Saving model ...
Updating learning rate to 3.486784401000001e-05
Epoch: 14 cost time: 1.057408094406128
Epoch: 14, Steps: 63 | Train Loss: 0.4703702 Vali Loss: 0.2792147 Test Loss: 0.3569397
Validation loss decreased (0.279407 --> 0.279215).  Saving model ...
Updating learning rate to 3.138105960900001e-05
Epoch: 15 cost time: 1.0455994606018066
Epoch: 15, Steps: 63 | Train Loss: 0.4670935 Vali Loss: 0.2787911 Test Loss: 0.3582486
Validation loss decreased (0.279215 --> 0.278791).  Saving model ...
Updating learning rate to 2.824295364810001e-05
Epoch: 16 cost time: 1.050663709640503
Epoch: 16, Steps: 63 | Train Loss: 0.4653925 Vali Loss: 0.2782516 Test Loss: 0.3580209
Validation loss decreased (0.278791 --> 0.278252).  Saving model ...
Updating learning rate to 2.541865828329001e-05
Epoch: 17 cost time: 1.0460374355316162
Epoch: 17, Steps: 63 | Train Loss: 0.4641069 Vali Loss: 0.2778029 Test Loss: 0.3589898
Validation loss decreased (0.278252 --> 0.277803).  Saving model ...
Updating learning rate to 2.287679245496101e-05
Epoch: 18 cost time: 1.0483672618865967
Epoch: 18, Steps: 63 | Train Loss: 0.4626482 Vali Loss: 0.2784936 Test Loss: 0.3587460
EarlyStopping counter: 1 out of 100
Updating learning rate to 2.0589113209464907e-05
Epoch: 19 cost time: 1.0545687675476074
Epoch: 19, Steps: 63 | Train Loss: 0.4607028 Vali Loss: 0.2776107 Test Loss: 0.3592315
Validation loss decreased (0.277803 --> 0.277611).  Saving model ...
Updating learning rate to 1.8530201888518416e-05
Epoch: 20 cost time: 1.0468924045562744
Epoch: 20, Steps: 63 | Train Loss: 0.4612523 Vali Loss: 0.2772228 Test Loss: 0.3598788
Validation loss decreased (0.277611 --> 0.277223).  Saving model ...
Updating learning rate to 1.6677181699666577e-05
Epoch: 21 cost time: 1.0486090183258057
Epoch: 21, Steps: 63 | Train Loss: 0.4577618 Vali Loss: 0.2777565 Test Loss: 0.3593444
EarlyStopping counter: 1 out of 100
Updating learning rate to 1.5009463529699919e-05
Epoch: 22 cost time: 1.0599830150604248
Epoch: 22, Steps: 63 | Train Loss: 0.4576811 Vali Loss: 0.2769421 Test Loss: 0.3611051
Validation loss decreased (0.277223 --> 0.276942).  Saving model ...
Updating learning rate to 1.3508517176729929e-05
Epoch: 23 cost time: 1.0520317554473877
Epoch: 23, Steps: 63 | Train Loss: 0.4580490 Vali Loss: 0.2772243 Test Loss: 0.3606917
EarlyStopping counter: 1 out of 100
Updating learning rate to 1.2157665459056936e-05
Epoch: 24 cost time: 1.052870750427246
Epoch: 24, Steps: 63 | Train Loss: 0.4577238 Vali Loss: 0.2773144 Test Loss: 0.3601887
EarlyStopping counter: 2 out of 100
Updating learning rate to 1.0941898913151242e-05
Epoch: 25 cost time: 1.0546417236328125
Epoch: 25, Steps: 63 | Train Loss: 0.4559190 Vali Loss: 0.2772886 Test Loss: 0.3604395
EarlyStopping counter: 3 out of 100
Updating learning rate to 9.847709021836118e-06
Epoch: 26 cost time: 1.0508418083190918
Epoch: 26, Steps: 63 | Train Loss: 0.4553053 Vali Loss: 0.2773128 Test Loss: 0.3601565
EarlyStopping counter: 4 out of 100
Updating learning rate to 8.862938119652508e-06
Epoch: 27 cost time: 1.0541884899139404
Epoch: 27, Steps: 63 | Train Loss: 0.4544748 Vali Loss: 0.2770313 Test Loss: 0.3606812
EarlyStopping counter: 5 out of 100
Updating learning rate to 7.976644307687255e-06
Epoch: 28 cost time: 1.057724952697754
Epoch: 28, Steps: 63 | Train Loss: 0.4540004 Vali Loss: 0.2770359 Test Loss: 0.3612206
EarlyStopping counter: 6 out of 100
Updating learning rate to 7.178979876918531e-06
Epoch: 29 cost time: 1.0545105934143066
Epoch: 29, Steps: 63 | Train Loss: 0.4537054 Vali Loss: 0.2772045 Test Loss: 0.3607448
EarlyStopping counter: 7 out of 100
Updating learning rate to 6.4610818892266776e-06
Epoch: 30 cost time: 1.0524213314056396
Epoch: 30, Steps: 63 | Train Loss: 0.4545675 Vali Loss: 0.2769367 Test Loss: 0.3607718
Validation loss decreased (0.276942 --> 0.276937).  Saving model ...
Updating learning rate to 5.8149737003040096e-06
Epoch: 31 cost time: 1.0563302040100098
Epoch: 31, Steps: 63 | Train Loss: 0.4526519 Vali Loss: 0.2767949 Test Loss: 0.3611814
Validation loss decreased (0.276937 --> 0.276795).  Saving model ...
Updating learning rate to 5.23347633027361e-06
Epoch: 32 cost time: 1.0649089813232422
Epoch: 32, Steps: 63 | Train Loss: 0.4529315 Vali Loss: 0.2770399 Test Loss: 0.3612112
EarlyStopping counter: 1 out of 100
Updating learning rate to 4.710128697246249e-06
Epoch: 33 cost time: 1.0540521144866943
Epoch: 33, Steps: 63 | Train Loss: 0.4528655 Vali Loss: 0.2770855 Test Loss: 0.3615876
EarlyStopping counter: 2 out of 100
Updating learning rate to 4.239115827521624e-06
Epoch: 34 cost time: 1.0534906387329102
Epoch: 34, Steps: 63 | Train Loss: 0.4532212 Vali Loss: 0.2769578 Test Loss: 0.3614716
EarlyStopping counter: 3 out of 100
Updating learning rate to 3.815204244769462e-06
Epoch: 35 cost time: 1.0555636882781982
Epoch: 35, Steps: 63 | Train Loss: 0.4522471 Vali Loss: 0.2766446 Test Loss: 0.3621770
Validation loss decreased (0.276795 --> 0.276645).  Saving model ...
Updating learning rate to 3.4336838202925152e-06
Epoch: 36 cost time: 1.0595202445983887
Epoch: 36, Steps: 63 | Train Loss: 0.4519471 Vali Loss: 0.2770590 Test Loss: 0.3612021
EarlyStopping counter: 1 out of 100
Updating learning rate to 3.090315438263264e-06
Epoch: 37 cost time: 1.0543391704559326
Epoch: 37, Steps: 63 | Train Loss: 0.4519569 Vali Loss: 0.2769803 Test Loss: 0.3612868
EarlyStopping counter: 2 out of 100
Updating learning rate to 2.7812838944369375e-06
Epoch: 38 cost time: 1.0561800003051758
Epoch: 38, Steps: 63 | Train Loss: 0.4509556 Vali Loss: 0.2769070 Test Loss: 0.3615970
EarlyStopping counter: 3 out of 100
Updating learning rate to 2.503155504993244e-06
Epoch: 39 cost time: 1.0566599369049072
Epoch: 39, Steps: 63 | Train Loss: 0.4521197 Vali Loss: 0.2768066 Test Loss: 0.3617223
EarlyStopping counter: 4 out of 100
Updating learning rate to 2.2528399544939195e-06
Epoch: 40 cost time: 1.0592427253723145
Epoch: 40, Steps: 63 | Train Loss: 0.4520677 Vali Loss: 0.2768459 Test Loss: 0.3618181
EarlyStopping counter: 5 out of 100
Updating learning rate to 2.0275559590445276e-06
Epoch: 41 cost time: 1.0543317794799805
Epoch: 41, Steps: 63 | Train Loss: 0.4491672 Vali Loss: 0.2768432 Test Loss: 0.3615370
EarlyStopping counter: 6 out of 100
Updating learning rate to 1.8248003631400751e-06
Epoch: 42 cost time: 1.0555658340454102
Epoch: 42, Steps: 63 | Train Loss: 0.4517235 Vali Loss: 0.2768916 Test Loss: 0.3621053
EarlyStopping counter: 7 out of 100
Updating learning rate to 1.6423203268260676e-06
Epoch: 43 cost time: 1.0565571784973145
Epoch: 43, Steps: 63 | Train Loss: 0.4515627 Vali Loss: 0.2768808 Test Loss: 0.3618202
EarlyStopping counter: 8 out of 100
Updating learning rate to 1.4780882941434609e-06
Epoch: 44 cost time: 1.0565953254699707
Epoch: 44, Steps: 63 | Train Loss: 0.4511080 Vali Loss: 0.2769376 Test Loss: 0.3614170
EarlyStopping counter: 9 out of 100
Updating learning rate to 1.3302794647291146e-06
Epoch: 45 cost time: 1.064002275466919
Epoch: 45, Steps: 63 | Train Loss: 0.4499665 Vali Loss: 0.2768497 Test Loss: 0.3620897
EarlyStopping counter: 10 out of 100
Updating learning rate to 1.1972515182562034e-06
Epoch: 46 cost time: 1.0559208393096924
Epoch: 46, Steps: 63 | Train Loss: 0.4508630 Vali Loss: 0.2769113 Test Loss: 0.3617563
EarlyStopping counter: 11 out of 100
Updating learning rate to 1.077526366430583e-06
Epoch: 47 cost time: 1.0551466941833496
Epoch: 47, Steps: 63 | Train Loss: 0.4515476 Vali Loss: 0.2769481 Test Loss: 0.3618676
EarlyStopping counter: 12 out of 100
Updating learning rate to 9.697737297875248e-07
Epoch: 48 cost time: 1.0578031539916992
Epoch: 48, Steps: 63 | Train Loss: 0.4499326 Vali Loss: 0.2768684 Test Loss: 0.3617780
EarlyStopping counter: 13 out of 100
Updating learning rate to 8.727963568087723e-07
Epoch: 49 cost time: 1.0632038116455078
Epoch: 49, Steps: 63 | Train Loss: 0.4507553 Vali Loss: 0.2767840 Test Loss: 0.3617456
EarlyStopping counter: 14 out of 100
Updating learning rate to 7.855167211278951e-07
Epoch: 50 cost time: 1.0565199851989746
Epoch: 50, Steps: 63 | Train Loss: 0.4516712 Vali Loss: 0.2770082 Test Loss: 0.3610237
EarlyStopping counter: 15 out of 100
Updating learning rate to 7.069650490151056e-07
Epoch: 51 cost time: 1.0571436882019043
Epoch: 51, Steps: 63 | Train Loss: 0.4500586 Vali Loss: 0.2767325 Test Loss: 0.3622561
EarlyStopping counter: 16 out of 100
Updating learning rate to 6.36268544113595e-07
Epoch: 52 cost time: 1.0570099353790283
Epoch: 52, Steps: 63 | Train Loss: 0.4502737 Vali Loss: 0.2768402 Test Loss: 0.3620024
EarlyStopping counter: 17 out of 100
Updating learning rate to 5.726416897022355e-07
Epoch: 53 cost time: 1.060302495956421
Epoch: 53, Steps: 63 | Train Loss: 0.4514990 Vali Loss: 0.2767534 Test Loss: 0.3619952
EarlyStopping counter: 18 out of 100
Updating learning rate to 5.15377520732012e-07
Epoch: 54 cost time: 1.0638799667358398
Epoch: 54, Steps: 63 | Train Loss: 0.4483186 Vali Loss: 0.2768875 Test Loss: 0.3620885
EarlyStopping counter: 19 out of 100
Updating learning rate to 4.6383976865881085e-07
Epoch: 55 cost time: 1.0601270198822021
Epoch: 55, Steps: 63 | Train Loss: 0.4497583 Vali Loss: 0.2768440 Test Loss: 0.3621642
EarlyStopping counter: 20 out of 100
Updating learning rate to 4.174557917929298e-07
Epoch: 56 cost time: 1.0577988624572754
Epoch: 56, Steps: 63 | Train Loss: 0.4510559 Vali Loss: 0.2768160 Test Loss: 0.3619146
EarlyStopping counter: 21 out of 100
Updating learning rate to 3.7571021261363677e-07
Epoch: 57 cost time: 1.057692527770996
Epoch: 57, Steps: 63 | Train Loss: 0.4506997 Vali Loss: 0.2765362 Test Loss: 0.3623206
Validation loss decreased (0.276645 --> 0.276536).  Saving model ...
Updating learning rate to 3.381391913522731e-07
Epoch: 58 cost time: 1.0608477592468262
Epoch: 58, Steps: 63 | Train Loss: 0.4506691 Vali Loss: 0.2769054 Test Loss: 0.3618596
EarlyStopping counter: 1 out of 100
Updating learning rate to 3.043252722170458e-07
Epoch: 59 cost time: 1.066098928451538
Epoch: 59, Steps: 63 | Train Loss: 0.4498085 Vali Loss: 0.2769013 Test Loss: 0.3616397
EarlyStopping counter: 2 out of 100
Updating learning rate to 2.7389274499534124e-07
Epoch: 60 cost time: 1.0675082206726074
Epoch: 60, Steps: 63 | Train Loss: 0.4501513 Vali Loss: 0.2769026 Test Loss: 0.3613665
EarlyStopping counter: 3 out of 100
Updating learning rate to 2.465034704958071e-07
Epoch: 61 cost time: 1.060283899307251
Epoch: 61, Steps: 63 | Train Loss: 0.4488559 Vali Loss: 0.2768947 Test Loss: 0.3620329
EarlyStopping counter: 4 out of 100
Updating learning rate to 2.218531234462264e-07
Epoch: 62 cost time: 1.0613908767700195
Epoch: 62, Steps: 63 | Train Loss: 0.4491852 Vali Loss: 0.2768074 Test Loss: 0.3623065
EarlyStopping counter: 5 out of 100
Updating learning rate to 1.9966781110160376e-07
Epoch: 63 cost time: 1.0616977214813232
Epoch: 63, Steps: 63 | Train Loss: 0.4499259 Vali Loss: 0.2769522 Test Loss: 0.3621048
EarlyStopping counter: 6 out of 100
Updating learning rate to 1.797010299914434e-07
Epoch: 64 cost time: 1.061570405960083
Epoch: 64, Steps: 63 | Train Loss: 0.4496045 Vali Loss: 0.2767897 Test Loss: 0.3620387
EarlyStopping counter: 7 out of 100
Updating learning rate to 1.6173092699229907e-07
Epoch: 65 cost time: 1.065645694732666
Epoch: 65, Steps: 63 | Train Loss: 0.4501711 Vali Loss: 0.2769207 Test Loss: 0.3617983
EarlyStopping counter: 8 out of 100
Updating learning rate to 1.4555783429306916e-07
Epoch: 66 cost time: 1.0623927116394043
Epoch: 66, Steps: 63 | Train Loss: 0.4501872 Vali Loss: 0.2767402 Test Loss: 0.3619636
EarlyStopping counter: 9 out of 100
Updating learning rate to 1.3100205086376224e-07
Epoch: 67 cost time: 1.0619730949401855
Epoch: 67, Steps: 63 | Train Loss: 0.4506540 Vali Loss: 0.2767842 Test Loss: 0.3617377
EarlyStopping counter: 10 out of 100
Updating learning rate to 1.1790184577738603e-07
Epoch: 68 cost time: 1.0631442070007324
Epoch: 68, Steps: 63 | Train Loss: 0.4494715 Vali Loss: 0.2767746 Test Loss: 0.3617941
EarlyStopping counter: 11 out of 100
Updating learning rate to 1.0611166119964742e-07
Epoch: 69 cost time: 1.0653934478759766
Epoch: 69, Steps: 63 | Train Loss: 0.4496408 Vali Loss: 0.2768263 Test Loss: 0.3619333
EarlyStopping counter: 12 out of 100
Updating learning rate to 9.550049507968268e-08
Epoch: 70 cost time: 1.0666303634643555
Epoch: 70, Steps: 63 | Train Loss: 0.4501640 Vali Loss: 0.2767892 Test Loss: 0.3622939
EarlyStopping counter: 13 out of 100
Updating learning rate to 8.595044557171442e-08
Epoch: 71 cost time: 1.06272292137146
Epoch: 71, Steps: 63 | Train Loss: 0.4498732 Vali Loss: 0.2768209 Test Loss: 0.3618756
EarlyStopping counter: 14 out of 100
Updating learning rate to 7.735540101454298e-08
Epoch: 72 cost time: 1.0639479160308838
Epoch: 72, Steps: 63 | Train Loss: 0.4502361 Vali Loss: 0.2768192 Test Loss: 0.3619972
EarlyStopping counter: 15 out of 100
Updating learning rate to 6.961986091308869e-08
Epoch: 73 cost time: 1.0644187927246094
Epoch: 73, Steps: 63 | Train Loss: 0.4495058 Vali Loss: 0.2766679 Test Loss: 0.3621810
EarlyStopping counter: 16 out of 100
Updating learning rate to 6.265787482177981e-08
Epoch: 74 cost time: 1.0632669925689697
Epoch: 74, Steps: 63 | Train Loss: 0.4505636 Vali Loss: 0.2768530 Test Loss: 0.3621059
EarlyStopping counter: 17 out of 100
Updating learning rate to 5.639208733960184e-08
Epoch: 75 cost time: 1.062258243560791
Epoch: 75, Steps: 63 | Train Loss: 0.4503952 Vali Loss: 0.2768337 Test Loss: 0.3618490
EarlyStopping counter: 18 out of 100
Updating learning rate to 5.075287860564165e-08
Epoch: 76 cost time: 1.0621552467346191
Epoch: 76, Steps: 63 | Train Loss: 0.4504306 Vali Loss: 0.2767999 Test Loss: 0.3616044
EarlyStopping counter: 19 out of 100
Updating learning rate to 4.567759074507749e-08
Epoch: 77 cost time: 1.0666446685791016
Epoch: 77, Steps: 63 | Train Loss: 0.4500618 Vali Loss: 0.2768825 Test Loss: 0.3621167
EarlyStopping counter: 20 out of 100
Updating learning rate to 4.1109831670569744e-08
Epoch: 78 cost time: 1.0652897357940674
Epoch: 78, Steps: 63 | Train Loss: 0.4503499 Vali Loss: 0.2769451 Test Loss: 0.3622001
EarlyStopping counter: 21 out of 100
Updating learning rate to 3.6998848503512764e-08
Epoch: 79 cost time: 1.0624911785125732
Epoch: 79, Steps: 63 | Train Loss: 0.4501122 Vali Loss: 0.2768548 Test Loss: 0.3621531
EarlyStopping counter: 22 out of 100
Updating learning rate to 3.3298963653161496e-08
Epoch: 80 cost time: 1.0643296241760254
Epoch: 80, Steps: 63 | Train Loss: 0.4501611 Vali Loss: 0.2767323 Test Loss: 0.3620821
EarlyStopping counter: 23 out of 100
Updating learning rate to 2.996906728784534e-08
Epoch: 81 cost time: 1.062082052230835
Epoch: 81, Steps: 63 | Train Loss: 0.4510406 Vali Loss: 0.2767863 Test Loss: 0.3624280
EarlyStopping counter: 24 out of 100
Updating learning rate to 2.697216055906081e-08
Epoch: 82 cost time: 1.0657165050506592
Epoch: 82, Steps: 63 | Train Loss: 0.4483926 Vali Loss: 0.2767806 Test Loss: 0.3618445
EarlyStopping counter: 25 out of 100
Updating learning rate to 2.427494450315473e-08
Epoch: 83 cost time: 1.0626189708709717
Epoch: 83, Steps: 63 | Train Loss: 0.4509603 Vali Loss: 0.2768711 Test Loss: 0.3622129
EarlyStopping counter: 26 out of 100
Updating learning rate to 2.1847450052839257e-08
Epoch: 84 cost time: 1.0649020671844482
Epoch: 84, Steps: 63 | Train Loss: 0.4502915 Vali Loss: 0.2768402 Test Loss: 0.3616742
EarlyStopping counter: 27 out of 100
Updating learning rate to 1.9662705047555332e-08
Epoch: 85 cost time: 1.0677273273468018
Epoch: 85, Steps: 63 | Train Loss: 0.4495037 Vali Loss: 0.2768745 Test Loss: 0.3620906
EarlyStopping counter: 28 out of 100
Updating learning rate to 1.7696434542799797e-08
Epoch: 86 cost time: 1.0642189979553223
Epoch: 86, Steps: 63 | Train Loss: 0.4509173 Vali Loss: 0.2768169 Test Loss: 0.3621092
EarlyStopping counter: 29 out of 100
Updating learning rate to 1.5926791088519817e-08
Epoch: 87 cost time: 1.0635228157043457
Epoch: 87, Steps: 63 | Train Loss: 0.4506099 Vali Loss: 0.2769253 Test Loss: 0.3615526
EarlyStopping counter: 30 out of 100
Updating learning rate to 1.4334111979667836e-08
Epoch: 88 cost time: 1.0658717155456543
Epoch: 88, Steps: 63 | Train Loss: 0.4501713 Vali Loss: 0.2768539 Test Loss: 0.3620373
EarlyStopping counter: 31 out of 100
Updating learning rate to 1.2900700781701054e-08
Epoch: 89 cost time: 1.0656518936157227
Epoch: 89, Steps: 63 | Train Loss: 0.4502628 Vali Loss: 0.2768196 Test Loss: 0.3621026
EarlyStopping counter: 32 out of 100
Updating learning rate to 1.161063070353095e-08
Epoch: 90 cost time: 1.0700798034667969
Epoch: 90, Steps: 63 | Train Loss: 0.4505546 Vali Loss: 0.2768187 Test Loss: 0.3620651
EarlyStopping counter: 33 out of 100
Updating learning rate to 1.0449567633177854e-08
Epoch: 91 cost time: 1.063546895980835
Epoch: 91, Steps: 63 | Train Loss: 0.4511006 Vali Loss: 0.2766279 Test Loss: 0.3620528
EarlyStopping counter: 34 out of 100
Updating learning rate to 9.404610869860069e-09
Epoch: 92 cost time: 1.065922737121582
Epoch: 92, Steps: 63 | Train Loss: 0.4502637 Vali Loss: 0.2768504 Test Loss: 0.3619433
EarlyStopping counter: 35 out of 100
Updating learning rate to 8.464149782874063e-09
Epoch: 93 cost time: 1.0713810920715332
Epoch: 93, Steps: 63 | Train Loss: 0.4501835 Vali Loss: 0.2768126 Test Loss: 0.3621968
EarlyStopping counter: 36 out of 100
Updating learning rate to 7.617734804586658e-09
Epoch: 94 cost time: 1.065964937210083
Epoch: 94, Steps: 63 | Train Loss: 0.4497982 Vali Loss: 0.2768075 Test Loss: 0.3618382
EarlyStopping counter: 37 out of 100
Updating learning rate to 6.855961324127991e-09
Epoch: 95 cost time: 1.065112590789795
Epoch: 95, Steps: 63 | Train Loss: 0.4499381 Vali Loss: 0.2768694 Test Loss: 0.3622301
EarlyStopping counter: 38 out of 100
Updating learning rate to 6.170365191715193e-09
Epoch: 96 cost time: 1.063676118850708
Epoch: 96, Steps: 63 | Train Loss: 0.4498015 Vali Loss: 0.2767879 Test Loss: 0.3621610
EarlyStopping counter: 39 out of 100
Updating learning rate to 5.5533286725436726e-09
Epoch: 97 cost time: 1.066162347793579
Epoch: 97, Steps: 63 | Train Loss: 0.4504370 Vali Loss: 0.2768606 Test Loss: 0.3620566
EarlyStopping counter: 40 out of 100
Updating learning rate to 4.997995805289306e-09
Epoch: 98 cost time: 1.065965175628662
Epoch: 98, Steps: 63 | Train Loss: 0.4494579 Vali Loss: 0.2768038 Test Loss: 0.3617508
EarlyStopping counter: 41 out of 100
Updating learning rate to 4.498196224760375e-09
Epoch: 99 cost time: 1.0663256645202637
Epoch: 99, Steps: 63 | Train Loss: 0.4507342 Vali Loss: 0.2768444 Test Loss: 0.3618775
EarlyStopping counter: 42 out of 100
Updating learning rate to 4.048376602284338e-09
Epoch: 100 cost time: 1.0704560279846191
Epoch: 100, Steps: 63 | Train Loss: 0.4494687 Vali Loss: 0.2768167 Test Loss: 0.3618008
EarlyStopping counter: 43 out of 100
Updating learning rate to 3.643538942055904e-09
>>>>>>>testing : CMS3_etth2_336_192_PatchTST_ETTh2_ftM_sl336_ll48_pl192_dm16_nh4_el3_dl1_df128_fc1_ebtimeF_dtTrue_Exp_0<<<<<<<<<<<<<<<<<<<<<<<<<<<<<<<<<
test 2689
mse:0.369233638048172, mae:0.40338799357414246, rse:0.4872504472732544
Args in experiment:
Namespace(random_seed=2021, is_training=1, model_id='CMS3_etth2_336_336', model='PatchTST', data='ETTh2', root_path='./dataset/', data_path='ETTh2.csv', features='M', target='OT', freq='h', checkpoints='./checkpoints/', seq_len=336, label_len=48, pred_len=336, head_type='cms3', fc_dropout=0.3, head_dropout=0.0, patch_len=16, stride=8, padding_patch='end', revin=1, affine=0, subtract_last=0, decomposition=0, kernel_size=25, individual=0, embed_type=0, enc_in=7, dec_in=7, c_out=7, d_model=16, n_heads=4, e_layers=3, d_layers=1, d_ff=128, moving_avg=25, factor=1, distil=True, dropout=0.3, embed='timeF', activation='gelu', output_attention=False, do_predict=False, num_workers=0, itr=1, train_epochs=100, batch_size=128, patience=100, learning_rate=0.0001, des='Exp', loss='mse', lradj='type3', pct_start=0.3, use_amp=False, use_gpu=True, gpu=0, use_multi_gpu=False, devices='0,1,2,3', test_flop=False)
Use GPU: cuda:0
>>>>>>>start training : CMS3_etth2_336_336_PatchTST_ETTh2_ftM_sl336_ll48_pl336_dm16_nh4_el3_dl1_df128_fc1_ebtimeF_dtTrue_Exp_0>>>>>>>>>>>>>>>>>>>>>>>>>>
train 7969
val 2545
test 2545
Epoch: 1 cost time: 1.5099685192108154
Epoch: 1, Steps: 62 | Train Loss: 0.7182158 Vali Loss: 0.4760379 Test Loss: 0.3599886
Validation loss decreased (inf --> 0.476038).  Saving model ...
Updating learning rate to 0.0001
Epoch: 2 cost time: 1.0638453960418701
Epoch: 2, Steps: 62 | Train Loss: 0.7095267 Vali Loss: 0.4533124 Test Loss: 0.3579735
Validation loss decreased (0.476038 --> 0.453312).  Saving model ...
Updating learning rate to 0.0001
Epoch: 3 cost time: 1.0681180953979492
Epoch: 3, Steps: 62 | Train Loss: 0.6739450 Vali Loss: 0.4067358 Test Loss: 0.3592924
Validation loss decreased (0.453312 --> 0.406736).  Saving model ...
Updating learning rate to 0.0001
Epoch: 4 cost time: 1.063281536102295
Epoch: 4, Steps: 62 | Train Loss: 0.6358384 Vali Loss: 0.3898098 Test Loss: 0.3554347
Validation loss decreased (0.406736 --> 0.389810).  Saving model ...
Updating learning rate to 9e-05
Epoch: 5 cost time: 1.063657522201538
Epoch: 5, Steps: 62 | Train Loss: 0.6164151 Vali Loss: 0.3798694 Test Loss: 0.3562759
Validation loss decreased (0.389810 --> 0.379869).  Saving model ...
Updating learning rate to 8.1e-05
Epoch: 6 cost time: 1.0688340663909912
Epoch: 6, Steps: 62 | Train Loss: 0.6053362 Vali Loss: 0.3778154 Test Loss: 0.3547838
Validation loss decreased (0.379869 --> 0.377815).  Saving model ...
Updating learning rate to 7.290000000000001e-05
Epoch: 7 cost time: 1.062535285949707
Epoch: 7, Steps: 62 | Train Loss: 0.5969350 Vali Loss: 0.3756967 Test Loss: 0.3537823
Validation loss decreased (0.377815 --> 0.375697).  Saving model ...
Updating learning rate to 6.561e-05
Epoch: 8 cost time: 1.065852165222168
Epoch: 8, Steps: 62 | Train Loss: 0.5899585 Vali Loss: 0.3715195 Test Loss: 0.3529085
Validation loss decreased (0.375697 --> 0.371520).  Saving model ...
Updating learning rate to 5.904900000000001e-05
Epoch: 9 cost time: 1.0775983333587646
Epoch: 9, Steps: 62 | Train Loss: 0.5849453 Vali Loss: 0.3676918 Test Loss: 0.3520664
Validation loss decreased (0.371520 --> 0.367692).  Saving model ...
Updating learning rate to 5.3144100000000005e-05
Epoch: 10 cost time: 1.0650594234466553
Epoch: 10, Steps: 62 | Train Loss: 0.5801462 Vali Loss: 0.3691001 Test Loss: 0.3521794
EarlyStopping counter: 1 out of 100
Updating learning rate to 4.782969000000001e-05
Epoch: 11 cost time: 1.0778424739837646
Epoch: 11, Steps: 62 | Train Loss: 0.5766483 Vali Loss: 0.3653874 Test Loss: 0.3512444
Validation loss decreased (0.367692 --> 0.365387).  Saving model ...
Updating learning rate to 4.304672100000001e-05
Epoch: 12 cost time: 1.0702662467956543
Epoch: 12, Steps: 62 | Train Loss: 0.5752385 Vali Loss: 0.3624693 Test Loss: 0.3521489
Validation loss decreased (0.365387 --> 0.362469).  Saving model ...
Updating learning rate to 3.874204890000001e-05
Epoch: 13 cost time: 1.0721871852874756
Epoch: 13, Steps: 62 | Train Loss: 0.5701171 Vali Loss: 0.3632095 Test Loss: 0.3526362
EarlyStopping counter: 1 out of 100
Updating learning rate to 3.486784401000001e-05
Epoch: 14 cost time: 1.0669670104980469
Epoch: 14, Steps: 62 | Train Loss: 0.5690788 Vali Loss: 0.3593487 Test Loss: 0.3545510
Validation loss decreased (0.362469 --> 0.359349).  Saving model ...
Updating learning rate to 3.138105960900001e-05
Epoch: 15 cost time: 1.0761282444000244
Epoch: 15, Steps: 62 | Train Loss: 0.5674776 Vali Loss: 0.3615021 Test Loss: 0.3542499
EarlyStopping counter: 1 out of 100
Updating learning rate to 2.824295364810001e-05
Epoch: 16 cost time: 1.0681021213531494
Epoch: 16, Steps: 62 | Train Loss: 0.5656430 Vali Loss: 0.3576673 Test Loss: 0.3554769
Validation loss decreased (0.359349 --> 0.357667).  Saving model ...
Updating learning rate to 2.541865828329001e-05
Epoch: 17 cost time: 1.0760893821716309
Epoch: 17, Steps: 62 | Train Loss: 0.5630735 Vali Loss: 0.3630341 Test Loss: 0.3534135
EarlyStopping counter: 1 out of 100
Updating learning rate to 2.287679245496101e-05
Epoch: 18 cost time: 1.070005178451538
Epoch: 18, Steps: 62 | Train Loss: 0.5614760 Vali Loss: 0.3608020 Test Loss: 0.3542384
EarlyStopping counter: 2 out of 100
Updating learning rate to 2.0589113209464907e-05
Epoch: 19 cost time: 1.0719501972198486
Epoch: 19, Steps: 62 | Train Loss: 0.5628916 Vali Loss: 0.3610449 Test Loss: 0.3548642
EarlyStopping counter: 3 out of 100
Updating learning rate to 1.8530201888518416e-05
Epoch: 20 cost time: 1.07267427444458
Epoch: 20, Steps: 62 | Train Loss: 0.5615133 Vali Loss: 0.3602699 Test Loss: 0.3549976
EarlyStopping counter: 4 out of 100
Updating learning rate to 1.6677181699666577e-05
Epoch: 21 cost time: 1.0684003829956055
Epoch: 21, Steps: 62 | Train Loss: 0.5602937 Vali Loss: 0.3594120 Test Loss: 0.3556482
EarlyStopping counter: 5 out of 100
Updating learning rate to 1.5009463529699919e-05
Epoch: 22 cost time: 1.0758824348449707
Epoch: 22, Steps: 62 | Train Loss: 0.5595697 Vali Loss: 0.3592983 Test Loss: 0.3556393
EarlyStopping counter: 6 out of 100
Updating learning rate to 1.3508517176729929e-05
Epoch: 23 cost time: 1.0707223415374756
Epoch: 23, Steps: 62 | Train Loss: 0.5584744 Vali Loss: 0.3624842 Test Loss: 0.3557872
EarlyStopping counter: 7 out of 100
Updating learning rate to 1.2157665459056936e-05
Epoch: 24 cost time: 1.0735466480255127
Epoch: 24, Steps: 62 | Train Loss: 0.5581507 Vali Loss: 0.3599432 Test Loss: 0.3564458
EarlyStopping counter: 8 out of 100
Updating learning rate to 1.0941898913151242e-05
Epoch: 25 cost time: 1.0818357467651367
Epoch: 25, Steps: 62 | Train Loss: 0.5568671 Vali Loss: 0.3584407 Test Loss: 0.3559068
EarlyStopping counter: 9 out of 100
Updating learning rate to 9.847709021836118e-06
Epoch: 26 cost time: 1.0683112144470215
Epoch: 26, Steps: 62 | Train Loss: 0.5559367 Vali Loss: 0.3603078 Test Loss: 0.3561903
EarlyStopping counter: 10 out of 100
Updating learning rate to 8.862938119652508e-06
Epoch: 27 cost time: 1.0735316276550293
Epoch: 27, Steps: 62 | Train Loss: 0.5554680 Vali Loss: 0.3587702 Test Loss: 0.3559928
EarlyStopping counter: 11 out of 100
Updating learning rate to 7.976644307687255e-06
Epoch: 28 cost time: 1.0715367794036865
Epoch: 28, Steps: 62 | Train Loss: 0.5560255 Vali Loss: 0.3583518 Test Loss: 0.3572707
EarlyStopping counter: 12 out of 100
Updating learning rate to 7.178979876918531e-06
Epoch: 29 cost time: 1.0705382823944092
Epoch: 29, Steps: 62 | Train Loss: 0.5556146 Vali Loss: 0.3594962 Test Loss: 0.3562221
EarlyStopping counter: 13 out of 100
Updating learning rate to 6.4610818892266776e-06
Epoch: 30 cost time: 1.069516658782959
Epoch: 30, Steps: 62 | Train Loss: 0.5547567 Vali Loss: 0.3578047 Test Loss: 0.3568884
EarlyStopping counter: 14 out of 100
Updating learning rate to 5.8149737003040096e-06
Epoch: 31 cost time: 1.074340581893921
Epoch: 31, Steps: 62 | Train Loss: 0.5536259 Vali Loss: 0.3600124 Test Loss: 0.3566748
EarlyStopping counter: 15 out of 100
Updating learning rate to 5.23347633027361e-06
Epoch: 32 cost time: 1.070857048034668
Epoch: 32, Steps: 62 | Train Loss: 0.5546647 Vali Loss: 0.3576961 Test Loss: 0.3572700
EarlyStopping counter: 16 out of 100
Updating learning rate to 4.710128697246249e-06
Epoch: 33 cost time: 1.0750746726989746
Epoch: 33, Steps: 62 | Train Loss: 0.5531072 Vali Loss: 0.3580405 Test Loss: 0.3572670
EarlyStopping counter: 17 out of 100
Updating learning rate to 4.239115827521624e-06
Epoch: 34 cost time: 1.0830357074737549
Epoch: 34, Steps: 62 | Train Loss: 0.5532042 Vali Loss: 0.3587182 Test Loss: 0.3578153
EarlyStopping counter: 18 out of 100
Updating learning rate to 3.815204244769462e-06
Epoch: 35 cost time: 1.071876049041748
Epoch: 35, Steps: 62 | Train Loss: 0.5545425 Vali Loss: 0.3577032 Test Loss: 0.3575524
EarlyStopping counter: 19 out of 100
Updating learning rate to 3.4336838202925152e-06
Epoch: 36 cost time: 1.071812391281128
Epoch: 36, Steps: 62 | Train Loss: 0.5515133 Vali Loss: 0.3592359 Test Loss: 0.3571263
EarlyStopping counter: 20 out of 100
Updating learning rate to 3.090315438263264e-06
Epoch: 37 cost time: 1.077352523803711
Epoch: 37, Steps: 62 | Train Loss: 0.5525474 Vali Loss: 0.3590232 Test Loss: 0.3577405
EarlyStopping counter: 21 out of 100
Updating learning rate to 2.7812838944369375e-06
Epoch: 38 cost time: 1.0726101398468018
Epoch: 38, Steps: 62 | Train Loss: 0.5525243 Vali Loss: 0.3604749 Test Loss: 0.3574586
EarlyStopping counter: 22 out of 100
Updating learning rate to 2.503155504993244e-06
Epoch: 39 cost time: 1.0761122703552246
Epoch: 39, Steps: 62 | Train Loss: 0.5541767 Vali Loss: 0.3568377 Test Loss: 0.3571764
Validation loss decreased (0.357667 --> 0.356838).  Saving model ...
Updating learning rate to 2.2528399544939195e-06
Epoch: 40 cost time: 1.0765290260314941
Epoch: 40, Steps: 62 | Train Loss: 0.5538069 Vali Loss: 0.3583381 Test Loss: 0.3576473
EarlyStopping counter: 1 out of 100
Updating learning rate to 2.0275559590445276e-06
Epoch: 41 cost time: 1.0715255737304688
Epoch: 41, Steps: 62 | Train Loss: 0.5509598 Vali Loss: 0.3583386 Test Loss: 0.3580724
EarlyStopping counter: 2 out of 100
Updating learning rate to 1.8248003631400751e-06
Epoch: 42 cost time: 1.074432611465454
Epoch: 42, Steps: 62 | Train Loss: 0.5527801 Vali Loss: 0.3586725 Test Loss: 0.3576365
EarlyStopping counter: 3 out of 100
Updating learning rate to 1.6423203268260676e-06
Epoch: 43 cost time: 1.0795738697052002
Epoch: 43, Steps: 62 | Train Loss: 0.5519253 Vali Loss: 0.3593593 Test Loss: 0.3582316
EarlyStopping counter: 4 out of 100
Updating learning rate to 1.4780882941434609e-06
Epoch: 44 cost time: 1.0742409229278564
Epoch: 44, Steps: 62 | Train Loss: 0.5527364 Vali Loss: 0.3592172 Test Loss: 0.3577030
EarlyStopping counter: 5 out of 100
Updating learning rate to 1.3302794647291146e-06
Epoch: 45 cost time: 1.0730838775634766
Epoch: 45, Steps: 62 | Train Loss: 0.5523371 Vali Loss: 0.3604853 Test Loss: 0.3576694
EarlyStopping counter: 6 out of 100
Updating learning rate to 1.1972515182562034e-06
Epoch: 46 cost time: 1.0794541835784912
Epoch: 46, Steps: 62 | Train Loss: 0.5525013 Vali Loss: 0.3584658 Test Loss: 0.3577136
EarlyStopping counter: 7 out of 100
Updating learning rate to 1.077526366430583e-06
Epoch: 47 cost time: 1.0753977298736572
Epoch: 47, Steps: 62 | Train Loss: 0.5533070 Vali Loss: 0.3575328 Test Loss: 0.3580958
EarlyStopping counter: 8 out of 100
Updating learning rate to 9.697737297875248e-07
Epoch: 48 cost time: 1.073791742324829
Epoch: 48, Steps: 62 | Train Loss: 0.5507736 Vali Loss: 0.3590624 Test Loss: 0.3576938
EarlyStopping counter: 9 out of 100
Updating learning rate to 8.727963568087723e-07
Epoch: 49 cost time: 1.0798840522766113
Epoch: 49, Steps: 62 | Train Loss: 0.5525098 Vali Loss: 0.3589264 Test Loss: 0.3581569
EarlyStopping counter: 10 out of 100
Updating learning rate to 7.855167211278951e-07
Epoch: 50 cost time: 1.080132246017456
Epoch: 50, Steps: 62 | Train Loss: 0.5502543 Vali Loss: 0.3572724 Test Loss: 0.3581346
EarlyStopping counter: 11 out of 100
Updating learning rate to 7.069650490151056e-07
Epoch: 51 cost time: 1.0773284435272217
Epoch: 51, Steps: 62 | Train Loss: 0.5516129 Vali Loss: 0.3592714 Test Loss: 0.3580905
EarlyStopping counter: 12 out of 100
Updating learning rate to 6.36268544113595e-07
Epoch: 52 cost time: 1.080017328262329
Epoch: 52, Steps: 62 | Train Loss: 0.5511778 Vali Loss: 0.3580751 Test Loss: 0.3575192
EarlyStopping counter: 13 out of 100
Updating learning rate to 5.726416897022355e-07
Epoch: 53 cost time: 1.076115608215332
Epoch: 53, Steps: 62 | Train Loss: 0.5522866 Vali Loss: 0.3583809 Test Loss: 0.3583575
EarlyStopping counter: 14 out of 100
Updating learning rate to 5.15377520732012e-07
Epoch: 54 cost time: 1.0775642395019531
Epoch: 54, Steps: 62 | Train Loss: 0.5525784 Vali Loss: 0.3581447 Test Loss: 0.3581962
EarlyStopping counter: 15 out of 100
Updating learning rate to 4.6383976865881085e-07
Epoch: 55 cost time: 1.0814881324768066
Epoch: 55, Steps: 62 | Train Loss: 0.5511764 Vali Loss: 0.3569303 Test Loss: 0.3580415
EarlyStopping counter: 16 out of 100
Updating learning rate to 4.174557917929298e-07
Epoch: 56 cost time: 1.0774579048156738
Epoch: 56, Steps: 62 | Train Loss: 0.5522798 Vali Loss: 0.3581330 Test Loss: 0.3586473
EarlyStopping counter: 17 out of 100
Updating learning rate to 3.7571021261363677e-07
Epoch: 57 cost time: 1.0819549560546875
Epoch: 57, Steps: 62 | Train Loss: 0.5527937 Vali Loss: 0.3592860 Test Loss: 0.3582347
EarlyStopping counter: 18 out of 100
Updating learning rate to 3.381391913522731e-07
Epoch: 58 cost time: 1.0790064334869385
Epoch: 58, Steps: 62 | Train Loss: 0.5506278 Vali Loss: 0.3594173 Test Loss: 0.3583193
EarlyStopping counter: 19 out of 100
Updating learning rate to 3.043252722170458e-07
Epoch: 59 cost time: 1.077925205230713
Epoch: 59, Steps: 62 | Train Loss: 0.5516747 Vali Loss: 0.3583677 Test Loss: 0.3580592
EarlyStopping counter: 20 out of 100
Updating learning rate to 2.7389274499534124e-07
Epoch: 60 cost time: 1.0865514278411865
Epoch: 60, Steps: 62 | Train Loss: 0.5527037 Vali Loss: 0.3577391 Test Loss: 0.3581507
EarlyStopping counter: 21 out of 100
Updating learning rate to 2.465034704958071e-07
Epoch: 61 cost time: 1.077967643737793
Epoch: 61, Steps: 62 | Train Loss: 0.5508714 Vali Loss: 0.3609908 Test Loss: 0.3585519
EarlyStopping counter: 22 out of 100
Updating learning rate to 2.218531234462264e-07
Epoch: 62 cost time: 1.079113483428955
Epoch: 62, Steps: 62 | Train Loss: 0.5520789 Vali Loss: 0.3561020 Test Loss: 0.3582103
Validation loss decreased (0.356838 --> 0.356102).  Saving model ...
Updating learning rate to 1.9966781110160376e-07
Epoch: 63 cost time: 1.0847060680389404
Epoch: 63, Steps: 62 | Train Loss: 0.5513695 Vali Loss: 0.3576940 Test Loss: 0.3582622
EarlyStopping counter: 1 out of 100
Updating learning rate to 1.797010299914434e-07
Epoch: 64 cost time: 1.0783917903900146
Epoch: 64, Steps: 62 | Train Loss: 0.5527116 Vali Loss: 0.3596182 Test Loss: 0.3579816
EarlyStopping counter: 2 out of 100
Updating learning rate to 1.6173092699229907e-07
Epoch: 65 cost time: 1.0794272422790527
Epoch: 65, Steps: 62 | Train Loss: 0.5504218 Vali Loss: 0.3593150 Test Loss: 0.3581444
EarlyStopping counter: 3 out of 100
Updating learning rate to 1.4555783429306916e-07
Epoch: 66 cost time: 1.080759048461914
Epoch: 66, Steps: 62 | Train Loss: 0.5516712 Vali Loss: 0.3599709 Test Loss: 0.3581576
EarlyStopping counter: 4 out of 100
Updating learning rate to 1.3100205086376224e-07
Epoch: 67 cost time: 1.0800118446350098
Epoch: 67, Steps: 62 | Train Loss: 0.5512543 Vali Loss: 0.3584843 Test Loss: 0.3580034
EarlyStopping counter: 5 out of 100
Updating learning rate to 1.1790184577738603e-07
Epoch: 68 cost time: 1.0806355476379395
Epoch: 68, Steps: 62 | Train Loss: 0.5514597 Vali Loss: 0.3595310 Test Loss: 0.3583538
EarlyStopping counter: 6 out of 100
Updating learning rate to 1.0611166119964742e-07
Epoch: 69 cost time: 1.0872397422790527
Epoch: 69, Steps: 62 | Train Loss: 0.5509040 Vali Loss: 0.3597952 Test Loss: 0.3581676
EarlyStopping counter: 7 out of 100
Updating learning rate to 9.550049507968268e-08
Epoch: 70 cost time: 1.0833745002746582
Epoch: 70, Steps: 62 | Train Loss: 0.5526734 Vali Loss: 0.3575310 Test Loss: 0.3586101
EarlyStopping counter: 8 out of 100
Updating learning rate to 8.595044557171442e-08
Epoch: 71 cost time: 1.0790321826934814
Epoch: 71, Steps: 62 | Train Loss: 0.5518805 Vali Loss: 0.3584114 Test Loss: 0.3577879
EarlyStopping counter: 9 out of 100
Updating learning rate to 7.735540101454298e-08
Epoch: 72 cost time: 1.08376145362854
Epoch: 72, Steps: 62 | Train Loss: 0.5519109 Vali Loss: 0.3589048 Test Loss: 0.3577690
EarlyStopping counter: 10 out of 100
Updating learning rate to 6.961986091308869e-08
Epoch: 73 cost time: 1.08003568649292
Epoch: 73, Steps: 62 | Train Loss: 0.5519972 Vali Loss: 0.3591619 Test Loss: 0.3582672
EarlyStopping counter: 11 out of 100
Updating learning rate to 6.265787482177981e-08
Epoch: 74 cost time: 1.0788285732269287
Epoch: 74, Steps: 62 | Train Loss: 0.5521384 Vali Loss: 0.3580035 Test Loss: 0.3581313
EarlyStopping counter: 12 out of 100
Updating learning rate to 5.639208733960184e-08
Epoch: 75 cost time: 1.0781855583190918
Epoch: 75, Steps: 62 | Train Loss: 0.5498933 Vali Loss: 0.3589402 Test Loss: 0.3581366
EarlyStopping counter: 13 out of 100
Updating learning rate to 5.075287860564165e-08
Epoch: 76 cost time: 1.0834414958953857
Epoch: 76, Steps: 62 | Train Loss: 0.5511847 Vali Loss: 0.3602635 Test Loss: 0.3580346
EarlyStopping counter: 14 out of 100
Updating learning rate to 4.567759074507749e-08
Epoch: 77 cost time: 1.0854361057281494
Epoch: 77, Steps: 62 | Train Loss: 0.5511858 Vali Loss: 0.3587833 Test Loss: 0.3583241
EarlyStopping counter: 15 out of 100
Updating learning rate to 4.1109831670569744e-08
Epoch: 78 cost time: 1.0795624256134033
Epoch: 78, Steps: 62 | Train Loss: 0.5519735 Vali Loss: 0.3596843 Test Loss: 0.3580647
EarlyStopping counter: 16 out of 100
Updating learning rate to 3.6998848503512764e-08
Epoch: 79 cost time: 1.0815620422363281
Epoch: 79, Steps: 62 | Train Loss: 0.5494673 Vali Loss: 0.3599239 Test Loss: 0.3582824
EarlyStopping counter: 17 out of 100
Updating learning rate to 3.3298963653161496e-08
Epoch: 80 cost time: 1.0850574970245361
Epoch: 80, Steps: 62 | Train Loss: 0.5507233 Vali Loss: 0.3610575 Test Loss: 0.3580843
EarlyStopping counter: 18 out of 100
Updating learning rate to 2.996906728784534e-08
Epoch: 81 cost time: 1.0792973041534424
Epoch: 81, Steps: 62 | Train Loss: 0.5510028 Vali Loss: 0.3577901 Test Loss: 0.3582437
EarlyStopping counter: 19 out of 100
Updating learning rate to 2.697216055906081e-08
Epoch: 82 cost time: 1.080397605895996
Epoch: 82, Steps: 62 | Train Loss: 0.5518375 Vali Loss: 0.3601377 Test Loss: 0.3582096
EarlyStopping counter: 20 out of 100
Updating learning rate to 2.427494450315473e-08
Epoch: 83 cost time: 1.0823464393615723
Epoch: 83, Steps: 62 | Train Loss: 0.5525987 Vali Loss: 0.3597597 Test Loss: 0.3583293
EarlyStopping counter: 21 out of 100
Updating learning rate to 2.1847450052839257e-08
Epoch: 84 cost time: 1.079545259475708
Epoch: 84, Steps: 62 | Train Loss: 0.5514155 Vali Loss: 0.3574845 Test Loss: 0.3582594
EarlyStopping counter: 22 out of 100
Updating learning rate to 1.9662705047555332e-08
Epoch: 85 cost time: 1.0808100700378418
Epoch: 85, Steps: 62 | Train Loss: 0.5519596 Vali Loss: 0.3592197 Test Loss: 0.3583248
EarlyStopping counter: 23 out of 100
Updating learning rate to 1.7696434542799797e-08
Epoch: 86 cost time: 1.079185962677002
Epoch: 86, Steps: 62 | Train Loss: 0.5515345 Vali Loss: 0.3603757 Test Loss: 0.3582678
EarlyStopping counter: 24 out of 100
Updating learning rate to 1.5926791088519817e-08
Epoch: 87 cost time: 1.0837807655334473
Epoch: 87, Steps: 62 | Train Loss: 0.5515600 Vali Loss: 0.3603801 Test Loss: 0.3580952
EarlyStopping counter: 25 out of 100
Updating learning rate to 1.4334111979667836e-08
Epoch: 88 cost time: 1.0850191116333008
Epoch: 88, Steps: 62 | Train Loss: 0.5522483 Vali Loss: 0.3578743 Test Loss: 0.3577128
EarlyStopping counter: 26 out of 100
Updating learning rate to 1.2900700781701054e-08
Epoch: 89 cost time: 1.0799686908721924
Epoch: 89, Steps: 62 | Train Loss: 0.5507737 Vali Loss: 0.3588274 Test Loss: 0.3579233
EarlyStopping counter: 27 out of 100
Updating learning rate to 1.161063070353095e-08
Epoch: 90 cost time: 1.0831890106201172
Epoch: 90, Steps: 62 | Train Loss: 0.5505555 Vali Loss: 0.3581617 Test Loss: 0.3581711
EarlyStopping counter: 28 out of 100
Updating learning rate to 1.0449567633177854e-08
Epoch: 91 cost time: 1.083336591720581
Epoch: 91, Steps: 62 | Train Loss: 0.5522697 Vali Loss: 0.3565136 Test Loss: 0.3578300
EarlyStopping counter: 29 out of 100
Updating learning rate to 9.404610869860069e-09
Epoch: 92 cost time: 1.0848004817962646
Epoch: 92, Steps: 62 | Train Loss: 0.5527823 Vali Loss: 0.3570604 Test Loss: 0.3581583
EarlyStopping counter: 30 out of 100
Updating learning rate to 8.464149782874063e-09
Epoch: 93 cost time: 1.0860722064971924
Epoch: 93, Steps: 62 | Train Loss: 0.5524079 Vali Loss: 0.3576194 Test Loss: 0.3580771
EarlyStopping counter: 31 out of 100
Updating learning rate to 7.617734804586658e-09
Epoch: 94 cost time: 1.0830507278442383
Epoch: 94, Steps: 62 | Train Loss: 0.5526512 Vali Loss: 0.3590750 Test Loss: 0.3580769
EarlyStopping counter: 32 out of 100
Updating learning rate to 6.855961324127991e-09
Epoch: 95 cost time: 1.0800821781158447
Epoch: 95, Steps: 62 | Train Loss: 0.5527325 Vali Loss: 0.3588302 Test Loss: 0.3586253
EarlyStopping counter: 33 out of 100
Updating learning rate to 6.170365191715193e-09
Epoch: 96 cost time: 1.0820932388305664
Epoch: 96, Steps: 62 | Train Loss: 0.5521732 Vali Loss: 0.3584617 Test Loss: 0.3582814
EarlyStopping counter: 34 out of 100
Updating learning rate to 5.5533286725436726e-09
Epoch: 97 cost time: 1.0860536098480225
Epoch: 97, Steps: 62 | Train Loss: 0.5524158 Vali Loss: 0.3575566 Test Loss: 0.3586650
EarlyStopping counter: 35 out of 100
Updating learning rate to 4.997995805289306e-09
Epoch: 98 cost time: 1.0880870819091797
Epoch: 98, Steps: 62 | Train Loss: 0.5516846 Vali Loss: 0.3594449 Test Loss: 0.3579508
EarlyStopping counter: 36 out of 100
Updating learning rate to 4.498196224760375e-09
Epoch: 99 cost time: 1.0850944519042969
Epoch: 99, Steps: 62 | Train Loss: 0.5527587 Vali Loss: 0.3599268 Test Loss: 0.3581942
EarlyStopping counter: 37 out of 100
Updating learning rate to 4.048376602284338e-09
Epoch: 100 cost time: 1.0913543701171875
Epoch: 100, Steps: 62 | Train Loss: 0.5519086 Vali Loss: 0.3605362 Test Loss: 0.3582069
EarlyStopping counter: 38 out of 100
Updating learning rate to 3.643538942055904e-09
>>>>>>>testing : CMS3_etth2_336_336_PatchTST_ETTh2_ftM_sl336_ll48_pl336_dm16_nh4_el3_dl1_df128_fc1_ebtimeF_dtTrue_Exp_0<<<<<<<<<<<<<<<<<<<<<<<<<<<<<<<<<
test 2545
mse:0.3453093469142914, mae:0.39463889598846436, rse:0.4694523513317108
Args in experiment:
Namespace(random_seed=2021, is_training=1, model_id='CMS3_etth2_336_720', model='PatchTST', data='ETTh2', root_path='./dataset/', data_path='ETTh2.csv', features='M', target='OT', freq='h', checkpoints='./checkpoints/', seq_len=336, label_len=48, pred_len=720, head_type='cms3', fc_dropout=0.3, head_dropout=0.0, patch_len=16, stride=8, padding_patch='end', revin=1, affine=0, subtract_last=0, decomposition=0, kernel_size=25, individual=0, embed_type=0, enc_in=7, dec_in=7, c_out=7, d_model=16, n_heads=4, e_layers=3, d_layers=1, d_ff=128, moving_avg=25, factor=1, distil=True, dropout=0.3, embed='timeF', activation='gelu', output_attention=False, do_predict=False, num_workers=0, itr=1, train_epochs=100, batch_size=128, patience=100, learning_rate=0.0001, des='Exp', loss='mse', lradj='type3', pct_start=0.3, use_amp=False, use_gpu=True, gpu=0, use_multi_gpu=False, devices='0,1,2,3', test_flop=False)
Use GPU: cuda:0
>>>>>>>start training : CMS3_etth2_336_720_PatchTST_ETTh2_ftM_sl336_ll48_pl720_dm16_nh4_el3_dl1_df128_fc1_ebtimeF_dtTrue_Exp_0>>>>>>>>>>>>>>>>>>>>>>>>>>
train 7585
val 2161
test 2161
Epoch: 1 cost time: 1.8079297542572021
Epoch: 1, Steps: 59 | Train Loss: 0.8850778 Vali Loss: 0.7394621 Test Loss: 0.4089911
Validation loss decreased (inf --> 0.739462).  Saving model ...
Updating learning rate to 0.0001
Epoch: 2 cost time: 1.3492159843444824
Epoch: 2, Steps: 59 | Train Loss: 0.8800414 Vali Loss: 0.7206173 Test Loss: 0.4068822
Validation loss decreased (0.739462 --> 0.720617).  Saving model ...
Updating learning rate to 0.0001
Epoch: 3 cost time: 1.3675205707550049
Epoch: 3, Steps: 59 | Train Loss: 0.8576076 Vali Loss: 0.6691611 Test Loss: 0.4074650
Validation loss decreased (0.720617 --> 0.669161).  Saving model ...
Updating learning rate to 0.0001
Epoch: 4 cost time: 1.350360631942749
Epoch: 4, Steps: 59 | Train Loss: 0.8260219 Vali Loss: 0.6424500 Test Loss: 0.4100225
Validation loss decreased (0.669161 --> 0.642450).  Saving model ...
Updating learning rate to 9e-05
Epoch: 5 cost time: 1.3486380577087402
Epoch: 5, Steps: 59 | Train Loss: 0.8074726 Vali Loss: 0.6314294 Test Loss: 0.4089367
Validation loss decreased (0.642450 --> 0.631429).  Saving model ...
Updating learning rate to 8.1e-05
Epoch: 6 cost time: 1.3520770072937012
Epoch: 6, Steps: 59 | Train Loss: 0.7958657 Vali Loss: 0.6233634 Test Loss: 0.4065772
Validation loss decreased (0.631429 --> 0.623363).  Saving model ...
Updating learning rate to 7.290000000000001e-05
Epoch: 7 cost time: 1.3559694290161133
Epoch: 7, Steps: 59 | Train Loss: 0.7884934 Vali Loss: 0.6265295 Test Loss: 0.4048610
EarlyStopping counter: 1 out of 100
Updating learning rate to 6.561e-05
Epoch: 8 cost time: 1.3513820171356201
Epoch: 8, Steps: 59 | Train Loss: 0.7824257 Vali Loss: 0.6278819 Test Loss: 0.4008856
EarlyStopping counter: 2 out of 100
Updating learning rate to 5.904900000000001e-05
Epoch: 9 cost time: 1.3889484405517578
Epoch: 9, Steps: 59 | Train Loss: 0.7777772 Vali Loss: 0.6240208 Test Loss: 0.4004436
EarlyStopping counter: 3 out of 100
Updating learning rate to 5.3144100000000005e-05
Epoch: 10 cost time: 1.351203203201294
Epoch: 10, Steps: 59 | Train Loss: 0.7734747 Vali Loss: 0.6277570 Test Loss: 0.3992305
EarlyStopping counter: 4 out of 100
Updating learning rate to 4.782969000000001e-05
Epoch: 11 cost time: 1.3646430969238281
Epoch: 11, Steps: 59 | Train Loss: 0.7708463 Vali Loss: 0.6244442 Test Loss: 0.3980134
EarlyStopping counter: 5 out of 100
Updating learning rate to 4.304672100000001e-05
Epoch: 12 cost time: 1.3656325340270996
Epoch: 12, Steps: 59 | Train Loss: 0.7690306 Vali Loss: 0.6212091 Test Loss: 0.3987934
Validation loss decreased (0.623363 --> 0.621209).  Saving model ...
Updating learning rate to 3.874204890000001e-05
Epoch: 13 cost time: 1.3509845733642578
Epoch: 13, Steps: 59 | Train Loss: 0.7656862 Vali Loss: 0.6231567 Test Loss: 0.3995636
EarlyStopping counter: 1 out of 100
Updating learning rate to 3.486784401000001e-05
Epoch: 14 cost time: 1.3508341312408447
Epoch: 14, Steps: 59 | Train Loss: 0.7644866 Vali Loss: 0.6179446 Test Loss: 0.3991258
Validation loss decreased (0.621209 --> 0.617945).  Saving model ...
Updating learning rate to 3.138105960900001e-05
Epoch: 15 cost time: 1.3529753684997559
Epoch: 15, Steps: 59 | Train Loss: 0.7619075 Vali Loss: 0.6197093 Test Loss: 0.3989882
EarlyStopping counter: 1 out of 100
Updating learning rate to 2.824295364810001e-05
Epoch: 16 cost time: 1.351182222366333
Epoch: 16, Steps: 59 | Train Loss: 0.7610547 Vali Loss: 0.6208776 Test Loss: 0.3986523
EarlyStopping counter: 2 out of 100
Updating learning rate to 2.541865828329001e-05
Epoch: 17 cost time: 1.3658058643341064
Epoch: 17, Steps: 59 | Train Loss: 0.7593884 Vali Loss: 0.6184745 Test Loss: 0.3993479
EarlyStopping counter: 3 out of 100
Updating learning rate to 2.287679245496101e-05
Epoch: 18 cost time: 1.352569580078125
Epoch: 18, Steps: 59 | Train Loss: 0.7580106 Vali Loss: 0.6186979 Test Loss: 0.3995989
EarlyStopping counter: 4 out of 100
Updating learning rate to 2.0589113209464907e-05
Epoch: 19 cost time: 1.3542826175689697
Epoch: 19, Steps: 59 | Train Loss: 0.7572510 Vali Loss: 0.6225361 Test Loss: 0.3988746
EarlyStopping counter: 5 out of 100
Updating learning rate to 1.8530201888518416e-05
Epoch: 20 cost time: 1.3565044403076172
Epoch: 20, Steps: 59 | Train Loss: 0.7549843 Vali Loss: 0.6172403 Test Loss: 0.3994791
Validation loss decreased (0.617945 --> 0.617240).  Saving model ...
Updating learning rate to 1.6677181699666577e-05
Epoch: 21 cost time: 1.3461809158325195
Epoch: 21, Steps: 59 | Train Loss: 0.7552539 Vali Loss: 0.6174911 Test Loss: 0.3997827
EarlyStopping counter: 1 out of 100
Updating learning rate to 1.5009463529699919e-05
Epoch: 22 cost time: 1.3452913761138916
Epoch: 22, Steps: 59 | Train Loss: 0.7544210 Vali Loss: 0.6156623 Test Loss: 0.3999395
Validation loss decreased (0.617240 --> 0.615662).  Saving model ...
Updating learning rate to 1.3508517176729929e-05
Epoch: 23 cost time: 1.36088228225708
Epoch: 23, Steps: 59 | Train Loss: 0.7532734 Vali Loss: 0.6163492 Test Loss: 0.3997003
EarlyStopping counter: 1 out of 100
Updating learning rate to 1.2157665459056936e-05
Epoch: 24 cost time: 1.3478994369506836
Epoch: 24, Steps: 59 | Train Loss: 0.7522370 Vali Loss: 0.6169943 Test Loss: 0.3997588
EarlyStopping counter: 2 out of 100
Updating learning rate to 1.0941898913151242e-05
Epoch: 25 cost time: 1.3472044467926025
Epoch: 25, Steps: 59 | Train Loss: 0.7528809 Vali Loss: 0.6183659 Test Loss: 0.3995774
EarlyStopping counter: 3 out of 100
Updating learning rate to 9.847709021836118e-06
Epoch: 26 cost time: 1.3544652462005615
Epoch: 26, Steps: 59 | Train Loss: 0.7511363 Vali Loss: 0.6176813 Test Loss: 0.3998263
EarlyStopping counter: 4 out of 100
Updating learning rate to 8.862938119652508e-06
Epoch: 27 cost time: 1.3493950366973877
Epoch: 27, Steps: 59 | Train Loss: 0.7523937 Vali Loss: 0.6176413 Test Loss: 0.3998442
EarlyStopping counter: 5 out of 100
Updating learning rate to 7.976644307687255e-06
Epoch: 28 cost time: 1.3564400672912598
Epoch: 28, Steps: 59 | Train Loss: 0.7519161 Vali Loss: 0.6209329 Test Loss: 0.3999048
EarlyStopping counter: 6 out of 100
Updating learning rate to 7.178979876918531e-06
Epoch: 29 cost time: 1.3503172397613525
Epoch: 29, Steps: 59 | Train Loss: 0.7507680 Vali Loss: 0.6198944 Test Loss: 0.4000673
EarlyStopping counter: 7 out of 100
Updating learning rate to 6.4610818892266776e-06
Epoch: 30 cost time: 1.3526780605316162
Epoch: 30, Steps: 59 | Train Loss: 0.7503411 Vali Loss: 0.6178257 Test Loss: 0.4000409
EarlyStopping counter: 8 out of 100
Updating learning rate to 5.8149737003040096e-06
Epoch: 31 cost time: 1.3638384342193604
Epoch: 31, Steps: 59 | Train Loss: 0.7489998 Vali Loss: 0.6165987 Test Loss: 0.4005295
EarlyStopping counter: 9 out of 100
Updating learning rate to 5.23347633027361e-06
Epoch: 32 cost time: 1.3508343696594238
Epoch: 32, Steps: 59 | Train Loss: 0.7504663 Vali Loss: 0.6201066 Test Loss: 0.4003013
EarlyStopping counter: 10 out of 100
Updating learning rate to 4.710128697246249e-06
Epoch: 33 cost time: 1.3514080047607422
Epoch: 33, Steps: 59 | Train Loss: 0.7491738 Vali Loss: 0.6177996 Test Loss: 0.4003261
EarlyStopping counter: 11 out of 100
Updating learning rate to 4.239115827521624e-06
Epoch: 34 cost time: 1.3512916564941406
Epoch: 34, Steps: 59 | Train Loss: 0.7508348 Vali Loss: 0.6167818 Test Loss: 0.4005221
EarlyStopping counter: 12 out of 100
Updating learning rate to 3.815204244769462e-06
Epoch: 35 cost time: 1.3576838970184326
Epoch: 35, Steps: 59 | Train Loss: 0.7493251 Vali Loss: 0.6162196 Test Loss: 0.4006494
EarlyStopping counter: 13 out of 100
Updating learning rate to 3.4336838202925152e-06
Epoch: 36 cost time: 1.355438470840454
Epoch: 36, Steps: 59 | Train Loss: 0.7492599 Vali Loss: 0.6176087 Test Loss: 0.4003931
EarlyStopping counter: 14 out of 100
Updating learning rate to 3.090315438263264e-06
Epoch: 37 cost time: 1.3901340961456299
Epoch: 37, Steps: 59 | Train Loss: 0.7489332 Vali Loss: 0.6135918 Test Loss: 0.4006398
Validation loss decreased (0.615662 --> 0.613592).  Saving model ...
Updating learning rate to 2.7812838944369375e-06
Epoch: 38 cost time: 1.353670358657837
Epoch: 38, Steps: 59 | Train Loss: 0.7480472 Vali Loss: 0.6176589 Test Loss: 0.4007046
EarlyStopping counter: 1 out of 100
Updating learning rate to 2.503155504993244e-06
Epoch: 39 cost time: 1.355520248413086
Epoch: 39, Steps: 59 | Train Loss: 0.7494048 Vali Loss: 0.6190002 Test Loss: 0.4006426
EarlyStopping counter: 2 out of 100
Updating learning rate to 2.2528399544939195e-06
Epoch: 40 cost time: 1.3556690216064453
Epoch: 40, Steps: 59 | Train Loss: 0.7489271 Vali Loss: 0.6162525 Test Loss: 0.4006687
EarlyStopping counter: 3 out of 100
Updating learning rate to 2.0275559590445276e-06
Epoch: 41 cost time: 1.3534135818481445
Epoch: 41, Steps: 59 | Train Loss: 0.7483118 Vali Loss: 0.6166180 Test Loss: 0.4008055
EarlyStopping counter: 4 out of 100
Updating learning rate to 1.8248003631400751e-06
Epoch: 42 cost time: 1.3577752113342285
Epoch: 42, Steps: 59 | Train Loss: 0.7496152 Vali Loss: 0.6131094 Test Loss: 0.4007426
Validation loss decreased (0.613592 --> 0.613109).  Saving model ...
Updating learning rate to 1.6423203268260676e-06
Epoch: 43 cost time: 1.352351427078247
Epoch: 43, Steps: 59 | Train Loss: 0.7473829 Vali Loss: 0.6175925 Test Loss: 0.4005701
EarlyStopping counter: 1 out of 100
Updating learning rate to 1.4780882941434609e-06
Epoch: 44 cost time: 1.3564128875732422
Epoch: 44, Steps: 59 | Train Loss: 0.7492885 Vali Loss: 0.6151559 Test Loss: 0.4007440
EarlyStopping counter: 2 out of 100
Updating learning rate to 1.3302794647291146e-06
Epoch: 45 cost time: 1.3674516677856445
Epoch: 45, Steps: 59 | Train Loss: 0.7486850 Vali Loss: 0.6190763 Test Loss: 0.4007390
EarlyStopping counter: 3 out of 100
Updating learning rate to 1.1972515182562034e-06
Epoch: 46 cost time: 1.3565237522125244
Epoch: 46, Steps: 59 | Train Loss: 0.7475421 Vali Loss: 0.6174060 Test Loss: 0.4008394
EarlyStopping counter: 4 out of 100
Updating learning rate to 1.077526366430583e-06
Epoch: 47 cost time: 1.351245641708374
Epoch: 47, Steps: 59 | Train Loss: 0.7485067 Vali Loss: 0.6157624 Test Loss: 0.4006222
EarlyStopping counter: 5 out of 100
Updating learning rate to 9.697737297875248e-07
Epoch: 48 cost time: 1.35752272605896
Epoch: 48, Steps: 59 | Train Loss: 0.7472541 Vali Loss: 0.6177136 Test Loss: 0.4007595
EarlyStopping counter: 6 out of 100
Updating learning rate to 8.727963568087723e-07
Epoch: 49 cost time: 1.3540573120117188
Epoch: 49, Steps: 59 | Train Loss: 0.7479042 Vali Loss: 0.6161450 Test Loss: 0.4006539
EarlyStopping counter: 7 out of 100
Updating learning rate to 7.855167211278951e-07
Epoch: 50 cost time: 1.3572630882263184
Epoch: 50, Steps: 59 | Train Loss: 0.7486385 Vali Loss: 0.6202497 Test Loss: 0.4008215
EarlyStopping counter: 8 out of 100
Updating learning rate to 7.069650490151056e-07
Epoch: 51 cost time: 1.3568921089172363
Epoch: 51, Steps: 59 | Train Loss: 0.7497974 Vali Loss: 0.6176373 Test Loss: 0.4009136
EarlyStopping counter: 9 out of 100
Updating learning rate to 6.36268544113595e-07
Epoch: 52 cost time: 1.357647180557251
Epoch: 52, Steps: 59 | Train Loss: 0.7473212 Vali Loss: 0.6173199 Test Loss: 0.4002963
EarlyStopping counter: 10 out of 100
Updating learning rate to 5.726416897022355e-07
Epoch: 53 cost time: 1.3582096099853516
Epoch: 53, Steps: 59 | Train Loss: 0.7484225 Vali Loss: 0.6212100 Test Loss: 0.4006510
EarlyStopping counter: 11 out of 100
Updating learning rate to 5.15377520732012e-07
Epoch: 54 cost time: 1.3547720909118652
Epoch: 54, Steps: 59 | Train Loss: 0.7472767 Vali Loss: 0.6169313 Test Loss: 0.4005843
EarlyStopping counter: 12 out of 100
Updating learning rate to 4.6383976865881085e-07
Epoch: 55 cost time: 1.3560056686401367
Epoch: 55, Steps: 59 | Train Loss: 0.7476047 Vali Loss: 0.6156296 Test Loss: 0.4006430
EarlyStopping counter: 13 out of 100
Updating learning rate to 4.174557917929298e-07
Epoch: 56 cost time: 1.354658603668213
Epoch: 56, Steps: 59 | Train Loss: 0.7479907 Vali Loss: 0.6175528 Test Loss: 0.4008738
EarlyStopping counter: 14 out of 100
Updating learning rate to 3.7571021261363677e-07
Epoch: 57 cost time: 1.3558800220489502
Epoch: 57, Steps: 59 | Train Loss: 0.7480872 Vali Loss: 0.6172358 Test Loss: 0.4007675
EarlyStopping counter: 15 out of 100
Updating learning rate to 3.381391913522731e-07
Epoch: 58 cost time: 1.3572735786437988
Epoch: 58, Steps: 59 | Train Loss: 0.7492797 Vali Loss: 0.6176362 Test Loss: 0.4009095
EarlyStopping counter: 16 out of 100
Updating learning rate to 3.043252722170458e-07
Epoch: 59 cost time: 1.3562953472137451
Epoch: 59, Steps: 59 | Train Loss: 0.7482800 Vali Loss: 0.6189409 Test Loss: 0.4006322
EarlyStopping counter: 17 out of 100
Updating learning rate to 2.7389274499534124e-07
Epoch: 60 cost time: 1.3615038394927979
Epoch: 60, Steps: 59 | Train Loss: 0.7477179 Vali Loss: 0.6163527 Test Loss: 0.4007977
EarlyStopping counter: 18 out of 100
Updating learning rate to 2.465034704958071e-07
Epoch: 61 cost time: 1.356215000152588
Epoch: 61, Steps: 59 | Train Loss: 0.7479565 Vali Loss: 0.6139992 Test Loss: 0.4007772
EarlyStopping counter: 19 out of 100
Updating learning rate to 2.218531234462264e-07
Epoch: 62 cost time: 1.3612587451934814
Epoch: 62, Steps: 59 | Train Loss: 0.7474284 Vali Loss: 0.6130155 Test Loss: 0.4005342
Validation loss decreased (0.613109 --> 0.613015).  Saving model ...
Updating learning rate to 1.9966781110160376e-07
Epoch: 63 cost time: 1.3559839725494385
Epoch: 63, Steps: 59 | Train Loss: 0.7479979 Vali Loss: 0.6187944 Test Loss: 0.4010526
EarlyStopping counter: 1 out of 100
Updating learning rate to 1.797010299914434e-07
Epoch: 64 cost time: 1.363304853439331
Epoch: 64, Steps: 59 | Train Loss: 0.7478662 Vali Loss: 0.6183252 Test Loss: 0.4006554
EarlyStopping counter: 2 out of 100
Updating learning rate to 1.6173092699229907e-07
Epoch: 65 cost time: 1.3585748672485352
Epoch: 65, Steps: 59 | Train Loss: 0.7483698 Vali Loss: 0.6164150 Test Loss: 0.4008541
EarlyStopping counter: 3 out of 100
Updating learning rate to 1.4555783429306916e-07
Epoch: 66 cost time: 1.3604943752288818
Epoch: 66, Steps: 59 | Train Loss: 0.7487720 Vali Loss: 0.6197256 Test Loss: 0.4006935
EarlyStopping counter: 4 out of 100
Updating learning rate to 1.3100205086376224e-07
Epoch: 67 cost time: 1.1519734859466553
Epoch: 67, Steps: 59 | Train Loss: 0.7467208 Vali Loss: 0.6190269 Test Loss: 0.4003307
EarlyStopping counter: 5 out of 100
Updating learning rate to 1.1790184577738603e-07
Epoch: 68 cost time: 1.1061041355133057
Epoch: 68, Steps: 59 | Train Loss: 0.7480632 Vali Loss: 0.6210624 Test Loss: 0.4007001
EarlyStopping counter: 6 out of 100
Updating learning rate to 1.0611166119964742e-07
Epoch: 69 cost time: 1.1057426929473877
Epoch: 69, Steps: 59 | Train Loss: 0.7486107 Vali Loss: 0.6169367 Test Loss: 0.4011244
EarlyStopping counter: 7 out of 100
Updating learning rate to 9.550049507968268e-08
Epoch: 70 cost time: 1.1012635231018066
Epoch: 70, Steps: 59 | Train Loss: 0.7493124 Vali Loss: 0.6160172 Test Loss: 0.4007531
EarlyStopping counter: 8 out of 100
Updating learning rate to 8.595044557171442e-08
Epoch: 71 cost time: 1.1018693447113037
Epoch: 71, Steps: 59 | Train Loss: 0.7479414 Vali Loss: 0.6183596 Test Loss: 0.4003741
EarlyStopping counter: 9 out of 100
Updating learning rate to 7.735540101454298e-08
Epoch: 72 cost time: 1.1064839363098145
Epoch: 72, Steps: 59 | Train Loss: 0.7459398 Vali Loss: 0.6180403 Test Loss: 0.4004627
EarlyStopping counter: 10 out of 100
Updating learning rate to 6.961986091308869e-08
Epoch: 73 cost time: 1.103010892868042
Epoch: 73, Steps: 59 | Train Loss: 0.7497329 Vali Loss: 0.6188395 Test Loss: 0.4010171
EarlyStopping counter: 11 out of 100
Updating learning rate to 6.265787482177981e-08
Epoch: 74 cost time: 1.1026318073272705
Epoch: 74, Steps: 59 | Train Loss: 0.7461541 Vali Loss: 0.6175005 Test Loss: 0.4007620
EarlyStopping counter: 12 out of 100
Updating learning rate to 5.639208733960184e-08
Epoch: 75 cost time: 1.1061851978302002
Epoch: 75, Steps: 59 | Train Loss: 0.7472943 Vali Loss: 0.6145782 Test Loss: 0.4009624
EarlyStopping counter: 13 out of 100
Updating learning rate to 5.075287860564165e-08
Epoch: 76 cost time: 1.1066105365753174
Epoch: 76, Steps: 59 | Train Loss: 0.7479220 Vali Loss: 0.6162884 Test Loss: 0.4006084
EarlyStopping counter: 14 out of 100
Updating learning rate to 4.567759074507749e-08
Epoch: 77 cost time: 1.107780933380127
Epoch: 77, Steps: 59 | Train Loss: 0.7476414 Vali Loss: 0.6194534 Test Loss: 0.4006934
EarlyStopping counter: 15 out of 100
Updating learning rate to 4.1109831670569744e-08
Epoch: 78 cost time: 1.1075758934020996
Epoch: 78, Steps: 59 | Train Loss: 0.7474958 Vali Loss: 0.6192919 Test Loss: 0.4005558
EarlyStopping counter: 16 out of 100
Updating learning rate to 3.6998848503512764e-08
Epoch: 79 cost time: 1.104508876800537
Epoch: 79, Steps: 59 | Train Loss: 0.7477376 Vali Loss: 0.6193069 Test Loss: 0.4007213
EarlyStopping counter: 17 out of 100
Updating learning rate to 3.3298963653161496e-08
Epoch: 80 cost time: 1.1026158332824707
Epoch: 80, Steps: 59 | Train Loss: 0.7463004 Vali Loss: 0.6179086 Test Loss: 0.4005812
EarlyStopping counter: 18 out of 100
Updating learning rate to 2.996906728784534e-08
Epoch: 81 cost time: 1.1091158390045166
Epoch: 81, Steps: 59 | Train Loss: 0.7468284 Vali Loss: 0.6157308 Test Loss: 0.4008558
EarlyStopping counter: 19 out of 100
Updating learning rate to 2.697216055906081e-08
Epoch: 82 cost time: 1.1024582386016846
Epoch: 82, Steps: 59 | Train Loss: 0.7485724 Vali Loss: 0.6213386 Test Loss: 0.4009559
EarlyStopping counter: 20 out of 100
Updating learning rate to 2.427494450315473e-08
Epoch: 83 cost time: 1.107069969177246
Epoch: 83, Steps: 59 | Train Loss: 0.7467588 Vali Loss: 0.6183951 Test Loss: 0.4006900
EarlyStopping counter: 21 out of 100
Updating learning rate to 2.1847450052839257e-08
Epoch: 84 cost time: 1.1039996147155762
Epoch: 84, Steps: 59 | Train Loss: 0.7471203 Vali Loss: 0.6179960 Test Loss: 0.4010817
EarlyStopping counter: 22 out of 100
Updating learning rate to 1.9662705047555332e-08
Epoch: 85 cost time: 1.1055176258087158
Epoch: 85, Steps: 59 | Train Loss: 0.7483892 Vali Loss: 0.6170113 Test Loss: 0.4009467
EarlyStopping counter: 23 out of 100
Updating learning rate to 1.7696434542799797e-08
Epoch: 86 cost time: 1.1104705333709717
Epoch: 86, Steps: 59 | Train Loss: 0.7479811 Vali Loss: 0.6179787 Test Loss: 0.4008504
EarlyStopping counter: 24 out of 100
Updating learning rate to 1.5926791088519817e-08
Epoch: 87 cost time: 1.105165719985962
Epoch: 87, Steps: 59 | Train Loss: 0.7473783 Vali Loss: 0.6124225 Test Loss: 0.4004492
Validation loss decreased (0.613015 --> 0.612422).  Saving model ...
Updating learning rate to 1.4334111979667836e-08
Epoch: 88 cost time: 1.1055734157562256
Epoch: 88, Steps: 59 | Train Loss: 0.7483721 Vali Loss: 0.6170017 Test Loss: 0.4005915
EarlyStopping counter: 1 out of 100
Updating learning rate to 1.2900700781701054e-08
Epoch: 89 cost time: 1.1101224422454834
Epoch: 89, Steps: 59 | Train Loss: 0.7483800 Vali Loss: 0.6161762 Test Loss: 0.4007397
EarlyStopping counter: 2 out of 100
Updating learning rate to 1.161063070353095e-08
Epoch: 90 cost time: 1.1143004894256592
Epoch: 90, Steps: 59 | Train Loss: 0.7462304 Vali Loss: 0.6158242 Test Loss: 0.4007607
EarlyStopping counter: 3 out of 100
Updating learning rate to 1.0449567633177854e-08
Epoch: 91 cost time: 1.1068036556243896
Epoch: 91, Steps: 59 | Train Loss: 0.7462049 Vali Loss: 0.6182328 Test Loss: 0.4007850
EarlyStopping counter: 4 out of 100
Updating learning rate to 9.404610869860069e-09
Epoch: 92 cost time: 1.1495139598846436
Epoch: 92, Steps: 59 | Train Loss: 0.7477336 Vali Loss: 0.6171073 Test Loss: 0.4008554
EarlyStopping counter: 5 out of 100
Updating learning rate to 8.464149782874063e-09
Epoch: 93 cost time: 1.103647232055664
Epoch: 93, Steps: 59 | Train Loss: 0.7485989 Vali Loss: 0.6150109 Test Loss: 0.4005864
EarlyStopping counter: 6 out of 100
Updating learning rate to 7.617734804586658e-09
Epoch: 94 cost time: 1.1007404327392578
Epoch: 94, Steps: 59 | Train Loss: 0.7489640 Vali Loss: 0.6191415 Test Loss: 0.4008060
EarlyStopping counter: 7 out of 100
Updating learning rate to 6.855961324127991e-09
Epoch: 95 cost time: 1.1058669090270996
Epoch: 95, Steps: 59 | Train Loss: 0.7471606 Vali Loss: 0.6183941 Test Loss: 0.4009423
EarlyStopping counter: 8 out of 100
Updating learning rate to 6.170365191715193e-09
Epoch: 96 cost time: 1.1071913242340088
Epoch: 96, Steps: 59 | Train Loss: 0.7482428 Vali Loss: 0.6185428 Test Loss: 0.4008050
EarlyStopping counter: 9 out of 100
Updating learning rate to 5.5533286725436726e-09
Epoch: 97 cost time: 1.1067254543304443
Epoch: 97, Steps: 59 | Train Loss: 0.7481588 Vali Loss: 0.6158564 Test Loss: 0.4007003
EarlyStopping counter: 10 out of 100
Updating learning rate to 4.997995805289306e-09
Epoch: 98 cost time: 1.1054024696350098
Epoch: 98, Steps: 59 | Train Loss: 0.7481972 Vali Loss: 0.6182637 Test Loss: 0.4007751
EarlyStopping counter: 11 out of 100
Updating learning rate to 4.498196224760375e-09
Epoch: 99 cost time: 1.1049854755401611
Epoch: 99, Steps: 59 | Train Loss: 0.7474541 Vali Loss: 0.6167749 Test Loss: 0.4006446
EarlyStopping counter: 12 out of 100
Updating learning rate to 4.048376602284338e-09
Epoch: 100 cost time: 1.105513334274292
Epoch: 100, Steps: 59 | Train Loss: 0.7468364 Vali Loss: 0.6164422 Test Loss: 0.4008461
EarlyStopping counter: 13 out of 100
Updating learning rate to 3.643538942055904e-09
>>>>>>>testing : CMS3_etth2_336_720_PatchTST_ETTh2_ftM_sl336_ll48_pl720_dm16_nh4_el3_dl1_df128_fc1_ebtimeF_dtTrue_Exp_0<<<<<<<<<<<<<<<<<<<<<<<<<<<<<<<<<
test 2161
mse:0.4057162404060364, mae:0.4331411123275757, rse:0.5106675624847412
