==========================================================
Lanzando Experimento: CMS3_ettm1 | Dataset: ettm1
==========================================================
Args in experiment:
Namespace(random_seed=2021, is_training=1, model_id='CMS3_ettm1_336_96', model='PatchTST', data='ETTm1', root_path='./dataset/', data_path='ETTm1.csv', features='M', target='OT', freq='h', checkpoints='./checkpoints/', seq_len=336, label_len=48, pred_len=96, head_type='cms3', fc_dropout=0.2, head_dropout=0.0, patch_len=16, stride=8, padding_patch='end', revin=1, affine=0, subtract_last=0, decomposition=0, kernel_size=25, individual=0, embed_type=0, enc_in=7, dec_in=7, c_out=7, d_model=128, n_heads=16, e_layers=3, d_layers=1, d_ff=256, moving_avg=25, factor=1, distil=True, dropout=0.2, embed='timeF', activation='gelu', output_attention=False, do_predict=False, num_workers=0, itr=1, train_epochs=100, batch_size=128, patience=20, learning_rate=0.0001, des='Exp', loss='mse', lradj='TST', pct_start=0.4, use_amp=False, use_gpu=True, gpu=0, use_multi_gpu=False, devices='0,1,2,3', test_flop=False)
Use GPU: cuda:0
>>>>>>>start training : CMS3_ettm1_336_96_PatchTST_ETTm1_ftM_sl336_ll48_pl96_dm128_nh16_el3_dl1_df256_fc1_ebtimeF_dtTrue_Exp_0>>>>>>>>>>>>>>>>>>>>>>>>>>
train 34129
val 11425
test 11425
	iters: 100, epoch: 1 | loss: 0.4832250
	speed: 0.0702s/iter; left time: 1859.5045s
	iters: 200, epoch: 1 | loss: 0.4718024
	speed: 0.0444s/iter; left time: 1172.9828s
Epoch: 1 cost time: 12.569892883300781
Epoch: 1, Steps: 266 | Train Loss: 0.4700162 Vali Loss: 0.7961952 Test Loss: 0.5969439
Validation loss decreased (inf --> 0.796195).  Saving model ...
Updating learning rate to 4.147995783958166e-06
	iters: 100, epoch: 2 | loss: 0.4568114
	speed: 0.1201s/iter; left time: 3151.9144s
	iters: 200, epoch: 2 | loss: 0.4142921
	speed: 0.0427s/iter; left time: 1117.2063s
Epoch: 2 cost time: 11.586167097091675
Epoch: 2, Steps: 266 | Train Loss: 0.4350636 Vali Loss: 0.7325328 Test Loss: 0.5543548
Validation loss decreased (0.796195 --> 0.732533).  Saving model ...
Updating learning rate to 4.591070521163098e-06
	iters: 100, epoch: 3 | loss: 0.4249611
	speed: 0.1094s/iter; left time: 2840.2441s
	iters: 200, epoch: 3 | loss: 0.4389388
	speed: 0.0433s/iter; left time: 1119.8913s
Epoch: 3 cost time: 11.47672724723816
Epoch: 3, Steps: 266 | Train Loss: 0.4112470 Vali Loss: 0.6796573 Test Loss: 0.5204343
Validation loss decreased (0.732533 --> 0.679657).  Saving model ...
Updating learning rate to 5.326491995236255e-06
	iters: 100, epoch: 4 | loss: 0.3877800
	speed: 0.1133s/iter; left time: 2912.0705s
	iters: 200, epoch: 4 | loss: 0.3865292
	speed: 0.0443s/iter; left time: 1133.9556s
Epoch: 4 cost time: 11.755486488342285
Epoch: 4, Steps: 266 | Train Loss: 0.3896255 Vali Loss: 0.6300289 Test Loss: 0.4878896
Validation loss decreased (0.679657 --> 0.630029).  Saving model ...
Updating learning rate to 6.349725236277868e-06
	iters: 100, epoch: 5 | loss: 0.3877631
	speed: 0.1148s/iter; left time: 2921.0655s
	iters: 200, epoch: 5 | loss: 0.3233146
	speed: 0.0450s/iter; left time: 1139.3854s
Epoch: 5 cost time: 11.913278818130493
Epoch: 5, Steps: 266 | Train Loss: 0.3677812 Vali Loss: 0.5773773 Test Loss: 0.4535806
Validation loss decreased (0.630029 --> 0.577377).  Saving model ...
Updating learning rate to 7.654460485717921e-06
	iters: 100, epoch: 6 | loss: 0.3789635
	speed: 0.1129s/iter; left time: 2840.9131s
	iters: 200, epoch: 6 | loss: 0.3320943
	speed: 0.0455s/iter; left time: 1140.9589s
Epoch: 6 cost time: 12.097398042678833
Epoch: 6, Steps: 266 | Train Loss: 0.3438821 Vali Loss: 0.5216292 Test Loss: 0.4178216
Validation loss decreased (0.577377 --> 0.521629).  Saving model ...
Updating learning rate to 9.232652105385623e-06
	iters: 100, epoch: 7 | loss: 0.3417619
	speed: 0.1145s/iter; left time: 2850.8260s
	iters: 200, epoch: 7 | loss: 0.2990903
	speed: 0.0460s/iter; left time: 1139.8236s
Epoch: 7 cost time: 12.17040228843689
Epoch: 7, Steps: 266 | Train Loss: 0.3198751 Vali Loss: 0.4694197 Test Loss: 0.3845218
Validation loss decreased (0.521629 --> 0.469420).  Saving model ...
Updating learning rate to 1.1074568190864783e-05
	iters: 100, epoch: 8 | loss: 0.2903857
	speed: 0.1143s/iter; left time: 2815.4084s
	iters: 200, epoch: 8 | loss: 0.2838258
	speed: 0.0459s/iter; left time: 1127.2288s
Epoch: 8 cost time: 12.234671115875244
Epoch: 8, Steps: 266 | Train Loss: 0.2990849 Vali Loss: 0.4325755 Test Loss: 0.3594128
Validation loss decreased (0.469420 --> 0.432576).  Saving model ...
Updating learning rate to 1.316885058319476e-05
	iters: 100, epoch: 9 | loss: 0.2711408
	speed: 0.1141s/iter; left time: 2781.6192s
	iters: 200, epoch: 9 | loss: 0.2941805
	speed: 0.0459s/iter; left time: 1114.2592s
Epoch: 9 cost time: 12.20371675491333
Epoch: 9, Steps: 266 | Train Loss: 0.2835228 Vali Loss: 0.4089931 Test Loss: 0.3417521
Validation loss decreased (0.432576 --> 0.408993).  Saving model ...
Updating learning rate to 1.5502584908855415e-05
	iters: 100, epoch: 10 | loss: 0.2603233
	speed: 0.1137s/iter; left time: 2740.5825s
	iters: 200, epoch: 10 | loss: 0.2682768
	speed: 0.0458s/iter; left time: 1099.1558s
Epoch: 10 cost time: 12.189397811889648
Epoch: 10, Steps: 266 | Train Loss: 0.2719065 Vali Loss: 0.3930422 Test Loss: 0.3282503
Validation loss decreased (0.408993 --> 0.393042).  Saving model ...
Updating learning rate to 1.806138021613527e-05
	iters: 100, epoch: 11 | loss: 0.2733156
	speed: 0.1146s/iter; left time: 2733.2732s
	iters: 200, epoch: 11 | loss: 0.2463206
	speed: 0.0459s/iter; left time: 1089.4531s
Epoch: 11 cost time: 12.227956056594849
Epoch: 11, Steps: 266 | Train Loss: 0.2623919 Vali Loss: 0.3824904 Test Loss: 0.3173446
Validation loss decreased (0.393042 --> 0.382490).  Saving model ...
Updating learning rate to 2.0829457716805565e-05
	iters: 100, epoch: 12 | loss: 0.2748875
	speed: 0.1163s/iter; left time: 2741.6533s
	iters: 200, epoch: 12 | loss: 0.2499070
	speed: 0.0458s/iter; left time: 1075.7847s
Epoch: 12 cost time: 12.18015170097351
Epoch: 12, Steps: 266 | Train Loss: 0.2542975 Vali Loss: 0.3792974 Test Loss: 0.3111136
Validation loss decreased (0.382490 --> 0.379297).  Saving model ...
Updating learning rate to 2.3789748085875986e-05
	iters: 100, epoch: 13 | loss: 0.2415846
	speed: 0.1164s/iter; left time: 2713.9182s
	iters: 200, epoch: 13 | loss: 0.2451063
	speed: 0.0457s/iter; left time: 1059.5201s
Epoch: 13 cost time: 12.152464389801025
Epoch: 13, Steps: 266 | Train Loss: 0.2474389 Vali Loss: 0.3736142 Test Loss: 0.3062001
Validation loss decreased (0.379297 --> 0.373614).  Saving model ...
Updating learning rate to 2.6923996719433387e-05
	iters: 100, epoch: 14 | loss: 0.2541671
	speed: 0.1155s/iter; left time: 2660.4900s
	iters: 200, epoch: 14 | loss: 0.2230148
	speed: 0.0454s/iter; left time: 1042.2055s
Epoch: 14 cost time: 12.101443767547607
Epoch: 14, Steps: 266 | Train Loss: 0.2413336 Vali Loss: 0.3720021 Test Loss: 0.3026937
Validation loss decreased (0.373614 --> 0.372002).  Saving model ...
Updating learning rate to 3.021287630149266e-05
	iters: 100, epoch: 15 | loss: 0.2151142
	speed: 0.1128s/iter; left time: 2568.7539s
	iters: 200, epoch: 15 | loss: 0.2253527
	speed: 0.0455s/iter; left time: 1031.0606s
Epoch: 15 cost time: 12.099796295166016
Epoch: 15, Steps: 266 | Train Loss: 0.2359733 Vali Loss: 0.3713343 Test Loss: 0.3018324
Validation loss decreased (0.372002 --> 0.371334).  Saving model ...
Updating learning rate to 3.363610598571669e-05
	iters: 100, epoch: 16 | loss: 0.2349673
	speed: 0.1126s/iter; left time: 2535.6676s
	iters: 200, epoch: 16 | loss: 0.2225526
	speed: 0.0454s/iter; left time: 1016.3459s
Epoch: 16 cost time: 12.065281867980957
Epoch: 16, Steps: 266 | Train Loss: 0.2311691 Vali Loss: 0.3691869 Test Loss: 0.2995779
Validation loss decreased (0.371334 --> 0.369187).  Saving model ...
Updating learning rate to 3.717257645707274e-05
	iters: 100, epoch: 17 | loss: 0.2301775
	speed: 0.1123s/iter; left time: 2499.0042s
	iters: 200, epoch: 17 | loss: 0.2141747
	speed: 0.0454s/iter; left time: 1005.5856s
Epoch: 17 cost time: 12.059642791748047
Epoch: 17, Steps: 266 | Train Loss: 0.2262769 Vali Loss: 0.3691682 Test Loss: 0.3000268
Validation loss decreased (0.369187 --> 0.369168).  Saving model ...
Updating learning rate to 4.08004801022336e-05
	iters: 100, epoch: 18 | loss: 0.2243306
	speed: 0.1126s/iter; left time: 2474.6701s
	iters: 200, epoch: 18 | loss: 0.2226515
	speed: 0.0453s/iter; left time: 990.6890s
Epoch: 18 cost time: 12.05506181716919
Epoch: 18, Steps: 266 | Train Loss: 0.2220995 Vali Loss: 0.3703719 Test Loss: 0.3011670
EarlyStopping counter: 1 out of 20
Updating learning rate to 4.4497445486028815e-05
	iters: 100, epoch: 19 | loss: 0.2176691
	speed: 0.1119s/iter; left time: 2430.2159s
	iters: 200, epoch: 19 | loss: 0.1945666
	speed: 0.0452s/iter; left time: 977.8596s
Epoch: 19 cost time: 12.039599657058716
Epoch: 19, Steps: 266 | Train Loss: 0.2175297 Vali Loss: 0.3756983 Test Loss: 0.3026348
EarlyStopping counter: 2 out of 20
Updating learning rate to 4.8240675304698384e-05
	iters: 100, epoch: 20 | loss: 0.2100489
	speed: 0.1115s/iter; left time: 2391.8773s
	iters: 200, epoch: 20 | loss: 0.2113586
	speed: 0.0453s/iter; left time: 967.1573s
Epoch: 20 cost time: 12.029281616210938
Epoch: 20, Steps: 266 | Train Loss: 0.2130222 Vali Loss: 0.3751502 Test Loss: 0.3049786
EarlyStopping counter: 3 out of 20
Updating learning rate to 5.2007086965261054e-05
	iters: 100, epoch: 21 | loss: 0.2254144
	speed: 0.1115s/iter; left time: 2362.3127s
	iters: 200, epoch: 21 | loss: 0.2084042
	speed: 0.0452s/iter; left time: 953.3078s
Epoch: 21 cost time: 12.003039836883545
Epoch: 21, Steps: 266 | Train Loss: 0.2089476 Vali Loss: 0.3781011 Test Loss: 0.3044419
EarlyStopping counter: 4 out of 20
Updating learning rate to 5.5773454924116216e-05
	iters: 100, epoch: 22 | loss: 0.2272272
	speed: 0.1115s/iter; left time: 2331.2147s
	iters: 200, epoch: 22 | loss: 0.2093067
	speed: 0.0453s/iter; left time: 942.2490s
Epoch: 22 cost time: 12.022637605667114
Epoch: 22, Steps: 266 | Train Loss: 0.2046981 Vali Loss: 0.3824262 Test Loss: 0.3097565
EarlyStopping counter: 5 out of 20
Updating learning rate to 5.95165539071495e-05
	iters: 100, epoch: 23 | loss: 0.1723792
	speed: 0.1114s/iter; left time: 2299.5919s
	iters: 200, epoch: 23 | loss: 0.1908279
	speed: 0.0452s/iter; left time: 928.0569s
Epoch: 23 cost time: 12.002830982208252
Epoch: 23, Steps: 266 | Train Loss: 0.2005850 Vali Loss: 0.3864589 Test Loss: 0.3137260
EarlyStopping counter: 6 out of 20
Updating learning rate to 6.321330212817643e-05
	iters: 100, epoch: 24 | loss: 0.2084230
	speed: 0.1116s/iter; left time: 2273.7901s
	iters: 200, epoch: 24 | loss: 0.2042029
	speed: 0.0452s/iter; left time: 917.5745s
Epoch: 24 cost time: 12.011308670043945
Epoch: 24, Steps: 266 | Train Loss: 0.1963775 Vali Loss: 0.3938894 Test Loss: 0.3094387
EarlyStopping counter: 7 out of 20
Updating learning rate to 6.684090362256924e-05
	iters: 100, epoch: 25 | loss: 0.1801515
	speed: 0.1113s/iter; left time: 2238.7311s
	iters: 200, epoch: 25 | loss: 0.1889223
	speed: 0.0452s/iter; left time: 905.1126s
Epoch: 25 cost time: 11.998711347579956
Epoch: 25, Steps: 266 | Train Loss: 0.1923671 Vali Loss: 0.3900282 Test Loss: 0.3169000
EarlyStopping counter: 8 out of 20
Updating learning rate to 7.037698881836747e-05
	iters: 100, epoch: 26 | loss: 0.1994630
	speed: 0.1113s/iter; left time: 2209.1862s
	iters: 200, epoch: 26 | loss: 0.1860357
	speed: 0.0453s/iter; left time: 894.3984s
Epoch: 26 cost time: 12.00115418434143
Epoch: 26, Steps: 266 | Train Loss: 0.1884277 Vali Loss: 0.3931878 Test Loss: 0.3158980
EarlyStopping counter: 9 out of 20
Updating learning rate to 7.379975247804219e-05
	iters: 100, epoch: 27 | loss: 0.1754345
	speed: 0.1114s/iter; left time: 2181.5964s
	iters: 200, epoch: 27 | loss: 0.1865329
	speed: 0.0451s/iter; left time: 879.2742s
Epoch: 27 cost time: 11.986934185028076
Epoch: 27, Steps: 266 | Train Loss: 0.1846140 Vali Loss: 0.4014513 Test Loss: 0.3292958
EarlyStopping counter: 10 out of 20
Updating learning rate to 7.70880881602968e-05
	iters: 100, epoch: 28 | loss: 0.1868880
	speed: 0.1113s/iter; left time: 2149.7104s
	iters: 200, epoch: 28 | loss: 0.1656521
	speed: 0.0451s/iter; left time: 867.2221s
Epoch: 28 cost time: 11.990899085998535
Epoch: 28, Steps: 266 | Train Loss: 0.1807904 Vali Loss: 0.4030975 Test Loss: 0.3253723
EarlyStopping counter: 11 out of 20
Updating learning rate to 8.02217183727475e-05
	iters: 100, epoch: 29 | loss: 0.1904139
	speed: 0.1115s/iter; left time: 2123.6850s
	iters: 200, epoch: 29 | loss: 0.1589942
	speed: 0.0451s/iter; left time: 854.8612s
Epoch: 29 cost time: 11.97833514213562
Epoch: 29, Steps: 266 | Train Loss: 0.1763472 Vali Loss: 0.4026460 Test Loss: 0.3282763
EarlyStopping counter: 12 out of 20
Updating learning rate to 8.318131961289731e-05
	iters: 100, epoch: 30 | loss: 0.1879572
	speed: 0.1111s/iter; left time: 2086.6648s
	iters: 200, epoch: 30 | loss: 0.1689759
	speed: 0.0451s/iter; left time: 843.6872s
Epoch: 30 cost time: 11.989420652389526
Epoch: 30, Steps: 266 | Train Loss: 0.1726448 Vali Loss: 0.4114397 Test Loss: 0.3269397
EarlyStopping counter: 13 out of 20
Updating learning rate to 8.59486415263404e-05
	iters: 100, epoch: 31 | loss: 0.1664128
	speed: 0.1114s/iter; left time: 2063.9096s
	iters: 200, epoch: 31 | loss: 0.1675154
	speed: 0.0451s/iter; left time: 831.2589s
Epoch: 31 cost time: 11.988152027130127
Epoch: 31, Steps: 266 | Train Loss: 0.1687558 Vali Loss: 0.4154002 Test Loss: 0.3305077
EarlyStopping counter: 14 out of 20
Updating learning rate to 8.850661944740828e-05
	iters: 100, epoch: 32 | loss: 0.1599458
	speed: 0.1111s/iter; left time: 2028.5699s
	iters: 200, epoch: 32 | loss: 0.1663987
	speed: 0.0451s/iter; left time: 818.9279s
Epoch: 32 cost time: 11.97103762626648
Epoch: 32, Steps: 266 | Train Loss: 0.1649973 Vali Loss: 0.4152832 Test Loss: 0.3343278
EarlyStopping counter: 15 out of 20
Updating learning rate to 9.083947962827694e-05
	iters: 100, epoch: 33 | loss: 0.1713537
	speed: 0.1112s/iter; left time: 2000.5358s
	iters: 200, epoch: 33 | loss: 0.1475974
	speed: 0.0452s/iter; left time: 808.0570s
Epoch: 33 cost time: 12.00159215927124
Epoch: 33, Steps: 266 | Train Loss: 0.1612039 Vali Loss: 0.4201627 Test Loss: 0.3370806
EarlyStopping counter: 16 out of 20
Updating learning rate to 9.293283650764084e-05
	iters: 100, epoch: 34 | loss: 0.1578259
	speed: 0.1113s/iter; left time: 1972.6216s
	iters: 200, epoch: 34 | loss: 0.1524625
	speed: 0.0453s/iter; left time: 798.3413s
Epoch: 34 cost time: 12.011193037033081
Epoch: 34, Steps: 266 | Train Loss: 0.1573436 Vali Loss: 0.4284968 Test Loss: 0.3376727
EarlyStopping counter: 17 out of 20
Updating learning rate to 9.477378141914727e-05
	iters: 100, epoch: 35 | loss: 0.1512422
	speed: 0.1111s/iter; left time: 1938.8685s
	iters: 200, epoch: 35 | loss: 0.1482082
	speed: 0.0451s/iter; left time: 782.5152s
Epoch: 35 cost time: 11.9743332862854
Epoch: 35, Steps: 266 | Train Loss: 0.1536896 Vali Loss: 0.4349328 Test Loss: 0.3372894
EarlyStopping counter: 18 out of 20
Updating learning rate to 9.635096219257111e-05
	iters: 100, epoch: 36 | loss: 0.1336459
	speed: 0.1114s/iter; left time: 1914.4089s
	iters: 200, epoch: 36 | loss: 0.1477433
	speed: 0.0451s/iter; left time: 771.5828s
Epoch: 36 cost time: 11.98513150215149
Epoch: 36, Steps: 266 | Train Loss: 0.1500349 Vali Loss: 0.4331586 Test Loss: 0.3375908
EarlyStopping counter: 19 out of 20
Updating learning rate to 9.765465315687045e-05
	iters: 100, epoch: 37 | loss: 0.1520674
	speed: 0.1113s/iter; left time: 1883.5847s
	iters: 200, epoch: 37 | loss: 0.1516403
	speed: 0.0451s/iter; left time: 759.3947s
Epoch: 37 cost time: 11.990273237228394
Epoch: 37, Steps: 266 | Train Loss: 0.1469067 Vali Loss: 0.4448828 Test Loss: 0.3397868
EarlyStopping counter: 20 out of 20
Early stopping
>>>>>>>testing : CMS3_ettm1_336_96_PatchTST_ETTm1_ftM_sl336_ll48_pl96_dm128_nh16_el3_dl1_df256_fc1_ebtimeF_dtTrue_Exp_0<<<<<<<<<<<<<<<<<<<<<<<<<<<<<<<<<
test 11425
mse:0.3883197009563446, mae:0.40350183844566345, rse:0.5927645564079285
Args in experiment:
Namespace(random_seed=2021, is_training=1, model_id='CMS3_ettm1_336_192', model='PatchTST', data='ETTm1', root_path='./dataset/', data_path='ETTm1.csv', features='M', target='OT', freq='h', checkpoints='./checkpoints/', seq_len=336, label_len=48, pred_len=192, head_type='cms3', fc_dropout=0.2, head_dropout=0.0, patch_len=16, stride=8, padding_patch='end', revin=1, affine=0, subtract_last=0, decomposition=0, kernel_size=25, individual=0, embed_type=0, enc_in=7, dec_in=7, c_out=7, d_model=128, n_heads=16, e_layers=3, d_layers=1, d_ff=256, moving_avg=25, factor=1, distil=True, dropout=0.2, embed='timeF', activation='gelu', output_attention=False, do_predict=False, num_workers=0, itr=1, train_epochs=100, batch_size=128, patience=20, learning_rate=0.0001, des='Exp', loss='mse', lradj='TST', pct_start=0.4, use_amp=False, use_gpu=True, gpu=0, use_multi_gpu=False, devices='0,1,2,3', test_flop=False)
Use GPU: cuda:0
>>>>>>>start training : CMS3_ettm1_336_192_PatchTST_ETTm1_ftM_sl336_ll48_pl192_dm128_nh16_el3_dl1_df256_fc1_ebtimeF_dtTrue_Exp_0>>>>>>>>>>>>>>>>>>>>>>>>>>
train 34033
val 11329
test 11329
	iters: 100, epoch: 1 | loss: 0.4839016
	speed: 0.0941s/iter; left time: 2484.1998s
	iters: 200, epoch: 1 | loss: 0.5178638
	speed: 0.0432s/iter; left time: 1136.5633s
Epoch: 1 cost time: 11.867894172668457
Epoch: 1, Steps: 265 | Train Loss: 0.5003792 Vali Loss: 0.9196815 Test Loss: 0.6408561
Validation loss decreased (inf --> 0.919682).  Saving model ...
Updating learning rate to 4.147995888890545e-06
	iters: 100, epoch: 2 | loss: 0.5165516
	speed: 0.1136s/iter; left time: 2969.4782s
	iters: 200, epoch: 2 | loss: 0.5223215
	speed: 0.0447s/iter; left time: 1162.6503s
Epoch: 2 cost time: 11.790810585021973
Epoch: 2, Steps: 265 | Train Loss: 0.4789932 Vali Loss: 0.8806280 Test Loss: 0.6148575
Validation loss decreased (0.919682 --> 0.880628).  Saving model ...
Updating learning rate to 4.591070939598485e-06
	iters: 100, epoch: 3 | loss: 0.4314753
	speed: 0.1120s/iter; left time: 2898.4877s
	iters: 200, epoch: 3 | loss: 0.4278553
	speed: 0.0452s/iter; left time: 1166.0296s
Epoch: 3 cost time: 11.96964955329895
Epoch: 3, Steps: 265 | Train Loss: 0.4649975 Vali Loss: 0.8492035 Test Loss: 0.5936539
Validation loss decreased (0.880628 --> 0.849204).  Saving model ...
Updating learning rate to 5.326492931874866e-06
	iters: 100, epoch: 4 | loss: 0.4451933
	speed: 0.1126s/iter; left time: 2883.3076s
	iters: 200, epoch: 4 | loss: 0.4339312
	speed: 0.0455s/iter; left time: 1161.6408s
Epoch: 4 cost time: 12.036172151565552
Epoch: 4, Steps: 265 | Train Loss: 0.4515410 Vali Loss: 0.8167481 Test Loss: 0.5708559
Validation loss decreased (0.849204 --> 0.816748).  Saving model ...
Updating learning rate to 6.349726889409005e-06
	iters: 100, epoch: 5 | loss: 0.4179747
	speed: 0.1133s/iter; left time: 2871.8529s
	iters: 200, epoch: 5 | loss: 0.4139835
	speed: 0.0456s/iter; left time: 1150.5677s
Epoch: 5 cost time: 12.089753150939941
Epoch: 5, Steps: 265 | Train Loss: 0.4365629 Vali Loss: 0.7784287 Test Loss: 0.5441697
Validation loss decreased (0.816748 --> 0.778429).  Saving model ...
Updating learning rate to 7.654463044738896e-06
	iters: 100, epoch: 6 | loss: 0.4088673
	speed: 0.1134s/iter; left time: 2844.0862s
	iters: 200, epoch: 6 | loss: 0.4355741
	speed: 0.0457s/iter; left time: 1142.1372s
Epoch: 6 cost time: 12.1043701171875
Epoch: 6, Steps: 265 | Train Loss: 0.4187317 Vali Loss: 0.7320390 Test Loss: 0.5131995
Validation loss decreased (0.778429 --> 0.732039).  Saving model ...
Updating learning rate to 9.232655748403029e-06
	iters: 100, epoch: 7 | loss: 0.3918459
	speed: 0.1154s/iter; left time: 2862.0449s
	iters: 200, epoch: 7 | loss: 0.3545266
	speed: 0.0457s/iter; left time: 1129.0206s
Epoch: 7 cost time: 12.0828275680542
Epoch: 7, Steps: 265 | Train Loss: 0.3976562 Vali Loss: 0.6771339 Test Loss: 0.4787734
Validation loss decreased (0.732039 --> 0.677134).  Saving model ...
Updating learning rate to 1.107457308240065e-05
	iters: 100, epoch: 8 | loss: 0.3692220
	speed: 0.1132s/iter; left time: 2778.6141s
	iters: 200, epoch: 8 | loss: 0.3560511
	speed: 0.0455s/iter; left time: 1111.6146s
Epoch: 8 cost time: 12.046574115753174
Epoch: 8, Steps: 265 | Train Loss: 0.3740284 Vali Loss: 0.6211538 Test Loss: 0.4425245
Validation loss decreased (0.677134 --> 0.621154).  Saving model ...
Updating learning rate to 1.3168856872018862e-05
	iters: 100, epoch: 9 | loss: 0.3847550
	speed: 0.1129s/iter; left time: 2741.2571s
	iters: 200, epoch: 9 | loss: 0.3554704
	speed: 0.0455s/iter; left time: 1099.3532s
Epoch: 9 cost time: 12.02434229850769
Epoch: 9, Steps: 265 | Train Loss: 0.3506920 Vali Loss: 0.5704946 Test Loss: 0.4118675
Validation loss decreased (0.621154 --> 0.570495).  Saving model ...
Updating learning rate to 1.550259272596464e-05
	iters: 100, epoch: 10 | loss: 0.3358149
	speed: 0.1130s/iter; left time: 2713.2194s
	iters: 200, epoch: 10 | loss: 0.3386489
	speed: 0.0455s/iter; left time: 1088.5305s
Epoch: 10 cost time: 12.03746509552002
Epoch: 10, Steps: 265 | Train Loss: 0.3320266 Vali Loss: 0.5376928 Test Loss: 0.3909852
Validation loss decreased (0.570495 --> 0.537693).  Saving model ...
Updating learning rate to 1.806138967289881e-05
	iters: 100, epoch: 11 | loss: 0.2860889
	speed: 0.1124s/iter; left time: 2669.6182s
	iters: 200, epoch: 11 | loss: 0.3066032
	speed: 0.0455s/iter; left time: 1076.0532s
Epoch: 11 cost time: 12.020153522491455
Epoch: 11, Steps: 265 | Train Loss: 0.3187343 Vali Loss: 0.5166162 Test Loss: 0.3742282
Validation loss decreased (0.537693 --> 0.516616).  Saving model ...
Updating learning rate to 2.0829468903294163e-05
	iters: 100, epoch: 12 | loss: 0.3426610
	speed: 0.1123s/iter; left time: 2638.3477s
	iters: 200, epoch: 12 | loss: 0.2874577
	speed: 0.0456s/iter; left time: 1065.4684s
Epoch: 12 cost time: 12.021824836730957
Epoch: 12, Steps: 265 | Train Loss: 0.3088567 Vali Loss: 0.5049273 Test Loss: 0.3638369
Validation loss decreased (0.516616 --> 0.504927).  Saving model ...
Updating learning rate to 2.3789761069391508e-05
	iters: 100, epoch: 13 | loss: 0.2913277
	speed: 0.1130s/iter; left time: 2624.4984s
	iters: 200, epoch: 13 | loss: 0.2869406
	speed: 0.0454s/iter; left time: 1048.7210s
Epoch: 13 cost time: 12.01180362701416
Epoch: 13, Steps: 265 | Train Loss: 0.3010567 Vali Loss: 0.4981211 Test Loss: 0.3552138
Validation loss decreased (0.504927 --> 0.498121).  Saving model ...
Updating learning rate to 2.692401154325343e-05
	iters: 100, epoch: 14 | loss: 0.2957673
	speed: 0.1126s/iter; left time: 2585.9616s
	iters: 200, epoch: 14 | loss: 0.2836491
	speed: 0.0454s/iter; left time: 1038.0837s
Epoch: 14 cost time: 12.032355546951294
Epoch: 14, Steps: 265 | Train Loss: 0.2951233 Vali Loss: 0.4901994 Test Loss: 0.3516107
Validation loss decreased (0.498121 --> 0.490199).  Saving model ...
Updating learning rate to 3.0212892983843068e-05
	iters: 100, epoch: 15 | loss: 0.3061144
	speed: 0.1129s/iter; left time: 2562.3464s
	iters: 200, epoch: 15 | loss: 0.2867899
	speed: 0.0454s/iter; left time: 1025.0957s
Epoch: 15 cost time: 12.014681816101074
Epoch: 15, Steps: 265 | Train Loss: 0.2901472 Vali Loss: 0.4883608 Test Loss: 0.3491947
Validation loss decreased (0.490199 --> 0.488361).  Saving model ...
Updating learning rate to 3.3636124518983084e-05
	iters: 100, epoch: 16 | loss: 0.2936720
	speed: 0.1123s/iter; left time: 2518.7640s
	iters: 200, epoch: 16 | loss: 0.2672320
	speed: 0.0453s/iter; left time: 1011.9990s
Epoch: 16 cost time: 11.987218379974365
Epoch: 16, Steps: 265 | Train Loss: 0.2855108 Vali Loss: 0.4911121 Test Loss: 0.3491017
EarlyStopping counter: 1 out of 20
Updating learning rate to 3.717259680726015e-05
	iters: 100, epoch: 17 | loss: 0.2714320
	speed: 0.1117s/iter; left time: 2475.0087s
	iters: 200, epoch: 17 | loss: 0.2658322
	speed: 0.0453s/iter; left time: 999.3052s
Epoch: 17 cost time: 11.982442378997803
Epoch: 17, Steps: 265 | Train Loss: 0.2804456 Vali Loss: 0.4881965 Test Loss: 0.3505109
Validation loss decreased (0.488361 --> 0.488196).  Saving model ...
Updating learning rate to 4.080050220868085e-05
	iters: 100, epoch: 18 | loss: 0.3020837
	speed: 0.1125s/iter; left time: 2463.8057s
	iters: 200, epoch: 18 | loss: 0.2600510
	speed: 0.0453s/iter; left time: 987.9073s
Epoch: 18 cost time: 11.992674827575684
Epoch: 18, Steps: 265 | Train Loss: 0.2756988 Vali Loss: 0.4914360 Test Loss: 0.3463957
EarlyStopping counter: 1 out of 20
Updating learning rate to 4.449746926138297e-05
	iters: 100, epoch: 19 | loss: 0.2534978
	speed: 0.1117s/iter; left time: 2417.1342s
	iters: 200, epoch: 19 | loss: 0.2900755
	speed: 0.0452s/iter; left time: 974.1747s
Epoch: 19 cost time: 11.978218793869019
Epoch: 19, Steps: 265 | Train Loss: 0.2707190 Vali Loss: 0.4971446 Test Loss: 0.3468873
EarlyStopping counter: 2 out of 20
Updating learning rate to 4.824070063515135e-05
	iters: 100, epoch: 20 | loss: 0.2498747
	speed: 0.1116s/iter; left time: 2384.5076s
	iters: 200, epoch: 20 | loss: 0.2681584
	speed: 0.0453s/iter; left time: 963.2225s
Epoch: 20 cost time: 11.993468284606934
Epoch: 20, Steps: 265 | Train Loss: 0.2655636 Vali Loss: 0.4957743 Test Loss: 0.3457144
EarlyStopping counter: 3 out of 20
Updating learning rate to 5.200711371104918e-05
	iters: 100, epoch: 21 | loss: 0.2735836
	speed: 0.1121s/iter; left time: 2365.7053s
	iters: 200, epoch: 21 | loss: 0.2679617
	speed: 0.0454s/iter; left time: 952.9680s
Epoch: 21 cost time: 12.00086236000061
Epoch: 21, Steps: 265 | Train Loss: 0.2605428 Vali Loss: 0.5013993 Test Loss: 0.3484441
EarlyStopping counter: 4 out of 20
Updating learning rate to 5.577348292028073e-05
	iters: 100, epoch: 22 | loss: 0.2282434
	speed: 0.1116s/iter; left time: 2324.6216s
	iters: 200, epoch: 22 | loss: 0.2560926
	speed: 0.0453s/iter; left time: 940.2907s
Epoch: 22 cost time: 11.98373556137085
Epoch: 22, Steps: 265 | Train Loss: 0.2555556 Vali Loss: 0.5035565 Test Loss: 0.3479660
EarlyStopping counter: 5 out of 20
Updating learning rate to 5.9516582964553954e-05
	iters: 100, epoch: 23 | loss: 0.2587804
	speed: 0.1121s/iter; left time: 2305.7959s
	iters: 200, epoch: 23 | loss: 0.2528810
	speed: 0.0453s/iter; left time: 927.5764s
Epoch: 23 cost time: 11.995044708251953
Epoch: 23, Steps: 265 | Train Loss: 0.2504721 Vali Loss: 0.5080534 Test Loss: 0.3511472
EarlyStopping counter: 6 out of 20
Updating learning rate to 6.321333203477474e-05
	iters: 100, epoch: 24 | loss: 0.2438505
	speed: 0.1116s/iter; left time: 2266.2802s
	iters: 200, epoch: 24 | loss: 0.2464929
	speed: 0.0453s/iter; left time: 915.6265s
Epoch: 24 cost time: 11.986571788787842
Epoch: 24, Steps: 265 | Train Loss: 0.2457921 Vali Loss: 0.5126631 Test Loss: 0.3558452
EarlyStopping counter: 7 out of 20
Updating learning rate to 6.684093414491588e-05
	iters: 100, epoch: 25 | loss: 0.2515779
	speed: 0.1120s/iter; left time: 2243.8981s
	iters: 200, epoch: 25 | loss: 0.2671083
	speed: 0.0453s/iter; left time: 904.2895s
Epoch: 25 cost time: 12.012175798416138
Epoch: 25, Steps: 265 | Train Loss: 0.2407294 Vali Loss: 0.5145087 Test Loss: 0.3597088
EarlyStopping counter: 8 out of 20
Updating learning rate to 7.037701970335941e-05
	iters: 100, epoch: 26 | loss: 0.2367800
	speed: 0.1121s/iter; left time: 2215.9484s
	iters: 200, epoch: 26 | loss: 0.2336984
	speed: 0.0453s/iter; left time: 891.6187s
Epoch: 26 cost time: 11.988692998886108
Epoch: 26, Steps: 265 | Train Loss: 0.2358983 Vali Loss: 0.5165058 Test Loss: 0.3569066
EarlyStopping counter: 9 out of 20
Updating learning rate to 7.379978345487968e-05
	iters: 100, epoch: 27 | loss: 0.2509795
	speed: 0.1118s/iter; left time: 2181.1852s
	iters: 200, epoch: 27 | loss: 0.2312321
	speed: 0.0453s/iter; left time: 879.9870s
Epoch: 27 cost time: 11.988674640655518
Epoch: 27, Steps: 265 | Train Loss: 0.2310127 Vali Loss: 0.5278533 Test Loss: 0.3635545
EarlyStopping counter: 10 out of 20
Updating learning rate to 7.70881189426489e-05
	iters: 100, epoch: 28 | loss: 0.2393752
	speed: 0.1119s/iter; left time: 2153.8950s
	iters: 200, epoch: 28 | loss: 0.2113497
	speed: 0.0453s/iter; left time: 867.3609s
Epoch: 28 cost time: 11.99570894241333
Epoch: 28, Steps: 265 | Train Loss: 0.2263425 Vali Loss: 0.5304846 Test Loss: 0.3673313
EarlyStopping counter: 11 out of 20
Updating learning rate to 8.022174866110521e-05
	iters: 100, epoch: 29 | loss: 0.2132010
	speed: 0.1117s/iter; left time: 2119.8605s
	iters: 200, epoch: 29 | loss: 0.2151770
	speed: 0.0454s/iter; left time: 856.5331s
Epoch: 29 cost time: 11.987263441085815
Epoch: 29, Steps: 265 | Train Loss: 0.2218437 Vali Loss: 0.5347478 Test Loss: 0.3684299
EarlyStopping counter: 12 out of 20
Updating learning rate to 8.318134909709714e-05
	iters: 100, epoch: 30 | loss: 0.2070199
	speed: 0.1117s/iter; left time: 2090.1065s
	iters: 200, epoch: 30 | loss: 0.2136790
	speed: 0.0454s/iter; left time: 844.4706s
Epoch: 30 cost time: 11.992751836776733
Epoch: 30, Steps: 265 | Train Loss: 0.2171515 Vali Loss: 0.5396793 Test Loss: 0.3717028
EarlyStopping counter: 13 out of 20
Updating learning rate to 8.594866988823775e-05
	iters: 100, epoch: 31 | loss: 0.2045918
	speed: 0.1117s/iter; left time: 2061.6848s
	iters: 200, epoch: 31 | loss: 0.2033461
	speed: 0.0453s/iter; left time: 832.1928s
Epoch: 31 cost time: 12.004557371139526
Epoch: 31, Steps: 265 | Train Loss: 0.2128037 Vali Loss: 0.5421477 Test Loss: 0.3742459
EarlyStopping counter: 14 out of 20
Updating learning rate to 8.850664636367998e-05
	iters: 100, epoch: 32 | loss: 0.2150611
	speed: 0.1120s/iter; left time: 2036.5908s
	iters: 200, epoch: 32 | loss: 0.2158340
	speed: 0.0453s/iter; left time: 819.3504s
Epoch: 32 cost time: 12.003979682922363
Epoch: 32, Steps: 265 | Train Loss: 0.2084632 Vali Loss: 0.5504905 Test Loss: 0.3805028
EarlyStopping counter: 15 out of 20
Updating learning rate to 9.083950477333033e-05
	iters: 100, epoch: 33 | loss: 0.2156642
	speed: 0.1119s/iter; left time: 2004.7130s
	iters: 200, epoch: 33 | loss: 0.1877580
	speed: 0.0453s/iter; left time: 806.6389s
Epoch: 33 cost time: 11.992268323898315
Epoch: 33, Steps: 265 | Train Loss: 0.2045166 Vali Loss: 0.5565308 Test Loss: 0.3804205
EarlyStopping counter: 16 out of 20
Updating learning rate to 9.293285955660577e-05
	iters: 100, epoch: 34 | loss: 0.2162650
	speed: 0.1119s/iter; left time: 1975.3621s
	iters: 200, epoch: 34 | loss: 0.1975893
	speed: 0.0455s/iter; left time: 799.1914s
Epoch: 34 cost time: 12.00379490852356
Epoch: 34, Steps: 265 | Train Loss: 0.2003923 Vali Loss: 0.5709598 Test Loss: 0.3828167
EarlyStopping counter: 17 out of 20
Updating learning rate to 9.477380205092656e-05
	iters: 100, epoch: 35 | loss: 0.2017290
	speed: 0.1118s/iter; left time: 1944.4590s
	iters: 200, epoch: 35 | loss: 0.1926727
	speed: 0.0453s/iter; left time: 783.3522s
Epoch: 35 cost time: 11.986938953399658
Epoch: 35, Steps: 265 | Train Loss: 0.1966271 Vali Loss: 0.5771578 Test Loss: 0.3888981
EarlyStopping counter: 18 out of 20
Updating learning rate to 9.635098009292423e-05
	iters: 100, epoch: 36 | loss: 0.1789931
	speed: 0.1115s/iter; left time: 1910.4008s
	iters: 200, epoch: 36 | loss: 0.2060228
	speed: 0.0453s/iter; left time: 771.7177s
Epoch: 36 cost time: 11.974475383758545
Epoch: 36, Steps: 265 | Train Loss: 0.1930177 Vali Loss: 0.5654825 Test Loss: 0.3888747
EarlyStopping counter: 19 out of 20
Updating learning rate to 9.765466802150444e-05
	iters: 100, epoch: 37 | loss: 0.1838583
	speed: 0.1122s/iter; left time: 1891.3358s
	iters: 200, epoch: 37 | loss: 0.2049952
	speed: 0.0454s/iter; left time: 760.1170s
Epoch: 37 cost time: 11.993236303329468
Epoch: 37, Steps: 265 | Train Loss: 0.1893665 Vali Loss: 0.5769138 Test Loss: 0.3941592
EarlyStopping counter: 20 out of 20
Early stopping
>>>>>>>testing : CMS3_ettm1_336_192_PatchTST_ETTm1_ftM_sl336_ll48_pl192_dm128_nh16_el3_dl1_df256_fc1_ebtimeF_dtTrue_Exp_0<<<<<<<<<<<<<<<<<<<<<<<<<<<<<<<<<
test 11329
mse:0.4344528913497925, mae:0.4303613603115082, rse:0.6269253492355347
Args in experiment:
Namespace(random_seed=2021, is_training=1, model_id='CMS3_ettm1_336_336', model='PatchTST', data='ETTm1', root_path='./dataset/', data_path='ETTm1.csv', features='M', target='OT', freq='h', checkpoints='./checkpoints/', seq_len=336, label_len=48, pred_len=336, head_type='cms3', fc_dropout=0.2, head_dropout=0.0, patch_len=16, stride=8, padding_patch='end', revin=1, affine=0, subtract_last=0, decomposition=0, kernel_size=25, individual=0, embed_type=0, enc_in=7, dec_in=7, c_out=7, d_model=128, n_heads=16, e_layers=3, d_layers=1, d_ff=256, moving_avg=25, factor=1, distil=True, dropout=0.2, embed='timeF', activation='gelu', output_attention=False, do_predict=False, num_workers=0, itr=1, train_epochs=100, batch_size=128, patience=20, learning_rate=0.0001, des='Exp', loss='mse', lradj='TST', pct_start=0.4, use_amp=False, use_gpu=True, gpu=0, use_multi_gpu=False, devices='0,1,2,3', test_flop=False)
Use GPU: cuda:0
>>>>>>>start training : CMS3_ettm1_336_336_PatchTST_ETTm1_ftM_sl336_ll48_pl336_dm128_nh16_el3_dl1_df256_fc1_ebtimeF_dtTrue_Exp_0>>>>>>>>>>>>>>>>>>>>>>>>>>
train 33889
val 11185
test 11185
	iters: 100, epoch: 1 | loss: 0.5317885
	speed: 0.1150s/iter; left time: 3024.7040s
	iters: 200, epoch: 1 | loss: 0.5271836
	speed: 0.0435s/iter; left time: 1139.0358s
Epoch: 1 cost time: 11.782594680786133
Epoch: 1, Steps: 264 | Train Loss: 0.5342272 Vali Loss: 1.0584079 Test Loss: 0.6735897
Validation loss decreased (inf --> 1.058408).  Saving model ...
Updating learning rate to 4.147995994617984e-06
	iters: 100, epoch: 2 | loss: 0.5089378
	speed: 0.1129s/iter; left time: 2939.1187s
	iters: 200, epoch: 2 | loss: 0.4939740
	speed: 0.0435s/iter; left time: 1127.8730s
Epoch: 2 cost time: 11.452580213546753
Epoch: 2, Steps: 264 | Train Loss: 0.5213372 Vali Loss: 1.0351489 Test Loss: 0.6569802
Validation loss decreased (1.058408 --> 1.035149).  Saving model ...
Updating learning rate to 4.591071361204269e-06
	iters: 100, epoch: 3 | loss: 0.5058603
	speed: 0.1146s/iter; left time: 2953.4016s
	iters: 200, epoch: 3 | loss: 0.5419347
	speed: 0.0454s/iter; left time: 1164.7498s
Epoch: 3 cost time: 11.937276124954224
Epoch: 3, Steps: 264 | Train Loss: 0.5118436 Vali Loss: 1.0127792 Test Loss: 0.6399660
Validation loss decreased (1.035149 --> 1.012779).  Saving model ...
Updating learning rate to 5.3264938756102174e-06
	iters: 100, epoch: 4 | loss: 0.4994296
	speed: 0.1173s/iter; left time: 2992.2476s
	iters: 200, epoch: 4 | loss: 0.4583229
	speed: 0.0465s/iter; left time: 1180.8582s
Epoch: 4 cost time: 12.222216129302979
Epoch: 4, Steps: 264 | Train Loss: 0.5014705 Vali Loss: 0.9861231 Test Loss: 0.6204444
Validation loss decreased (1.012779 --> 0.986123).  Saving model ...
Updating learning rate to 6.349728555065631e-06
	iters: 100, epoch: 5 | loss: 0.5224320
	speed: 0.1198s/iter; left time: 3023.1150s
	iters: 200, epoch: 5 | loss: 0.4615463
	speed: 0.0468s/iter; left time: 1175.7831s
Epoch: 5 cost time: 12.327300310134888
Epoch: 5, Steps: 264 | Train Loss: 0.4889054 Vali Loss: 0.9536449 Test Loss: 0.5968453
Validation loss decreased (0.986123 --> 0.953645).  Saving model ...
Updating learning rate to 7.654465623149092e-06
	iters: 100, epoch: 6 | loss: 0.4698965
	speed: 0.1197s/iter; left time: 2990.0411s
	iters: 200, epoch: 6 | loss: 0.4622163
	speed: 0.0468s/iter; left time: 1163.9867s
Epoch: 6 cost time: 12.32709527015686
Epoch: 6, Steps: 264 | Train Loss: 0.4738685 Vali Loss: 0.9133731 Test Loss: 0.5683339
Validation loss decreased (0.953645 --> 0.913373).  Saving model ...
Updating learning rate to 9.232659419022894e-06
	iters: 100, epoch: 7 | loss: 0.4499954
	speed: 0.1196s/iter; left time: 2957.1484s
	iters: 200, epoch: 7 | loss: 0.4630677
	speed: 0.0468s/iter; left time: 1151.4018s
Epoch: 7 cost time: 12.342766761779785
Epoch: 7, Steps: 264 | Train Loss: 0.4556287 Vali Loss: 0.8656358 Test Loss: 0.5357507
Validation loss decreased (0.913373 --> 0.865636).  Saving model ...
Updating learning rate to 1.1074578010998666e-05
	iters: 100, epoch: 8 | loss: 0.3958112
	speed: 0.1189s/iter; left time: 2906.8718s
	iters: 200, epoch: 8 | loss: 0.4283220
	speed: 0.0468s/iter; left time: 1140.4276s
Epoch: 8 cost time: 12.346657514572144
Epoch: 8, Steps: 264 | Train Loss: 0.4343434 Vali Loss: 0.8118926 Test Loss: 0.4998888
Validation loss decreased (0.865636 --> 0.811893).  Saving model ...
Updating learning rate to 1.3168863208492038e-05
	iters: 100, epoch: 9 | loss: 0.3923822
	speed: 0.1190s/iter; left time: 2878.0042s
	iters: 200, epoch: 9 | loss: 0.4035440
	speed: 0.0466s/iter; left time: 1121.9046s
Epoch: 9 cost time: 12.282860517501831
Epoch: 9, Steps: 264 | Train Loss: 0.4110996 Vali Loss: 0.7552546 Test Loss: 0.4667564
Validation loss decreased (0.811893 --> 0.755255).  Saving model ...
Updating learning rate to 1.5502600602302323e-05
	iters: 100, epoch: 10 | loss: 0.4072697
	speed: 0.1176s/iter; left time: 2813.4835s
	iters: 200, epoch: 10 | loss: 0.3425089
	speed: 0.0464s/iter; left time: 1104.3613s
Epoch: 10 cost time: 12.163149356842041
Epoch: 10, Steps: 264 | Train Loss: 0.3892307 Vali Loss: 0.7070089 Test Loss: 0.4388635
Validation loss decreased (0.755255 --> 0.707009).  Saving model ...
Updating learning rate to 1.8061399201313948e-05
	iters: 100, epoch: 11 | loss: 0.3261108
	speed: 0.1158s/iter; left time: 2740.8915s
	iters: 200, epoch: 11 | loss: 0.3465061
	speed: 0.0464s/iter; left time: 1093.6156s
Epoch: 11 cost time: 12.242302179336548
Epoch: 11, Steps: 264 | Train Loss: 0.3715315 Vali Loss: 0.6768849 Test Loss: 0.4174381
Validation loss decreased (0.707009 --> 0.676885).  Saving model ...
Updating learning rate to 2.08294801745399e-05
	iters: 100, epoch: 12 | loss: 0.3940511
	speed: 0.1192s/iter; left time: 2789.8270s
	iters: 200, epoch: 12 | loss: 0.3763035
	speed: 0.0464s/iter; left time: 1081.6878s
Epoch: 12 cost time: 12.266307592391968
Epoch: 12, Steps: 264 | Train Loss: 0.3581698 Vali Loss: 0.6545416 Test Loss: 0.4016209
Validation loss decreased (0.676885 --> 0.654542).  Saving model ...
Updating learning rate to 2.378977415127951e-05
	iters: 100, epoch: 13 | loss: 0.3377921
	speed: 0.1179s/iter; left time: 2727.4800s
	iters: 200, epoch: 13 | loss: 0.3124338
	speed: 0.0463s/iter; left time: 1067.4435s
Epoch: 13 cost time: 12.192449569702148
Epoch: 13, Steps: 264 | Train Loss: 0.3485522 Vali Loss: 0.6445805 Test Loss: 0.3912773
Validation loss decreased (0.654542 --> 0.644581).  Saving model ...
Updating learning rate to 2.6924026479389104e-05
	iters: 100, epoch: 14 | loss: 0.3659975
	speed: 0.1181s/iter; left time: 2701.0498s
	iters: 200, epoch: 14 | loss: 0.3493307
	speed: 0.0460s/iter; left time: 1046.7583s
Epoch: 14 cost time: 12.1156485080719
Epoch: 14, Steps: 264 | Train Loss: 0.3417528 Vali Loss: 0.6374723 Test Loss: 0.3866907
Validation loss decreased (0.644581 --> 0.637472).  Saving model ...
Updating learning rate to 3.0212909792590238e-05
	iters: 100, epoch: 15 | loss: 0.3487503
	speed: 0.1169s/iter; left time: 2642.5386s
	iters: 200, epoch: 15 | loss: 0.3664199
	speed: 0.0460s/iter; left time: 1035.6060s
Epoch: 15 cost time: 12.090851545333862
Epoch: 15, Steps: 264 | Train Loss: 0.3365971 Vali Loss: 0.6311948 Test Loss: 0.3838739
Validation loss decreased (0.637472 --> 0.631195).  Saving model ...
Updating learning rate to 3.363614319266957e-05
	iters: 100, epoch: 16 | loss: 0.3546827
	speed: 0.1176s/iter; left time: 2627.1363s
	iters: 200, epoch: 16 | loss: 0.3442267
	speed: 0.0460s/iter; left time: 1021.9882s
Epoch: 16 cost time: 12.132500171661377
Epoch: 16, Steps: 264 | Train Loss: 0.3323934 Vali Loss: 0.6328257 Test Loss: 0.3842294
EarlyStopping counter: 1 out of 20
Updating learning rate to 3.7172617311633196e-05
	iters: 100, epoch: 17 | loss: 0.3097703
	speed: 0.1165s/iter; left time: 2571.0734s
	iters: 200, epoch: 17 | loss: 0.3344589
	speed: 0.0459s/iter; left time: 1009.2196s
Epoch: 17 cost time: 12.107208490371704
Epoch: 17, Steps: 264 | Train Loss: 0.3281571 Vali Loss: 0.6348907 Test Loss: 0.3792611
EarlyStopping counter: 2 out of 20
Updating learning rate to 4.0800524482619576e-05
	iters: 100, epoch: 18 | loss: 0.3187720
	speed: 0.1167s/iter; left time: 2546.0034s
	iters: 200, epoch: 18 | loss: 0.3119783
	speed: 0.0459s/iter; left time: 996.7446s
Epoch: 18 cost time: 12.104052543640137
Epoch: 18, Steps: 264 | Train Loss: 0.3236838 Vali Loss: 0.6313081 Test Loss: 0.3786381
EarlyStopping counter: 3 out of 20
Updating learning rate to 4.449749321687241e-05
	iters: 100, epoch: 19 | loss: 0.3188229
	speed: 0.1162s/iter; left time: 2503.8418s
	iters: 200, epoch: 19 | loss: 0.3156196
	speed: 0.0459s/iter; left time: 983.8488s
Epoch: 19 cost time: 12.086989402770996
Epoch: 19, Steps: 264 | Train Loss: 0.3185284 Vali Loss: 0.6339607 Test Loss: 0.3796808
EarlyStopping counter: 4 out of 20
Updating learning rate to 4.824072615752094e-05
	iters: 100, epoch: 20 | loss: 0.3009351
	speed: 0.1162s/iter; left time: 2473.8000s
	iters: 200, epoch: 20 | loss: 0.2763463
	speed: 0.0458s/iter; left time: 969.8481s
Epoch: 20 cost time: 12.088923931121826
Epoch: 20, Steps: 264 | Train Loss: 0.3133503 Vali Loss: 0.6337441 Test Loss: 0.3790307
EarlyStopping counter: 5 out of 20
Updating learning rate to 5.200714065947608e-05
	iters: 100, epoch: 21 | loss: 0.2958152
	speed: 0.1167s/iter; left time: 2452.1534s
	iters: 200, epoch: 21 | loss: 0.2945340
	speed: 0.0458s/iter; left time: 958.2804s
Epoch: 21 cost time: 12.076828002929688
Epoch: 21, Steps: 264 | Train Loss: 0.3077986 Vali Loss: 0.6436339 Test Loss: 0.3783815
EarlyStopping counter: 6 out of 20
Updating learning rate to 5.577351112855618e-05
	iters: 100, epoch: 22 | loss: 0.2938838
	speed: 0.1160s/iter; left time: 2407.4511s
	iters: 200, epoch: 22 | loss: 0.2745834
	speed: 0.0457s/iter; left time: 944.5553s
Epoch: 22 cost time: 12.067437648773193
Epoch: 22, Steps: 264 | Train Loss: 0.3019240 Vali Loss: 0.6463707 Test Loss: 0.3810302
EarlyStopping counter: 7 out of 20
Updating learning rate to 5.951661224210828e-05
	iters: 100, epoch: 23 | loss: 0.2830689
	speed: 0.1159s/iter; left time: 2375.5646s
	iters: 200, epoch: 23 | loss: 0.3088523
	speed: 0.0458s/iter; left time: 933.9399s
Epoch: 23 cost time: 12.064124345779419
Epoch: 23, Steps: 264 | Train Loss: 0.2964287 Vali Loss: 0.6502242 Test Loss: 0.3852129
EarlyStopping counter: 8 out of 20
Updating learning rate to 6.321336216795497e-05
	iters: 100, epoch: 24 | loss: 0.2792576
	speed: 0.1158s/iter; left time: 2342.2757s
	iters: 200, epoch: 24 | loss: 0.2774278
	speed: 0.0457s/iter; left time: 920.5899s
Epoch: 24 cost time: 12.058187246322632
Epoch: 24, Steps: 264 | Train Loss: 0.2910330 Vali Loss: 0.6551360 Test Loss: 0.3821358
EarlyStopping counter: 9 out of 20
Updating learning rate to 6.684096489850761e-05
	iters: 100, epoch: 25 | loss: 0.3000328
	speed: 0.1162s/iter; left time: 2320.1846s
	iters: 200, epoch: 25 | loss: 0.2663201
	speed: 0.0458s/iter; left time: 909.0057s
Epoch: 25 cost time: 12.052975177764893
Epoch: 25, Steps: 264 | Train Loss: 0.2853620 Vali Loss: 0.6697043 Test Loss: 0.3868690
EarlyStopping counter: 10 out of 20
Updating learning rate to 7.03770508223417e-05
	iters: 100, epoch: 26 | loss: 0.2945302
	speed: 0.1159s/iter; left time: 2282.7052s
	iters: 200, epoch: 26 | loss: 0.2709213
	speed: 0.0457s/iter; left time: 895.9357s
Epoch: 26 cost time: 12.055530548095703
Epoch: 26, Steps: 264 | Train Loss: 0.2801938 Vali Loss: 0.6642646 Test Loss: 0.3878281
EarlyStopping counter: 11 out of 20
Updating learning rate to 7.379981466640088e-05
	iters: 100, epoch: 27 | loss: 0.2587325
	speed: 0.1158s/iter; left time: 2251.5695s
	iters: 200, epoch: 27 | loss: 0.2679041
	speed: 0.0457s/iter; left time: 884.1527s
Epoch: 27 cost time: 12.052577018737793
Epoch: 27, Steps: 264 | Train Loss: 0.2752354 Vali Loss: 0.6800946 Test Loss: 0.3895294
EarlyStopping counter: 12 out of 20
Updating learning rate to 7.708814995820833e-05
	iters: 100, epoch: 28 | loss: 0.2639206
	speed: 0.1163s/iter; left time: 2229.9561s
	iters: 200, epoch: 28 | loss: 0.2851905
	speed: 0.0459s/iter; left time: 875.1184s
Epoch: 28 cost time: 12.063266515731812
Epoch: 28, Steps: 264 | Train Loss: 0.2700603 Vali Loss: 0.6895232 Test Loss: 0.3925667
EarlyStopping counter: 13 out of 20
Updating learning rate to 8.022177917892456e-05
	iters: 100, epoch: 29 | loss: 0.2674817
	speed: 0.1157s/iter; left time: 2188.2717s
	iters: 200, epoch: 29 | loss: 0.2720500
	speed: 0.0457s/iter; left time: 859.3545s
Epoch: 29 cost time: 12.041376113891602
Epoch: 29, Steps: 264 | Train Loss: 0.2650946 Vali Loss: 0.6898406 Test Loss: 0.3970339
EarlyStopping counter: 14 out of 20
Updating learning rate to 8.318137880466269e-05
	iters: 100, epoch: 30 | loss: 0.2687382
	speed: 0.1158s/iter; left time: 2158.2797s
	iters: 200, epoch: 30 | loss: 0.2484127
	speed: 0.0457s/iter; left time: 848.0034s
Epoch: 30 cost time: 12.052145719528198
Epoch: 30, Steps: 264 | Train Loss: 0.2603091 Vali Loss: 0.7010100 Test Loss: 0.3992734
EarlyStopping counter: 15 out of 20
Updating learning rate to 8.594869846499432e-05
	iters: 100, epoch: 31 | loss: 0.2491988
	speed: 0.1164s/iter; left time: 2139.3406s
	iters: 200, epoch: 31 | loss: 0.2568048
	speed: 0.0457s/iter; left time: 836.1011s
Epoch: 31 cost time: 12.053383350372314
Epoch: 31, Steps: 264 | Train Loss: 0.2557096 Vali Loss: 0.7014010 Test Loss: 0.4009426
EarlyStopping counter: 16 out of 20
Updating learning rate to 8.85066734838546e-05
	iters: 100, epoch: 32 | loss: 0.2444084
	speed: 0.1158s/iter; left time: 2098.8322s
	iters: 200, epoch: 32 | loss: 0.2352145
	speed: 0.0457s/iter; left time: 823.7735s
Epoch: 32 cost time: 12.056586027145386
Epoch: 32, Steps: 264 | Train Loss: 0.2509708 Vali Loss: 0.7221262 Test Loss: 0.4065769
EarlyStopping counter: 17 out of 20
Updating learning rate to 9.083953010886336e-05
	iters: 100, epoch: 33 | loss: 0.2618449
	speed: 0.1157s/iter; left time: 2065.3081s
	iters: 200, epoch: 33 | loss: 0.2500096
	speed: 0.0456s/iter; left time: 810.3564s
Epoch: 33 cost time: 12.020932674407959
Epoch: 33, Steps: 264 | Train Loss: 0.2469906 Vali Loss: 0.7287499 Test Loss: 0.4081990
EarlyStopping counter: 18 out of 20
Updating learning rate to 9.29328827801656e-05
	iters: 100, epoch: 34 | loss: 0.2529790
	speed: 0.1160s/iter; left time: 2039.5538s
	iters: 200, epoch: 34 | loss: 0.2375894
	speed: 0.0457s/iter; left time: 799.2440s
Epoch: 34 cost time: 12.038279056549072
Epoch: 34, Steps: 264 | Train Loss: 0.2424378 Vali Loss: 0.7274624 Test Loss: 0.4091386
EarlyStopping counter: 19 out of 20
Updating learning rate to 9.477382283898318e-05
	iters: 100, epoch: 35 | loss: 0.2462202
	speed: 0.1160s/iter; left time: 2010.2354s
	iters: 200, epoch: 35 | loss: 0.2513155
	speed: 0.0458s/iter; left time: 788.0921s
Epoch: 35 cost time: 12.055665016174316
Epoch: 35, Steps: 264 | Train Loss: 0.2383364 Vali Loss: 0.7285742 Test Loss: 0.4123684
EarlyStopping counter: 20 out of 20
Early stopping
>>>>>>>testing : CMS3_ettm1_336_336_PatchTST_ETTm1_ftM_sl336_ll48_pl336_dm128_nh16_el3_dl1_df256_fc1_ebtimeF_dtTrue_Exp_0<<<<<<<<<<<<<<<<<<<<<<<<<<<<<<<<<
test 11185
mse:0.48124054074287415, mae:0.45749014616012573, rse:0.660051167011261
Args in experiment:
Namespace(random_seed=2021, is_training=1, model_id='CMS3_ettm1_336_720', model='PatchTST', data='ETTm1', root_path='./dataset/', data_path='ETTm1.csv', features='M', target='OT', freq='h', checkpoints='./checkpoints/', seq_len=336, label_len=48, pred_len=720, head_type='cms3', fc_dropout=0.2, head_dropout=0.0, patch_len=16, stride=8, padding_patch='end', revin=1, affine=0, subtract_last=0, decomposition=0, kernel_size=25, individual=0, embed_type=0, enc_in=7, dec_in=7, c_out=7, d_model=128, n_heads=16, e_layers=3, d_layers=1, d_ff=256, moving_avg=25, factor=1, distil=True, dropout=0.2, embed='timeF', activation='gelu', output_attention=False, do_predict=False, num_workers=0, itr=1, train_epochs=100, batch_size=128, patience=20, learning_rate=0.0001, des='Exp', loss='mse', lradj='TST', pct_start=0.4, use_amp=False, use_gpu=True, gpu=0, use_multi_gpu=False, devices='0,1,2,3', test_flop=False)
Use GPU: cuda:0
>>>>>>>start training : CMS3_ettm1_336_720_PatchTST_ETTm1_ftM_sl336_ll48_pl720_dm128_nh16_el3_dl1_df256_fc1_ebtimeF_dtTrue_Exp_0>>>>>>>>>>>>>>>>>>>>>>>>>>
train 33505
val 10801
test 10801
	iters: 100, epoch: 1 | loss: 0.5844368
	speed: 0.0606s/iter; left time: 1575.1094s
	iters: 200, epoch: 1 | loss: 0.5747957
	speed: 0.0439s/iter; left time: 1137.9819s
Epoch: 1 cost time: 11.839595794677734
Epoch: 1, Steps: 261 | Train Loss: 0.5869275 Vali Loss: 1.3447698 Test Loss: 0.7031346
Validation loss decreased (inf --> 1.344770).  Saving model ...
Updating learning rate to 4.147996316662011e-06
	iters: 100, epoch: 2 | loss: 0.6265302
	speed: 0.1149s/iter; left time: 2957.5884s
	iters: 200, epoch: 2 | loss: 0.5583838
	speed: 0.0453s/iter; left time: 1161.1689s
Epoch: 2 cost time: 11.786602258682251
Epoch: 2, Steps: 261 | Train Loss: 0.5779581 Vali Loss: 1.3281281 Test Loss: 0.6905059
Validation loss decreased (1.344770 --> 1.328128).  Saving model ...
Updating learning rate to 4.591072645408634e-06
	iters: 100, epoch: 3 | loss: 0.6274933
	speed: 0.1166s/iter; left time: 2970.0570s
	iters: 200, epoch: 3 | loss: 0.5576668
	speed: 0.0458s/iter; left time: 1162.6374s
Epoch: 3 cost time: 11.962938785552979
Epoch: 3, Steps: 261 | Train Loss: 0.5703956 Vali Loss: 1.3089429 Test Loss: 0.6772841
Validation loss decreased (1.328128 --> 1.308943).  Saving model ...
Updating learning rate to 5.326496750212602e-06
	iters: 100, epoch: 4 | loss: 0.6057686
	speed: 0.1193s/iter; left time: 3007.3410s
	iters: 200, epoch: 4 | loss: 0.5538466
	speed: 0.0461s/iter; left time: 1157.2914s
Epoch: 4 cost time: 12.005407571792603
Epoch: 4, Steps: 261 | Train Loss: 0.5615595 Vali Loss: 1.2861673 Test Loss: 0.6608432
Validation loss decreased (1.308943 --> 1.286167).  Saving model ...
Updating learning rate to 6.349733628628268e-06
	iters: 100, epoch: 5 | loss: 0.5937791
	speed: 0.1158s/iter; left time: 2889.6457s
	iters: 200, epoch: 5 | loss: 0.5451283
	speed: 0.0461s/iter; left time: 1145.9910s
Epoch: 5 cost time: 12.036970138549805
Epoch: 5, Steps: 261 | Train Loss: 0.5508887 Vali Loss: 1.2571440 Test Loss: 0.6408172
Validation loss decreased (1.286167 --> 1.257144).  Saving model ...
Updating learning rate to 7.654473476944045e-06
	iters: 100, epoch: 6 | loss: 0.4987783
	speed: 0.1163s/iter; left time: 2873.3251s
	iters: 200, epoch: 6 | loss: 0.5526756
	speed: 0.0462s/iter; left time: 1135.5673s
Epoch: 6 cost time: 12.026684999465942
Epoch: 6, Steps: 261 | Train Loss: 0.5378867 Vali Loss: 1.2240192 Test Loss: 0.6170786
Validation loss decreased (1.257144 --> 1.224019).  Saving model ...
Updating learning rate to 9.232670599670218e-06
	iters: 100, epoch: 7 | loss: 0.5250803
	speed: 0.1163s/iter; left time: 2841.8022s
	iters: 200, epoch: 7 | loss: 0.5012003
	speed: 0.0463s/iter; left time: 1126.3662s
Epoch: 7 cost time: 12.048728942871094
Epoch: 7, Steps: 261 | Train Loss: 0.5223170 Vali Loss: 1.1828284 Test Loss: 0.5888351
Validation loss decreased (1.224019 --> 1.182828).  Saving model ...
Updating learning rate to 1.1074593023426382e-05
	iters: 100, epoch: 8 | loss: 0.4874642
	speed: 0.1160s/iter; left time: 2805.2340s
	iters: 200, epoch: 8 | loss: 0.4807901
	speed: 0.0462s/iter; left time: 1112.9955s
Epoch: 8 cost time: 12.044297218322754
Epoch: 8, Steps: 261 | Train Loss: 0.5044802 Vali Loss: 1.1385171 Test Loss: 0.5592709
Validation loss decreased (1.182828 --> 1.138517).  Saving model ...
Updating learning rate to 1.3168882509283648e-05
	iters: 100, epoch: 9 | loss: 0.4793067
	speed: 0.1163s/iter; left time: 2781.7469s
	iters: 200, epoch: 9 | loss: 0.5415422
	speed: 0.0460s/iter; left time: 1096.1848s
Epoch: 9 cost time: 12.028958082199097
Epoch: 9, Steps: 261 | Train Loss: 0.4851608 Vali Loss: 1.0931123 Test Loss: 0.5289329
Validation loss decreased (1.138517 --> 1.093112).  Saving model ...
Updating learning rate to 1.5502624593494887e-05
	iters: 100, epoch: 10 | loss: 0.4980703
	speed: 0.1161s/iter; left time: 2745.7729s
	iters: 200, epoch: 10 | loss: 0.4742713
	speed: 0.0462s/iter; left time: 1087.6841s
Epoch: 10 cost time: 12.044752597808838
Epoch: 10, Steps: 261 | Train Loss: 0.4656372 Vali Loss: 1.0448477 Test Loss: 0.5028068
Validation loss decreased (1.093112 --> 1.044848).  Saving model ...
Updating learning rate to 1.806142822470586e-05
	iters: 100, epoch: 11 | loss: 0.4426269
	speed: 0.1156s/iter; left time: 2704.4094s
	iters: 200, epoch: 11 | loss: 0.4413869
	speed: 0.0461s/iter; left time: 1074.0573s
Epoch: 11 cost time: 12.020644187927246
Epoch: 11, Steps: 261 | Train Loss: 0.4473727 Vali Loss: 1.0054277 Test Loss: 0.4790874
Validation loss decreased (1.044848 --> 1.005428).  Saving model ...
Updating learning rate to 2.0829514506563195e-05
	iters: 100, epoch: 12 | loss: 0.4274170
	speed: 0.1166s/iter; left time: 2696.7736s
	iters: 200, epoch: 12 | loss: 0.4195364
	speed: 0.0462s/iter; left time: 1063.1982s
Epoch: 12 cost time: 12.045108795166016
Epoch: 12, Steps: 261 | Train Loss: 0.4317676 Vali Loss: 0.9790854 Test Loss: 0.4621303
Validation loss decreased (1.005428 --> 0.979085).  Saving model ...
Updating learning rate to 2.3789813998487008e-05
	iters: 100, epoch: 13 | loss: 0.4156784
	speed: 0.1163s/iter; left time: 2658.5347s
	iters: 200, epoch: 13 | loss: 0.4054916
	speed: 0.0462s/iter; left time: 1052.0991s
Epoch: 13 cost time: 12.070730924606323
Epoch: 13, Steps: 261 | Train Loss: 0.4190268 Vali Loss: 0.9616843 Test Loss: 0.4497103
Validation loss decreased (0.979085 --> 0.961684).  Saving model ...
Updating learning rate to 2.6924071974601397e-05
	iters: 100, epoch: 14 | loss: 0.4163958
	speed: 0.1160s/iter; left time: 2622.0310s
	iters: 200, epoch: 14 | loss: 0.3968418
	speed: 0.0461s/iter; left time: 1037.9321s
Epoch: 14 cost time: 12.015344619750977
Epoch: 14, Steps: 261 | Train Loss: 0.4094323 Vali Loss: 0.9529225 Test Loss: 0.4416901
Validation loss decreased (0.961684 --> 0.952923).  Saving model ...
Updating learning rate to 3.0212960991742456e-05
	iters: 100, epoch: 15 | loss: 0.4226092
	speed: 0.1158s/iter; left time: 2587.2421s
	iters: 200, epoch: 15 | loss: 0.3972747
	speed: 0.0462s/iter; left time: 1027.5452s
Epoch: 15 cost time: 12.033488273620605
Epoch: 15, Steps: 261 | Train Loss: 0.4022484 Vali Loss: 0.9506007 Test Loss: 0.4400413
Validation loss decreased (0.952923 --> 0.950601).  Saving model ...
Updating learning rate to 3.363620007239161e-05
	iters: 100, epoch: 16 | loss: 0.3875847
	speed: 0.1158s/iter; left time: 2557.0857s
	iters: 200, epoch: 16 | loss: 0.3755176
	speed: 0.0462s/iter; left time: 1015.8955s
Epoch: 16 cost time: 12.036726713180542
Epoch: 16, Steps: 261 | Train Loss: 0.3963901 Vali Loss: 0.9522402 Test Loss: 0.4408646
EarlyStopping counter: 1 out of 20
Updating learning rate to 3.717267976759092e-05
	iters: 100, epoch: 17 | loss: 0.3935675
	speed: 0.1154s/iter; left time: 2519.3543s
	iters: 200, epoch: 17 | loss: 0.4072974
	speed: 0.0462s/iter; left time: 1003.1951s
Epoch: 17 cost time: 12.011068344116211
Epoch: 17, Steps: 261 | Train Loss: 0.3908939 Vali Loss: 0.9642226 Test Loss: 0.4409450
EarlyStopping counter: 2 out of 20
Updating learning rate to 4.0800592328638756e-05
	iters: 100, epoch: 18 | loss: 0.3884240
	speed: 0.1151s/iter; left time: 2481.4418s
	iters: 200, epoch: 18 | loss: 0.3712578
	speed: 0.0462s/iter; left time: 991.0268s
Epoch: 18 cost time: 12.029452562332153
Epoch: 18, Steps: 261 | Train Loss: 0.3852097 Vali Loss: 0.9642155 Test Loss: 0.4441225
EarlyStopping counter: 3 out of 20
Updating learning rate to 4.449756618485984e-05
	iters: 100, epoch: 19 | loss: 0.3744075
	speed: 0.1152s/iter; left time: 2454.6878s
	iters: 200, epoch: 19 | loss: 0.3897692
	speed: 0.0463s/iter; left time: 982.7562s
Epoch: 19 cost time: 12.084976196289062
Epoch: 19, Steps: 261 | Train Loss: 0.3792995 Vali Loss: 0.9648700 Test Loss: 0.4450784
EarlyStopping counter: 4 out of 20
Updating learning rate to 4.824080389819096e-05
	iters: 100, epoch: 20 | loss: 0.3533359
	speed: 0.1162s/iter; left time: 2445.4048s
	iters: 200, epoch: 20 | loss: 0.3705918
	speed: 0.0463s/iter; left time: 969.7995s
Epoch: 20 cost time: 12.065990209579468
Epoch: 20, Steps: 261 | Train Loss: 0.3734508 Vali Loss: 0.9859758 Test Loss: 0.4452729
EarlyStopping counter: 5 out of 20
Updating learning rate to 5.2007222743883666e-05
	iters: 100, epoch: 21 | loss: 0.3778413
	speed: 0.1150s/iter; left time: 2390.3218s
	iters: 200, epoch: 21 | loss: 0.3585099
	speed: 0.0463s/iter; left time: 958.4861s
Epoch: 21 cost time: 12.064022302627563
Epoch: 21, Steps: 261 | Train Loss: 0.3669908 Vali Loss: 0.9958683 Test Loss: 0.4486081
EarlyStopping counter: 6 out of 20
Updating learning rate to 5.577359705043091e-05
	iters: 100, epoch: 22 | loss: 0.3679211
	speed: 0.1157s/iter; left time: 2374.7846s
	iters: 200, epoch: 22 | loss: 0.3929433
	speed: 0.0463s/iter; left time: 945.5773s
Epoch: 22 cost time: 12.068918943405151
Epoch: 22, Steps: 261 | Train Loss: 0.3606299 Vali Loss: 1.0045878 Test Loss: 0.4475307
EarlyStopping counter: 7 out of 20
Updating learning rate to 5.951670142097692e-05
	iters: 100, epoch: 23 | loss: 0.3787792
	speed: 0.1156s/iter; left time: 2342.7108s
	iters: 200, epoch: 23 | loss: 0.3588102
	speed: 0.0464s/iter; left time: 934.4676s
Epoch: 23 cost time: 12.06653356552124
Epoch: 23, Steps: 261 | Train Loss: 0.3543871 Vali Loss: 1.0120815 Test Loss: 0.4487762
EarlyStopping counter: 8 out of 20
Updating learning rate to 6.321345395303321e-05
	iters: 100, epoch: 24 | loss: 0.3712132
	speed: 0.1151s/iter; left time: 2301.3972s
	iters: 200, epoch: 24 | loss: 0.3539660
	speed: 0.0463s/iter; left time: 921.2028s
Epoch: 24 cost time: 12.064491987228394
Epoch: 24, Steps: 261 | Train Loss: 0.3479483 Vali Loss: 1.0026381 Test Loss: 0.4490133
EarlyStopping counter: 9 out of 20
Updating learning rate to 6.6841058573335e-05
	iters: 100, epoch: 25 | loss: 0.3687687
	speed: 0.1158s/iter; left time: 2286.0898s
	iters: 200, epoch: 25 | loss: 0.3331310
	speed: 0.0464s/iter; left time: 911.0391s
Epoch: 25 cost time: 12.072956800460815
Epoch: 25, Steps: 261 | Train Loss: 0.3421470 Vali Loss: 1.0334985 Test Loss: 0.4555817
EarlyStopping counter: 10 out of 20
Updating learning rate to 7.037714561012768e-05
	iters: 100, epoch: 26 | loss: 0.3524337
	speed: 0.1152s/iter; left time: 2242.8983s
	iters: 200, epoch: 26 | loss: 0.3196282
	speed: 0.0463s/iter; left time: 896.9251s
Epoch: 26 cost time: 12.054408550262451
Epoch: 26, Steps: 261 | Train Loss: 0.3364801 Vali Loss: 1.0025054 Test Loss: 0.4511960
EarlyStopping counter: 11 out of 20
Updating learning rate to 7.379990973604285e-05
	iters: 100, epoch: 27 | loss: 0.3303743
	speed: 0.1150s/iter; left time: 2210.2991s
	iters: 200, epoch: 27 | loss: 0.3354022
	speed: 0.0462s/iter; left time: 883.7672s
Epoch: 27 cost time: 12.057512760162354
Epoch: 27, Steps: 261 | Train Loss: 0.3309169 Vali Loss: 1.0319117 Test Loss: 0.4580725
EarlyStopping counter: 12 out of 20
Updating learning rate to 7.708824443093723e-05
	iters: 100, epoch: 28 | loss: 0.3250306
	speed: 0.1157s/iter; left time: 2192.9993s
	iters: 200, epoch: 28 | loss: 0.3311733
	speed: 0.0462s/iter; left time: 871.7365s
Epoch: 28 cost time: 12.055115699768066
Epoch: 28, Steps: 261 | Train Loss: 0.3254766 Vali Loss: 1.0378778 Test Loss: 0.4564264
EarlyStopping counter: 13 out of 20
Updating learning rate to 8.022187213552767e-05
	iters: 100, epoch: 29 | loss: 0.3076060
	speed: 0.1153s/iter; left time: 2155.7889s
	iters: 200, epoch: 29 | loss: 0.3194334
	speed: 0.0463s/iter; left time: 861.4172s
Epoch: 29 cost time: 12.07028341293335
Epoch: 29, Steps: 261 | Train Loss: 0.3206661 Vali Loss: 1.0435241 Test Loss: 0.4587467
EarlyStopping counter: 14 out of 20
Updating learning rate to 8.318146929322795e-05
	iters: 100, epoch: 30 | loss: 0.3202757
	speed: 0.1151s/iter; left time: 2120.9394s
	iters: 200, epoch: 30 | loss: 0.3201748
	speed: 0.0463s/iter; left time: 848.4901s
Epoch: 30 cost time: 12.05354356765747
Epoch: 30, Steps: 261 | Train Loss: 0.3157868 Vali Loss: 1.0452820 Test Loss: 0.4590604
EarlyStopping counter: 15 out of 20
Updating learning rate to 8.59487855091154e-05
	iters: 100, epoch: 31 | loss: 0.3000531
	speed: 0.1161s/iter; left time: 2110.2554s
	iters: 200, epoch: 31 | loss: 0.3133210
	speed: 0.0463s/iter; left time: 836.8868s
Epoch: 31 cost time: 12.066425085067749
Epoch: 31, Steps: 261 | Train Loss: 0.3113382 Vali Loss: 1.0442448 Test Loss: 0.4581561
EarlyStopping counter: 16 out of 20
Updating learning rate to 8.850675609123214e-05
	iters: 100, epoch: 32 | loss: 0.3105521
	speed: 0.1151s/iter; left time: 2061.7206s
	iters: 200, epoch: 32 | loss: 0.3008063
	speed: 0.0462s/iter; left time: 822.9127s
Epoch: 32 cost time: 12.057217597961426
Epoch: 32, Steps: 261 | Train Loss: 0.3069636 Vali Loss: 1.0330443 Test Loss: 0.4640405
EarlyStopping counter: 17 out of 20
Updating learning rate to 9.083960728023302e-05
	iters: 100, epoch: 33 | loss: 0.2933565
	speed: 0.1157s/iter; left time: 2042.7988s
	iters: 200, epoch: 33 | loss: 0.2948645
	speed: 0.0463s/iter; left time: 811.9871s
Epoch: 33 cost time: 12.055282831192017
Epoch: 33, Steps: 261 | Train Loss: 0.3027620 Vali Loss: 1.0445760 Test Loss: 0.4627906
EarlyStopping counter: 18 out of 20
Updating learning rate to 9.293295351848083e-05
	iters: 100, epoch: 34 | loss: 0.3074586
	speed: 0.1152s/iter; left time: 2003.9406s
	iters: 200, epoch: 34 | loss: 0.3062239
	speed: 0.0462s/iter; left time: 797.9319s
Epoch: 34 cost time: 12.028686046600342
Epoch: 34, Steps: 261 | Train Loss: 0.2985646 Vali Loss: 1.0534496 Test Loss: 0.4637455
EarlyStopping counter: 19 out of 20
Updating learning rate to 9.47738861587773e-05
	iters: 100, epoch: 35 | loss: 0.3038068
	speed: 0.1147s/iter; left time: 1963.7344s
	iters: 200, epoch: 35 | loss: 0.3053741
	speed: 0.0461s/iter; left time: 784.2281s
Epoch: 35 cost time: 12.001237392425537
Epoch: 35, Steps: 261 | Train Loss: 0.2948838 Vali Loss: 1.0342810 Test Loss: 0.4616925
EarlyStopping counter: 20 out of 20
Early stopping
>>>>>>>testing : CMS3_ettm1_336_720_PatchTST_ETTm1_ftM_sl336_ll48_pl720_dm128_nh16_el3_dl1_df256_fc1_ebtimeF_dtTrue_Exp_0<<<<<<<<<<<<<<<<<<<<<<<<<<<<<<<<<
test 10801
mse:0.5266402959823608, mae:0.4843445122241974, rse:0.6903097629547119
