==========================================================
Lanzando Experimento: CMS3_ettm1 | Dataset: ettm1
==========================================================
Args in experiment:
Namespace(random_seed=2021, is_training=1, model_id='CMS3_ettm1_336_96', model='PatchTST', data='ETTm1', root_path='./dataset/', data_path='ETTm1.csv', features='M', target='OT', freq='h', checkpoints='./checkpoints/', seq_len=336, label_len=48, pred_len=96, head_type='cms3', fc_dropout=0.2, head_dropout=0.0, patch_len=16, stride=8, padding_patch='end', revin=1, affine=0, subtract_last=0, decomposition=0, kernel_size=25, individual=0, embed_type=0, enc_in=7, dec_in=7, c_out=7, d_model=128, n_heads=16, e_layers=3, d_layers=1, d_ff=256, moving_avg=25, factor=1, distil=True, dropout=0.2, embed='timeF', activation='gelu', output_attention=False, do_predict=False, num_workers=0, itr=1, train_epochs=100, batch_size=128, patience=20, learning_rate=0.0001, des='Exp', loss='mse', lradj='TST', pct_start=0.4, use_amp=False, use_gpu=True, gpu=0, use_multi_gpu=False, devices='0,1,2,3', test_flop=False)
Use GPU: cuda:0
>>>>>>>start training : CMS3_ettm1_336_96_PatchTST_ETTm1_ftM_sl336_ll48_pl96_dm128_nh16_el3_dl1_df256_fc1_ebtimeF_dtTrue_Exp_0>>>>>>>>>>>>>>>>>>>>>>>>>>
train 34129
val 11425
test 11425
	iters: 100, epoch: 1 | loss: 0.4832250
	speed: 0.0652s/iter; left time: 1728.9013s
	iters: 200, epoch: 1 | loss: 0.4718024
	speed: 0.0584s/iter; left time: 1540.6540s
Epoch: 1 cost time: 16.027589797973633
Epoch: 1, Steps: 266 | Train Loss: 0.4700162 Vali Loss: 0.7961952 Test Loss: 0.5969439
Validation loss decreased (inf --> 0.796195).  Saving model ...
Updating learning rate to 4.147995783958166e-06
	iters: 100, epoch: 2 | loss: 0.4568114
	speed: 0.2137s/iter; left time: 5606.8249s
	iters: 200, epoch: 2 | loss: 0.4142921
	speed: 0.1131s/iter; left time: 2956.1575s
Epoch: 2 cost time: 31.318925619125366
Epoch: 2, Steps: 266 | Train Loss: 0.4350636 Vali Loss: 0.7325328 Test Loss: 0.5543548
Validation loss decreased (0.796195 --> 0.732533).  Saving model ...
Updating learning rate to 4.591070521163098e-06
	iters: 100, epoch: 3 | loss: 0.4249611
	speed: 0.3333s/iter; left time: 8654.4913s
	iters: 200, epoch: 3 | loss: 0.4389388
	speed: 0.1507s/iter; left time: 3898.2230s
Epoch: 3 cost time: 39.56144428253174
Epoch: 3, Steps: 266 | Train Loss: 0.4112470 Vali Loss: 0.6796573 Test Loss: 0.5204343
Validation loss decreased (0.732533 --> 0.679657).  Saving model ...
Updating learning rate to 5.326491995236255e-06
	iters: 100, epoch: 4 | loss: 0.3877800
	speed: 0.3673s/iter; left time: 9439.7835s
	iters: 200, epoch: 4 | loss: 0.3865292
	speed: 0.1542s/iter; left time: 3949.2181s
Epoch: 4 cost time: 41.93499732017517
Epoch: 4, Steps: 266 | Train Loss: 0.3896255 Vali Loss: 0.6300289 Test Loss: 0.4878896
Validation loss decreased (0.679657 --> 0.630029).  Saving model ...
Updating learning rate to 6.349725236277868e-06
	iters: 100, epoch: 5 | loss: 0.3877631
	speed: 0.3739s/iter; left time: 9511.1637s
	iters: 200, epoch: 5 | loss: 0.3233146
	speed: 0.1622s/iter; left time: 4108.7021s
Epoch: 5 cost time: 43.00158405303955
Epoch: 5, Steps: 266 | Train Loss: 0.3677812 Vali Loss: 0.5773773 Test Loss: 0.4535806
Validation loss decreased (0.630029 --> 0.577377).  Saving model ...
Updating learning rate to 7.654460485717921e-06
	iters: 100, epoch: 6 | loss: 0.3789635
	speed: 0.3841s/iter; left time: 9669.3528s
	iters: 200, epoch: 6 | loss: 0.3320943
	speed: 0.1583s/iter; left time: 3968.2374s
Epoch: 6 cost time: 43.15663003921509
Epoch: 6, Steps: 266 | Train Loss: 0.3438821 Vali Loss: 0.5216292 Test Loss: 0.4178216
Validation loss decreased (0.577377 --> 0.521629).  Saving model ...
Updating learning rate to 9.232652105385623e-06
	iters: 100, epoch: 7 | loss: 0.3417619
	speed: 0.3701s/iter; left time: 9217.7602s
	iters: 200, epoch: 7 | loss: 0.2990903
	speed: 0.1622s/iter; left time: 4023.9883s
Epoch: 7 cost time: 43.35964775085449
Epoch: 7, Steps: 266 | Train Loss: 0.3198751 Vali Loss: 0.4694197 Test Loss: 0.3845218
Validation loss decreased (0.521629 --> 0.469420).  Saving model ...
Updating learning rate to 1.1074568190864783e-05
	iters: 100, epoch: 8 | loss: 0.2903857
	speed: 0.3805s/iter; left time: 9375.1884s
	iters: 200, epoch: 8 | loss: 0.2838258
	speed: 0.1553s/iter; left time: 3810.4673s
Epoch: 8 cost time: 44.288299560546875
Epoch: 8, Steps: 266 | Train Loss: 0.2990849 Vali Loss: 0.4325755 Test Loss: 0.3594128
Validation loss decreased (0.469420 --> 0.432576).  Saving model ...
Updating learning rate to 1.316885058319476e-05
	iters: 100, epoch: 9 | loss: 0.2711408
	speed: 0.3814s/iter; left time: 9294.9575s
	iters: 200, epoch: 9 | loss: 0.2941805
	speed: 0.1631s/iter; left time: 3958.8199s
Epoch: 9 cost time: 42.3388991355896
Epoch: 9, Steps: 266 | Train Loss: 0.2835228 Vali Loss: 0.4089931 Test Loss: 0.3417521
Validation loss decreased (0.432576 --> 0.408993).  Saving model ...
Updating learning rate to 1.5502584908855415e-05
	iters: 100, epoch: 10 | loss: 0.2603233
	speed: 0.3686s/iter; left time: 8885.6637s
	iters: 200, epoch: 10 | loss: 0.2682768
	speed: 0.1647s/iter; left time: 3952.9712s
Epoch: 10 cost time: 42.319600105285645
Epoch: 10, Steps: 266 | Train Loss: 0.2719065 Vali Loss: 0.3930422 Test Loss: 0.3282503
Validation loss decreased (0.408993 --> 0.393042).  Saving model ...
Updating learning rate to 1.806138021613527e-05
	iters: 100, epoch: 11 | loss: 0.2733156
	speed: 0.3858s/iter; left time: 9198.3493s
	iters: 200, epoch: 11 | loss: 0.2463206
	speed: 0.1546s/iter; left time: 3669.6323s
Epoch: 11 cost time: 47.003493547439575
Epoch: 11, Steps: 266 | Train Loss: 0.2623919 Vali Loss: 0.3824904 Test Loss: 0.3173446
Validation loss decreased (0.393042 --> 0.382490).  Saving model ...
Updating learning rate to 2.0829457716805565e-05
	iters: 100, epoch: 12 | loss: 0.2748875
	speed: 0.4092s/iter; left time: 9646.2326s
	iters: 200, epoch: 12 | loss: 0.2499070
	speed: 0.1698s/iter; left time: 3986.0780s
Epoch: 12 cost time: 41.38509225845337
Epoch: 12, Steps: 266 | Train Loss: 0.2542975 Vali Loss: 0.3792974 Test Loss: 0.3111136
Validation loss decreased (0.382490 --> 0.379297).  Saving model ...
Updating learning rate to 2.3789748085875986e-05
	iters: 100, epoch: 13 | loss: 0.2415846
	speed: 0.3503s/iter; left time: 8164.7629s
	iters: 200, epoch: 13 | loss: 0.2451063
	speed: 0.1630s/iter; left time: 3781.9103s
Epoch: 13 cost time: 41.0613899230957
Epoch: 13, Steps: 266 | Train Loss: 0.2474389 Vali Loss: 0.3736142 Test Loss: 0.3062001
Validation loss decreased (0.379297 --> 0.373614).  Saving model ...
Updating learning rate to 2.6923996719433387e-05
	iters: 100, epoch: 14 | loss: 0.2541671
	speed: 0.3659s/iter; left time: 8430.7456s
	iters: 200, epoch: 14 | loss: 0.2230148
	speed: 0.1609s/iter; left time: 3691.6861s
Epoch: 14 cost time: 42.68433380126953
Epoch: 14, Steps: 266 | Train Loss: 0.2413336 Vali Loss: 0.3720021 Test Loss: 0.3026937
Validation loss decreased (0.373614 --> 0.372002).  Saving model ...
Updating learning rate to 3.021287630149266e-05
	iters: 100, epoch: 15 | loss: 0.2151142
	speed: 0.3683s/iter; left time: 8387.7795s
	iters: 200, epoch: 15 | loss: 0.2253527
	speed: 0.1579s/iter; left time: 3581.8018s
Epoch: 15 cost time: 42.334845781326294
Epoch: 15, Steps: 266 | Train Loss: 0.2359733 Vali Loss: 0.3713343 Test Loss: 0.3018324
Validation loss decreased (0.372002 --> 0.371334).  Saving model ...
Updating learning rate to 3.363610598571669e-05
	iters: 100, epoch: 16 | loss: 0.2349673
	speed: 0.3756s/iter; left time: 8455.1059s
	iters: 200, epoch: 16 | loss: 0.2225526
	speed: 0.1583s/iter; left time: 3547.6952s
Epoch: 16 cost time: 42.25749492645264
Epoch: 16, Steps: 266 | Train Loss: 0.2311691 Vali Loss: 0.3691869 Test Loss: 0.2995779
Validation loss decreased (0.371334 --> 0.369187).  Saving model ...
Updating learning rate to 3.717257645707274e-05
	iters: 100, epoch: 17 | loss: 0.2301775
	speed: 0.3756s/iter; left time: 8355.1823s
	iters: 200, epoch: 17 | loss: 0.2141747
	speed: 0.1668s/iter; left time: 3694.0582s
Epoch: 17 cost time: 42.89196968078613
Epoch: 17, Steps: 266 | Train Loss: 0.2262769 Vali Loss: 0.3691682 Test Loss: 0.3000268
Validation loss decreased (0.369187 --> 0.369168).  Saving model ...
Updating learning rate to 4.08004801022336e-05
	iters: 100, epoch: 18 | loss: 0.2243306
	speed: 0.3653s/iter; left time: 8029.6503s
	iters: 200, epoch: 18 | loss: 0.2226515
	speed: 0.1654s/iter; left time: 3618.3609s
Epoch: 18 cost time: 42.61485576629639
Epoch: 18, Steps: 266 | Train Loss: 0.2220995 Vali Loss: 0.3703719 Test Loss: 0.3011670
EarlyStopping counter: 1 out of 20
Updating learning rate to 4.4497445486028815e-05
	iters: 100, epoch: 19 | loss: 0.2176691
	speed: 0.3674s/iter; left time: 7976.2987s
	iters: 200, epoch: 19 | loss: 0.1945666
	speed: 0.1675s/iter; left time: 3621.1562s
Epoch: 19 cost time: 41.754645347595215
Epoch: 19, Steps: 266 | Train Loss: 0.2175297 Vali Loss: 0.3756983 Test Loss: 0.3026348
EarlyStopping counter: 2 out of 20
Updating learning rate to 4.8240675304698384e-05
	iters: 100, epoch: 20 | loss: 0.2100489
	speed: 0.3782s/iter; left time: 8110.6055s
	iters: 200, epoch: 20 | loss: 0.2113586
	speed: 0.1609s/iter; left time: 3435.1685s
Epoch: 20 cost time: 42.30988144874573
Epoch: 20, Steps: 266 | Train Loss: 0.2130222 Vali Loss: 0.3751502 Test Loss: 0.3049786
EarlyStopping counter: 3 out of 20
Updating learning rate to 5.2007086965261054e-05
	iters: 100, epoch: 21 | loss: 0.2254144
	speed: 0.3596s/iter; left time: 7616.0124s
	iters: 200, epoch: 21 | loss: 0.2084042
	speed: 0.1606s/iter; left time: 3386.2481s
Epoch: 21 cost time: 43.401501178741455
Epoch: 21, Steps: 266 | Train Loss: 0.2089476 Vali Loss: 0.3781011 Test Loss: 0.3044419
EarlyStopping counter: 4 out of 20
Updating learning rate to 5.5773454924116216e-05
	iters: 100, epoch: 22 | loss: 0.2272272
	speed: 0.3826s/iter; left time: 8002.9811s
	iters: 200, epoch: 22 | loss: 0.2093067
	speed: 0.1609s/iter; left time: 3349.5474s
Epoch: 22 cost time: 43.39072394371033
Epoch: 22, Steps: 266 | Train Loss: 0.2046981 Vali Loss: 0.3824262 Test Loss: 0.3097565
EarlyStopping counter: 5 out of 20
Updating learning rate to 5.95165539071495e-05
	iters: 100, epoch: 23 | loss: 0.1723792
	speed: 0.3742s/iter; left time: 7725.8388s
	iters: 200, epoch: 23 | loss: 0.1908279
	speed: 0.1571s/iter; left time: 3229.0058s
Epoch: 23 cost time: 41.97815752029419
Epoch: 23, Steps: 266 | Train Loss: 0.2005850 Vali Loss: 0.3864589 Test Loss: 0.3137260
EarlyStopping counter: 6 out of 20
Updating learning rate to 6.321330212817643e-05
	iters: 100, epoch: 24 | loss: 0.2084230
	speed: 0.3641s/iter; left time: 7421.1836s
	iters: 200, epoch: 24 | loss: 0.2042029
	speed: 0.1563s/iter; left time: 3169.4911s
Epoch: 24 cost time: 41.62762427330017
Epoch: 24, Steps: 266 | Train Loss: 0.1963775 Vali Loss: 0.3938894 Test Loss: 0.3094387
EarlyStopping counter: 7 out of 20
Updating learning rate to 6.684090362256924e-05
	iters: 100, epoch: 25 | loss: 0.1801515
	speed: 0.3677s/iter; left time: 7397.6148s
	iters: 200, epoch: 25 | loss: 0.1889223
	speed: 0.1564s/iter; left time: 3130.5712s
Epoch: 25 cost time: 43.30530261993408
Epoch: 25, Steps: 266 | Train Loss: 0.1923671 Vali Loss: 0.3900282 Test Loss: 0.3169000
EarlyStopping counter: 8 out of 20
Updating learning rate to 7.037698881836747e-05
	iters: 100, epoch: 26 | loss: 0.1994630
	speed: 0.3809s/iter; left time: 7561.8695s
	iters: 200, epoch: 26 | loss: 0.1860357
	speed: 0.1561s/iter; left time: 3083.4743s
Epoch: 26 cost time: 42.137144565582275
Epoch: 26, Steps: 266 | Train Loss: 0.1884277 Vali Loss: 0.3931878 Test Loss: 0.3158980
EarlyStopping counter: 9 out of 20
Updating learning rate to 7.379975247804219e-05
	iters: 100, epoch: 27 | loss: 0.1754345
	speed: 0.3670s/iter; left time: 7188.1146s
	iters: 200, epoch: 27 | loss: 0.1865329
	speed: 0.1596s/iter; left time: 3110.7775s
Epoch: 27 cost time: 41.417816162109375
Epoch: 27, Steps: 266 | Train Loss: 0.1846140 Vali Loss: 0.4014513 Test Loss: 0.3292958
EarlyStopping counter: 10 out of 20
Updating learning rate to 7.70880881602968e-05
	iters: 100, epoch: 28 | loss: 0.1868880
	speed: 0.3675s/iter; left time: 7099.0870s
	iters: 200, epoch: 28 | loss: 0.1656521
	speed: 0.1620s/iter; left time: 3113.1268s
Epoch: 28 cost time: 42.61035680770874
Epoch: 28, Steps: 266 | Train Loss: 0.1807904 Vali Loss: 0.4030975 Test Loss: 0.3253723
EarlyStopping counter: 11 out of 20
Updating learning rate to 8.02217183727475e-05
	iters: 100, epoch: 29 | loss: 0.1904139
	speed: 0.3680s/iter; left time: 7012.3706s
	iters: 200, epoch: 29 | loss: 0.1589942
	speed: 0.1616s/iter; left time: 3062.8247s
Epoch: 29 cost time: 41.596431016922
Epoch: 29, Steps: 266 | Train Loss: 0.1763472 Vali Loss: 0.4026460 Test Loss: 0.3282763
EarlyStopping counter: 12 out of 20
Updating learning rate to 8.318131961289731e-05
	iters: 100, epoch: 30 | loss: 0.1879572
	speed: 0.3652s/iter; left time: 6860.2518s
	iters: 200, epoch: 30 | loss: 0.1689759
	speed: 0.1570s/iter; left time: 2934.0777s
Epoch: 30 cost time: 42.20417904853821
Epoch: 30, Steps: 266 | Train Loss: 0.1726448 Vali Loss: 0.4114397 Test Loss: 0.3269397
EarlyStopping counter: 13 out of 20
Updating learning rate to 8.59486415263404e-05
	iters: 100, epoch: 31 | loss: 0.1664128
	speed: 0.3702s/iter; left time: 6855.9980s
	iters: 200, epoch: 31 | loss: 0.1675154
	speed: 0.1632s/iter; left time: 3007.0486s
Epoch: 31 cost time: 42.69226408004761
Epoch: 31, Steps: 266 | Train Loss: 0.1687558 Vali Loss: 0.4154002 Test Loss: 0.3305077
EarlyStopping counter: 14 out of 20
Updating learning rate to 8.850661944740828e-05
	iters: 100, epoch: 32 | loss: 0.1599458
	speed: 0.3694s/iter; left time: 6743.6897s
	iters: 200, epoch: 32 | loss: 0.1663987
	speed: 0.1533s/iter; left time: 2782.9429s
Epoch: 32 cost time: 42.72523736953735
Epoch: 32, Steps: 266 | Train Loss: 0.1649973 Vali Loss: 0.4152832 Test Loss: 0.3343278
EarlyStopping counter: 15 out of 20
Updating learning rate to 9.083947962827694e-05
	iters: 100, epoch: 33 | loss: 0.1713537
	speed: 0.3822s/iter; left time: 6874.5974s
	iters: 200, epoch: 33 | loss: 0.1475974
	speed: 0.1560s/iter; left time: 2791.5026s
Epoch: 33 cost time: 42.61342668533325
Epoch: 33, Steps: 266 | Train Loss: 0.1612039 Vali Loss: 0.4201627 Test Loss: 0.3370806
EarlyStopping counter: 16 out of 20
Updating learning rate to 9.293283650764084e-05
	iters: 100, epoch: 34 | loss: 0.1578259
	speed: 0.3668s/iter; left time: 6500.9016s
	iters: 200, epoch: 34 | loss: 0.1524625
	speed: 0.1605s/iter; left time: 2829.3006s
Epoch: 34 cost time: 41.95554780960083
Epoch: 34, Steps: 266 | Train Loss: 0.1573436 Vali Loss: 0.4284968 Test Loss: 0.3376727
EarlyStopping counter: 17 out of 20
Updating learning rate to 9.477378141914727e-05
	iters: 100, epoch: 35 | loss: 0.1512422
	speed: 0.3595s/iter; left time: 6276.3779s
	iters: 200, epoch: 35 | loss: 0.1482082
	speed: 0.1587s/iter; left time: 2754.7328s
Epoch: 35 cost time: 42.168466091156006
Epoch: 35, Steps: 266 | Train Loss: 0.1536896 Vali Loss: 0.4349328 Test Loss: 0.3372894
EarlyStopping counter: 18 out of 20
Updating learning rate to 9.635096219257111e-05
	iters: 100, epoch: 36 | loss: 0.1336459
	speed: 0.3740s/iter; left time: 6430.0862s
	iters: 200, epoch: 36 | loss: 0.1477433
	speed: 0.1678s/iter; left time: 2867.4785s
Epoch: 36 cost time: 41.87297463417053
Epoch: 36, Steps: 266 | Train Loss: 0.1500349 Vali Loss: 0.4331586 Test Loss: 0.3375908
EarlyStopping counter: 19 out of 20
Updating learning rate to 9.765465315687045e-05
	iters: 100, epoch: 37 | loss: 0.1520674
	speed: 0.3646s/iter; left time: 6170.9380s
	iters: 200, epoch: 37 | loss: 0.1516403
	speed: 0.1657s/iter; left time: 2787.3703s
Epoch: 37 cost time: 41.870795011520386
Epoch: 37, Steps: 266 | Train Loss: 0.1469067 Vali Loss: 0.4448828 Test Loss: 0.3397868
EarlyStopping counter: 20 out of 20
Early stopping
>>>>>>>testing : CMS3_ettm1_336_96_PatchTST_ETTm1_ftM_sl336_ll48_pl96_dm128_nh16_el3_dl1_df256_fc1_ebtimeF_dtTrue_Exp_0<<<<<<<<<<<<<<<<<<<<<<<<<<<<<<<<<
test 11425
mse:0.30463582277297974, mae:0.3534894585609436, rse:0.5250226259231567
Args in experiment:
Namespace(random_seed=2021, is_training=1, model_id='CMS3_ettm1_336_192', model='PatchTST', data='ETTm1', root_path='./dataset/', data_path='ETTm1.csv', features='M', target='OT', freq='h', checkpoints='./checkpoints/', seq_len=336, label_len=48, pred_len=192, head_type='cms3', fc_dropout=0.2, head_dropout=0.0, patch_len=16, stride=8, padding_patch='end', revin=1, affine=0, subtract_last=0, decomposition=0, kernel_size=25, individual=0, embed_type=0, enc_in=7, dec_in=7, c_out=7, d_model=128, n_heads=16, e_layers=3, d_layers=1, d_ff=256, moving_avg=25, factor=1, distil=True, dropout=0.2, embed='timeF', activation='gelu', output_attention=False, do_predict=False, num_workers=0, itr=1, train_epochs=100, batch_size=128, patience=20, learning_rate=0.0001, des='Exp', loss='mse', lradj='TST', pct_start=0.4, use_amp=False, use_gpu=True, gpu=0, use_multi_gpu=False, devices='0,1,2,3', test_flop=False)
Use GPU: cuda:0
>>>>>>>start training : CMS3_ettm1_336_192_PatchTST_ETTm1_ftM_sl336_ll48_pl192_dm128_nh16_el3_dl1_df256_fc1_ebtimeF_dtTrue_Exp_0>>>>>>>>>>>>>>>>>>>>>>>>>>
train 34033
val 11329
test 11329
	iters: 100, epoch: 1 | loss: 0.4839016
	speed: 0.1032s/iter; left time: 2725.3322s
	iters: 200, epoch: 1 | loss: 0.5178638
	speed: 0.1156s/iter; left time: 3040.3388s
Epoch: 1 cost time: 27.859227418899536
Epoch: 1, Steps: 265 | Train Loss: 0.5003792 Vali Loss: 0.9196815 Test Loss: 0.6408561
Validation loss decreased (inf --> 0.919682).  Saving model ...
Updating learning rate to 4.147995888890545e-06
	iters: 100, epoch: 2 | loss: 0.5165516
	speed: 0.3409s/iter; left time: 8909.0588s
	iters: 200, epoch: 2 | loss: 0.5223215
	speed: 0.1627s/iter; left time: 4236.2249s
Epoch: 2 cost time: 41.54589080810547
Epoch: 2, Steps: 265 | Train Loss: 0.4789932 Vali Loss: 0.8806280 Test Loss: 0.6148575
Validation loss decreased (0.919682 --> 0.880628).  Saving model ...
Updating learning rate to 4.591070939598485e-06
	iters: 100, epoch: 3 | loss: 0.4314753
	speed: 0.3728s/iter; left time: 9645.3458s
	iters: 200, epoch: 3 | loss: 0.4278553
	speed: 0.1641s/iter; left time: 4228.6699s
Epoch: 3 cost time: 43.79432964324951
Epoch: 3, Steps: 265 | Train Loss: 0.4649975 Vali Loss: 0.8492035 Test Loss: 0.5936539
Validation loss decreased (0.880628 --> 0.849204).  Saving model ...
Updating learning rate to 5.326492931874866e-06
	iters: 100, epoch: 4 | loss: 0.4451933
	speed: 0.3725s/iter; left time: 9537.0715s
	iters: 200, epoch: 4 | loss: 0.4339312
	speed: 0.1562s/iter; left time: 3985.0727s
Epoch: 4 cost time: 42.737671852111816
Epoch: 4, Steps: 265 | Train Loss: 0.4515410 Vali Loss: 0.8167481 Test Loss: 0.5708559
Validation loss decreased (0.849204 --> 0.816748).  Saving model ...
Updating learning rate to 6.349726889409005e-06
	iters: 100, epoch: 5 | loss: 0.4179747
	speed: 0.3672s/iter; left time: 9304.9088s
	iters: 200, epoch: 5 | loss: 0.4139835
	speed: 0.1587s/iter; left time: 4006.1965s
Epoch: 5 cost time: 42.01988911628723
Epoch: 5, Steps: 265 | Train Loss: 0.4365629 Vali Loss: 0.7784287 Test Loss: 0.5441697
Validation loss decreased (0.816748 --> 0.778429).  Saving model ...
Updating learning rate to 7.654463044738896e-06
	iters: 100, epoch: 6 | loss: 0.4088673
	speed: 0.3631s/iter; left time: 9104.7199s
	iters: 200, epoch: 6 | loss: 0.4355741
	speed: 0.1527s/iter; left time: 3813.1692s
Epoch: 6 cost time: 40.4617600440979
Epoch: 6, Steps: 265 | Train Loss: 0.4187317 Vali Loss: 0.7320390 Test Loss: 0.5131995
Validation loss decreased (0.778429 --> 0.732039).  Saving model ...
Updating learning rate to 9.232655748403029e-06
	iters: 100, epoch: 7 | loss: 0.3918459
	speed: 0.3585s/iter; left time: 8894.6149s
	iters: 200, epoch: 7 | loss: 0.3545266
	speed: 0.1563s/iter; left time: 3862.5594s
Epoch: 7 cost time: 41.44857096672058
Epoch: 7, Steps: 265 | Train Loss: 0.3976562 Vali Loss: 0.6771339 Test Loss: 0.4787734
Validation loss decreased (0.732039 --> 0.677134).  Saving model ...
Updating learning rate to 1.107457308240065e-05
	iters: 100, epoch: 8 | loss: 0.3692220
	speed: 0.3588s/iter; left time: 8806.9918s
	iters: 200, epoch: 8 | loss: 0.3560511
	speed: 0.1515s/iter; left time: 3704.0630s
Epoch: 8 cost time: 40.16992473602295
Epoch: 8, Steps: 265 | Train Loss: 0.3740284 Vali Loss: 0.6211538 Test Loss: 0.4425245
Validation loss decreased (0.677134 --> 0.621154).  Saving model ...
Updating learning rate to 1.3168856872018862e-05
	iters: 100, epoch: 9 | loss: 0.3847550
	speed: 0.3622s/iter; left time: 8793.5193s
	iters: 200, epoch: 9 | loss: 0.3554704
	speed: 0.1538s/iter; left time: 3718.8754s
Epoch: 9 cost time: 41.052112340927124
Epoch: 9, Steps: 265 | Train Loss: 0.3506920 Vali Loss: 0.5704946 Test Loss: 0.4118675
Validation loss decreased (0.621154 --> 0.570495).  Saving model ...
Updating learning rate to 1.550259272596464e-05
	iters: 100, epoch: 10 | loss: 0.3358149
	speed: 0.3699s/iter; left time: 8884.5550s
	iters: 200, epoch: 10 | loss: 0.3386489
	speed: 0.1614s/iter; left time: 3859.8158s
Epoch: 10 cost time: 42.478063344955444
Epoch: 10, Steps: 265 | Train Loss: 0.3320266 Vali Loss: 0.5376928 Test Loss: 0.3909852
Validation loss decreased (0.570495 --> 0.537693).  Saving model ...
Updating learning rate to 1.806138967289881e-05
	iters: 100, epoch: 11 | loss: 0.2860889
	speed: 0.3617s/iter; left time: 8589.8988s
	iters: 200, epoch: 11 | loss: 0.3066032
	speed: 0.1578s/iter; left time: 3731.6938s
Epoch: 11 cost time: 42.19828820228577
Epoch: 11, Steps: 265 | Train Loss: 0.3187343 Vali Loss: 0.5166162 Test Loss: 0.3742282
Validation loss decreased (0.537693 --> 0.516616).  Saving model ...
Updating learning rate to 2.0829468903294163e-05
	iters: 100, epoch: 12 | loss: 0.3426610
	speed: 0.3662s/iter; left time: 8600.1759s
	iters: 200, epoch: 12 | loss: 0.2874577
	speed: 0.1446s/iter; left time: 3382.1785s
Epoch: 12 cost time: 41.65237212181091
Epoch: 12, Steps: 265 | Train Loss: 0.3088567 Vali Loss: 0.5049273 Test Loss: 0.3638369
Validation loss decreased (0.516616 --> 0.504927).  Saving model ...
Updating learning rate to 2.3789761069391508e-05
	iters: 100, epoch: 13 | loss: 0.2913277
	speed: 0.3771s/iter; left time: 8757.4275s
	iters: 200, epoch: 13 | loss: 0.2869406
	speed: 0.1474s/iter; left time: 3407.1687s
Epoch: 13 cost time: 41.81277394294739
Epoch: 13, Steps: 265 | Train Loss: 0.3010567 Vali Loss: 0.4981211 Test Loss: 0.3552138
Validation loss decreased (0.504927 --> 0.498121).  Saving model ...
Updating learning rate to 2.692401154325343e-05
	iters: 100, epoch: 14 | loss: 0.2957673
	speed: 0.3631s/iter; left time: 8335.8209s
	iters: 200, epoch: 14 | loss: 0.2836491
	speed: 0.1696s/iter; left time: 3875.4275s
Epoch: 14 cost time: 42.030200481414795
Epoch: 14, Steps: 265 | Train Loss: 0.2951233 Vali Loss: 0.4901994 Test Loss: 0.3516107
Validation loss decreased (0.498121 --> 0.490199).  Saving model ...
Updating learning rate to 3.0212892983843068e-05
	iters: 100, epoch: 15 | loss: 0.3061144
	speed: 0.3625s/iter; left time: 8224.3875s
	iters: 200, epoch: 15 | loss: 0.2867899
	speed: 0.1611s/iter; left time: 3640.2456s
Epoch: 15 cost time: 42.32737612724304
Epoch: 15, Steps: 265 | Train Loss: 0.2901472 Vali Loss: 0.4883608 Test Loss: 0.3491947
Validation loss decreased (0.490199 --> 0.488361).  Saving model ...
Updating learning rate to 3.3636124518983084e-05
	iters: 100, epoch: 16 | loss: 0.2936720
	speed: 0.3559s/iter; left time: 7982.1804s
	iters: 200, epoch: 16 | loss: 0.2672320
	speed: 0.1583s/iter; left time: 3534.5611s
Epoch: 16 cost time: 41.36578869819641
Epoch: 16, Steps: 265 | Train Loss: 0.2855108 Vali Loss: 0.4911121 Test Loss: 0.3491017
EarlyStopping counter: 1 out of 20
Updating learning rate to 3.717259680726015e-05
	iters: 100, epoch: 17 | loss: 0.2714320
	speed: 0.3696s/iter; left time: 8190.1941s
	iters: 200, epoch: 17 | loss: 0.2658322
	speed: 0.1547s/iter; left time: 3413.4862s
Epoch: 17 cost time: 41.799163579940796
Epoch: 17, Steps: 265 | Train Loss: 0.2804456 Vali Loss: 0.4881965 Test Loss: 0.3505109
Validation loss decreased (0.488361 --> 0.488196).  Saving model ...
Updating learning rate to 4.080050220868085e-05
	iters: 100, epoch: 18 | loss: 0.3020837
	speed: 0.3609s/iter; left time: 7901.5349s
	iters: 200, epoch: 18 | loss: 0.2600510
	speed: 0.1588s/iter; left time: 3460.7747s
Epoch: 18 cost time: 40.621985912323
Epoch: 18, Steps: 265 | Train Loss: 0.2756988 Vali Loss: 0.4914360 Test Loss: 0.3463957
EarlyStopping counter: 1 out of 20
Updating learning rate to 4.449746926138297e-05
	iters: 100, epoch: 19 | loss: 0.2534978
	speed: 0.3614s/iter; left time: 7816.9694s
	iters: 200, epoch: 19 | loss: 0.2900755
	speed: 0.1610s/iter; left time: 3466.1663s
Epoch: 19 cost time: 41.057462215423584
Epoch: 19, Steps: 265 | Train Loss: 0.2707190 Vali Loss: 0.4971446 Test Loss: 0.3468873
EarlyStopping counter: 2 out of 20
Updating learning rate to 4.824070063515135e-05
	iters: 100, epoch: 20 | loss: 0.2498747
	speed: 0.3492s/iter; left time: 7461.5165s
	iters: 200, epoch: 20 | loss: 0.2681584
	speed: 0.1566s/iter; left time: 3329.3106s
Epoch: 20 cost time: 40.04425263404846
Epoch: 20, Steps: 265 | Train Loss: 0.2655636 Vali Loss: 0.4957743 Test Loss: 0.3457144
EarlyStopping counter: 3 out of 20
Updating learning rate to 5.200711371104918e-05
	iters: 100, epoch: 21 | loss: 0.2735836
	speed: 0.3278s/iter; left time: 6916.8782s
	iters: 200, epoch: 21 | loss: 0.2679617
	speed: 0.1385s/iter; left time: 2908.9891s
Epoch: 21 cost time: 37.734123945236206
Epoch: 21, Steps: 265 | Train Loss: 0.2605428 Vali Loss: 0.5013993 Test Loss: 0.3484441
EarlyStopping counter: 4 out of 20
Updating learning rate to 5.577348292028073e-05
	iters: 100, epoch: 22 | loss: 0.2282434
	speed: 0.3260s/iter; left time: 6791.7815s
	iters: 200, epoch: 22 | loss: 0.2560926
	speed: 0.1336s/iter; left time: 2771.0452s
Epoch: 22 cost time: 35.9964714050293
Epoch: 22, Steps: 265 | Train Loss: 0.2555556 Vali Loss: 0.5035565 Test Loss: 0.3479660
EarlyStopping counter: 5 out of 20
Updating learning rate to 5.9516582964553954e-05
	iters: 100, epoch: 23 | loss: 0.2587804
	speed: 0.2988s/iter; left time: 6147.4454s
	iters: 200, epoch: 23 | loss: 0.2528810
	speed: 0.1275s/iter; left time: 2609.1453s
Epoch: 23 cost time: 34.289332151412964
Epoch: 23, Steps: 265 | Train Loss: 0.2504721 Vali Loss: 0.5080534 Test Loss: 0.3511472
EarlyStopping counter: 6 out of 20
Updating learning rate to 6.321333203477474e-05
	iters: 100, epoch: 24 | loss: 0.2438505
	speed: 0.2872s/iter; left time: 5831.6296s
	iters: 200, epoch: 24 | loss: 0.2464929
	speed: 0.1242s/iter; left time: 2508.7072s
Epoch: 24 cost time: 33.13613796234131
Epoch: 24, Steps: 265 | Train Loss: 0.2457921 Vali Loss: 0.5126631 Test Loss: 0.3558452
EarlyStopping counter: 7 out of 20
Updating learning rate to 6.684093414491588e-05
	iters: 100, epoch: 25 | loss: 0.2515779
	speed: 0.2818s/iter; left time: 5647.1309s
	iters: 200, epoch: 25 | loss: 0.2671083
	speed: 0.1193s/iter; left time: 2379.6594s
Epoch: 25 cost time: 31.78185510635376
Epoch: 25, Steps: 265 | Train Loss: 0.2407294 Vali Loss: 0.5145087 Test Loss: 0.3597088
EarlyStopping counter: 8 out of 20
Updating learning rate to 7.037701970335941e-05
	iters: 100, epoch: 26 | loss: 0.2367800
	speed: 0.2806s/iter; left time: 5549.1503s
	iters: 200, epoch: 26 | loss: 0.2336984
	speed: 0.1070s/iter; left time: 2105.7176s
Epoch: 26 cost time: 30.972363710403442
Epoch: 26, Steps: 265 | Train Loss: 0.2358983 Vali Loss: 0.5165058 Test Loss: 0.3569066
EarlyStopping counter: 9 out of 20
Updating learning rate to 7.379978345487968e-05
	iters: 100, epoch: 27 | loss: 0.2509795
	speed: 0.2786s/iter; left time: 5435.4851s
	iters: 200, epoch: 27 | loss: 0.2312321
	speed: 0.1127s/iter; left time: 2187.4239s
Epoch: 27 cost time: 30.102871417999268
Epoch: 27, Steps: 265 | Train Loss: 0.2310127 Vali Loss: 0.5278533 Test Loss: 0.3635545
EarlyStopping counter: 10 out of 20
Updating learning rate to 7.70881189426489e-05
	iters: 100, epoch: 28 | loss: 0.2393752
	speed: 0.2615s/iter; left time: 5032.7326s
	iters: 200, epoch: 28 | loss: 0.2113497
	speed: 0.1087s/iter; left time: 2081.9951s
Epoch: 28 cost time: 30.107592344284058
Epoch: 28, Steps: 265 | Train Loss: 0.2263425 Vali Loss: 0.5304846 Test Loss: 0.3673313
EarlyStopping counter: 11 out of 20
Updating learning rate to 8.022174866110521e-05
	iters: 100, epoch: 29 | loss: 0.2132010
	speed: 0.2703s/iter; left time: 5131.0730s
	iters: 200, epoch: 29 | loss: 0.2151770
	speed: 0.1090s/iter; left time: 2057.7409s
Epoch: 29 cost time: 29.749195337295532
Epoch: 29, Steps: 265 | Train Loss: 0.2218437 Vali Loss: 0.5347478 Test Loss: 0.3684299
EarlyStopping counter: 12 out of 20
Updating learning rate to 8.318134909709714e-05
	iters: 100, epoch: 30 | loss: 0.2070199
	speed: 0.2479s/iter; left time: 4639.3009s
	iters: 200, epoch: 30 | loss: 0.2136790
	speed: 0.1173s/iter; left time: 2183.6405s
Epoch: 30 cost time: 29.360289812088013
Epoch: 30, Steps: 265 | Train Loss: 0.2171515 Vali Loss: 0.5396793 Test Loss: 0.3717028
EarlyStopping counter: 13 out of 20
Updating learning rate to 8.594866988823775e-05
	iters: 100, epoch: 31 | loss: 0.2045918
	speed: 0.2547s/iter; left time: 4699.5115s
	iters: 200, epoch: 31 | loss: 0.2033461
	speed: 0.1168s/iter; left time: 2144.0918s
Epoch: 31 cost time: 29.465125560760498
Epoch: 31, Steps: 265 | Train Loss: 0.2128037 Vali Loss: 0.5421477 Test Loss: 0.3742459
EarlyStopping counter: 14 out of 20
Updating learning rate to 8.850664636367998e-05
	iters: 100, epoch: 32 | loss: 0.2150611
	speed: 0.2559s/iter; left time: 4653.7496s
	iters: 200, epoch: 32 | loss: 0.2158340
	speed: 0.0992s/iter; left time: 1793.5385s
Epoch: 32 cost time: 26.484553337097168
Epoch: 32, Steps: 265 | Train Loss: 0.2084632 Vali Loss: 0.5504905 Test Loss: 0.3805028
EarlyStopping counter: 15 out of 20
Updating learning rate to 9.083950477333033e-05
	iters: 100, epoch: 33 | loss: 0.2156642
	speed: 0.2422s/iter; left time: 4339.6787s
	iters: 200, epoch: 33 | loss: 0.1877580
	speed: 0.1040s/iter; left time: 1854.2508s
Epoch: 33 cost time: 27.816959381103516
Epoch: 33, Steps: 265 | Train Loss: 0.2045166 Vali Loss: 0.5565308 Test Loss: 0.3804205
EarlyStopping counter: 16 out of 20
Updating learning rate to 9.293285955660577e-05
	iters: 100, epoch: 34 | loss: 0.2162650
	speed: 0.2521s/iter; left time: 4450.5734s
	iters: 200, epoch: 34 | loss: 0.1975893
	speed: 0.1120s/iter; left time: 1966.0965s
Epoch: 34 cost time: 29.630741119384766
Epoch: 34, Steps: 265 | Train Loss: 0.2003923 Vali Loss: 0.5709598 Test Loss: 0.3828167
EarlyStopping counter: 17 out of 20
Updating learning rate to 9.477380205092656e-05
	iters: 100, epoch: 35 | loss: 0.2017290
	speed: 0.2397s/iter; left time: 4168.0948s
	iters: 200, epoch: 35 | loss: 0.1926727
	speed: 0.1096s/iter; left time: 1895.3911s
Epoch: 35 cost time: 28.6689875125885
Epoch: 35, Steps: 265 | Train Loss: 0.1966271 Vali Loss: 0.5771578 Test Loss: 0.3888981
EarlyStopping counter: 18 out of 20
Updating learning rate to 9.635098009292423e-05
	iters: 100, epoch: 36 | loss: 0.1789931
	speed: 0.2644s/iter; left time: 4528.1689s
	iters: 200, epoch: 36 | loss: 0.2060228
	speed: 0.1209s/iter; left time: 2058.2920s
Epoch: 36 cost time: 31.662582397460938
Epoch: 36, Steps: 265 | Train Loss: 0.1930177 Vali Loss: 0.5654825 Test Loss: 0.3888747
EarlyStopping counter: 19 out of 20
Updating learning rate to 9.765466802150444e-05
	iters: 100, epoch: 37 | loss: 0.1838583
	speed: 0.2780s/iter; left time: 4688.1127s
	iters: 200, epoch: 37 | loss: 0.2049952
	speed: 0.1212s/iter; left time: 2030.9580s
Epoch: 37 cost time: 34.11835551261902
Epoch: 37, Steps: 265 | Train Loss: 0.1893665 Vali Loss: 0.5769138 Test Loss: 0.3941592
EarlyStopping counter: 20 out of 20
Early stopping
>>>>>>>testing : CMS3_ettm1_336_192_PatchTST_ETTm1_ftM_sl336_ll48_pl192_dm128_nh16_el3_dl1_df256_fc1_ebtimeF_dtTrue_Exp_0<<<<<<<<<<<<<<<<<<<<<<<<<<<<<<<<<
test 11329
mse:0.3534584641456604, mae:0.38714373111724854, rse:0.565475344657898
Args in experiment:
Namespace(random_seed=2021, is_training=1, model_id='CMS3_ettm1_336_336', model='PatchTST', data='ETTm1', root_path='./dataset/', data_path='ETTm1.csv', features='M', target='OT', freq='h', checkpoints='./checkpoints/', seq_len=336, label_len=48, pred_len=336, head_type='cms3', fc_dropout=0.2, head_dropout=0.0, patch_len=16, stride=8, padding_patch='end', revin=1, affine=0, subtract_last=0, decomposition=0, kernel_size=25, individual=0, embed_type=0, enc_in=7, dec_in=7, c_out=7, d_model=128, n_heads=16, e_layers=3, d_layers=1, d_ff=256, moving_avg=25, factor=1, distil=True, dropout=0.2, embed='timeF', activation='gelu', output_attention=False, do_predict=False, num_workers=0, itr=1, train_epochs=100, batch_size=128, patience=20, learning_rate=0.0001, des='Exp', loss='mse', lradj='TST', pct_start=0.4, use_amp=False, use_gpu=True, gpu=0, use_multi_gpu=False, devices='0,1,2,3', test_flop=False)
Use GPU: cuda:0
>>>>>>>start training : CMS3_ettm1_336_336_PatchTST_ETTm1_ftM_sl336_ll48_pl336_dm128_nh16_el3_dl1_df256_fc1_ebtimeF_dtTrue_Exp_0>>>>>>>>>>>>>>>>>>>>>>>>>>
train 33889
val 11185
test 11185
	iters: 100, epoch: 1 | loss: 0.5317885
	speed: 0.0843s/iter; left time: 2216.6737s
	iters: 200, epoch: 1 | loss: 0.5271836
	speed: 0.0542s/iter; left time: 1419.7831s
Epoch: 1 cost time: 14.898333549499512
Epoch: 1, Steps: 264 | Train Loss: 0.5342272 Vali Loss: 1.0584079 Test Loss: 0.6735897
Validation loss decreased (inf --> 1.058408).  Saving model ...
Updating learning rate to 4.147995994617984e-06
	iters: 100, epoch: 2 | loss: 0.5089378
	speed: 0.1736s/iter; left time: 4519.2311s
	iters: 200, epoch: 2 | loss: 0.4939740
	speed: 0.0924s/iter; left time: 2396.9747s
Epoch: 2 cost time: 24.029387712478638
Epoch: 2, Steps: 264 | Train Loss: 0.5213372 Vali Loss: 1.0351489 Test Loss: 0.6569802
Validation loss decreased (1.058408 --> 1.035149).  Saving model ...
Updating learning rate to 4.591071361204269e-06
	iters: 100, epoch: 3 | loss: 0.5058603
	speed: 0.2575s/iter; left time: 6637.1440s
	iters: 200, epoch: 3 | loss: 0.5419347
	speed: 0.1280s/iter; left time: 3285.9757s
Epoch: 3 cost time: 33.55563163757324
Epoch: 3, Steps: 264 | Train Loss: 0.5118436 Vali Loss: 1.0127792 Test Loss: 0.6399660
Validation loss decreased (1.035149 --> 1.012779).  Saving model ...
Updating learning rate to 5.3264938756102174e-06
	iters: 100, epoch: 4 | loss: 0.4994296
	speed: 0.3009s/iter; left time: 7674.5682s
	iters: 200, epoch: 4 | loss: 0.4583229
	speed: 0.1364s/iter; left time: 3465.1929s
Epoch: 4 cost time: 36.53237009048462
Epoch: 4, Steps: 264 | Train Loss: 0.5014705 Vali Loss: 0.9861231 Test Loss: 0.6204444
Validation loss decreased (1.012779 --> 0.986123).  Saving model ...
Updating learning rate to 6.349728555065631e-06
	iters: 100, epoch: 5 | loss: 0.5224320
	speed: 0.3192s/iter; left time: 8058.1576s
	iters: 200, epoch: 5 | loss: 0.4615463
	speed: 0.1501s/iter; left time: 3774.5128s
Epoch: 5 cost time: 37.45350623130798
Epoch: 5, Steps: 264 | Train Loss: 0.4889054 Vali Loss: 0.9536449 Test Loss: 0.5968453
Validation loss decreased (0.986123 --> 0.953645).  Saving model ...
Updating learning rate to 7.654465623149092e-06
	iters: 100, epoch: 6 | loss: 0.4698965
	speed: 0.3234s/iter; left time: 8079.0986s
	iters: 200, epoch: 6 | loss: 0.4622163
	speed: 0.1465s/iter; left time: 3644.7878s
Epoch: 6 cost time: 38.67278289794922
Epoch: 6, Steps: 264 | Train Loss: 0.4738685 Vali Loss: 0.9133731 Test Loss: 0.5683339
Validation loss decreased (0.953645 --> 0.913373).  Saving model ...
Updating learning rate to 9.232659419022894e-06
	iters: 100, epoch: 7 | loss: 0.4499954
	speed: 0.3361s/iter; left time: 8306.2521s
	iters: 200, epoch: 7 | loss: 0.4630677
	speed: 0.1476s/iter; left time: 3632.7056s
Epoch: 7 cost time: 39.19595384597778
Epoch: 7, Steps: 264 | Train Loss: 0.4556287 Vali Loss: 0.8656358 Test Loss: 0.5357507
Validation loss decreased (0.913373 --> 0.865636).  Saving model ...
Updating learning rate to 1.1074578010998666e-05
	iters: 100, epoch: 8 | loss: 0.3958112
	speed: 0.3310s/iter; left time: 8093.3536s
	iters: 200, epoch: 8 | loss: 0.4283220
	speed: 0.1523s/iter; left time: 3710.1690s
Epoch: 8 cost time: 39.1134979724884
Epoch: 8, Steps: 264 | Train Loss: 0.4343434 Vali Loss: 0.8118926 Test Loss: 0.4998888
Validation loss decreased (0.865636 --> 0.811893).  Saving model ...
Updating learning rate to 1.3168863208492038e-05
	iters: 100, epoch: 9 | loss: 0.3923822
	speed: 0.3452s/iter; left time: 8350.9813s
	iters: 200, epoch: 9 | loss: 0.4035440
	speed: 0.1479s/iter; left time: 3561.9535s
Epoch: 9 cost time: 39.260326862335205
Epoch: 9, Steps: 264 | Train Loss: 0.4110996 Vali Loss: 0.7552546 Test Loss: 0.4667564
Validation loss decreased (0.811893 --> 0.755255).  Saving model ...
Updating learning rate to 1.5502600602302323e-05
	iters: 100, epoch: 10 | loss: 0.4072697
	speed: 0.3410s/iter; left time: 8158.6003s
	iters: 200, epoch: 10 | loss: 0.3425089
	speed: 0.1481s/iter; left time: 3528.8187s
Epoch: 10 cost time: 38.44459772109985
Epoch: 10, Steps: 264 | Train Loss: 0.3892307 Vali Loss: 0.7070089 Test Loss: 0.4388635
Validation loss decreased (0.755255 --> 0.707009).  Saving model ...
Updating learning rate to 1.8061399201313948e-05
	iters: 100, epoch: 11 | loss: 0.3261108
	speed: 0.3514s/iter; left time: 8314.2872s
	iters: 200, epoch: 11 | loss: 0.3465061
	speed: 0.1546s/iter; left time: 3643.6109s
Epoch: 11 cost time: 39.62339782714844
Epoch: 11, Steps: 264 | Train Loss: 0.3715315 Vali Loss: 0.6768849 Test Loss: 0.4174381
Validation loss decreased (0.707009 --> 0.676885).  Saving model ...
Updating learning rate to 2.08294801745399e-05
	iters: 100, epoch: 12 | loss: 0.3940511
	speed: 0.3563s/iter; left time: 8337.4851s
	iters: 200, epoch: 12 | loss: 0.3763035
	speed: 0.1493s/iter; left time: 3477.9605s
Epoch: 12 cost time: 40.404547691345215
Epoch: 12, Steps: 264 | Train Loss: 0.3581698 Vali Loss: 0.6545416 Test Loss: 0.4016209
Validation loss decreased (0.676885 --> 0.654542).  Saving model ...
Updating learning rate to 2.378977415127951e-05
	iters: 100, epoch: 13 | loss: 0.3377921
	speed: 0.3604s/iter; left time: 8336.3284s
	iters: 200, epoch: 13 | loss: 0.3124338
	speed: 0.1516s/iter; left time: 3492.4852s
Epoch: 13 cost time: 41.09681677818298
Epoch: 13, Steps: 264 | Train Loss: 0.3485522 Vali Loss: 0.6445805 Test Loss: 0.3912773
Validation loss decreased (0.654542 --> 0.644581).  Saving model ...
Updating learning rate to 2.6924026479389104e-05
	iters: 100, epoch: 14 | loss: 0.3659975
	speed: 0.3591s/iter; left time: 8212.6790s
	iters: 200, epoch: 14 | loss: 0.3493307
	speed: 0.1487s/iter; left time: 3386.3015s
Epoch: 14 cost time: 40.647741079330444
Epoch: 14, Steps: 264 | Train Loss: 0.3417528 Vali Loss: 0.6374723 Test Loss: 0.3866907
Validation loss decreased (0.644581 --> 0.637472).  Saving model ...
Updating learning rate to 3.0212909792590238e-05
	iters: 100, epoch: 15 | loss: 0.3487503
	speed: 0.3577s/iter; left time: 8085.4548s
	iters: 200, epoch: 15 | loss: 0.3664199
	speed: 0.1576s/iter; left time: 3547.8620s
Epoch: 15 cost time: 40.87850284576416
Epoch: 15, Steps: 264 | Train Loss: 0.3365971 Vali Loss: 0.6311948 Test Loss: 0.3838739
Validation loss decreased (0.637472 --> 0.631195).  Saving model ...
Updating learning rate to 3.363614319266957e-05
	iters: 100, epoch: 16 | loss: 0.3546827
	speed: 0.3455s/iter; left time: 7719.8243s
	iters: 200, epoch: 16 | loss: 0.3442267
	speed: 0.1666s/iter; left time: 3706.1304s
Epoch: 16 cost time: 41.12514352798462
Epoch: 16, Steps: 264 | Train Loss: 0.3323934 Vali Loss: 0.6328257 Test Loss: 0.3842294
EarlyStopping counter: 1 out of 20
Updating learning rate to 3.7172617311633196e-05
	iters: 100, epoch: 17 | loss: 0.3097703
	speed: 0.3485s/iter; left time: 7694.8929s
	iters: 200, epoch: 17 | loss: 0.3344589
	speed: 0.1552s/iter; left time: 3409.9887s
Epoch: 17 cost time: 41.229856967926025
Epoch: 17, Steps: 264 | Train Loss: 0.3281571 Vali Loss: 0.6348907 Test Loss: 0.3792611
EarlyStopping counter: 2 out of 20
Updating learning rate to 4.0800524482619576e-05
	iters: 100, epoch: 18 | loss: 0.3187720
	speed: 0.3542s/iter; left time: 7726.8980s
	iters: 200, epoch: 18 | loss: 0.3119783
	speed: 0.1531s/iter; left time: 3324.9171s
Epoch: 18 cost time: 40.50759267807007
Epoch: 18, Steps: 264 | Train Loss: 0.3236838 Vali Loss: 0.6313081 Test Loss: 0.3786381
EarlyStopping counter: 3 out of 20
Updating learning rate to 4.449749321687241e-05
	iters: 100, epoch: 19 | loss: 0.3188229
	speed: 0.3551s/iter; left time: 7651.7429s
	iters: 200, epoch: 19 | loss: 0.3156196
	speed: 0.1559s/iter; left time: 3343.2312s
Epoch: 19 cost time: 40.4382209777832
Epoch: 19, Steps: 264 | Train Loss: 0.3185284 Vali Loss: 0.6339607 Test Loss: 0.3796808
EarlyStopping counter: 4 out of 20
Updating learning rate to 4.824072615752094e-05
	iters: 100, epoch: 20 | loss: 0.3009351
	speed: 0.3444s/iter; left time: 7331.0601s
	iters: 200, epoch: 20 | loss: 0.2763463
	speed: 0.1656s/iter; left time: 3507.8480s
Epoch: 20 cost time: 40.550830364227295
Epoch: 20, Steps: 264 | Train Loss: 0.3133503 Vali Loss: 0.6337441 Test Loss: 0.3790307
EarlyStopping counter: 5 out of 20
Updating learning rate to 5.200714065947608e-05
	iters: 100, epoch: 21 | loss: 0.2958152
	speed: 0.3525s/iter; left time: 7410.7375s
	iters: 200, epoch: 21 | loss: 0.2945340
	speed: 0.1574s/iter; left time: 3292.4256s
Epoch: 21 cost time: 41.233176708221436
Epoch: 21, Steps: 264 | Train Loss: 0.3077986 Vali Loss: 0.6436339 Test Loss: 0.3783815
EarlyStopping counter: 6 out of 20
Updating learning rate to 5.577351112855618e-05
	iters: 100, epoch: 22 | loss: 0.2938838
	speed: 0.3630s/iter; left time: 7533.9801s
	iters: 200, epoch: 22 | loss: 0.2745834
	speed: 0.1494s/iter; left time: 3086.4103s
Epoch: 22 cost time: 41.53028059005737
Epoch: 22, Steps: 264 | Train Loss: 0.3019240 Vali Loss: 0.6463707 Test Loss: 0.3810302
EarlyStopping counter: 7 out of 20
Updating learning rate to 5.951661224210828e-05
	iters: 100, epoch: 23 | loss: 0.2830689
	speed: 0.3584s/iter; left time: 7345.3412s
	iters: 200, epoch: 23 | loss: 0.3088523
	speed: 0.1611s/iter; left time: 3285.5355s
Epoch: 23 cost time: 41.352601289749146
Epoch: 23, Steps: 264 | Train Loss: 0.2964287 Vali Loss: 0.6502242 Test Loss: 0.3852129
EarlyStopping counter: 8 out of 20
Updating learning rate to 6.321336216795497e-05
	iters: 100, epoch: 24 | loss: 0.2792576
	speed: 0.3556s/iter; left time: 7192.5671s
	iters: 200, epoch: 24 | loss: 0.2774278
	speed: 0.1536s/iter; left time: 3092.6402s
Epoch: 24 cost time: 41.603410959243774
Epoch: 24, Steps: 264 | Train Loss: 0.2910330 Vali Loss: 0.6551360 Test Loss: 0.3821358
EarlyStopping counter: 9 out of 20
Updating learning rate to 6.684096489850761e-05
	iters: 100, epoch: 25 | loss: 0.3000328
	speed: 0.3578s/iter; left time: 7143.1089s
	iters: 200, epoch: 25 | loss: 0.2663201
	speed: 0.1533s/iter; left time: 3044.7718s
Epoch: 25 cost time: 40.45229768753052
Epoch: 25, Steps: 264 | Train Loss: 0.2853620 Vali Loss: 0.6697043 Test Loss: 0.3868690
EarlyStopping counter: 10 out of 20
Updating learning rate to 7.03770508223417e-05
	iters: 100, epoch: 26 | loss: 0.2945302
	speed: 0.3521s/iter; left time: 6937.5434s
	iters: 200, epoch: 26 | loss: 0.2709213
	speed: 0.1585s/iter; left time: 3105.7926s
Epoch: 26 cost time: 40.62078905105591
Epoch: 26, Steps: 264 | Train Loss: 0.2801938 Vali Loss: 0.6642646 Test Loss: 0.3878281
EarlyStopping counter: 11 out of 20
Updating learning rate to 7.379981466640088e-05
	iters: 100, epoch: 27 | loss: 0.2587325
	speed: 0.3570s/iter; left time: 6939.6658s
	iters: 200, epoch: 27 | loss: 0.2679041
	speed: 0.1554s/iter; left time: 3005.1127s
Epoch: 27 cost time: 41.71431827545166
Epoch: 27, Steps: 264 | Train Loss: 0.2752354 Vali Loss: 0.6800946 Test Loss: 0.3895294
EarlyStopping counter: 12 out of 20
Updating learning rate to 7.708814995820833e-05
	iters: 100, epoch: 28 | loss: 0.2639206
	speed: 0.3538s/iter; left time: 6783.5167s
	iters: 200, epoch: 28 | loss: 0.2851905
	speed: 0.1569s/iter; left time: 2991.7248s
Epoch: 28 cost time: 42.05225133895874
Epoch: 28, Steps: 264 | Train Loss: 0.2700603 Vali Loss: 0.6895232 Test Loss: 0.3925667
EarlyStopping counter: 13 out of 20
Updating learning rate to 8.022177917892456e-05
	iters: 100, epoch: 29 | loss: 0.2674817
	speed: 0.3502s/iter; left time: 6621.7350s
	iters: 200, epoch: 29 | loss: 0.2720500
	speed: 0.1560s/iter; left time: 2934.3570s
Epoch: 29 cost time: 40.27594041824341
Epoch: 29, Steps: 264 | Train Loss: 0.2650946 Vali Loss: 0.6898406 Test Loss: 0.3970339
EarlyStopping counter: 14 out of 20
Updating learning rate to 8.318137880466269e-05
	iters: 100, epoch: 30 | loss: 0.2687382
	speed: 0.3611s/iter; left time: 6731.9848s
	iters: 200, epoch: 30 | loss: 0.2484127
	speed: 0.1423s/iter; left time: 2639.2752s
Epoch: 30 cost time: 41.035478830337524
Epoch: 30, Steps: 264 | Train Loss: 0.2603091 Vali Loss: 0.7010100 Test Loss: 0.3992734
EarlyStopping counter: 15 out of 20
Updating learning rate to 8.594869846499432e-05
	iters: 100, epoch: 31 | loss: 0.2491988
	speed: 0.3635s/iter; left time: 6682.1975s
	iters: 200, epoch: 31 | loss: 0.2568048
	speed: 0.1609s/iter; left time: 2941.4636s
Epoch: 31 cost time: 40.282222509384155
Epoch: 31, Steps: 264 | Train Loss: 0.2557096 Vali Loss: 0.7014010 Test Loss: 0.4009426
EarlyStopping counter: 16 out of 20
Updating learning rate to 8.85066734838546e-05
	iters: 100, epoch: 32 | loss: 0.2444084
	speed: 0.3481s/iter; left time: 6305.9133s
	iters: 200, epoch: 32 | loss: 0.2352145
	speed: 0.1574s/iter; left time: 2836.7169s
Epoch: 32 cost time: 41.120991468429565
Epoch: 32, Steps: 264 | Train Loss: 0.2509708 Vali Loss: 0.7221262 Test Loss: 0.4065769
EarlyStopping counter: 17 out of 20
Updating learning rate to 9.083953010886336e-05
	iters: 100, epoch: 33 | loss: 0.2618449
	speed: 0.3598s/iter; left time: 6423.6125s
	iters: 200, epoch: 33 | loss: 0.2500096
	speed: 0.1594s/iter; left time: 2829.2078s
Epoch: 33 cost time: 40.83012008666992
Epoch: 33, Steps: 264 | Train Loss: 0.2469906 Vali Loss: 0.7287499 Test Loss: 0.4081990
EarlyStopping counter: 18 out of 20
Updating learning rate to 9.29328827801656e-05
	iters: 100, epoch: 34 | loss: 0.2529790
	speed: 0.3524s/iter; left time: 6197.9684s
	iters: 200, epoch: 34 | loss: 0.2375894
	speed: 0.1557s/iter; left time: 2722.9415s
Epoch: 34 cost time: 41.64093232154846
Epoch: 34, Steps: 264 | Train Loss: 0.2424378 Vali Loss: 0.7274624 Test Loss: 0.4091386
EarlyStopping counter: 19 out of 20
Updating learning rate to 9.477382283898318e-05
	iters: 100, epoch: 35 | loss: 0.2462202
	speed: 0.3572s/iter; left time: 6188.8877s
	iters: 200, epoch: 35 | loss: 0.2513155
	speed: 0.1611s/iter; left time: 2775.7758s
Epoch: 35 cost time: 40.96709990501404
Epoch: 35, Steps: 264 | Train Loss: 0.2383364 Vali Loss: 0.7285742 Test Loss: 0.4123684
EarlyStopping counter: 20 out of 20
Early stopping
>>>>>>>testing : CMS3_ettm1_336_336_PatchTST_ETTm1_ftM_sl336_ll48_pl336_dm128_nh16_el3_dl1_df256_fc1_ebtimeF_dtTrue_Exp_0<<<<<<<<<<<<<<<<<<<<<<<<<<<<<<<<<
test 11185
mse:0.39017072319984436, mae:0.41149112582206726, rse:0.5943248271942139
Args in experiment:
Namespace(random_seed=2021, is_training=1, model_id='CMS3_ettm1_336_720', model='PatchTST', data='ETTm1', root_path='./dataset/', data_path='ETTm1.csv', features='M', target='OT', freq='h', checkpoints='./checkpoints/', seq_len=336, label_len=48, pred_len=720, head_type='cms3', fc_dropout=0.2, head_dropout=0.0, patch_len=16, stride=8, padding_patch='end', revin=1, affine=0, subtract_last=0, decomposition=0, kernel_size=25, individual=0, embed_type=0, enc_in=7, dec_in=7, c_out=7, d_model=128, n_heads=16, e_layers=3, d_layers=1, d_ff=256, moving_avg=25, factor=1, distil=True, dropout=0.2, embed='timeF', activation='gelu', output_attention=False, do_predict=False, num_workers=0, itr=1, train_epochs=100, batch_size=128, patience=20, learning_rate=0.0001, des='Exp', loss='mse', lradj='TST', pct_start=0.4, use_amp=False, use_gpu=True, gpu=0, use_multi_gpu=False, devices='0,1,2,3', test_flop=False)
Use GPU: cuda:0
>>>>>>>start training : CMS3_ettm1_336_720_PatchTST_ETTm1_ftM_sl336_ll48_pl720_dm128_nh16_el3_dl1_df256_fc1_ebtimeF_dtTrue_Exp_0>>>>>>>>>>>>>>>>>>>>>>>>>>
train 33505
val 10801
test 10801
	iters: 100, epoch: 1 | loss: 0.5844368
	speed: 0.1094s/iter; left time: 2845.2777s
	iters: 200, epoch: 1 | loss: 0.5747957
	speed: 0.1368s/iter; left time: 3543.3958s
Epoch: 1 cost time: 31.629045486450195
Epoch: 1, Steps: 261 | Train Loss: 0.5869275 Vali Loss: 1.3447698 Test Loss: 0.7031346
Validation loss decreased (inf --> 1.344770).  Saving model ...
Updating learning rate to 4.147996316662011e-06
	iters: 100, epoch: 2 | loss: 0.6265302
	speed: 0.3178s/iter; left time: 8179.6089s
	iters: 200, epoch: 2 | loss: 0.5583838
	speed: 0.1487s/iter; left time: 3811.9504s
Epoch: 2 cost time: 39.06025147438049
Epoch: 2, Steps: 261 | Train Loss: 0.5779581 Vali Loss: 1.3281281 Test Loss: 0.6905059
Validation loss decreased (1.344770 --> 1.328128).  Saving model ...
Updating learning rate to 4.591072645408634e-06
	iters: 100, epoch: 3 | loss: 0.6274933
	speed: 0.3386s/iter; left time: 8626.9294s
	iters: 200, epoch: 3 | loss: 0.5576668
	speed: 0.1521s/iter; left time: 3858.8895s
Epoch: 3 cost time: 39.54417324066162
Epoch: 3, Steps: 261 | Train Loss: 0.5703956 Vali Loss: 1.3089429 Test Loss: 0.6772841
Validation loss decreased (1.328128 --> 1.308943).  Saving model ...
Updating learning rate to 5.326496750212602e-06
	iters: 100, epoch: 4 | loss: 0.6057686
	speed: 0.3528s/iter; left time: 8896.8520s
	iters: 200, epoch: 4 | loss: 0.5538466
	speed: 0.1553s/iter; left time: 3901.6068s
Epoch: 4 cost time: 39.74658966064453
Epoch: 4, Steps: 261 | Train Loss: 0.5615595 Vali Loss: 1.2861673 Test Loss: 0.6608432
Validation loss decreased (1.308943 --> 1.286167).  Saving model ...
Updating learning rate to 6.349733628628268e-06
	iters: 100, epoch: 5 | loss: 0.5937791
	speed: 0.3572s/iter; left time: 8914.3612s
	iters: 200, epoch: 5 | loss: 0.5451283
	speed: 0.1467s/iter; left time: 3646.1310s
Epoch: 5 cost time: 38.847755908966064
Epoch: 5, Steps: 261 | Train Loss: 0.5508887 Vali Loss: 1.2571440 Test Loss: 0.6408172
Validation loss decreased (1.286167 --> 1.257144).  Saving model ...
Updating learning rate to 7.654473476944045e-06
	iters: 100, epoch: 6 | loss: 0.4987783
	speed: 0.3377s/iter; left time: 8339.0545s
	iters: 200, epoch: 6 | loss: 0.5526756
	speed: 0.1601s/iter; left time: 3937.9676s
Epoch: 6 cost time: 39.96197295188904
Epoch: 6, Steps: 261 | Train Loss: 0.5378867 Vali Loss: 1.2240192 Test Loss: 0.6170786
Validation loss decreased (1.257144 --> 1.224019).  Saving model ...
Updating learning rate to 9.232670599670218e-06
	iters: 100, epoch: 7 | loss: 0.5250803
	speed: 0.3408s/iter; left time: 8328.3069s
	iters: 200, epoch: 7 | loss: 0.5012003
	speed: 0.1498s/iter; left time: 3645.4792s
Epoch: 7 cost time: 40.52064657211304
Epoch: 7, Steps: 261 | Train Loss: 0.5223170 Vali Loss: 1.1828284 Test Loss: 0.5888351
Validation loss decreased (1.224019 --> 1.182828).  Saving model ...
Updating learning rate to 1.1074593023426382e-05
	iters: 100, epoch: 8 | loss: 0.4874642
	speed: 0.3461s/iter; left time: 8367.8050s
	iters: 200, epoch: 8 | loss: 0.4807901
	speed: 0.1611s/iter; left time: 3877.8478s
Epoch: 8 cost time: 39.646400690078735
Epoch: 8, Steps: 261 | Train Loss: 0.5044802 Vali Loss: 1.1385171 Test Loss: 0.5592709
Validation loss decreased (1.182828 --> 1.138517).  Saving model ...
Updating learning rate to 1.3168882509283648e-05
	iters: 100, epoch: 9 | loss: 0.4793067
	speed: 0.3296s/iter; left time: 7882.4236s
	iters: 200, epoch: 9 | loss: 0.5415422
	speed: 0.1614s/iter; left time: 3843.8655s
Epoch: 9 cost time: 39.17851376533508
Epoch: 9, Steps: 261 | Train Loss: 0.4851608 Vali Loss: 1.0931123 Test Loss: 0.5289329
Validation loss decreased (1.138517 --> 1.093112).  Saving model ...
Updating learning rate to 1.5502624593494887e-05
	iters: 100, epoch: 10 | loss: 0.4980703
	speed: 0.3358s/iter; left time: 7943.4543s
	iters: 200, epoch: 10 | loss: 0.4742713
	speed: 0.1615s/iter; left time: 3802.8801s
Epoch: 10 cost time: 40.23802661895752
Epoch: 10, Steps: 261 | Train Loss: 0.4656372 Vali Loss: 1.0448477 Test Loss: 0.5028068
Validation loss decreased (1.093112 --> 1.044848).  Saving model ...
Updating learning rate to 1.806142822470586e-05
	iters: 100, epoch: 11 | loss: 0.4426269
	speed: 0.3391s/iter; left time: 7931.1830s
	iters: 200, epoch: 11 | loss: 0.4413869
	speed: 0.1515s/iter; left time: 3527.9866s
Epoch: 11 cost time: 40.68579864501953
Epoch: 11, Steps: 261 | Train Loss: 0.4473727 Vali Loss: 1.0054277 Test Loss: 0.4790874
Validation loss decreased (1.044848 --> 1.005428).  Saving model ...
Updating learning rate to 2.0829514506563195e-05
	iters: 100, epoch: 12 | loss: 0.4274170
	speed: 0.3455s/iter; left time: 7990.5527s
	iters: 200, epoch: 12 | loss: 0.4195364
	speed: 0.1604s/iter; left time: 3694.1546s
Epoch: 12 cost time: 40.37040901184082
Epoch: 12, Steps: 261 | Train Loss: 0.4317676 Vali Loss: 0.9790854 Test Loss: 0.4621303
Validation loss decreased (1.005428 --> 0.979085).  Saving model ...
Updating learning rate to 2.3789813998487008e-05
	iters: 100, epoch: 13 | loss: 0.4156784
	speed: 0.3468s/iter; left time: 7930.1177s
	iters: 200, epoch: 13 | loss: 0.4054916
	speed: 0.1490s/iter; left time: 3393.5916s
Epoch: 13 cost time: 39.447107791900635
Epoch: 13, Steps: 261 | Train Loss: 0.4190268 Vali Loss: 0.9616843 Test Loss: 0.4497103
Validation loss decreased (0.979085 --> 0.961684).  Saving model ...
Updating learning rate to 2.6924071974601397e-05
	iters: 100, epoch: 14 | loss: 0.4163958
	speed: 0.3449s/iter; left time: 7798.2858s
	iters: 200, epoch: 14 | loss: 0.3968418
	speed: 0.1531s/iter; left time: 3446.5452s
Epoch: 14 cost time: 40.47878050804138
Epoch: 14, Steps: 261 | Train Loss: 0.4094323 Vali Loss: 0.9529225 Test Loss: 0.4416901
Validation loss decreased (0.961684 --> 0.952923).  Saving model ...
Updating learning rate to 3.0212960991742456e-05
	iters: 100, epoch: 15 | loss: 0.4226092
	speed: 0.3426s/iter; left time: 7656.3225s
	iters: 200, epoch: 15 | loss: 0.3972747
	speed: 0.1583s/iter; left time: 3520.7146s
Epoch: 15 cost time: 40.780120611190796
Epoch: 15, Steps: 261 | Train Loss: 0.4022484 Vali Loss: 0.9506007 Test Loss: 0.4400413
Validation loss decreased (0.952923 --> 0.950601).  Saving model ...
Updating learning rate to 3.363620007239161e-05
	iters: 100, epoch: 16 | loss: 0.3875847
	speed: 0.3465s/iter; left time: 7652.9667s
	iters: 200, epoch: 16 | loss: 0.3755176
	speed: 0.1594s/iter; left time: 3504.5298s
Epoch: 16 cost time: 40.01871633529663
Epoch: 16, Steps: 261 | Train Loss: 0.3963901 Vali Loss: 0.9522402 Test Loss: 0.4408646
EarlyStopping counter: 1 out of 20
Updating learning rate to 3.717267976759092e-05
	iters: 100, epoch: 17 | loss: 0.3935675
	speed: 0.3338s/iter; left time: 7284.2852s
	iters: 200, epoch: 17 | loss: 0.4072974
	speed: 0.1609s/iter; left time: 3496.4757s
Epoch: 17 cost time: 40.35361337661743
Epoch: 17, Steps: 261 | Train Loss: 0.3908939 Vali Loss: 0.9642226 Test Loss: 0.4409450
EarlyStopping counter: 2 out of 20
Updating learning rate to 4.0800592328638756e-05
	iters: 100, epoch: 18 | loss: 0.3884240
	speed: 0.3445s/iter; left time: 7428.0574s
	iters: 200, epoch: 18 | loss: 0.3712578
	speed: 0.1591s/iter; left time: 3415.6134s
Epoch: 18 cost time: 41.51520252227783
Epoch: 18, Steps: 261 | Train Loss: 0.3852097 Vali Loss: 0.9642155 Test Loss: 0.4441225
EarlyStopping counter: 3 out of 20
Updating learning rate to 4.449756618485984e-05
	iters: 100, epoch: 19 | loss: 0.3744075
	speed: 0.3491s/iter; left time: 7436.2129s
	iters: 200, epoch: 19 | loss: 0.3897692
	speed: 0.1539s/iter; left time: 3263.6616s
Epoch: 19 cost time: 39.832698583602905
Epoch: 19, Steps: 261 | Train Loss: 0.3792995 Vali Loss: 0.9648700 Test Loss: 0.4450784
EarlyStopping counter: 4 out of 20
Updating learning rate to 4.824080389819096e-05
	iters: 100, epoch: 20 | loss: 0.3533359
	speed: 0.3480s/iter; left time: 7323.5438s
	iters: 200, epoch: 20 | loss: 0.3705918
	speed: 0.1603s/iter; left time: 3357.5637s
Epoch: 20 cost time: 40.43406367301941
Epoch: 20, Steps: 261 | Train Loss: 0.3734508 Vali Loss: 0.9859758 Test Loss: 0.4452729
EarlyStopping counter: 5 out of 20
Updating learning rate to 5.2007222743883666e-05
	iters: 100, epoch: 21 | loss: 0.3778413
	speed: 0.3390s/iter; left time: 7044.7845s
	iters: 200, epoch: 21 | loss: 0.3585099
	speed: 0.1524s/iter; left time: 3152.4962s
Epoch: 21 cost time: 40.79652380943298
Epoch: 21, Steps: 261 | Train Loss: 0.3669908 Vali Loss: 0.9958683 Test Loss: 0.4486081
EarlyStopping counter: 6 out of 20
Updating learning rate to 5.577359705043091e-05
	iters: 100, epoch: 22 | loss: 0.3679211
	speed: 0.3494s/iter; left time: 7169.4876s
	iters: 200, epoch: 22 | loss: 0.3929433
	speed: 0.1546s/iter; left time: 3157.8447s
Epoch: 22 cost time: 40.63307309150696
Epoch: 22, Steps: 261 | Train Loss: 0.3606299 Vali Loss: 1.0045878 Test Loss: 0.4475307
EarlyStopping counter: 7 out of 20
Updating learning rate to 5.951670142097692e-05
	iters: 100, epoch: 23 | loss: 0.3787792
	speed: 0.3456s/iter; left time: 7001.2624s
	iters: 200, epoch: 23 | loss: 0.3588102
	speed: 0.1606s/iter; left time: 3237.5783s
Epoch: 23 cost time: 40.66305875778198
Epoch: 23, Steps: 261 | Train Loss: 0.3543871 Vali Loss: 1.0120815 Test Loss: 0.4487762
EarlyStopping counter: 8 out of 20
Updating learning rate to 6.321345395303321e-05
	iters: 100, epoch: 24 | loss: 0.3712132
	speed: 0.3413s/iter; left time: 6825.7283s
	iters: 200, epoch: 24 | loss: 0.3539660
	speed: 0.1530s/iter; left time: 3045.3633s
Epoch: 24 cost time: 40.13593912124634
Epoch: 24, Steps: 261 | Train Loss: 0.3479483 Vali Loss: 1.0026381 Test Loss: 0.4490133
EarlyStopping counter: 9 out of 20
Updating learning rate to 6.6841058573335e-05
	iters: 100, epoch: 25 | loss: 0.3687687
	speed: 0.3511s/iter; left time: 6930.2096s
	iters: 200, epoch: 25 | loss: 0.3331310
	speed: 0.1554s/iter; left time: 3051.0838s
Epoch: 25 cost time: 40.40923547744751
Epoch: 25, Steps: 261 | Train Loss: 0.3421470 Vali Loss: 1.0334985 Test Loss: 0.4555817
EarlyStopping counter: 10 out of 20
Updating learning rate to 7.037714561012768e-05
	iters: 100, epoch: 26 | loss: 0.3524337
	speed: 0.3431s/iter; left time: 6682.9953s
	iters: 200, epoch: 26 | loss: 0.3196282
	speed: 0.1551s/iter; left time: 3005.0594s
Epoch: 26 cost time: 40.299676179885864
Epoch: 26, Steps: 261 | Train Loss: 0.3364801 Vali Loss: 1.0025054 Test Loss: 0.4511960
EarlyStopping counter: 11 out of 20
Updating learning rate to 7.379990973604285e-05
	iters: 100, epoch: 27 | loss: 0.3303743
	speed: 0.3534s/iter; left time: 6790.7835s
	iters: 200, epoch: 27 | loss: 0.3354022
	speed: 0.1489s/iter; left time: 2846.5838s
Epoch: 27 cost time: 41.22663927078247
Epoch: 27, Steps: 261 | Train Loss: 0.3309169 Vali Loss: 1.0319117 Test Loss: 0.4580725
EarlyStopping counter: 12 out of 20
Updating learning rate to 7.708824443093723e-05
	iters: 100, epoch: 28 | loss: 0.3250306
	speed: 0.3458s/iter; left time: 6554.8220s
	iters: 200, epoch: 28 | loss: 0.3311733
	speed: 0.1594s/iter; left time: 3005.7995s
Epoch: 28 cost time: 40.20669102668762
Epoch: 28, Steps: 261 | Train Loss: 0.3254766 Vali Loss: 1.0378778 Test Loss: 0.4564264
EarlyStopping counter: 13 out of 20
Updating learning rate to 8.022187213552767e-05
	iters: 100, epoch: 29 | loss: 0.3076060
	speed: 0.3475s/iter; left time: 6495.9554s
	iters: 200, epoch: 29 | loss: 0.3194334
	speed: 0.1540s/iter; left time: 2863.4308s
Epoch: 29 cost time: 40.015109062194824
Epoch: 29, Steps: 261 | Train Loss: 0.3206661 Vali Loss: 1.0435241 Test Loss: 0.4587467
EarlyStopping counter: 14 out of 20
Updating learning rate to 8.318146929322795e-05
	iters: 100, epoch: 30 | loss: 0.3202757
	speed: 0.3380s/iter; left time: 6229.4521s
	iters: 200, epoch: 30 | loss: 0.3201748
	speed: 0.1618s/iter; left time: 2965.5592s
Epoch: 30 cost time: 40.067026138305664
Epoch: 30, Steps: 261 | Train Loss: 0.3157868 Vali Loss: 1.0452820 Test Loss: 0.4590604
EarlyStopping counter: 15 out of 20
Updating learning rate to 8.59487855091154e-05
	iters: 100, epoch: 31 | loss: 0.3000531
	speed: 0.3546s/iter; left time: 6443.1460s
	iters: 200, epoch: 31 | loss: 0.3133210
	speed: 0.1428s/iter; left time: 2579.9296s
Epoch: 31 cost time: 40.262510776519775
Epoch: 31, Steps: 261 | Train Loss: 0.3113382 Vali Loss: 1.0442448 Test Loss: 0.4581561
EarlyStopping counter: 16 out of 20
Updating learning rate to 8.850675609123214e-05
	iters: 100, epoch: 32 | loss: 0.3105521
	speed: 0.3528s/iter; left time: 6319.0305s
	iters: 200, epoch: 32 | loss: 0.3008063
	speed: 0.1528s/iter; left time: 2720.9918s
Epoch: 32 cost time: 40.781909227371216
Epoch: 32, Steps: 261 | Train Loss: 0.3069636 Vali Loss: 1.0330443 Test Loss: 0.4640405
EarlyStopping counter: 17 out of 20
Updating learning rate to 9.083960728023302e-05
	iters: 100, epoch: 33 | loss: 0.2933565
	speed: 0.3513s/iter; left time: 6200.9000s
	iters: 200, epoch: 33 | loss: 0.2948645
	speed: 0.1538s/iter; left time: 2699.7905s
Epoch: 33 cost time: 40.175702810287476
Epoch: 33, Steps: 261 | Train Loss: 0.3027620 Vali Loss: 1.0445760 Test Loss: 0.4627906
EarlyStopping counter: 18 out of 20
Updating learning rate to 9.293295351848083e-05
	iters: 100, epoch: 34 | loss: 0.3074586
	speed: 0.3470s/iter; left time: 6034.4901s
	iters: 200, epoch: 34 | loss: 0.3062239
	speed: 0.1552s/iter; left time: 2683.1072s
Epoch: 34 cost time: 41.24304127693176
Epoch: 34, Steps: 261 | Train Loss: 0.2985646 Vali Loss: 1.0534496 Test Loss: 0.4637455
EarlyStopping counter: 19 out of 20
Updating learning rate to 9.47738861587773e-05
	iters: 100, epoch: 35 | loss: 0.3038068
	speed: 0.3477s/iter; left time: 5955.3077s
	iters: 200, epoch: 35 | loss: 0.3053741
	speed: 0.1550s/iter; left time: 2639.1927s
Epoch: 35 cost time: 39.918376445770264
Epoch: 35, Steps: 261 | Train Loss: 0.2948838 Vali Loss: 1.0342810 Test Loss: 0.4616925
EarlyStopping counter: 20 out of 20
Early stopping
>>>>>>>testing : CMS3_ettm1_336_720_PatchTST_ETTm1_ftM_sl336_ll48_pl720_dm128_nh16_el3_dl1_df256_fc1_ebtimeF_dtTrue_Exp_0<<<<<<<<<<<<<<<<<<<<<<<<<<<<<<<<<
test 10801
mse:0.45116952061653137, mae:0.4462103843688965, rse:0.6389352083206177
