==========================================================
Lanzando Experimento: CMS_weather | Dataset: weather
==========================================================
Args in experiment:
Namespace(random_seed=2021, is_training=1, model_id='CMS_weather_336_96', model='PatchTST', data='custom', root_path='./dataset/', data_path='weather.csv', features='M', target='OT', freq='h', checkpoints='./checkpoints/', seq_len=336, label_len=48, pred_len=96, head_type='cms', fc_dropout=0.2, head_dropout=0.0, patch_len=16, stride=8, padding_patch='end', revin=1, affine=0, subtract_last=0, decomposition=0, kernel_size=25, individual=0, embed_type=0, enc_in=21, dec_in=7, c_out=7, d_model=128, n_heads=16, e_layers=3, d_layers=1, d_ff=256, moving_avg=25, factor=1, distil=True, dropout=0.2, embed='timeF', activation='gelu', output_attention=False, do_predict=False, num_workers=0, itr=1, train_epochs=100, batch_size=128, patience=20, learning_rate=0.0001, des='Exp', loss='mse', lradj='type3', pct_start=0.3, use_amp=False, use_gpu=True, gpu=0, use_multi_gpu=False, devices='0,1,2,3', test_flop=False)
Use GPU: cuda:0
>>>>>>>start training : CMS_weather_336_96_PatchTST_custom_ftM_sl336_ll48_pl96_dm128_nh16_el3_dl1_df256_fc1_ebtimeF_dtTrue_Exp_0>>>>>>>>>>>>>>>>>>>>>>>>>>
train 36456
val 5175
test 10444
	iters: 100, epoch: 1 | loss: 0.8216738
	speed: 0.1526s/iter; left time: 4318.3798s
	iters: 200, epoch: 1 | loss: 1.0434443
	speed: 0.1165s/iter; left time: 3285.7136s
Epoch: 1 cost time: 33.869839668273926
Epoch: 1, Steps: 284 | Train Loss: 0.6402743 Vali Loss: 0.5505450 Test Loss: 0.2333017
Validation loss decreased (inf --> 0.550545).  Saving model ...
Updating learning rate to 0.0001
	iters: 100, epoch: 2 | loss: 0.4226397
	speed: 0.2758s/iter; left time: 7727.8898s
	iters: 200, epoch: 2 | loss: 0.4065847
	speed: 0.1178s/iter; left time: 3287.4197s
Epoch: 2 cost time: 33.397663831710815
Epoch: 2, Steps: 284 | Train Loss: 0.4593168 Vali Loss: 0.4004129 Test Loss: 0.1588534
Validation loss decreased (0.550545 --> 0.400413).  Saving model ...
Updating learning rate to 0.0001
	iters: 100, epoch: 3 | loss: 0.3462617
	speed: 0.2789s/iter; left time: 7734.1130s
	iters: 200, epoch: 3 | loss: 0.5817853
	speed: 0.1223s/iter; left time: 3380.2217s
Epoch: 3 cost time: 34.6206738948822
Epoch: 3, Steps: 284 | Train Loss: 0.4251212 Vali Loss: 0.3948944 Test Loss: 0.1533820
Validation loss decreased (0.400413 --> 0.394894).  Saving model ...
Updating learning rate to 0.0001
	iters: 100, epoch: 4 | loss: 0.4111489
	speed: 0.2926s/iter; left time: 8032.7419s
	iters: 200, epoch: 4 | loss: 0.4095502
	speed: 0.1274s/iter; left time: 3485.0307s
Epoch: 4 cost time: 36.087655782699585
Epoch: 4, Steps: 284 | Train Loss: 0.4169203 Vali Loss: 0.3928318 Test Loss: 0.1512666
Validation loss decreased (0.394894 --> 0.392832).  Saving model ...
Updating learning rate to 9e-05
	iters: 100, epoch: 5 | loss: 0.5646595
	speed: 0.3004s/iter; left time: 8159.5974s
	iters: 200, epoch: 5 | loss: 0.4163037
	speed: 0.1296s/iter; left time: 3508.0771s
Epoch: 5 cost time: 36.703556537628174
Epoch: 5, Steps: 284 | Train Loss: 0.4110340 Vali Loss: 0.3897287 Test Loss: 0.1501301
Validation loss decreased (0.392832 --> 0.389729).  Saving model ...
Updating learning rate to 8.1e-05
	iters: 100, epoch: 6 | loss: 0.5356815
	speed: 0.3028s/iter; left time: 8139.4815s
	iters: 200, epoch: 6 | loss: 0.4897948
	speed: 0.1298s/iter; left time: 3476.9440s
Epoch: 6 cost time: 36.822346448898315
Epoch: 6, Steps: 284 | Train Loss: 0.4060491 Vali Loss: 0.3881135 Test Loss: 0.1494057
Validation loss decreased (0.389729 --> 0.388113).  Saving model ...
Updating learning rate to 7.290000000000001e-05
	iters: 100, epoch: 7 | loss: 0.4157895
	speed: 0.3033s/iter; left time: 8066.4120s
	iters: 200, epoch: 7 | loss: 0.7970168
	speed: 0.1301s/iter; left time: 3448.2467s
Epoch: 7 cost time: 36.8688223361969
Epoch: 7, Steps: 284 | Train Loss: 0.4035007 Vali Loss: 0.3881102 Test Loss: 0.1500409
Validation loss decreased (0.388113 --> 0.388110).  Saving model ...
Updating learning rate to 6.561e-05
	iters: 100, epoch: 8 | loss: 0.5187253
	speed: 0.3033s/iter; left time: 7980.1885s
	iters: 200, epoch: 8 | loss: 0.2882335
	speed: 0.1300s/iter; left time: 3407.2451s
Epoch: 8 cost time: 36.86339068412781
Epoch: 8, Steps: 284 | Train Loss: 0.4012890 Vali Loss: 0.3897924 Test Loss: 0.1489721
EarlyStopping counter: 1 out of 20
Updating learning rate to 5.904900000000001e-05
	iters: 100, epoch: 9 | loss: 0.3334094
	speed: 0.3019s/iter; left time: 7858.3881s
	iters: 200, epoch: 9 | loss: 0.5523955
	speed: 0.1299s/iter; left time: 3368.7400s
Epoch: 9 cost time: 36.815836906433105
Epoch: 9, Steps: 284 | Train Loss: 0.3994231 Vali Loss: 0.3904560 Test Loss: 0.1497458
EarlyStopping counter: 2 out of 20
Updating learning rate to 5.3144100000000005e-05
	iters: 100, epoch: 10 | loss: 0.3474860
	speed: 0.3023s/iter; left time: 7782.9215s
	iters: 200, epoch: 10 | loss: 0.7477394
	speed: 0.1298s/iter; left time: 3328.1233s
Epoch: 10 cost time: 36.814924240112305
Epoch: 10, Steps: 284 | Train Loss: 0.3975233 Vali Loss: 0.3902341 Test Loss: 0.1489211
EarlyStopping counter: 3 out of 20
Updating learning rate to 4.782969000000001e-05
	iters: 100, epoch: 11 | loss: 0.3935659
	speed: 0.3019s/iter; left time: 7687.3831s
	iters: 200, epoch: 11 | loss: 0.3270706
	speed: 0.1297s/iter; left time: 3288.9957s
Epoch: 11 cost time: 36.830748319625854
Epoch: 11, Steps: 284 | Train Loss: 0.3959143 Vali Loss: 0.3880169 Test Loss: 0.1485274
Validation loss decreased (0.388110 --> 0.388017).  Saving model ...
Updating learning rate to 4.304672100000001e-05
	iters: 100, epoch: 12 | loss: 0.3028924
	speed: 0.3025s/iter; left time: 7616.0058s
	iters: 200, epoch: 12 | loss: 0.3276897
	speed: 0.1298s/iter; left time: 3255.4616s
Epoch: 12 cost time: 36.77787661552429
Epoch: 12, Steps: 284 | Train Loss: 0.3936714 Vali Loss: 0.3872514 Test Loss: 0.1493362
Validation loss decreased (0.388017 --> 0.387251).  Saving model ...
Updating learning rate to 3.874204890000001e-05
	iters: 100, epoch: 13 | loss: 0.8614576
	speed: 0.3030s/iter; left time: 7542.9671s
	iters: 200, epoch: 13 | loss: 0.3088313
	speed: 0.1298s/iter; left time: 3217.9596s
Epoch: 13 cost time: 36.8203399181366
Epoch: 13, Steps: 284 | Train Loss: 0.3927617 Vali Loss: 0.3876401 Test Loss: 0.1492644
EarlyStopping counter: 1 out of 20
Updating learning rate to 3.486784401000001e-05
	iters: 100, epoch: 14 | loss: 0.6433012
	speed: 0.3015s/iter; left time: 7418.8882s
	iters: 200, epoch: 14 | loss: 0.4723326
	speed: 0.1298s/iter; left time: 3180.5628s
Epoch: 14 cost time: 36.781840801239014
Epoch: 14, Steps: 284 | Train Loss: 0.3914914 Vali Loss: 0.3907905 Test Loss: 0.1493029
EarlyStopping counter: 2 out of 20
Updating learning rate to 3.138105960900001e-05
	iters: 100, epoch: 15 | loss: 0.2895849
	speed: 0.3018s/iter; left time: 7341.1124s
	iters: 200, epoch: 15 | loss: 0.2481319
	speed: 0.1300s/iter; left time: 3149.2730s
Epoch: 15 cost time: 36.83054256439209
Epoch: 15, Steps: 284 | Train Loss: 0.3902327 Vali Loss: 0.3901626 Test Loss: 0.1493558
EarlyStopping counter: 3 out of 20
Updating learning rate to 2.824295364810001e-05
	iters: 100, epoch: 16 | loss: 0.5593863
	speed: 0.3019s/iter; left time: 7258.6332s
	iters: 200, epoch: 16 | loss: 0.6944719
	speed: 0.1298s/iter; left time: 3107.9476s
Epoch: 16 cost time: 36.797810316085815
Epoch: 16, Steps: 284 | Train Loss: 0.3898031 Vali Loss: 0.3907057 Test Loss: 0.1494172
EarlyStopping counter: 4 out of 20
Updating learning rate to 2.541865828329001e-05
	iters: 100, epoch: 17 | loss: 0.3034371
	speed: 0.3023s/iter; left time: 7182.1017s
	iters: 200, epoch: 17 | loss: 0.7923279
	speed: 0.1299s/iter; left time: 3072.5193s
Epoch: 17 cost time: 36.84168601036072
Epoch: 17, Steps: 284 | Train Loss: 0.3880166 Vali Loss: 0.3915380 Test Loss: 0.1491728
EarlyStopping counter: 5 out of 20
Updating learning rate to 2.287679245496101e-05
	iters: 100, epoch: 18 | loss: 0.2285836
	speed: 0.3023s/iter; left time: 7096.1944s
	iters: 200, epoch: 18 | loss: 0.4720092
	speed: 0.1297s/iter; left time: 3031.5258s
Epoch: 18 cost time: 36.79951024055481
Epoch: 18, Steps: 284 | Train Loss: 0.3873304 Vali Loss: 0.3920624 Test Loss: 0.1493715
EarlyStopping counter: 6 out of 20
Updating learning rate to 2.0589113209464907e-05
	iters: 100, epoch: 19 | loss: 0.7952906
	speed: 0.3022s/iter; left time: 7006.6802s
	iters: 200, epoch: 19 | loss: 0.4993995
	speed: 0.1299s/iter; left time: 2998.9804s
Epoch: 19 cost time: 36.82095217704773
Epoch: 19, Steps: 284 | Train Loss: 0.3864873 Vali Loss: 0.3918062 Test Loss: 0.1491555
EarlyStopping counter: 7 out of 20
Updating learning rate to 1.8530201888518416e-05
	iters: 100, epoch: 20 | loss: 0.3803038
	speed: 0.3020s/iter; left time: 6916.9200s
	iters: 200, epoch: 20 | loss: 0.3342781
	speed: 0.1299s/iter; left time: 2961.8768s
Epoch: 20 cost time: 36.8146448135376
Epoch: 20, Steps: 284 | Train Loss: 0.3858399 Vali Loss: 0.3937036 Test Loss: 0.1497217
EarlyStopping counter: 8 out of 20
Updating learning rate to 1.6677181699666577e-05
	iters: 100, epoch: 21 | loss: 0.2660438
	speed: 0.3022s/iter; left time: 6835.7483s
	iters: 200, epoch: 21 | loss: 0.3162448
	speed: 0.1301s/iter; left time: 2930.3797s
Epoch: 21 cost time: 36.84797239303589
Epoch: 21, Steps: 284 | Train Loss: 0.3842231 Vali Loss: 0.3914260 Test Loss: 0.1496425
EarlyStopping counter: 9 out of 20
Updating learning rate to 1.5009463529699919e-05
	iters: 100, epoch: 22 | loss: 0.2597215
	speed: 0.3020s/iter; left time: 6746.6609s
	iters: 200, epoch: 22 | loss: 0.3653359
	speed: 0.1299s/iter; left time: 2889.0427s
Epoch: 22 cost time: 36.849488258361816
Epoch: 22, Steps: 284 | Train Loss: 0.3845682 Vali Loss: 0.3939613 Test Loss: 0.1497983
EarlyStopping counter: 10 out of 20
Updating learning rate to 1.3508517176729929e-05
	iters: 100, epoch: 23 | loss: 0.2562016
	speed: 0.3023s/iter; left time: 6665.8506s
	iters: 200, epoch: 23 | loss: 0.3624291
	speed: 0.1298s/iter; left time: 2849.5309s
Epoch: 23 cost time: 36.79993939399719
Epoch: 23, Steps: 284 | Train Loss: 0.3831696 Vali Loss: 0.3934996 Test Loss: 0.1497856
EarlyStopping counter: 11 out of 20
Updating learning rate to 1.2157665459056936e-05
	iters: 100, epoch: 24 | loss: 0.4321568
	speed: 0.3019s/iter; left time: 6571.1332s
	iters: 200, epoch: 24 | loss: 0.3275768
	speed: 0.1298s/iter; left time: 2812.0047s
Epoch: 24 cost time: 36.795233964920044
Epoch: 24, Steps: 284 | Train Loss: 0.3834844 Vali Loss: 0.3955425 Test Loss: 0.1493717
EarlyStopping counter: 12 out of 20
Updating learning rate to 1.0941898913151242e-05
	iters: 100, epoch: 25 | loss: 0.3022963
	speed: 0.3019s/iter; left time: 6486.6305s
	iters: 200, epoch: 25 | loss: 0.4935386
	speed: 0.1299s/iter; left time: 2778.4968s
Epoch: 25 cost time: 36.82299518585205
Epoch: 25, Steps: 284 | Train Loss: 0.3817151 Vali Loss: 0.3940602 Test Loss: 0.1497796
EarlyStopping counter: 13 out of 20
Updating learning rate to 9.847709021836118e-06
	iters: 100, epoch: 26 | loss: 0.2702328
	speed: 0.3020s/iter; left time: 6401.9612s
	iters: 200, epoch: 26 | loss: 0.2972593
	speed: 0.1298s/iter; left time: 2738.0262s
Epoch: 26 cost time: 36.80121064186096
Epoch: 26, Steps: 284 | Train Loss: 0.3828702 Vali Loss: 0.3941627 Test Loss: 0.1501332
EarlyStopping counter: 14 out of 20
Updating learning rate to 8.862938119652508e-06
	iters: 100, epoch: 27 | loss: 0.3202853
	speed: 0.3023s/iter; left time: 6322.5517s
	iters: 200, epoch: 27 | loss: 0.2714811
	speed: 0.1297s/iter; left time: 2700.9533s
Epoch: 27 cost time: 36.82806944847107
Epoch: 27, Steps: 284 | Train Loss: 0.3819681 Vali Loss: 0.3952766 Test Loss: 0.1500066
EarlyStopping counter: 15 out of 20
Updating learning rate to 7.976644307687255e-06
	iters: 100, epoch: 28 | loss: 0.2599702
	speed: 0.3021s/iter; left time: 6232.3145s
	iters: 200, epoch: 28 | loss: 0.3195200
	speed: 0.1299s/iter; left time: 2667.9658s
Epoch: 28 cost time: 36.85044193267822
Epoch: 28, Steps: 284 | Train Loss: 0.3819964 Vali Loss: 0.3952713 Test Loss: 0.1496795
EarlyStopping counter: 16 out of 20
Updating learning rate to 7.178979876918531e-06
	iters: 100, epoch: 29 | loss: 0.3137610
	speed: 0.3022s/iter; left time: 6149.9682s
	iters: 200, epoch: 29 | loss: 0.3558956
	speed: 0.1298s/iter; left time: 2629.0895s
Epoch: 29 cost time: 36.81796050071716
Epoch: 29, Steps: 284 | Train Loss: 0.3807336 Vali Loss: 0.3938362 Test Loss: 0.1499015
EarlyStopping counter: 17 out of 20
Updating learning rate to 6.4610818892266776e-06
	iters: 100, epoch: 30 | loss: 0.3360321
	speed: 0.3019s/iter; left time: 6058.2717s
	iters: 200, epoch: 30 | loss: 0.5991465
	speed: 0.1298s/iter; left time: 2591.2802s
Epoch: 30 cost time: 36.78724002838135
Epoch: 30, Steps: 284 | Train Loss: 0.3809047 Vali Loss: 0.3930119 Test Loss: 0.1499659
EarlyStopping counter: 18 out of 20
Updating learning rate to 5.8149737003040096e-06
	iters: 100, epoch: 31 | loss: 0.2430342
	speed: 0.3018s/iter; left time: 5969.6497s
	iters: 200, epoch: 31 | loss: 0.2836836
	speed: 0.1300s/iter; left time: 2557.5739s
Epoch: 31 cost time: 36.824126958847046
Epoch: 31, Steps: 284 | Train Loss: 0.3810454 Vali Loss: 0.3961751 Test Loss: 0.1500226
EarlyStopping counter: 19 out of 20
Updating learning rate to 5.23347633027361e-06
	iters: 100, epoch: 32 | loss: 0.4071224
	speed: 0.3026s/iter; left time: 5900.3460s
	iters: 200, epoch: 32 | loss: 0.5089343
	speed: 0.1299s/iter; left time: 2519.9193s
Epoch: 32 cost time: 36.880088090896606
Epoch: 32, Steps: 284 | Train Loss: 0.3806039 Vali Loss: 0.3959180 Test Loss: 0.1500475
EarlyStopping counter: 20 out of 20
Early stopping
>>>>>>>testing : CMS_weather_336_96_PatchTST_custom_ftM_sl336_ll48_pl96_dm128_nh16_el3_dl1_df256_fc1_ebtimeF_dtTrue_Exp_0<<<<<<<<<<<<<<<<<<<<<<<<<<<<<<<<<
test 10444
mse:0.22744357585906982, mae:0.2680472433567047, rse:0.6282708048820496
Args in experiment:
Namespace(random_seed=2021, is_training=1, model_id='CMS_weather_336_192', model='PatchTST', data='custom', root_path='./dataset/', data_path='weather.csv', features='M', target='OT', freq='h', checkpoints='./checkpoints/', seq_len=336, label_len=48, pred_len=192, head_type='cms', fc_dropout=0.2, head_dropout=0.0, patch_len=16, stride=8, padding_patch='end', revin=1, affine=0, subtract_last=0, decomposition=0, kernel_size=25, individual=0, embed_type=0, enc_in=21, dec_in=7, c_out=7, d_model=128, n_heads=16, e_layers=3, d_layers=1, d_ff=256, moving_avg=25, factor=1, distil=True, dropout=0.2, embed='timeF', activation='gelu', output_attention=False, do_predict=False, num_workers=0, itr=1, train_epochs=100, batch_size=128, patience=20, learning_rate=0.0001, des='Exp', loss='mse', lradj='type3', pct_start=0.3, use_amp=False, use_gpu=True, gpu=0, use_multi_gpu=False, devices='0,1,2,3', test_flop=False)
Use GPU: cuda:0
>>>>>>>start training : CMS_weather_336_192_PatchTST_custom_ftM_sl336_ll48_pl192_dm128_nh16_el3_dl1_df256_fc1_ebtimeF_dtTrue_Exp_0>>>>>>>>>>>>>>>>>>>>>>>>>>
train 36360
val 5079
test 10348
	iters: 100, epoch: 1 | loss: 1.1139773
	speed: 0.1478s/iter; left time: 4183.0220s
	iters: 200, epoch: 1 | loss: 0.7983113
	speed: 0.1254s/iter; left time: 3537.1473s
Epoch: 1 cost time: 35.805734395980835
Epoch: 1, Steps: 284 | Train Loss: 0.6925590 Vali Loss: 0.6288783 Test Loss: 0.2740946
Validation loss decreased (inf --> 0.628878).  Saving model ...
Updating learning rate to 0.0001
	iters: 100, epoch: 2 | loss: 0.4455892
	speed: 0.3023s/iter; left time: 8469.5863s
	iters: 200, epoch: 2 | loss: 0.4826634
	speed: 0.1302s/iter; left time: 3636.0217s
Epoch: 2 cost time: 36.90314865112305
Epoch: 2, Steps: 284 | Train Loss: 0.5236524 Vali Loss: 0.4743966 Test Loss: 0.2064731
Validation loss decreased (0.628878 --> 0.474397).  Saving model ...
Updating learning rate to 0.0001
	iters: 100, epoch: 3 | loss: 0.5492661
	speed: 0.3053s/iter; left time: 8467.6657s
	iters: 200, epoch: 3 | loss: 0.4373827
	speed: 0.1306s/iter; left time: 3607.7033s
Epoch: 3 cost time: 36.99650239944458
Epoch: 3, Steps: 284 | Train Loss: 0.4842536 Vali Loss: 0.4650787 Test Loss: 0.2019730
Validation loss decreased (0.474397 --> 0.465079).  Saving model ...
Updating learning rate to 0.0001
	iters: 100, epoch: 4 | loss: 0.4194023
	speed: 0.3045s/iter; left time: 8358.5477s
	iters: 200, epoch: 4 | loss: 0.3531862
	speed: 0.1305s/iter; left time: 3569.6916s
Epoch: 4 cost time: 36.956910848617554
Epoch: 4, Steps: 284 | Train Loss: 0.4752950 Vali Loss: 0.4605160 Test Loss: 0.1965202
Validation loss decreased (0.465079 --> 0.460516).  Saving model ...
Updating learning rate to 9e-05
	iters: 100, epoch: 5 | loss: 0.3902719
	speed: 0.3067s/iter; left time: 8332.3289s
	iters: 200, epoch: 5 | loss: 0.5892167
	speed: 0.1305s/iter; left time: 3532.8528s
Epoch: 5 cost time: 37.007224798202515
Epoch: 5, Steps: 284 | Train Loss: 0.4687885 Vali Loss: 0.4542529 Test Loss: 0.1947380
Validation loss decreased (0.460516 --> 0.454253).  Saving model ...
Updating learning rate to 8.1e-05
	iters: 100, epoch: 6 | loss: 0.3592899
	speed: 0.3064s/iter; left time: 8235.1334s
	iters: 200, epoch: 6 | loss: 0.3923051
	speed: 0.1303s/iter; left time: 3489.8462s
Epoch: 6 cost time: 36.937690019607544
Epoch: 6, Steps: 284 | Train Loss: 0.4647040 Vali Loss: 0.4560319 Test Loss: 0.1937542
EarlyStopping counter: 1 out of 20
Updating learning rate to 7.290000000000001e-05
	iters: 100, epoch: 7 | loss: 0.6168293
	speed: 0.3055s/iter; left time: 8126.4078s
	iters: 200, epoch: 7 | loss: 0.5164644
	speed: 0.1303s/iter; left time: 3452.5041s
Epoch: 7 cost time: 36.955702781677246
Epoch: 7, Steps: 284 | Train Loss: 0.4610258 Vali Loss: 0.4550328 Test Loss: 0.1940848
EarlyStopping counter: 2 out of 20
Updating learning rate to 6.561e-05
	iters: 100, epoch: 8 | loss: 0.4346255
	speed: 0.3055s/iter; left time: 8039.7043s
	iters: 200, epoch: 8 | loss: 0.7325287
	speed: 0.1303s/iter; left time: 3415.6730s
Epoch: 8 cost time: 36.92223310470581
Epoch: 8, Steps: 284 | Train Loss: 0.4585605 Vali Loss: 0.4568062 Test Loss: 0.1938482
EarlyStopping counter: 3 out of 20
Updating learning rate to 5.904900000000001e-05
	iters: 100, epoch: 9 | loss: 0.4020958
	speed: 0.3056s/iter; left time: 7953.2122s
	iters: 200, epoch: 9 | loss: 0.5138996
	speed: 0.1301s/iter; left time: 3374.0153s
Epoch: 9 cost time: 36.87560224533081
Epoch: 9, Steps: 284 | Train Loss: 0.4564215 Vali Loss: 0.4590433 Test Loss: 0.1939258
EarlyStopping counter: 4 out of 20
Updating learning rate to 5.3144100000000005e-05
	iters: 100, epoch: 10 | loss: 0.4030909
	speed: 0.3049s/iter; left time: 7849.9728s
	iters: 200, epoch: 10 | loss: 0.5790082
	speed: 0.1300s/iter; left time: 3334.6516s
Epoch: 10 cost time: 36.87564730644226
Epoch: 10, Steps: 284 | Train Loss: 0.4542521 Vali Loss: 0.4580486 Test Loss: 0.1937281
EarlyStopping counter: 5 out of 20
Updating learning rate to 4.782969000000001e-05
	iters: 100, epoch: 11 | loss: 0.3744965
	speed: 0.3052s/iter; left time: 7769.9399s
	iters: 200, epoch: 11 | loss: 0.4480680
	speed: 0.1303s/iter; left time: 3304.3154s
Epoch: 11 cost time: 36.91807436943054
Epoch: 11, Steps: 284 | Train Loss: 0.4522323 Vali Loss: 0.4622258 Test Loss: 0.1944472
EarlyStopping counter: 6 out of 20
Updating learning rate to 4.304672100000001e-05
	iters: 100, epoch: 12 | loss: 0.3342058
	speed: 0.3051s/iter; left time: 7682.0794s
	iters: 200, epoch: 12 | loss: 0.4918779
	speed: 0.1306s/iter; left time: 3274.0315s
Epoch: 12 cost time: 36.96542978286743
Epoch: 12, Steps: 284 | Train Loss: 0.4508018 Vali Loss: 0.4603737 Test Loss: 0.1939841
EarlyStopping counter: 7 out of 20
Updating learning rate to 3.874204890000001e-05
	iters: 100, epoch: 13 | loss: 0.3478218
	speed: 0.3061s/iter; left time: 7620.9529s
	iters: 200, epoch: 13 | loss: 0.3784388
	speed: 0.1304s/iter; left time: 3233.6672s
Epoch: 13 cost time: 36.92384123802185
Epoch: 13, Steps: 284 | Train Loss: 0.4491510 Vali Loss: 0.4580622 Test Loss: 0.1944871
EarlyStopping counter: 8 out of 20
Updating learning rate to 3.486784401000001e-05
	iters: 100, epoch: 14 | loss: 0.4481821
	speed: 0.3052s/iter; left time: 7510.1765s
	iters: 200, epoch: 14 | loss: 0.4016679
	speed: 0.1300s/iter; left time: 3185.2049s
Epoch: 14 cost time: 36.86275029182434
Epoch: 14, Steps: 284 | Train Loss: 0.4487050 Vali Loss: 0.4590460 Test Loss: 0.1950912
EarlyStopping counter: 9 out of 20
Updating learning rate to 3.138105960900001e-05
	iters: 100, epoch: 15 | loss: 0.3730302
	speed: 0.3050s/iter; left time: 7418.3444s
	iters: 200, epoch: 15 | loss: 0.4805417
	speed: 0.1301s/iter; left time: 3151.2440s
Epoch: 15 cost time: 36.90923070907593
Epoch: 15, Steps: 284 | Train Loss: 0.4468737 Vali Loss: 0.4576423 Test Loss: 0.1957007
EarlyStopping counter: 10 out of 20
Updating learning rate to 2.824295364810001e-05
	iters: 100, epoch: 16 | loss: 0.3749173
	speed: 0.3049s/iter; left time: 7330.5320s
	iters: 200, epoch: 16 | loss: 0.3722357
	speed: 0.1302s/iter; left time: 3118.0435s
Epoch: 16 cost time: 36.91308856010437
Epoch: 16, Steps: 284 | Train Loss: 0.4457918 Vali Loss: 0.4594370 Test Loss: 0.1949443
EarlyStopping counter: 11 out of 20
Updating learning rate to 2.541865828329001e-05
	iters: 100, epoch: 17 | loss: 0.3364957
	speed: 0.3052s/iter; left time: 7250.8002s
	iters: 200, epoch: 17 | loss: 0.3967394
	speed: 0.1301s/iter; left time: 3078.0363s
Epoch: 17 cost time: 36.87157130241394
Epoch: 17, Steps: 284 | Train Loss: 0.4448456 Vali Loss: 0.4616254 Test Loss: 0.1953363
EarlyStopping counter: 12 out of 20
Updating learning rate to 2.287679245496101e-05
	iters: 100, epoch: 18 | loss: 0.3834160
	speed: 0.3053s/iter; left time: 7166.1449s
	iters: 200, epoch: 18 | loss: 0.3747481
	speed: 0.1300s/iter; left time: 3039.5439s
Epoch: 18 cost time: 36.87060904502869
Epoch: 18, Steps: 284 | Train Loss: 0.4439928 Vali Loss: 0.4598516 Test Loss: 0.1961575
EarlyStopping counter: 13 out of 20
Updating learning rate to 2.0589113209464907e-05
	iters: 100, epoch: 19 | loss: 0.4287325
	speed: 0.3046s/iter; left time: 7062.5898s
	iters: 200, epoch: 19 | loss: 0.6175420
	speed: 0.1300s/iter; left time: 3000.5413s
Epoch: 19 cost time: 36.8767511844635
Epoch: 19, Steps: 284 | Train Loss: 0.4429314 Vali Loss: 0.4634528 Test Loss: 0.1956217
EarlyStopping counter: 14 out of 20
Updating learning rate to 1.8530201888518416e-05
	iters: 100, epoch: 20 | loss: 0.3593155
	speed: 0.3052s/iter; left time: 6990.6843s
	iters: 200, epoch: 20 | loss: 0.4593176
	speed: 0.1301s/iter; left time: 2966.4665s
Epoch: 20 cost time: 36.89476799964905
Epoch: 20, Steps: 284 | Train Loss: 0.4422652 Vali Loss: 0.4617472 Test Loss: 0.1961075
EarlyStopping counter: 15 out of 20
Updating learning rate to 1.6677181699666577e-05
	iters: 100, epoch: 21 | loss: 0.4855659
	speed: 0.3050s/iter; left time: 6899.0010s
	iters: 200, epoch: 21 | loss: 0.4441214
	speed: 0.1298s/iter; left time: 2924.1695s
Epoch: 21 cost time: 36.85348176956177
Epoch: 21, Steps: 284 | Train Loss: 0.4416960 Vali Loss: 0.4632313 Test Loss: 0.1962730
EarlyStopping counter: 16 out of 20
Updating learning rate to 1.5009463529699919e-05
	iters: 100, epoch: 22 | loss: 0.3342457
	speed: 0.3052s/iter; left time: 6817.6942s
	iters: 200, epoch: 22 | loss: 0.3506063
	speed: 0.1301s/iter; left time: 2893.8957s
Epoch: 22 cost time: 36.88486957550049
Epoch: 22, Steps: 284 | Train Loss: 0.4412100 Vali Loss: 0.4644819 Test Loss: 0.1967486
EarlyStopping counter: 17 out of 20
Updating learning rate to 1.3508517176729929e-05
	iters: 100, epoch: 23 | loss: 0.6095995
	speed: 0.3051s/iter; left time: 6727.2985s
	iters: 200, epoch: 23 | loss: 0.3712453
	speed: 0.1300s/iter; left time: 2854.6442s
Epoch: 23 cost time: 36.864808559417725
Epoch: 23, Steps: 284 | Train Loss: 0.4404572 Vali Loss: 0.4611871 Test Loss: 0.1966104
EarlyStopping counter: 18 out of 20
Updating learning rate to 1.2157665459056936e-05
	iters: 100, epoch: 24 | loss: 0.3404941
	speed: 0.3054s/iter; left time: 6647.7516s
	iters: 200, epoch: 24 | loss: 0.3724606
	speed: 0.1302s/iter; left time: 2822.1574s
Epoch: 24 cost time: 36.910747051239014
Epoch: 24, Steps: 284 | Train Loss: 0.4399074 Vali Loss: 0.4635241 Test Loss: 0.1966183
EarlyStopping counter: 19 out of 20
Updating learning rate to 1.0941898913151242e-05
	iters: 100, epoch: 25 | loss: 0.3488418
	speed: 0.3052s/iter; left time: 6557.1026s
	iters: 200, epoch: 25 | loss: 0.3852367
	speed: 0.1301s/iter; left time: 2782.7961s
Epoch: 25 cost time: 36.89509844779968
Epoch: 25, Steps: 284 | Train Loss: 0.4393989 Vali Loss: 0.4632755 Test Loss: 0.1972344
EarlyStopping counter: 20 out of 20
Early stopping
>>>>>>>testing : CMS_weather_336_192_PatchTST_custom_ftM_sl336_ll48_pl192_dm128_nh16_el3_dl1_df256_fc1_ebtimeF_dtTrue_Exp_0<<<<<<<<<<<<<<<<<<<<<<<<<<<<<<<<<
test 10348
mse:0.26336222887039185, mae:0.2996118366718292, rse:0.6751376986503601
Args in experiment:
Namespace(random_seed=2021, is_training=1, model_id='CMS_weather_336_336', model='PatchTST', data='custom', root_path='./dataset/', data_path='weather.csv', features='M', target='OT', freq='h', checkpoints='./checkpoints/', seq_len=336, label_len=48, pred_len=336, head_type='cms', fc_dropout=0.2, head_dropout=0.0, patch_len=16, stride=8, padding_patch='end', revin=1, affine=0, subtract_last=0, decomposition=0, kernel_size=25, individual=0, embed_type=0, enc_in=21, dec_in=7, c_out=7, d_model=128, n_heads=16, e_layers=3, d_layers=1, d_ff=256, moving_avg=25, factor=1, distil=True, dropout=0.2, embed='timeF', activation='gelu', output_attention=False, do_predict=False, num_workers=0, itr=1, train_epochs=100, batch_size=128, patience=20, learning_rate=0.0001, des='Exp', loss='mse', lradj='type3', pct_start=0.3, use_amp=False, use_gpu=True, gpu=0, use_multi_gpu=False, devices='0,1,2,3', test_flop=False)
Use GPU: cuda:0
>>>>>>>start training : CMS_weather_336_336_PatchTST_custom_ftM_sl336_ll48_pl336_dm128_nh16_el3_dl1_df256_fc1_ebtimeF_dtTrue_Exp_0>>>>>>>>>>>>>>>>>>>>>>>>>>
train 36216
val 4935
test 10204
	iters: 100, epoch: 1 | loss: 0.8454807
	speed: 0.1403s/iter; left time: 3943.1250s
	iters: 200, epoch: 1 | loss: 0.6303896
	speed: 0.1272s/iter; left time: 3561.2550s
Epoch: 1 cost time: 36.014270067214966
Epoch: 1, Steps: 282 | Train Loss: 0.7380224 Vali Loss: 0.7109024 Test Loss: 0.3126905
Validation loss decreased (inf --> 0.710902).  Saving model ...
Updating learning rate to 0.0001
	iters: 100, epoch: 2 | loss: 0.4757213
	speed: 0.3047s/iter; left time: 8476.8660s
	iters: 200, epoch: 2 | loss: 0.4497932
	speed: 0.1308s/iter; left time: 3624.5888s
Epoch: 2 cost time: 36.81195950508118
Epoch: 2, Steps: 282 | Train Loss: 0.5840527 Vali Loss: 0.5589312 Test Loss: 0.2556039
Validation loss decreased (0.710902 --> 0.558931).  Saving model ...
Updating learning rate to 0.0001
	iters: 100, epoch: 3 | loss: 0.7150581
	speed: 0.3063s/iter; left time: 8433.4085s
	iters: 200, epoch: 3 | loss: 0.5288000
	speed: 0.1312s/iter; left time: 3599.5874s
Epoch: 3 cost time: 36.903905630111694
Epoch: 3, Steps: 282 | Train Loss: 0.5428343 Vali Loss: 0.5501316 Test Loss: 0.2515096
Validation loss decreased (0.558931 --> 0.550132).  Saving model ...
Updating learning rate to 0.0001
	iters: 100, epoch: 4 | loss: 0.4871062
	speed: 0.3063s/iter; left time: 8347.4509s
	iters: 200, epoch: 4 | loss: 0.4762973
	speed: 0.1310s/iter; left time: 3558.3517s
Epoch: 4 cost time: 36.878636837005615
Epoch: 4, Steps: 282 | Train Loss: 0.5344053 Vali Loss: 0.5449870 Test Loss: 0.2478093
Validation loss decreased (0.550132 --> 0.544987).  Saving model ...
Updating learning rate to 9e-05
	iters: 100, epoch: 5 | loss: 0.5323671
	speed: 0.3064s/iter; left time: 8263.2964s
	iters: 200, epoch: 5 | loss: 0.5006516
	speed: 0.1307s/iter; left time: 3512.5620s
Epoch: 5 cost time: 36.82506966590881
Epoch: 5, Steps: 282 | Train Loss: 0.5266952 Vali Loss: 0.5392972 Test Loss: 0.2456379
Validation loss decreased (0.544987 --> 0.539297).  Saving model ...
Updating learning rate to 8.1e-05
	iters: 100, epoch: 6 | loss: 0.4781200
	speed: 0.3057s/iter; left time: 8160.4250s
	iters: 200, epoch: 6 | loss: 0.4807838
	speed: 0.1307s/iter; left time: 3476.4292s
Epoch: 6 cost time: 36.79323935508728
Epoch: 6, Steps: 282 | Train Loss: 0.5225147 Vali Loss: 0.5414457 Test Loss: 0.2449994
EarlyStopping counter: 1 out of 20
Updating learning rate to 7.290000000000001e-05
	iters: 100, epoch: 7 | loss: 0.4493097
	speed: 0.3047s/iter; left time: 8048.0794s
	iters: 200, epoch: 7 | loss: 0.4312449
	speed: 0.1308s/iter; left time: 3439.9671s
Epoch: 7 cost time: 36.79687809944153
Epoch: 7, Steps: 282 | Train Loss: 0.5189789 Vali Loss: 0.5374026 Test Loss: 0.2451778
Validation loss decreased (0.539297 --> 0.537403).  Saving model ...
Updating learning rate to 6.561e-05
	iters: 100, epoch: 8 | loss: 0.4973590
	speed: 0.3106s/iter; left time: 8116.2330s
	iters: 200, epoch: 8 | loss: 0.5347492
	speed: 0.1306s/iter; left time: 3399.6212s
Epoch: 8 cost time: 36.75775122642517
Epoch: 8, Steps: 282 | Train Loss: 0.5156495 Vali Loss: 0.5345898 Test Loss: 0.2457875
Validation loss decreased (0.537403 --> 0.534590).  Saving model ...
Updating learning rate to 5.904900000000001e-05
	iters: 100, epoch: 9 | loss: 0.4617814
	speed: 0.3055s/iter; left time: 7895.0495s
	iters: 200, epoch: 9 | loss: 0.6042920
	speed: 0.1306s/iter; left time: 3362.0087s
Epoch: 9 cost time: 36.783082723617554
Epoch: 9, Steps: 282 | Train Loss: 0.5131882 Vali Loss: 0.5381657 Test Loss: 0.2475489
EarlyStopping counter: 1 out of 20
Updating learning rate to 5.3144100000000005e-05
	iters: 100, epoch: 10 | loss: 0.5017017
	speed: 0.3046s/iter; left time: 7786.5190s
	iters: 200, epoch: 10 | loss: 0.4215449
	speed: 0.1307s/iter; left time: 3329.1482s
Epoch: 10 cost time: 36.785229206085205
Epoch: 10, Steps: 282 | Train Loss: 0.5105952 Vali Loss: 0.5336034 Test Loss: 0.2478787
Validation loss decreased (0.534590 --> 0.533603).  Saving model ...
Updating learning rate to 4.782969000000001e-05
	iters: 100, epoch: 11 | loss: 0.5094939
	speed: 0.3051s/iter; left time: 7712.2617s
	iters: 200, epoch: 11 | loss: 0.5028823
	speed: 0.1306s/iter; left time: 3288.2524s
Epoch: 11 cost time: 36.78063941001892
Epoch: 11, Steps: 282 | Train Loss: 0.5084318 Vali Loss: 0.5395185 Test Loss: 0.2471993
EarlyStopping counter: 1 out of 20
Updating learning rate to 4.304672100000001e-05
	iters: 100, epoch: 12 | loss: 0.4856629
	speed: 0.3046s/iter; left time: 7614.3773s
	iters: 200, epoch: 12 | loss: 0.4649600
	speed: 0.1306s/iter; left time: 3251.5056s
Epoch: 12 cost time: 36.80202126502991
Epoch: 12, Steps: 282 | Train Loss: 0.5061605 Vali Loss: 0.5390269 Test Loss: 0.2484389
EarlyStopping counter: 2 out of 20
Updating learning rate to 3.874204890000001e-05
	iters: 100, epoch: 13 | loss: 0.6425013
	speed: 0.3045s/iter; left time: 7526.5042s
	iters: 200, epoch: 13 | loss: 0.5398223
	speed: 0.1306s/iter; left time: 3214.9211s
Epoch: 13 cost time: 36.75449585914612
Epoch: 13, Steps: 282 | Train Loss: 0.5045746 Vali Loss: 0.5335554 Test Loss: 0.2482141
Validation loss decreased (0.533603 --> 0.533555).  Saving model ...
Updating learning rate to 3.486784401000001e-05
	iters: 100, epoch: 14 | loss: 0.5039155
	speed: 0.3050s/iter; left time: 7452.1375s
	iters: 200, epoch: 14 | loss: 0.5005654
	speed: 0.1308s/iter; left time: 3182.0492s
Epoch: 14 cost time: 36.79644441604614
Epoch: 14, Steps: 282 | Train Loss: 0.5030662 Vali Loss: 0.5338413 Test Loss: 0.2495890
EarlyStopping counter: 1 out of 20
Updating learning rate to 3.138105960900001e-05
	iters: 100, epoch: 15 | loss: 0.3902465
	speed: 0.3048s/iter; left time: 7362.4263s
	iters: 200, epoch: 15 | loss: 0.6071151
	speed: 0.1307s/iter; left time: 3143.7747s
Epoch: 15 cost time: 36.775747776031494
Epoch: 15, Steps: 282 | Train Loss: 0.5015946 Vali Loss: 0.5375321 Test Loss: 0.2498948
EarlyStopping counter: 2 out of 20
Updating learning rate to 2.824295364810001e-05
	iters: 100, epoch: 16 | loss: 0.5124146
	speed: 0.3039s/iter; left time: 7254.1080s
	iters: 200, epoch: 16 | loss: 0.5619612
	speed: 0.1301s/iter; left time: 3092.0202s
Epoch: 16 cost time: 36.62141466140747
Epoch: 16, Steps: 282 | Train Loss: 0.4998805 Vali Loss: 0.5361904 Test Loss: 0.2497698
EarlyStopping counter: 3 out of 20
Updating learning rate to 2.541865828329001e-05
	iters: 100, epoch: 17 | loss: 0.6803653
	speed: 0.3033s/iter; left time: 7154.0660s
	iters: 200, epoch: 17 | loss: 0.5362686
	speed: 0.1303s/iter; left time: 3060.6142s
Epoch: 17 cost time: 36.68580889701843
Epoch: 17, Steps: 282 | Train Loss: 0.4988334 Vali Loss: 0.5328064 Test Loss: 0.2504168
Validation loss decreased (0.533555 --> 0.532806).  Saving model ...
Updating learning rate to 2.287679245496101e-05
	iters: 100, epoch: 18 | loss: 0.4310528
	speed: 0.3046s/iter; left time: 7098.3630s
	iters: 200, epoch: 18 | loss: 0.4011145
	speed: 0.1303s/iter; left time: 3024.3642s
Epoch: 18 cost time: 36.64312720298767
Epoch: 18, Steps: 282 | Train Loss: 0.4967675 Vali Loss: 0.5370408 Test Loss: 0.2512721
EarlyStopping counter: 1 out of 20
Updating learning rate to 2.0589113209464907e-05
	iters: 100, epoch: 19 | loss: 0.4125037
	speed: 0.3043s/iter; left time: 7006.1032s
	iters: 200, epoch: 19 | loss: 0.5165062
	speed: 0.1336s/iter; left time: 3062.9693s
Epoch: 19 cost time: 36.96783137321472
Epoch: 19, Steps: 282 | Train Loss: 0.4967865 Vali Loss: 0.5371953 Test Loss: 0.2517930
EarlyStopping counter: 2 out of 20
Updating learning rate to 1.8530201888518416e-05
	iters: 100, epoch: 20 | loss: 0.4317819
	speed: 0.3042s/iter; left time: 6919.0815s
	iters: 200, epoch: 20 | loss: 0.4836802
	speed: 0.1302s/iter; left time: 2947.4816s
Epoch: 20 cost time: 36.6491973400116
Epoch: 20, Steps: 282 | Train Loss: 0.4959985 Vali Loss: 0.5344957 Test Loss: 0.2505892
EarlyStopping counter: 3 out of 20
Updating learning rate to 1.6677181699666577e-05
	iters: 100, epoch: 21 | loss: 0.4601782
	speed: 0.3041s/iter; left time: 6831.0772s
	iters: 200, epoch: 21 | loss: 0.4371454
	speed: 0.1304s/iter; left time: 2916.8269s
Epoch: 21 cost time: 36.70960235595703
Epoch: 21, Steps: 282 | Train Loss: 0.4948942 Vali Loss: 0.5361024 Test Loss: 0.2527002
EarlyStopping counter: 4 out of 20
Updating learning rate to 1.5009463529699919e-05
	iters: 100, epoch: 22 | loss: 0.5582977
	speed: 0.3036s/iter; left time: 6734.4400s
	iters: 200, epoch: 22 | loss: 0.4460571
	speed: 0.1304s/iter; left time: 2878.8785s
Epoch: 22 cost time: 36.703319787979126
Epoch: 22, Steps: 282 | Train Loss: 0.4942738 Vali Loss: 0.5335276 Test Loss: 0.2520815
EarlyStopping counter: 5 out of 20
Updating learning rate to 1.3508517176729929e-05
	iters: 100, epoch: 23 | loss: 0.4320676
	speed: 0.3036s/iter; left time: 6648.8946s
	iters: 200, epoch: 23 | loss: 0.3903313
	speed: 0.1304s/iter; left time: 2842.0856s
Epoch: 23 cost time: 36.71701240539551
Epoch: 23, Steps: 282 | Train Loss: 0.4938610 Vali Loss: 0.5363560 Test Loss: 0.2525299
EarlyStopping counter: 6 out of 20
Updating learning rate to 1.2157665459056936e-05
	iters: 100, epoch: 24 | loss: 0.4696834
	speed: 0.3046s/iter; left time: 6584.1062s
	iters: 200, epoch: 24 | loss: 0.4595910
	speed: 0.1302s/iter; left time: 2800.4350s
Epoch: 24 cost time: 36.64665341377258
Epoch: 24, Steps: 282 | Train Loss: 0.4929404 Vali Loss: 0.5366108 Test Loss: 0.2519490
EarlyStopping counter: 7 out of 20
Updating learning rate to 1.0941898913151242e-05
	iters: 100, epoch: 25 | loss: 0.4626491
	speed: 0.3037s/iter; left time: 6478.2816s
	iters: 200, epoch: 25 | loss: 0.5005515
	speed: 0.1303s/iter; left time: 2767.4496s
Epoch: 25 cost time: 36.735015630722046
Epoch: 25, Steps: 282 | Train Loss: 0.4924511 Vali Loss: 0.5361624 Test Loss: 0.2523252
EarlyStopping counter: 8 out of 20
Updating learning rate to 9.847709021836118e-06
	iters: 100, epoch: 26 | loss: 0.3922386
	speed: 0.3042s/iter; left time: 6404.2789s
	iters: 200, epoch: 26 | loss: 0.6246309
	speed: 0.1303s/iter; left time: 2729.6447s
Epoch: 26 cost time: 36.682631492614746
Epoch: 26, Steps: 282 | Train Loss: 0.4920812 Vali Loss: 0.5351763 Test Loss: 0.2528697
EarlyStopping counter: 9 out of 20
Updating learning rate to 8.862938119652508e-06
	iters: 100, epoch: 27 | loss: 0.4779522
	speed: 0.3041s/iter; left time: 6314.8336s
	iters: 200, epoch: 27 | loss: 0.3885466
	speed: 0.1302s/iter; left time: 2690.9729s
Epoch: 27 cost time: 36.66140007972717
Epoch: 27, Steps: 282 | Train Loss: 0.4914760 Vali Loss: 0.5355285 Test Loss: 0.2523303
EarlyStopping counter: 10 out of 20
Updating learning rate to 7.976644307687255e-06
	iters: 100, epoch: 28 | loss: 0.6026747
	speed: 0.3042s/iter; left time: 6231.7425s
	iters: 200, epoch: 28 | loss: 0.4850279
	speed: 0.1301s/iter; left time: 2652.1966s
Epoch: 28 cost time: 36.633235931396484
Epoch: 28, Steps: 282 | Train Loss: 0.4911389 Vali Loss: 0.5397545 Test Loss: 0.2531368
EarlyStopping counter: 11 out of 20
Updating learning rate to 7.178979876918531e-06
	iters: 100, epoch: 29 | loss: 0.4301053
	speed: 0.3036s/iter; left time: 6134.0065s
	iters: 200, epoch: 29 | loss: 0.5026829
	speed: 0.1304s/iter; left time: 2620.7650s
Epoch: 29 cost time: 36.66289734840393
Epoch: 29, Steps: 282 | Train Loss: 0.4902817 Vali Loss: 0.5380611 Test Loss: 0.2531929
EarlyStopping counter: 12 out of 20
Updating learning rate to 6.4610818892266776e-06
	iters: 100, epoch: 30 | loss: 0.5006799
	speed: 0.3039s/iter; left time: 6055.3230s
	iters: 200, epoch: 30 | loss: 0.5723277
	speed: 0.1302s/iter; left time: 2580.9834s
Epoch: 30 cost time: 36.657793283462524
Epoch: 30, Steps: 282 | Train Loss: 0.4904594 Vali Loss: 0.5381623 Test Loss: 0.2532850
EarlyStopping counter: 13 out of 20
Updating learning rate to 5.8149737003040096e-06
	iters: 100, epoch: 31 | loss: 0.5063053
	speed: 0.3038s/iter; left time: 5967.3942s
	iters: 200, epoch: 31 | loss: 0.5052043
	speed: 0.1303s/iter; left time: 2546.3659s
Epoch: 31 cost time: 36.66756248474121
Epoch: 31, Steps: 282 | Train Loss: 0.4902033 Vali Loss: 0.5374810 Test Loss: 0.2532374
EarlyStopping counter: 14 out of 20
Updating learning rate to 5.23347633027361e-06
	iters: 100, epoch: 32 | loss: 0.4547101
	speed: 0.3036s/iter; left time: 5877.8956s
	iters: 200, epoch: 32 | loss: 0.4629892
	speed: 0.1304s/iter; left time: 2511.5388s
Epoch: 32 cost time: 36.69623780250549
Epoch: 32, Steps: 282 | Train Loss: 0.4894645 Vali Loss: 0.5374247 Test Loss: 0.2529587
EarlyStopping counter: 15 out of 20
Updating learning rate to 4.710128697246249e-06
	iters: 100, epoch: 33 | loss: 0.4192986
	speed: 0.3043s/iter; left time: 5805.9160s
	iters: 200, epoch: 33 | loss: 0.6037224
	speed: 0.1304s/iter; left time: 2474.9404s
Epoch: 33 cost time: 36.71658682823181
Epoch: 33, Steps: 282 | Train Loss: 0.4894723 Vali Loss: 0.5385273 Test Loss: 0.2539415
EarlyStopping counter: 16 out of 20
Updating learning rate to 4.239115827521624e-06
	iters: 100, epoch: 34 | loss: 0.5360397
	speed: 0.3047s/iter; left time: 5727.2856s
	iters: 200, epoch: 34 | loss: 0.4321502
	speed: 0.1305s/iter; left time: 2439.2891s
Epoch: 34 cost time: 36.73530387878418
Epoch: 34, Steps: 282 | Train Loss: 0.4886994 Vali Loss: 0.5370125 Test Loss: 0.2531878
EarlyStopping counter: 17 out of 20
Updating learning rate to 3.815204244769462e-06
	iters: 100, epoch: 35 | loss: 0.4915428
	speed: 0.3044s/iter; left time: 5635.4480s
	iters: 200, epoch: 35 | loss: 0.5053138
	speed: 0.1306s/iter; left time: 2404.0222s
Epoch: 35 cost time: 36.73667120933533
Epoch: 35, Steps: 282 | Train Loss: 0.4893791 Vali Loss: 0.5373854 Test Loss: 0.2536457
EarlyStopping counter: 18 out of 20
Updating learning rate to 3.4336838202925152e-06
	iters: 100, epoch: 36 | loss: 0.4514299
	speed: 0.3039s/iter; left time: 5541.0623s
	iters: 200, epoch: 36 | loss: 0.4712667
	speed: 0.1306s/iter; left time: 2367.7590s
Epoch: 36 cost time: 36.75648832321167
Epoch: 36, Steps: 282 | Train Loss: 0.4883996 Vali Loss: 0.5356627 Test Loss: 0.2539174
EarlyStopping counter: 19 out of 20
Updating learning rate to 3.090315438263264e-06
	iters: 100, epoch: 37 | loss: 0.5428042
	speed: 0.3050s/iter; left time: 5474.2672s
	iters: 200, epoch: 37 | loss: 0.4696558
	speed: 0.1304s/iter; left time: 2327.2979s
Epoch: 37 cost time: 36.71821045875549
Epoch: 37, Steps: 282 | Train Loss: 0.4886142 Vali Loss: 0.5381048 Test Loss: 0.2535776
EarlyStopping counter: 20 out of 20
Early stopping
>>>>>>>testing : CMS_weather_336_336_PatchTST_custom_ftM_sl336_ll48_pl336_dm128_nh16_el3_dl1_df256_fc1_ebtimeF_dtTrue_Exp_0<<<<<<<<<<<<<<<<<<<<<<<<<<<<<<<<<
test 10204
mse:0.31642958521842957, mae:0.33587414026260376, rse:0.7389255166053772
Args in experiment:
Namespace(random_seed=2021, is_training=1, model_id='CMS_weather_336_720', model='PatchTST', data='custom', root_path='./dataset/', data_path='weather.csv', features='M', target='OT', freq='h', checkpoints='./checkpoints/', seq_len=336, label_len=48, pred_len=720, head_type='cms', fc_dropout=0.2, head_dropout=0.0, patch_len=16, stride=8, padding_patch='end', revin=1, affine=0, subtract_last=0, decomposition=0, kernel_size=25, individual=0, embed_type=0, enc_in=21, dec_in=7, c_out=7, d_model=128, n_heads=16, e_layers=3, d_layers=1, d_ff=256, moving_avg=25, factor=1, distil=True, dropout=0.2, embed='timeF', activation='gelu', output_attention=False, do_predict=False, num_workers=0, itr=1, train_epochs=100, batch_size=128, patience=20, learning_rate=0.0001, des='Exp', loss='mse', lradj='type3', pct_start=0.3, use_amp=False, use_gpu=True, gpu=0, use_multi_gpu=False, devices='0,1,2,3', test_flop=False)
Use GPU: cuda:0
>>>>>>>start training : CMS_weather_336_720_PatchTST_custom_ftM_sl336_ll48_pl720_dm128_nh16_el3_dl1_df256_fc1_ebtimeF_dtTrue_Exp_0>>>>>>>>>>>>>>>>>>>>>>>>>>
train 35832
val 4551
test 9820
	iters: 100, epoch: 1 | loss: 0.8036111
	speed: 0.1536s/iter; left time: 4270.7708s
	iters: 200, epoch: 1 | loss: 0.7572477
	speed: 0.1273s/iter; left time: 3526.9993s
Epoch: 1 cost time: 35.67248606681824
Epoch: 1, Steps: 279 | Train Loss: 0.7989666 Vali Loss: 0.8003713 Test Loss: 0.3658761
Validation loss decreased (inf --> 0.800371).  Saving model ...
Updating learning rate to 0.0001
	iters: 100, epoch: 2 | loss: 0.7912698
	speed: 0.3078s/iter; left time: 8471.7794s
	iters: 200, epoch: 2 | loss: 0.6232259
	speed: 0.1328s/iter; left time: 3640.3983s
Epoch: 2 cost time: 36.943167209625244
Epoch: 2, Steps: 279 | Train Loss: 0.6609792 Vali Loss: 0.6683620 Test Loss: 0.3267338
Validation loss decreased (0.800371 --> 0.668362).  Saving model ...
Updating learning rate to 0.0001
	iters: 100, epoch: 3 | loss: 0.6137272
	speed: 0.3094s/iter; left time: 8428.3839s
	iters: 200, epoch: 3 | loss: 0.5631710
	speed: 0.1330s/iter; left time: 3610.6666s
Epoch: 3 cost time: 37.00996279716492
Epoch: 3, Steps: 279 | Train Loss: 0.6161090 Vali Loss: 0.6588451 Test Loss: 0.3218786
Validation loss decreased (0.668362 --> 0.658845).  Saving model ...
Updating learning rate to 0.0001
	iters: 100, epoch: 4 | loss: 0.5688509
	speed: 0.3100s/iter; left time: 8357.5352s
	iters: 200, epoch: 4 | loss: 0.5797231
	speed: 0.1327s/iter; left time: 3563.5538s
Epoch: 4 cost time: 36.94330883026123
Epoch: 4, Steps: 279 | Train Loss: 0.6058413 Vali Loss: 0.6522210 Test Loss: 0.3188919
Validation loss decreased (0.658845 --> 0.652221).  Saving model ...
Updating learning rate to 9e-05
	iters: 100, epoch: 5 | loss: 0.5629532
	speed: 0.3098s/iter; left time: 8266.7371s
	iters: 200, epoch: 5 | loss: 0.6769543
	speed: 0.1323s/iter; left time: 3518.4402s
Epoch: 5 cost time: 36.88244605064392
Epoch: 5, Steps: 279 | Train Loss: 0.5996982 Vali Loss: 0.6498677 Test Loss: 0.3185750
Validation loss decreased (0.652221 --> 0.649868).  Saving model ...
Updating learning rate to 8.1e-05
	iters: 100, epoch: 6 | loss: 0.5559106
	speed: 0.3087s/iter; left time: 8150.7538s
	iters: 200, epoch: 6 | loss: 0.6353296
	speed: 0.1321s/iter; left time: 3475.5453s
Epoch: 6 cost time: 36.768290758132935
Epoch: 6, Steps: 279 | Train Loss: 0.5949955 Vali Loss: 0.6485029 Test Loss: 0.3190175
Validation loss decreased (0.649868 --> 0.648503).  Saving model ...
Updating learning rate to 7.290000000000001e-05
	iters: 100, epoch: 7 | loss: 0.5082306
	speed: 0.3090s/iter; left time: 8072.9795s
	iters: 200, epoch: 7 | loss: 0.6262602
	speed: 0.1323s/iter; left time: 3442.8011s
Epoch: 7 cost time: 36.84714603424072
Epoch: 7, Steps: 279 | Train Loss: 0.5913514 Vali Loss: 0.6465307 Test Loss: 0.3192254
Validation loss decreased (0.648503 --> 0.646531).  Saving model ...
Updating learning rate to 6.561e-05
	iters: 100, epoch: 8 | loss: 0.5863556
	speed: 0.3082s/iter; left time: 7965.6554s
	iters: 200, epoch: 8 | loss: 0.5208036
	speed: 0.1319s/iter; left time: 3395.1981s
Epoch: 8 cost time: 36.77111887931824
Epoch: 8, Steps: 279 | Train Loss: 0.5883787 Vali Loss: 0.6463405 Test Loss: 0.3205701
Validation loss decreased (0.646531 --> 0.646340).  Saving model ...
Updating learning rate to 5.904900000000001e-05
	iters: 100, epoch: 9 | loss: 0.6111112
	speed: 0.3088s/iter; left time: 7896.1886s
	iters: 200, epoch: 9 | loss: 0.5020669
	speed: 0.1320s/iter; left time: 3362.2755s
Epoch: 9 cost time: 36.72992014884949
Epoch: 9, Steps: 279 | Train Loss: 0.5853929 Vali Loss: 0.6457375 Test Loss: 0.3200172
Validation loss decreased (0.646340 --> 0.645737).  Saving model ...
Updating learning rate to 5.3144100000000005e-05
	iters: 100, epoch: 10 | loss: 0.5273211
	speed: 0.3086s/iter; left time: 7803.8682s
	iters: 200, epoch: 10 | loss: 0.6491582
	speed: 0.1320s/iter; left time: 3324.1435s
Epoch: 10 cost time: 36.76388430595398
Epoch: 10, Steps: 279 | Train Loss: 0.5826405 Vali Loss: 0.6487110 Test Loss: 0.3219521
EarlyStopping counter: 1 out of 20
Updating learning rate to 4.782969000000001e-05
	iters: 100, epoch: 11 | loss: 0.6437417
	speed: 0.3088s/iter; left time: 7723.6547s
	iters: 200, epoch: 11 | loss: 0.5918279
	speed: 0.1320s/iter; left time: 3287.8633s
Epoch: 11 cost time: 36.77760648727417
Epoch: 11, Steps: 279 | Train Loss: 0.5801023 Vali Loss: 0.6485102 Test Loss: 0.3233555
EarlyStopping counter: 2 out of 20
Updating learning rate to 4.304672100000001e-05
	iters: 100, epoch: 12 | loss: 0.5140867
	speed: 0.3072s/iter; left time: 7596.9865s
	iters: 200, epoch: 12 | loss: 0.5173070
	speed: 0.1320s/iter; left time: 3251.5996s
Epoch: 12 cost time: 36.75488257408142
Epoch: 12, Steps: 279 | Train Loss: 0.5775992 Vali Loss: 0.6515703 Test Loss: 0.3236905
EarlyStopping counter: 3 out of 20
Updating learning rate to 3.874204890000001e-05
	iters: 100, epoch: 13 | loss: 0.5685514
	speed: 0.3082s/iter; left time: 7537.3493s
	iters: 200, epoch: 13 | loss: 0.5164790
	speed: 0.1319s/iter; left time: 3212.7779s
Epoch: 13 cost time: 36.78485608100891
Epoch: 13, Steps: 279 | Train Loss: 0.5752243 Vali Loss: 0.6530038 Test Loss: 0.3253793
EarlyStopping counter: 4 out of 20
Updating learning rate to 3.486784401000001e-05
	iters: 100, epoch: 14 | loss: 0.6045762
	speed: 0.3079s/iter; left time: 7442.2005s
	iters: 200, epoch: 14 | loss: 0.6058940
	speed: 0.1320s/iter; left time: 3177.2974s
Epoch: 14 cost time: 36.72693920135498
Epoch: 14, Steps: 279 | Train Loss: 0.5733137 Vali Loss: 0.6518974 Test Loss: 0.3255063
EarlyStopping counter: 5 out of 20
Updating learning rate to 3.138105960900001e-05
	iters: 100, epoch: 15 | loss: 0.5915323
	speed: 0.3077s/iter; left time: 7351.4456s
	iters: 200, epoch: 15 | loss: 0.6146432
	speed: 0.1317s/iter; left time: 3132.9219s
Epoch: 15 cost time: 36.666138648986816
Epoch: 15, Steps: 279 | Train Loss: 0.5732250 Vali Loss: 0.6541772 Test Loss: 0.3275859
EarlyStopping counter: 6 out of 20
Updating learning rate to 2.824295364810001e-05
	iters: 100, epoch: 16 | loss: 0.6607776
	speed: 0.3078s/iter; left time: 7267.8460s
	iters: 200, epoch: 16 | loss: 0.5994449
	speed: 0.1316s/iter; left time: 3093.7703s
Epoch: 16 cost time: 36.63243508338928
Epoch: 16, Steps: 279 | Train Loss: 0.5705371 Vali Loss: 0.6548389 Test Loss: 0.3281157
EarlyStopping counter: 7 out of 20
Updating learning rate to 2.541865828329001e-05
	iters: 100, epoch: 17 | loss: 0.5854530
	speed: 0.3055s/iter; left time: 7128.7405s
	iters: 200, epoch: 17 | loss: 0.5515761
	speed: 0.1318s/iter; left time: 3062.8368s
Epoch: 17 cost time: 36.69082069396973
Epoch: 17, Steps: 279 | Train Loss: 0.5696190 Vali Loss: 0.6527796 Test Loss: 0.3284160
EarlyStopping counter: 8 out of 20
Updating learning rate to 2.287679245496101e-05
	iters: 100, epoch: 18 | loss: 0.5607135
	speed: 0.3063s/iter; left time: 7063.6164s
	iters: 200, epoch: 18 | loss: 0.6534878
	speed: 0.1317s/iter; left time: 3024.6592s
Epoch: 18 cost time: 36.71786689758301
Epoch: 18, Steps: 279 | Train Loss: 0.5683318 Vali Loss: 0.6538967 Test Loss: 0.3279102
EarlyStopping counter: 9 out of 20
Updating learning rate to 2.0589113209464907e-05
	iters: 100, epoch: 19 | loss: 0.5775011
	speed: 0.3081s/iter; left time: 7019.0394s
	iters: 200, epoch: 19 | loss: 0.4846546
	speed: 0.1318s/iter; left time: 2989.5553s
Epoch: 19 cost time: 36.7476761341095
Epoch: 19, Steps: 279 | Train Loss: 0.5672084 Vali Loss: 0.6560386 Test Loss: 0.3294888
EarlyStopping counter: 10 out of 20
Updating learning rate to 1.8530201888518416e-05
	iters: 100, epoch: 20 | loss: 0.5300863
	speed: 0.3078s/iter; left time: 6926.0908s
	iters: 200, epoch: 20 | loss: 0.5735602
	speed: 0.1318s/iter; left time: 2951.7406s
Epoch: 20 cost time: 36.731377601623535
Epoch: 20, Steps: 279 | Train Loss: 0.5666694 Vali Loss: 0.6586235 Test Loss: 0.3307720
EarlyStopping counter: 11 out of 20
Updating learning rate to 1.6677181699666577e-05
	iters: 100, epoch: 21 | loss: 0.5346124
	speed: 0.3077s/iter; left time: 6837.4127s
	iters: 200, epoch: 21 | loss: 0.6185617
	speed: 0.1317s/iter; left time: 2913.1704s
Epoch: 21 cost time: 36.666606426239014
Epoch: 21, Steps: 279 | Train Loss: 0.5660587 Vali Loss: 0.6581113 Test Loss: 0.3314071
EarlyStopping counter: 12 out of 20
Updating learning rate to 1.5009463529699919e-05
	iters: 100, epoch: 22 | loss: 0.4878950
	speed: 0.3067s/iter; left time: 6728.6355s
	iters: 200, epoch: 22 | loss: 0.5699724
	speed: 0.1319s/iter; left time: 2880.0095s
Epoch: 22 cost time: 36.68116593360901
Epoch: 22, Steps: 279 | Train Loss: 0.5655616 Vali Loss: 0.6560625 Test Loss: 0.3317786
EarlyStopping counter: 13 out of 20
Updating learning rate to 1.3508517176729929e-05
	iters: 100, epoch: 23 | loss: 0.5943246
	speed: 0.3078s/iter; left time: 6668.3467s
	iters: 200, epoch: 23 | loss: 0.5772361
	speed: 0.1318s/iter; left time: 2841.5690s
Epoch: 23 cost time: 36.731796979904175
Epoch: 23, Steps: 279 | Train Loss: 0.5649783 Vali Loss: 0.6539969 Test Loss: 0.3299843
EarlyStopping counter: 14 out of 20
Updating learning rate to 1.2157665459056936e-05
	iters: 100, epoch: 24 | loss: 0.5808422
	speed: 0.3077s/iter; left time: 6580.6840s
	iters: 200, epoch: 24 | loss: 0.5178188
	speed: 0.1315s/iter; left time: 2798.9407s
Epoch: 24 cost time: 36.664132595062256
Epoch: 24, Steps: 279 | Train Loss: 0.5638201 Vali Loss: 0.6576133 Test Loss: 0.3311330
EarlyStopping counter: 15 out of 20
Updating learning rate to 1.0941898913151242e-05
	iters: 100, epoch: 25 | loss: 0.5251029
	speed: 0.3078s/iter; left time: 6496.9160s
	iters: 200, epoch: 25 | loss: 0.5870605
	speed: 0.1319s/iter; left time: 2770.4108s
Epoch: 25 cost time: 36.731684923172
Epoch: 25, Steps: 279 | Train Loss: 0.5637188 Vali Loss: 0.6592039 Test Loss: 0.3321705
EarlyStopping counter: 16 out of 20
Updating learning rate to 9.847709021836118e-06
	iters: 100, epoch: 26 | loss: 0.5649068
	speed: 0.3082s/iter; left time: 6418.5328s
	iters: 200, epoch: 26 | loss: 0.5339124
	speed: 0.1318s/iter; left time: 2731.9423s
Epoch: 26 cost time: 36.667214155197144
Epoch: 26, Steps: 279 | Train Loss: 0.5628711 Vali Loss: 0.6563524 Test Loss: 0.3306922
EarlyStopping counter: 17 out of 20
Updating learning rate to 8.862938119652508e-06
	iters: 100, epoch: 27 | loss: 0.5088221
	speed: 0.3068s/iter; left time: 6302.9751s
	iters: 200, epoch: 27 | loss: 0.5222390
	speed: 0.1318s/iter; left time: 2693.9893s
Epoch: 27 cost time: 36.720940351486206
Epoch: 27, Steps: 279 | Train Loss: 0.5622906 Vali Loss: 0.6585348 Test Loss: 0.3324383
EarlyStopping counter: 18 out of 20
Updating learning rate to 7.976644307687255e-06
	iters: 100, epoch: 28 | loss: 0.5392072
	speed: 0.3069s/iter; left time: 6219.4817s
	iters: 200, epoch: 28 | loss: 0.5511596
	speed: 0.1317s/iter; left time: 2656.4481s
Epoch: 28 cost time: 36.69629526138306
Epoch: 28, Steps: 279 | Train Loss: 0.5618753 Vali Loss: 0.6568981 Test Loss: 0.3321242
EarlyStopping counter: 19 out of 20
Updating learning rate to 7.178979876918531e-06
	iters: 100, epoch: 29 | loss: 0.5766895
	speed: 0.3079s/iter; left time: 6154.2915s
	iters: 200, epoch: 29 | loss: 0.5490309
	speed: 0.1317s/iter; left time: 2619.3518s
Epoch: 29 cost time: 36.74667024612427
Epoch: 29, Steps: 279 | Train Loss: 0.5617712 Vali Loss: 0.6601573 Test Loss: 0.3331455
EarlyStopping counter: 20 out of 20
Early stopping
>>>>>>>testing : CMS_weather_336_720_PatchTST_custom_ftM_sl336_ll48_pl720_dm128_nh16_el3_dl1_df256_fc1_ebtimeF_dtTrue_Exp_0<<<<<<<<<<<<<<<<<<<<<<<<<<<<<<<<<
test 9820
mse:0.38686227798461914, mae:0.3830520808696747, rse:0.8205340504646301
