==========================================================
Lanzando Experimento: CMSweather | Dataset: weather
==========================================================
Args in experiment:
Namespace(random_seed=2021, is_training=1, model_id='CMSweather_336_96', model='PatchTST', data='custom', root_path='./dataset/', data_path='weather.csv', features='M', target='OT', freq='h', checkpoints='./checkpoints/', seq_len=336, label_len=48, pred_len=96, head_type='flatten', fc_dropout=0.2, head_dropout=0.0, patch_len=16, stride=8, padding_patch='end', revin=1, affine=0, subtract_last=0, decomposition=0, kernel_size=25, individual=0, embed_type=0, enc_in=21, dec_in=7, c_out=7, d_model=128, n_heads=16, e_layers=3, d_layers=1, d_ff=256, moving_avg=25, factor=1, distil=True, dropout=0.2, embed='timeF', activation='gelu', output_attention=False, do_predict=False, num_workers=0, itr=1, train_epochs=100, batch_size=128, patience=20, learning_rate=0.0001, des='Exp', loss='mse', lradj='type3', pct_start=0.3, use_amp=False, use_gpu=True, gpu=0, use_multi_gpu=False, devices='0,1,2,3', test_flop=False)
Use GPU: cuda:0
>>>>>>>start training : CMSweather_336_96_PatchTST_custom_ftM_sl336_ll48_pl96_dm128_nh16_el3_dl1_df256_fc1_ebtimeF_dtTrue_Exp_0>>>>>>>>>>>>>>>>>>>>>>>>>>
train 36456
val 5175
test 10444
	iters: 100, epoch: 1 | loss: 0.7010335
	speed: 0.1347s/iter; left time: 3811.8079s
	iters: 200, epoch: 1 | loss: 0.7004402
	speed: 0.1167s/iter; left time: 3290.5440s
Epoch: 1 cost time: 33.70635747909546
Epoch: 1, Steps: 284 | Train Loss: 0.7457538 Vali Loss: 0.5413513 Test Loss: 0.2213813
Validation loss decreased (inf --> 0.541351).  Saving model ...
Updating learning rate to 0.0001
	iters: 100, epoch: 2 | loss: 0.3527751
	speed: 0.2778s/iter; left time: 7784.0234s
	iters: 200, epoch: 2 | loss: 0.4068260
	speed: 0.1185s/iter; left time: 3308.6553s
Epoch: 2 cost time: 33.736788272857666
Epoch: 2, Steps: 284 | Train Loss: 0.4903953 Vali Loss: 0.4192045 Test Loss: 0.1700536
Validation loss decreased (0.541351 --> 0.419205).  Saving model ...
Updating learning rate to 0.0001
	iters: 100, epoch: 3 | loss: 0.4490213
	speed: 0.2844s/iter; left time: 7887.3008s
	iters: 200, epoch: 3 | loss: 0.4185444
	speed: 0.1249s/iter; left time: 3450.4170s
Epoch: 3 cost time: 35.27555990219116
Epoch: 3, Steps: 284 | Train Loss: 0.4484225 Vali Loss: 0.4054736 Test Loss: 0.1625005
Validation loss decreased (0.419205 --> 0.405474).  Saving model ...
Updating learning rate to 0.0001
	iters: 100, epoch: 4 | loss: 0.3604078
	speed: 0.2951s/iter; left time: 8101.2350s
	iters: 200, epoch: 4 | loss: 0.6360841
	speed: 0.1276s/iter; left time: 3489.0915s
Epoch: 4 cost time: 36.184306144714355
Epoch: 4, Steps: 284 | Train Loss: 0.4407963 Vali Loss: 0.3952292 Test Loss: 0.1594852
Validation loss decreased (0.405474 --> 0.395229).  Saving model ...
Updating learning rate to 9e-05
	iters: 100, epoch: 5 | loss: 0.3681185
	speed: 0.2999s/iter; left time: 8147.5939s
	iters: 200, epoch: 5 | loss: 0.8107256
	speed: 0.1292s/iter; left time: 3497.3523s
Epoch: 5 cost time: 36.60592579841614
Epoch: 5, Steps: 284 | Train Loss: 0.4354926 Vali Loss: 0.3960739 Test Loss: 0.1582693
EarlyStopping counter: 1 out of 20
Updating learning rate to 8.1e-05
	iters: 100, epoch: 6 | loss: 0.3595802
	speed: 0.3039s/iter; left time: 8169.5860s
	iters: 200, epoch: 6 | loss: 0.4250427
	speed: 0.1299s/iter; left time: 3479.9051s
Epoch: 6 cost time: 36.89759683609009
Epoch: 6, Steps: 284 | Train Loss: 0.4324136 Vali Loss: 0.3939835 Test Loss: 0.1560852
Validation loss decreased (0.395229 --> 0.393983).  Saving model ...
Updating learning rate to 7.290000000000001e-05
	iters: 100, epoch: 7 | loss: 0.5605103
	speed: 0.3038s/iter; left time: 8079.9549s
	iters: 200, epoch: 7 | loss: 0.3139193
	speed: 0.1297s/iter; left time: 3437.1360s
Epoch: 7 cost time: 36.79879546165466
Epoch: 7, Steps: 284 | Train Loss: 0.4298054 Vali Loss: 0.3930130 Test Loss: 0.1558803
Validation loss decreased (0.393983 --> 0.393013).  Saving model ...
Updating learning rate to 6.561e-05
	iters: 100, epoch: 8 | loss: 0.3634236
	speed: 0.3033s/iter; left time: 7981.5650s
	iters: 200, epoch: 8 | loss: 0.5487851
	speed: 0.1296s/iter; left time: 3396.4315s
Epoch: 8 cost time: 36.79337024688721
Epoch: 8, Steps: 284 | Train Loss: 0.4274718 Vali Loss: 0.3958197 Test Loss: 0.1543915
EarlyStopping counter: 1 out of 20
Updating learning rate to 5.904900000000001e-05
	iters: 100, epoch: 9 | loss: 0.6047119
	speed: 0.3025s/iter; left time: 7873.2326s
	iters: 200, epoch: 9 | loss: 0.3091480
	speed: 0.1296s/iter; left time: 3361.0688s
Epoch: 9 cost time: 36.78040170669556
Epoch: 9, Steps: 284 | Train Loss: 0.4252002 Vali Loss: 0.3984164 Test Loss: 0.1554726
EarlyStopping counter: 2 out of 20
Updating learning rate to 5.3144100000000005e-05
	iters: 100, epoch: 10 | loss: 0.4001008
	speed: 0.3016s/iter; left time: 7765.3369s
	iters: 200, epoch: 10 | loss: 0.3126702
	speed: 0.1294s/iter; left time: 3318.9751s
Epoch: 10 cost time: 36.714847803115845
Epoch: 10, Steps: 284 | Train Loss: 0.4235477 Vali Loss: 0.3967863 Test Loss: 0.1536207
EarlyStopping counter: 3 out of 20
Updating learning rate to 4.782969000000001e-05
	iters: 100, epoch: 11 | loss: 0.3043050
	speed: 0.3026s/iter; left time: 7703.4704s
	iters: 200, epoch: 11 | loss: 0.5216813
	speed: 0.1288s/iter; left time: 3266.9119s
Epoch: 11 cost time: 36.69800019264221
Epoch: 11, Steps: 284 | Train Loss: 0.4225796 Vali Loss: 0.3951031 Test Loss: 0.1539945
EarlyStopping counter: 4 out of 20
Updating learning rate to 4.304672100000001e-05
	iters: 100, epoch: 12 | loss: 0.7258343
	speed: 0.3013s/iter; left time: 7586.9451s
	iters: 200, epoch: 12 | loss: 0.4110004
	speed: 0.1296s/iter; left time: 3251.1023s
Epoch: 12 cost time: 36.773871660232544
Epoch: 12, Steps: 284 | Train Loss: 0.4213377 Vali Loss: 0.3967548 Test Loss: 0.1525678
EarlyStopping counter: 5 out of 20
Updating learning rate to 3.874204890000001e-05
	iters: 100, epoch: 13 | loss: 0.6137264
	speed: 0.3051s/iter; left time: 7595.4015s
	iters: 200, epoch: 13 | loss: 0.3227520
	speed: 0.1298s/iter; left time: 3217.7845s
Epoch: 13 cost time: 36.789143085479736
Epoch: 13, Steps: 284 | Train Loss: 0.4190043 Vali Loss: 0.3946889 Test Loss: 0.1532204
EarlyStopping counter: 6 out of 20
Updating learning rate to 3.486784401000001e-05
	iters: 100, epoch: 14 | loss: 0.2998020
	speed: 0.3042s/iter; left time: 7484.8811s
	iters: 200, epoch: 14 | loss: 0.3106987
	speed: 0.1297s/iter; left time: 3178.7817s
Epoch: 14 cost time: 36.80538558959961
Epoch: 14, Steps: 284 | Train Loss: 0.4179081 Vali Loss: 0.3960470 Test Loss: 0.1532113
EarlyStopping counter: 7 out of 20
Updating learning rate to 3.138105960900001e-05
	iters: 100, epoch: 15 | loss: 0.4909006
	speed: 0.3039s/iter; left time: 7392.3041s
	iters: 200, epoch: 15 | loss: 0.4100121
	speed: 0.1295s/iter; left time: 3137.5275s
Epoch: 15 cost time: 36.70664954185486
Epoch: 15, Steps: 284 | Train Loss: 0.4175804 Vali Loss: 0.3959474 Test Loss: 0.1516736
EarlyStopping counter: 8 out of 20
Updating learning rate to 2.824295364810001e-05
	iters: 100, epoch: 16 | loss: 0.3192267
	speed: 0.3017s/iter; left time: 7252.4302s
	iters: 200, epoch: 16 | loss: 0.6281337
	speed: 0.1295s/iter; left time: 3101.1912s
Epoch: 16 cost time: 36.7287871837616
Epoch: 16, Steps: 284 | Train Loss: 0.4159154 Vali Loss: 0.3965468 Test Loss: 0.1529959
EarlyStopping counter: 9 out of 20
Updating learning rate to 2.541865828329001e-05
	iters: 100, epoch: 17 | loss: 0.2877150
	speed: 0.3040s/iter; left time: 7221.3397s
	iters: 200, epoch: 17 | loss: 0.5814732
	speed: 0.1300s/iter; left time: 3074.7927s
Epoch: 17 cost time: 36.80195474624634
Epoch: 17, Steps: 284 | Train Loss: 0.4156104 Vali Loss: 0.3960105 Test Loss: 0.1519146
EarlyStopping counter: 10 out of 20
Updating learning rate to 2.287679245496101e-05
	iters: 100, epoch: 18 | loss: 0.3176280
	speed: 0.3040s/iter; left time: 7134.8409s
	iters: 200, epoch: 18 | loss: 0.6293520
	speed: 0.1297s/iter; left time: 3031.1567s
Epoch: 18 cost time: 36.74542593955994
Epoch: 18, Steps: 284 | Train Loss: 0.4140039 Vali Loss: 0.3916375 Test Loss: 0.1520436
Validation loss decreased (0.393013 --> 0.391637).  Saving model ...
Updating learning rate to 2.0589113209464907e-05
	iters: 100, epoch: 19 | loss: 0.4825881
	speed: 0.3041s/iter; left time: 7051.2760s
	iters: 200, epoch: 19 | loss: 0.5150076
	speed: 0.1296s/iter; left time: 2992.5533s
Epoch: 19 cost time: 36.752187967300415
Epoch: 19, Steps: 284 | Train Loss: 0.4134566 Vali Loss: 0.3951707 Test Loss: 0.1516576
EarlyStopping counter: 1 out of 20
Updating learning rate to 1.8530201888518416e-05
	iters: 100, epoch: 20 | loss: 0.3089970
	speed: 0.3039s/iter; left time: 6961.7058s
	iters: 200, epoch: 20 | loss: 0.3063101
	speed: 0.1298s/iter; left time: 2961.0088s
Epoch: 20 cost time: 36.76469445228577
Epoch: 20, Steps: 284 | Train Loss: 0.4128193 Vali Loss: 0.3937402 Test Loss: 0.1509357
EarlyStopping counter: 2 out of 20
Updating learning rate to 1.6677181699666577e-05
	iters: 100, epoch: 21 | loss: 0.8300127
	speed: 0.3042s/iter; left time: 6880.6915s
	iters: 200, epoch: 21 | loss: 0.2950128
	speed: 0.1298s/iter; left time: 2923.0176s
Epoch: 21 cost time: 36.81146764755249
Epoch: 21, Steps: 284 | Train Loss: 0.4129927 Vali Loss: 0.3968883 Test Loss: 0.1512482
EarlyStopping counter: 3 out of 20
Updating learning rate to 1.5009463529699919e-05
	iters: 100, epoch: 22 | loss: 0.3233415
	speed: 0.3037s/iter; left time: 6784.1384s
	iters: 200, epoch: 22 | loss: 0.3025283
	speed: 0.1297s/iter; left time: 2885.0835s
Epoch: 22 cost time: 36.76760172843933
Epoch: 22, Steps: 284 | Train Loss: 0.4117674 Vali Loss: 0.3940137 Test Loss: 0.1512927
EarlyStopping counter: 4 out of 20
Updating learning rate to 1.3508517176729929e-05
	iters: 100, epoch: 23 | loss: 0.3726737
	speed: 0.3036s/iter; left time: 6695.8077s
	iters: 200, epoch: 23 | loss: 0.3329844
	speed: 0.1298s/iter; left time: 2849.6131s
Epoch: 23 cost time: 36.74486756324768
Epoch: 23, Steps: 284 | Train Loss: 0.4119660 Vali Loss: 0.3955709 Test Loss: 0.1516595
EarlyStopping counter: 5 out of 20
Updating learning rate to 1.2157665459056936e-05
	iters: 100, epoch: 24 | loss: 0.5885434
	speed: 0.3037s/iter; left time: 6610.4046s
	iters: 200, epoch: 24 | loss: 0.5562657
	speed: 0.1297s/iter; left time: 2810.7690s
Epoch: 24 cost time: 36.76272749900818
Epoch: 24, Steps: 284 | Train Loss: 0.4110960 Vali Loss: 0.3921319 Test Loss: 0.1512386
EarlyStopping counter: 6 out of 20
Updating learning rate to 1.0941898913151242e-05
	iters: 100, epoch: 25 | loss: 0.3827918
	speed: 0.3042s/iter; left time: 6535.2611s
	iters: 200, epoch: 25 | loss: 0.5155455
	speed: 0.1296s/iter; left time: 2771.0320s
Epoch: 25 cost time: 36.76399850845337
Epoch: 25, Steps: 284 | Train Loss: 0.4111504 Vali Loss: 0.3933139 Test Loss: 0.1517504
EarlyStopping counter: 7 out of 20
Updating learning rate to 9.847709021836118e-06
	iters: 100, epoch: 26 | loss: 0.2720459
	speed: 0.3040s/iter; left time: 6444.1325s
	iters: 200, epoch: 26 | loss: 0.4930109
	speed: 0.1296s/iter; left time: 2734.8395s
Epoch: 26 cost time: 36.74293780326843
Epoch: 26, Steps: 284 | Train Loss: 0.4099275 Vali Loss: 0.3938689 Test Loss: 0.1510572
EarlyStopping counter: 8 out of 20
Updating learning rate to 8.862938119652508e-06
	iters: 100, epoch: 27 | loss: 0.3333932
	speed: 0.3040s/iter; left time: 6359.7478s
	iters: 200, epoch: 27 | loss: 0.5444837
	speed: 0.1297s/iter; left time: 2699.7461s
Epoch: 27 cost time: 36.73571443557739
Epoch: 27, Steps: 284 | Train Loss: 0.4105920 Vali Loss: 0.3922382 Test Loss: 0.1512137
EarlyStopping counter: 9 out of 20
Updating learning rate to 7.976644307687255e-06
	iters: 100, epoch: 28 | loss: 0.5109582
	speed: 0.3038s/iter; left time: 6269.0475s
	iters: 200, epoch: 28 | loss: 0.4107606
	speed: 0.1297s/iter; left time: 2662.6211s
Epoch: 28 cost time: 36.77376937866211
Epoch: 28, Steps: 284 | Train Loss: 0.4093582 Vali Loss: 0.3940699 Test Loss: 0.1514058
EarlyStopping counter: 10 out of 20
Updating learning rate to 7.178979876918531e-06
	iters: 100, epoch: 29 | loss: 0.3679677
	speed: 0.3040s/iter; left time: 6185.5790s
	iters: 200, epoch: 29 | loss: 0.6028056
	speed: 0.1302s/iter; left time: 2636.8989s
Epoch: 29 cost time: 36.89204144477844
Epoch: 29, Steps: 284 | Train Loss: 0.4104483 Vali Loss: 0.3933120 Test Loss: 0.1513263
EarlyStopping counter: 11 out of 20
Updating learning rate to 6.4610818892266776e-06
	iters: 100, epoch: 30 | loss: 0.3910539
	speed: 0.3044s/iter; left time: 6107.1249s
	iters: 200, epoch: 30 | loss: 0.2937911
	speed: 0.1297s/iter; left time: 2589.9284s
Epoch: 30 cost time: 36.777257680892944
Epoch: 30, Steps: 284 | Train Loss: 0.4099610 Vali Loss: 0.3954104 Test Loss: 0.1514924
EarlyStopping counter: 12 out of 20
Updating learning rate to 5.8149737003040096e-06
	iters: 100, epoch: 31 | loss: 0.3463039
	speed: 0.3038s/iter; left time: 6009.6357s
	iters: 200, epoch: 31 | loss: 0.3632764
	speed: 0.1296s/iter; left time: 2550.0449s
Epoch: 31 cost time: 36.74827527999878
Epoch: 31, Steps: 284 | Train Loss: 0.4096915 Vali Loss: 0.3934704 Test Loss: 0.1512517
EarlyStopping counter: 13 out of 20
Updating learning rate to 5.23347633027361e-06
	iters: 100, epoch: 32 | loss: 0.5393093
	speed: 0.3037s/iter; left time: 5920.8944s
	iters: 200, epoch: 32 | loss: 0.3706241
	speed: 0.1296s/iter; left time: 2514.5691s
Epoch: 32 cost time: 36.76215434074402
Epoch: 32, Steps: 284 | Train Loss: 0.4086447 Vali Loss: 0.3931689 Test Loss: 0.1507017
EarlyStopping counter: 14 out of 20
Updating learning rate to 4.710128697246249e-06
	iters: 100, epoch: 33 | loss: 0.5232350
	speed: 0.3036s/iter; left time: 5833.1890s
	iters: 200, epoch: 33 | loss: 0.3213019
	speed: 0.1295s/iter; left time: 2474.8722s
Epoch: 33 cost time: 36.712363719940186
Epoch: 33, Steps: 284 | Train Loss: 0.4087093 Vali Loss: 0.3937762 Test Loss: 0.1511996
EarlyStopping counter: 15 out of 20
Updating learning rate to 4.239115827521624e-06
	iters: 100, epoch: 34 | loss: 0.2881109
	speed: 0.3036s/iter; left time: 5747.5962s
	iters: 200, epoch: 34 | loss: 0.5682404
	speed: 0.1297s/iter; left time: 2441.7189s
Epoch: 34 cost time: 36.78689527511597
Epoch: 34, Steps: 284 | Train Loss: 0.4094109 Vali Loss: 0.3926766 Test Loss: 0.1510369
EarlyStopping counter: 16 out of 20
Updating learning rate to 3.815204244769462e-06
	iters: 100, epoch: 35 | loss: 0.4027358
	speed: 0.3040s/iter; left time: 5667.7110s
	iters: 200, epoch: 35 | loss: 0.2675942
	speed: 0.1297s/iter; left time: 2404.8452s
Epoch: 35 cost time: 36.729013204574585
Epoch: 35, Steps: 284 | Train Loss: 0.4091416 Vali Loss: 0.3926950 Test Loss: 0.1512290
EarlyStopping counter: 17 out of 20
Updating learning rate to 3.4336838202925152e-06
	iters: 100, epoch: 36 | loss: 0.5660959
	speed: 0.3039s/iter; left time: 5579.5550s
	iters: 200, epoch: 36 | loss: 0.3359140
	speed: 0.1297s/iter; left time: 2368.9481s
Epoch: 36 cost time: 36.76349496841431
Epoch: 36, Steps: 284 | Train Loss: 0.4091402 Vali Loss: 0.3941466 Test Loss: 0.1510690
EarlyStopping counter: 18 out of 20
Updating learning rate to 3.090315438263264e-06
	iters: 100, epoch: 37 | loss: 0.5423992
	speed: 0.3037s/iter; left time: 5489.3030s
	iters: 200, epoch: 37 | loss: 0.9890681
	speed: 0.1298s/iter; left time: 2334.1711s
Epoch: 37 cost time: 36.75895428657532
Epoch: 37, Steps: 284 | Train Loss: 0.4090738 Vali Loss: 0.3927481 Test Loss: 0.1512391
EarlyStopping counter: 19 out of 20
Updating learning rate to 2.7812838944369375e-06
	iters: 100, epoch: 38 | loss: 0.5727642
	speed: 0.3039s/iter; left time: 5406.5891s
	iters: 200, epoch: 38 | loss: 0.5270578
	speed: 0.1296s/iter; left time: 2292.7424s
Epoch: 38 cost time: 36.761082887649536
Epoch: 38, Steps: 284 | Train Loss: 0.4085758 Vali Loss: 0.3924672 Test Loss: 0.1509656
EarlyStopping counter: 20 out of 20
Early stopping
>>>>>>>testing : CMSweather_336_96_PatchTST_custom_ftM_sl336_ll48_pl96_dm128_nh16_el3_dl1_df256_fc1_ebtimeF_dtTrue_Exp_0<<<<<<<<<<<<<<<<<<<<<<<<<<<<<<<<<
test 10444
mse:0.24297401309013367, mae:0.27932918071746826, rse:0.649366557598114
Args in experiment:
Namespace(random_seed=2021, is_training=1, model_id='CMSweather_336_192', model='PatchTST', data='custom', root_path='./dataset/', data_path='weather.csv', features='M', target='OT', freq='h', checkpoints='./checkpoints/', seq_len=336, label_len=48, pred_len=192, head_type='flatten', fc_dropout=0.2, head_dropout=0.0, patch_len=16, stride=8, padding_patch='end', revin=1, affine=0, subtract_last=0, decomposition=0, kernel_size=25, individual=0, embed_type=0, enc_in=21, dec_in=7, c_out=7, d_model=128, n_heads=16, e_layers=3, d_layers=1, d_ff=256, moving_avg=25, factor=1, distil=True, dropout=0.2, embed='timeF', activation='gelu', output_attention=False, do_predict=False, num_workers=0, itr=1, train_epochs=100, batch_size=128, patience=20, learning_rate=0.0001, des='Exp', loss='mse', lradj='type3', pct_start=0.3, use_amp=False, use_gpu=True, gpu=0, use_multi_gpu=False, devices='0,1,2,3', test_flop=False)
Use GPU: cuda:0
>>>>>>>start training : CMSweather_336_192_PatchTST_custom_ftM_sl336_ll48_pl192_dm128_nh16_el3_dl1_df256_fc1_ebtimeF_dtTrue_Exp_0>>>>>>>>>>>>>>>>>>>>>>>>>>
train 36360
val 5079
test 10348
	iters: 100, epoch: 1 | loss: 0.7898255
	speed: 0.1424s/iter; left time: 4030.3285s
	iters: 200, epoch: 1 | loss: 0.7296064
	speed: 0.1273s/iter; left time: 3590.9423s
Epoch: 1 cost time: 36.27535390853882
Epoch: 1, Steps: 284 | Train Loss: 0.7786245 Vali Loss: 0.5970560 Test Loss: 0.2579552
Validation loss decreased (inf --> 0.597056).  Saving model ...
Updating learning rate to 0.0001
	iters: 100, epoch: 2 | loss: 0.4176312
	speed: 0.3066s/iter; left time: 8589.6112s
	iters: 200, epoch: 2 | loss: 0.5438543
	speed: 0.1310s/iter; left time: 3658.3803s
Epoch: 2 cost time: 37.10385847091675
Epoch: 2, Steps: 284 | Train Loss: 0.5393082 Vali Loss: 0.4897614 Test Loss: 0.2144672
Validation loss decreased (0.597056 --> 0.489761).  Saving model ...
Updating learning rate to 0.0001
	iters: 100, epoch: 3 | loss: 0.3993216
	speed: 0.3092s/iter; left time: 8574.6843s
	iters: 200, epoch: 3 | loss: 0.7674697
	speed: 0.1313s/iter; left time: 3627.5097s
Epoch: 3 cost time: 37.20006203651428
Epoch: 3, Steps: 284 | Train Loss: 0.5023590 Vali Loss: 0.4736092 Test Loss: 0.2076697
Validation loss decreased (0.489761 --> 0.473609).  Saving model ...
Updating learning rate to 0.0001
	iters: 100, epoch: 4 | loss: 0.6683097
	speed: 0.3080s/iter; left time: 8454.7068s
	iters: 200, epoch: 4 | loss: 0.4998709
	speed: 0.1312s/iter; left time: 3587.7923s
Epoch: 4 cost time: 37.156240701675415
Epoch: 4, Steps: 284 | Train Loss: 0.4950148 Vali Loss: 0.4658372 Test Loss: 0.2041060
Validation loss decreased (0.473609 --> 0.465837).  Saving model ...
Updating learning rate to 9e-05
	iters: 100, epoch: 5 | loss: 0.3903326
	speed: 0.3085s/iter; left time: 8380.4922s
	iters: 200, epoch: 5 | loss: 0.3882280
	speed: 0.1310s/iter; left time: 3545.2325s
Epoch: 5 cost time: 37.17419743537903
Epoch: 5, Steps: 284 | Train Loss: 0.4905613 Vali Loss: 0.4633508 Test Loss: 0.2029252
Validation loss decreased (0.465837 --> 0.463351).  Saving model ...
Updating learning rate to 8.1e-05
	iters: 100, epoch: 6 | loss: 0.5365308
	speed: 0.3081s/iter; left time: 8283.0271s
	iters: 200, epoch: 6 | loss: 0.3591456
	speed: 0.1304s/iter; left time: 3492.4371s
Epoch: 6 cost time: 36.98456072807312
Epoch: 6, Steps: 284 | Train Loss: 0.4874692 Vali Loss: 0.4618708 Test Loss: 0.2012297
Validation loss decreased (0.463351 --> 0.461871).  Saving model ...
Updating learning rate to 7.290000000000001e-05
	iters: 100, epoch: 7 | loss: 0.4305279
	speed: 0.3085s/iter; left time: 8203.8783s
	iters: 200, epoch: 7 | loss: 0.3651400
	speed: 0.1309s/iter; left time: 3467.4640s
Epoch: 7 cost time: 37.15950560569763
Epoch: 7, Steps: 284 | Train Loss: 0.4850137 Vali Loss: 0.4654134 Test Loss: 0.2005138
EarlyStopping counter: 1 out of 20
Updating learning rate to 6.561e-05
	iters: 100, epoch: 8 | loss: 0.4103944
	speed: 0.3073s/iter; left time: 8087.0836s
	iters: 200, epoch: 8 | loss: 0.4370790
	speed: 0.1308s/iter; left time: 3429.3862s
Epoch: 8 cost time: 37.12380576133728
Epoch: 8, Steps: 284 | Train Loss: 0.4827906 Vali Loss: 0.4618655 Test Loss: 0.1992026
Validation loss decreased (0.461871 --> 0.461865).  Saving model ...
Updating learning rate to 5.904900000000001e-05
	iters: 100, epoch: 9 | loss: 0.4004579
	speed: 0.3073s/iter; left time: 7999.3114s
	iters: 200, epoch: 9 | loss: 0.5493616
	speed: 0.1310s/iter; left time: 3397.5936s
Epoch: 9 cost time: 37.09282898902893
Epoch: 9, Steps: 284 | Train Loss: 0.4812519 Vali Loss: 0.4679092 Test Loss: 0.1987149
EarlyStopping counter: 1 out of 20
Updating learning rate to 5.3144100000000005e-05
	iters: 100, epoch: 10 | loss: 0.5574967
	speed: 0.3073s/iter; left time: 7912.0172s
	iters: 200, epoch: 10 | loss: 0.5697680
	speed: 0.1308s/iter; left time: 3353.4247s
Epoch: 10 cost time: 37.09288477897644
Epoch: 10, Steps: 284 | Train Loss: 0.4798004 Vali Loss: 0.4647491 Test Loss: 0.1982253
EarlyStopping counter: 2 out of 20
Updating learning rate to 4.782969000000001e-05
	iters: 100, epoch: 11 | loss: 0.4689753
	speed: 0.3070s/iter; left time: 7817.6997s
	iters: 200, epoch: 11 | loss: 0.3612284
	speed: 0.1306s/iter; left time: 3311.7687s
Epoch: 11 cost time: 37.11601996421814
Epoch: 11, Steps: 284 | Train Loss: 0.4781245 Vali Loss: 0.4639465 Test Loss: 0.1986348
EarlyStopping counter: 3 out of 20
Updating learning rate to 4.304672100000001e-05
	iters: 100, epoch: 12 | loss: 0.4150255
	speed: 0.3074s/iter; left time: 7739.9440s
	iters: 200, epoch: 12 | loss: 0.3838855
	speed: 0.1307s/iter; left time: 3277.9340s
Epoch: 12 cost time: 37.052040338516235
Epoch: 12, Steps: 284 | Train Loss: 0.4772335 Vali Loss: 0.4654195 Test Loss: 0.1973531
EarlyStopping counter: 4 out of 20
Updating learning rate to 3.874204890000001e-05
	iters: 100, epoch: 13 | loss: 0.5187480
	speed: 0.3070s/iter; left time: 7641.3767s
	iters: 200, epoch: 13 | loss: 0.5042387
	speed: 0.1307s/iter; left time: 3240.5429s
Epoch: 13 cost time: 37.08843469619751
Epoch: 13, Steps: 284 | Train Loss: 0.4760999 Vali Loss: 0.4654856 Test Loss: 0.1969302
EarlyStopping counter: 5 out of 20
Updating learning rate to 3.486784401000001e-05
	iters: 100, epoch: 14 | loss: 0.7966121
	speed: 0.3070s/iter; left time: 7554.8729s
	iters: 200, epoch: 14 | loss: 0.4969146
	speed: 0.1311s/iter; left time: 3212.5933s
Epoch: 14 cost time: 37.10724377632141
Epoch: 14, Steps: 284 | Train Loss: 0.4752247 Vali Loss: 0.4610519 Test Loss: 0.1974386
Validation loss decreased (0.461865 --> 0.461052).  Saving model ...
Updating learning rate to 3.138105960900001e-05
	iters: 100, epoch: 15 | loss: 0.3570276
	speed: 0.3076s/iter; left time: 7483.3251s
	iters: 200, epoch: 15 | loss: 0.4188582
	speed: 0.1309s/iter; left time: 3170.6799s
Epoch: 15 cost time: 37.06357407569885
Epoch: 15, Steps: 284 | Train Loss: 0.4744221 Vali Loss: 0.4629091 Test Loss: 0.1969468
EarlyStopping counter: 1 out of 20
Updating learning rate to 2.824295364810001e-05
	iters: 100, epoch: 16 | loss: 0.3673907
	speed: 0.3070s/iter; left time: 7381.3736s
	iters: 200, epoch: 16 | loss: 0.3893620
	speed: 0.1308s/iter; left time: 3130.7389s
Epoch: 16 cost time: 37.11881375312805
Epoch: 16, Steps: 284 | Train Loss: 0.4734375 Vali Loss: 0.4596934 Test Loss: 0.1963685
Validation loss decreased (0.461052 --> 0.459693).  Saving model ...
Updating learning rate to 2.541865828329001e-05
	iters: 100, epoch: 17 | loss: 0.3617107
	speed: 0.3077s/iter; left time: 7310.6748s
	iters: 200, epoch: 17 | loss: 0.3757707
	speed: 0.1309s/iter; left time: 3096.8733s
Epoch: 17 cost time: 37.07793068885803
Epoch: 17, Steps: 284 | Train Loss: 0.4730199 Vali Loss: 0.4628511 Test Loss: 0.1964924
EarlyStopping counter: 1 out of 20
Updating learning rate to 2.287679245496101e-05
	iters: 100, epoch: 18 | loss: 0.5327272
	speed: 0.3068s/iter; left time: 7202.0781s
	iters: 200, epoch: 18 | loss: 0.4655602
	speed: 0.1308s/iter; left time: 3057.0399s
Epoch: 18 cost time: 37.0767548084259
Epoch: 18, Steps: 284 | Train Loss: 0.4720954 Vali Loss: 0.4628371 Test Loss: 0.1963245
EarlyStopping counter: 2 out of 20
Updating learning rate to 2.0589113209464907e-05
	iters: 100, epoch: 19 | loss: 0.6640268
	speed: 0.3064s/iter; left time: 7105.3284s
	iters: 200, epoch: 19 | loss: 0.6103594
	speed: 0.1309s/iter; left time: 3021.5174s
Epoch: 19 cost time: 37.09224033355713
Epoch: 19, Steps: 284 | Train Loss: 0.4712257 Vali Loss: 0.4662917 Test Loss: 0.1964992
EarlyStopping counter: 3 out of 20
Updating learning rate to 1.8530201888518416e-05
	iters: 100, epoch: 20 | loss: 0.3644575
	speed: 0.3072s/iter; left time: 7035.5302s
	iters: 200, epoch: 20 | loss: 0.3355308
	speed: 0.1311s/iter; left time: 2988.6702s
Epoch: 20 cost time: 37.144208669662476
Epoch: 20, Steps: 284 | Train Loss: 0.4707587 Vali Loss: 0.4655925 Test Loss: 0.1966305
EarlyStopping counter: 4 out of 20
Updating learning rate to 1.6677181699666577e-05
	iters: 100, epoch: 21 | loss: 0.4049782
	speed: 0.3070s/iter; left time: 6945.0579s
	iters: 200, epoch: 21 | loss: 0.5204439
	speed: 0.1308s/iter; left time: 2945.1148s
Epoch: 21 cost time: 37.11028265953064
Epoch: 21, Steps: 284 | Train Loss: 0.4700676 Vali Loss: 0.4637909 Test Loss: 0.1963670
EarlyStopping counter: 5 out of 20
Updating learning rate to 1.5009463529699919e-05
	iters: 100, epoch: 22 | loss: 0.5626593
	speed: 0.3071s/iter; left time: 6858.6710s
	iters: 200, epoch: 22 | loss: 0.5354857
	speed: 0.1308s/iter; left time: 2907.9342s
Epoch: 22 cost time: 37.09218144416809
Epoch: 22, Steps: 284 | Train Loss: 0.4696577 Vali Loss: 0.4639557 Test Loss: 0.1960404
EarlyStopping counter: 6 out of 20
Updating learning rate to 1.3508517176729929e-05
	iters: 100, epoch: 23 | loss: 0.4690339
	speed: 0.3083s/iter; left time: 6798.7010s
	iters: 200, epoch: 23 | loss: 0.4548507
	speed: 0.1308s/iter; left time: 2870.4768s
Epoch: 23 cost time: 37.15922141075134
Epoch: 23, Steps: 284 | Train Loss: 0.4693100 Vali Loss: 0.4624137 Test Loss: 0.1959412
EarlyStopping counter: 7 out of 20
Updating learning rate to 1.2157665459056936e-05
	iters: 100, epoch: 24 | loss: 0.5983635
	speed: 0.3051s/iter; left time: 6640.8817s
	iters: 200, epoch: 24 | loss: 0.4911433
	speed: 0.1311s/iter; left time: 2841.2215s
Epoch: 24 cost time: 37.13699722290039
Epoch: 24, Steps: 284 | Train Loss: 0.4686886 Vali Loss: 0.4621569 Test Loss: 0.1959698
EarlyStopping counter: 8 out of 20
Updating learning rate to 1.0941898913151242e-05
	iters: 100, epoch: 25 | loss: 0.6943423
	speed: 0.3055s/iter; left time: 6563.0240s
	iters: 200, epoch: 25 | loss: 0.3601774
	speed: 0.1315s/iter; left time: 2812.2932s
Epoch: 25 cost time: 37.13980317115784
Epoch: 25, Steps: 284 | Train Loss: 0.4683569 Vali Loss: 0.4621368 Test Loss: 0.1961261
EarlyStopping counter: 9 out of 20
Updating learning rate to 9.847709021836118e-06
	iters: 100, epoch: 26 | loss: 0.3430717
	speed: 0.3048s/iter; left time: 6463.0554s
	iters: 200, epoch: 26 | loss: 0.5170539
	speed: 0.1304s/iter; left time: 2752.1457s
Epoch: 26 cost time: 37.01473307609558
Epoch: 26, Steps: 284 | Train Loss: 0.4681073 Vali Loss: 0.4629436 Test Loss: 0.1962975
EarlyStopping counter: 10 out of 20
Updating learning rate to 8.862938119652508e-06
	iters: 100, epoch: 27 | loss: 0.4296465
	speed: 0.3046s/iter; left time: 6370.9856s
	iters: 200, epoch: 27 | loss: 0.4855661
	speed: 0.1305s/iter; left time: 2717.0669s
Epoch: 27 cost time: 36.98993229866028
Epoch: 27, Steps: 284 | Train Loss: 0.4673329 Vali Loss: 0.4625829 Test Loss: 0.1962359
EarlyStopping counter: 11 out of 20
Updating learning rate to 7.976644307687255e-06
	iters: 100, epoch: 28 | loss: 0.3400319
	speed: 0.3050s/iter; left time: 6292.6130s
	iters: 200, epoch: 28 | loss: 0.4905148
	speed: 0.1311s/iter; left time: 2691.6538s
Epoch: 28 cost time: 37.07813119888306
Epoch: 28, Steps: 284 | Train Loss: 0.4675871 Vali Loss: 0.4616275 Test Loss: 0.1961073
EarlyStopping counter: 12 out of 20
Updating learning rate to 7.178979876918531e-06
	iters: 100, epoch: 29 | loss: 0.7008770
	speed: 0.3049s/iter; left time: 6203.8585s
	iters: 200, epoch: 29 | loss: 0.7031043
	speed: 0.1307s/iter; left time: 2645.6283s
Epoch: 29 cost time: 37.04033589363098
Epoch: 29, Steps: 284 | Train Loss: 0.4673127 Vali Loss: 0.4635616 Test Loss: 0.1969394
EarlyStopping counter: 13 out of 20
Updating learning rate to 6.4610818892266776e-06
	iters: 100, epoch: 30 | loss: 0.3966733
	speed: 0.3059s/iter; left time: 6137.9232s
	iters: 200, epoch: 30 | loss: 0.6120189
	speed: 0.1305s/iter; left time: 2605.1498s
Epoch: 30 cost time: 37.090471506118774
Epoch: 30, Steps: 284 | Train Loss: 0.4670613 Vali Loss: 0.4624181 Test Loss: 0.1962515
EarlyStopping counter: 14 out of 20
Updating learning rate to 5.8149737003040096e-06
	iters: 100, epoch: 31 | loss: 0.3945921
	speed: 0.3051s/iter; left time: 6035.7047s
	iters: 200, epoch: 31 | loss: 0.4906986
	speed: 0.1307s/iter; left time: 2573.2654s
Epoch: 31 cost time: 37.05919361114502
Epoch: 31, Steps: 284 | Train Loss: 0.4670160 Vali Loss: 0.4614631 Test Loss: 0.1965223
EarlyStopping counter: 15 out of 20
Updating learning rate to 5.23347633027361e-06
	iters: 100, epoch: 32 | loss: 0.3793561
	speed: 0.3067s/iter; left time: 5979.9239s
	iters: 200, epoch: 32 | loss: 0.5089777
	speed: 0.1310s/iter; left time: 2540.1151s
Epoch: 32 cost time: 37.092679500579834
Epoch: 32, Steps: 284 | Train Loss: 0.4665833 Vali Loss: 0.4609572 Test Loss: 0.1961392
EarlyStopping counter: 16 out of 20
Updating learning rate to 4.710128697246249e-06
	iters: 100, epoch: 33 | loss: 0.4568321
	speed: 0.3058s/iter; left time: 5874.7091s
	iters: 200, epoch: 33 | loss: 0.6236559
	speed: 0.1305s/iter; left time: 2494.2639s
Epoch: 33 cost time: 36.998607873916626
Epoch: 33, Steps: 284 | Train Loss: 0.4664492 Vali Loss: 0.4610116 Test Loss: 0.1963305
EarlyStopping counter: 17 out of 20
Updating learning rate to 4.239115827521624e-06
	iters: 100, epoch: 34 | loss: 0.4837813
	speed: 0.3047s/iter; left time: 5767.0014s
	iters: 200, epoch: 34 | loss: 0.3614100
	speed: 0.1303s/iter; left time: 2454.2848s
Epoch: 34 cost time: 37.006452560424805
Epoch: 34, Steps: 284 | Train Loss: 0.4659152 Vali Loss: 0.4622782 Test Loss: 0.1960271
EarlyStopping counter: 18 out of 20
Updating learning rate to 3.815204244769462e-06
	iters: 100, epoch: 35 | loss: 0.6404289
	speed: 0.3049s/iter; left time: 5685.0630s
	iters: 200, epoch: 35 | loss: 0.3896314
	speed: 0.1309s/iter; left time: 2427.1336s
Epoch: 35 cost time: 37.11864709854126
Epoch: 35, Steps: 284 | Train Loss: 0.4663717 Vali Loss: 0.4608614 Test Loss: 0.1962041
EarlyStopping counter: 19 out of 20
Updating learning rate to 3.4336838202925152e-06
	iters: 100, epoch: 36 | loss: 0.5104238
	speed: 0.3053s/iter; left time: 5606.4830s
	iters: 200, epoch: 36 | loss: 0.3805922
	speed: 0.1311s/iter; left time: 2393.6077s
Epoch: 36 cost time: 37.07014083862305
Epoch: 36, Steps: 284 | Train Loss: 0.4662203 Vali Loss: 0.4620413 Test Loss: 0.1961484
EarlyStopping counter: 20 out of 20
Early stopping
>>>>>>>testing : CMSweather_336_192_PatchTST_custom_ftM_sl336_ll48_pl192_dm128_nh16_el3_dl1_df256_fc1_ebtimeF_dtTrue_Exp_0<<<<<<<<<<<<<<<<<<<<<<<<<<<<<<<<<
test 10348
mse:0.32055190205574036, mae:0.3321966230869293, rse:0.744843065738678
Args in experiment:
Namespace(random_seed=2021, is_training=1, model_id='CMSweather_336_336', model='PatchTST', data='custom', root_path='./dataset/', data_path='weather.csv', features='M', target='OT', freq='h', checkpoints='./checkpoints/', seq_len=336, label_len=48, pred_len=336, head_type='flatten', fc_dropout=0.2, head_dropout=0.0, patch_len=16, stride=8, padding_patch='end', revin=1, affine=0, subtract_last=0, decomposition=0, kernel_size=25, individual=0, embed_type=0, enc_in=21, dec_in=7, c_out=7, d_model=128, n_heads=16, e_layers=3, d_layers=1, d_ff=256, moving_avg=25, factor=1, distil=True, dropout=0.2, embed='timeF', activation='gelu', output_attention=False, do_predict=False, num_workers=0, itr=1, train_epochs=100, batch_size=128, patience=20, learning_rate=0.0001, des='Exp', loss='mse', lradj='type3', pct_start=0.3, use_amp=False, use_gpu=True, gpu=0, use_multi_gpu=False, devices='0,1,2,3', test_flop=False)
Use GPU: cuda:0
>>>>>>>start training : CMSweather_336_336_PatchTST_custom_ftM_sl336_ll48_pl336_dm128_nh16_el3_dl1_df256_fc1_ebtimeF_dtTrue_Exp_0>>>>>>>>>>>>>>>>>>>>>>>>>>
train 36216
val 4935
test 10204
	iters: 100, epoch: 1 | loss: 0.7182200
	speed: 0.1419s/iter; left time: 3986.5298s
	iters: 200, epoch: 1 | loss: 0.6748239
	speed: 0.1283s/iter; left time: 3592.6579s
Epoch: 1 cost time: 36.43400835990906
Epoch: 1, Steps: 282 | Train Loss: 0.8237056 Vali Loss: 0.6739758 Test Loss: 0.3022012
Validation loss decreased (inf --> 0.673976).  Saving model ...
Updating learning rate to 0.0001
	iters: 100, epoch: 2 | loss: 0.5662861
	speed: 0.3102s/iter; left time: 8630.8039s
	iters: 200, epoch: 2 | loss: 0.5717235
	speed: 0.1334s/iter; left time: 3697.8446s
Epoch: 2 cost time: 37.587117433547974
Epoch: 2, Steps: 282 | Train Loss: 0.5893323 Vali Loss: 0.5685714 Test Loss: 0.2611332
Validation loss decreased (0.673976 --> 0.568571).  Saving model ...
Updating learning rate to 0.0001
	iters: 100, epoch: 3 | loss: 0.5282601
	speed: 0.3176s/iter; left time: 8745.4932s
	iters: 200, epoch: 3 | loss: 0.4535420
	speed: 0.1336s/iter; left time: 3666.6893s
Epoch: 3 cost time: 37.530763387680054
Epoch: 3, Steps: 282 | Train Loss: 0.5574754 Vali Loss: 0.5602568 Test Loss: 0.2568440
Validation loss decreased (0.568571 --> 0.560257).  Saving model ...
Updating learning rate to 0.0001
	iters: 100, epoch: 4 | loss: 0.7432833
	speed: 0.3136s/iter; left time: 8547.3549s
	iters: 200, epoch: 4 | loss: 0.6029333
	speed: 0.1338s/iter; left time: 3634.0858s
Epoch: 4 cost time: 37.62837290763855
Epoch: 4, Steps: 282 | Train Loss: 0.5501840 Vali Loss: 0.5545140 Test Loss: 0.2535720
Validation loss decreased (0.560257 --> 0.554514).  Saving model ...
Updating learning rate to 9e-05
	iters: 100, epoch: 5 | loss: 0.5364180
	speed: 0.3143s/iter; left time: 8477.9470s
	iters: 200, epoch: 5 | loss: 0.6446232
	speed: 0.1339s/iter; left time: 3597.3590s
Epoch: 5 cost time: 37.67034459114075
Epoch: 5, Steps: 282 | Train Loss: 0.5468968 Vali Loss: 0.5545504 Test Loss: 0.2540551
EarlyStopping counter: 1 out of 20
Updating learning rate to 8.1e-05
	iters: 100, epoch: 6 | loss: 0.5222734
	speed: 0.3116s/iter; left time: 8318.0690s
	iters: 200, epoch: 6 | loss: 0.4804187
	speed: 0.1334s/iter; left time: 3545.9999s
Epoch: 6 cost time: 37.5198929309845
Epoch: 6, Steps: 282 | Train Loss: 0.5437331 Vali Loss: 0.5489140 Test Loss: 0.2516291
Validation loss decreased (0.554514 --> 0.548914).  Saving model ...
Updating learning rate to 7.290000000000001e-05
	iters: 100, epoch: 7 | loss: 0.4234538
	speed: 0.3120s/iter; left time: 8238.8198s
	iters: 200, epoch: 7 | loss: 0.4292089
	speed: 0.1329s/iter; left time: 3495.4347s
Epoch: 7 cost time: 37.38634419441223
Epoch: 7, Steps: 282 | Train Loss: 0.5410966 Vali Loss: 0.5487409 Test Loss: 0.2510450
Validation loss decreased (0.548914 --> 0.548741).  Saving model ...
Updating learning rate to 6.561e-05
	iters: 100, epoch: 8 | loss: 0.4411202
	speed: 0.3165s/iter; left time: 8269.0134s
	iters: 200, epoch: 8 | loss: 0.5276051
	speed: 0.1325s/iter; left time: 3448.2010s
Epoch: 8 cost time: 37.28431296348572
Epoch: 8, Steps: 282 | Train Loss: 0.5389840 Vali Loss: 0.5457571 Test Loss: 0.2497024
Validation loss decreased (0.548741 --> 0.545757).  Saving model ...
Updating learning rate to 5.904900000000001e-05
	iters: 100, epoch: 9 | loss: 0.5155596
	speed: 0.3107s/iter; left time: 8031.1782s
	iters: 200, epoch: 9 | loss: 0.5157353
	speed: 0.1327s/iter; left time: 3417.3799s
Epoch: 9 cost time: 37.337225675582886
Epoch: 9, Steps: 282 | Train Loss: 0.5372602 Vali Loss: 0.5493655 Test Loss: 0.2492573
EarlyStopping counter: 1 out of 20
Updating learning rate to 5.3144100000000005e-05
	iters: 100, epoch: 10 | loss: 0.4900838
	speed: 0.3099s/iter; left time: 7921.5546s
	iters: 200, epoch: 10 | loss: 0.4861692
	speed: 0.1327s/iter; left time: 3379.1715s
Epoch: 10 cost time: 37.31871438026428
Epoch: 10, Steps: 282 | Train Loss: 0.5344634 Vali Loss: 0.5480773 Test Loss: 0.2482569
EarlyStopping counter: 2 out of 20
Updating learning rate to 4.782969000000001e-05
	iters: 100, epoch: 11 | loss: 0.5382500
	speed: 0.3103s/iter; left time: 7843.5050s
	iters: 200, epoch: 11 | loss: 0.4870766
	speed: 0.1328s/iter; left time: 3343.4998s
Epoch: 11 cost time: 37.35798406600952
Epoch: 11, Steps: 282 | Train Loss: 0.5335163 Vali Loss: 0.5461943 Test Loss: 0.2480281
EarlyStopping counter: 3 out of 20
Updating learning rate to 4.304672100000001e-05
	iters: 100, epoch: 12 | loss: 0.5277678
	speed: 0.3104s/iter; left time: 7759.5143s
	iters: 200, epoch: 12 | loss: 0.4323657
	speed: 0.1325s/iter; left time: 3300.1219s
Epoch: 12 cost time: 37.34604525566101
Epoch: 12, Steps: 282 | Train Loss: 0.5319460 Vali Loss: 0.5463400 Test Loss: 0.2480380
EarlyStopping counter: 4 out of 20
Updating learning rate to 3.874204890000001e-05
	iters: 100, epoch: 13 | loss: 0.5704072
	speed: 0.3093s/iter; left time: 7644.9824s
	iters: 200, epoch: 13 | loss: 0.6682194
	speed: 0.1329s/iter; left time: 3270.5165s
Epoch: 13 cost time: 37.372541666030884
Epoch: 13, Steps: 282 | Train Loss: 0.5305083 Vali Loss: 0.5504543 Test Loss: 0.2482265
EarlyStopping counter: 5 out of 20
Updating learning rate to 3.486784401000001e-05
	iters: 100, epoch: 14 | loss: 0.5525155
	speed: 0.3101s/iter; left time: 7578.4066s
	iters: 200, epoch: 14 | loss: 0.5355173
	speed: 0.1327s/iter; left time: 3230.3229s
Epoch: 14 cost time: 37.357863664627075
Epoch: 14, Steps: 282 | Train Loss: 0.5293641 Vali Loss: 0.5488242 Test Loss: 0.2474804
EarlyStopping counter: 6 out of 20
Updating learning rate to 3.138105960900001e-05
	iters: 100, epoch: 15 | loss: 0.5003884
	speed: 0.3103s/iter; left time: 7494.0985s
	iters: 200, epoch: 15 | loss: 0.6245868
	speed: 0.1326s/iter; left time: 3188.6962s
Epoch: 15 cost time: 37.32195830345154
Epoch: 15, Steps: 282 | Train Loss: 0.5278658 Vali Loss: 0.5484689 Test Loss: 0.2479002
EarlyStopping counter: 7 out of 20
Updating learning rate to 2.824295364810001e-05
	iters: 100, epoch: 16 | loss: 0.4892397
	speed: 0.3098s/iter; left time: 7395.0427s
	iters: 200, epoch: 16 | loss: 0.6022632
	speed: 0.1328s/iter; left time: 3157.1736s
Epoch: 16 cost time: 37.34689402580261
Epoch: 16, Steps: 282 | Train Loss: 0.5269725 Vali Loss: 0.5483341 Test Loss: 0.2479873
EarlyStopping counter: 8 out of 20
Updating learning rate to 2.541865828329001e-05
	iters: 100, epoch: 17 | loss: 0.4275338
	speed: 0.3077s/iter; left time: 7258.8354s
	iters: 200, epoch: 17 | loss: 0.4309734
	speed: 0.1325s/iter; left time: 3112.6024s
Epoch: 17 cost time: 37.30899167060852
Epoch: 17, Steps: 282 | Train Loss: 0.5256239 Vali Loss: 0.5501312 Test Loss: 0.2484614
EarlyStopping counter: 9 out of 20
Updating learning rate to 2.287679245496101e-05
	iters: 100, epoch: 18 | loss: 0.4298458
	speed: 0.3088s/iter; left time: 7197.4131s
	iters: 200, epoch: 18 | loss: 0.5630087
	speed: 0.1324s/iter; left time: 3073.5646s
Epoch: 18 cost time: 37.298805952072144
Epoch: 18, Steps: 282 | Train Loss: 0.5249424 Vali Loss: 0.5480022 Test Loss: 0.2483825
EarlyStopping counter: 10 out of 20
Updating learning rate to 2.0589113209464907e-05
	iters: 100, epoch: 19 | loss: 0.4326551
	speed: 0.3076s/iter; left time: 7083.4898s
	iters: 200, epoch: 19 | loss: 0.4619150
	speed: 0.1327s/iter; left time: 3042.6601s
Epoch: 19 cost time: 37.37518095970154
Epoch: 19, Steps: 282 | Train Loss: 0.5243188 Vali Loss: 0.5492254 Test Loss: 0.2482118
EarlyStopping counter: 11 out of 20
Updating learning rate to 1.8530201888518416e-05
	iters: 100, epoch: 20 | loss: 0.4662236
	speed: 0.3084s/iter; left time: 7013.5766s
	iters: 200, epoch: 20 | loss: 0.6784129
	speed: 0.1326s/iter; left time: 3003.2511s
Epoch: 20 cost time: 37.32525610923767
Epoch: 20, Steps: 282 | Train Loss: 0.5234893 Vali Loss: 0.5484654 Test Loss: 0.2481589
EarlyStopping counter: 12 out of 20
Updating learning rate to 1.6677181699666577e-05
	iters: 100, epoch: 21 | loss: 0.5671359
	speed: 0.3084s/iter; left time: 6926.2368s
	iters: 200, epoch: 21 | loss: 0.5055081
	speed: 0.1326s/iter; left time: 2964.1451s
Epoch: 21 cost time: 37.337202072143555
Epoch: 21, Steps: 282 | Train Loss: 0.5229729 Vali Loss: 0.5502334 Test Loss: 0.2485380
EarlyStopping counter: 13 out of 20
Updating learning rate to 1.5009463529699919e-05
	iters: 100, epoch: 22 | loss: 0.5973481
	speed: 0.3088s/iter; left time: 6848.3237s
	iters: 200, epoch: 22 | loss: 0.6737407
	speed: 0.1325s/iter; left time: 2924.7882s
Epoch: 22 cost time: 37.30888605117798
Epoch: 22, Steps: 282 | Train Loss: 0.5225852 Vali Loss: 0.5484481 Test Loss: 0.2486319
EarlyStopping counter: 14 out of 20
Updating learning rate to 1.3508517176729929e-05
	iters: 100, epoch: 23 | loss: 0.5264654
	speed: 0.3075s/iter; left time: 6734.2773s
	iters: 200, epoch: 23 | loss: 0.5069585
	speed: 0.1326s/iter; left time: 2890.6611s
Epoch: 23 cost time: 37.334253549575806
Epoch: 23, Steps: 282 | Train Loss: 0.5224308 Vali Loss: 0.5498232 Test Loss: 0.2485570
EarlyStopping counter: 15 out of 20
Updating learning rate to 1.2157665459056936e-05
	iters: 100, epoch: 24 | loss: 0.4178047
	speed: 0.3084s/iter; left time: 6666.6266s
	iters: 200, epoch: 24 | loss: 0.5216600
	speed: 0.1324s/iter; left time: 2848.7454s
Epoch: 24 cost time: 37.29711890220642
Epoch: 24, Steps: 282 | Train Loss: 0.5215264 Vali Loss: 0.5475357 Test Loss: 0.2483126
EarlyStopping counter: 16 out of 20
Updating learning rate to 1.0941898913151242e-05
	iters: 100, epoch: 25 | loss: 0.4450122
	speed: 0.3082s/iter; left time: 6575.7182s
	iters: 200, epoch: 25 | loss: 0.5098598
	speed: 0.1325s/iter; left time: 2812.9685s
Epoch: 25 cost time: 37.29392862319946
Epoch: 25, Steps: 282 | Train Loss: 0.5212829 Vali Loss: 0.5496719 Test Loss: 0.2481605
EarlyStopping counter: 17 out of 20
Updating learning rate to 9.847709021836118e-06
	iters: 100, epoch: 26 | loss: 0.4978499
	speed: 0.3077s/iter; left time: 6477.4508s
	iters: 200, epoch: 26 | loss: 0.5630062
	speed: 0.1327s/iter; left time: 2779.7418s
Epoch: 26 cost time: 37.35420894622803
Epoch: 26, Steps: 282 | Train Loss: 0.5211890 Vali Loss: 0.5496677 Test Loss: 0.2480631
EarlyStopping counter: 18 out of 20
Updating learning rate to 8.862938119652508e-06
	iters: 100, epoch: 27 | loss: 0.4554073
	speed: 0.3084s/iter; left time: 6405.7847s
	iters: 200, epoch: 27 | loss: 0.5624889
	speed: 0.1326s/iter; left time: 2740.9507s
Epoch: 27 cost time: 37.31273293495178
Epoch: 27, Steps: 282 | Train Loss: 0.5209287 Vali Loss: 0.5488987 Test Loss: 0.2482986
EarlyStopping counter: 19 out of 20
Updating learning rate to 7.976644307687255e-06
	iters: 100, epoch: 28 | loss: 0.4032135
	speed: 0.3085s/iter; left time: 6319.7504s
	iters: 200, epoch: 28 | loss: 0.5771154
	speed: 0.1327s/iter; left time: 2706.0457s
Epoch: 28 cost time: 37.33914613723755
Epoch: 28, Steps: 282 | Train Loss: 0.5205291 Vali Loss: 0.5492876 Test Loss: 0.2481953
EarlyStopping counter: 20 out of 20
Early stopping
>>>>>>>testing : CMSweather_336_336_PatchTST_custom_ftM_sl336_ll48_pl336_dm128_nh16_el3_dl1_df256_fc1_ebtimeF_dtTrue_Exp_0<<<<<<<<<<<<<<<<<<<<<<<<<<<<<<<<<
test 10204
mse:0.3979066014289856, mae:0.3812684118747711, rse:0.8286147713661194
Args in experiment:
Namespace(random_seed=2021, is_training=1, model_id='CMSweather_336_720', model='PatchTST', data='custom', root_path='./dataset/', data_path='weather.csv', features='M', target='OT', freq='h', checkpoints='./checkpoints/', seq_len=336, label_len=48, pred_len=720, head_type='flatten', fc_dropout=0.2, head_dropout=0.0, patch_len=16, stride=8, padding_patch='end', revin=1, affine=0, subtract_last=0, decomposition=0, kernel_size=25, individual=0, embed_type=0, enc_in=21, dec_in=7, c_out=7, d_model=128, n_heads=16, e_layers=3, d_layers=1, d_ff=256, moving_avg=25, factor=1, distil=True, dropout=0.2, embed='timeF', activation='gelu', output_attention=False, do_predict=False, num_workers=0, itr=1, train_epochs=100, batch_size=128, patience=20, learning_rate=0.0001, des='Exp', loss='mse', lradj='type3', pct_start=0.3, use_amp=False, use_gpu=True, gpu=0, use_multi_gpu=False, devices='0,1,2,3', test_flop=False)
Use GPU: cuda:0
>>>>>>>start training : CMSweather_336_720_PatchTST_custom_ftM_sl336_ll48_pl720_dm128_nh16_el3_dl1_df256_fc1_ebtimeF_dtTrue_Exp_0>>>>>>>>>>>>>>>>>>>>>>>>>>
train 35832
val 4551
test 9820
	iters: 100, epoch: 1 | loss: 0.7698621
	speed: 0.1450s/iter; left time: 4029.8100s
	iters: 200, epoch: 1 | loss: 0.7305005
	speed: 0.1334s/iter; left time: 3696.6138s
Epoch: 1 cost time: 37.28674387931824
Epoch: 1, Steps: 279 | Train Loss: 0.8838689 Vali Loss: 0.7670727 Test Loss: 0.3636861
Validation loss decreased (inf --> 0.767073).  Saving model ...
Updating learning rate to 0.0001
	iters: 100, epoch: 2 | loss: 0.7247072
	speed: 0.3202s/iter; left time: 8812.7360s
	iters: 200, epoch: 2 | loss: 0.6155989
	speed: 0.1372s/iter; left time: 3762.8240s
Epoch: 2 cost time: 38.200238943099976
Epoch: 2, Steps: 279 | Train Loss: 0.6577207 Vali Loss: 0.6777696 Test Loss: 0.3303010
Validation loss decreased (0.767073 --> 0.677770).  Saving model ...
Updating learning rate to 0.0001
	iters: 100, epoch: 3 | loss: 0.5378557
	speed: 0.3222s/iter; left time: 8777.6779s
	iters: 200, epoch: 3 | loss: 0.5992699
	speed: 0.1374s/iter; left time: 3728.2550s
Epoch: 3 cost time: 38.2987322807312
Epoch: 3, Steps: 279 | Train Loss: 0.6290345 Vali Loss: 0.6659533 Test Loss: 0.3255522
Validation loss decreased (0.677770 --> 0.665953).  Saving model ...
Updating learning rate to 0.0001
	iters: 100, epoch: 4 | loss: 0.6216544
	speed: 0.3208s/iter; left time: 8650.4959s
	iters: 200, epoch: 4 | loss: 0.6672352
	speed: 0.1375s/iter; left time: 3693.1572s
Epoch: 4 cost time: 38.223844051361084
Epoch: 4, Steps: 279 | Train Loss: 0.6225943 Vali Loss: 0.6598085 Test Loss: 0.3227119
Validation loss decreased (0.665953 --> 0.659808).  Saving model ...
Updating learning rate to 9e-05
	iters: 100, epoch: 5 | loss: 0.6966118
	speed: 0.3212s/iter; left time: 8572.1857s
	iters: 200, epoch: 5 | loss: 0.4897620
	speed: 0.1373s/iter; left time: 3649.2033s
Epoch: 5 cost time: 38.18442416191101
Epoch: 5, Steps: 279 | Train Loss: 0.6167872 Vali Loss: 0.6597695 Test Loss: 0.3215355
Validation loss decreased (0.659808 --> 0.659770).  Saving model ...
Updating learning rate to 8.1e-05
	iters: 100, epoch: 6 | loss: 0.5895646
	speed: 0.3197s/iter; left time: 8443.2669s
	iters: 200, epoch: 6 | loss: 0.6029347
	speed: 0.1367s/iter; left time: 3596.2965s
Epoch: 6 cost time: 38.015549182891846
Epoch: 6, Steps: 279 | Train Loss: 0.6138230 Vali Loss: 0.6561713 Test Loss: 0.3205972
Validation loss decreased (0.659770 --> 0.656171).  Saving model ...
Updating learning rate to 7.290000000000001e-05
	iters: 100, epoch: 7 | loss: 0.5640484
	speed: 0.3202s/iter; left time: 8365.4884s
	iters: 200, epoch: 7 | loss: 0.5899241
	speed: 0.1367s/iter; left time: 3556.9228s
Epoch: 7 cost time: 38.06708478927612
Epoch: 7, Steps: 279 | Train Loss: 0.6111264 Vali Loss: 0.6525215 Test Loss: 0.3199067
Validation loss decreased (0.656171 --> 0.652521).  Saving model ...
Updating learning rate to 6.561e-05
	iters: 100, epoch: 8 | loss: 0.5671222
	speed: 0.3208s/iter; left time: 8290.8232s
	iters: 200, epoch: 8 | loss: 0.6068861
	speed: 0.1367s/iter; left time: 3519.5980s
Epoch: 8 cost time: 38.159371852874756
Epoch: 8, Steps: 279 | Train Loss: 0.6095447 Vali Loss: 0.6573220 Test Loss: 0.3200503
EarlyStopping counter: 1 out of 20
Updating learning rate to 5.904900000000001e-05
	iters: 100, epoch: 9 | loss: 0.6270002
	speed: 0.3190s/iter; left time: 8156.5521s
	iters: 200, epoch: 9 | loss: 0.6845583
	speed: 0.1373s/iter; left time: 3497.0316s
Epoch: 9 cost time: 38.23695492744446
Epoch: 9, Steps: 279 | Train Loss: 0.6072753 Vali Loss: 0.6573974 Test Loss: 0.3196910
EarlyStopping counter: 2 out of 20
Updating learning rate to 5.3144100000000005e-05
	iters: 100, epoch: 10 | loss: 0.5986171
	speed: 0.3189s/iter; left time: 8065.8860s
	iters: 200, epoch: 10 | loss: 0.7266749
	speed: 0.1367s/iter; left time: 3444.4127s
Epoch: 10 cost time: 38.07991600036621
Epoch: 10, Steps: 279 | Train Loss: 0.6051911 Vali Loss: 0.6569903 Test Loss: 0.3196875
EarlyStopping counter: 3 out of 20
Updating learning rate to 4.782969000000001e-05
	iters: 100, epoch: 11 | loss: 0.5881779
	speed: 0.3180s/iter; left time: 7953.3900s
	iters: 200, epoch: 11 | loss: 0.6510938
	speed: 0.1367s/iter; left time: 3405.1901s
Epoch: 11 cost time: 38.06330442428589
Epoch: 11, Steps: 279 | Train Loss: 0.6032894 Vali Loss: 0.6561721 Test Loss: 0.3192521
EarlyStopping counter: 4 out of 20
Updating learning rate to 4.304672100000001e-05
	iters: 100, epoch: 12 | loss: 0.5069179
	speed: 0.3168s/iter; left time: 7834.2625s
	iters: 200, epoch: 12 | loss: 0.6295237
	speed: 0.1371s/iter; left time: 3377.1818s
Epoch: 12 cost time: 38.1471803188324
Epoch: 12, Steps: 279 | Train Loss: 0.6015453 Vali Loss: 0.6578753 Test Loss: 0.3196092
EarlyStopping counter: 5 out of 20
Updating learning rate to 3.874204890000001e-05
	iters: 100, epoch: 13 | loss: 0.6417783
	speed: 0.3188s/iter; left time: 7795.0864s
	iters: 200, epoch: 13 | loss: 0.5720313
	speed: 0.1367s/iter; left time: 3328.7725s
Epoch: 13 cost time: 38.15145778656006
Epoch: 13, Steps: 279 | Train Loss: 0.5999553 Vali Loss: 0.6546736 Test Loss: 0.3193249
EarlyStopping counter: 6 out of 20
Updating learning rate to 3.486784401000001e-05
	iters: 100, epoch: 14 | loss: 0.7050307
	speed: 0.3186s/iter; left time: 7701.3656s
	iters: 200, epoch: 14 | loss: 0.5344374
	speed: 0.1366s/iter; left time: 3288.9848s
Epoch: 14 cost time: 38.03432536125183
Epoch: 14, Steps: 279 | Train Loss: 0.5984730 Vali Loss: 0.6562452 Test Loss: 0.3184752
EarlyStopping counter: 7 out of 20
Updating learning rate to 3.138105960900001e-05
	iters: 100, epoch: 15 | loss: 0.7050614
	speed: 0.3180s/iter; left time: 7598.9184s
	iters: 200, epoch: 15 | loss: 0.5338700
	speed: 0.1367s/iter; left time: 3253.2359s
Epoch: 15 cost time: 38.06379985809326
Epoch: 15, Steps: 279 | Train Loss: 0.5973169 Vali Loss: 0.6539561 Test Loss: 0.3189608
EarlyStopping counter: 8 out of 20
Updating learning rate to 2.824295364810001e-05
	iters: 100, epoch: 16 | loss: 0.5927064
	speed: 0.3172s/iter; left time: 7491.9135s
	iters: 200, epoch: 16 | loss: 0.6279858
	speed: 0.1367s/iter; left time: 3214.5189s
Epoch: 16 cost time: 38.0296471118927
Epoch: 16, Steps: 279 | Train Loss: 0.5962084 Vali Loss: 0.6583050 Test Loss: 0.3204505
EarlyStopping counter: 9 out of 20
Updating learning rate to 2.541865828329001e-05
	iters: 100, epoch: 17 | loss: 0.5911056
	speed: 0.3188s/iter; left time: 7439.2938s
	iters: 200, epoch: 17 | loss: 0.6199918
	speed: 0.1370s/iter; left time: 3184.4403s
Epoch: 17 cost time: 38.20889353752136
Epoch: 17, Steps: 279 | Train Loss: 0.5956953 Vali Loss: 0.6548045 Test Loss: 0.3192921
EarlyStopping counter: 10 out of 20
Updating learning rate to 2.287679245496101e-05
	iters: 100, epoch: 18 | loss: 0.5524738
	speed: 0.3177s/iter; left time: 7325.3081s
	iters: 200, epoch: 18 | loss: 0.6249082
	speed: 0.1368s/iter; left time: 3141.4729s
Epoch: 18 cost time: 38.11686730384827
Epoch: 18, Steps: 279 | Train Loss: 0.5951591 Vali Loss: 0.6568159 Test Loss: 0.3193882
EarlyStopping counter: 11 out of 20
Updating learning rate to 2.0589113209464907e-05
	iters: 100, epoch: 19 | loss: 0.5104575
	speed: 0.3185s/iter; left time: 7254.0429s
	iters: 200, epoch: 19 | loss: 0.5879108
	speed: 0.1367s/iter; left time: 3099.1787s
Epoch: 19 cost time: 38.126574754714966
Epoch: 19, Steps: 279 | Train Loss: 0.5946656 Vali Loss: 0.6549067 Test Loss: 0.3197478
EarlyStopping counter: 12 out of 20
Updating learning rate to 1.8530201888518416e-05
	iters: 100, epoch: 20 | loss: 0.5742626
	speed: 0.3184s/iter; left time: 7163.9175s
	iters: 200, epoch: 20 | loss: 0.6712583
	speed: 0.1368s/iter; left time: 3063.9068s
Epoch: 20 cost time: 38.02986001968384
Epoch: 20, Steps: 279 | Train Loss: 0.5939262 Vali Loss: 0.6567551 Test Loss: 0.3193485
EarlyStopping counter: 13 out of 20
Updating learning rate to 1.6677181699666577e-05
	iters: 100, epoch: 21 | loss: 0.6805292
	speed: 0.3174s/iter; left time: 7053.9918s
	iters: 200, epoch: 21 | loss: 0.5703819
	speed: 0.1366s/iter; left time: 3021.4384s
Epoch: 21 cost time: 38.11370086669922
Epoch: 21, Steps: 279 | Train Loss: 0.5933983 Vali Loss: 0.6576783 Test Loss: 0.3198499
EarlyStopping counter: 14 out of 20
Updating learning rate to 1.5009463529699919e-05
	iters: 100, epoch: 22 | loss: 0.5845225
	speed: 0.3181s/iter; left time: 6979.2572s
	iters: 200, epoch: 22 | loss: 0.5924374
	speed: 0.1366s/iter; left time: 2984.0296s
Epoch: 22 cost time: 38.07400417327881
Epoch: 22, Steps: 279 | Train Loss: 0.5932611 Vali Loss: 0.6578617 Test Loss: 0.3200113
EarlyStopping counter: 15 out of 20
Updating learning rate to 1.3508517176729929e-05
	iters: 100, epoch: 23 | loss: 0.6217508
	speed: 0.3187s/iter; left time: 6903.4127s
	iters: 200, epoch: 23 | loss: 0.6210015
	speed: 0.1366s/iter; left time: 2945.0379s
Epoch: 23 cost time: 38.09435677528381
Epoch: 23, Steps: 279 | Train Loss: 0.5923162 Vali Loss: 0.6580516 Test Loss: 0.3202409
EarlyStopping counter: 16 out of 20
Updating learning rate to 1.2157665459056936e-05
	iters: 100, epoch: 24 | loss: 0.5552353
	speed: 0.3180s/iter; left time: 6799.9217s
	iters: 200, epoch: 24 | loss: 0.5802416
	speed: 0.1367s/iter; left time: 2909.3969s
Epoch: 24 cost time: 38.088414907455444
Epoch: 24, Steps: 279 | Train Loss: 0.5919593 Vali Loss: 0.6594759 Test Loss: 0.3201995
EarlyStopping counter: 17 out of 20
Updating learning rate to 1.0941898913151242e-05
	iters: 100, epoch: 25 | loss: 0.8136435
	speed: 0.3173s/iter; left time: 6697.6263s
	iters: 200, epoch: 25 | loss: 0.5664507
	speed: 0.1367s/iter; left time: 2871.2157s
Epoch: 25 cost time: 38.03328776359558
Epoch: 25, Steps: 279 | Train Loss: 0.5917541 Vali Loss: 0.6585358 Test Loss: 0.3200438
EarlyStopping counter: 18 out of 20
Updating learning rate to 9.847709021836118e-06
	iters: 100, epoch: 26 | loss: 0.5966114
	speed: 0.3180s/iter; left time: 6623.0664s
	iters: 200, epoch: 26 | loss: 0.6238616
	speed: 0.1369s/iter; left time: 2837.0894s
Epoch: 26 cost time: 38.16403913497925
Epoch: 26, Steps: 279 | Train Loss: 0.5915618 Vali Loss: 0.6593307 Test Loss: 0.3198893
EarlyStopping counter: 19 out of 20
Updating learning rate to 8.862938119652508e-06
	iters: 100, epoch: 27 | loss: 0.6320019
	speed: 0.3190s/iter; left time: 6555.4737s
	iters: 200, epoch: 27 | loss: 0.5529288
	speed: 0.1371s/iter; left time: 2803.9426s
Epoch: 27 cost time: 38.16803026199341
Epoch: 27, Steps: 279 | Train Loss: 0.5910845 Vali Loss: 0.6583673 Test Loss: 0.3203221
EarlyStopping counter: 20 out of 20
Early stopping
>>>>>>>testing : CMSweather_336_720_PatchTST_custom_ftM_sl336_ll48_pl720_dm128_nh16_el3_dl1_df256_fc1_ebtimeF_dtTrue_Exp_0<<<<<<<<<<<<<<<<<<<<<<<<<<<<<<<<<
test 9820
mse:0.5859010219573975, mae:0.4735604226589203, rse:1.0097888708114624
