==========================================================
Lanzando Experimento: Flatten_etth1 | Dataset: etth1
==========================================================
Args in experiment:
Namespace(random_seed=2021, is_training=1, model_id='Flatten_etth1_336_96', model='PatchTST', data='ETTh1', root_path='./dataset/', data_path='ETTh1.csv', features='M', target='OT', freq='h', checkpoints='./checkpoints/', seq_len=336, label_len=48, pred_len=96, head_type='flatten', fc_dropout=0.3, head_dropout=0.0, patch_len=16, stride=8, padding_patch='end', revin=1, affine=0, subtract_last=0, decomposition=0, kernel_size=25, individual=0, embed_type=0, enc_in=7, dec_in=7, c_out=7, d_model=16, n_heads=4, e_layers=3, d_layers=1, d_ff=128, moving_avg=25, factor=1, distil=True, dropout=0.3, embed='timeF', activation='gelu', output_attention=False, do_predict=False, num_workers=0, itr=1, train_epochs=100, batch_size=128, patience=100, learning_rate=0.0001, des='Exp', loss='mse', lradj='type3', pct_start=0.3, use_amp=False, use_gpu=True, gpu=0, use_multi_gpu=False, devices='0,1,2,3', test_flop=False)
Use GPU: cuda:0
>>>>>>>start training : Flatten_etth1_336_96_PatchTST_ETTh1_ftM_sl336_ll48_pl96_dm16_nh4_el3_dl1_df128_fc1_ebtimeF_dtTrue_Exp_0>>>>>>>>>>>>>>>>>>>>>>>>>>
train 8209
val 2785
test 2785
Epoch: 1 cost time: 4.737544298171997
Epoch: 1, Steps: 64 | Train Loss: 0.7518947 Vali Loss: 1.5256380 Test Loss: 0.8503421
Validation loss decreased (inf --> 1.525638).  Saving model ...
Updating learning rate to 0.0001
Epoch: 2 cost time: 1.7190203666687012
Epoch: 2, Steps: 64 | Train Loss: 0.7448841 Vali Loss: 1.4970599 Test Loss: 0.8309979
Validation loss decreased (1.525638 --> 1.497060).  Saving model ...
Updating learning rate to 0.0001
Epoch: 3 cost time: 1.7011375427246094
Epoch: 3, Steps: 64 | Train Loss: 0.7328363 Vali Loss: 1.4660751 Test Loss: 0.8132140
Validation loss decreased (1.497060 --> 1.466075).  Saving model ...
Updating learning rate to 0.0001
Epoch: 4 cost time: 1.7005071640014648
Epoch: 4, Steps: 64 | Train Loss: 0.7199131 Vali Loss: 1.4471647 Test Loss: 0.7964179
Validation loss decreased (1.466075 --> 1.447165).  Saving model ...
Updating learning rate to 9e-05
Epoch: 5 cost time: 1.70884108543396
Epoch: 5, Steps: 64 | Train Loss: 0.7089935 Vali Loss: 1.4246899 Test Loss: 0.7823911
Validation loss decreased (1.447165 --> 1.424690).  Saving model ...
Updating learning rate to 8.1e-05
Epoch: 6 cost time: 1.7021732330322266
Epoch: 6, Steps: 64 | Train Loss: 0.6991095 Vali Loss: 1.4060408 Test Loss: 0.7704908
Validation loss decreased (1.424690 --> 1.406041).  Saving model ...
Updating learning rate to 7.290000000000001e-05
Epoch: 7 cost time: 1.7005176544189453
Epoch: 7, Steps: 64 | Train Loss: 0.6902600 Vali Loss: 1.3903843 Test Loss: 0.7605473
Validation loss decreased (1.406041 --> 1.390384).  Saving model ...
Updating learning rate to 6.561e-05
Epoch: 8 cost time: 1.7106845378875732
Epoch: 8, Steps: 64 | Train Loss: 0.6833825 Vali Loss: 1.3746794 Test Loss: 0.7514428
Validation loss decreased (1.390384 --> 1.374679).  Saving model ...
Updating learning rate to 5.904900000000001e-05
Epoch: 9 cost time: 1.699389934539795
Epoch: 9, Steps: 64 | Train Loss: 0.6763661 Vali Loss: 1.3692667 Test Loss: 0.7440304
Validation loss decreased (1.374679 --> 1.369267).  Saving model ...
Updating learning rate to 5.3144100000000005e-05
Epoch: 10 cost time: 1.7085354328155518
Epoch: 10, Steps: 64 | Train Loss: 0.6707210 Vali Loss: 1.3518845 Test Loss: 0.7374721
Validation loss decreased (1.369267 --> 1.351884).  Saving model ...
Updating learning rate to 4.782969000000001e-05
Epoch: 11 cost time: 1.7087788581848145
Epoch: 11, Steps: 64 | Train Loss: 0.6656380 Vali Loss: 1.3484797 Test Loss: 0.7315854
Validation loss decreased (1.351884 --> 1.348480).  Saving model ...
Updating learning rate to 4.304672100000001e-05
Epoch: 12 cost time: 1.709686279296875
Epoch: 12, Steps: 64 | Train Loss: 0.6611613 Vali Loss: 1.3318633 Test Loss: 0.7265067
Validation loss decreased (1.348480 --> 1.331863).  Saving model ...
Updating learning rate to 3.874204890000001e-05
Epoch: 13 cost time: 1.7037885189056396
Epoch: 13, Steps: 64 | Train Loss: 0.6569947 Vali Loss: 1.3350269 Test Loss: 0.7221823
EarlyStopping counter: 1 out of 100
Updating learning rate to 3.486784401000001e-05
Epoch: 14 cost time: 1.7002019882202148
Epoch: 14, Steps: 64 | Train Loss: 0.6537069 Vali Loss: 1.3277305 Test Loss: 0.7182815
Validation loss decreased (1.331863 --> 1.327731).  Saving model ...
Updating learning rate to 3.138105960900001e-05
Epoch: 15 cost time: 1.7030558586120605
Epoch: 15, Steps: 64 | Train Loss: 0.6500722 Vali Loss: 1.3172063 Test Loss: 0.7145528
Validation loss decreased (1.327731 --> 1.317206).  Saving model ...
Updating learning rate to 2.824295364810001e-05
Epoch: 16 cost time: 1.7027194499969482
Epoch: 16, Steps: 64 | Train Loss: 0.6475116 Vali Loss: 1.3125666 Test Loss: 0.7116008
Validation loss decreased (1.317206 --> 1.312567).  Saving model ...
Updating learning rate to 2.541865828329001e-05
Epoch: 17 cost time: 1.701401710510254
Epoch: 17, Steps: 64 | Train Loss: 0.6444778 Vali Loss: 1.3102219 Test Loss: 0.7087268
Validation loss decreased (1.312567 --> 1.310222).  Saving model ...
Updating learning rate to 2.287679245496101e-05
Epoch: 18 cost time: 1.7086317539215088
Epoch: 18, Steps: 64 | Train Loss: 0.6424210 Vali Loss: 1.3061911 Test Loss: 0.7064609
Validation loss decreased (1.310222 --> 1.306191).  Saving model ...
Updating learning rate to 2.0589113209464907e-05
Epoch: 19 cost time: 1.7080748081207275
Epoch: 19, Steps: 64 | Train Loss: 0.6404913 Vali Loss: 1.3069628 Test Loss: 0.7042476
EarlyStopping counter: 1 out of 100
Updating learning rate to 1.8530201888518416e-05
Epoch: 20 cost time: 1.7029411792755127
Epoch: 20, Steps: 64 | Train Loss: 0.6384216 Vali Loss: 1.3016402 Test Loss: 0.7023941
Validation loss decreased (1.306191 --> 1.301640).  Saving model ...
Updating learning rate to 1.6677181699666577e-05
Epoch: 21 cost time: 1.7331347465515137
Epoch: 21, Steps: 64 | Train Loss: 0.6370525 Vali Loss: 1.3034831 Test Loss: 0.7005919
EarlyStopping counter: 1 out of 100
Updating learning rate to 1.5009463529699919e-05
Epoch: 22 cost time: 1.7034566402435303
Epoch: 22, Steps: 64 | Train Loss: 0.6358110 Vali Loss: 1.2932122 Test Loss: 0.6989596
Validation loss decreased (1.301640 --> 1.293212).  Saving model ...
Updating learning rate to 1.3508517176729929e-05
Epoch: 23 cost time: 1.7017033100128174
Epoch: 23, Steps: 64 | Train Loss: 0.6346386 Vali Loss: 1.2930516 Test Loss: 0.6976457
Validation loss decreased (1.293212 --> 1.293052).  Saving model ...
Updating learning rate to 1.2157665459056936e-05
Epoch: 24 cost time: 1.7054049968719482
Epoch: 24, Steps: 64 | Train Loss: 0.6329254 Vali Loss: 1.2948549 Test Loss: 0.6963179
EarlyStopping counter: 1 out of 100
Updating learning rate to 1.0941898913151242e-05
Epoch: 25 cost time: 1.7042279243469238
Epoch: 25, Steps: 64 | Train Loss: 0.6318180 Vali Loss: 1.2810049 Test Loss: 0.6952513
Validation loss decreased (1.293052 --> 1.281005).  Saving model ...
Updating learning rate to 9.847709021836118e-06
Epoch: 26 cost time: 1.702162504196167
Epoch: 26, Steps: 64 | Train Loss: 0.6315467 Vali Loss: 1.2859883 Test Loss: 0.6942638
EarlyStopping counter: 1 out of 100
Updating learning rate to 8.862938119652508e-06
Epoch: 27 cost time: 1.7413971424102783
Epoch: 27, Steps: 64 | Train Loss: 0.6303997 Vali Loss: 1.2892412 Test Loss: 0.6934651
EarlyStopping counter: 2 out of 100
Updating learning rate to 7.976644307687255e-06
Epoch: 28 cost time: 1.7079920768737793
Epoch: 28, Steps: 64 | Train Loss: 0.6294435 Vali Loss: 1.2799745 Test Loss: 0.6926473
Validation loss decreased (1.281005 --> 1.279974).  Saving model ...
Updating learning rate to 7.178979876918531e-06
Epoch: 29 cost time: 1.704951524734497
Epoch: 29, Steps: 64 | Train Loss: 0.6289204 Vali Loss: 1.2866378 Test Loss: 0.6919061
EarlyStopping counter: 1 out of 100
Updating learning rate to 6.4610818892266776e-06
Epoch: 30 cost time: 1.703491449356079
Epoch: 30, Steps: 64 | Train Loss: 0.6280744 Vali Loss: 1.2855017 Test Loss: 0.6911748
EarlyStopping counter: 2 out of 100
Updating learning rate to 5.8149737003040096e-06
Epoch: 31 cost time: 1.7052536010742188
Epoch: 31, Steps: 64 | Train Loss: 0.6274769 Vali Loss: 1.2800473 Test Loss: 0.6906779
EarlyStopping counter: 3 out of 100
Updating learning rate to 5.23347633027361e-06
Epoch: 32 cost time: 1.7069387435913086
Epoch: 32, Steps: 64 | Train Loss: 0.6270118 Vali Loss: 1.2781152 Test Loss: 0.6901469
Validation loss decreased (1.279974 --> 1.278115).  Saving model ...
Updating learning rate to 4.710128697246249e-06
Epoch: 33 cost time: 1.7087206840515137
Epoch: 33, Steps: 64 | Train Loss: 0.6270985 Vali Loss: 1.2815250 Test Loss: 0.6896494
EarlyStopping counter: 1 out of 100
Updating learning rate to 4.239115827521624e-06
Epoch: 34 cost time: 1.725635051727295
Epoch: 34, Steps: 64 | Train Loss: 0.6267059 Vali Loss: 1.2772408 Test Loss: 0.6892688
Validation loss decreased (1.278115 --> 1.277241).  Saving model ...
Updating learning rate to 3.815204244769462e-06
Epoch: 35 cost time: 1.7047264575958252
Epoch: 35, Steps: 64 | Train Loss: 0.6262691 Vali Loss: 1.2810558 Test Loss: 0.6888669
EarlyStopping counter: 1 out of 100
Updating learning rate to 3.4336838202925152e-06
Epoch: 36 cost time: 1.7097079753875732
Epoch: 36, Steps: 64 | Train Loss: 0.6255240 Vali Loss: 1.2800765 Test Loss: 0.6884099
EarlyStopping counter: 2 out of 100
Updating learning rate to 3.090315438263264e-06
Epoch: 37 cost time: 1.7057721614837646
Epoch: 37, Steps: 64 | Train Loss: 0.6254101 Vali Loss: 1.2792937 Test Loss: 0.6882642
EarlyStopping counter: 3 out of 100
Updating learning rate to 2.7812838944369375e-06
Epoch: 38 cost time: 1.7050890922546387
Epoch: 38, Steps: 64 | Train Loss: 0.6252127 Vali Loss: 1.2735627 Test Loss: 0.6879242
Validation loss decreased (1.277241 --> 1.273563).  Saving model ...
Updating learning rate to 2.503155504993244e-06
Epoch: 39 cost time: 1.7056951522827148
Epoch: 39, Steps: 64 | Train Loss: 0.6247369 Vali Loss: 1.2781657 Test Loss: 0.6877156
EarlyStopping counter: 1 out of 100
Updating learning rate to 2.2528399544939195e-06
Epoch: 40 cost time: 1.7052245140075684
Epoch: 40, Steps: 64 | Train Loss: 0.6246024 Vali Loss: 1.2785045 Test Loss: 0.6875103
EarlyStopping counter: 2 out of 100
Updating learning rate to 2.0275559590445276e-06
Epoch: 41 cost time: 1.7148513793945312
Epoch: 41, Steps: 64 | Train Loss: 0.6244592 Vali Loss: 1.2768118 Test Loss: 0.6872756
EarlyStopping counter: 3 out of 100
Updating learning rate to 1.8248003631400751e-06
Epoch: 42 cost time: 1.7079837322235107
Epoch: 42, Steps: 64 | Train Loss: 0.6241983 Vali Loss: 1.2752192 Test Loss: 0.6870319
EarlyStopping counter: 4 out of 100
Updating learning rate to 1.6423203268260676e-06
Epoch: 43 cost time: 1.7077510356903076
Epoch: 43, Steps: 64 | Train Loss: 0.6235738 Vali Loss: 1.2775717 Test Loss: 0.6870174
EarlyStopping counter: 5 out of 100
Updating learning rate to 1.4780882941434609e-06
Epoch: 44 cost time: 1.717665433883667
Epoch: 44, Steps: 64 | Train Loss: 0.6241654 Vali Loss: 1.2756208 Test Loss: 0.6868173
EarlyStopping counter: 6 out of 100
Updating learning rate to 1.3302794647291146e-06
Epoch: 45 cost time: 1.707374095916748
Epoch: 45, Steps: 64 | Train Loss: 0.6239339 Vali Loss: 1.2776433 Test Loss: 0.6866393
EarlyStopping counter: 7 out of 100
Updating learning rate to 1.1972515182562034e-06
Epoch: 46 cost time: 1.7135112285614014
Epoch: 46, Steps: 64 | Train Loss: 0.6237603 Vali Loss: 1.2715247 Test Loss: 0.6866183
Validation loss decreased (1.273563 --> 1.271525).  Saving model ...
Updating learning rate to 1.077526366430583e-06
Epoch: 47 cost time: 1.7077522277832031
Epoch: 47, Steps: 64 | Train Loss: 0.6234468 Vali Loss: 1.2766430 Test Loss: 0.6864185
EarlyStopping counter: 1 out of 100
Updating learning rate to 9.697737297875248e-07
Epoch: 48 cost time: 1.7160723209381104
Epoch: 48, Steps: 64 | Train Loss: 0.6236510 Vali Loss: 1.2735727 Test Loss: 0.6862522
EarlyStopping counter: 2 out of 100
Updating learning rate to 8.727963568087723e-07
Epoch: 49 cost time: 1.7095940113067627
Epoch: 49, Steps: 64 | Train Loss: 0.6234352 Vali Loss: 1.2760706 Test Loss: 0.6862428
EarlyStopping counter: 3 out of 100
Updating learning rate to 7.855167211278951e-07
Epoch: 50 cost time: 1.7100648880004883
Epoch: 50, Steps: 64 | Train Loss: 0.6237348 Vali Loss: 1.2730370 Test Loss: 0.6862635
EarlyStopping counter: 4 out of 100
Updating learning rate to 7.069650490151056e-07
Epoch: 51 cost time: 1.707972526550293
Epoch: 51, Steps: 64 | Train Loss: 0.6237072 Vali Loss: 1.2731853 Test Loss: 0.6860858
EarlyStopping counter: 5 out of 100
Updating learning rate to 6.36268544113595e-07
Epoch: 52 cost time: 1.7071409225463867
Epoch: 52, Steps: 64 | Train Loss: 0.6232959 Vali Loss: 1.2738916 Test Loss: 0.6860062
EarlyStopping counter: 6 out of 100
Updating learning rate to 5.726416897022355e-07
Epoch: 53 cost time: 1.708256483078003
Epoch: 53, Steps: 64 | Train Loss: 0.6233092 Vali Loss: 1.2700824 Test Loss: 0.6859447
Validation loss decreased (1.271525 --> 1.270082).  Saving model ...
Updating learning rate to 5.15377520732012e-07
Epoch: 54 cost time: 1.7110257148742676
Epoch: 54, Steps: 64 | Train Loss: 0.6235400 Vali Loss: 1.2725400 Test Loss: 0.6859417
EarlyStopping counter: 1 out of 100
Updating learning rate to 4.6383976865881085e-07
Epoch: 55 cost time: 1.7128326892852783
Epoch: 55, Steps: 64 | Train Loss: 0.6234030 Vali Loss: 1.2746451 Test Loss: 0.6859155
EarlyStopping counter: 2 out of 100
Updating learning rate to 4.174557917929298e-07
Epoch: 56 cost time: 1.7109415531158447
Epoch: 56, Steps: 64 | Train Loss: 0.6232477 Vali Loss: 1.2729890 Test Loss: 0.6859734
EarlyStopping counter: 3 out of 100
Updating learning rate to 3.7571021261363677e-07
Epoch: 57 cost time: 1.706982135772705
Epoch: 57, Steps: 64 | Train Loss: 0.6230698 Vali Loss: 1.2703149 Test Loss: 0.6857553
EarlyStopping counter: 4 out of 100
Updating learning rate to 3.381391913522731e-07
Epoch: 58 cost time: 1.7089612483978271
Epoch: 58, Steps: 64 | Train Loss: 0.6228485 Vali Loss: 1.2734493 Test Loss: 0.6857073
EarlyStopping counter: 5 out of 100
Updating learning rate to 3.043252722170458e-07
Epoch: 59 cost time: 1.7085461616516113
Epoch: 59, Steps: 64 | Train Loss: 0.6230259 Vali Loss: 1.2758858 Test Loss: 0.6857848
EarlyStopping counter: 6 out of 100
Updating learning rate to 2.7389274499534124e-07
Epoch: 60 cost time: 1.7127740383148193
Epoch: 60, Steps: 64 | Train Loss: 0.6232254 Vali Loss: 1.2700756 Test Loss: 0.6857122
Validation loss decreased (1.270082 --> 1.270076).  Saving model ...
Updating learning rate to 2.465034704958071e-07
Epoch: 61 cost time: 1.7198119163513184
Epoch: 61, Steps: 64 | Train Loss: 0.6230422 Vali Loss: 1.2771021 Test Loss: 0.6856622
EarlyStopping counter: 1 out of 100
Updating learning rate to 2.218531234462264e-07
Epoch: 62 cost time: 1.7070012092590332
Epoch: 62, Steps: 64 | Train Loss: 0.6230152 Vali Loss: 1.2728812 Test Loss: 0.6856394
EarlyStopping counter: 2 out of 100
Updating learning rate to 1.9966781110160376e-07
Epoch: 63 cost time: 1.714414358139038
Epoch: 63, Steps: 64 | Train Loss: 0.6231439 Vali Loss: 1.2763529 Test Loss: 0.6856218
EarlyStopping counter: 3 out of 100
Updating learning rate to 1.797010299914434e-07
Epoch: 64 cost time: 1.6976556777954102
Epoch: 64, Steps: 64 | Train Loss: 0.6228711 Vali Loss: 1.2724862 Test Loss: 0.6855689
EarlyStopping counter: 4 out of 100
Updating learning rate to 1.6173092699229907e-07
Epoch: 65 cost time: 1.7046000957489014
Epoch: 65, Steps: 64 | Train Loss: 0.6230878 Vali Loss: 1.2704192 Test Loss: 0.6856452
EarlyStopping counter: 5 out of 100
Updating learning rate to 1.4555783429306916e-07
Epoch: 66 cost time: 1.7019591331481934
Epoch: 66, Steps: 64 | Train Loss: 0.6230460 Vali Loss: 1.2748106 Test Loss: 0.6856638
EarlyStopping counter: 6 out of 100
Updating learning rate to 1.3100205086376224e-07
Epoch: 67 cost time: 1.6984171867370605
Epoch: 67, Steps: 64 | Train Loss: 0.6228624 Vali Loss: 1.2728647 Test Loss: 0.6856248
EarlyStopping counter: 7 out of 100
Updating learning rate to 1.1790184577738603e-07
Epoch: 68 cost time: 1.699704885482788
Epoch: 68, Steps: 64 | Train Loss: 0.6225468 Vali Loss: 1.2756928 Test Loss: 0.6855830
EarlyStopping counter: 8 out of 100
Updating learning rate to 1.0611166119964742e-07
Epoch: 69 cost time: 1.7000608444213867
Epoch: 69, Steps: 64 | Train Loss: 0.6227208 Vali Loss: 1.2748748 Test Loss: 0.6857516
EarlyStopping counter: 9 out of 100
Updating learning rate to 9.550049507968268e-08
Epoch: 70 cost time: 1.7148103713989258
Epoch: 70, Steps: 64 | Train Loss: 0.6224390 Vali Loss: 1.2751384 Test Loss: 0.6855957
EarlyStopping counter: 10 out of 100
Updating learning rate to 8.595044557171442e-08
Epoch: 71 cost time: 1.7006573677062988
Epoch: 71, Steps: 64 | Train Loss: 0.6233908 Vali Loss: 1.2764540 Test Loss: 0.6855479
EarlyStopping counter: 11 out of 100
Updating learning rate to 7.735540101454298e-08
Epoch: 72 cost time: 1.6999144554138184
Epoch: 72, Steps: 64 | Train Loss: 0.6229820 Vali Loss: 1.2752531 Test Loss: 0.6855329
EarlyStopping counter: 12 out of 100
Updating learning rate to 6.961986091308869e-08
Epoch: 73 cost time: 1.700927972793579
Epoch: 73, Steps: 64 | Train Loss: 0.6231172 Vali Loss: 1.2715060 Test Loss: 0.6856285
EarlyStopping counter: 13 out of 100
Updating learning rate to 6.265787482177981e-08
Epoch: 74 cost time: 1.701439619064331
Epoch: 74, Steps: 64 | Train Loss: 0.6231040 Vali Loss: 1.2763621 Test Loss: 0.6854675
EarlyStopping counter: 14 out of 100
Updating learning rate to 5.639208733960184e-08
Epoch: 75 cost time: 1.703786849975586
Epoch: 75, Steps: 64 | Train Loss: 0.6227643 Vali Loss: 1.2691095 Test Loss: 0.6855214
Validation loss decreased (1.270076 --> 1.269109).  Saving model ...
Updating learning rate to 5.075287860564165e-08
Epoch: 76 cost time: 1.7027671337127686
Epoch: 76, Steps: 64 | Train Loss: 0.6227123 Vali Loss: 1.2750845 Test Loss: 0.6856015
EarlyStopping counter: 1 out of 100
Updating learning rate to 4.567759074507749e-08
Epoch: 77 cost time: 1.711409091949463
Epoch: 77, Steps: 64 | Train Loss: 0.6227515 Vali Loss: 1.2728820 Test Loss: 0.6855144
EarlyStopping counter: 2 out of 100
Updating learning rate to 4.1109831670569744e-08
Epoch: 78 cost time: 1.7024962902069092
Epoch: 78, Steps: 64 | Train Loss: 0.6226898 Vali Loss: 1.2714109 Test Loss: 0.6854546
EarlyStopping counter: 3 out of 100
Updating learning rate to 3.6998848503512764e-08
Epoch: 79 cost time: 1.6999905109405518
Epoch: 79, Steps: 64 | Train Loss: 0.6228099 Vali Loss: 1.2745628 Test Loss: 0.6854833
EarlyStopping counter: 4 out of 100
Updating learning rate to 3.3298963653161496e-08
Epoch: 80 cost time: 1.706376314163208
Epoch: 80, Steps: 64 | Train Loss: 0.6231621 Vali Loss: 1.2716624 Test Loss: 0.6855252
EarlyStopping counter: 5 out of 100
Updating learning rate to 2.996906728784534e-08
Epoch: 81 cost time: 1.7064182758331299
Epoch: 81, Steps: 64 | Train Loss: 0.6223343 Vali Loss: 1.2727455 Test Loss: 0.6855356
EarlyStopping counter: 6 out of 100
Updating learning rate to 2.697216055906081e-08
Epoch: 82 cost time: 1.706183671951294
Epoch: 82, Steps: 64 | Train Loss: 0.6225577 Vali Loss: 1.2723745 Test Loss: 0.6855114
EarlyStopping counter: 7 out of 100
Updating learning rate to 2.427494450315473e-08
Epoch: 83 cost time: 1.7045118808746338
Epoch: 83, Steps: 64 | Train Loss: 0.6228350 Vali Loss: 1.2694544 Test Loss: 0.6855501
EarlyStopping counter: 8 out of 100
Updating learning rate to 2.1847450052839257e-08
Epoch: 84 cost time: 1.7122719287872314
Epoch: 84, Steps: 64 | Train Loss: 0.6226215 Vali Loss: 1.2763333 Test Loss: 0.6856157
EarlyStopping counter: 9 out of 100
Updating learning rate to 1.9662705047555332e-08
Epoch: 85 cost time: 1.703688621520996
Epoch: 85, Steps: 64 | Train Loss: 0.6228390 Vali Loss: 1.2745482 Test Loss: 0.6855489
EarlyStopping counter: 10 out of 100
Updating learning rate to 1.7696434542799797e-08
Epoch: 86 cost time: 1.704132318496704
Epoch: 86, Steps: 64 | Train Loss: 0.6227061 Vali Loss: 1.2705439 Test Loss: 0.6855152
EarlyStopping counter: 11 out of 100
Updating learning rate to 1.5926791088519817e-08
Epoch: 87 cost time: 1.757781982421875
Epoch: 87, Steps: 64 | Train Loss: 0.6229152 Vali Loss: 1.2702477 Test Loss: 0.6855481
EarlyStopping counter: 12 out of 100
Updating learning rate to 1.4334111979667836e-08
Epoch: 88 cost time: 1.7072055339813232
Epoch: 88, Steps: 64 | Train Loss: 0.6227475 Vali Loss: 1.2754785 Test Loss: 0.6854945
EarlyStopping counter: 13 out of 100
Updating learning rate to 1.2900700781701054e-08
Epoch: 89 cost time: 1.7044050693511963
Epoch: 89, Steps: 64 | Train Loss: 0.6224229 Vali Loss: 1.2715205 Test Loss: 0.6855543
EarlyStopping counter: 14 out of 100
Updating learning rate to 1.161063070353095e-08
Epoch: 90 cost time: 1.7207763195037842
Epoch: 90, Steps: 64 | Train Loss: 0.6231313 Vali Loss: 1.2723006 Test Loss: 0.6855913
EarlyStopping counter: 15 out of 100
Updating learning rate to 1.0449567633177854e-08
Epoch: 91 cost time: 1.7057499885559082
Epoch: 91, Steps: 64 | Train Loss: 0.6227442 Vali Loss: 1.2715461 Test Loss: 0.6854154
EarlyStopping counter: 16 out of 100
Updating learning rate to 9.404610869860069e-09
Epoch: 92 cost time: 1.710960865020752
Epoch: 92, Steps: 64 | Train Loss: 0.6228259 Vali Loss: 1.2727369 Test Loss: 0.6854846
EarlyStopping counter: 17 out of 100
Updating learning rate to 8.464149782874063e-09
Epoch: 93 cost time: 1.7074646949768066
Epoch: 93, Steps: 64 | Train Loss: 0.6228972 Vali Loss: 1.2726611 Test Loss: 0.6854873
EarlyStopping counter: 18 out of 100
Updating learning rate to 7.617734804586658e-09
Epoch: 94 cost time: 1.7437143325805664
Epoch: 94, Steps: 64 | Train Loss: 0.6226780 Vali Loss: 1.2785515 Test Loss: 0.6856065
EarlyStopping counter: 19 out of 100
Updating learning rate to 6.855961324127991e-09
Epoch: 95 cost time: 1.7087504863739014
Epoch: 95, Steps: 64 | Train Loss: 0.6227305 Vali Loss: 1.2719668 Test Loss: 0.6855469
EarlyStopping counter: 20 out of 100
Updating learning rate to 6.170365191715193e-09
Epoch: 96 cost time: 1.710158109664917
Epoch: 96, Steps: 64 | Train Loss: 0.6227809 Vali Loss: 1.2726234 Test Loss: 0.6854989
EarlyStopping counter: 21 out of 100
Updating learning rate to 5.5533286725436726e-09
Epoch: 97 cost time: 1.7014048099517822
Epoch: 97, Steps: 64 | Train Loss: 0.6226143 Vali Loss: 1.2727510 Test Loss: 0.6854886
EarlyStopping counter: 22 out of 100
Updating learning rate to 4.997995805289306e-09
Epoch: 98 cost time: 1.7020621299743652
Epoch: 98, Steps: 64 | Train Loss: 0.6224798 Vali Loss: 1.2700615 Test Loss: 0.6855552
EarlyStopping counter: 23 out of 100
Updating learning rate to 4.498196224760375e-09
Epoch: 99 cost time: 1.7084686756134033
Epoch: 99, Steps: 64 | Train Loss: 0.6228654 Vali Loss: 1.2718784 Test Loss: 0.6855544
EarlyStopping counter: 24 out of 100
Updating learning rate to 4.048376602284338e-09
Epoch: 100 cost time: 1.7002527713775635
Epoch: 100, Steps: 64 | Train Loss: 0.6228408 Vali Loss: 1.2729197 Test Loss: 0.6855573
EarlyStopping counter: 25 out of 100
Updating learning rate to 3.643538942055904e-09
>>>>>>>testing : Flatten_etth1_336_96_PatchTST_ETTh1_ftM_sl336_ll48_pl96_dm16_nh4_el3_dl1_df128_fc1_ebtimeF_dtTrue_Exp_0<<<<<<<<<<<<<<<<<<<<<<<<<<<<<<<<<
test 2785
mse:0.6762071251869202, mae:0.5575657486915588, rse:0.7797499299049377
Args in experiment:
Namespace(random_seed=2021, is_training=1, model_id='Flatten_etth1_336_192', model='PatchTST', data='ETTh1', root_path='./dataset/', data_path='ETTh1.csv', features='M', target='OT', freq='h', checkpoints='./checkpoints/', seq_len=336, label_len=48, pred_len=192, head_type='flatten', fc_dropout=0.3, head_dropout=0.0, patch_len=16, stride=8, padding_patch='end', revin=1, affine=0, subtract_last=0, decomposition=0, kernel_size=25, individual=0, embed_type=0, enc_in=7, dec_in=7, c_out=7, d_model=16, n_heads=4, e_layers=3, d_layers=1, d_ff=128, moving_avg=25, factor=1, distil=True, dropout=0.3, embed='timeF', activation='gelu', output_attention=False, do_predict=False, num_workers=0, itr=1, train_epochs=100, batch_size=128, patience=100, learning_rate=0.0001, des='Exp', loss='mse', lradj='type3', pct_start=0.3, use_amp=False, use_gpu=True, gpu=0, use_multi_gpu=False, devices='0,1,2,3', test_flop=False)
Use GPU: cuda:0
>>>>>>>start training : Flatten_etth1_336_192_PatchTST_ETTh1_ftM_sl336_ll48_pl192_dm16_nh4_el3_dl1_df128_fc1_ebtimeF_dtTrue_Exp_0>>>>>>>>>>>>>>>>>>>>>>>>>>
train 8113
val 2689
test 2689
Epoch: 1 cost time: 2.092299461364746
Epoch: 1, Steps: 63 | Train Loss: 0.7755889 Vali Loss: 1.6431645 Test Loss: 0.8393708
Validation loss decreased (inf --> 1.643165).  Saving model ...
Updating learning rate to 0.0001
Epoch: 2 cost time: 1.705204725265503
Epoch: 2, Steps: 63 | Train Loss: 0.7709020 Vali Loss: 1.6257321 Test Loss: 0.8262556
Validation loss decreased (1.643165 --> 1.625732).  Saving model ...
Updating learning rate to 0.0001
Epoch: 3 cost time: 1.6896281242370605
Epoch: 3, Steps: 63 | Train Loss: 0.7612425 Vali Loss: 1.6089208 Test Loss: 0.8141278
Validation loss decreased (1.625732 --> 1.608921).  Saving model ...
Updating learning rate to 0.0001
Epoch: 4 cost time: 1.7020211219787598
Epoch: 4, Steps: 63 | Train Loss: 0.7527946 Vali Loss: 1.5922285 Test Loss: 0.8026307
Validation loss decreased (1.608921 --> 1.592229).  Saving model ...
Updating learning rate to 9e-05
Epoch: 5 cost time: 1.7185773849487305
Epoch: 5, Steps: 63 | Train Loss: 0.7442348 Vali Loss: 1.5785509 Test Loss: 0.7930589
Validation loss decreased (1.592229 --> 1.578551).  Saving model ...
Updating learning rate to 8.1e-05
Epoch: 6 cost time: 1.7351751327514648
Epoch: 6, Steps: 63 | Train Loss: 0.7369722 Vali Loss: 1.5656343 Test Loss: 0.7850702
Validation loss decreased (1.578551 --> 1.565634).  Saving model ...
Updating learning rate to 7.290000000000001e-05
Epoch: 7 cost time: 1.730689287185669
Epoch: 7, Steps: 63 | Train Loss: 0.7305043 Vali Loss: 1.5558690 Test Loss: 0.7779752
Validation loss decreased (1.565634 --> 1.555869).  Saving model ...
Updating learning rate to 6.561e-05
Epoch: 8 cost time: 1.6921241283416748
Epoch: 8, Steps: 63 | Train Loss: 0.7250006 Vali Loss: 1.5468695 Test Loss: 0.7718255
Validation loss decreased (1.555869 --> 1.546870).  Saving model ...
Updating learning rate to 5.904900000000001e-05
Epoch: 9 cost time: 1.6912095546722412
Epoch: 9, Steps: 63 | Train Loss: 0.7200711 Vali Loss: 1.5387392 Test Loss: 0.7668281
Validation loss decreased (1.546870 --> 1.538739).  Saving model ...
Updating learning rate to 5.3144100000000005e-05
Epoch: 10 cost time: 1.695331335067749
Epoch: 10, Steps: 63 | Train Loss: 0.7159034 Vali Loss: 1.5319775 Test Loss: 0.7621340
Validation loss decreased (1.538739 --> 1.531978).  Saving model ...
Updating learning rate to 4.782969000000001e-05
Epoch: 11 cost time: 1.693251371383667
Epoch: 11, Steps: 63 | Train Loss: 0.7120155 Vali Loss: 1.5258757 Test Loss: 0.7583623
Validation loss decreased (1.531978 --> 1.525876).  Saving model ...
Updating learning rate to 4.304672100000001e-05
Epoch: 12 cost time: 1.700272560119629
Epoch: 12, Steps: 63 | Train Loss: 0.7084379 Vali Loss: 1.5198727 Test Loss: 0.7547727
Validation loss decreased (1.525876 --> 1.519873).  Saving model ...
Updating learning rate to 3.874204890000001e-05
Epoch: 13 cost time: 1.7011780738830566
Epoch: 13, Steps: 63 | Train Loss: 0.7055630 Vali Loss: 1.5148652 Test Loss: 0.7517237
Validation loss decreased (1.519873 --> 1.514865).  Saving model ...
Updating learning rate to 3.486784401000001e-05
Epoch: 14 cost time: 1.6976087093353271
Epoch: 14, Steps: 63 | Train Loss: 0.7027314 Vali Loss: 1.5113466 Test Loss: 0.7489090
Validation loss decreased (1.514865 --> 1.511347).  Saving model ...
Updating learning rate to 3.138105960900001e-05
Epoch: 15 cost time: 1.6950116157531738
Epoch: 15, Steps: 63 | Train Loss: 0.7002529 Vali Loss: 1.5077001 Test Loss: 0.7467032
Validation loss decreased (1.511347 --> 1.507700).  Saving model ...
Updating learning rate to 2.824295364810001e-05
Epoch: 16 cost time: 1.6937017440795898
Epoch: 16, Steps: 63 | Train Loss: 0.6980229 Vali Loss: 1.5037211 Test Loss: 0.7445459
Validation loss decreased (1.507700 --> 1.503721).  Saving model ...
Updating learning rate to 2.541865828329001e-05
Epoch: 17 cost time: 1.697293996810913
Epoch: 17, Steps: 63 | Train Loss: 0.6962595 Vali Loss: 1.5014715 Test Loss: 0.7427644
Validation loss decreased (1.503721 --> 1.501472).  Saving model ...
Updating learning rate to 2.287679245496101e-05
Epoch: 18 cost time: 1.7038958072662354
Epoch: 18, Steps: 63 | Train Loss: 0.6949800 Vali Loss: 1.4982992 Test Loss: 0.7408633
Validation loss decreased (1.501472 --> 1.498299).  Saving model ...
Updating learning rate to 2.0589113209464907e-05
Epoch: 19 cost time: 1.694530725479126
Epoch: 19, Steps: 63 | Train Loss: 0.6927909 Vali Loss: 1.4957968 Test Loss: 0.7392898
Validation loss decreased (1.498299 --> 1.495797).  Saving model ...
Updating learning rate to 1.8530201888518416e-05
Epoch: 20 cost time: 1.7052922248840332
Epoch: 20, Steps: 63 | Train Loss: 0.6911036 Vali Loss: 1.4937776 Test Loss: 0.7381351
Validation loss decreased (1.495797 --> 1.493778).  Saving model ...
Updating learning rate to 1.6677181699666577e-05
Epoch: 21 cost time: 1.6932876110076904
Epoch: 21, Steps: 63 | Train Loss: 0.6901101 Vali Loss: 1.4922016 Test Loss: 0.7368270
Validation loss decreased (1.493778 --> 1.492202).  Saving model ...
Updating learning rate to 1.5009463529699919e-05
Epoch: 22 cost time: 1.7063343524932861
Epoch: 22, Steps: 63 | Train Loss: 0.6891665 Vali Loss: 1.4896703 Test Loss: 0.7356571
Validation loss decreased (1.492202 --> 1.489670).  Saving model ...
Updating learning rate to 1.3508517176729929e-05
Epoch: 23 cost time: 1.6948566436767578
Epoch: 23, Steps: 63 | Train Loss: 0.6884240 Vali Loss: 1.4888979 Test Loss: 0.7347715
Validation loss decreased (1.489670 --> 1.488898).  Saving model ...
Updating learning rate to 1.2157665459056936e-05
Epoch: 24 cost time: 1.6955580711364746
Epoch: 24, Steps: 63 | Train Loss: 0.6875381 Vali Loss: 1.4875717 Test Loss: 0.7339865
Validation loss decreased (1.488898 --> 1.487572).  Saving model ...
Updating learning rate to 1.0941898913151242e-05
Epoch: 25 cost time: 1.7046983242034912
Epoch: 25, Steps: 63 | Train Loss: 0.6866314 Vali Loss: 1.4861948 Test Loss: 0.7332926
Validation loss decreased (1.487572 --> 1.486195).  Saving model ...
Updating learning rate to 9.847709021836118e-06
Epoch: 26 cost time: 1.6966938972473145
Epoch: 26, Steps: 63 | Train Loss: 0.6857909 Vali Loss: 1.4853616 Test Loss: 0.7323542
Validation loss decreased (1.486195 --> 1.485362).  Saving model ...
Updating learning rate to 8.862938119652508e-06
Epoch: 27 cost time: 1.7134344577789307
Epoch: 27, Steps: 63 | Train Loss: 0.6849417 Vali Loss: 1.4840876 Test Loss: 0.7318299
Validation loss decreased (1.485362 --> 1.484088).  Saving model ...
Updating learning rate to 7.976644307687255e-06
Epoch: 28 cost time: 1.6971023082733154
Epoch: 28, Steps: 63 | Train Loss: 0.6841246 Vali Loss: 1.4834988 Test Loss: 0.7313962
Validation loss decreased (1.484088 --> 1.483499).  Saving model ...
Updating learning rate to 7.178979876918531e-06
Epoch: 29 cost time: 1.7019894123077393
Epoch: 29, Steps: 63 | Train Loss: 0.6841696 Vali Loss: 1.4818810 Test Loss: 0.7308947
Validation loss decreased (1.483499 --> 1.481881).  Saving model ...
Updating learning rate to 6.4610818892266776e-06
Epoch: 30 cost time: 1.6934263706207275
Epoch: 30, Steps: 63 | Train Loss: 0.6834250 Vali Loss: 1.4820536 Test Loss: 0.7304635
EarlyStopping counter: 1 out of 100
Updating learning rate to 5.8149737003040096e-06
Epoch: 31 cost time: 1.6913652420043945
Epoch: 31, Steps: 63 | Train Loss: 0.6831184 Vali Loss: 1.4810990 Test Loss: 0.7300803
Validation loss decreased (1.481881 --> 1.481099).  Saving model ...
Updating learning rate to 5.23347633027361e-06
Epoch: 32 cost time: 1.7010643482208252
Epoch: 32, Steps: 63 | Train Loss: 0.6826692 Vali Loss: 1.4806063 Test Loss: 0.7296297
Validation loss decreased (1.481099 --> 1.480606).  Saving model ...
Updating learning rate to 4.710128697246249e-06
Epoch: 33 cost time: 1.6899187564849854
Epoch: 33, Steps: 63 | Train Loss: 0.6827734 Vali Loss: 1.4798466 Test Loss: 0.7294074
Validation loss decreased (1.480606 --> 1.479847).  Saving model ...
Updating learning rate to 4.239115827521624e-06
Epoch: 34 cost time: 1.6936821937561035
Epoch: 34, Steps: 63 | Train Loss: 0.6822377 Vali Loss: 1.4789082 Test Loss: 0.7288934
Validation loss decreased (1.479847 --> 1.478908).  Saving model ...
Updating learning rate to 3.815204244769462e-06
Epoch: 35 cost time: 1.6924335956573486
Epoch: 35, Steps: 63 | Train Loss: 0.6821372 Vali Loss: 1.4793003 Test Loss: 0.7288063
EarlyStopping counter: 1 out of 100
Updating learning rate to 3.4336838202925152e-06
Epoch: 36 cost time: 1.6964335441589355
Epoch: 36, Steps: 63 | Train Loss: 0.6819190 Vali Loss: 1.4787489 Test Loss: 0.7284645
Validation loss decreased (1.478908 --> 1.478749).  Saving model ...
Updating learning rate to 3.090315438263264e-06
Epoch: 37 cost time: 1.6946580410003662
Epoch: 37, Steps: 63 | Train Loss: 0.6811607 Vali Loss: 1.4785420 Test Loss: 0.7283251
Validation loss decreased (1.478749 --> 1.478542).  Saving model ...
Updating learning rate to 2.7812838944369375e-06
Epoch: 38 cost time: 1.692810297012329
Epoch: 38, Steps: 63 | Train Loss: 0.6811688 Vali Loss: 1.4779088 Test Loss: 0.7279562
Validation loss decreased (1.478542 --> 1.477909).  Saving model ...
Updating learning rate to 2.503155504993244e-06
Epoch: 39 cost time: 1.6931815147399902
Epoch: 39, Steps: 63 | Train Loss: 0.6806559 Vali Loss: 1.4777513 Test Loss: 0.7279335
Validation loss decreased (1.477909 --> 1.477751).  Saving model ...
Updating learning rate to 2.2528399544939195e-06
Epoch: 40 cost time: 1.6993193626403809
Epoch: 40, Steps: 63 | Train Loss: 0.6806506 Vali Loss: 1.4776669 Test Loss: 0.7279013
Validation loss decreased (1.477751 --> 1.477667).  Saving model ...
Updating learning rate to 2.0275559590445276e-06
Epoch: 41 cost time: 1.6939053535461426
Epoch: 41, Steps: 63 | Train Loss: 0.6803837 Vali Loss: 1.4766748 Test Loss: 0.7275809
Validation loss decreased (1.477667 --> 1.476675).  Saving model ...
Updating learning rate to 1.8248003631400751e-06
Epoch: 42 cost time: 1.7024083137512207
Epoch: 42, Steps: 63 | Train Loss: 0.6804992 Vali Loss: 1.4771646 Test Loss: 0.7275249
EarlyStopping counter: 1 out of 100
Updating learning rate to 1.6423203268260676e-06
Epoch: 43 cost time: 1.696239948272705
Epoch: 43, Steps: 63 | Train Loss: 0.6806447 Vali Loss: 1.4771882 Test Loss: 0.7275410
EarlyStopping counter: 2 out of 100
Updating learning rate to 1.4780882941434609e-06
Epoch: 44 cost time: 1.7059204578399658
Epoch: 44, Steps: 63 | Train Loss: 0.6807283 Vali Loss: 1.4765971 Test Loss: 0.7272223
Validation loss decreased (1.476675 --> 1.476597).  Saving model ...
Updating learning rate to 1.3302794647291146e-06
Epoch: 45 cost time: 1.6926534175872803
Epoch: 45, Steps: 63 | Train Loss: 0.6805415 Vali Loss: 1.4764131 Test Loss: 0.7272402
Validation loss decreased (1.476597 --> 1.476413).  Saving model ...
Updating learning rate to 1.1972515182562034e-06
Epoch: 46 cost time: 1.6896865367889404
Epoch: 46, Steps: 63 | Train Loss: 0.6798685 Vali Loss: 1.4759464 Test Loss: 0.7272838
Validation loss decreased (1.476413 --> 1.475946).  Saving model ...
Updating learning rate to 1.077526366430583e-06
Epoch: 47 cost time: 1.703171730041504
Epoch: 47, Steps: 63 | Train Loss: 0.6801663 Vali Loss: 1.4763863 Test Loss: 0.7271209
EarlyStopping counter: 1 out of 100
Updating learning rate to 9.697737297875248e-07
Epoch: 48 cost time: 1.6896929740905762
Epoch: 48, Steps: 63 | Train Loss: 0.6796583 Vali Loss: 1.4762142 Test Loss: 0.7270393
EarlyStopping counter: 2 out of 100
Updating learning rate to 8.727963568087723e-07
Epoch: 49 cost time: 1.7040398120880127
Epoch: 49, Steps: 63 | Train Loss: 0.6798276 Vali Loss: 1.4762564 Test Loss: 0.7269881
EarlyStopping counter: 3 out of 100
Updating learning rate to 7.855167211278951e-07
Epoch: 50 cost time: 1.693901538848877
Epoch: 50, Steps: 63 | Train Loss: 0.6800835 Vali Loss: 1.4762621 Test Loss: 0.7269238
EarlyStopping counter: 4 out of 100
Updating learning rate to 7.069650490151056e-07
Epoch: 51 cost time: 1.693911075592041
Epoch: 51, Steps: 63 | Train Loss: 0.6795934 Vali Loss: 1.4757904 Test Loss: 0.7267587
Validation loss decreased (1.475946 --> 1.475790).  Saving model ...
Updating learning rate to 6.36268544113595e-07
Epoch: 52 cost time: 1.6946325302124023
Epoch: 52, Steps: 63 | Train Loss: 0.6798815 Vali Loss: 1.4761121 Test Loss: 0.7269065
EarlyStopping counter: 1 out of 100
Updating learning rate to 5.726416897022355e-07
Epoch: 53 cost time: 1.6939830780029297
Epoch: 53, Steps: 63 | Train Loss: 0.6798799 Vali Loss: 1.4761088 Test Loss: 0.7267941
EarlyStopping counter: 2 out of 100
Updating learning rate to 5.15377520732012e-07
Epoch: 54 cost time: 1.7005133628845215
Epoch: 54, Steps: 63 | Train Loss: 0.6797605 Vali Loss: 1.4753976 Test Loss: 0.7266900
Validation loss decreased (1.475790 --> 1.475398).  Saving model ...
Updating learning rate to 4.6383976865881085e-07
Epoch: 55 cost time: 1.693580150604248
Epoch: 55, Steps: 63 | Train Loss: 0.6798536 Vali Loss: 1.4757481 Test Loss: 0.7266975
EarlyStopping counter: 1 out of 100
Updating learning rate to 4.174557917929298e-07
Epoch: 56 cost time: 1.704197883605957
Epoch: 56, Steps: 63 | Train Loss: 0.6800346 Vali Loss: 1.4759004 Test Loss: 0.7266620
EarlyStopping counter: 2 out of 100
Updating learning rate to 3.7571021261363677e-07
Epoch: 57 cost time: 1.6969897747039795
Epoch: 57, Steps: 63 | Train Loss: 0.6800714 Vali Loss: 1.4754862 Test Loss: 0.7266082
EarlyStopping counter: 3 out of 100
Updating learning rate to 3.381391913522731e-07
Epoch: 58 cost time: 1.6949734687805176
Epoch: 58, Steps: 63 | Train Loss: 0.6793714 Vali Loss: 1.4758584 Test Loss: 0.7266248
EarlyStopping counter: 4 out of 100
Updating learning rate to 3.043252722170458e-07
Epoch: 59 cost time: 1.705291748046875
Epoch: 59, Steps: 63 | Train Loss: 0.6789457 Vali Loss: 1.4756132 Test Loss: 0.7266027
EarlyStopping counter: 5 out of 100
Updating learning rate to 2.7389274499534124e-07
Epoch: 60 cost time: 1.6932315826416016
Epoch: 60, Steps: 63 | Train Loss: 0.6795850 Vali Loss: 1.4758891 Test Loss: 0.7266786
EarlyStopping counter: 6 out of 100
Updating learning rate to 2.465034704958071e-07
Epoch: 61 cost time: 1.6943163871765137
Epoch: 61, Steps: 63 | Train Loss: 0.6797303 Vali Loss: 1.4756163 Test Loss: 0.7266986
EarlyStopping counter: 7 out of 100
Updating learning rate to 2.218531234462264e-07
Epoch: 62 cost time: 1.6942930221557617
Epoch: 62, Steps: 63 | Train Loss: 0.6793379 Vali Loss: 1.4754565 Test Loss: 0.7266552
EarlyStopping counter: 8 out of 100
Updating learning rate to 1.9966781110160376e-07
Epoch: 63 cost time: 1.7079763412475586
Epoch: 63, Steps: 63 | Train Loss: 0.6796216 Vali Loss: 1.4758432 Test Loss: 0.7266081
EarlyStopping counter: 9 out of 100
Updating learning rate to 1.797010299914434e-07
Epoch: 64 cost time: 1.6960277557373047
Epoch: 64, Steps: 63 | Train Loss: 0.6792082 Vali Loss: 1.4753104 Test Loss: 0.7266282
Validation loss decreased (1.475398 --> 1.475310).  Saving model ...
Updating learning rate to 1.6173092699229907e-07
Epoch: 65 cost time: 1.6957204341888428
Epoch: 65, Steps: 63 | Train Loss: 0.6797617 Vali Loss: 1.4755877 Test Loss: 0.7264847
EarlyStopping counter: 1 out of 100
Updating learning rate to 1.4555783429306916e-07
Epoch: 66 cost time: 1.6954128742218018
Epoch: 66, Steps: 63 | Train Loss: 0.6793935 Vali Loss: 1.4753802 Test Loss: 0.7265463
EarlyStopping counter: 2 out of 100
Updating learning rate to 1.3100205086376224e-07
Epoch: 67 cost time: 1.696366310119629
Epoch: 67, Steps: 63 | Train Loss: 0.6791574 Vali Loss: 1.4755203 Test Loss: 0.7266877
EarlyStopping counter: 3 out of 100
Updating learning rate to 1.1790184577738603e-07
Epoch: 68 cost time: 1.6957602500915527
Epoch: 68, Steps: 63 | Train Loss: 0.6798313 Vali Loss: 1.4756324 Test Loss: 0.7264828
EarlyStopping counter: 4 out of 100
Updating learning rate to 1.0611166119964742e-07
Epoch: 69 cost time: 1.6970229148864746
Epoch: 69, Steps: 63 | Train Loss: 0.6793696 Vali Loss: 1.4755843 Test Loss: 0.7265013
EarlyStopping counter: 5 out of 100
Updating learning rate to 9.550049507968268e-08
Epoch: 70 cost time: 1.7105309963226318
Epoch: 70, Steps: 63 | Train Loss: 0.6796059 Vali Loss: 1.4748919 Test Loss: 0.7264364
Validation loss decreased (1.475310 --> 1.474892).  Saving model ...
Updating learning rate to 8.595044557171442e-08
Epoch: 71 cost time: 1.6954097747802734
Epoch: 71, Steps: 63 | Train Loss: 0.6791159 Vali Loss: 1.4754933 Test Loss: 0.7264089
EarlyStopping counter: 1 out of 100
Updating learning rate to 7.735540101454298e-08
Epoch: 72 cost time: 1.696286916732788
Epoch: 72, Steps: 63 | Train Loss: 0.6798119 Vali Loss: 1.4753941 Test Loss: 0.7265370
EarlyStopping counter: 2 out of 100
Updating learning rate to 6.961986091308869e-08
Epoch: 73 cost time: 1.694328784942627
Epoch: 73, Steps: 63 | Train Loss: 0.6791590 Vali Loss: 1.4750894 Test Loss: 0.7265039
EarlyStopping counter: 3 out of 100
Updating learning rate to 6.265787482177981e-08
Epoch: 74 cost time: 1.6953051090240479
Epoch: 74, Steps: 63 | Train Loss: 0.6787058 Vali Loss: 1.4755664 Test Loss: 0.7264444
EarlyStopping counter: 4 out of 100
Updating learning rate to 5.639208733960184e-08
Epoch: 75 cost time: 1.70127534866333
Epoch: 75, Steps: 63 | Train Loss: 0.6797639 Vali Loss: 1.4754686 Test Loss: 0.7264946
EarlyStopping counter: 5 out of 100
Updating learning rate to 5.075287860564165e-08
Epoch: 76 cost time: 1.6882061958312988
Epoch: 76, Steps: 63 | Train Loss: 0.6798876 Vali Loss: 1.4756438 Test Loss: 0.7264153
EarlyStopping counter: 6 out of 100
Updating learning rate to 4.567759074507749e-08
Epoch: 77 cost time: 1.694812297821045
Epoch: 77, Steps: 63 | Train Loss: 0.6796449 Vali Loss: 1.4752696 Test Loss: 0.7263910
EarlyStopping counter: 7 out of 100
Updating learning rate to 4.1109831670569744e-08
Epoch: 78 cost time: 1.7296042442321777
Epoch: 78, Steps: 63 | Train Loss: 0.6796841 Vali Loss: 1.4756727 Test Loss: 0.7265103
EarlyStopping counter: 8 out of 100
Updating learning rate to 3.6998848503512764e-08
Epoch: 79 cost time: 1.6888012886047363
Epoch: 79, Steps: 63 | Train Loss: 0.6798923 Vali Loss: 1.4757181 Test Loss: 0.7265694
EarlyStopping counter: 9 out of 100
Updating learning rate to 3.3298963653161496e-08
Epoch: 80 cost time: 1.6906251907348633
Epoch: 80, Steps: 63 | Train Loss: 0.6796738 Vali Loss: 1.4752737 Test Loss: 0.7264313
EarlyStopping counter: 10 out of 100
Updating learning rate to 2.996906728784534e-08
Epoch: 81 cost time: 1.6896240711212158
Epoch: 81, Steps: 63 | Train Loss: 0.6790648 Vali Loss: 1.4755170 Test Loss: 0.7266651
EarlyStopping counter: 11 out of 100
Updating learning rate to 2.697216055906081e-08
Epoch: 82 cost time: 1.689856767654419
Epoch: 82, Steps: 63 | Train Loss: 0.6797858 Vali Loss: 1.4751298 Test Loss: 0.7265033
EarlyStopping counter: 12 out of 100
Updating learning rate to 2.427494450315473e-08
Epoch: 83 cost time: 1.6914036273956299
Epoch: 83, Steps: 63 | Train Loss: 0.6790501 Vali Loss: 1.4755940 Test Loss: 0.7265249
EarlyStopping counter: 13 out of 100
Updating learning rate to 2.1847450052839257e-08
Epoch: 84 cost time: 1.6919183731079102
Epoch: 84, Steps: 63 | Train Loss: 0.6795747 Vali Loss: 1.4752530 Test Loss: 0.7263502
EarlyStopping counter: 14 out of 100
Updating learning rate to 1.9662705047555332e-08
Epoch: 85 cost time: 1.6960818767547607
Epoch: 85, Steps: 63 | Train Loss: 0.6792875 Vali Loss: 1.4753296 Test Loss: 0.7263327
EarlyStopping counter: 15 out of 100
Updating learning rate to 1.7696434542799797e-08
Epoch: 86 cost time: 1.6914782524108887
Epoch: 86, Steps: 63 | Train Loss: 0.6792528 Vali Loss: 1.4756809 Test Loss: 0.7264966
EarlyStopping counter: 16 out of 100
Updating learning rate to 1.5926791088519817e-08
Epoch: 87 cost time: 1.6933798789978027
Epoch: 87, Steps: 63 | Train Loss: 0.6795307 Vali Loss: 1.4752408 Test Loss: 0.7264833
EarlyStopping counter: 17 out of 100
Updating learning rate to 1.4334111979667836e-08
Epoch: 88 cost time: 1.6911849975585938
Epoch: 88, Steps: 63 | Train Loss: 0.6789320 Vali Loss: 1.4754593 Test Loss: 0.7264215
EarlyStopping counter: 18 out of 100
Updating learning rate to 1.2900700781701054e-08
Epoch: 89 cost time: 1.6922338008880615
Epoch: 89, Steps: 63 | Train Loss: 0.6794914 Vali Loss: 1.4751676 Test Loss: 0.7262868
EarlyStopping counter: 19 out of 100
Updating learning rate to 1.161063070353095e-08
Epoch: 90 cost time: 1.6926119327545166
Epoch: 90, Steps: 63 | Train Loss: 0.6793058 Vali Loss: 1.4755507 Test Loss: 0.7265646
EarlyStopping counter: 20 out of 100
Updating learning rate to 1.0449567633177854e-08
Epoch: 91 cost time: 1.6953163146972656
Epoch: 91, Steps: 63 | Train Loss: 0.6794795 Vali Loss: 1.4752972 Test Loss: 0.7264583
EarlyStopping counter: 21 out of 100
Updating learning rate to 9.404610869860069e-09
Epoch: 92 cost time: 1.7054963111877441
Epoch: 92, Steps: 63 | Train Loss: 0.6792613 Vali Loss: 1.4756918 Test Loss: 0.7264208
EarlyStopping counter: 22 out of 100
Updating learning rate to 8.464149782874063e-09
Epoch: 93 cost time: 1.6946523189544678
Epoch: 93, Steps: 63 | Train Loss: 0.6795992 Vali Loss: 1.4754742 Test Loss: 0.7266216
EarlyStopping counter: 23 out of 100
Updating learning rate to 7.617734804586658e-09
Epoch: 94 cost time: 1.695662021636963
Epoch: 94, Steps: 63 | Train Loss: 0.6795168 Vali Loss: 1.4752311 Test Loss: 0.7263375
EarlyStopping counter: 24 out of 100
Updating learning rate to 6.855961324127991e-09
Epoch: 95 cost time: 1.6962532997131348
Epoch: 95, Steps: 63 | Train Loss: 0.6796660 Vali Loss: 1.4753537 Test Loss: 0.7265309
EarlyStopping counter: 25 out of 100
Updating learning rate to 6.170365191715193e-09
Epoch: 96 cost time: 1.694582462310791
Epoch: 96, Steps: 63 | Train Loss: 0.6792323 Vali Loss: 1.4755700 Test Loss: 0.7264045
EarlyStopping counter: 26 out of 100
Updating learning rate to 5.5533286725436726e-09
Epoch: 97 cost time: 1.696362018585205
Epoch: 97, Steps: 63 | Train Loss: 0.6793893 Vali Loss: 1.4752274 Test Loss: 0.7265975
EarlyStopping counter: 27 out of 100
Updating learning rate to 4.997995805289306e-09
Epoch: 98 cost time: 1.6964781284332275
Epoch: 98, Steps: 63 | Train Loss: 0.6793035 Vali Loss: 1.4746772 Test Loss: 0.7263640
Validation loss decreased (1.474892 --> 1.474677).  Saving model ...
Updating learning rate to 4.498196224760375e-09
Epoch: 99 cost time: 1.7187767028808594
Epoch: 99, Steps: 63 | Train Loss: 0.6794414 Vali Loss: 1.4756830 Test Loss: 0.7265411
EarlyStopping counter: 1 out of 100
Updating learning rate to 4.048376602284338e-09
Epoch: 100 cost time: 1.7037675380706787
Epoch: 100, Steps: 63 | Train Loss: 0.6789504 Vali Loss: 1.4756269 Test Loss: 0.7264636
EarlyStopping counter: 2 out of 100
Updating learning rate to 3.643538942055904e-09
>>>>>>>testing : Flatten_etth1_336_192_PatchTST_ETTh1_ftM_sl336_ll48_pl192_dm16_nh4_el3_dl1_df128_fc1_ebtimeF_dtTrue_Exp_0<<<<<<<<<<<<<<<<<<<<<<<<<<<<<<<<<
test 2689
mse:0.7197606563568115, mae:0.5796577334403992, rse:0.8056488633155823
Args in experiment:
Namespace(random_seed=2021, is_training=1, model_id='Flatten_etth1_336_336', model='PatchTST', data='ETTh1', root_path='./dataset/', data_path='ETTh1.csv', features='M', target='OT', freq='h', checkpoints='./checkpoints/', seq_len=336, label_len=48, pred_len=336, head_type='flatten', fc_dropout=0.3, head_dropout=0.0, patch_len=16, stride=8, padding_patch='end', revin=1, affine=0, subtract_last=0, decomposition=0, kernel_size=25, individual=0, embed_type=0, enc_in=7, dec_in=7, c_out=7, d_model=16, n_heads=4, e_layers=3, d_layers=1, d_ff=128, moving_avg=25, factor=1, distil=True, dropout=0.3, embed='timeF', activation='gelu', output_attention=False, do_predict=False, num_workers=0, itr=1, train_epochs=100, batch_size=128, patience=100, learning_rate=0.0001, des='Exp', loss='mse', lradj='type3', pct_start=0.3, use_amp=False, use_gpu=True, gpu=0, use_multi_gpu=False, devices='0,1,2,3', test_flop=False)
Use GPU: cuda:0
>>>>>>>start training : Flatten_etth1_336_336_PatchTST_ETTh1_ftM_sl336_ll48_pl336_dm16_nh4_el3_dl1_df128_fc1_ebtimeF_dtTrue_Exp_0>>>>>>>>>>>>>>>>>>>>>>>>>>
train 7969
val 2545
test 2545
Epoch: 1 cost time: 2.112114667892456
Epoch: 1, Steps: 62 | Train Loss: 0.8206808 Vali Loss: 1.7863625 Test Loss: 0.8172431
Validation loss decreased (inf --> 1.786363).  Saving model ...
Updating learning rate to 0.0001
Epoch: 2 cost time: 1.7357723712921143
Epoch: 2, Steps: 62 | Train Loss: 0.8171760 Vali Loss: 1.7779042 Test Loss: 0.8063502
Validation loss decreased (1.786363 --> 1.777904).  Saving model ...
Updating learning rate to 0.0001
Epoch: 3 cost time: 1.729853868484497
Epoch: 3, Steps: 62 | Train Loss: 0.8091104 Vali Loss: 1.7592571 Test Loss: 0.7959846
Validation loss decreased (1.777904 --> 1.759257).  Saving model ...
Updating learning rate to 0.0001
Epoch: 4 cost time: 1.7227907180786133
Epoch: 4, Steps: 62 | Train Loss: 0.8018829 Vali Loss: 1.7493174 Test Loss: 0.7867808
Validation loss decreased (1.759257 --> 1.749317).  Saving model ...
Updating learning rate to 9e-05
Epoch: 5 cost time: 1.7175042629241943
Epoch: 5, Steps: 62 | Train Loss: 0.7952706 Vali Loss: 1.7389523 Test Loss: 0.7784618
Validation loss decreased (1.749317 --> 1.738952).  Saving model ...
Updating learning rate to 8.1e-05
Epoch: 6 cost time: 1.7594702243804932
Epoch: 6, Steps: 62 | Train Loss: 0.7887471 Vali Loss: 1.7242996 Test Loss: 0.7721310
Validation loss decreased (1.738952 --> 1.724300).  Saving model ...
Updating learning rate to 7.290000000000001e-05
Epoch: 7 cost time: 1.7590432167053223
Epoch: 7, Steps: 62 | Train Loss: 0.7834591 Vali Loss: 1.7164447 Test Loss: 0.7664754
Validation loss decreased (1.724300 --> 1.716445).  Saving model ...
Updating learning rate to 6.561e-05
Epoch: 8 cost time: 1.7896344661712646
Epoch: 8, Steps: 62 | Train Loss: 0.7788099 Vali Loss: 1.7149441 Test Loss: 0.7613577
Validation loss decreased (1.716445 --> 1.714944).  Saving model ...
Updating learning rate to 5.904900000000001e-05
Epoch: 9 cost time: 1.765153408050537
Epoch: 9, Steps: 62 | Train Loss: 0.7747348 Vali Loss: 1.7102627 Test Loss: 0.7576278
Validation loss decreased (1.714944 --> 1.710263).  Saving model ...
Updating learning rate to 5.3144100000000005e-05
Epoch: 10 cost time: 1.7143681049346924
Epoch: 10, Steps: 62 | Train Loss: 0.7707108 Vali Loss: 1.7027432 Test Loss: 0.7534794
Validation loss decreased (1.710263 --> 1.702743).  Saving model ...
Updating learning rate to 4.782969000000001e-05
Epoch: 11 cost time: 1.7134068012237549
Epoch: 11, Steps: 62 | Train Loss: 0.7679153 Vali Loss: 1.6977407 Test Loss: 0.7507294
Validation loss decreased (1.702743 --> 1.697741).  Saving model ...
Updating learning rate to 4.304672100000001e-05
Epoch: 12 cost time: 1.7222836017608643
Epoch: 12, Steps: 62 | Train Loss: 0.7651761 Vali Loss: 1.6908047 Test Loss: 0.7478065
Validation loss decreased (1.697741 --> 1.690805).  Saving model ...
Updating learning rate to 3.874204890000001e-05
Epoch: 13 cost time: 1.7214043140411377
Epoch: 13, Steps: 62 | Train Loss: 0.7623409 Vali Loss: 1.6930132 Test Loss: 0.7450867
EarlyStopping counter: 1 out of 100
Updating learning rate to 3.486784401000001e-05
Epoch: 14 cost time: 1.7078557014465332
Epoch: 14, Steps: 62 | Train Loss: 0.7596800 Vali Loss: 1.6869242 Test Loss: 0.7431391
Validation loss decreased (1.690805 --> 1.686924).  Saving model ...
Updating learning rate to 3.138105960900001e-05
Epoch: 15 cost time: 1.7191963195800781
Epoch: 15, Steps: 62 | Train Loss: 0.7579501 Vali Loss: 1.6843643 Test Loss: 0.7414160
Validation loss decreased (1.686924 --> 1.684364).  Saving model ...
Updating learning rate to 2.824295364810001e-05
Epoch: 16 cost time: 1.7240352630615234
Epoch: 16, Steps: 62 | Train Loss: 0.7562194 Vali Loss: 1.6804584 Test Loss: 0.7397103
Validation loss decreased (1.684364 --> 1.680458).  Saving model ...
Updating learning rate to 2.541865828329001e-05
Epoch: 17 cost time: 1.721621036529541
Epoch: 17, Steps: 62 | Train Loss: 0.7544274 Vali Loss: 1.6751193 Test Loss: 0.7382346
Validation loss decreased (1.680458 --> 1.675119).  Saving model ...
Updating learning rate to 2.287679245496101e-05
Epoch: 18 cost time: 1.7257177829742432
Epoch: 18, Steps: 62 | Train Loss: 0.7533140 Vali Loss: 1.6736934 Test Loss: 0.7368783
Validation loss decreased (1.675119 --> 1.673693).  Saving model ...
Updating learning rate to 2.0589113209464907e-05
Epoch: 19 cost time: 1.7140474319458008
Epoch: 19, Steps: 62 | Train Loss: 0.7519087 Vali Loss: 1.6765422 Test Loss: 0.7355406
EarlyStopping counter: 1 out of 100
Updating learning rate to 1.8530201888518416e-05
Epoch: 20 cost time: 1.7199516296386719
Epoch: 20, Steps: 62 | Train Loss: 0.7508062 Vali Loss: 1.6773285 Test Loss: 0.7345564
EarlyStopping counter: 2 out of 100
Updating learning rate to 1.6677181699666577e-05
Epoch: 21 cost time: 1.7237157821655273
Epoch: 21, Steps: 62 | Train Loss: 0.7494161 Vali Loss: 1.6761365 Test Loss: 0.7338237
EarlyStopping counter: 3 out of 100
Updating learning rate to 1.5009463529699919e-05
Epoch: 22 cost time: 1.7601909637451172
Epoch: 22, Steps: 62 | Train Loss: 0.7487560 Vali Loss: 1.6728312 Test Loss: 0.7328540
Validation loss decreased (1.673693 --> 1.672831).  Saving model ...
Updating learning rate to 1.3508517176729929e-05
Epoch: 23 cost time: 1.7171924114227295
Epoch: 23, Steps: 62 | Train Loss: 0.7479911 Vali Loss: 1.6757733 Test Loss: 0.7322750
EarlyStopping counter: 1 out of 100
Updating learning rate to 1.2157665459056936e-05
Epoch: 24 cost time: 1.7230610847473145
Epoch: 24, Steps: 62 | Train Loss: 0.7468557 Vali Loss: 1.6696531 Test Loss: 0.7314709
Validation loss decreased (1.672831 --> 1.669653).  Saving model ...
Updating learning rate to 1.0941898913151242e-05
Epoch: 25 cost time: 1.7175264358520508
Epoch: 25, Steps: 62 | Train Loss: 0.7466105 Vali Loss: 1.6705987 Test Loss: 0.7307519
EarlyStopping counter: 1 out of 100
Updating learning rate to 9.847709021836118e-06
Epoch: 26 cost time: 1.7198705673217773
Epoch: 26, Steps: 62 | Train Loss: 0.7460150 Vali Loss: 1.6710423 Test Loss: 0.7304186
EarlyStopping counter: 2 out of 100
Updating learning rate to 8.862938119652508e-06
Epoch: 27 cost time: 1.7155725955963135
Epoch: 27, Steps: 62 | Train Loss: 0.7452920 Vali Loss: 1.6650578 Test Loss: 0.7299467
Validation loss decreased (1.669653 --> 1.665058).  Saving model ...
Updating learning rate to 7.976644307687255e-06
Epoch: 28 cost time: 1.7363827228546143
Epoch: 28, Steps: 62 | Train Loss: 0.7452414 Vali Loss: 1.6688280 Test Loss: 0.7294566
EarlyStopping counter: 1 out of 100
Updating learning rate to 7.178979876918531e-06
Epoch: 29 cost time: 1.7203972339630127
Epoch: 29, Steps: 62 | Train Loss: 0.7441617 Vali Loss: 1.6649139 Test Loss: 0.7290785
Validation loss decreased (1.665058 --> 1.664914).  Saving model ...
Updating learning rate to 6.4610818892266776e-06
Epoch: 30 cost time: 1.729990005493164
Epoch: 30, Steps: 62 | Train Loss: 0.7443378 Vali Loss: 1.6656525 Test Loss: 0.7289864
EarlyStopping counter: 1 out of 100
Updating learning rate to 5.8149737003040096e-06
Epoch: 31 cost time: 1.7169575691223145
Epoch: 31, Steps: 62 | Train Loss: 0.7437744 Vali Loss: 1.6682833 Test Loss: 0.7286302
EarlyStopping counter: 2 out of 100
Updating learning rate to 5.23347633027361e-06
Epoch: 32 cost time: 1.7178266048431396
Epoch: 32, Steps: 62 | Train Loss: 0.7434990 Vali Loss: 1.6644894 Test Loss: 0.7282860
Validation loss decreased (1.664914 --> 1.664489).  Saving model ...
Updating learning rate to 4.710128697246249e-06
Epoch: 33 cost time: 1.7287895679473877
Epoch: 33, Steps: 62 | Train Loss: 0.7428844 Vali Loss: 1.6680913 Test Loss: 0.7280351
EarlyStopping counter: 1 out of 100
Updating learning rate to 4.239115827521624e-06
Epoch: 34 cost time: 1.715806245803833
Epoch: 34, Steps: 62 | Train Loss: 0.7429241 Vali Loss: 1.6656733 Test Loss: 0.7277573
EarlyStopping counter: 2 out of 100
Updating learning rate to 3.815204244769462e-06
Epoch: 35 cost time: 1.7272841930389404
Epoch: 35, Steps: 62 | Train Loss: 0.7425018 Vali Loss: 1.6637664 Test Loss: 0.7277443
Validation loss decreased (1.664489 --> 1.663766).  Saving model ...
Updating learning rate to 3.4336838202925152e-06
Epoch: 36 cost time: 1.7265548706054688
Epoch: 36, Steps: 62 | Train Loss: 0.7419547 Vali Loss: 1.6676939 Test Loss: 0.7272983
EarlyStopping counter: 1 out of 100
Updating learning rate to 3.090315438263264e-06
Epoch: 37 cost time: 1.7180030345916748
Epoch: 37, Steps: 62 | Train Loss: 0.7422022 Vali Loss: 1.6643929 Test Loss: 0.7272358
EarlyStopping counter: 2 out of 100
Updating learning rate to 2.7812838944369375e-06
Epoch: 38 cost time: 1.716521978378296
Epoch: 38, Steps: 62 | Train Loss: 0.7421461 Vali Loss: 1.6641684 Test Loss: 0.7268761
EarlyStopping counter: 3 out of 100
Updating learning rate to 2.503155504993244e-06
Epoch: 39 cost time: 1.7198338508605957
Epoch: 39, Steps: 62 | Train Loss: 0.7420274 Vali Loss: 1.6636839 Test Loss: 0.7268963
Validation loss decreased (1.663766 --> 1.663684).  Saving model ...
Updating learning rate to 2.2528399544939195e-06
Epoch: 40 cost time: 1.7283382415771484
Epoch: 40, Steps: 62 | Train Loss: 0.7417149 Vali Loss: 1.6648198 Test Loss: 0.7267652
EarlyStopping counter: 1 out of 100
Updating learning rate to 2.0275559590445276e-06
Epoch: 41 cost time: 1.729090929031372
Epoch: 41, Steps: 62 | Train Loss: 0.7416555 Vali Loss: 1.6574255 Test Loss: 0.7267351
Validation loss decreased (1.663684 --> 1.657426).  Saving model ...
Updating learning rate to 1.8248003631400751e-06
Epoch: 42 cost time: 1.734046220779419
Epoch: 42, Steps: 62 | Train Loss: 0.7417197 Vali Loss: 1.6646044 Test Loss: 0.7266819
EarlyStopping counter: 1 out of 100
Updating learning rate to 1.6423203268260676e-06
Epoch: 43 cost time: 1.7175135612487793
Epoch: 43, Steps: 62 | Train Loss: 0.7415241 Vali Loss: 1.6635180 Test Loss: 0.7265505
EarlyStopping counter: 2 out of 100
Updating learning rate to 1.4780882941434609e-06
Epoch: 44 cost time: 1.7219996452331543
Epoch: 44, Steps: 62 | Train Loss: 0.7408646 Vali Loss: 1.6590272 Test Loss: 0.7264152
EarlyStopping counter: 3 out of 100
Updating learning rate to 1.3302794647291146e-06
Epoch: 45 cost time: 1.7203876972198486
Epoch: 45, Steps: 62 | Train Loss: 0.7414317 Vali Loss: 1.6638806 Test Loss: 0.7264225
EarlyStopping counter: 4 out of 100
Updating learning rate to 1.1972515182562034e-06
Epoch: 46 cost time: 1.7182416915893555
Epoch: 46, Steps: 62 | Train Loss: 0.7412881 Vali Loss: 1.6659240 Test Loss: 0.7263309
EarlyStopping counter: 5 out of 100
Updating learning rate to 1.077526366430583e-06
Epoch: 47 cost time: 1.7208452224731445
Epoch: 47, Steps: 62 | Train Loss: 0.7413285 Vali Loss: 1.6676613 Test Loss: 0.7262730
EarlyStopping counter: 6 out of 100
Updating learning rate to 9.697737297875248e-07
Epoch: 48 cost time: 1.7183759212493896
Epoch: 48, Steps: 62 | Train Loss: 0.7411323 Vali Loss: 1.6612285 Test Loss: 0.7259673
EarlyStopping counter: 7 out of 100
Updating learning rate to 8.727963568087723e-07
Epoch: 49 cost time: 1.7281498908996582
Epoch: 49, Steps: 62 | Train Loss: 0.7408712 Vali Loss: 1.6613585 Test Loss: 0.7261714
EarlyStopping counter: 8 out of 100
Updating learning rate to 7.855167211278951e-07
Epoch: 50 cost time: 1.7124996185302734
Epoch: 50, Steps: 62 | Train Loss: 0.7410937 Vali Loss: 1.6634136 Test Loss: 0.7259657
EarlyStopping counter: 9 out of 100
Updating learning rate to 7.069650490151056e-07
Epoch: 51 cost time: 1.7154757976531982
Epoch: 51, Steps: 62 | Train Loss: 0.7407946 Vali Loss: 1.6603049 Test Loss: 0.7260780
EarlyStopping counter: 10 out of 100
Updating learning rate to 6.36268544113595e-07
Epoch: 52 cost time: 1.7117066383361816
Epoch: 52, Steps: 62 | Train Loss: 0.7410197 Vali Loss: 1.6659756 Test Loss: 0.7258083
EarlyStopping counter: 11 out of 100
Updating learning rate to 5.726416897022355e-07
Epoch: 53 cost time: 1.7132117748260498
Epoch: 53, Steps: 62 | Train Loss: 0.7407433 Vali Loss: 1.6695637 Test Loss: 0.7259381
EarlyStopping counter: 12 out of 100
Updating learning rate to 5.15377520732012e-07
Epoch: 54 cost time: 1.7106359004974365
Epoch: 54, Steps: 62 | Train Loss: 0.7408214 Vali Loss: 1.6594311 Test Loss: 0.7259441
EarlyStopping counter: 13 out of 100
Updating learning rate to 4.6383976865881085e-07
Epoch: 55 cost time: 1.7111413478851318
Epoch: 55, Steps: 62 | Train Loss: 0.7407656 Vali Loss: 1.6625724 Test Loss: 0.7258410
EarlyStopping counter: 14 out of 100
Updating learning rate to 4.174557917929298e-07
Epoch: 56 cost time: 1.7206931114196777
Epoch: 56, Steps: 62 | Train Loss: 0.7409044 Vali Loss: 1.6640753 Test Loss: 0.7257550
EarlyStopping counter: 15 out of 100
Updating learning rate to 3.7571021261363677e-07
Epoch: 57 cost time: 1.7212259769439697
Epoch: 57, Steps: 62 | Train Loss: 0.7410122 Vali Loss: 1.6684986 Test Loss: 0.7260957
EarlyStopping counter: 16 out of 100
Updating learning rate to 3.381391913522731e-07
Epoch: 58 cost time: 1.7116987705230713
Epoch: 58, Steps: 62 | Train Loss: 0.7411710 Vali Loss: 1.6627547 Test Loss: 0.7260849
EarlyStopping counter: 17 out of 100
Updating learning rate to 3.043252722170458e-07
Epoch: 59 cost time: 1.7187986373901367
Epoch: 59, Steps: 62 | Train Loss: 0.7408236 Vali Loss: 1.6604573 Test Loss: 0.7258407
EarlyStopping counter: 18 out of 100
Updating learning rate to 2.7389274499534124e-07
Epoch: 60 cost time: 1.7127785682678223
Epoch: 60, Steps: 62 | Train Loss: 0.7410198 Vali Loss: 1.6658900 Test Loss: 0.7259964
EarlyStopping counter: 19 out of 100
Updating learning rate to 2.465034704958071e-07
Epoch: 61 cost time: 1.7165801525115967
Epoch: 61, Steps: 62 | Train Loss: 0.7409676 Vali Loss: 1.6638101 Test Loss: 0.7257861
EarlyStopping counter: 20 out of 100
Updating learning rate to 2.218531234462264e-07
Epoch: 62 cost time: 1.7167091369628906
Epoch: 62, Steps: 62 | Train Loss: 0.7407452 Vali Loss: 1.6646202 Test Loss: 0.7258754
EarlyStopping counter: 21 out of 100
Updating learning rate to 1.9966781110160376e-07
Epoch: 63 cost time: 1.735767126083374
Epoch: 63, Steps: 62 | Train Loss: 0.7404803 Vali Loss: 1.6614968 Test Loss: 0.7257315
EarlyStopping counter: 22 out of 100
Updating learning rate to 1.797010299914434e-07
Epoch: 64 cost time: 1.714982509613037
Epoch: 64, Steps: 62 | Train Loss: 0.7406409 Vali Loss: 1.6629254 Test Loss: 0.7256901
EarlyStopping counter: 23 out of 100
Updating learning rate to 1.6173092699229907e-07
Epoch: 65 cost time: 1.715921401977539
Epoch: 65, Steps: 62 | Train Loss: 0.7409649 Vali Loss: 1.6637301 Test Loss: 0.7258856
EarlyStopping counter: 24 out of 100
Updating learning rate to 1.4555783429306916e-07
Epoch: 66 cost time: 1.7164592742919922
Epoch: 66, Steps: 62 | Train Loss: 0.7405569 Vali Loss: 1.6643550 Test Loss: 0.7257635
EarlyStopping counter: 25 out of 100
Updating learning rate to 1.3100205086376224e-07
Epoch: 67 cost time: 1.714754343032837
Epoch: 67, Steps: 62 | Train Loss: 0.7403830 Vali Loss: 1.6663600 Test Loss: 0.7259002
EarlyStopping counter: 26 out of 100
Updating learning rate to 1.1790184577738603e-07
Epoch: 68 cost time: 1.760422945022583
Epoch: 68, Steps: 62 | Train Loss: 0.7407978 Vali Loss: 1.6631286 Test Loss: 0.7257848
EarlyStopping counter: 27 out of 100
Updating learning rate to 1.0611166119964742e-07
Epoch: 69 cost time: 1.718799352645874
Epoch: 69, Steps: 62 | Train Loss: 0.7402913 Vali Loss: 1.6608781 Test Loss: 0.7257106
EarlyStopping counter: 28 out of 100
Updating learning rate to 9.550049507968268e-08
Epoch: 70 cost time: 1.729335069656372
Epoch: 70, Steps: 62 | Train Loss: 0.7407137 Vali Loss: 1.6654675 Test Loss: 0.7257597
EarlyStopping counter: 29 out of 100
Updating learning rate to 8.595044557171442e-08
Epoch: 71 cost time: 1.7181777954101562
Epoch: 71, Steps: 62 | Train Loss: 0.7402937 Vali Loss: 1.6589749 Test Loss: 0.7257812
EarlyStopping counter: 30 out of 100
Updating learning rate to 7.735540101454298e-08
Epoch: 72 cost time: 1.718738317489624
Epoch: 72, Steps: 62 | Train Loss: 0.7406625 Vali Loss: 1.6623698 Test Loss: 0.7257341
EarlyStopping counter: 31 out of 100
Updating learning rate to 6.961986091308869e-08
Epoch: 73 cost time: 1.7153713703155518
Epoch: 73, Steps: 62 | Train Loss: 0.7404384 Vali Loss: 1.6659124 Test Loss: 0.7257934
EarlyStopping counter: 32 out of 100
Updating learning rate to 6.265787482177981e-08
Epoch: 74 cost time: 1.718031644821167
Epoch: 74, Steps: 62 | Train Loss: 0.7409199 Vali Loss: 1.6602362 Test Loss: 0.7258584
EarlyStopping counter: 33 out of 100
Updating learning rate to 5.639208733960184e-08
Epoch: 75 cost time: 1.721040964126587
Epoch: 75, Steps: 62 | Train Loss: 0.7408618 Vali Loss: 1.6605153 Test Loss: 0.7258393
EarlyStopping counter: 34 out of 100
Updating learning rate to 5.075287860564165e-08
Epoch: 76 cost time: 1.7185933589935303
Epoch: 76, Steps: 62 | Train Loss: 0.7402931 Vali Loss: 1.6640651 Test Loss: 0.7257577
EarlyStopping counter: 35 out of 100
Updating learning rate to 4.567759074507749e-08
Epoch: 77 cost time: 1.727550983428955
Epoch: 77, Steps: 62 | Train Loss: 0.7407588 Vali Loss: 1.6616640 Test Loss: 0.7257700
EarlyStopping counter: 36 out of 100
Updating learning rate to 4.1109831670569744e-08
Epoch: 78 cost time: 1.7192471027374268
Epoch: 78, Steps: 62 | Train Loss: 0.7405706 Vali Loss: 1.6565248 Test Loss: 0.7259083
Validation loss decreased (1.657426 --> 1.656525).  Saving model ...
Updating learning rate to 3.6998848503512764e-08
Epoch: 79 cost time: 1.724067211151123
Epoch: 79, Steps: 62 | Train Loss: 0.7407298 Vali Loss: 1.6630316 Test Loss: 0.7258245
EarlyStopping counter: 1 out of 100
Updating learning rate to 3.3298963653161496e-08
Epoch: 80 cost time: 1.7200052738189697
Epoch: 80, Steps: 62 | Train Loss: 0.7406476 Vali Loss: 1.6608801 Test Loss: 0.7255687
EarlyStopping counter: 2 out of 100
Updating learning rate to 2.996906728784534e-08
Epoch: 81 cost time: 1.7164421081542969
Epoch: 81, Steps: 62 | Train Loss: 0.7407012 Vali Loss: 1.6602415 Test Loss: 0.7257039
EarlyStopping counter: 3 out of 100
Updating learning rate to 2.697216055906081e-08
Epoch: 82 cost time: 1.7205836772918701
Epoch: 82, Steps: 62 | Train Loss: 0.7409422 Vali Loss: 1.6606572 Test Loss: 0.7258329
EarlyStopping counter: 4 out of 100
Updating learning rate to 2.427494450315473e-08
Epoch: 83 cost time: 1.7195501327514648
Epoch: 83, Steps: 62 | Train Loss: 0.7406145 Vali Loss: 1.6618689 Test Loss: 0.7257445
EarlyStopping counter: 5 out of 100
Updating learning rate to 2.1847450052839257e-08
Epoch: 84 cost time: 1.727449655532837
Epoch: 84, Steps: 62 | Train Loss: 0.7403697 Vali Loss: 1.6637695 Test Loss: 0.7256683
EarlyStopping counter: 6 out of 100
Updating learning rate to 1.9662705047555332e-08
Epoch: 85 cost time: 1.7091047763824463
Epoch: 85, Steps: 62 | Train Loss: 0.7408372 Vali Loss: 1.6589350 Test Loss: 0.7256587
EarlyStopping counter: 7 out of 100
Updating learning rate to 1.7696434542799797e-08
Epoch: 86 cost time: 1.7109699249267578
Epoch: 86, Steps: 62 | Train Loss: 0.7406920 Vali Loss: 1.6657597 Test Loss: 0.7259333
EarlyStopping counter: 8 out of 100
Updating learning rate to 1.5926791088519817e-08
Epoch: 87 cost time: 1.710803747177124
Epoch: 87, Steps: 62 | Train Loss: 0.7406605 Vali Loss: 1.6603092 Test Loss: 0.7257489
EarlyStopping counter: 9 out of 100
Updating learning rate to 1.4334111979667836e-08
Epoch: 88 cost time: 1.7110953330993652
Epoch: 88, Steps: 62 | Train Loss: 0.7407695 Vali Loss: 1.6655812 Test Loss: 0.7258626
EarlyStopping counter: 10 out of 100
Updating learning rate to 1.2900700781701054e-08
Epoch: 89 cost time: 1.7151660919189453
Epoch: 89, Steps: 62 | Train Loss: 0.7409365 Vali Loss: 1.6683944 Test Loss: 0.7257600
EarlyStopping counter: 11 out of 100
Updating learning rate to 1.161063070353095e-08
Epoch: 90 cost time: 1.7165327072143555
Epoch: 90, Steps: 62 | Train Loss: 0.7403980 Vali Loss: 1.6656395 Test Loss: 0.7259084
EarlyStopping counter: 12 out of 100
Updating learning rate to 1.0449567633177854e-08
Epoch: 91 cost time: 1.7220685482025146
Epoch: 91, Steps: 62 | Train Loss: 0.7403745 Vali Loss: 1.6693810 Test Loss: 0.7258675
EarlyStopping counter: 13 out of 100
Updating learning rate to 9.404610869860069e-09
Epoch: 92 cost time: 1.7123167514801025
Epoch: 92, Steps: 62 | Train Loss: 0.7406484 Vali Loss: 1.6634586 Test Loss: 0.7256731
EarlyStopping counter: 14 out of 100
Updating learning rate to 8.464149782874063e-09
Epoch: 93 cost time: 1.7131705284118652
Epoch: 93, Steps: 62 | Train Loss: 0.7411083 Vali Loss: 1.6613572 Test Loss: 0.7258015
EarlyStopping counter: 15 out of 100
Updating learning rate to 7.617734804586658e-09
Epoch: 94 cost time: 1.713010311126709
Epoch: 94, Steps: 62 | Train Loss: 0.7402847 Vali Loss: 1.6590046 Test Loss: 0.7255672
EarlyStopping counter: 16 out of 100
Updating learning rate to 6.855961324127991e-09
Epoch: 95 cost time: 1.712336540222168
Epoch: 95, Steps: 62 | Train Loss: 0.7404637 Vali Loss: 1.6655017 Test Loss: 0.7257546
EarlyStopping counter: 17 out of 100
Updating learning rate to 6.170365191715193e-09
Epoch: 96 cost time: 1.71563720703125
Epoch: 96, Steps: 62 | Train Loss: 0.7408273 Vali Loss: 1.6650325 Test Loss: 0.7257800
EarlyStopping counter: 18 out of 100
Updating learning rate to 5.5533286725436726e-09
Epoch: 97 cost time: 1.7195727825164795
Epoch: 97, Steps: 62 | Train Loss: 0.7407575 Vali Loss: 1.6563234 Test Loss: 0.7258042
Validation loss decreased (1.656525 --> 1.656323).  Saving model ...
Updating learning rate to 4.997995805289306e-09
Epoch: 98 cost time: 1.7384085655212402
Epoch: 98, Steps: 62 | Train Loss: 0.7407623 Vali Loss: 1.6664960 Test Loss: 0.7256230
EarlyStopping counter: 1 out of 100
Updating learning rate to 4.498196224760375e-09
Epoch: 99 cost time: 1.7145838737487793
Epoch: 99, Steps: 62 | Train Loss: 0.7406821 Vali Loss: 1.6660112 Test Loss: 0.7257641
EarlyStopping counter: 2 out of 100
Updating learning rate to 4.048376602284338e-09
Epoch: 100 cost time: 1.7171554565429688
Epoch: 100, Steps: 62 | Train Loss: 0.7411657 Vali Loss: 1.6620477 Test Loss: 0.7257481
EarlyStopping counter: 3 out of 100
Updating learning rate to 3.643538942055904e-09
>>>>>>>testing : Flatten_etth1_336_336_PatchTST_ETTh1_ftM_sl336_ll48_pl336_dm16_nh4_el3_dl1_df128_fc1_ebtimeF_dtTrue_Exp_0<<<<<<<<<<<<<<<<<<<<<<<<<<<<<<<<<
test 2545
mse:0.721489429473877, mae:0.5900050401687622, rse:0.8119729161262512
Args in experiment:
Namespace(random_seed=2021, is_training=1, model_id='Flatten_etth1_336_720', model='PatchTST', data='ETTh1', root_path='./dataset/', data_path='ETTh1.csv', features='M', target='OT', freq='h', checkpoints='./checkpoints/', seq_len=336, label_len=48, pred_len=720, head_type='flatten', fc_dropout=0.3, head_dropout=0.0, patch_len=16, stride=8, padding_patch='end', revin=1, affine=0, subtract_last=0, decomposition=0, kernel_size=25, individual=0, embed_type=0, enc_in=7, dec_in=7, c_out=7, d_model=16, n_heads=4, e_layers=3, d_layers=1, d_ff=128, moving_avg=25, factor=1, distil=True, dropout=0.3, embed='timeF', activation='gelu', output_attention=False, do_predict=False, num_workers=0, itr=1, train_epochs=100, batch_size=128, patience=100, learning_rate=0.0001, des='Exp', loss='mse', lradj='type3', pct_start=0.3, use_amp=False, use_gpu=True, gpu=0, use_multi_gpu=False, devices='0,1,2,3', test_flop=False)
Use GPU: cuda:0
>>>>>>>start training : Flatten_etth1_336_720_PatchTST_ETTh1_ftM_sl336_ll48_pl720_dm16_nh4_el3_dl1_df128_fc1_ebtimeF_dtTrue_Exp_0>>>>>>>>>>>>>>>>>>>>>>>>>>
train 7585
val 2161
test 2161
Epoch: 1 cost time: 2.1216256618499756
Epoch: 1, Steps: 59 | Train Loss: 0.9084640 Vali Loss: 2.0187349 Test Loss: 0.8250945
Validation loss decreased (inf --> 2.018735).  Saving model ...
Updating learning rate to 0.0001
Epoch: 2 cost time: 1.720947504043579
Epoch: 2, Steps: 59 | Train Loss: 0.9059243 Vali Loss: 2.0086994 Test Loss: 0.8169443
Validation loss decreased (2.018735 --> 2.008699).  Saving model ...
Updating learning rate to 0.0001
Epoch: 3 cost time: 1.7205560207366943
Epoch: 3, Steps: 59 | Train Loss: 0.9002364 Vali Loss: 2.0070064 Test Loss: 0.8096192
Validation loss decreased (2.008699 --> 2.007006).  Saving model ...
Updating learning rate to 0.0001
Epoch: 4 cost time: 1.7151744365692139
Epoch: 4, Steps: 59 | Train Loss: 0.8942848 Vali Loss: 1.9922928 Test Loss: 0.8030162
Validation loss decreased (2.007006 --> 1.992293).  Saving model ...
Updating learning rate to 9e-05
Epoch: 5 cost time: 1.7176549434661865
Epoch: 5, Steps: 59 | Train Loss: 0.8892591 Vali Loss: 1.9875152 Test Loss: 0.7975835
Validation loss decreased (1.992293 --> 1.987515).  Saving model ...
Updating learning rate to 8.1e-05
Epoch: 6 cost time: 1.7526218891143799
Epoch: 6, Steps: 59 | Train Loss: 0.8842691 Vali Loss: 1.9780455 Test Loss: 0.7929021
Validation loss decreased (1.987515 --> 1.978045).  Saving model ...
Updating learning rate to 7.290000000000001e-05
Epoch: 7 cost time: 1.74355149269104
Epoch: 7, Steps: 59 | Train Loss: 0.8804875 Vali Loss: 1.9715624 Test Loss: 0.7890803
Validation loss decreased (1.978045 --> 1.971562).  Saving model ...
Updating learning rate to 6.561e-05
Epoch: 8 cost time: 1.7070233821868896
Epoch: 8, Steps: 59 | Train Loss: 0.8768938 Vali Loss: 1.9698696 Test Loss: 0.7860059
Validation loss decreased (1.971562 --> 1.969870).  Saving model ...
Updating learning rate to 5.904900000000001e-05
Epoch: 9 cost time: 1.7123937606811523
Epoch: 9, Steps: 59 | Train Loss: 0.8735754 Vali Loss: 1.9639292 Test Loss: 0.7832466
Validation loss decreased (1.969870 --> 1.963929).  Saving model ...
Updating learning rate to 5.3144100000000005e-05
Epoch: 10 cost time: 1.7270336151123047
Epoch: 10, Steps: 59 | Train Loss: 0.8707012 Vali Loss: 1.9581895 Test Loss: 0.7810091
Validation loss decreased (1.963929 --> 1.958189).  Saving model ...
Updating learning rate to 4.782969000000001e-05
Epoch: 11 cost time: 1.7087368965148926
Epoch: 11, Steps: 59 | Train Loss: 0.8686189 Vali Loss: 1.9554073 Test Loss: 0.7788658
Validation loss decreased (1.958189 --> 1.955407).  Saving model ...
Updating learning rate to 4.304672100000001e-05
Epoch: 12 cost time: 1.7033720016479492
Epoch: 12, Steps: 59 | Train Loss: 0.8662624 Vali Loss: 1.9552612 Test Loss: 0.7774606
Validation loss decreased (1.955407 --> 1.955261).  Saving model ...
Updating learning rate to 3.874204890000001e-05
Epoch: 13 cost time: 1.7215933799743652
Epoch: 13, Steps: 59 | Train Loss: 0.8646557 Vali Loss: 1.9582434 Test Loss: 0.7757443
EarlyStopping counter: 1 out of 100
Updating learning rate to 3.486784401000001e-05
Epoch: 14 cost time: 1.7222473621368408
Epoch: 14, Steps: 59 | Train Loss: 0.8631019 Vali Loss: 1.9517646 Test Loss: 0.7747157
Validation loss decreased (1.955261 --> 1.951765).  Saving model ...
Updating learning rate to 3.138105960900001e-05
Epoch: 15 cost time: 1.7077176570892334
Epoch: 15, Steps: 59 | Train Loss: 0.8609891 Vali Loss: 1.9482396 Test Loss: 0.7734734
Validation loss decreased (1.951765 --> 1.948240).  Saving model ...
Updating learning rate to 2.824295364810001e-05
Epoch: 16 cost time: 1.7066428661346436
Epoch: 16, Steps: 59 | Train Loss: 0.8600357 Vali Loss: 1.9438235 Test Loss: 0.7724888
Validation loss decreased (1.948240 --> 1.943823).  Saving model ...
Updating learning rate to 2.541865828329001e-05
Epoch: 17 cost time: 1.7173495292663574
Epoch: 17, Steps: 59 | Train Loss: 0.8584657 Vali Loss: 1.9493095 Test Loss: 0.7717052
EarlyStopping counter: 1 out of 100
Updating learning rate to 2.287679245496101e-05
Epoch: 18 cost time: 1.7193293571472168
Epoch: 18, Steps: 59 | Train Loss: 0.8573102 Vali Loss: 1.9435891 Test Loss: 0.7707788
Validation loss decreased (1.943823 --> 1.943589).  Saving model ...
Updating learning rate to 2.0589113209464907e-05
Epoch: 19 cost time: 1.7156271934509277
Epoch: 19, Steps: 59 | Train Loss: 0.8565793 Vali Loss: 1.9427938 Test Loss: 0.7700023
Validation loss decreased (1.943589 --> 1.942794).  Saving model ...
Updating learning rate to 1.8530201888518416e-05
Epoch: 20 cost time: 1.7291276454925537
Epoch: 20, Steps: 59 | Train Loss: 0.8553993 Vali Loss: 1.9424808 Test Loss: 0.7695498
Validation loss decreased (1.942794 --> 1.942481).  Saving model ...
Updating learning rate to 1.6677181699666577e-05
Epoch: 21 cost time: 1.7032907009124756
Epoch: 21, Steps: 59 | Train Loss: 0.8547608 Vali Loss: 1.9414797 Test Loss: 0.7688675
Validation loss decreased (1.942481 --> 1.941480).  Saving model ...
Updating learning rate to 1.5009463529699919e-05
Epoch: 22 cost time: 1.7104711532592773
Epoch: 22, Steps: 59 | Train Loss: 0.8541011 Vali Loss: 1.9392395 Test Loss: 0.7685483
Validation loss decreased (1.941480 --> 1.939240).  Saving model ...
Updating learning rate to 1.3508517176729929e-05
Epoch: 23 cost time: 1.7065706253051758
Epoch: 23, Steps: 59 | Train Loss: 0.8537255 Vali Loss: 1.9380393 Test Loss: 0.7679489
Validation loss decreased (1.939240 --> 1.938039).  Saving model ...
Updating learning rate to 1.2157665459056936e-05
Epoch: 24 cost time: 1.7065680027008057
Epoch: 24, Steps: 59 | Train Loss: 0.8525513 Vali Loss: 1.9367054 Test Loss: 0.7674494
Validation loss decreased (1.938039 --> 1.936705).  Saving model ...
Updating learning rate to 1.0941898913151242e-05
Epoch: 25 cost time: 1.7321949005126953
Epoch: 25, Steps: 59 | Train Loss: 0.8521691 Vali Loss: 1.9392264 Test Loss: 0.7674669
EarlyStopping counter: 1 out of 100
Updating learning rate to 9.847709021836118e-06
Epoch: 26 cost time: 1.7047994136810303
Epoch: 26, Steps: 59 | Train Loss: 0.8519552 Vali Loss: 1.9390978 Test Loss: 0.7672092
EarlyStopping counter: 2 out of 100
Updating learning rate to 8.862938119652508e-06
Epoch: 27 cost time: 1.7224650382995605
Epoch: 27, Steps: 59 | Train Loss: 0.8516111 Vali Loss: 1.9386793 Test Loss: 0.7666918
EarlyStopping counter: 3 out of 100
Updating learning rate to 7.976644307687255e-06
Epoch: 28 cost time: 1.7102959156036377
Epoch: 28, Steps: 59 | Train Loss: 0.8512208 Vali Loss: 1.9315772 Test Loss: 0.7662471
Validation loss decreased (1.936705 --> 1.931577).  Saving model ...
Updating learning rate to 7.178979876918531e-06
Epoch: 29 cost time: 1.7054316997528076
Epoch: 29, Steps: 59 | Train Loss: 0.8505861 Vali Loss: 1.9350467 Test Loss: 0.7663496
EarlyStopping counter: 1 out of 100
Updating learning rate to 6.4610818892266776e-06
Epoch: 30 cost time: 1.708725929260254
Epoch: 30, Steps: 59 | Train Loss: 0.8504014 Vali Loss: 1.9332496 Test Loss: 0.7660502
EarlyStopping counter: 2 out of 100
Updating learning rate to 5.8149737003040096e-06
Epoch: 31 cost time: 1.7058360576629639
Epoch: 31, Steps: 59 | Train Loss: 0.8501125 Vali Loss: 1.9299911 Test Loss: 0.7657713
Validation loss decreased (1.931577 --> 1.929991).  Saving model ...
Updating learning rate to 5.23347633027361e-06
Epoch: 32 cost time: 1.7507286071777344
Epoch: 32, Steps: 59 | Train Loss: 0.8500831 Vali Loss: 1.9264433 Test Loss: 0.7657480
Validation loss decreased (1.929991 --> 1.926443).  Saving model ...
Updating learning rate to 4.710128697246249e-06
Epoch: 33 cost time: 1.7343297004699707
Epoch: 33, Steps: 59 | Train Loss: 0.8496436 Vali Loss: 1.9297990 Test Loss: 0.7655826
EarlyStopping counter: 1 out of 100
Updating learning rate to 4.239115827521624e-06
Epoch: 34 cost time: 1.7138853073120117
Epoch: 34, Steps: 59 | Train Loss: 0.8493859 Vali Loss: 1.9344171 Test Loss: 0.7654105
EarlyStopping counter: 2 out of 100
Updating learning rate to 3.815204244769462e-06
Epoch: 35 cost time: 1.7070491313934326
Epoch: 35, Steps: 59 | Train Loss: 0.8491515 Vali Loss: 1.9274921 Test Loss: 0.7653109
EarlyStopping counter: 3 out of 100
Updating learning rate to 3.4336838202925152e-06
Epoch: 36 cost time: 1.707801342010498
Epoch: 36, Steps: 59 | Train Loss: 0.8490117 Vali Loss: 1.9297355 Test Loss: 0.7652994
EarlyStopping counter: 4 out of 100
Updating learning rate to 3.090315438263264e-06
Epoch: 37 cost time: 1.7060365676879883
Epoch: 37, Steps: 59 | Train Loss: 0.8487435 Vali Loss: 1.9320414 Test Loss: 0.7650594
EarlyStopping counter: 5 out of 100
Updating learning rate to 2.7812838944369375e-06
Epoch: 38 cost time: 1.7056968212127686
Epoch: 38, Steps: 59 | Train Loss: 0.8486433 Vali Loss: 1.9298995 Test Loss: 0.7649902
EarlyStopping counter: 6 out of 100
Updating learning rate to 2.503155504993244e-06
Epoch: 39 cost time: 1.7090189456939697
Epoch: 39, Steps: 59 | Train Loss: 0.8487256 Vali Loss: 1.9278041 Test Loss: 0.7650783
EarlyStopping counter: 7 out of 100
Updating learning rate to 2.2528399544939195e-06
Epoch: 40 cost time: 1.722332239151001
Epoch: 40, Steps: 59 | Train Loss: 0.8482760 Vali Loss: 1.9308159 Test Loss: 0.7645565
EarlyStopping counter: 8 out of 100
Updating learning rate to 2.0275559590445276e-06
Epoch: 41 cost time: 1.7092909812927246
Epoch: 41, Steps: 59 | Train Loss: 0.8485147 Vali Loss: 1.9351512 Test Loss: 0.7646935
EarlyStopping counter: 9 out of 100
Updating learning rate to 1.8248003631400751e-06
Epoch: 42 cost time: 1.7092258930206299
Epoch: 42, Steps: 59 | Train Loss: 0.8482410 Vali Loss: 1.9297736 Test Loss: 0.7645299
EarlyStopping counter: 10 out of 100
Updating learning rate to 1.6423203268260676e-06
Epoch: 43 cost time: 1.7081878185272217
Epoch: 43, Steps: 59 | Train Loss: 0.8483622 Vali Loss: 1.9325639 Test Loss: 0.7645875
EarlyStopping counter: 11 out of 100
Updating learning rate to 1.4780882941434609e-06
Epoch: 44 cost time: 1.7104859352111816
Epoch: 44, Steps: 59 | Train Loss: 0.8484932 Vali Loss: 1.9330754 Test Loss: 0.7645037
EarlyStopping counter: 12 out of 100
Updating learning rate to 1.3302794647291146e-06
Epoch: 45 cost time: 1.708486795425415
Epoch: 45, Steps: 59 | Train Loss: 0.8482755 Vali Loss: 1.9337490 Test Loss: 0.7646975
EarlyStopping counter: 13 out of 100
Updating learning rate to 1.1972515182562034e-06
Epoch: 46 cost time: 1.7114362716674805
Epoch: 46, Steps: 59 | Train Loss: 0.8480162 Vali Loss: 1.9320706 Test Loss: 0.7646842
EarlyStopping counter: 14 out of 100
Updating learning rate to 1.077526366430583e-06
Epoch: 47 cost time: 1.712357759475708
Epoch: 47, Steps: 59 | Train Loss: 0.8483693 Vali Loss: 1.9346294 Test Loss: 0.7647815
EarlyStopping counter: 15 out of 100
Updating learning rate to 9.697737297875248e-07
Epoch: 48 cost time: 1.7085046768188477
Epoch: 48, Steps: 59 | Train Loss: 0.8485178 Vali Loss: 1.9323890 Test Loss: 0.7644360
EarlyStopping counter: 16 out of 100
Updating learning rate to 8.727963568087723e-07
Epoch: 49 cost time: 1.708686113357544
Epoch: 49, Steps: 59 | Train Loss: 0.8478359 Vali Loss: 1.9372244 Test Loss: 0.7643605
EarlyStopping counter: 17 out of 100
Updating learning rate to 7.855167211278951e-07
Epoch: 50 cost time: 1.7104744911193848
Epoch: 50, Steps: 59 | Train Loss: 0.8484559 Vali Loss: 1.9276199 Test Loss: 0.7646132
EarlyStopping counter: 18 out of 100
Updating learning rate to 7.069650490151056e-07
Epoch: 51 cost time: 1.713754415512085
Epoch: 51, Steps: 59 | Train Loss: 0.8478454 Vali Loss: 1.9351568 Test Loss: 0.7644825
EarlyStopping counter: 19 out of 100
Updating learning rate to 6.36268544113595e-07
Epoch: 52 cost time: 1.7121856212615967
Epoch: 52, Steps: 59 | Train Loss: 0.8477124 Vali Loss: 1.9281343 Test Loss: 0.7642510
EarlyStopping counter: 20 out of 100
Updating learning rate to 5.726416897022355e-07
Epoch: 53 cost time: 1.7067899703979492
Epoch: 53, Steps: 59 | Train Loss: 0.8480858 Vali Loss: 1.9380798 Test Loss: 0.7643525
EarlyStopping counter: 21 out of 100
Updating learning rate to 5.15377520732012e-07
Epoch: 54 cost time: 1.712482213973999
Epoch: 54, Steps: 59 | Train Loss: 0.8475186 Vali Loss: 1.9271535 Test Loss: 0.7643257
EarlyStopping counter: 22 out of 100
Updating learning rate to 4.6383976865881085e-07
Epoch: 55 cost time: 1.7087483406066895
Epoch: 55, Steps: 59 | Train Loss: 0.8479634 Vali Loss: 1.9308656 Test Loss: 0.7644157
EarlyStopping counter: 23 out of 100
Updating learning rate to 4.174557917929298e-07
Epoch: 56 cost time: 1.7155210971832275
Epoch: 56, Steps: 59 | Train Loss: 0.8476850 Vali Loss: 1.9317926 Test Loss: 0.7643992
EarlyStopping counter: 24 out of 100
Updating learning rate to 3.7571021261363677e-07
Epoch: 57 cost time: 1.7320225238800049
Epoch: 57, Steps: 59 | Train Loss: 0.8480229 Vali Loss: 1.9297316 Test Loss: 0.7644155
EarlyStopping counter: 25 out of 100
Updating learning rate to 3.381391913522731e-07
Epoch: 58 cost time: 1.7135348320007324
Epoch: 58, Steps: 59 | Train Loss: 0.8479506 Vali Loss: 1.9344510 Test Loss: 0.7642618
EarlyStopping counter: 26 out of 100
Updating learning rate to 3.043252722170458e-07
Epoch: 59 cost time: 1.7102587223052979
Epoch: 59, Steps: 59 | Train Loss: 0.8479568 Vali Loss: 1.9304285 Test Loss: 0.7641959
EarlyStopping counter: 27 out of 100
Updating learning rate to 2.7389274499534124e-07
Epoch: 60 cost time: 1.7117185592651367
Epoch: 60, Steps: 59 | Train Loss: 0.8478094 Vali Loss: 1.9312842 Test Loss: 0.7643055
EarlyStopping counter: 28 out of 100
Updating learning rate to 2.465034704958071e-07
Epoch: 61 cost time: 1.7116730213165283
Epoch: 61, Steps: 59 | Train Loss: 0.8478663 Vali Loss: 1.9273467 Test Loss: 0.7643387
EarlyStopping counter: 29 out of 100
Updating learning rate to 2.218531234462264e-07
Epoch: 62 cost time: 1.7119243144989014
Epoch: 62, Steps: 59 | Train Loss: 0.8477819 Vali Loss: 1.9335456 Test Loss: 0.7642723
EarlyStopping counter: 30 out of 100
Updating learning rate to 1.9966781110160376e-07
Epoch: 63 cost time: 1.7192118167877197
Epoch: 63, Steps: 59 | Train Loss: 0.8475999 Vali Loss: 1.9266818 Test Loss: 0.7641733
EarlyStopping counter: 31 out of 100
Updating learning rate to 1.797010299914434e-07
Epoch: 64 cost time: 1.7095632553100586
Epoch: 64, Steps: 59 | Train Loss: 0.8472366 Vali Loss: 1.9349763 Test Loss: 0.7641346
EarlyStopping counter: 32 out of 100
Updating learning rate to 1.6173092699229907e-07
Epoch: 65 cost time: 1.714109182357788
Epoch: 65, Steps: 59 | Train Loss: 0.8479349 Vali Loss: 1.9298159 Test Loss: 0.7643335
EarlyStopping counter: 33 out of 100
Updating learning rate to 1.4555783429306916e-07
Epoch: 66 cost time: 1.7107574939727783
Epoch: 66, Steps: 59 | Train Loss: 0.8477433 Vali Loss: 1.9340677 Test Loss: 0.7642560
EarlyStopping counter: 34 out of 100
Updating learning rate to 1.3100205086376224e-07
Epoch: 67 cost time: 1.711829662322998
Epoch: 67, Steps: 59 | Train Loss: 0.8475234 Vali Loss: 1.9290586 Test Loss: 0.7644002
EarlyStopping counter: 35 out of 100
Updating learning rate to 1.1790184577738603e-07
Epoch: 68 cost time: 1.7144272327423096
Epoch: 68, Steps: 59 | Train Loss: 0.8476492 Vali Loss: 1.9351882 Test Loss: 0.7641094
EarlyStopping counter: 36 out of 100
Updating learning rate to 1.0611166119964742e-07
Epoch: 69 cost time: 1.713050365447998
Epoch: 69, Steps: 59 | Train Loss: 0.8479059 Vali Loss: 1.9301245 Test Loss: 0.7641137
EarlyStopping counter: 37 out of 100
Updating learning rate to 9.550049507968268e-08
Epoch: 70 cost time: 1.7227098941802979
Epoch: 70, Steps: 59 | Train Loss: 0.8471777 Vali Loss: 1.9366549 Test Loss: 0.7642593
EarlyStopping counter: 38 out of 100
Updating learning rate to 8.595044557171442e-08
Epoch: 71 cost time: 1.7100529670715332
Epoch: 71, Steps: 59 | Train Loss: 0.8477935 Vali Loss: 1.9346094 Test Loss: 0.7641717
EarlyStopping counter: 39 out of 100
Updating learning rate to 7.735540101454298e-08
Epoch: 72 cost time: 1.7136266231536865
Epoch: 72, Steps: 59 | Train Loss: 0.8476014 Vali Loss: 1.9330840 Test Loss: 0.7643088
EarlyStopping counter: 40 out of 100
Updating learning rate to 6.961986091308869e-08
Epoch: 73 cost time: 1.7229373455047607
Epoch: 73, Steps: 59 | Train Loss: 0.8474722 Vali Loss: 1.9276587 Test Loss: 0.7641281
EarlyStopping counter: 41 out of 100
Updating learning rate to 6.265787482177981e-08
Epoch: 74 cost time: 1.7115492820739746
Epoch: 74, Steps: 59 | Train Loss: 0.8479221 Vali Loss: 1.9304067 Test Loss: 0.7642790
EarlyStopping counter: 42 out of 100
Updating learning rate to 5.639208733960184e-08
Epoch: 75 cost time: 1.711442232131958
Epoch: 75, Steps: 59 | Train Loss: 0.8478570 Vali Loss: 1.9340019 Test Loss: 0.7643015
EarlyStopping counter: 43 out of 100
Updating learning rate to 5.075287860564165e-08
Epoch: 76 cost time: 1.711580753326416
Epoch: 76, Steps: 59 | Train Loss: 0.8478984 Vali Loss: 1.9337634 Test Loss: 0.7641945
EarlyStopping counter: 44 out of 100
Updating learning rate to 4.567759074507749e-08
Epoch: 77 cost time: 1.7209479808807373
Epoch: 77, Steps: 59 | Train Loss: 0.8478740 Vali Loss: 1.9300842 Test Loss: 0.7642334
EarlyStopping counter: 45 out of 100
Updating learning rate to 4.1109831670569744e-08
Epoch: 78 cost time: 1.7110657691955566
Epoch: 78, Steps: 59 | Train Loss: 0.8479374 Vali Loss: 1.9315331 Test Loss: 0.7642781
EarlyStopping counter: 46 out of 100
Updating learning rate to 3.6998848503512764e-08
Epoch: 79 cost time: 1.7279021739959717
Epoch: 79, Steps: 59 | Train Loss: 0.8474026 Vali Loss: 1.9293268 Test Loss: 0.7641303
EarlyStopping counter: 47 out of 100
Updating learning rate to 3.3298963653161496e-08
Epoch: 80 cost time: 1.7109317779541016
Epoch: 80, Steps: 59 | Train Loss: 0.8476651 Vali Loss: 1.9356289 Test Loss: 0.7640796
EarlyStopping counter: 48 out of 100
Updating learning rate to 2.996906728784534e-08
Epoch: 81 cost time: 1.7111656665802002
Epoch: 81, Steps: 59 | Train Loss: 0.8477515 Vali Loss: 1.9382553 Test Loss: 0.7644374
EarlyStopping counter: 49 out of 100
Updating learning rate to 2.697216055906081e-08
Epoch: 82 cost time: 1.7140228748321533
Epoch: 82, Steps: 59 | Train Loss: 0.8479553 Vali Loss: 1.9279549 Test Loss: 0.7643760
EarlyStopping counter: 50 out of 100
Updating learning rate to 2.427494450315473e-08
Epoch: 83 cost time: 1.7131388187408447
Epoch: 83, Steps: 59 | Train Loss: 0.8478206 Vali Loss: 1.9361851 Test Loss: 0.7642435
EarlyStopping counter: 51 out of 100
Updating learning rate to 2.1847450052839257e-08
Epoch: 84 cost time: 1.726149559020996
Epoch: 84, Steps: 59 | Train Loss: 0.8479040 Vali Loss: 1.9344637 Test Loss: 0.7642014
EarlyStopping counter: 52 out of 100
Updating learning rate to 1.9662705047555332e-08
Epoch: 85 cost time: 1.71195387840271
Epoch: 85, Steps: 59 | Train Loss: 0.8479467 Vali Loss: 1.9285641 Test Loss: 0.7640842
EarlyStopping counter: 53 out of 100
Updating learning rate to 1.7696434542799797e-08
Epoch: 86 cost time: 1.7167229652404785
Epoch: 86, Steps: 59 | Train Loss: 0.8480443 Vali Loss: 1.9314884 Test Loss: 0.7642280
EarlyStopping counter: 54 out of 100
Updating learning rate to 1.5926791088519817e-08
Epoch: 87 cost time: 1.7128570079803467
Epoch: 87, Steps: 59 | Train Loss: 0.8479573 Vali Loss: 1.9265170 Test Loss: 0.7643787
EarlyStopping counter: 55 out of 100
Updating learning rate to 1.4334111979667836e-08
Epoch: 88 cost time: 1.7143235206604004
Epoch: 88, Steps: 59 | Train Loss: 0.8474743 Vali Loss: 1.9282196 Test Loss: 0.7641852
EarlyStopping counter: 56 out of 100
Updating learning rate to 1.2900700781701054e-08
Epoch: 89 cost time: 1.713646411895752
Epoch: 89, Steps: 59 | Train Loss: 0.8474852 Vali Loss: 1.9316852 Test Loss: 0.7642832
EarlyStopping counter: 57 out of 100
Updating learning rate to 1.161063070353095e-08
Epoch: 90 cost time: 1.7141449451446533
Epoch: 90, Steps: 59 | Train Loss: 0.8477182 Vali Loss: 1.9304825 Test Loss: 0.7643354
EarlyStopping counter: 58 out of 100
Updating learning rate to 1.0449567633177854e-08
Epoch: 91 cost time: 1.7222731113433838
Epoch: 91, Steps: 59 | Train Loss: 0.8476478 Vali Loss: 1.9286637 Test Loss: 0.7641920
EarlyStopping counter: 59 out of 100
Updating learning rate to 9.404610869860069e-09
Epoch: 92 cost time: 1.7149543762207031
Epoch: 92, Steps: 59 | Train Loss: 0.8481273 Vali Loss: 1.9380113 Test Loss: 0.7643429
EarlyStopping counter: 60 out of 100
Updating learning rate to 8.464149782874063e-09
Epoch: 93 cost time: 1.7270901203155518
Epoch: 93, Steps: 59 | Train Loss: 0.8479914 Vali Loss: 1.9263769 Test Loss: 0.7642373
Validation loss decreased (1.926443 --> 1.926377).  Saving model ...
Updating learning rate to 7.617734804586658e-09
Epoch: 94 cost time: 1.7280995845794678
Epoch: 94, Steps: 59 | Train Loss: 0.8476657 Vali Loss: 1.9350933 Test Loss: 0.7643126
EarlyStopping counter: 1 out of 100
Updating learning rate to 6.855961324127991e-09
Epoch: 95 cost time: 1.7139127254486084
Epoch: 95, Steps: 59 | Train Loss: 0.8473160 Vali Loss: 1.9395586 Test Loss: 0.7642968
EarlyStopping counter: 2 out of 100
Updating learning rate to 6.170365191715193e-09
Epoch: 96 cost time: 1.7167437076568604
Epoch: 96, Steps: 59 | Train Loss: 0.8475693 Vali Loss: 1.9322711 Test Loss: 0.7641129
EarlyStopping counter: 3 out of 100
Updating learning rate to 5.5533286725436726e-09
Epoch: 97 cost time: 1.7117133140563965
Epoch: 97, Steps: 59 | Train Loss: 0.8476127 Vali Loss: 1.9308045 Test Loss: 0.7642057
EarlyStopping counter: 4 out of 100
Updating learning rate to 4.997995805289306e-09
Epoch: 98 cost time: 1.7121319770812988
Epoch: 98, Steps: 59 | Train Loss: 0.8475899 Vali Loss: 1.9306393 Test Loss: 0.7643129
EarlyStopping counter: 5 out of 100
Updating learning rate to 4.498196224760375e-09
Epoch: 99 cost time: 1.7021305561065674
Epoch: 99, Steps: 59 | Train Loss: 0.8473465 Vali Loss: 1.9316180 Test Loss: 0.7644144
EarlyStopping counter: 6 out of 100
Updating learning rate to 4.048376602284338e-09
Epoch: 100 cost time: 1.7034516334533691
Epoch: 100, Steps: 59 | Train Loss: 0.8475489 Vali Loss: 1.9345096 Test Loss: 0.7640268
EarlyStopping counter: 7 out of 100
Updating learning rate to 3.643538942055904e-09
>>>>>>>testing : Flatten_etth1_336_720_PatchTST_ETTh1_ftM_sl336_ll48_pl720_dm16_nh4_el3_dl1_df128_fc1_ebtimeF_dtTrue_Exp_0<<<<<<<<<<<<<<<<<<<<<<<<<<<<<<<<<
test 2161
mse:0.7611898183822632, mae:0.6196795105934143, rse:0.8379757404327393
