==========================================================
Lanzando Experimento: Flatten_etth1 | Dataset: etth1
==========================================================
Args in experiment:
Namespace(random_seed=2021, is_training=1, model_id='Flatten_etth1_336_96', model='PatchTST', data='ETTh1', root_path='./dataset/', data_path='ETTh1.csv', features='M', target='OT', freq='h', checkpoints='./checkpoints/', seq_len=336, label_len=48, pred_len=96, head_type='flatten', fc_dropout=0.3, head_dropout=0.0, patch_len=16, stride=8, padding_patch='end', revin=1, affine=0, subtract_last=0, decomposition=0, kernel_size=25, individual=0, embed_type=0, enc_in=7, dec_in=7, c_out=7, d_model=16, n_heads=4, e_layers=3, d_layers=1, d_ff=128, moving_avg=25, factor=1, distil=True, dropout=0.3, embed='timeF', activation='gelu', output_attention=False, do_predict=False, num_workers=0, itr=1, train_epochs=100, batch_size=128, patience=100, learning_rate=0.0001, des='Exp', loss='mse', lradj='type3', pct_start=0.3, use_amp=False, use_gpu=True, gpu=0, use_multi_gpu=False, devices='0,1,2,3', test_flop=False)
Use GPU: cuda:0
>>>>>>>start training : Flatten_etth1_336_96_PatchTST_ETTh1_ftM_sl336_ll48_pl96_dm16_nh4_el3_dl1_df128_fc1_ebtimeF_dtTrue_Exp_0>>>>>>>>>>>>>>>>>>>>>>>>>>
train 8209
val 2785
test 2785
Epoch: 1 cost time: 5.704745769500732
Epoch: 1, Steps: 64 | Train Loss: 0.7408906 Vali Loss: 1.4724251 Test Loss: 0.8135983
Validation loss decreased (inf --> 1.472425).  Saving model ...
Updating learning rate to 0.0001
Epoch: 2 cost time: 1.25620698928833
Epoch: 2, Steps: 64 | Train Loss: 0.5739549 Vali Loss: 0.8932761 Test Loss: 0.4752237
Validation loss decreased (1.472425 --> 0.893276).  Saving model ...
Updating learning rate to 0.0001
Epoch: 3 cost time: 1.2634384632110596
Epoch: 3, Steps: 64 | Train Loss: 0.4585571 Vali Loss: 0.7674055 Test Loss: 0.4292225
Validation loss decreased (0.893276 --> 0.767405).  Saving model ...
Updating learning rate to 0.0001
Epoch: 4 cost time: 1.2451350688934326
Epoch: 4, Steps: 64 | Train Loss: 0.4208926 Vali Loss: 0.7260915 Test Loss: 0.4125546
Validation loss decreased (0.767405 --> 0.726092).  Saving model ...
Updating learning rate to 9e-05
Epoch: 5 cost time: 1.2601571083068848
Epoch: 5, Steps: 64 | Train Loss: 0.4010592 Vali Loss: 0.7069282 Test Loss: 0.4028732
Validation loss decreased (0.726092 --> 0.706928).  Saving model ...
Updating learning rate to 8.1e-05
Epoch: 6 cost time: 1.2511107921600342
Epoch: 6, Steps: 64 | Train Loss: 0.3896233 Vali Loss: 0.6978360 Test Loss: 0.3962227
Validation loss decreased (0.706928 --> 0.697836).  Saving model ...
Updating learning rate to 7.290000000000001e-05
Epoch: 7 cost time: 1.263329029083252
Epoch: 7, Steps: 64 | Train Loss: 0.3827562 Vali Loss: 0.6935506 Test Loss: 0.3915563
Validation loss decreased (0.697836 --> 0.693551).  Saving model ...
Updating learning rate to 6.561e-05
Epoch: 8 cost time: 1.2504677772521973
Epoch: 8, Steps: 64 | Train Loss: 0.3781869 Vali Loss: 0.6901262 Test Loss: 0.3885680
Validation loss decreased (0.693551 --> 0.690126).  Saving model ...
Updating learning rate to 5.904900000000001e-05
Epoch: 9 cost time: 1.2493703365325928
Epoch: 9, Steps: 64 | Train Loss: 0.3744534 Vali Loss: 0.6890748 Test Loss: 0.3858910
Validation loss decreased (0.690126 --> 0.689075).  Saving model ...
Updating learning rate to 5.3144100000000005e-05
Epoch: 10 cost time: 1.2629673480987549
Epoch: 10, Steps: 64 | Train Loss: 0.3723793 Vali Loss: 0.6862147 Test Loss: 0.3841517
Validation loss decreased (0.689075 --> 0.686215).  Saving model ...
Updating learning rate to 4.782969000000001e-05
Epoch: 11 cost time: 1.2702572345733643
Epoch: 11, Steps: 64 | Train Loss: 0.3703844 Vali Loss: 0.6891216 Test Loss: 0.3826868
EarlyStopping counter: 1 out of 100
Updating learning rate to 4.304672100000001e-05
Epoch: 12 cost time: 1.2516181468963623
Epoch: 12, Steps: 64 | Train Loss: 0.3686602 Vali Loss: 0.6761359 Test Loss: 0.3814031
Validation loss decreased (0.686215 --> 0.676136).  Saving model ...
Updating learning rate to 3.874204890000001e-05
Epoch: 13 cost time: 1.268354892730713
Epoch: 13, Steps: 64 | Train Loss: 0.3672324 Vali Loss: 0.6865265 Test Loss: 0.3803839
EarlyStopping counter: 1 out of 100
Updating learning rate to 3.486784401000001e-05
Epoch: 14 cost time: 1.2555983066558838
Epoch: 14, Steps: 64 | Train Loss: 0.3664633 Vali Loss: 0.6867643 Test Loss: 0.3797590
EarlyStopping counter: 2 out of 100
Updating learning rate to 3.138105960900001e-05
Epoch: 15 cost time: 1.2517249584197998
Epoch: 15, Steps: 64 | Train Loss: 0.3650855 Vali Loss: 0.6830124 Test Loss: 0.3789366
EarlyStopping counter: 3 out of 100
Updating learning rate to 2.824295364810001e-05
Epoch: 16 cost time: 1.260047197341919
Epoch: 16, Steps: 64 | Train Loss: 0.3650421 Vali Loss: 0.6809627 Test Loss: 0.3785687
EarlyStopping counter: 4 out of 100
Updating learning rate to 2.541865828329001e-05
Epoch: 17 cost time: 1.2625916004180908
Epoch: 17, Steps: 64 | Train Loss: 0.3640726 Vali Loss: 0.6842065 Test Loss: 0.3780521
EarlyStopping counter: 5 out of 100
Updating learning rate to 2.287679245496101e-05
Epoch: 18 cost time: 1.2562940120697021
Epoch: 18, Steps: 64 | Train Loss: 0.3628393 Vali Loss: 0.6789971 Test Loss: 0.3775800
EarlyStopping counter: 6 out of 100
Updating learning rate to 2.0589113209464907e-05
Epoch: 19 cost time: 1.251854419708252
Epoch: 19, Steps: 64 | Train Loss: 0.3627931 Vali Loss: 0.6847688 Test Loss: 0.3772545
EarlyStopping counter: 7 out of 100
Updating learning rate to 1.8530201888518416e-05
Epoch: 20 cost time: 1.2552611827850342
Epoch: 20, Steps: 64 | Train Loss: 0.3620192 Vali Loss: 0.6823539 Test Loss: 0.3769720
EarlyStopping counter: 8 out of 100
Updating learning rate to 1.6677181699666577e-05
Epoch: 21 cost time: 1.25449800491333
Epoch: 21, Steps: 64 | Train Loss: 0.3622314 Vali Loss: 0.6865323 Test Loss: 0.3767764
EarlyStopping counter: 9 out of 100
Updating learning rate to 1.5009463529699919e-05
Epoch: 22 cost time: 1.2531797885894775
Epoch: 22, Steps: 64 | Train Loss: 0.3616999 Vali Loss: 0.6816697 Test Loss: 0.3764651
EarlyStopping counter: 10 out of 100
Updating learning rate to 1.3508517176729929e-05
Epoch: 23 cost time: 1.2611415386199951
Epoch: 23, Steps: 64 | Train Loss: 0.3613059 Vali Loss: 0.6824732 Test Loss: 0.3763186
EarlyStopping counter: 11 out of 100
Updating learning rate to 1.2157665459056936e-05
Epoch: 24 cost time: 1.254129409790039
Epoch: 24, Steps: 64 | Train Loss: 0.3605147 Vali Loss: 0.6827495 Test Loss: 0.3761806
EarlyStopping counter: 12 out of 100
Updating learning rate to 1.0941898913151242e-05
Epoch: 25 cost time: 1.2568395137786865
Epoch: 25, Steps: 64 | Train Loss: 0.3607413 Vali Loss: 0.6783149 Test Loss: 0.3759947
EarlyStopping counter: 13 out of 100
Updating learning rate to 9.847709021836118e-06
Epoch: 26 cost time: 1.2665159702301025
Epoch: 26, Steps: 64 | Train Loss: 0.3604501 Vali Loss: 0.6802653 Test Loss: 0.3759339
EarlyStopping counter: 14 out of 100
Updating learning rate to 8.862938119652508e-06
Epoch: 27 cost time: 1.2539732456207275
Epoch: 27, Steps: 64 | Train Loss: 0.3601782 Vali Loss: 0.6810127 Test Loss: 0.3758052
EarlyStopping counter: 15 out of 100
Updating learning rate to 7.976644307687255e-06
Epoch: 28 cost time: 1.255781650543213
Epoch: 28, Steps: 64 | Train Loss: 0.3599065 Vali Loss: 0.6787890 Test Loss: 0.3757286
EarlyStopping counter: 16 out of 100
Updating learning rate to 7.178979876918531e-06
Epoch: 29 cost time: 1.2568814754486084
Epoch: 29, Steps: 64 | Train Loss: 0.3599600 Vali Loss: 0.6827089 Test Loss: 0.3755805
EarlyStopping counter: 17 out of 100
Updating learning rate to 6.4610818892266776e-06
Epoch: 30 cost time: 1.2532474994659424
Epoch: 30, Steps: 64 | Train Loss: 0.3594787 Vali Loss: 0.6821086 Test Loss: 0.3755239
EarlyStopping counter: 18 out of 100
Updating learning rate to 5.8149737003040096e-06
Epoch: 31 cost time: 1.2597265243530273
Epoch: 31, Steps: 64 | Train Loss: 0.3591763 Vali Loss: 0.6782443 Test Loss: 0.3754700
EarlyStopping counter: 19 out of 100
Updating learning rate to 5.23347633027361e-06
Epoch: 32 cost time: 1.2579708099365234
Epoch: 32, Steps: 64 | Train Loss: 0.3594603 Vali Loss: 0.6795087 Test Loss: 0.3753945
EarlyStopping counter: 20 out of 100
Updating learning rate to 4.710128697246249e-06
Epoch: 33 cost time: 1.2547597885131836
Epoch: 33, Steps: 64 | Train Loss: 0.3594825 Vali Loss: 0.6816939 Test Loss: 0.3753292
EarlyStopping counter: 21 out of 100
Updating learning rate to 4.239115827521624e-06
Epoch: 34 cost time: 1.255147933959961
Epoch: 34, Steps: 64 | Train Loss: 0.3595512 Vali Loss: 0.6785048 Test Loss: 0.3753520
EarlyStopping counter: 22 out of 100
Updating learning rate to 3.815204244769462e-06
Epoch: 35 cost time: 1.2624166011810303
Epoch: 35, Steps: 64 | Train Loss: 0.3591375 Vali Loss: 0.6816314 Test Loss: 0.3752959
EarlyStopping counter: 23 out of 100
Updating learning rate to 3.4336838202925152e-06
Epoch: 36 cost time: 1.2526614665985107
Epoch: 36, Steps: 64 | Train Loss: 0.3590055 Vali Loss: 0.6797692 Test Loss: 0.3751857
EarlyStopping counter: 24 out of 100
Updating learning rate to 3.090315438263264e-06
Epoch: 37 cost time: 1.253647804260254
Epoch: 37, Steps: 64 | Train Loss: 0.3591216 Vali Loss: 0.6812449 Test Loss: 0.3751362
EarlyStopping counter: 25 out of 100
Updating learning rate to 2.7812838944369375e-06
Epoch: 38 cost time: 1.2596485614776611
Epoch: 38, Steps: 64 | Train Loss: 0.3593481 Vali Loss: 0.6771243 Test Loss: 0.3751125
EarlyStopping counter: 26 out of 100
Updating learning rate to 2.503155504993244e-06
Epoch: 39 cost time: 1.2551255226135254
Epoch: 39, Steps: 64 | Train Loss: 0.3584942 Vali Loss: 0.6811342 Test Loss: 0.3751322
EarlyStopping counter: 27 out of 100
Updating learning rate to 2.2528399544939195e-06
Epoch: 40 cost time: 1.2543096542358398
Epoch: 40, Steps: 64 | Train Loss: 0.3588633 Vali Loss: 0.6818063 Test Loss: 0.3750770
EarlyStopping counter: 28 out of 100
Updating learning rate to 2.0275559590445276e-06
Epoch: 41 cost time: 1.2559542655944824
Epoch: 41, Steps: 64 | Train Loss: 0.3588868 Vali Loss: 0.6802122 Test Loss: 0.3750903
EarlyStopping counter: 29 out of 100
Updating learning rate to 1.8248003631400751e-06
Epoch: 42 cost time: 1.2629718780517578
Epoch: 42, Steps: 64 | Train Loss: 0.3589752 Vali Loss: 0.6791135 Test Loss: 0.3750118
EarlyStopping counter: 30 out of 100
Updating learning rate to 1.6423203268260676e-06
Epoch: 43 cost time: 1.2554442882537842
Epoch: 43, Steps: 64 | Train Loss: 0.3583231 Vali Loss: 0.6816093 Test Loss: 0.3750419
EarlyStopping counter: 31 out of 100
Updating learning rate to 1.4780882941434609e-06
Epoch: 44 cost time: 1.2670574188232422
Epoch: 44, Steps: 64 | Train Loss: 0.3585746 Vali Loss: 0.6784590 Test Loss: 0.3750284
EarlyStopping counter: 32 out of 100
Updating learning rate to 1.3302794647291146e-06
Epoch: 45 cost time: 1.256967544555664
Epoch: 45, Steps: 64 | Train Loss: 0.3587076 Vali Loss: 0.6820529 Test Loss: 0.3749686
EarlyStopping counter: 33 out of 100
Updating learning rate to 1.1972515182562034e-06
Epoch: 46 cost time: 1.2561490535736084
Epoch: 46, Steps: 64 | Train Loss: 0.3584669 Vali Loss: 0.6780913 Test Loss: 0.3749953
EarlyStopping counter: 34 out of 100
Updating learning rate to 1.077526366430583e-06
Epoch: 47 cost time: 1.2551255226135254
Epoch: 47, Steps: 64 | Train Loss: 0.3581830 Vali Loss: 0.6810125 Test Loss: 0.3749573
EarlyStopping counter: 35 out of 100
Updating learning rate to 9.697737297875248e-07
Epoch: 48 cost time: 1.2535858154296875
Epoch: 48, Steps: 64 | Train Loss: 0.3584660 Vali Loss: 0.6801644 Test Loss: 0.3749763
EarlyStopping counter: 36 out of 100
Updating learning rate to 8.727963568087723e-07
Epoch: 49 cost time: 1.2572553157806396
Epoch: 49, Steps: 64 | Train Loss: 0.3589774 Vali Loss: 0.6810670 Test Loss: 0.3749025
EarlyStopping counter: 37 out of 100
Updating learning rate to 7.855167211278951e-07
Epoch: 50 cost time: 1.2564570903778076
Epoch: 50, Steps: 64 | Train Loss: 0.3588802 Vali Loss: 0.6757829 Test Loss: 0.3750150
Validation loss decreased (0.676136 --> 0.675783).  Saving model ...
Updating learning rate to 7.069650490151056e-07
Epoch: 51 cost time: 1.2704617977142334
Epoch: 51, Steps: 64 | Train Loss: 0.3586943 Vali Loss: 0.6784149 Test Loss: 0.3749046
EarlyStopping counter: 1 out of 100
Updating learning rate to 6.36268544113595e-07
Epoch: 52 cost time: 1.258608341217041
Epoch: 52, Steps: 64 | Train Loss: 0.3587055 Vali Loss: 0.6807027 Test Loss: 0.3749172
EarlyStopping counter: 2 out of 100
Updating learning rate to 5.726416897022355e-07
Epoch: 53 cost time: 1.2598564624786377
Epoch: 53, Steps: 64 | Train Loss: 0.3581926 Vali Loss: 0.6774332 Test Loss: 0.3749131
EarlyStopping counter: 3 out of 100
Updating learning rate to 5.15377520732012e-07
Epoch: 54 cost time: 1.2555010318756104
Epoch: 54, Steps: 64 | Train Loss: 0.3584246 Vali Loss: 0.6767974 Test Loss: 0.3749377
EarlyStopping counter: 4 out of 100
Updating learning rate to 4.6383976865881085e-07
Epoch: 55 cost time: 1.2592389583587646
Epoch: 55, Steps: 64 | Train Loss: 0.3587157 Vali Loss: 0.6823783 Test Loss: 0.3748927
EarlyStopping counter: 5 out of 100
Updating learning rate to 4.174557917929298e-07
Epoch: 56 cost time: 1.2678031921386719
Epoch: 56, Steps: 64 | Train Loss: 0.3585960 Vali Loss: 0.6783696 Test Loss: 0.3749008
EarlyStopping counter: 6 out of 100
Updating learning rate to 3.7571021261363677e-07
Epoch: 57 cost time: 1.259063959121704
Epoch: 57, Steps: 64 | Train Loss: 0.3586630 Vali Loss: 0.6775179 Test Loss: 0.3749021
EarlyStopping counter: 7 out of 100
Updating learning rate to 3.381391913522731e-07
Epoch: 58 cost time: 1.26084566116333
Epoch: 58, Steps: 64 | Train Loss: 0.3585387 Vali Loss: 0.6799742 Test Loss: 0.3748725
EarlyStopping counter: 8 out of 100
Updating learning rate to 3.043252722170458e-07
Epoch: 59 cost time: 1.2668218612670898
Epoch: 59, Steps: 64 | Train Loss: 0.3582694 Vali Loss: 0.6807262 Test Loss: 0.3749048
EarlyStopping counter: 9 out of 100
Updating learning rate to 2.7389274499534124e-07
Epoch: 60 cost time: 1.261568307876587
Epoch: 60, Steps: 64 | Train Loss: 0.3584907 Vali Loss: 0.6773577 Test Loss: 0.3748798
EarlyStopping counter: 10 out of 100
Updating learning rate to 2.465034704958071e-07
Epoch: 61 cost time: 1.259521484375
Epoch: 61, Steps: 64 | Train Loss: 0.3583992 Vali Loss: 0.6821954 Test Loss: 0.3748482
EarlyStopping counter: 11 out of 100
Updating learning rate to 2.218531234462264e-07
Epoch: 62 cost time: 1.2592530250549316
Epoch: 62, Steps: 64 | Train Loss: 0.3584847 Vali Loss: 0.6800643 Test Loss: 0.3748358
EarlyStopping counter: 12 out of 100
Updating learning rate to 1.9966781110160376e-07
Epoch: 63 cost time: 1.259781837463379
Epoch: 63, Steps: 64 | Train Loss: 0.3584780 Vali Loss: 0.6813309 Test Loss: 0.3748428
EarlyStopping counter: 13 out of 100
Updating learning rate to 1.797010299914434e-07
Epoch: 64 cost time: 1.2650680541992188
Epoch: 64, Steps: 64 | Train Loss: 0.3581452 Vali Loss: 0.6787130 Test Loss: 0.3748649
EarlyStopping counter: 14 out of 100
Updating learning rate to 1.6173092699229907e-07
Epoch: 65 cost time: 1.2596211433410645
Epoch: 65, Steps: 64 | Train Loss: 0.3584422 Vali Loss: 0.6766412 Test Loss: 0.3748561
EarlyStopping counter: 15 out of 100
Updating learning rate to 1.4555783429306916e-07
Epoch: 66 cost time: 1.2600891590118408
Epoch: 66, Steps: 64 | Train Loss: 0.3581387 Vali Loss: 0.6786688 Test Loss: 0.3749333
EarlyStopping counter: 16 out of 100
Updating learning rate to 1.3100205086376224e-07
Epoch: 67 cost time: 1.2625372409820557
Epoch: 67, Steps: 64 | Train Loss: 0.3581851 Vali Loss: 0.6778583 Test Loss: 0.3748798
EarlyStopping counter: 17 out of 100
Updating learning rate to 1.1790184577738603e-07
Epoch: 68 cost time: 1.2595670223236084
Epoch: 68, Steps: 64 | Train Loss: 0.3582958 Vali Loss: 0.6813518 Test Loss: 0.3748850
EarlyStopping counter: 18 out of 100
Updating learning rate to 1.0611166119964742e-07
Epoch: 69 cost time: 1.2598187923431396
Epoch: 69, Steps: 64 | Train Loss: 0.3581257 Vali Loss: 0.6821377 Test Loss: 0.3749113
EarlyStopping counter: 19 out of 100
Updating learning rate to 9.550049507968268e-08
Epoch: 70 cost time: 1.2750139236450195
Epoch: 70, Steps: 64 | Train Loss: 0.3582974 Vali Loss: 0.6810411 Test Loss: 0.3749184
EarlyStopping counter: 20 out of 100
Updating learning rate to 8.595044557171442e-08
Epoch: 71 cost time: 1.2608616352081299
Epoch: 71, Steps: 64 | Train Loss: 0.3585218 Vali Loss: 0.6824716 Test Loss: 0.3748789
EarlyStopping counter: 21 out of 100
Updating learning rate to 7.735540101454298e-08
Epoch: 72 cost time: 1.2674996852874756
Epoch: 72, Steps: 64 | Train Loss: 0.3585922 Vali Loss: 0.6809292 Test Loss: 0.3748534
EarlyStopping counter: 22 out of 100
Updating learning rate to 6.961986091308869e-08
Epoch: 73 cost time: 1.2599446773529053
Epoch: 73, Steps: 64 | Train Loss: 0.3587016 Vali Loss: 0.6820940 Test Loss: 0.3748738
EarlyStopping counter: 23 out of 100
Updating learning rate to 6.265787482177981e-08
Epoch: 74 cost time: 1.2623915672302246
Epoch: 74, Steps: 64 | Train Loss: 0.3584858 Vali Loss: 0.6816180 Test Loss: 0.3748768
EarlyStopping counter: 24 out of 100
Updating learning rate to 5.639208733960184e-08
Epoch: 75 cost time: 1.2614150047302246
Epoch: 75, Steps: 64 | Train Loss: 0.3584791 Vali Loss: 0.6788766 Test Loss: 0.3748392
EarlyStopping counter: 25 out of 100
Updating learning rate to 5.075287860564165e-08
Epoch: 76 cost time: 1.2605540752410889
Epoch: 76, Steps: 64 | Train Loss: 0.3579632 Vali Loss: 0.6807591 Test Loss: 0.3748452
EarlyStopping counter: 26 out of 100
Updating learning rate to 4.567759074507749e-08
Epoch: 77 cost time: 1.2623505592346191
Epoch: 77, Steps: 64 | Train Loss: 0.3586954 Vali Loss: 0.6784657 Test Loss: 0.3748954
EarlyStopping counter: 27 out of 100
Updating learning rate to 4.1109831670569744e-08
Epoch: 78 cost time: 1.259735107421875
Epoch: 78, Steps: 64 | Train Loss: 0.3583864 Vali Loss: 0.6774314 Test Loss: 0.3748193
EarlyStopping counter: 28 out of 100
Updating learning rate to 3.6998848503512764e-08
Epoch: 79 cost time: 1.2740936279296875
Epoch: 79, Steps: 64 | Train Loss: 0.3586438 Vali Loss: 0.6798234 Test Loss: 0.3748306
EarlyStopping counter: 29 out of 100
Updating learning rate to 3.3298963653161496e-08
Epoch: 80 cost time: 1.2637548446655273
Epoch: 80, Steps: 64 | Train Loss: 0.3582491 Vali Loss: 0.6792448 Test Loss: 0.3748479
EarlyStopping counter: 30 out of 100
Updating learning rate to 2.996906728784534e-08
Epoch: 81 cost time: 1.2626140117645264
Epoch: 81, Steps: 64 | Train Loss: 0.3583467 Vali Loss: 0.6804072 Test Loss: 0.3748163
EarlyStopping counter: 31 out of 100
Updating learning rate to 2.697216055906081e-08
Epoch: 82 cost time: 1.2630770206451416
Epoch: 82, Steps: 64 | Train Loss: 0.3582488 Vali Loss: 0.6809524 Test Loss: 0.3748554
EarlyStopping counter: 32 out of 100
Updating learning rate to 2.427494450315473e-08
Epoch: 83 cost time: 1.2590065002441406
Epoch: 83, Steps: 64 | Train Loss: 0.3585473 Vali Loss: 0.6779770 Test Loss: 0.3749078
EarlyStopping counter: 33 out of 100
Updating learning rate to 2.1847450052839257e-08
Epoch: 84 cost time: 1.2633917331695557
Epoch: 84, Steps: 64 | Train Loss: 0.3585001 Vali Loss: 0.6838925 Test Loss: 0.3748505
EarlyStopping counter: 34 out of 100
Updating learning rate to 1.9662705047555332e-08
Epoch: 85 cost time: 1.262563943862915
Epoch: 85, Steps: 64 | Train Loss: 0.3581373 Vali Loss: 0.6774557 Test Loss: 0.3748716
EarlyStopping counter: 35 out of 100
Updating learning rate to 1.7696434542799797e-08
Epoch: 86 cost time: 1.261573314666748
Epoch: 86, Steps: 64 | Train Loss: 0.3583351 Vali Loss: 0.6806248 Test Loss: 0.3748197
EarlyStopping counter: 36 out of 100
Updating learning rate to 1.5926791088519817e-08
Epoch: 87 cost time: 1.2610228061676025
Epoch: 87, Steps: 64 | Train Loss: 0.3584099 Vali Loss: 0.6763554 Test Loss: 0.3748506
EarlyStopping counter: 37 out of 100
Updating learning rate to 1.4334111979667836e-08
Epoch: 88 cost time: 1.2737724781036377
Epoch: 88, Steps: 64 | Train Loss: 0.3580732 Vali Loss: 0.6812871 Test Loss: 0.3748504
EarlyStopping counter: 38 out of 100
Updating learning rate to 1.2900700781701054e-08
Epoch: 89 cost time: 1.2619068622589111
Epoch: 89, Steps: 64 | Train Loss: 0.3581949 Vali Loss: 0.6796749 Test Loss: 0.3748669
EarlyStopping counter: 39 out of 100
Updating learning rate to 1.161063070353095e-08
Epoch: 90 cost time: 1.2624943256378174
Epoch: 90, Steps: 64 | Train Loss: 0.3586576 Vali Loss: 0.6802014 Test Loss: 0.3748945
EarlyStopping counter: 40 out of 100
Updating learning rate to 1.0449567633177854e-08
Epoch: 91 cost time: 1.2641103267669678
Epoch: 91, Steps: 64 | Train Loss: 0.3583745 Vali Loss: 0.6782188 Test Loss: 0.3748730
EarlyStopping counter: 41 out of 100
Updating learning rate to 9.404610869860069e-09
Epoch: 92 cost time: 1.2607977390289307
Epoch: 92, Steps: 64 | Train Loss: 0.3583535 Vali Loss: 0.6786181 Test Loss: 0.3748041
EarlyStopping counter: 42 out of 100
Updating learning rate to 8.464149782874063e-09
Epoch: 93 cost time: 1.2619316577911377
Epoch: 93, Steps: 64 | Train Loss: 0.3585049 Vali Loss: 0.6814222 Test Loss: 0.3748243
EarlyStopping counter: 43 out of 100
Updating learning rate to 7.617734804586658e-09
Epoch: 94 cost time: 1.2625410556793213
Epoch: 94, Steps: 64 | Train Loss: 0.3582067 Vali Loss: 0.6834119 Test Loss: 0.3748091
EarlyStopping counter: 44 out of 100
Updating learning rate to 6.855961324127991e-09
Epoch: 95 cost time: 1.2623529434204102
Epoch: 95, Steps: 64 | Train Loss: 0.3584673 Vali Loss: 0.6770616 Test Loss: 0.3748075
EarlyStopping counter: 45 out of 100
Updating learning rate to 6.170365191715193e-09
Epoch: 96 cost time: 1.264270305633545
Epoch: 96, Steps: 64 | Train Loss: 0.3584094 Vali Loss: 0.6776086 Test Loss: 0.3748716
EarlyStopping counter: 46 out of 100
Updating learning rate to 5.5533286725436726e-09
Epoch: 97 cost time: 1.2764222621917725
Epoch: 97, Steps: 64 | Train Loss: 0.3585047 Vali Loss: 0.6790509 Test Loss: 0.3748910
EarlyStopping counter: 47 out of 100
Updating learning rate to 4.997995805289306e-09
Epoch: 98 cost time: 1.2650420665740967
Epoch: 98, Steps: 64 | Train Loss: 0.3582416 Vali Loss: 0.6800441 Test Loss: 0.3748033
EarlyStopping counter: 48 out of 100
Updating learning rate to 4.498196224760375e-09
Epoch: 99 cost time: 1.2683813571929932
Epoch: 99, Steps: 64 | Train Loss: 0.3587423 Vali Loss: 0.6783950 Test Loss: 0.3748633
EarlyStopping counter: 49 out of 100
Updating learning rate to 4.048376602284338e-09
Epoch: 100 cost time: 1.2802164554595947
Epoch: 100, Steps: 64 | Train Loss: 0.3586602 Vali Loss: 0.6785899 Test Loss: 0.3748136
EarlyStopping counter: 50 out of 100
Updating learning rate to 3.643538942055904e-09
>>>>>>>testing : Flatten_etth1_336_96_PatchTST_ETTh1_ftM_sl336_ll48_pl96_dm16_nh4_el3_dl1_df128_fc1_ebtimeF_dtTrue_Exp_0<<<<<<<<<<<<<<<<<<<<<<<<<<<<<<<<<
test 2785
mse:0.3748593032360077, mae:0.3986198306083679, rse:0.5805633664131165
Args in experiment:
Namespace(random_seed=2021, is_training=1, model_id='Flatten_etth1_336_192', model='PatchTST', data='ETTh1', root_path='./dataset/', data_path='ETTh1.csv', features='M', target='OT', freq='h', checkpoints='./checkpoints/', seq_len=336, label_len=48, pred_len=192, head_type='flatten', fc_dropout=0.3, head_dropout=0.0, patch_len=16, stride=8, padding_patch='end', revin=1, affine=0, subtract_last=0, decomposition=0, kernel_size=25, individual=0, embed_type=0, enc_in=7, dec_in=7, c_out=7, d_model=16, n_heads=4, e_layers=3, d_layers=1, d_ff=128, moving_avg=25, factor=1, distil=True, dropout=0.3, embed='timeF', activation='gelu', output_attention=False, do_predict=False, num_workers=0, itr=1, train_epochs=100, batch_size=128, patience=100, learning_rate=0.0001, des='Exp', loss='mse', lradj='type3', pct_start=0.3, use_amp=False, use_gpu=True, gpu=0, use_multi_gpu=False, devices='0,1,2,3', test_flop=False)
Use GPU: cuda:0
>>>>>>>start training : Flatten_etth1_336_192_PatchTST_ETTh1_ftM_sl336_ll48_pl192_dm16_nh4_el3_dl1_df128_fc1_ebtimeF_dtTrue_Exp_0>>>>>>>>>>>>>>>>>>>>>>>>>>
train 8113
val 2689
test 2689
Epoch: 1 cost time: 1.417741298675537
Epoch: 1, Steps: 63 | Train Loss: 0.7654876 Vali Loss: 1.5944037 Test Loss: 0.8059427
Validation loss decreased (inf --> 1.594404).  Saving model ...
Updating learning rate to 0.0001
Epoch: 2 cost time: 0.9820213317871094
Epoch: 2, Steps: 63 | Train Loss: 0.6115838 Vali Loss: 1.1043794 Test Loss: 0.5070416
Validation loss decreased (1.594404 --> 1.104379).  Saving model ...
Updating learning rate to 0.0001
Epoch: 3 cost time: 0.9916131496429443
Epoch: 3, Steps: 63 | Train Loss: 0.5061022 Vali Loss: 1.0107290 Test Loss: 0.4617267
Validation loss decreased (1.104379 --> 1.010729).  Saving model ...
Updating learning rate to 0.0001
Epoch: 4 cost time: 0.985480785369873
Epoch: 4, Steps: 63 | Train Loss: 0.4706711 Vali Loss: 0.9670159 Test Loss: 0.4447983
Validation loss decreased (1.010729 --> 0.967016).  Saving model ...
Updating learning rate to 9e-05
Epoch: 5 cost time: 0.983567476272583
Epoch: 5, Steps: 63 | Train Loss: 0.4522689 Vali Loss: 0.9506139 Test Loss: 0.4352152
Validation loss decreased (0.967016 --> 0.950614).  Saving model ...
Updating learning rate to 8.1e-05
Epoch: 6 cost time: 1.009192943572998
Epoch: 6, Steps: 63 | Train Loss: 0.4418659 Vali Loss: 0.9405851 Test Loss: 0.4290588
Validation loss decreased (0.950614 --> 0.940585).  Saving model ...
Updating learning rate to 7.290000000000001e-05
Epoch: 7 cost time: 1.001143455505371
Epoch: 7, Steps: 63 | Train Loss: 0.4348830 Vali Loss: 0.9375632 Test Loss: 0.4253583
Validation loss decreased (0.940585 --> 0.937563).  Saving model ...
Updating learning rate to 6.561e-05
Epoch: 8 cost time: 0.9952683448791504
Epoch: 8, Steps: 63 | Train Loss: 0.4305629 Vali Loss: 0.9339130 Test Loss: 0.4226809
Validation loss decreased (0.937563 --> 0.933913).  Saving model ...
Updating learning rate to 5.904900000000001e-05
Epoch: 9 cost time: 0.9962570667266846
Epoch: 9, Steps: 63 | Train Loss: 0.4273506 Vali Loss: 0.9306794 Test Loss: 0.4206588
Validation loss decreased (0.933913 --> 0.930679).  Saving model ...
Updating learning rate to 5.3144100000000005e-05
Epoch: 10 cost time: 1.0008864402770996
Epoch: 10, Steps: 63 | Train Loss: 0.4250262 Vali Loss: 0.9309181 Test Loss: 0.4192719
EarlyStopping counter: 1 out of 100
Updating learning rate to 4.782969000000001e-05
Epoch: 11 cost time: 0.9823548793792725
Epoch: 11, Steps: 63 | Train Loss: 0.4231069 Vali Loss: 0.9296910 Test Loss: 0.4183620
Validation loss decreased (0.930679 --> 0.929691).  Saving model ...
Updating learning rate to 4.304672100000001e-05
Epoch: 12 cost time: 0.9864363670349121
Epoch: 12, Steps: 63 | Train Loss: 0.4214687 Vali Loss: 0.9284507 Test Loss: 0.4172385
Validation loss decreased (0.929691 --> 0.928451).  Saving model ...
Updating learning rate to 3.874204890000001e-05
Epoch: 13 cost time: 1.002377986907959
Epoch: 13, Steps: 63 | Train Loss: 0.4205048 Vali Loss: 0.9278722 Test Loss: 0.4165643
Validation loss decreased (0.928451 --> 0.927872).  Saving model ...
Updating learning rate to 3.486784401000001e-05
Epoch: 14 cost time: 0.9838733673095703
Epoch: 14, Steps: 63 | Train Loss: 0.4194167 Vali Loss: 0.9279525 Test Loss: 0.4161736
EarlyStopping counter: 1 out of 100
Updating learning rate to 3.138105960900001e-05
Epoch: 15 cost time: 0.9829814434051514
Epoch: 15, Steps: 63 | Train Loss: 0.4184101 Vali Loss: 0.9272461 Test Loss: 0.4156161
Validation loss decreased (0.927872 --> 0.927246).  Saving model ...
Updating learning rate to 2.824295364810001e-05
Epoch: 16 cost time: 0.9889810085296631
Epoch: 16, Steps: 63 | Train Loss: 0.4175590 Vali Loss: 0.9260262 Test Loss: 0.4155709
Validation loss decreased (0.927246 --> 0.926026).  Saving model ...
Updating learning rate to 2.541865828329001e-05
Epoch: 17 cost time: 0.9873795509338379
Epoch: 17, Steps: 63 | Train Loss: 0.4171633 Vali Loss: 0.9270918 Test Loss: 0.4151426
EarlyStopping counter: 1 out of 100
Updating learning rate to 2.287679245496101e-05
Epoch: 18 cost time: 0.9924900531768799
Epoch: 18, Steps: 63 | Train Loss: 0.4168888 Vali Loss: 0.9260644 Test Loss: 0.4148303
EarlyStopping counter: 2 out of 100
Updating learning rate to 2.0589113209464907e-05
Epoch: 19 cost time: 0.9867634773254395
Epoch: 19, Steps: 63 | Train Loss: 0.4156617 Vali Loss: 0.9268478 Test Loss: 0.4147656
EarlyStopping counter: 3 out of 100
Updating learning rate to 1.8530201888518416e-05
Epoch: 20 cost time: 0.9851346015930176
Epoch: 20, Steps: 63 | Train Loss: 0.4155175 Vali Loss: 0.9268331 Test Loss: 0.4146190
EarlyStopping counter: 4 out of 100
Updating learning rate to 1.6677181699666577e-05
Epoch: 21 cost time: 0.9879426956176758
Epoch: 21, Steps: 63 | Train Loss: 0.4146173 Vali Loss: 0.9271168 Test Loss: 0.4144778
EarlyStopping counter: 5 out of 100
Updating learning rate to 1.5009463529699919e-05
Epoch: 22 cost time: 0.9842798709869385
Epoch: 22, Steps: 63 | Train Loss: 0.4149331 Vali Loss: 0.9268296 Test Loss: 0.4144932
EarlyStopping counter: 6 out of 100
Updating learning rate to 1.3508517176729929e-05
Epoch: 23 cost time: 0.9919023513793945
Epoch: 23, Steps: 63 | Train Loss: 0.4145442 Vali Loss: 0.9263715 Test Loss: 0.4142857
EarlyStopping counter: 7 out of 100
Updating learning rate to 1.2157665459056936e-05
Epoch: 24 cost time: 0.9983904361724854
Epoch: 24, Steps: 63 | Train Loss: 0.4147909 Vali Loss: 0.9264290 Test Loss: 0.4142182
EarlyStopping counter: 8 out of 100
Updating learning rate to 1.0941898913151242e-05
Epoch: 25 cost time: 0.9873373508453369
Epoch: 25, Steps: 63 | Train Loss: 0.4142757 Vali Loss: 0.9261369 Test Loss: 0.4141216
EarlyStopping counter: 9 out of 100
Updating learning rate to 9.847709021836118e-06
Epoch: 26 cost time: 0.9958033561706543
Epoch: 26, Steps: 63 | Train Loss: 0.4139801 Vali Loss: 0.9261315 Test Loss: 0.4141254
EarlyStopping counter: 10 out of 100
Updating learning rate to 8.862938119652508e-06
Epoch: 27 cost time: 0.9921820163726807
Epoch: 27, Steps: 63 | Train Loss: 0.4139040 Vali Loss: 0.9262455 Test Loss: 0.4139943
EarlyStopping counter: 11 out of 100
Updating learning rate to 7.976644307687255e-06
Epoch: 28 cost time: 0.9906482696533203
Epoch: 28, Steps: 63 | Train Loss: 0.4132057 Vali Loss: 0.9263127 Test Loss: 0.4139756
EarlyStopping counter: 12 out of 100
Updating learning rate to 7.178979876918531e-06
Epoch: 29 cost time: 0.9950501918792725
Epoch: 29, Steps: 63 | Train Loss: 0.4134919 Vali Loss: 0.9257849 Test Loss: 0.4139118
Validation loss decreased (0.926026 --> 0.925785).  Saving model ...
Updating learning rate to 6.4610818892266776e-06
Epoch: 30 cost time: 0.9890575408935547
Epoch: 30, Steps: 63 | Train Loss: 0.4136348 Vali Loss: 0.9261050 Test Loss: 0.4138901
EarlyStopping counter: 1 out of 100
Updating learning rate to 5.8149737003040096e-06
Epoch: 31 cost time: 0.9914219379425049
Epoch: 31, Steps: 63 | Train Loss: 0.4130332 Vali Loss: 0.9262869 Test Loss: 0.4138137
EarlyStopping counter: 2 out of 100
Updating learning rate to 5.23347633027361e-06
Epoch: 32 cost time: 0.9922974109649658
Epoch: 32, Steps: 63 | Train Loss: 0.4129034 Vali Loss: 0.9259428 Test Loss: 0.4138387
EarlyStopping counter: 3 out of 100
Updating learning rate to 4.710128697246249e-06
Epoch: 33 cost time: 0.992246150970459
Epoch: 33, Steps: 63 | Train Loss: 0.4131343 Vali Loss: 0.9257261 Test Loss: 0.4138370
Validation loss decreased (0.925785 --> 0.925726).  Saving model ...
Updating learning rate to 4.239115827521624e-06
Epoch: 34 cost time: 0.9912455081939697
Epoch: 34, Steps: 63 | Train Loss: 0.4130548 Vali Loss: 0.9255325 Test Loss: 0.4137684
Validation loss decreased (0.925726 --> 0.925532).  Saving model ...
Updating learning rate to 3.815204244769462e-06
Epoch: 35 cost time: 1.0028042793273926
Epoch: 35, Steps: 63 | Train Loss: 0.4129423 Vali Loss: 0.9262016 Test Loss: 0.4138486
EarlyStopping counter: 1 out of 100
Updating learning rate to 3.4336838202925152e-06
Epoch: 36 cost time: 0.999354362487793
Epoch: 36, Steps: 63 | Train Loss: 0.4131355 Vali Loss: 0.9261518 Test Loss: 0.4137212
EarlyStopping counter: 2 out of 100
Updating learning rate to 3.090315438263264e-06
Epoch: 37 cost time: 0.9912717342376709
Epoch: 37, Steps: 63 | Train Loss: 0.4126789 Vali Loss: 0.9262513 Test Loss: 0.4137639
EarlyStopping counter: 3 out of 100
Updating learning rate to 2.7812838944369375e-06
Epoch: 38 cost time: 0.9926960468292236
Epoch: 38, Steps: 63 | Train Loss: 0.4126875 Vali Loss: 0.9256474 Test Loss: 0.4137153
EarlyStopping counter: 4 out of 100
Updating learning rate to 2.503155504993244e-06
Epoch: 39 cost time: 0.993884801864624
Epoch: 39, Steps: 63 | Train Loss: 0.4121405 Vali Loss: 0.9258673 Test Loss: 0.4137534
EarlyStopping counter: 5 out of 100
Updating learning rate to 2.2528399544939195e-06
Epoch: 40 cost time: 0.9958705902099609
Epoch: 40, Steps: 63 | Train Loss: 0.4123261 Vali Loss: 0.9259203 Test Loss: 0.4138007
EarlyStopping counter: 6 out of 100
Updating learning rate to 2.0275559590445276e-06
Epoch: 41 cost time: 0.9928615093231201
Epoch: 41, Steps: 63 | Train Loss: 0.4124814 Vali Loss: 0.9259259 Test Loss: 0.4137104
EarlyStopping counter: 7 out of 100
Updating learning rate to 1.8248003631400751e-06
Epoch: 42 cost time: 0.992255449295044
Epoch: 42, Steps: 63 | Train Loss: 0.4122658 Vali Loss: 0.9260734 Test Loss: 0.4137407
EarlyStopping counter: 8 out of 100
Updating learning rate to 1.6423203268260676e-06
Epoch: 43 cost time: 0.9950668811798096
Epoch: 43, Steps: 63 | Train Loss: 0.4125467 Vali Loss: 0.9262085 Test Loss: 0.4136758
EarlyStopping counter: 9 out of 100
Updating learning rate to 1.4780882941434609e-06
Epoch: 44 cost time: 0.9981465339660645
Epoch: 44, Steps: 63 | Train Loss: 0.4124753 Vali Loss: 0.9259050 Test Loss: 0.4137094
EarlyStopping counter: 10 out of 100
Updating learning rate to 1.3302794647291146e-06
Epoch: 45 cost time: 0.9937806129455566
Epoch: 45, Steps: 63 | Train Loss: 0.4124038 Vali Loss: 0.9257481 Test Loss: 0.4137497
EarlyStopping counter: 11 out of 100
Updating learning rate to 1.1972515182562034e-06
Epoch: 46 cost time: 1.0086286067962646
Epoch: 46, Steps: 63 | Train Loss: 0.4118369 Vali Loss: 0.9259170 Test Loss: 0.4136626
EarlyStopping counter: 12 out of 100
Updating learning rate to 1.077526366430583e-06
Epoch: 47 cost time: 0.99757981300354
Epoch: 47, Steps: 63 | Train Loss: 0.4125148 Vali Loss: 0.9257719 Test Loss: 0.4137100
EarlyStopping counter: 13 out of 100
Updating learning rate to 9.697737297875248e-07
Epoch: 48 cost time: 0.9975423812866211
Epoch: 48, Steps: 63 | Train Loss: 0.4117823 Vali Loss: 0.9257180 Test Loss: 0.4136454
EarlyStopping counter: 14 out of 100
Updating learning rate to 8.727963568087723e-07
Epoch: 49 cost time: 1.0109219551086426
Epoch: 49, Steps: 63 | Train Loss: 0.4125486 Vali Loss: 0.9260079 Test Loss: 0.4136461
EarlyStopping counter: 15 out of 100
Updating learning rate to 7.855167211278951e-07
Epoch: 50 cost time: 0.998854398727417
Epoch: 50, Steps: 63 | Train Loss: 0.4121350 Vali Loss: 0.9262549 Test Loss: 0.4137113
EarlyStopping counter: 16 out of 100
Updating learning rate to 7.069650490151056e-07
Epoch: 51 cost time: 0.9973855018615723
Epoch: 51, Steps: 63 | Train Loss: 0.4120203 Vali Loss: 0.9259270 Test Loss: 0.4137121
EarlyStopping counter: 17 out of 100
Updating learning rate to 6.36268544113595e-07
Epoch: 52 cost time: 0.9985947608947754
Epoch: 52, Steps: 63 | Train Loss: 0.4122140 Vali Loss: 0.9258879 Test Loss: 0.4136775
EarlyStopping counter: 18 out of 100
Updating learning rate to 5.726416897022355e-07
Epoch: 53 cost time: 0.9970765113830566
Epoch: 53, Steps: 63 | Train Loss: 0.4121338 Vali Loss: 0.9260656 Test Loss: 0.4136911
EarlyStopping counter: 19 out of 100
Updating learning rate to 5.15377520732012e-07
Epoch: 54 cost time: 1.0004937648773193
Epoch: 54, Steps: 63 | Train Loss: 0.4123510 Vali Loss: 0.9258444 Test Loss: 0.4136644
EarlyStopping counter: 20 out of 100
Updating learning rate to 4.6383976865881085e-07
Epoch: 55 cost time: 0.9966132640838623
Epoch: 55, Steps: 63 | Train Loss: 0.4120099 Vali Loss: 0.9262089 Test Loss: 0.4136364
EarlyStopping counter: 21 out of 100
Updating learning rate to 4.174557917929298e-07
Epoch: 56 cost time: 0.9976203441619873
Epoch: 56, Steps: 63 | Train Loss: 0.4123223 Vali Loss: 0.9260335 Test Loss: 0.4136631
EarlyStopping counter: 22 out of 100
Updating learning rate to 3.7571021261363677e-07
Epoch: 57 cost time: 0.9960172176361084
Epoch: 57, Steps: 63 | Train Loss: 0.4121599 Vali Loss: 0.9260122 Test Loss: 0.4136884
EarlyStopping counter: 23 out of 100
Updating learning rate to 3.381391913522731e-07
Epoch: 58 cost time: 0.9985940456390381
Epoch: 58, Steps: 63 | Train Loss: 0.4118718 Vali Loss: 0.9260448 Test Loss: 0.4136247
EarlyStopping counter: 24 out of 100
Updating learning rate to 3.043252722170458e-07
Epoch: 59 cost time: 0.998420238494873
Epoch: 59, Steps: 63 | Train Loss: 0.4117902 Vali Loss: 0.9261006 Test Loss: 0.4136371
EarlyStopping counter: 25 out of 100
Updating learning rate to 2.7389274499534124e-07
Epoch: 60 cost time: 1.0020227432250977
Epoch: 60, Steps: 63 | Train Loss: 0.4120120 Vali Loss: 0.9262046 Test Loss: 0.4136418
EarlyStopping counter: 26 out of 100
Updating learning rate to 2.465034704958071e-07
Epoch: 61 cost time: 0.9970874786376953
Epoch: 61, Steps: 63 | Train Loss: 0.4122774 Vali Loss: 0.9259588 Test Loss: 0.4136415
EarlyStopping counter: 27 out of 100
Updating learning rate to 2.218531234462264e-07
Epoch: 62 cost time: 0.9982254505157471
Epoch: 62, Steps: 63 | Train Loss: 0.4122804 Vali Loss: 0.9257582 Test Loss: 0.4136850
EarlyStopping counter: 28 out of 100
Updating learning rate to 1.9966781110160376e-07
Epoch: 63 cost time: 0.9987838268280029
Epoch: 63, Steps: 63 | Train Loss: 0.4122569 Vali Loss: 0.9261063 Test Loss: 0.4136088
EarlyStopping counter: 29 out of 100
Updating learning rate to 1.797010299914434e-07
Epoch: 64 cost time: 0.9974889755249023
Epoch: 64, Steps: 63 | Train Loss: 0.4115315 Vali Loss: 0.9256777 Test Loss: 0.4137421
EarlyStopping counter: 30 out of 100
Updating learning rate to 1.6173092699229907e-07
Epoch: 65 cost time: 1.0086724758148193
Epoch: 65, Steps: 63 | Train Loss: 0.4121225 Vali Loss: 0.9260496 Test Loss: 0.4136452
EarlyStopping counter: 31 out of 100
Updating learning rate to 1.4555783429306916e-07
Epoch: 66 cost time: 1.000917911529541
Epoch: 66, Steps: 63 | Train Loss: 0.4117156 Vali Loss: 0.9260056 Test Loss: 0.4136870
EarlyStopping counter: 32 out of 100
Updating learning rate to 1.3100205086376224e-07
Epoch: 67 cost time: 1.0089399814605713
Epoch: 67, Steps: 63 | Train Loss: 0.4120365 Vali Loss: 0.9261166 Test Loss: 0.4136705
EarlyStopping counter: 33 out of 100
Updating learning rate to 1.1790184577738603e-07
Epoch: 68 cost time: 0.9985358715057373
Epoch: 68, Steps: 63 | Train Loss: 0.4123059 Vali Loss: 0.9260656 Test Loss: 0.4137513
EarlyStopping counter: 34 out of 100
Updating learning rate to 1.0611166119964742e-07
Epoch: 69 cost time: 0.9999699592590332
Epoch: 69, Steps: 63 | Train Loss: 0.4118440 Vali Loss: 0.9260476 Test Loss: 0.4136800
EarlyStopping counter: 35 out of 100
Updating learning rate to 9.550049507968268e-08
Epoch: 70 cost time: 1.001309871673584
Epoch: 70, Steps: 63 | Train Loss: 0.4120057 Vali Loss: 0.9252892 Test Loss: 0.4136493
Validation loss decreased (0.925532 --> 0.925289).  Saving model ...
Updating learning rate to 8.595044557171442e-08
Epoch: 71 cost time: 0.9988789558410645
Epoch: 71, Steps: 63 | Train Loss: 0.4116996 Vali Loss: 0.9260623 Test Loss: 0.4136058
EarlyStopping counter: 1 out of 100
Updating learning rate to 7.735540101454298e-08
Epoch: 72 cost time: 1.000504732131958
Epoch: 72, Steps: 63 | Train Loss: 0.4123059 Vali Loss: 0.9259073 Test Loss: 0.4136358
EarlyStopping counter: 2 out of 100
Updating learning rate to 6.961986091308869e-08
Epoch: 73 cost time: 0.9991626739501953
Epoch: 73, Steps: 63 | Train Loss: 0.4114145 Vali Loss: 0.9257353 Test Loss: 0.4136590
EarlyStopping counter: 3 out of 100
Updating learning rate to 6.265787482177981e-08
Epoch: 74 cost time: 1.0025112628936768
Epoch: 74, Steps: 63 | Train Loss: 0.4114317 Vali Loss: 0.9261071 Test Loss: 0.4136590
EarlyStopping counter: 4 out of 100
Updating learning rate to 5.639208733960184e-08
Epoch: 75 cost time: 0.999455451965332
Epoch: 75, Steps: 63 | Train Loss: 0.4124981 Vali Loss: 0.9257212 Test Loss: 0.4136651
EarlyStopping counter: 5 out of 100
Updating learning rate to 5.075287860564165e-08
Epoch: 76 cost time: 0.999140739440918
Epoch: 76, Steps: 63 | Train Loss: 0.4120114 Vali Loss: 0.9260542 Test Loss: 0.4137142
EarlyStopping counter: 6 out of 100
Updating learning rate to 4.567759074507749e-08
Epoch: 77 cost time: 0.9989209175109863
Epoch: 77, Steps: 63 | Train Loss: 0.4124211 Vali Loss: 0.9257609 Test Loss: 0.4136558
EarlyStopping counter: 7 out of 100
Updating learning rate to 4.1109831670569744e-08
Epoch: 78 cost time: 1.0142357349395752
Epoch: 78, Steps: 63 | Train Loss: 0.4123159 Vali Loss: 0.9262253 Test Loss: 0.4136844
EarlyStopping counter: 8 out of 100
Updating learning rate to 3.6998848503512764e-08
Epoch: 79 cost time: 0.9978952407836914
Epoch: 79, Steps: 63 | Train Loss: 0.4122500 Vali Loss: 0.9261888 Test Loss: 0.4136419
EarlyStopping counter: 9 out of 100
Updating learning rate to 3.3298963653161496e-08
Epoch: 80 cost time: 1.0023612976074219
Epoch: 80, Steps: 63 | Train Loss: 0.4122270 Vali Loss: 0.9260112 Test Loss: 0.4136619
EarlyStopping counter: 10 out of 100
Updating learning rate to 2.996906728784534e-08
Epoch: 81 cost time: 1.0004792213439941
Epoch: 81, Steps: 63 | Train Loss: 0.4114712 Vali Loss: 0.9257951 Test Loss: 0.4136841
EarlyStopping counter: 11 out of 100
Updating learning rate to 2.697216055906081e-08
Epoch: 82 cost time: 1.0018000602722168
Epoch: 82, Steps: 63 | Train Loss: 0.4121040 Vali Loss: 0.9259744 Test Loss: 0.4136233
EarlyStopping counter: 12 out of 100
Updating learning rate to 2.427494450315473e-08
Epoch: 83 cost time: 1.0009105205535889
Epoch: 83, Steps: 63 | Train Loss: 0.4116555 Vali Loss: 0.9261355 Test Loss: 0.4136241
EarlyStopping counter: 13 out of 100
Updating learning rate to 2.1847450052839257e-08
Epoch: 84 cost time: 0.9983904361724854
Epoch: 84, Steps: 63 | Train Loss: 0.4123441 Vali Loss: 0.9255468 Test Loss: 0.4136047
EarlyStopping counter: 14 out of 100
Updating learning rate to 1.9662705047555332e-08
Epoch: 85 cost time: 0.9974551200866699
Epoch: 85, Steps: 63 | Train Loss: 0.4120400 Vali Loss: 0.9260913 Test Loss: 0.4136063
EarlyStopping counter: 15 out of 100
Updating learning rate to 1.7696434542799797e-08
Epoch: 86 cost time: 1.0019278526306152
Epoch: 86, Steps: 63 | Train Loss: 0.4118110 Vali Loss: 0.9260559 Test Loss: 0.4136632
EarlyStopping counter: 16 out of 100
Updating learning rate to 1.5926791088519817e-08
Epoch: 87 cost time: 0.9999618530273438
Epoch: 87, Steps: 63 | Train Loss: 0.4122807 Vali Loss: 0.9252498 Test Loss: 0.4136424
Validation loss decreased (0.925289 --> 0.925250).  Saving model ...
Updating learning rate to 1.4334111979667836e-08
Epoch: 88 cost time: 1.0020947456359863
Epoch: 88, Steps: 63 | Train Loss: 0.4122042 Vali Loss: 0.9261290 Test Loss: 0.4136678
EarlyStopping counter: 1 out of 100
Updating learning rate to 1.2900700781701054e-08
Epoch: 89 cost time: 1.0094478130340576
Epoch: 89, Steps: 63 | Train Loss: 0.4122567 Vali Loss: 0.9258839 Test Loss: 0.4136047
EarlyStopping counter: 2 out of 100
Updating learning rate to 1.161063070353095e-08
Epoch: 90 cost time: 1.0004522800445557
Epoch: 90, Steps: 63 | Train Loss: 0.4118544 Vali Loss: 0.9259697 Test Loss: 0.4136684
EarlyStopping counter: 3 out of 100
Updating learning rate to 1.0449567633177854e-08
Epoch: 91 cost time: 1.0005061626434326
Epoch: 91, Steps: 63 | Train Loss: 0.4119852 Vali Loss: 0.9255027 Test Loss: 0.4137136
EarlyStopping counter: 4 out of 100
Updating learning rate to 9.404610869860069e-09
Epoch: 92 cost time: 1.0044341087341309
Epoch: 92, Steps: 63 | Train Loss: 0.4119301 Vali Loss: 0.9261159 Test Loss: 0.4136229
EarlyStopping counter: 5 out of 100
Updating learning rate to 8.464149782874063e-09
Epoch: 93 cost time: 1.0036506652832031
Epoch: 93, Steps: 63 | Train Loss: 0.4122396 Vali Loss: 0.9258083 Test Loss: 0.4137265
EarlyStopping counter: 6 out of 100
Updating learning rate to 7.617734804586658e-09
Epoch: 94 cost time: 1.0006201267242432
Epoch: 94, Steps: 63 | Train Loss: 0.4119128 Vali Loss: 0.9255796 Test Loss: 0.4136667
EarlyStopping counter: 7 out of 100
Updating learning rate to 6.855961324127991e-09
Epoch: 95 cost time: 1.0051894187927246
Epoch: 95, Steps: 63 | Train Loss: 0.4120879 Vali Loss: 0.9260205 Test Loss: 0.4136840
EarlyStopping counter: 8 out of 100
Updating learning rate to 6.170365191715193e-09
Epoch: 96 cost time: 1.0051147937774658
Epoch: 96, Steps: 63 | Train Loss: 0.4118607 Vali Loss: 0.9261270 Test Loss: 0.4136156
EarlyStopping counter: 9 out of 100
Updating learning rate to 5.5533286725436726e-09
Epoch: 97 cost time: 1.0005855560302734
Epoch: 97, Steps: 63 | Train Loss: 0.4123676 Vali Loss: 0.9256259 Test Loss: 0.4136981
EarlyStopping counter: 10 out of 100
Updating learning rate to 4.997995805289306e-09
Epoch: 98 cost time: 1.001293659210205
Epoch: 98, Steps: 63 | Train Loss: 0.4120188 Vali Loss: 0.9257899 Test Loss: 0.4136381
EarlyStopping counter: 11 out of 100
Updating learning rate to 4.498196224760375e-09
Epoch: 99 cost time: 1.007309913635254
Epoch: 99, Steps: 63 | Train Loss: 0.4122516 Vali Loss: 0.9261221 Test Loss: 0.4136793
EarlyStopping counter: 12 out of 100
Updating learning rate to 4.048376602284338e-09
Epoch: 100 cost time: 1.0011069774627686
Epoch: 100, Steps: 63 | Train Loss: 0.4115435 Vali Loss: 0.9261447 Test Loss: 0.4136381
EarlyStopping counter: 13 out of 100
Updating learning rate to 3.643538942055904e-09
>>>>>>>testing : Flatten_etth1_336_192_PatchTST_ETTh1_ftM_sl336_ll48_pl192_dm16_nh4_el3_dl1_df128_fc1_ebtimeF_dtTrue_Exp_0<<<<<<<<<<<<<<<<<<<<<<<<<<<<<<<<<
test 2689
mse:0.4146513044834137, mae:0.4208475649356842, rse:0.6114954948425293
Args in experiment:
Namespace(random_seed=2021, is_training=1, model_id='Flatten_etth1_336_336', model='PatchTST', data='ETTh1', root_path='./dataset/', data_path='ETTh1.csv', features='M', target='OT', freq='h', checkpoints='./checkpoints/', seq_len=336, label_len=48, pred_len=336, head_type='flatten', fc_dropout=0.3, head_dropout=0.0, patch_len=16, stride=8, padding_patch='end', revin=1, affine=0, subtract_last=0, decomposition=0, kernel_size=25, individual=0, embed_type=0, enc_in=7, dec_in=7, c_out=7, d_model=16, n_heads=4, e_layers=3, d_layers=1, d_ff=128, moving_avg=25, factor=1, distil=True, dropout=0.3, embed='timeF', activation='gelu', output_attention=False, do_predict=False, num_workers=0, itr=1, train_epochs=100, batch_size=128, patience=100, learning_rate=0.0001, des='Exp', loss='mse', lradj='type3', pct_start=0.3, use_amp=False, use_gpu=True, gpu=0, use_multi_gpu=False, devices='0,1,2,3', test_flop=False)
Use GPU: cuda:0
>>>>>>>start training : Flatten_etth1_336_336_PatchTST_ETTh1_ftM_sl336_ll48_pl336_dm16_nh4_el3_dl1_df128_fc1_ebtimeF_dtTrue_Exp_0>>>>>>>>>>>>>>>>>>>>>>>>>>
train 7969
val 2545
test 2545
Epoch: 1 cost time: 1.449986219406128
Epoch: 1, Steps: 62 | Train Loss: 0.8110039 Vali Loss: 1.7394577 Test Loss: 0.7845014
Validation loss decreased (inf --> 1.739458).  Saving model ...
Updating learning rate to 0.0001
Epoch: 2 cost time: 1.0151212215423584
Epoch: 2, Steps: 62 | Train Loss: 0.6644957 Vali Loss: 1.2949197 Test Loss: 0.4997441
Validation loss decreased (1.739458 --> 1.294920).  Saving model ...
Updating learning rate to 0.0001
Epoch: 3 cost time: 0.99790358543396
Epoch: 3, Steps: 62 | Train Loss: 0.5616975 Vali Loss: 1.2310934 Test Loss: 0.4609944
Validation loss decreased (1.294920 --> 1.231093).  Saving model ...
Updating learning rate to 0.0001
Epoch: 4 cost time: 1.001539707183838
Epoch: 4, Steps: 62 | Train Loss: 0.5272051 Vali Loss: 1.1935779 Test Loss: 0.4478935
Validation loss decreased (1.231093 --> 1.193578).  Saving model ...
Updating learning rate to 9e-05
Epoch: 5 cost time: 1.0073950290679932
Epoch: 5, Steps: 62 | Train Loss: 0.5088675 Vali Loss: 1.1798410 Test Loss: 0.4404450
Validation loss decreased (1.193578 --> 1.179841).  Saving model ...
Updating learning rate to 8.1e-05
Epoch: 6 cost time: 1.0093955993652344
Epoch: 6, Steps: 62 | Train Loss: 0.4980193 Vali Loss: 1.1745085 Test Loss: 0.4366567
Validation loss decreased (1.179841 --> 1.174508).  Saving model ...
Updating learning rate to 7.290000000000001e-05
Epoch: 7 cost time: 1.0055136680603027
Epoch: 7, Steps: 62 | Train Loss: 0.4911048 Vali Loss: 1.1700051 Test Loss: 0.4343640
Validation loss decreased (1.174508 --> 1.170005).  Saving model ...
Updating learning rate to 6.561e-05
Epoch: 8 cost time: 1.0238065719604492
Epoch: 8, Steps: 62 | Train Loss: 0.4863359 Vali Loss: 1.1713470 Test Loss: 0.4327103
EarlyStopping counter: 1 out of 100
Updating learning rate to 5.904900000000001e-05
Epoch: 9 cost time: 1.0005900859832764
Epoch: 9, Steps: 62 | Train Loss: 0.4832051 Vali Loss: 1.1709952 Test Loss: 0.4322543
EarlyStopping counter: 2 out of 100
Updating learning rate to 5.3144100000000005e-05
Epoch: 10 cost time: 0.9975197315216064
Epoch: 10, Steps: 62 | Train Loss: 0.4798534 Vali Loss: 1.1696225 Test Loss: 0.4315770
Validation loss decreased (1.170005 --> 1.169623).  Saving model ...
Updating learning rate to 4.782969000000001e-05
Epoch: 11 cost time: 1.0264575481414795
Epoch: 11, Steps: 62 | Train Loss: 0.4776757 Vali Loss: 1.1719331 Test Loss: 0.4313176
EarlyStopping counter: 1 out of 100
Updating learning rate to 4.304672100000001e-05
Epoch: 12 cost time: 1.0110211372375488
Epoch: 12, Steps: 62 | Train Loss: 0.4763141 Vali Loss: 1.1687096 Test Loss: 0.4312212
Validation loss decreased (1.169623 --> 1.168710).  Saving model ...
Updating learning rate to 3.874204890000001e-05
Epoch: 13 cost time: 0.998450517654419
Epoch: 13, Steps: 62 | Train Loss: 0.4744403 Vali Loss: 1.1753203 Test Loss: 0.4312864
EarlyStopping counter: 1 out of 100
Updating learning rate to 3.486784401000001e-05
Epoch: 14 cost time: 1.0058553218841553
Epoch: 14, Steps: 62 | Train Loss: 0.4729775 Vali Loss: 1.1748931 Test Loss: 0.4310973
EarlyStopping counter: 2 out of 100
Updating learning rate to 3.138105960900001e-05
Epoch: 15 cost time: 1.0013434886932373
Epoch: 15, Steps: 62 | Train Loss: 0.4725009 Vali Loss: 1.1756910 Test Loss: 0.4308255
EarlyStopping counter: 3 out of 100
Updating learning rate to 2.824295364810001e-05
Epoch: 16 cost time: 1.0011405944824219
Epoch: 16, Steps: 62 | Train Loss: 0.4717256 Vali Loss: 1.1751953 Test Loss: 0.4308792
EarlyStopping counter: 4 out of 100
Updating learning rate to 2.541865828329001e-05
Epoch: 17 cost time: 1.0135149955749512
Epoch: 17, Steps: 62 | Train Loss: 0.4707881 Vali Loss: 1.1740669 Test Loss: 0.4309124
EarlyStopping counter: 5 out of 100
Updating learning rate to 2.287679245496101e-05
Epoch: 18 cost time: 0.9992566108703613
Epoch: 18, Steps: 62 | Train Loss: 0.4700894 Vali Loss: 1.1713127 Test Loss: 0.4306640
EarlyStopping counter: 6 out of 100
Updating learning rate to 2.0589113209464907e-05
Epoch: 19 cost time: 1.0108518600463867
Epoch: 19, Steps: 62 | Train Loss: 0.4695229 Vali Loss: 1.1787905 Test Loss: 0.4306703
EarlyStopping counter: 7 out of 100
Updating learning rate to 1.8530201888518416e-05
Epoch: 20 cost time: 0.9995057582855225
Epoch: 20, Steps: 62 | Train Loss: 0.4692237 Vali Loss: 1.1785306 Test Loss: 0.4308307
EarlyStopping counter: 8 out of 100
Updating learning rate to 1.6677181699666577e-05
Epoch: 21 cost time: 1.0032167434692383
Epoch: 21, Steps: 62 | Train Loss: 0.4686362 Vali Loss: 1.1817933 Test Loss: 0.4307880
EarlyStopping counter: 9 out of 100
Updating learning rate to 1.5009463529699919e-05
Epoch: 22 cost time: 1.0110416412353516
Epoch: 22, Steps: 62 | Train Loss: 0.4688474 Vali Loss: 1.1800983 Test Loss: 0.4304550
EarlyStopping counter: 10 out of 100
Updating learning rate to 1.3508517176729929e-05
Epoch: 23 cost time: 1.001518726348877
Epoch: 23, Steps: 62 | Train Loss: 0.4673790 Vali Loss: 1.1818281 Test Loss: 0.4305248
EarlyStopping counter: 11 out of 100
Updating learning rate to 1.2157665459056936e-05
Epoch: 24 cost time: 1.0096015930175781
Epoch: 24, Steps: 62 | Train Loss: 0.4679923 Vali Loss: 1.1750392 Test Loss: 0.4304419
EarlyStopping counter: 12 out of 100
Updating learning rate to 1.0941898913151242e-05
Epoch: 25 cost time: 1.0039877891540527
Epoch: 25, Steps: 62 | Train Loss: 0.4679308 Vali Loss: 1.1797967 Test Loss: 0.4303435
EarlyStopping counter: 13 out of 100
Updating learning rate to 9.847709021836118e-06
Epoch: 26 cost time: 1.0027580261230469
Epoch: 26, Steps: 62 | Train Loss: 0.4672808 Vali Loss: 1.1845222 Test Loss: 0.4302508
EarlyStopping counter: 14 out of 100
Updating learning rate to 8.862938119652508e-06
Epoch: 27 cost time: 1.00018310546875
Epoch: 27, Steps: 62 | Train Loss: 0.4669306 Vali Loss: 1.1769794 Test Loss: 0.4303813
EarlyStopping counter: 15 out of 100
Updating learning rate to 7.976644307687255e-06
Epoch: 28 cost time: 1.0020177364349365
Epoch: 28, Steps: 62 | Train Loss: 0.4670079 Vali Loss: 1.1831434 Test Loss: 0.4305514
EarlyStopping counter: 16 out of 100
Updating learning rate to 7.178979876918531e-06
Epoch: 29 cost time: 1.0049350261688232
Epoch: 29, Steps: 62 | Train Loss: 0.4659495 Vali Loss: 1.1810275 Test Loss: 0.4300672
EarlyStopping counter: 17 out of 100
Updating learning rate to 6.4610818892266776e-06
Epoch: 30 cost time: 1.001291275024414
Epoch: 30, Steps: 62 | Train Loss: 0.4666115 Vali Loss: 1.1794571 Test Loss: 0.4303572
EarlyStopping counter: 18 out of 100
Updating learning rate to 5.8149737003040096e-06
Epoch: 31 cost time: 1.0016744136810303
Epoch: 31, Steps: 62 | Train Loss: 0.4666252 Vali Loss: 1.1802429 Test Loss: 0.4303494
EarlyStopping counter: 19 out of 100
Updating learning rate to 5.23347633027361e-06
Epoch: 32 cost time: 1.001763105392456
Epoch: 32, Steps: 62 | Train Loss: 0.4662017 Vali Loss: 1.1793046 Test Loss: 0.4302877
EarlyStopping counter: 20 out of 100
Updating learning rate to 4.710128697246249e-06
Epoch: 33 cost time: 1.0020332336425781
Epoch: 33, Steps: 62 | Train Loss: 0.4659737 Vali Loss: 1.1820198 Test Loss: 0.4301947
EarlyStopping counter: 21 out of 100
Updating learning rate to 4.239115827521624e-06
Epoch: 34 cost time: 1.0012266635894775
Epoch: 34, Steps: 62 | Train Loss: 0.4656079 Vali Loss: 1.1820107 Test Loss: 0.4302717
EarlyStopping counter: 22 out of 100
Updating learning rate to 3.815204244769462e-06
Epoch: 35 cost time: 1.0011377334594727
Epoch: 35, Steps: 62 | Train Loss: 0.4657212 Vali Loss: 1.1795437 Test Loss: 0.4303981
EarlyStopping counter: 23 out of 100
Updating learning rate to 3.4336838202925152e-06
Epoch: 36 cost time: 1.0083839893341064
Epoch: 36, Steps: 62 | Train Loss: 0.4655708 Vali Loss: 1.1783961 Test Loss: 0.4300171
EarlyStopping counter: 24 out of 100
Updating learning rate to 3.090315438263264e-06
Epoch: 37 cost time: 1.0020489692687988
Epoch: 37, Steps: 62 | Train Loss: 0.4659631 Vali Loss: 1.1777939 Test Loss: 0.4300201
EarlyStopping counter: 25 out of 100
Updating learning rate to 2.7812838944369375e-06
Epoch: 38 cost time: 1.001389980316162
Epoch: 38, Steps: 62 | Train Loss: 0.4655799 Vali Loss: 1.1836389 Test Loss: 0.4302192
EarlyStopping counter: 26 out of 100
Updating learning rate to 2.503155504993244e-06
Epoch: 39 cost time: 1.0035338401794434
Epoch: 39, Steps: 62 | Train Loss: 0.4653251 Vali Loss: 1.1815388 Test Loss: 0.4303807
EarlyStopping counter: 27 out of 100
Updating learning rate to 2.2528399544939195e-06
Epoch: 40 cost time: 1.005199670791626
Epoch: 40, Steps: 62 | Train Loss: 0.4655796 Vali Loss: 1.1812350 Test Loss: 0.4300624
EarlyStopping counter: 28 out of 100
Updating learning rate to 2.0275559590445276e-06
Epoch: 41 cost time: 1.004418134689331
Epoch: 41, Steps: 62 | Train Loss: 0.4654974 Vali Loss: 1.1735820 Test Loss: 0.4301908
EarlyStopping counter: 29 out of 100
Updating learning rate to 1.8248003631400751e-06
Epoch: 42 cost time: 1.0059139728546143
Epoch: 42, Steps: 62 | Train Loss: 0.4656299 Vali Loss: 1.1830208 Test Loss: 0.4303885
EarlyStopping counter: 30 out of 100
Updating learning rate to 1.6423203268260676e-06
Epoch: 43 cost time: 1.0153577327728271
Epoch: 43, Steps: 62 | Train Loss: 0.4657248 Vali Loss: 1.1815288 Test Loss: 0.4299396
EarlyStopping counter: 31 out of 100
Updating learning rate to 1.4780882941434609e-06
Epoch: 44 cost time: 1.0182600021362305
Epoch: 44, Steps: 62 | Train Loss: 0.4649456 Vali Loss: 1.1759397 Test Loss: 0.4302274
EarlyStopping counter: 32 out of 100
Updating learning rate to 1.3302794647291146e-06
Epoch: 45 cost time: 1.0059256553649902
Epoch: 45, Steps: 62 | Train Loss: 0.4654948 Vali Loss: 1.1779391 Test Loss: 0.4302204
EarlyStopping counter: 33 out of 100
Updating learning rate to 1.1972515182562034e-06
Epoch: 46 cost time: 1.005619764328003
Epoch: 46, Steps: 62 | Train Loss: 0.4649476 Vali Loss: 1.1843029 Test Loss: 0.4302895
EarlyStopping counter: 34 out of 100
Updating learning rate to 1.077526366430583e-06
Epoch: 47 cost time: 1.0074334144592285
Epoch: 47, Steps: 62 | Train Loss: 0.4656324 Vali Loss: 1.1827981 Test Loss: 0.4306986
EarlyStopping counter: 35 out of 100
Updating learning rate to 9.697737297875248e-07
Epoch: 48 cost time: 1.0067408084869385
Epoch: 48, Steps: 62 | Train Loss: 0.4654365 Vali Loss: 1.1797597 Test Loss: 0.4303944
EarlyStopping counter: 36 out of 100
Updating learning rate to 8.727963568087723e-07
Epoch: 49 cost time: 1.0085384845733643
Epoch: 49, Steps: 62 | Train Loss: 0.4654951 Vali Loss: 1.1821291 Test Loss: 0.4302526
EarlyStopping counter: 37 out of 100
Updating learning rate to 7.855167211278951e-07
Epoch: 50 cost time: 1.0074856281280518
Epoch: 50, Steps: 62 | Train Loss: 0.4649264 Vali Loss: 1.1802005 Test Loss: 0.4303838
EarlyStopping counter: 38 out of 100
Updating learning rate to 7.069650490151056e-07
Epoch: 51 cost time: 1.0089387893676758
Epoch: 51, Steps: 62 | Train Loss: 0.4652510 Vali Loss: 1.1787521 Test Loss: 0.4301722
EarlyStopping counter: 39 out of 100
Updating learning rate to 6.36268544113595e-07
Epoch: 52 cost time: 1.0060429573059082
Epoch: 52, Steps: 62 | Train Loss: 0.4650282 Vali Loss: 1.1851249 Test Loss: 0.4301699
EarlyStopping counter: 40 out of 100
Updating learning rate to 5.726416897022355e-07
Epoch: 53 cost time: 1.010787010192871
Epoch: 53, Steps: 62 | Train Loss: 0.4657603 Vali Loss: 1.1839126 Test Loss: 0.4302132
EarlyStopping counter: 41 out of 100
Updating learning rate to 5.15377520732012e-07
Epoch: 54 cost time: 1.0171411037445068
Epoch: 54, Steps: 62 | Train Loss: 0.4656545 Vali Loss: 1.1795067 Test Loss: 0.4305952
EarlyStopping counter: 42 out of 100
Updating learning rate to 4.6383976865881085e-07
Epoch: 55 cost time: 1.0078866481781006
Epoch: 55, Steps: 62 | Train Loss: 0.4648479 Vali Loss: 1.1814781 Test Loss: 0.4303895
EarlyStopping counter: 43 out of 100
Updating learning rate to 4.174557917929298e-07
Epoch: 56 cost time: 1.0081984996795654
Epoch: 56, Steps: 62 | Train Loss: 0.4651835 Vali Loss: 1.1808136 Test Loss: 0.4302948
EarlyStopping counter: 44 out of 100
Updating learning rate to 3.7571021261363677e-07
Epoch: 57 cost time: 1.0109736919403076
Epoch: 57, Steps: 62 | Train Loss: 0.4656293 Vali Loss: 1.1836029 Test Loss: 0.4302403
EarlyStopping counter: 45 out of 100
Updating learning rate to 3.381391913522731e-07
Epoch: 58 cost time: 1.012007236480713
Epoch: 58, Steps: 62 | Train Loss: 0.4656191 Vali Loss: 1.1812693 Test Loss: 0.4302336
EarlyStopping counter: 46 out of 100
Updating learning rate to 3.043252722170458e-07
Epoch: 59 cost time: 1.021789312362671
Epoch: 59, Steps: 62 | Train Loss: 0.4652735 Vali Loss: 1.1790909 Test Loss: 0.4300718
EarlyStopping counter: 47 out of 100
Updating learning rate to 2.7389274499534124e-07
Epoch: 60 cost time: 1.0103402137756348
Epoch: 60, Steps: 62 | Train Loss: 0.4656741 Vali Loss: 1.1878153 Test Loss: 0.4302697
EarlyStopping counter: 48 out of 100
Updating learning rate to 2.465034704958071e-07
Epoch: 61 cost time: 1.0086760520935059
Epoch: 61, Steps: 62 | Train Loss: 0.4650747 Vali Loss: 1.1808959 Test Loss: 0.4304262
EarlyStopping counter: 49 out of 100
Updating learning rate to 2.218531234462264e-07
Epoch: 62 cost time: 1.0103118419647217
Epoch: 62, Steps: 62 | Train Loss: 0.4649511 Vali Loss: 1.1850939 Test Loss: 0.4300711
EarlyStopping counter: 50 out of 100
Updating learning rate to 1.9966781110160376e-07
Epoch: 63 cost time: 1.0095109939575195
Epoch: 63, Steps: 62 | Train Loss: 0.4649828 Vali Loss: 1.1817411 Test Loss: 0.4299718
EarlyStopping counter: 51 out of 100
Updating learning rate to 1.797010299914434e-07
Epoch: 64 cost time: 1.0103864669799805
Epoch: 64, Steps: 62 | Train Loss: 0.4649484 Vali Loss: 1.1843843 Test Loss: 0.4301683
EarlyStopping counter: 52 out of 100
Updating learning rate to 1.6173092699229907e-07
Epoch: 65 cost time: 1.0133624076843262
Epoch: 65, Steps: 62 | Train Loss: 0.4651783 Vali Loss: 1.1818935 Test Loss: 0.4301329
EarlyStopping counter: 53 out of 100
Updating learning rate to 1.4555783429306916e-07
Epoch: 66 cost time: 1.0108776092529297
Epoch: 66, Steps: 62 | Train Loss: 0.4652550 Vali Loss: 1.1835915 Test Loss: 0.4303464
EarlyStopping counter: 54 out of 100
Updating learning rate to 1.3100205086376224e-07
Epoch: 67 cost time: 1.0106658935546875
Epoch: 67, Steps: 62 | Train Loss: 0.4652922 Vali Loss: 1.1844958 Test Loss: 0.4301154
EarlyStopping counter: 55 out of 100
Updating learning rate to 1.1790184577738603e-07
Epoch: 68 cost time: 1.0097205638885498
Epoch: 68, Steps: 62 | Train Loss: 0.4647927 Vali Loss: 1.1800396 Test Loss: 0.4300138
EarlyStopping counter: 56 out of 100
Updating learning rate to 1.0611166119964742e-07
Epoch: 69 cost time: 1.0111165046691895
Epoch: 69, Steps: 62 | Train Loss: 0.4650375 Vali Loss: 1.1798958 Test Loss: 0.4300174
EarlyStopping counter: 57 out of 100
Updating learning rate to 9.550049507968268e-08
Epoch: 70 cost time: 1.0099570751190186
Epoch: 70, Steps: 62 | Train Loss: 0.4650895 Vali Loss: 1.1854149 Test Loss: 0.4302136
EarlyStopping counter: 58 out of 100
Updating learning rate to 8.595044557171442e-08
Epoch: 71 cost time: 1.0133264064788818
Epoch: 71, Steps: 62 | Train Loss: 0.4647246 Vali Loss: 1.1800957 Test Loss: 0.4303342
EarlyStopping counter: 59 out of 100
Updating learning rate to 7.735540101454298e-08
Epoch: 72 cost time: 1.01220703125
Epoch: 72, Steps: 62 | Train Loss: 0.4651114 Vali Loss: 1.1822248 Test Loss: 0.4301189
EarlyStopping counter: 60 out of 100
Updating learning rate to 6.961986091308869e-08
Epoch: 73 cost time: 1.0109248161315918
Epoch: 73, Steps: 62 | Train Loss: 0.4646800 Vali Loss: 1.1839451 Test Loss: 0.4301747
EarlyStopping counter: 61 out of 100
Updating learning rate to 6.265787482177981e-08
Epoch: 74 cost time: 1.0114717483520508
Epoch: 74, Steps: 62 | Train Loss: 0.4652951 Vali Loss: 1.1795894 Test Loss: 0.4301089
EarlyStopping counter: 62 out of 100
Updating learning rate to 5.639208733960184e-08
Epoch: 75 cost time: 1.023172378540039
Epoch: 75, Steps: 62 | Train Loss: 0.4651777 Vali Loss: 1.1792778 Test Loss: 0.4302396
EarlyStopping counter: 63 out of 100
Updating learning rate to 5.075287860564165e-08
Epoch: 76 cost time: 1.025005578994751
Epoch: 76, Steps: 62 | Train Loss: 0.4649221 Vali Loss: 1.1835089 Test Loss: 0.4301229
EarlyStopping counter: 64 out of 100
Updating learning rate to 4.567759074507749e-08
Epoch: 77 cost time: 1.0107357501983643
Epoch: 77, Steps: 62 | Train Loss: 0.4651134 Vali Loss: 1.1825870 Test Loss: 0.4302064
EarlyStopping counter: 65 out of 100
Updating learning rate to 4.1109831670569744e-08
Epoch: 78 cost time: 1.0096557140350342
Epoch: 78, Steps: 62 | Train Loss: 0.4649240 Vali Loss: 1.1787825 Test Loss: 0.4302823
EarlyStopping counter: 66 out of 100
Updating learning rate to 3.6998848503512764e-08
Epoch: 79 cost time: 1.0126469135284424
Epoch: 79, Steps: 62 | Train Loss: 0.4653978 Vali Loss: 1.1815231 Test Loss: 0.4303043
EarlyStopping counter: 67 out of 100
Updating learning rate to 3.3298963653161496e-08
Epoch: 80 cost time: 1.009636640548706
Epoch: 80, Steps: 62 | Train Loss: 0.4652539 Vali Loss: 1.1824096 Test Loss: 0.4300884
EarlyStopping counter: 68 out of 100
Updating learning rate to 2.996906728784534e-08
Epoch: 81 cost time: 1.011960506439209
Epoch: 81, Steps: 62 | Train Loss: 0.4650601 Vali Loss: 1.1830435 Test Loss: 0.4299450
EarlyStopping counter: 69 out of 100
Updating learning rate to 2.697216055906081e-08
Epoch: 82 cost time: 1.010554313659668
Epoch: 82, Steps: 62 | Train Loss: 0.4654094 Vali Loss: 1.1843271 Test Loss: 0.4300755
EarlyStopping counter: 70 out of 100
Updating learning rate to 2.427494450315473e-08
Epoch: 83 cost time: 1.0232768058776855
Epoch: 83, Steps: 62 | Train Loss: 0.4649316 Vali Loss: 1.1809103 Test Loss: 0.4301988
EarlyStopping counter: 71 out of 100
Updating learning rate to 2.1847450052839257e-08
Epoch: 84 cost time: 1.014310359954834
Epoch: 84, Steps: 62 | Train Loss: 0.4647987 Vali Loss: 1.1827618 Test Loss: 0.4300579
EarlyStopping counter: 72 out of 100
Updating learning rate to 1.9662705047555332e-08
Epoch: 85 cost time: 1.009918212890625
Epoch: 85, Steps: 62 | Train Loss: 0.4654501 Vali Loss: 1.1786551 Test Loss: 0.4300673
EarlyStopping counter: 73 out of 100
Updating learning rate to 1.7696434542799797e-08
Epoch: 86 cost time: 1.015373945236206
Epoch: 86, Steps: 62 | Train Loss: 0.4649061 Vali Loss: 1.1838737 Test Loss: 0.4298264
EarlyStopping counter: 74 out of 100
Updating learning rate to 1.5926791088519817e-08
Epoch: 87 cost time: 1.0140321254730225
Epoch: 87, Steps: 62 | Train Loss: 0.4649338 Vali Loss: 1.1788952 Test Loss: 0.4302275
EarlyStopping counter: 75 out of 100
Updating learning rate to 1.4334111979667836e-08
Epoch: 88 cost time: 1.011352777481079
Epoch: 88, Steps: 62 | Train Loss: 0.4648435 Vali Loss: 1.1829998 Test Loss: 0.4302431
EarlyStopping counter: 76 out of 100
Updating learning rate to 1.2900700781701054e-08
Epoch: 89 cost time: 1.0164976119995117
Epoch: 89, Steps: 62 | Train Loss: 0.4656597 Vali Loss: 1.1879703 Test Loss: 0.4304960
EarlyStopping counter: 77 out of 100
Updating learning rate to 1.161063070353095e-08
Epoch: 90 cost time: 1.0133366584777832
Epoch: 90, Steps: 62 | Train Loss: 0.4654136 Vali Loss: 1.1838398 Test Loss: 0.4303854
EarlyStopping counter: 78 out of 100
Updating learning rate to 1.0449567633177854e-08
Epoch: 91 cost time: 1.0179553031921387
Epoch: 91, Steps: 62 | Train Loss: 0.4649838 Vali Loss: 1.1857586 Test Loss: 0.4302530
EarlyStopping counter: 79 out of 100
Updating learning rate to 9.404610869860069e-09
Epoch: 92 cost time: 1.015756368637085
Epoch: 92, Steps: 62 | Train Loss: 0.4651328 Vali Loss: 1.1824996 Test Loss: 0.4302328
EarlyStopping counter: 80 out of 100
Updating learning rate to 8.464149782874063e-09
Epoch: 93 cost time: 1.01481032371521
Epoch: 93, Steps: 62 | Train Loss: 0.4657509 Vali Loss: 1.1812205 Test Loss: 0.4301627
EarlyStopping counter: 81 out of 100
Updating learning rate to 7.617734804586658e-09
Epoch: 94 cost time: 1.0119524002075195
Epoch: 94, Steps: 62 | Train Loss: 0.4651353 Vali Loss: 1.1773430 Test Loss: 0.4301679
EarlyStopping counter: 82 out of 100
Updating learning rate to 6.855961324127991e-09
Epoch: 95 cost time: 1.0143053531646729
Epoch: 95, Steps: 62 | Train Loss: 0.4648377 Vali Loss: 1.1818417 Test Loss: 0.4301638
EarlyStopping counter: 83 out of 100
Updating learning rate to 6.170365191715193e-09
Epoch: 96 cost time: 1.0227875709533691
Epoch: 96, Steps: 62 | Train Loss: 0.4656257 Vali Loss: 1.1835220 Test Loss: 0.4300603
EarlyStopping counter: 84 out of 100
Updating learning rate to 5.5533286725436726e-09
Epoch: 97 cost time: 1.012972116470337
Epoch: 97, Steps: 62 | Train Loss: 0.4652264 Vali Loss: 1.1765070 Test Loss: 0.4302062
EarlyStopping counter: 85 out of 100
Updating learning rate to 4.997995805289306e-09
Epoch: 98 cost time: 1.0125524997711182
Epoch: 98, Steps: 62 | Train Loss: 0.4650510 Vali Loss: 1.1860859 Test Loss: 0.4299658
EarlyStopping counter: 86 out of 100
Updating learning rate to 4.498196224760375e-09
Epoch: 99 cost time: 1.0286619663238525
Epoch: 99, Steps: 62 | Train Loss: 0.4651841 Vali Loss: 1.1830089 Test Loss: 0.4302322
EarlyStopping counter: 87 out of 100
Updating learning rate to 4.048376602284338e-09
Epoch: 100 cost time: 1.0143015384674072
Epoch: 100, Steps: 62 | Train Loss: 0.4654906 Vali Loss: 1.1801304 Test Loss: 0.4300789
EarlyStopping counter: 88 out of 100
Updating learning rate to 3.643538942055904e-09
>>>>>>>testing : Flatten_etth1_336_336_PatchTST_ETTh1_ftM_sl336_ll48_pl336_dm16_nh4_el3_dl1_df128_fc1_ebtimeF_dtTrue_Exp_0<<<<<<<<<<<<<<<<<<<<<<<<<<<<<<<<<
test 2545
mse:0.4321427047252655, mae:0.435702383518219, rse:0.628405749797821
Args in experiment:
Namespace(random_seed=2021, is_training=1, model_id='Flatten_etth1_336_720', model='PatchTST', data='ETTh1', root_path='./dataset/', data_path='ETTh1.csv', features='M', target='OT', freq='h', checkpoints='./checkpoints/', seq_len=336, label_len=48, pred_len=720, head_type='flatten', fc_dropout=0.3, head_dropout=0.0, patch_len=16, stride=8, padding_patch='end', revin=1, affine=0, subtract_last=0, decomposition=0, kernel_size=25, individual=0, embed_type=0, enc_in=7, dec_in=7, c_out=7, d_model=16, n_heads=4, e_layers=3, d_layers=1, d_ff=128, moving_avg=25, factor=1, distil=True, dropout=0.3, embed='timeF', activation='gelu', output_attention=False, do_predict=False, num_workers=0, itr=1, train_epochs=100, batch_size=128, patience=100, learning_rate=0.0001, des='Exp', loss='mse', lradj='type3', pct_start=0.3, use_amp=False, use_gpu=True, gpu=0, use_multi_gpu=False, devices='0,1,2,3', test_flop=False)
Use GPU: cuda:0
>>>>>>>start training : Flatten_etth1_336_720_PatchTST_ETTh1_ftM_sl336_ll48_pl720_dm16_nh4_el3_dl1_df128_fc1_ebtimeF_dtTrue_Exp_0>>>>>>>>>>>>>>>>>>>>>>>>>>
train 7585
val 2161
test 2161
Epoch: 1 cost time: 1.4788563251495361
Epoch: 1, Steps: 59 | Train Loss: 0.8999453 Vali Loss: 1.9740644 Test Loss: 0.7929621
Validation loss decreased (inf --> 1.974064).  Saving model ...
Updating learning rate to 0.0001
Epoch: 2 cost time: 1.0618865489959717
Epoch: 2, Steps: 59 | Train Loss: 0.7685586 Vali Loss: 1.5422858 Test Loss: 0.5061020
Validation loss decreased (1.974064 --> 1.542286).  Saving model ...
Updating learning rate to 0.0001
Epoch: 3 cost time: 1.055840015411377
Epoch: 3, Steps: 59 | Train Loss: 0.6729971 Vali Loss: 1.4902692 Test Loss: 0.4624207
Validation loss decreased (1.542286 --> 1.490269).  Saving model ...
Updating learning rate to 0.0001
Epoch: 4 cost time: 1.055910348892212
Epoch: 4, Steps: 59 | Train Loss: 0.6386132 Vali Loss: 1.4604101 Test Loss: 0.4525346
Validation loss decreased (1.490269 --> 1.460410).  Saving model ...
Updating learning rate to 9e-05
Epoch: 5 cost time: 1.0448951721191406
Epoch: 5, Steps: 59 | Train Loss: 0.6197717 Vali Loss: 1.4530818 Test Loss: 0.4488259
Validation loss decreased (1.460410 --> 1.453082).  Saving model ...
Updating learning rate to 8.1e-05
Epoch: 6 cost time: 1.0681359767913818
Epoch: 6, Steps: 59 | Train Loss: 0.6077863 Vali Loss: 1.4442124 Test Loss: 0.4495542
Validation loss decreased (1.453082 --> 1.444212).  Saving model ...
Updating learning rate to 7.290000000000001e-05
Epoch: 7 cost time: 1.0574233531951904
Epoch: 7, Steps: 59 | Train Loss: 0.5998035 Vali Loss: 1.4486208 Test Loss: 0.4545031
EarlyStopping counter: 1 out of 100
Updating learning rate to 6.561e-05
Epoch: 8 cost time: 1.0470304489135742
Epoch: 8, Steps: 59 | Train Loss: 0.5939888 Vali Loss: 1.4515572 Test Loss: 0.4602066
EarlyStopping counter: 2 out of 100
Updating learning rate to 5.904900000000001e-05
Epoch: 9 cost time: 1.0643715858459473
Epoch: 9, Steps: 59 | Train Loss: 0.5894165 Vali Loss: 1.4625164 Test Loss: 0.4642143
EarlyStopping counter: 3 out of 100
Updating learning rate to 5.3144100000000005e-05
Epoch: 10 cost time: 1.0462498664855957
Epoch: 10, Steps: 59 | Train Loss: 0.5861448 Vali Loss: 1.4591659 Test Loss: 0.4667364
EarlyStopping counter: 4 out of 100
Updating learning rate to 4.782969000000001e-05
Epoch: 11 cost time: 1.0472171306610107
Epoch: 11, Steps: 59 | Train Loss: 0.5834788 Vali Loss: 1.4635848 Test Loss: 0.4675906
EarlyStopping counter: 5 out of 100
Updating learning rate to 4.304672100000001e-05
Epoch: 12 cost time: 1.0618619918823242
Epoch: 12, Steps: 59 | Train Loss: 0.5815853 Vali Loss: 1.4681957 Test Loss: 0.4668822
EarlyStopping counter: 6 out of 100
Updating learning rate to 3.874204890000001e-05
Epoch: 13 cost time: 1.0489532947540283
Epoch: 13, Steps: 59 | Train Loss: 0.5798764 Vali Loss: 1.4760993 Test Loss: 0.4670669
EarlyStopping counter: 7 out of 100
Updating learning rate to 3.486784401000001e-05
Epoch: 14 cost time: 1.0433309078216553
Epoch: 14, Steps: 59 | Train Loss: 0.5784402 Vali Loss: 1.4757967 Test Loss: 0.4654354
EarlyStopping counter: 8 out of 100
Updating learning rate to 3.138105960900001e-05
Epoch: 15 cost time: 1.0434799194335938
Epoch: 15, Steps: 59 | Train Loss: 0.5765081 Vali Loss: 1.4728116 Test Loss: 0.4666628
EarlyStopping counter: 9 out of 100
Updating learning rate to 2.824295364810001e-05
Epoch: 16 cost time: 1.0480365753173828
Epoch: 16, Steps: 59 | Train Loss: 0.5759883 Vali Loss: 1.4713724 Test Loss: 0.4661347
EarlyStopping counter: 10 out of 100
Updating learning rate to 2.541865828329001e-05
Epoch: 17 cost time: 1.057366132736206
Epoch: 17, Steps: 59 | Train Loss: 0.5752899 Vali Loss: 1.4833968 Test Loss: 0.4658185
EarlyStopping counter: 11 out of 100
Updating learning rate to 2.287679245496101e-05
Epoch: 18 cost time: 1.045356273651123
Epoch: 18, Steps: 59 | Train Loss: 0.5734853 Vali Loss: 1.4777707 Test Loss: 0.4650868
EarlyStopping counter: 12 out of 100
Updating learning rate to 2.0589113209464907e-05
Epoch: 19 cost time: 1.0481634140014648
Epoch: 19, Steps: 59 | Train Loss: 0.5730556 Vali Loss: 1.4796681 Test Loss: 0.4656840
EarlyStopping counter: 13 out of 100
Updating learning rate to 1.8530201888518416e-05
Epoch: 20 cost time: 1.042252540588379
Epoch: 20, Steps: 59 | Train Loss: 0.5719137 Vali Loss: 1.4840372 Test Loss: 0.4662482
EarlyStopping counter: 14 out of 100
Updating learning rate to 1.6677181699666577e-05
Epoch: 21 cost time: 1.0474445819854736
Epoch: 21, Steps: 59 | Train Loss: 0.5716237 Vali Loss: 1.4761975 Test Loss: 0.4664581
EarlyStopping counter: 15 out of 100
Updating learning rate to 1.5009463529699919e-05
Epoch: 22 cost time: 1.0443482398986816
Epoch: 22, Steps: 59 | Train Loss: 0.5710871 Vali Loss: 1.4845808 Test Loss: 0.4668517
EarlyStopping counter: 16 out of 100
Updating learning rate to 1.3508517176729929e-05
Epoch: 23 cost time: 1.0580682754516602
Epoch: 23, Steps: 59 | Train Loss: 0.5705082 Vali Loss: 1.4852747 Test Loss: 0.4663794
EarlyStopping counter: 17 out of 100
Updating learning rate to 1.2157665459056936e-05
Epoch: 24 cost time: 1.0434086322784424
Epoch: 24, Steps: 59 | Train Loss: 0.5692723 Vali Loss: 1.4845953 Test Loss: 0.4669036
EarlyStopping counter: 18 out of 100
Updating learning rate to 1.0941898913151242e-05
Epoch: 25 cost time: 1.0458838939666748
Epoch: 25, Steps: 59 | Train Loss: 0.5686860 Vali Loss: 1.4865985 Test Loss: 0.4668983
EarlyStopping counter: 19 out of 100
Updating learning rate to 9.847709021836118e-06
Epoch: 26 cost time: 1.0448825359344482
Epoch: 26, Steps: 59 | Train Loss: 0.5690247 Vali Loss: 1.4876468 Test Loss: 0.4671280
EarlyStopping counter: 20 out of 100
Updating learning rate to 8.862938119652508e-06
Epoch: 27 cost time: 1.0427117347717285
Epoch: 27, Steps: 59 | Train Loss: 0.5683993 Vali Loss: 1.4861948 Test Loss: 0.4676936
EarlyStopping counter: 21 out of 100
Updating learning rate to 7.976644307687255e-06
Epoch: 28 cost time: 1.046194314956665
Epoch: 28, Steps: 59 | Train Loss: 0.5679208 Vali Loss: 1.4860289 Test Loss: 0.4678839
EarlyStopping counter: 22 out of 100
Updating learning rate to 7.178979876918531e-06
Epoch: 29 cost time: 1.0444397926330566
Epoch: 29, Steps: 59 | Train Loss: 0.5671359 Vali Loss: 1.4861183 Test Loss: 0.4685538
EarlyStopping counter: 23 out of 100
Updating learning rate to 6.4610818892266776e-06
Epoch: 30 cost time: 1.046898365020752
Epoch: 30, Steps: 59 | Train Loss: 0.5676064 Vali Loss: 1.4846084 Test Loss: 0.4688000
EarlyStopping counter: 24 out of 100
Updating learning rate to 5.8149737003040096e-06
Epoch: 31 cost time: 1.0585572719573975
Epoch: 31, Steps: 59 | Train Loss: 0.5665521 Vali Loss: 1.4857782 Test Loss: 0.4697006
EarlyStopping counter: 25 out of 100
Updating learning rate to 5.23347633027361e-06
Epoch: 32 cost time: 1.0458149909973145
Epoch: 32, Steps: 59 | Train Loss: 0.5668562 Vali Loss: 1.4812107 Test Loss: 0.4695090
EarlyStopping counter: 26 out of 100
Updating learning rate to 4.710128697246249e-06
Epoch: 33 cost time: 1.0509307384490967
Epoch: 33, Steps: 59 | Train Loss: 0.5661229 Vali Loss: 1.4817535 Test Loss: 0.4697437
EarlyStopping counter: 27 out of 100
Updating learning rate to 4.239115827521624e-06
Epoch: 34 cost time: 1.042973279953003
Epoch: 34, Steps: 59 | Train Loss: 0.5661745 Vali Loss: 1.4909561 Test Loss: 0.4694689
EarlyStopping counter: 28 out of 100
Updating learning rate to 3.815204244769462e-06
Epoch: 35 cost time: 1.0439023971557617
Epoch: 35, Steps: 59 | Train Loss: 0.5658977 Vali Loss: 1.4846585 Test Loss: 0.4695799
EarlyStopping counter: 29 out of 100
Updating learning rate to 3.4336838202925152e-06
Epoch: 36 cost time: 1.0439388751983643
Epoch: 36, Steps: 59 | Train Loss: 0.5655786 Vali Loss: 1.4868037 Test Loss: 0.4709439
EarlyStopping counter: 30 out of 100
Updating learning rate to 3.090315438263264e-06
Epoch: 37 cost time: 1.0509164333343506
Epoch: 37, Steps: 59 | Train Loss: 0.5651676 Vali Loss: 1.4905157 Test Loss: 0.4711328
EarlyStopping counter: 31 out of 100
Updating learning rate to 2.7812838944369375e-06
Epoch: 38 cost time: 1.0434637069702148
Epoch: 38, Steps: 59 | Train Loss: 0.5652819 Vali Loss: 1.4900301 Test Loss: 0.4704035
EarlyStopping counter: 32 out of 100
Updating learning rate to 2.503155504993244e-06
Epoch: 39 cost time: 1.0449192523956299
Epoch: 39, Steps: 59 | Train Loss: 0.5661386 Vali Loss: 1.4826547 Test Loss: 0.4713084
EarlyStopping counter: 33 out of 100
Updating learning rate to 2.2528399544939195e-06
Epoch: 40 cost time: 1.0568938255310059
Epoch: 40, Steps: 59 | Train Loss: 0.5649607 Vali Loss: 1.4878311 Test Loss: 0.4703353
EarlyStopping counter: 34 out of 100
Updating learning rate to 2.0275559590445276e-06
Epoch: 41 cost time: 1.0486366748809814
Epoch: 41, Steps: 59 | Train Loss: 0.5648393 Vali Loss: 1.4909990 Test Loss: 0.4703796
EarlyStopping counter: 35 out of 100
Updating learning rate to 1.8248003631400751e-06
Epoch: 42 cost time: 1.0453948974609375
Epoch: 42, Steps: 59 | Train Loss: 0.5642395 Vali Loss: 1.4846723 Test Loss: 0.4713261
EarlyStopping counter: 36 out of 100
Updating learning rate to 1.6423203268260676e-06
Epoch: 43 cost time: 1.049234390258789
Epoch: 43, Steps: 59 | Train Loss: 0.5646606 Vali Loss: 1.4886554 Test Loss: 0.4706318
EarlyStopping counter: 37 out of 100
Updating learning rate to 1.4780882941434609e-06
Epoch: 44 cost time: 1.0438380241394043
Epoch: 44, Steps: 59 | Train Loss: 0.5645928 Vali Loss: 1.4905303 Test Loss: 0.4718089
EarlyStopping counter: 38 out of 100
Updating learning rate to 1.3302794647291146e-06
Epoch: 45 cost time: 1.0488593578338623
Epoch: 45, Steps: 59 | Train Loss: 0.5650542 Vali Loss: 1.4886954 Test Loss: 0.4718472
EarlyStopping counter: 39 out of 100
Updating learning rate to 1.1972515182562034e-06
Epoch: 46 cost time: 1.0473763942718506
Epoch: 46, Steps: 59 | Train Loss: 0.5642445 Vali Loss: 1.4904926 Test Loss: 0.4720644
EarlyStopping counter: 40 out of 100
Updating learning rate to 1.077526366430583e-06
Epoch: 47 cost time: 1.0484545230865479
Epoch: 47, Steps: 59 | Train Loss: 0.5647447 Vali Loss: 1.4906313 Test Loss: 0.4708070
EarlyStopping counter: 41 out of 100
Updating learning rate to 9.697737297875248e-07
Epoch: 48 cost time: 1.0485122203826904
Epoch: 48, Steps: 59 | Train Loss: 0.5649132 Vali Loss: 1.4954561 Test Loss: 0.4713477
EarlyStopping counter: 42 out of 100
Updating learning rate to 8.727963568087723e-07
Epoch: 49 cost time: 1.0491042137145996
Epoch: 49, Steps: 59 | Train Loss: 0.5647403 Vali Loss: 1.4948822 Test Loss: 0.4704958
EarlyStopping counter: 43 out of 100
Updating learning rate to 7.855167211278951e-07
Epoch: 50 cost time: 1.0579090118408203
Epoch: 50, Steps: 59 | Train Loss: 0.5647067 Vali Loss: 1.4896004 Test Loss: 0.4713006
EarlyStopping counter: 44 out of 100
Updating learning rate to 7.069650490151056e-07
Epoch: 51 cost time: 1.049858570098877
Epoch: 51, Steps: 59 | Train Loss: 0.5641080 Vali Loss: 1.4949901 Test Loss: 0.4707198
EarlyStopping counter: 45 out of 100
Updating learning rate to 6.36268544113595e-07
Epoch: 52 cost time: 1.0495328903198242
Epoch: 52, Steps: 59 | Train Loss: 0.5642441 Vali Loss: 1.4910104 Test Loss: 0.4707178
EarlyStopping counter: 46 out of 100
Updating learning rate to 5.726416897022355e-07
Epoch: 53 cost time: 1.0633981227874756
Epoch: 53, Steps: 59 | Train Loss: 0.5647907 Vali Loss: 1.4936430 Test Loss: 0.4713149
EarlyStopping counter: 47 out of 100
Updating learning rate to 5.15377520732012e-07
Epoch: 54 cost time: 1.0492372512817383
Epoch: 54, Steps: 59 | Train Loss: 0.5646252 Vali Loss: 1.4877349 Test Loss: 0.4707540
EarlyStopping counter: 48 out of 100
Updating learning rate to 4.6383976865881085e-07
Epoch: 55 cost time: 1.0489583015441895
Epoch: 55, Steps: 59 | Train Loss: 0.5646607 Vali Loss: 1.4884388 Test Loss: 0.4709820
EarlyStopping counter: 49 out of 100
Updating learning rate to 4.174557917929298e-07
Epoch: 56 cost time: 1.048644781112671
Epoch: 56, Steps: 59 | Train Loss: 0.5642943 Vali Loss: 1.4908102 Test Loss: 0.4716973
EarlyStopping counter: 50 out of 100
Updating learning rate to 3.7571021261363677e-07
Epoch: 57 cost time: 1.049548625946045
Epoch: 57, Steps: 59 | Train Loss: 0.5644364 Vali Loss: 1.4902049 Test Loss: 0.4714157
EarlyStopping counter: 51 out of 100
Updating learning rate to 3.381391913522731e-07
Epoch: 58 cost time: 1.0532023906707764
Epoch: 58, Steps: 59 | Train Loss: 0.5641767 Vali Loss: 1.4915435 Test Loss: 0.4718901
EarlyStopping counter: 52 out of 100
Updating learning rate to 3.043252722170458e-07
Epoch: 59 cost time: 1.050276517868042
Epoch: 59, Steps: 59 | Train Loss: 0.5640353 Vali Loss: 1.4885392 Test Loss: 0.4710571
EarlyStopping counter: 53 out of 100
Updating learning rate to 2.7389274499534124e-07
Epoch: 60 cost time: 1.0597076416015625
Epoch: 60, Steps: 59 | Train Loss: 0.5645041 Vali Loss: 1.4907825 Test Loss: 0.4724458
EarlyStopping counter: 54 out of 100
Updating learning rate to 2.465034704958071e-07
Epoch: 61 cost time: 1.0504343509674072
Epoch: 61, Steps: 59 | Train Loss: 0.5642632 Vali Loss: 1.4867765 Test Loss: 0.4710253
EarlyStopping counter: 55 out of 100
Updating learning rate to 2.218531234462264e-07
Epoch: 62 cost time: 1.0503113269805908
Epoch: 62, Steps: 59 | Train Loss: 0.5642649 Vali Loss: 1.4946277 Test Loss: 0.4710653
EarlyStopping counter: 56 out of 100
Updating learning rate to 1.9966781110160376e-07
Epoch: 63 cost time: 1.0539839267730713
Epoch: 63, Steps: 59 | Train Loss: 0.5643007 Vali Loss: 1.4872227 Test Loss: 0.4715957
EarlyStopping counter: 57 out of 100
Updating learning rate to 1.797010299914434e-07
Epoch: 64 cost time: 1.0546226501464844
Epoch: 64, Steps: 59 | Train Loss: 0.5637846 Vali Loss: 1.4935390 Test Loss: 0.4711499
EarlyStopping counter: 58 out of 100
Updating learning rate to 1.6173092699229907e-07
Epoch: 65 cost time: 1.0516166687011719
Epoch: 65, Steps: 59 | Train Loss: 0.5646934 Vali Loss: 1.4948378 Test Loss: 0.4712449
EarlyStopping counter: 59 out of 100
Updating learning rate to 1.4555783429306916e-07
Epoch: 66 cost time: 1.0543746948242188
Epoch: 66, Steps: 59 | Train Loss: 0.5641999 Vali Loss: 1.4889131 Test Loss: 0.4711885
EarlyStopping counter: 60 out of 100
Updating learning rate to 1.3100205086376224e-07
Epoch: 67 cost time: 1.0544660091400146
Epoch: 67, Steps: 59 | Train Loss: 0.5641472 Vali Loss: 1.4915113 Test Loss: 0.4712771
EarlyStopping counter: 61 out of 100
Updating learning rate to 1.1790184577738603e-07
Epoch: 68 cost time: 1.0496127605438232
Epoch: 68, Steps: 59 | Train Loss: 0.5640295 Vali Loss: 1.4953692 Test Loss: 0.4721501
EarlyStopping counter: 62 out of 100
Updating learning rate to 1.0611166119964742e-07
Epoch: 69 cost time: 1.0518672466278076
Epoch: 69, Steps: 59 | Train Loss: 0.5641125 Vali Loss: 1.4950883 Test Loss: 0.4718159
EarlyStopping counter: 63 out of 100
Updating learning rate to 9.550049507968268e-08
Epoch: 70 cost time: 1.075298547744751
Epoch: 70, Steps: 59 | Train Loss: 0.5637679 Vali Loss: 1.4924672 Test Loss: 0.4724859
EarlyStopping counter: 64 out of 100
Updating learning rate to 8.595044557171442e-08
Epoch: 71 cost time: 1.051819086074829
Epoch: 71, Steps: 59 | Train Loss: 0.5645424 Vali Loss: 1.4954330 Test Loss: 0.4721160
EarlyStopping counter: 65 out of 100
Updating learning rate to 7.735540101454298e-08
Epoch: 72 cost time: 1.0516881942749023
Epoch: 72, Steps: 59 | Train Loss: 0.5638104 Vali Loss: 1.4908047 Test Loss: 0.4715853
EarlyStopping counter: 66 out of 100
Updating learning rate to 6.961986091308869e-08
Epoch: 73 cost time: 1.0520312786102295
Epoch: 73, Steps: 59 | Train Loss: 0.5642638 Vali Loss: 1.4931300 Test Loss: 0.4708883
EarlyStopping counter: 67 out of 100
Updating learning rate to 6.265787482177981e-08
Epoch: 74 cost time: 1.0554280281066895
Epoch: 74, Steps: 59 | Train Loss: 0.5636713 Vali Loss: 1.4885875 Test Loss: 0.4725531
EarlyStopping counter: 68 out of 100
Updating learning rate to 5.639208733960184e-08
Epoch: 75 cost time: 1.0525646209716797
Epoch: 75, Steps: 59 | Train Loss: 0.5645121 Vali Loss: 1.4957908 Test Loss: 0.4721791
EarlyStopping counter: 69 out of 100
Updating learning rate to 5.075287860564165e-08
Epoch: 76 cost time: 1.0518741607666016
Epoch: 76, Steps: 59 | Train Loss: 0.5643988 Vali Loss: 1.4948545 Test Loss: 0.4714539
EarlyStopping counter: 70 out of 100
Updating learning rate to 4.567759074507749e-08
Epoch: 77 cost time: 1.0519695281982422
Epoch: 77, Steps: 59 | Train Loss: 0.5643605 Vali Loss: 1.4859331 Test Loss: 0.4725985
EarlyStopping counter: 71 out of 100
Updating learning rate to 4.1109831670569744e-08
Epoch: 78 cost time: 1.0531549453735352
Epoch: 78, Steps: 59 | Train Loss: 0.5649918 Vali Loss: 1.4950984 Test Loss: 0.4715520
EarlyStopping counter: 72 out of 100
Updating learning rate to 3.6998848503512764e-08
Epoch: 79 cost time: 1.0527784824371338
Epoch: 79, Steps: 59 | Train Loss: 0.5642922 Vali Loss: 1.4875119 Test Loss: 0.4715561
EarlyStopping counter: 73 out of 100
Updating learning rate to 3.3298963653161496e-08
Epoch: 80 cost time: 1.063732624053955
Epoch: 80, Steps: 59 | Train Loss: 0.5646570 Vali Loss: 1.4960155 Test Loss: 0.4705752
EarlyStopping counter: 74 out of 100
Updating learning rate to 2.996906728784534e-08
Epoch: 81 cost time: 1.051598072052002
Epoch: 81, Steps: 59 | Train Loss: 0.5647116 Vali Loss: 1.4944880 Test Loss: 0.4728454
EarlyStopping counter: 75 out of 100
Updating learning rate to 2.697216055906081e-08
Epoch: 82 cost time: 1.0556762218475342
Epoch: 82, Steps: 59 | Train Loss: 0.5642878 Vali Loss: 1.4926472 Test Loss: 0.4726777
EarlyStopping counter: 76 out of 100
Updating learning rate to 2.427494450315473e-08
Epoch: 83 cost time: 1.0569639205932617
Epoch: 83, Steps: 59 | Train Loss: 0.5642223 Vali Loss: 1.4944026 Test Loss: 0.4718704
EarlyStopping counter: 77 out of 100
Updating learning rate to 2.1847450052839257e-08
Epoch: 84 cost time: 1.0573761463165283
Epoch: 84, Steps: 59 | Train Loss: 0.5646362 Vali Loss: 1.4974692 Test Loss: 0.4713035
EarlyStopping counter: 78 out of 100
Updating learning rate to 1.9662705047555332e-08
Epoch: 85 cost time: 1.0533952713012695
Epoch: 85, Steps: 59 | Train Loss: 0.5638723 Vali Loss: 1.4895265 Test Loss: 0.4713434
EarlyStopping counter: 79 out of 100
Updating learning rate to 1.7696434542799797e-08
Epoch: 86 cost time: 1.0545690059661865
Epoch: 86, Steps: 59 | Train Loss: 0.5647800 Vali Loss: 1.4881098 Test Loss: 0.4711929
EarlyStopping counter: 80 out of 100
Updating learning rate to 1.5926791088519817e-08
Epoch: 87 cost time: 1.0457656383514404
Epoch: 87, Steps: 59 | Train Loss: 0.5641661 Vali Loss: 1.4893429 Test Loss: 0.4727327
EarlyStopping counter: 81 out of 100
Updating learning rate to 1.4334111979667836e-08
Epoch: 88 cost time: 1.0430858135223389
Epoch: 88, Steps: 59 | Train Loss: 0.5634260 Vali Loss: 1.4936935 Test Loss: 0.4716589
EarlyStopping counter: 82 out of 100
Updating learning rate to 1.2900700781701054e-08
Epoch: 89 cost time: 1.043647289276123
Epoch: 89, Steps: 59 | Train Loss: 0.5633711 Vali Loss: 1.4896817 Test Loss: 0.4723098
EarlyStopping counter: 83 out of 100
Updating learning rate to 1.161063070353095e-08
Epoch: 90 cost time: 1.0499718189239502
Epoch: 90, Steps: 59 | Train Loss: 0.5639345 Vali Loss: 1.4907230 Test Loss: 0.4722921
EarlyStopping counter: 84 out of 100
Updating learning rate to 1.0449567633177854e-08
Epoch: 91 cost time: 1.0577783584594727
Epoch: 91, Steps: 59 | Train Loss: 0.5643167 Vali Loss: 1.4901634 Test Loss: 0.4714126
EarlyStopping counter: 85 out of 100
Updating learning rate to 9.404610869860069e-09
Epoch: 92 cost time: 1.045461893081665
Epoch: 92, Steps: 59 | Train Loss: 0.5646121 Vali Loss: 1.4991387 Test Loss: 0.4721544
EarlyStopping counter: 86 out of 100
Updating learning rate to 8.464149782874063e-09
Epoch: 93 cost time: 1.0454905033111572
Epoch: 93, Steps: 59 | Train Loss: 0.5648429 Vali Loss: 1.4856340 Test Loss: 0.4709279
EarlyStopping counter: 87 out of 100
Updating learning rate to 7.617734804586658e-09
Epoch: 94 cost time: 1.0481910705566406
Epoch: 94, Steps: 59 | Train Loss: 0.5643093 Vali Loss: 1.4952786 Test Loss: 0.4721838
EarlyStopping counter: 88 out of 100
Updating learning rate to 6.855961324127991e-09
Epoch: 95 cost time: 1.0468699932098389
Epoch: 95, Steps: 59 | Train Loss: 0.5640309 Vali Loss: 1.4954576 Test Loss: 0.4728172
EarlyStopping counter: 89 out of 100
Updating learning rate to 6.170365191715193e-09
Epoch: 96 cost time: 1.0461785793304443
Epoch: 96, Steps: 59 | Train Loss: 0.5648029 Vali Loss: 1.4923108 Test Loss: 0.4711314
EarlyStopping counter: 90 out of 100
Updating learning rate to 5.5533286725436726e-09
Epoch: 97 cost time: 1.0465199947357178
Epoch: 97, Steps: 59 | Train Loss: 0.5647027 Vali Loss: 1.4904234 Test Loss: 0.4713698
EarlyStopping counter: 91 out of 100
Updating learning rate to 4.997995805289306e-09
Epoch: 98 cost time: 1.0567049980163574
Epoch: 98, Steps: 59 | Train Loss: 0.5637866 Vali Loss: 1.4923303 Test Loss: 0.4701182
EarlyStopping counter: 92 out of 100
Updating learning rate to 4.498196224760375e-09
Epoch: 99 cost time: 1.0470614433288574
Epoch: 99, Steps: 59 | Train Loss: 0.5643811 Vali Loss: 1.4889170 Test Loss: 0.4719408
EarlyStopping counter: 93 out of 100
Updating learning rate to 4.048376602284338e-09
Epoch: 100 cost time: 1.0489609241485596
Epoch: 100, Steps: 59 | Train Loss: 0.5639086 Vali Loss: 1.4891438 Test Loss: 0.4716509
EarlyStopping counter: 94 out of 100
Updating learning rate to 3.643538942055904e-09
>>>>>>>testing : Flatten_etth1_336_720_PatchTST_ETTh1_ftM_sl336_ll48_pl720_dm16_nh4_el3_dl1_df128_fc1_ebtimeF_dtTrue_Exp_0<<<<<<<<<<<<<<<<<<<<<<<<<<<<<<<<<
test 2161
mse:0.44883859157562256, mae:0.46564850211143494, rse:0.6434725522994995
