==========================================================
Lanzando Experimento: Flatten_etth2 | Dataset: etth2
==========================================================
Args in experiment:
Namespace(random_seed=2021, is_training=1, model_id='Flatten_etth2_336_96', model='PatchTST', data='ETTh2', root_path='./dataset/', data_path='ETTh2.csv', features='M', target='OT', freq='h', checkpoints='./checkpoints/', seq_len=336, label_len=48, pred_len=96, head_type='flatten', fc_dropout=0.3, head_dropout=0.0, patch_len=16, stride=8, padding_patch='end', revin=1, affine=0, subtract_last=0, decomposition=0, kernel_size=25, individual=0, embed_type=0, enc_in=7, dec_in=7, c_out=7, d_model=16, n_heads=4, e_layers=3, d_layers=1, d_ff=128, moving_avg=25, factor=1, distil=True, dropout=0.3, embed='timeF', activation='gelu', output_attention=False, do_predict=False, num_workers=0, itr=1, train_epochs=100, batch_size=128, patience=100, learning_rate=0.0001, des='Exp', loss='mse', lradj='type3', pct_start=0.3, use_amp=False, use_gpu=True, gpu=0, use_multi_gpu=False, devices='0,1,2,3', test_flop=False)
Use GPU: cuda:0
>>>>>>>start training : Flatten_etth2_336_96_PatchTST_ETTh2_ftM_sl336_ll48_pl96_dm16_nh4_el3_dl1_df128_fc1_ebtimeF_dtTrue_Exp_0>>>>>>>>>>>>>>>>>>>>>>>>>>
train 8209
val 2785
test 2785
Epoch: 1 cost time: 3.060091018676758
Epoch: 1, Steps: 64 | Train Loss: 0.6764408 Vali Loss: 0.3608013 Test Loss: 0.4048262
Validation loss decreased (inf --> 0.360801).  Saving model ...
Updating learning rate to 0.0001
Epoch: 2 cost time: 1.0618598461151123
Epoch: 2, Steps: 64 | Train Loss: 0.5843387 Vali Loss: 0.2609796 Test Loss: 0.3278667
Validation loss decreased (0.360801 --> 0.260980).  Saving model ...
Updating learning rate to 0.0001
Epoch: 3 cost time: 1.0687718391418457
Epoch: 3, Steps: 64 | Train Loss: 0.4992931 Vali Loss: 0.2372803 Test Loss: 0.2989501
Validation loss decreased (0.260980 --> 0.237280).  Saving model ...
Updating learning rate to 0.0001
Epoch: 4 cost time: 1.083221673965454
Epoch: 4, Steps: 64 | Train Loss: 0.4619739 Vali Loss: 0.2230250 Test Loss: 0.2888908
Validation loss decreased (0.237280 --> 0.223025).  Saving model ...
Updating learning rate to 9e-05
Epoch: 5 cost time: 1.077805519104004
Epoch: 5, Steps: 64 | Train Loss: 0.4416890 Vali Loss: 0.2172387 Test Loss: 0.2828650
Validation loss decreased (0.223025 --> 0.217239).  Saving model ...
Updating learning rate to 8.1e-05
Epoch: 6 cost time: 1.0786457061767578
Epoch: 6, Steps: 64 | Train Loss: 0.4319174 Vali Loss: 0.2149619 Test Loss: 0.2812723
Validation loss decreased (0.217239 --> 0.214962).  Saving model ...
Updating learning rate to 7.290000000000001e-05
Epoch: 7 cost time: 1.0624489784240723
Epoch: 7, Steps: 64 | Train Loss: 0.4246107 Vali Loss: 0.2146249 Test Loss: 0.2784936
Validation loss decreased (0.214962 --> 0.214625).  Saving model ...
Updating learning rate to 6.561e-05
Epoch: 8 cost time: 1.0723295211791992
Epoch: 8, Steps: 64 | Train Loss: 0.4212809 Vali Loss: 0.2132264 Test Loss: 0.2776652
Validation loss decreased (0.214625 --> 0.213226).  Saving model ...
Updating learning rate to 5.904900000000001e-05
Epoch: 9 cost time: 1.077336311340332
Epoch: 9, Steps: 64 | Train Loss: 0.4191045 Vali Loss: 0.2126769 Test Loss: 0.2770311
Validation loss decreased (0.213226 --> 0.212677).  Saving model ...
Updating learning rate to 5.3144100000000005e-05
Epoch: 10 cost time: 1.1809287071228027
Epoch: 10, Steps: 64 | Train Loss: 0.4161628 Vali Loss: 0.2112882 Test Loss: 0.2766553
Validation loss decreased (0.212677 --> 0.211288).  Saving model ...
Updating learning rate to 4.782969000000001e-05
Epoch: 11 cost time: 1.0915071964263916
Epoch: 11, Steps: 64 | Train Loss: 0.4152293 Vali Loss: 0.2120942 Test Loss: 0.2759199
EarlyStopping counter: 1 out of 100
Updating learning rate to 4.304672100000001e-05
Epoch: 12 cost time: 1.0764176845550537
Epoch: 12, Steps: 64 | Train Loss: 0.4142477 Vali Loss: 0.2103678 Test Loss: 0.2760195
Validation loss decreased (0.211288 --> 0.210368).  Saving model ...
Updating learning rate to 3.874204890000001e-05
Epoch: 13 cost time: 1.2054028511047363
Epoch: 13, Steps: 64 | Train Loss: 0.4137928 Vali Loss: 0.2106889 Test Loss: 0.2753373
EarlyStopping counter: 1 out of 100
Updating learning rate to 3.486784401000001e-05
Epoch: 14 cost time: 1.0749070644378662
Epoch: 14, Steps: 64 | Train Loss: 0.4116748 Vali Loss: 0.2098591 Test Loss: 0.2756304
Validation loss decreased (0.210368 --> 0.209859).  Saving model ...
Updating learning rate to 3.138105960900001e-05
Epoch: 15 cost time: 1.1860270500183105
Epoch: 15, Steps: 64 | Train Loss: 0.4106101 Vali Loss: 0.2110066 Test Loss: 0.2750797
EarlyStopping counter: 1 out of 100
Updating learning rate to 2.824295364810001e-05
Epoch: 16 cost time: 1.0962920188903809
Epoch: 16, Steps: 64 | Train Loss: 0.4109543 Vali Loss: 0.2106557 Test Loss: 0.2749863
EarlyStopping counter: 2 out of 100
Updating learning rate to 2.541865828329001e-05
Epoch: 17 cost time: 1.1291399002075195
Epoch: 17, Steps: 64 | Train Loss: 0.4092534 Vali Loss: 0.2104224 Test Loss: 0.2749985
EarlyStopping counter: 3 out of 100
Updating learning rate to 2.287679245496101e-05
Epoch: 18 cost time: 1.1221652030944824
Epoch: 18, Steps: 64 | Train Loss: 0.4089582 Vali Loss: 0.2104418 Test Loss: 0.2746785
EarlyStopping counter: 4 out of 100
Updating learning rate to 2.0589113209464907e-05
Epoch: 19 cost time: 1.1329357624053955
Epoch: 19, Steps: 64 | Train Loss: 0.4089406 Vali Loss: 0.2113927 Test Loss: 0.2746307
EarlyStopping counter: 5 out of 100
Updating learning rate to 1.8530201888518416e-05
Epoch: 20 cost time: 1.121063470840454
Epoch: 20, Steps: 64 | Train Loss: 0.4076973 Vali Loss: 0.2091176 Test Loss: 0.2747981
Validation loss decreased (0.209859 --> 0.209118).  Saving model ...
Updating learning rate to 1.6677181699666577e-05
Epoch: 21 cost time: 1.1202976703643799
Epoch: 21, Steps: 64 | Train Loss: 0.4076884 Vali Loss: 0.2115938 Test Loss: 0.2743158
EarlyStopping counter: 1 out of 100
Updating learning rate to 1.5009463529699919e-05
Epoch: 22 cost time: 1.1198973655700684
Epoch: 22, Steps: 64 | Train Loss: 0.4084227 Vali Loss: 0.2102037 Test Loss: 0.2744592
EarlyStopping counter: 2 out of 100
Updating learning rate to 1.3508517176729929e-05
Epoch: 23 cost time: 1.1271722316741943
Epoch: 23, Steps: 64 | Train Loss: 0.4066076 Vali Loss: 0.2098440 Test Loss: 0.2744013
EarlyStopping counter: 3 out of 100
Updating learning rate to 1.2157665459056936e-05
Epoch: 24 cost time: 1.12764310836792
Epoch: 24, Steps: 64 | Train Loss: 0.4068300 Vali Loss: 0.2096412 Test Loss: 0.2744279
EarlyStopping counter: 4 out of 100
Updating learning rate to 1.0941898913151242e-05
Epoch: 25 cost time: 1.1271605491638184
Epoch: 25, Steps: 64 | Train Loss: 0.4075681 Vali Loss: 0.2106263 Test Loss: 0.2743760
EarlyStopping counter: 5 out of 100
Updating learning rate to 9.847709021836118e-06
Epoch: 26 cost time: 1.2248284816741943
Epoch: 26, Steps: 64 | Train Loss: 0.4065063 Vali Loss: 0.2101549 Test Loss: 0.2743227
EarlyStopping counter: 6 out of 100
Updating learning rate to 8.862938119652508e-06
Epoch: 27 cost time: 1.4076955318450928
Epoch: 27, Steps: 64 | Train Loss: 0.4069565 Vali Loss: 0.2100815 Test Loss: 0.2742755
EarlyStopping counter: 7 out of 100
Updating learning rate to 7.976644307687255e-06
Epoch: 28 cost time: 1.1378657817840576
Epoch: 28, Steps: 64 | Train Loss: 0.4055081 Vali Loss: 0.2104387 Test Loss: 0.2742639
EarlyStopping counter: 8 out of 100
Updating learning rate to 7.178979876918531e-06
Epoch: 29 cost time: 1.1400022506713867
Epoch: 29, Steps: 64 | Train Loss: 0.4066226 Vali Loss: 0.2109252 Test Loss: 0.2741795
EarlyStopping counter: 9 out of 100
Updating learning rate to 6.4610818892266776e-06
Epoch: 30 cost time: 1.1535117626190186
Epoch: 30, Steps: 64 | Train Loss: 0.4063252 Vali Loss: 0.2107431 Test Loss: 0.2741134
EarlyStopping counter: 10 out of 100
Updating learning rate to 5.8149737003040096e-06
Epoch: 31 cost time: 1.2104160785675049
Epoch: 31, Steps: 64 | Train Loss: 0.4063233 Vali Loss: 0.2089714 Test Loss: 0.2742088
Validation loss decreased (0.209118 --> 0.208971).  Saving model ...
Updating learning rate to 5.23347633027361e-06
Epoch: 32 cost time: 1.1576519012451172
Epoch: 32, Steps: 64 | Train Loss: 0.4053031 Vali Loss: 0.2111518 Test Loss: 0.2740628
EarlyStopping counter: 1 out of 100
Updating learning rate to 4.710128697246249e-06
Epoch: 33 cost time: 1.1448254585266113
Epoch: 33, Steps: 64 | Train Loss: 0.4035783 Vali Loss: 0.2110395 Test Loss: 0.2740812
EarlyStopping counter: 2 out of 100
Updating learning rate to 4.239115827521624e-06
Epoch: 34 cost time: 1.129220724105835
Epoch: 34, Steps: 64 | Train Loss: 0.4057619 Vali Loss: 0.2102372 Test Loss: 0.2741454
EarlyStopping counter: 3 out of 100
Updating learning rate to 3.815204244769462e-06
Epoch: 35 cost time: 1.464402437210083
Epoch: 35, Steps: 64 | Train Loss: 0.4054626 Vali Loss: 0.2101153 Test Loss: 0.2741629
EarlyStopping counter: 4 out of 100
Updating learning rate to 3.4336838202925152e-06
Epoch: 36 cost time: 1.2411608695983887
Epoch: 36, Steps: 64 | Train Loss: 0.4058154 Vali Loss: 0.2103793 Test Loss: 0.2741053
EarlyStopping counter: 5 out of 100
Updating learning rate to 3.090315438263264e-06
Epoch: 37 cost time: 1.244114875793457
Epoch: 37, Steps: 64 | Train Loss: 0.4047018 Vali Loss: 0.2106559 Test Loss: 0.2741382
EarlyStopping counter: 6 out of 100
Updating learning rate to 2.7812838944369375e-06
Epoch: 38 cost time: 1.2565968036651611
Epoch: 38, Steps: 64 | Train Loss: 0.4054311 Vali Loss: 0.2107287 Test Loss: 0.2741968
EarlyStopping counter: 7 out of 100
Updating learning rate to 2.503155504993244e-06
Epoch: 39 cost time: 1.2553637027740479
Epoch: 39, Steps: 64 | Train Loss: 0.4052268 Vali Loss: 0.2106847 Test Loss: 0.2741102
EarlyStopping counter: 8 out of 100
Updating learning rate to 2.2528399544939195e-06
Epoch: 40 cost time: 1.2389123439788818
Epoch: 40, Steps: 64 | Train Loss: 0.4055114 Vali Loss: 0.2100621 Test Loss: 0.2741669
EarlyStopping counter: 9 out of 100
Updating learning rate to 2.0275559590445276e-06
Epoch: 41 cost time: 1.294006109237671
Epoch: 41, Steps: 64 | Train Loss: 0.4059853 Vali Loss: 0.2091371 Test Loss: 0.2741690
EarlyStopping counter: 10 out of 100
Updating learning rate to 1.8248003631400751e-06
Epoch: 42 cost time: 1.2413489818572998
Epoch: 42, Steps: 64 | Train Loss: 0.4050582 Vali Loss: 0.2100342 Test Loss: 0.2740635
EarlyStopping counter: 11 out of 100
Updating learning rate to 1.6423203268260676e-06
Epoch: 43 cost time: 1.246424913406372
Epoch: 43, Steps: 64 | Train Loss: 0.4039249 Vali Loss: 0.2099574 Test Loss: 0.2741092
EarlyStopping counter: 12 out of 100
Updating learning rate to 1.4780882941434609e-06
Epoch: 44 cost time: 1.3098444938659668
Epoch: 44, Steps: 64 | Train Loss: 0.4041477 Vali Loss: 0.2097483 Test Loss: 0.2740948
EarlyStopping counter: 13 out of 100
Updating learning rate to 1.3302794647291146e-06
Epoch: 45 cost time: 1.304957628250122
Epoch: 45, Steps: 64 | Train Loss: 0.4039211 Vali Loss: 0.2097599 Test Loss: 0.2741494
EarlyStopping counter: 14 out of 100
Updating learning rate to 1.1972515182562034e-06
Epoch: 46 cost time: 1.2488987445831299
Epoch: 46, Steps: 64 | Train Loss: 0.4046527 Vali Loss: 0.2102107 Test Loss: 0.2740834
EarlyStopping counter: 15 out of 100
Updating learning rate to 1.077526366430583e-06
Epoch: 47 cost time: 1.2974638938903809
Epoch: 47, Steps: 64 | Train Loss: 0.4060365 Vali Loss: 0.2098695 Test Loss: 0.2741520
EarlyStopping counter: 16 out of 100
Updating learning rate to 9.697737297875248e-07
Epoch: 48 cost time: 1.276111125946045
Epoch: 48, Steps: 64 | Train Loss: 0.4052311 Vali Loss: 0.2101366 Test Loss: 0.2740814
EarlyStopping counter: 17 out of 100
Updating learning rate to 8.727963568087723e-07
Epoch: 49 cost time: 1.2760469913482666
Epoch: 49, Steps: 64 | Train Loss: 0.4044542 Vali Loss: 0.2097122 Test Loss: 0.2740883
EarlyStopping counter: 18 out of 100
Updating learning rate to 7.855167211278951e-07
Epoch: 50 cost time: 1.2465550899505615
Epoch: 50, Steps: 64 | Train Loss: 0.4044053 Vali Loss: 0.2092632 Test Loss: 0.2741163
EarlyStopping counter: 19 out of 100
Updating learning rate to 7.069650490151056e-07
Epoch: 51 cost time: 1.2617456912994385
Epoch: 51, Steps: 64 | Train Loss: 0.4048443 Vali Loss: 0.2099498 Test Loss: 0.2741215
EarlyStopping counter: 20 out of 100
Updating learning rate to 6.36268544113595e-07
Epoch: 52 cost time: 1.3267958164215088
Epoch: 52, Steps: 64 | Train Loss: 0.4048088 Vali Loss: 0.2096858 Test Loss: 0.2741039
EarlyStopping counter: 21 out of 100
Updating learning rate to 5.726416897022355e-07
Epoch: 53 cost time: 1.3600282669067383
Epoch: 53, Steps: 64 | Train Loss: 0.4035249 Vali Loss: 0.2108169 Test Loss: 0.2740342
EarlyStopping counter: 22 out of 100
Updating learning rate to 5.15377520732012e-07
Epoch: 54 cost time: 1.4833197593688965
Epoch: 54, Steps: 64 | Train Loss: 0.4039392 Vali Loss: 0.2096342 Test Loss: 0.2740968
EarlyStopping counter: 23 out of 100
Updating learning rate to 4.6383976865881085e-07
Epoch: 55 cost time: 1.5660841464996338
Epoch: 55, Steps: 64 | Train Loss: 0.4051438 Vali Loss: 0.2102082 Test Loss: 0.2740673
EarlyStopping counter: 24 out of 100
Updating learning rate to 4.174557917929298e-07
Epoch: 56 cost time: 1.5617702007293701
Epoch: 56, Steps: 64 | Train Loss: 0.4036222 Vali Loss: 0.2101672 Test Loss: 0.2741434
EarlyStopping counter: 25 out of 100
Updating learning rate to 3.7571021261363677e-07
Epoch: 57 cost time: 1.5508201122283936
Epoch: 57, Steps: 64 | Train Loss: 0.4044646 Vali Loss: 0.2100023 Test Loss: 0.2741336
EarlyStopping counter: 26 out of 100
Updating learning rate to 3.381391913522731e-07
Epoch: 58 cost time: 1.5493855476379395
Epoch: 58, Steps: 64 | Train Loss: 0.4018029 Vali Loss: 0.2098031 Test Loss: 0.2740822
EarlyStopping counter: 27 out of 100
Updating learning rate to 3.043252722170458e-07
Epoch: 59 cost time: 1.217033863067627
Epoch: 59, Steps: 64 | Train Loss: 0.4045411 Vali Loss: 0.2096642 Test Loss: 0.2741518
EarlyStopping counter: 28 out of 100
Updating learning rate to 2.7389274499534124e-07
Epoch: 60 cost time: 1.2171437740325928
Epoch: 60, Steps: 64 | Train Loss: 0.4046391 Vali Loss: 0.2099776 Test Loss: 0.2740978
EarlyStopping counter: 29 out of 100
Updating learning rate to 2.465034704958071e-07
Epoch: 61 cost time: 1.2254228591918945
Epoch: 61, Steps: 64 | Train Loss: 0.4044183 Vali Loss: 0.2092769 Test Loss: 0.2740639
EarlyStopping counter: 30 out of 100
Updating learning rate to 2.218531234462264e-07
Epoch: 62 cost time: 1.6239163875579834
Epoch: 62, Steps: 64 | Train Loss: 0.4048331 Vali Loss: 0.2099882 Test Loss: 0.2740788
EarlyStopping counter: 31 out of 100
Updating learning rate to 1.9966781110160376e-07
Epoch: 63 cost time: 1.8343696594238281
Epoch: 63, Steps: 64 | Train Loss: 0.4051232 Vali Loss: 0.2100112 Test Loss: 0.2739671
EarlyStopping counter: 32 out of 100
Updating learning rate to 1.797010299914434e-07
Epoch: 64 cost time: 1.5863068103790283
Epoch: 64, Steps: 64 | Train Loss: 0.4048118 Vali Loss: 0.2100483 Test Loss: 0.2740993
EarlyStopping counter: 33 out of 100
Updating learning rate to 1.6173092699229907e-07
Epoch: 65 cost time: 1.8182811737060547
Epoch: 65, Steps: 64 | Train Loss: 0.4053284 Vali Loss: 0.2094021 Test Loss: 0.2740279
EarlyStopping counter: 34 out of 100
Updating learning rate to 1.4555783429306916e-07
Epoch: 66 cost time: 1.2512938976287842
Epoch: 66, Steps: 64 | Train Loss: 0.4045256 Vali Loss: 0.2104907 Test Loss: 0.2741018
EarlyStopping counter: 35 out of 100
Updating learning rate to 1.3100205086376224e-07
Epoch: 67 cost time: 1.254983901977539
Epoch: 67, Steps: 64 | Train Loss: 0.4057454 Vali Loss: 0.2105434 Test Loss: 0.2740327
EarlyStopping counter: 36 out of 100
Updating learning rate to 1.1790184577738603e-07
Epoch: 68 cost time: 1.257188081741333
Epoch: 68, Steps: 64 | Train Loss: 0.4051569 Vali Loss: 0.2098627 Test Loss: 0.2740652
EarlyStopping counter: 37 out of 100
Updating learning rate to 1.0611166119964742e-07
Epoch: 69 cost time: 1.2622933387756348
Epoch: 69, Steps: 64 | Train Loss: 0.4051526 Vali Loss: 0.2095325 Test Loss: 0.2741217
EarlyStopping counter: 38 out of 100
Updating learning rate to 9.550049507968268e-08
Epoch: 70 cost time: 1.7058939933776855
Epoch: 70, Steps: 64 | Train Loss: 0.4047026 Vali Loss: 0.2104956 Test Loss: 0.2741180
EarlyStopping counter: 39 out of 100
Updating learning rate to 8.595044557171442e-08
Epoch: 71 cost time: 1.6465668678283691
Epoch: 71, Steps: 64 | Train Loss: 0.4049397 Vali Loss: 0.2103414 Test Loss: 0.2739790
EarlyStopping counter: 40 out of 100
Updating learning rate to 7.735540101454298e-08
Epoch: 72 cost time: 1.478766918182373
Epoch: 72, Steps: 64 | Train Loss: 0.4042690 Vali Loss: 0.2099562 Test Loss: 0.2740776
EarlyStopping counter: 41 out of 100
Updating learning rate to 6.961986091308869e-08
Epoch: 73 cost time: 1.2658743858337402
Epoch: 73, Steps: 64 | Train Loss: 0.4049405 Vali Loss: 0.2102715 Test Loss: 0.2740830
EarlyStopping counter: 42 out of 100
Updating learning rate to 6.265787482177981e-08
Epoch: 74 cost time: 1.2758452892303467
Epoch: 74, Steps: 64 | Train Loss: 0.4042416 Vali Loss: 0.2096422 Test Loss: 0.2741340
EarlyStopping counter: 43 out of 100
Updating learning rate to 5.639208733960184e-08
Epoch: 75 cost time: 2.110124111175537
Epoch: 75, Steps: 64 | Train Loss: 0.4046258 Vali Loss: 0.2106304 Test Loss: 0.2741575
EarlyStopping counter: 44 out of 100
Updating learning rate to 5.075287860564165e-08
Epoch: 76 cost time: 1.1869208812713623
Epoch: 76, Steps: 64 | Train Loss: 0.4034760 Vali Loss: 0.2101810 Test Loss: 0.2740731
EarlyStopping counter: 45 out of 100
Updating learning rate to 4.567759074507749e-08
Epoch: 77 cost time: 1.4079205989837646
Epoch: 77, Steps: 64 | Train Loss: 0.4040812 Vali Loss: 0.2097672 Test Loss: 0.2740593
EarlyStopping counter: 46 out of 100
Updating learning rate to 4.1109831670569744e-08
Epoch: 78 cost time: 1.4086582660675049
Epoch: 78, Steps: 64 | Train Loss: 0.4038701 Vali Loss: 0.2092353 Test Loss: 0.2740836
EarlyStopping counter: 47 out of 100
Updating learning rate to 3.6998848503512764e-08
Epoch: 79 cost time: 1.4076340198516846
Epoch: 79, Steps: 64 | Train Loss: 0.4046302 Vali Loss: 0.2104982 Test Loss: 0.2741501
EarlyStopping counter: 48 out of 100
Updating learning rate to 3.3298963653161496e-08
Epoch: 80 cost time: 1.4112451076507568
Epoch: 80, Steps: 64 | Train Loss: 0.4054318 Vali Loss: 0.2089864 Test Loss: 0.2741091
EarlyStopping counter: 49 out of 100
Updating learning rate to 2.996906728784534e-08
Epoch: 81 cost time: 1.4143247604370117
Epoch: 81, Steps: 64 | Train Loss: 0.4040114 Vali Loss: 0.2098267 Test Loss: 0.2741125
EarlyStopping counter: 50 out of 100
Updating learning rate to 2.697216055906081e-08
Epoch: 82 cost time: 1.4032974243164062
Epoch: 82, Steps: 64 | Train Loss: 0.4048416 Vali Loss: 0.2094615 Test Loss: 0.2740977
EarlyStopping counter: 51 out of 100
Updating learning rate to 2.427494450315473e-08
Epoch: 83 cost time: 1.4658842086791992
Epoch: 83, Steps: 64 | Train Loss: 0.4055903 Vali Loss: 0.2095800 Test Loss: 0.2740692
EarlyStopping counter: 52 out of 100
Updating learning rate to 2.1847450052839257e-08
Epoch: 84 cost time: 1.3926022052764893
Epoch: 84, Steps: 64 | Train Loss: 0.4043192 Vali Loss: 0.2098882 Test Loss: 0.2741049
EarlyStopping counter: 53 out of 100
Updating learning rate to 1.9662705047555332e-08
Epoch: 85 cost time: 1.396503210067749
Epoch: 85, Steps: 64 | Train Loss: 0.4045504 Vali Loss: 0.2087882 Test Loss: 0.2741381
Validation loss decreased (0.208971 --> 0.208788).  Saving model ...
Updating learning rate to 1.7696434542799797e-08
Epoch: 86 cost time: 1.3877406120300293
Epoch: 86, Steps: 64 | Train Loss: 0.4049439 Vali Loss: 0.2093486 Test Loss: 0.2740369
EarlyStopping counter: 1 out of 100
Updating learning rate to 1.5926791088519817e-08
Epoch: 87 cost time: 1.3539676666259766
Epoch: 87, Steps: 64 | Train Loss: 0.4055398 Vali Loss: 0.2093866 Test Loss: 0.2741081
EarlyStopping counter: 2 out of 100
Updating learning rate to 1.4334111979667836e-08
Epoch: 88 cost time: 1.3765618801116943
Epoch: 88, Steps: 64 | Train Loss: 0.4037672 Vali Loss: 0.2101061 Test Loss: 0.2740619
EarlyStopping counter: 3 out of 100
Updating learning rate to 1.2900700781701054e-08
Epoch: 89 cost time: 1.3789887428283691
Epoch: 89, Steps: 64 | Train Loss: 0.4045725 Vali Loss: 0.2101922 Test Loss: 0.2741393
EarlyStopping counter: 4 out of 100
Updating learning rate to 1.161063070353095e-08
Epoch: 90 cost time: 1.7358999252319336
Epoch: 90, Steps: 64 | Train Loss: 0.4060441 Vali Loss: 0.2110093 Test Loss: 0.2740816
EarlyStopping counter: 5 out of 100
Updating learning rate to 1.0449567633177854e-08
Epoch: 91 cost time: 1.1702020168304443
Epoch: 91, Steps: 64 | Train Loss: 0.4042602 Vali Loss: 0.2086466 Test Loss: 0.2740829
Validation loss decreased (0.208788 --> 0.208647).  Saving model ...
Updating learning rate to 9.404610869860069e-09
Epoch: 92 cost time: 1.5113015174865723
Epoch: 92, Steps: 64 | Train Loss: 0.4045684 Vali Loss: 0.2099247 Test Loss: 0.2740844
EarlyStopping counter: 1 out of 100
Updating learning rate to 8.464149782874063e-09
Epoch: 93 cost time: 1.7264776229858398
Epoch: 93, Steps: 64 | Train Loss: 0.4048597 Vali Loss: 0.2101579 Test Loss: 0.2740210
EarlyStopping counter: 2 out of 100
Updating learning rate to 7.617734804586658e-09
Epoch: 94 cost time: 1.5479028224945068
Epoch: 94, Steps: 64 | Train Loss: 0.4052077 Vali Loss: 0.2099756 Test Loss: 0.2740282
EarlyStopping counter: 3 out of 100
Updating learning rate to 6.855961324127991e-09
Epoch: 95 cost time: 1.2704119682312012
Epoch: 95, Steps: 64 | Train Loss: 0.4048520 Vali Loss: 0.2096982 Test Loss: 0.2741320
EarlyStopping counter: 4 out of 100
Updating learning rate to 6.170365191715193e-09
Epoch: 96 cost time: 1.4397130012512207
Epoch: 96, Steps: 64 | Train Loss: 0.4047455 Vali Loss: 0.2106729 Test Loss: 0.2740677
EarlyStopping counter: 5 out of 100
Updating learning rate to 5.5533286725436726e-09
Epoch: 97 cost time: 1.472611665725708
Epoch: 97, Steps: 64 | Train Loss: 0.4046093 Vali Loss: 0.2097130 Test Loss: 0.2741203
EarlyStopping counter: 6 out of 100
Updating learning rate to 4.997995805289306e-09
Epoch: 98 cost time: 1.497173547744751
Epoch: 98, Steps: 64 | Train Loss: 0.4057525 Vali Loss: 0.2097141 Test Loss: 0.2741295
EarlyStopping counter: 7 out of 100
Updating learning rate to 4.498196224760375e-09
Epoch: 99 cost time: 1.4682419300079346
Epoch: 99, Steps: 64 | Train Loss: 0.4054584 Vali Loss: 0.2102626 Test Loss: 0.2739775
EarlyStopping counter: 8 out of 100
Updating learning rate to 4.048376602284338e-09
Epoch: 100 cost time: 1.4690098762512207
Epoch: 100, Steps: 64 | Train Loss: 0.4043885 Vali Loss: 0.2096245 Test Loss: 0.2739475
EarlyStopping counter: 9 out of 100
Updating learning rate to 3.643538942055904e-09
>>>>>>>testing : Flatten_etth2_336_96_PatchTST_ETTh2_ftM_sl336_ll48_pl96_dm16_nh4_el3_dl1_df128_fc1_ebtimeF_dtTrue_Exp_0<<<<<<<<<<<<<<<<<<<<<<<<<<<<<<<<<
test 2785
mse:0.28101012110710144, mae:0.3461444079875946, rse:0.423478364944458
Args in experiment:
Namespace(random_seed=2021, is_training=1, model_id='Flatten_etth2_336_192', model='PatchTST', data='ETTh2', root_path='./dataset/', data_path='ETTh2.csv', features='M', target='OT', freq='h', checkpoints='./checkpoints/', seq_len=336, label_len=48, pred_len=192, head_type='flatten', fc_dropout=0.3, head_dropout=0.0, patch_len=16, stride=8, padding_patch='end', revin=1, affine=0, subtract_last=0, decomposition=0, kernel_size=25, individual=0, embed_type=0, enc_in=7, dec_in=7, c_out=7, d_model=16, n_heads=4, e_layers=3, d_layers=1, d_ff=128, moving_avg=25, factor=1, distil=True, dropout=0.3, embed='timeF', activation='gelu', output_attention=False, do_predict=False, num_workers=0, itr=1, train_epochs=100, batch_size=128, patience=100, learning_rate=0.0001, des='Exp', loss='mse', lradj='type3', pct_start=0.3, use_amp=False, use_gpu=True, gpu=0, use_multi_gpu=False, devices='0,1,2,3', test_flop=False)
Use GPU: cuda:0
>>>>>>>start training : Flatten_etth2_336_192_PatchTST_ETTh2_ftM_sl336_ll48_pl192_dm16_nh4_el3_dl1_df128_fc1_ebtimeF_dtTrue_Exp_0>>>>>>>>>>>>>>>>>>>>>>>>>>
train 8113
val 2689
test 2689
Epoch: 1 cost time: 1.5553834438323975
Epoch: 1, Steps: 63 | Train Loss: 0.7359904 Vali Loss: 0.4132168 Test Loss: 0.4347572
Validation loss decreased (inf --> 0.413217).  Saving model ...
Updating learning rate to 0.0001
Epoch: 2 cost time: 1.094747543334961
Epoch: 2, Steps: 63 | Train Loss: 0.6599952 Vali Loss: 0.3229007 Test Loss: 0.3828115
Validation loss decreased (0.413217 --> 0.322901).  Saving model ...
Updating learning rate to 0.0001
Epoch: 3 cost time: 1.1780061721801758
Epoch: 3, Steps: 63 | Train Loss: 0.5896868 Vali Loss: 0.3018500 Test Loss: 0.3622056
Validation loss decreased (0.322901 --> 0.301850).  Saving model ...
Updating learning rate to 0.0001
Epoch: 4 cost time: 1.1437268257141113
Epoch: 4, Steps: 63 | Train Loss: 0.5582651 Vali Loss: 0.2906118 Test Loss: 0.3528625
Validation loss decreased (0.301850 --> 0.290612).  Saving model ...
Updating learning rate to 9e-05
Epoch: 5 cost time: 1.227813482284546
Epoch: 5, Steps: 63 | Train Loss: 0.5414723 Vali Loss: 0.2861997 Test Loss: 0.3463615
Validation loss decreased (0.290612 --> 0.286200).  Saving model ...
Updating learning rate to 8.1e-05
Epoch: 6 cost time: 1.250014066696167
Epoch: 6, Steps: 63 | Train Loss: 0.5350905 Vali Loss: 0.2819752 Test Loss: 0.3446538
Validation loss decreased (0.286200 --> 0.281975).  Saving model ...
Updating learning rate to 7.290000000000001e-05
Epoch: 7 cost time: 1.4483692646026611
Epoch: 7, Steps: 63 | Train Loss: 0.5265913 Vali Loss: 0.2802126 Test Loss: 0.3426838
Validation loss decreased (0.281975 --> 0.280213).  Saving model ...
Updating learning rate to 6.561e-05
Epoch: 8 cost time: 1.4364991188049316
Epoch: 8, Steps: 63 | Train Loss: 0.5233723 Vali Loss: 0.2798513 Test Loss: 0.3407229
Validation loss decreased (0.280213 --> 0.279851).  Saving model ...
Updating learning rate to 5.904900000000001e-05
Epoch: 9 cost time: 1.220663070678711
Epoch: 9, Steps: 63 | Train Loss: 0.5191372 Vali Loss: 0.2782482 Test Loss: 0.3401475
Validation loss decreased (0.279851 --> 0.278248).  Saving model ...
Updating learning rate to 5.3144100000000005e-05
Epoch: 10 cost time: 1.1570994853973389
Epoch: 10, Steps: 63 | Train Loss: 0.5184748 Vali Loss: 0.2783124 Test Loss: 0.3389169
EarlyStopping counter: 1 out of 100
Updating learning rate to 4.782969000000001e-05
Epoch: 11 cost time: 1.1699304580688477
Epoch: 11, Steps: 63 | Train Loss: 0.5146482 Vali Loss: 0.2784639 Test Loss: 0.3384283
EarlyStopping counter: 2 out of 100
Updating learning rate to 4.304672100000001e-05
Epoch: 12 cost time: 1.3085191249847412
Epoch: 12, Steps: 63 | Train Loss: 0.5132299 Vali Loss: 0.2780135 Test Loss: 0.3385216
Validation loss decreased (0.278248 --> 0.278013).  Saving model ...
Updating learning rate to 3.874204890000001e-05
Epoch: 13 cost time: 1.5217664241790771
Epoch: 13, Steps: 63 | Train Loss: 0.5099453 Vali Loss: 0.2780071 Test Loss: 0.3382333
Validation loss decreased (0.278013 --> 0.278007).  Saving model ...
Updating learning rate to 3.486784401000001e-05
Epoch: 14 cost time: 1.3159980773925781
Epoch: 14, Steps: 63 | Train Loss: 0.5062699 Vali Loss: 0.2779095 Test Loss: 0.3377547
Validation loss decreased (0.278007 --> 0.277910).  Saving model ...
Updating learning rate to 3.138105960900001e-05
Epoch: 15 cost time: 1.2016186714172363
Epoch: 15, Steps: 63 | Train Loss: 0.5047533 Vali Loss: 0.2783515 Test Loss: 0.3382923
EarlyStopping counter: 1 out of 100
Updating learning rate to 2.824295364810001e-05
Epoch: 16 cost time: 1.201472282409668
Epoch: 16, Steps: 63 | Train Loss: 0.5050333 Vali Loss: 0.2788253 Test Loss: 0.3377908
EarlyStopping counter: 2 out of 100
Updating learning rate to 2.541865828329001e-05
Epoch: 17 cost time: 1.5805637836456299
Epoch: 17, Steps: 63 | Train Loss: 0.5026765 Vali Loss: 0.2788891 Test Loss: 0.3378083
EarlyStopping counter: 3 out of 100
Updating learning rate to 2.287679245496101e-05
Epoch: 18 cost time: 1.6173553466796875
Epoch: 18, Steps: 63 | Train Loss: 0.5018226 Vali Loss: 0.2790885 Test Loss: 0.3378361
EarlyStopping counter: 4 out of 100
Updating learning rate to 2.0589113209464907e-05
Epoch: 19 cost time: 1.4486122131347656
Epoch: 19, Steps: 63 | Train Loss: 0.5019566 Vali Loss: 0.2795900 Test Loss: 0.3377925
EarlyStopping counter: 5 out of 100
Updating learning rate to 1.8530201888518416e-05
Epoch: 20 cost time: 1.2441956996917725
Epoch: 20, Steps: 63 | Train Loss: 0.4978364 Vali Loss: 0.2790721 Test Loss: 0.3382824
EarlyStopping counter: 6 out of 100
Updating learning rate to 1.6677181699666577e-05
Epoch: 21 cost time: 1.265531301498413
Epoch: 21, Steps: 63 | Train Loss: 0.4998288 Vali Loss: 0.2789215 Test Loss: 0.3384176
EarlyStopping counter: 7 out of 100
Updating learning rate to 1.5009463529699919e-05
Epoch: 22 cost time: 1.3040618896484375
Epoch: 22, Steps: 63 | Train Loss: 0.4983150 Vali Loss: 0.2790499 Test Loss: 0.3383884
EarlyStopping counter: 8 out of 100
Updating learning rate to 1.3508517176729929e-05
Epoch: 23 cost time: 1.2453668117523193
Epoch: 23, Steps: 63 | Train Loss: 0.4977914 Vali Loss: 0.2787891 Test Loss: 0.3385200
EarlyStopping counter: 9 out of 100
Updating learning rate to 1.2157665459056936e-05
Epoch: 24 cost time: 1.6724872589111328
Epoch: 24, Steps: 63 | Train Loss: 0.4951155 Vali Loss: 0.2791769 Test Loss: 0.3382913
EarlyStopping counter: 10 out of 100
Updating learning rate to 1.0941898913151242e-05
Epoch: 25 cost time: 1.2359302043914795
Epoch: 25, Steps: 63 | Train Loss: 0.4970556 Vali Loss: 0.2786208 Test Loss: 0.3385326
EarlyStopping counter: 11 out of 100
Updating learning rate to 9.847709021836118e-06
Epoch: 26 cost time: 1.5718193054199219
Epoch: 26, Steps: 63 | Train Loss: 0.4970473 Vali Loss: 0.2793835 Test Loss: 0.3382778
EarlyStopping counter: 12 out of 100
Updating learning rate to 8.862938119652508e-06
Epoch: 27 cost time: 1.5262551307678223
Epoch: 27, Steps: 63 | Train Loss: 0.4954267 Vali Loss: 0.2791035 Test Loss: 0.3385442
EarlyStopping counter: 13 out of 100
Updating learning rate to 7.976644307687255e-06
Epoch: 28 cost time: 1.5435717105865479
Epoch: 28, Steps: 63 | Train Loss: 0.4953362 Vali Loss: 0.2789284 Test Loss: 0.3388174
EarlyStopping counter: 14 out of 100
Updating learning rate to 7.178979876918531e-06
Epoch: 29 cost time: 1.544546127319336
Epoch: 29, Steps: 63 | Train Loss: 0.4964526 Vali Loss: 0.2793096 Test Loss: 0.3386408
EarlyStopping counter: 15 out of 100
Updating learning rate to 6.4610818892266776e-06
Epoch: 30 cost time: 1.5296635627746582
Epoch: 30, Steps: 63 | Train Loss: 0.4962029 Vali Loss: 0.2788114 Test Loss: 0.3387008
EarlyStopping counter: 16 out of 100
Updating learning rate to 5.8149737003040096e-06
Epoch: 31 cost time: 1.51247239112854
Epoch: 31, Steps: 63 | Train Loss: 0.4943457 Vali Loss: 0.2792101 Test Loss: 0.3387561
EarlyStopping counter: 17 out of 100
Updating learning rate to 5.23347633027361e-06
Epoch: 32 cost time: 1.198227882385254
Epoch: 32, Steps: 63 | Train Loss: 0.4943079 Vali Loss: 0.2788047 Test Loss: 0.3389229
EarlyStopping counter: 18 out of 100
Updating learning rate to 4.710128697246249e-06
Epoch: 33 cost time: 1.2352278232574463
Epoch: 33, Steps: 63 | Train Loss: 0.4959138 Vali Loss: 0.2789816 Test Loss: 0.3388596
EarlyStopping counter: 19 out of 100
Updating learning rate to 4.239115827521624e-06
Epoch: 34 cost time: 1.6351490020751953
Epoch: 34, Steps: 63 | Train Loss: 0.4947065 Vali Loss: 0.2789468 Test Loss: 0.3389604
EarlyStopping counter: 20 out of 100
Updating learning rate to 3.815204244769462e-06
Epoch: 35 cost time: 1.4171545505523682
Epoch: 35, Steps: 63 | Train Loss: 0.4943251 Vali Loss: 0.2785581 Test Loss: 0.3389671
EarlyStopping counter: 21 out of 100
Updating learning rate to 3.4336838202925152e-06
Epoch: 36 cost time: 1.2556986808776855
Epoch: 36, Steps: 63 | Train Loss: 0.4948954 Vali Loss: 0.2785847 Test Loss: 0.3389328
EarlyStopping counter: 22 out of 100
Updating learning rate to 3.090315438263264e-06
Epoch: 37 cost time: 1.473637580871582
Epoch: 37, Steps: 63 | Train Loss: 0.4941301 Vali Loss: 0.2789754 Test Loss: 0.3388763
EarlyStopping counter: 23 out of 100
Updating learning rate to 2.7812838944369375e-06
Epoch: 38 cost time: 1.6153438091278076
Epoch: 38, Steps: 63 | Train Loss: 0.4938832 Vali Loss: 0.2788822 Test Loss: 0.3389335
EarlyStopping counter: 24 out of 100
Updating learning rate to 2.503155504993244e-06
Epoch: 39 cost time: 1.6690857410430908
Epoch: 39, Steps: 63 | Train Loss: 0.4945334 Vali Loss: 0.2787545 Test Loss: 0.3391027
EarlyStopping counter: 25 out of 100
Updating learning rate to 2.2528399544939195e-06
Epoch: 40 cost time: 1.6833550930023193
Epoch: 40, Steps: 63 | Train Loss: 0.4934732 Vali Loss: 0.2789283 Test Loss: 0.3390182
EarlyStopping counter: 26 out of 100
Updating learning rate to 2.0275559590445276e-06
Epoch: 41 cost time: 1.2326006889343262
Epoch: 41, Steps: 63 | Train Loss: 0.4931197 Vali Loss: 0.2786991 Test Loss: 0.3389080
EarlyStopping counter: 27 out of 100
Updating learning rate to 1.8248003631400751e-06
Epoch: 42 cost time: 1.291853904724121
Epoch: 42, Steps: 63 | Train Loss: 0.4954690 Vali Loss: 0.2782470 Test Loss: 0.3390058
EarlyStopping counter: 28 out of 100
Updating learning rate to 1.6423203268260676e-06
Epoch: 43 cost time: 1.2664790153503418
Epoch: 43, Steps: 63 | Train Loss: 0.4943465 Vali Loss: 0.2782711 Test Loss: 0.3390416
EarlyStopping counter: 29 out of 100
Updating learning rate to 1.4780882941434609e-06
Epoch: 44 cost time: 2.170668125152588
Epoch: 44, Steps: 63 | Train Loss: 0.4939390 Vali Loss: 0.2786695 Test Loss: 0.3391181
EarlyStopping counter: 30 out of 100
Updating learning rate to 1.3302794647291146e-06
Epoch: 45 cost time: 1.3224999904632568
Epoch: 45, Steps: 63 | Train Loss: 0.4936078 Vali Loss: 0.2788038 Test Loss: 0.3391712
EarlyStopping counter: 31 out of 100
Updating learning rate to 1.1972515182562034e-06
Epoch: 46 cost time: 1.4810044765472412
Epoch: 46, Steps: 63 | Train Loss: 0.4941389 Vali Loss: 0.2788571 Test Loss: 0.3390754
EarlyStopping counter: 32 out of 100
Updating learning rate to 1.077526366430583e-06
Epoch: 47 cost time: 1.4732916355133057
Epoch: 47, Steps: 63 | Train Loss: 0.4932681 Vali Loss: 0.2787989 Test Loss: 0.3391518
EarlyStopping counter: 33 out of 100
Updating learning rate to 9.697737297875248e-07
Epoch: 48 cost time: 1.4701182842254639
Epoch: 48, Steps: 63 | Train Loss: 0.4915615 Vali Loss: 0.2787172 Test Loss: 0.3390781
EarlyStopping counter: 34 out of 100
Updating learning rate to 8.727963568087723e-07
Epoch: 49 cost time: 1.4748573303222656
Epoch: 49, Steps: 63 | Train Loss: 0.4928497 Vali Loss: 0.2786537 Test Loss: 0.3391801
EarlyStopping counter: 35 out of 100
Updating learning rate to 7.855167211278951e-07
Epoch: 50 cost time: 1.4523534774780273
Epoch: 50, Steps: 63 | Train Loss: 0.4947327 Vali Loss: 0.2785374 Test Loss: 0.3391454
EarlyStopping counter: 36 out of 100
Updating learning rate to 7.069650490151056e-07
Epoch: 51 cost time: 1.5874073505401611
Epoch: 51, Steps: 63 | Train Loss: 0.4939144 Vali Loss: 0.2786575 Test Loss: 0.3390695
EarlyStopping counter: 37 out of 100
Updating learning rate to 6.36268544113595e-07
Epoch: 52 cost time: 1.4556071758270264
Epoch: 52, Steps: 63 | Train Loss: 0.4936384 Vali Loss: 0.2787748 Test Loss: 0.3390370
EarlyStopping counter: 38 out of 100
Updating learning rate to 5.726416897022355e-07
Epoch: 53 cost time: 1.4662535190582275
Epoch: 53, Steps: 63 | Train Loss: 0.4939930 Vali Loss: 0.2786888 Test Loss: 0.3391201
EarlyStopping counter: 39 out of 100
Updating learning rate to 5.15377520732012e-07
Epoch: 54 cost time: 1.4668703079223633
Epoch: 54, Steps: 63 | Train Loss: 0.4934161 Vali Loss: 0.2785057 Test Loss: 0.3391066
EarlyStopping counter: 40 out of 100
Updating learning rate to 4.6383976865881085e-07
Epoch: 55 cost time: 1.4729928970336914
Epoch: 55, Steps: 63 | Train Loss: 0.4937340 Vali Loss: 0.2785075 Test Loss: 0.3390954
EarlyStopping counter: 41 out of 100
Updating learning rate to 4.174557917929298e-07
Epoch: 56 cost time: 1.4639782905578613
Epoch: 56, Steps: 63 | Train Loss: 0.4955110 Vali Loss: 0.2789662 Test Loss: 0.3389380
EarlyStopping counter: 42 out of 100
Updating learning rate to 3.7571021261363677e-07
Epoch: 57 cost time: 1.462805986404419
Epoch: 57, Steps: 63 | Train Loss: 0.4941910 Vali Loss: 0.2788401 Test Loss: 0.3389836
EarlyStopping counter: 43 out of 100
Updating learning rate to 3.381391913522731e-07
Epoch: 58 cost time: 1.4553861618041992
Epoch: 58, Steps: 63 | Train Loss: 0.4928868 Vali Loss: 0.2786783 Test Loss: 0.3391037
EarlyStopping counter: 44 out of 100
Updating learning rate to 3.043252722170458e-07
Epoch: 59 cost time: 1.8950397968292236
Epoch: 59, Steps: 63 | Train Loss: 0.4931004 Vali Loss: 0.2786583 Test Loss: 0.3391952
EarlyStopping counter: 45 out of 100
Updating learning rate to 2.7389274499534124e-07
Epoch: 60 cost time: 2.2315492630004883
Epoch: 60, Steps: 63 | Train Loss: 0.4937399 Vali Loss: 0.2784781 Test Loss: 0.3391128
EarlyStopping counter: 46 out of 100
Updating learning rate to 2.465034704958071e-07
Epoch: 61 cost time: 1.3187410831451416
Epoch: 61, Steps: 63 | Train Loss: 0.4942595 Vali Loss: 0.2786138 Test Loss: 0.3390843
EarlyStopping counter: 47 out of 100
Updating learning rate to 2.218531234462264e-07
Epoch: 62 cost time: 1.5668373107910156
Epoch: 62, Steps: 63 | Train Loss: 0.4933399 Vali Loss: 0.2788273 Test Loss: 0.3390598
EarlyStopping counter: 48 out of 100
Updating learning rate to 1.9966781110160376e-07
Epoch: 63 cost time: 1.2412853240966797
Epoch: 63, Steps: 63 | Train Loss: 0.4924157 Vali Loss: 0.2785937 Test Loss: 0.3391436
EarlyStopping counter: 49 out of 100
Updating learning rate to 1.797010299914434e-07
Epoch: 64 cost time: 2.006495475769043
Epoch: 64, Steps: 63 | Train Loss: 0.4935073 Vali Loss: 0.2785763 Test Loss: 0.3391635
EarlyStopping counter: 50 out of 100
Updating learning rate to 1.6173092699229907e-07
Epoch: 65 cost time: 1.8638594150543213
Epoch: 65, Steps: 63 | Train Loss: 0.4935277 Vali Loss: 0.2784564 Test Loss: 0.3392933
EarlyStopping counter: 51 out of 100
Updating learning rate to 1.4555783429306916e-07
Epoch: 66 cost time: 1.2706537246704102
Epoch: 66, Steps: 63 | Train Loss: 0.4950114 Vali Loss: 0.2786437 Test Loss: 0.3391939
EarlyStopping counter: 52 out of 100
Updating learning rate to 1.3100205086376224e-07
Epoch: 67 cost time: 1.4817018508911133
Epoch: 67, Steps: 63 | Train Loss: 0.4935443 Vali Loss: 0.2784860 Test Loss: 0.3391920
EarlyStopping counter: 53 out of 100
Updating learning rate to 1.1790184577738603e-07
Epoch: 68 cost time: 1.4518358707427979
Epoch: 68, Steps: 63 | Train Loss: 0.4945024 Vali Loss: 0.2783470 Test Loss: 0.3390772
EarlyStopping counter: 54 out of 100
Updating learning rate to 1.0611166119964742e-07
Epoch: 69 cost time: 1.4458301067352295
Epoch: 69, Steps: 63 | Train Loss: 0.4932984 Vali Loss: 0.2781736 Test Loss: 0.3391598
EarlyStopping counter: 55 out of 100
Updating learning rate to 9.550049507968268e-08
Epoch: 70 cost time: 1.445024013519287
Epoch: 70, Steps: 63 | Train Loss: 0.4943089 Vali Loss: 0.2786255 Test Loss: 0.3390881
EarlyStopping counter: 56 out of 100
Updating learning rate to 8.595044557171442e-08
Epoch: 71 cost time: 1.4280221462249756
Epoch: 71, Steps: 63 | Train Loss: 0.4930728 Vali Loss: 0.2786153 Test Loss: 0.3391532
EarlyStopping counter: 57 out of 100
Updating learning rate to 7.735540101454298e-08
Epoch: 72 cost time: 1.4768891334533691
Epoch: 72, Steps: 63 | Train Loss: 0.4936443 Vali Loss: 0.2784689 Test Loss: 0.3392102
EarlyStopping counter: 58 out of 100
Updating learning rate to 6.961986091308869e-08
Epoch: 73 cost time: 1.526803731918335
Epoch: 73, Steps: 63 | Train Loss: 0.4933421 Vali Loss: 0.2788335 Test Loss: 0.3391576
EarlyStopping counter: 59 out of 100
Updating learning rate to 6.265787482177981e-08
Epoch: 74 cost time: 1.428034782409668
Epoch: 74, Steps: 63 | Train Loss: 0.4920387 Vali Loss: 0.2787579 Test Loss: 0.3390800
EarlyStopping counter: 60 out of 100
Updating learning rate to 5.639208733960184e-08
Epoch: 75 cost time: 1.4934868812561035
Epoch: 75, Steps: 63 | Train Loss: 0.4930170 Vali Loss: 0.2786361 Test Loss: 0.3391698
EarlyStopping counter: 61 out of 100
Updating learning rate to 5.075287860564165e-08
Epoch: 76 cost time: 1.4627656936645508
Epoch: 76, Steps: 63 | Train Loss: 0.4942906 Vali Loss: 0.2785694 Test Loss: 0.3391349
EarlyStopping counter: 62 out of 100
Updating learning rate to 4.567759074507749e-08
Epoch: 77 cost time: 1.4371519088745117
Epoch: 77, Steps: 63 | Train Loss: 0.4926282 Vali Loss: 0.2785874 Test Loss: 0.3392169
EarlyStopping counter: 63 out of 100
Updating learning rate to 4.1109831670569744e-08
Epoch: 78 cost time: 1.4346067905426025
Epoch: 78, Steps: 63 | Train Loss: 0.4934339 Vali Loss: 0.2788818 Test Loss: 0.3391320
EarlyStopping counter: 64 out of 100
Updating learning rate to 3.6998848503512764e-08
Epoch: 79 cost time: 1.4445619583129883
Epoch: 79, Steps: 63 | Train Loss: 0.4937895 Vali Loss: 0.2785610 Test Loss: 0.3392949
EarlyStopping counter: 65 out of 100
Updating learning rate to 3.3298963653161496e-08
Epoch: 80 cost time: 1.451901912689209
Epoch: 80, Steps: 63 | Train Loss: 0.4935354 Vali Loss: 0.2787515 Test Loss: 0.3392220
EarlyStopping counter: 66 out of 100
Updating learning rate to 2.996906728784534e-08
Epoch: 81 cost time: 1.4481456279754639
Epoch: 81, Steps: 63 | Train Loss: 0.4921537 Vali Loss: 0.2785008 Test Loss: 0.3392329
EarlyStopping counter: 67 out of 100
Updating learning rate to 2.697216055906081e-08
Epoch: 82 cost time: 1.4252161979675293
Epoch: 82, Steps: 63 | Train Loss: 0.4926168 Vali Loss: 0.2785173 Test Loss: 0.3392230
EarlyStopping counter: 68 out of 100
Updating learning rate to 2.427494450315473e-08
Epoch: 83 cost time: 1.449742078781128
Epoch: 83, Steps: 63 | Train Loss: 0.4930582 Vali Loss: 0.2787405 Test Loss: 0.3392122
EarlyStopping counter: 69 out of 100
Updating learning rate to 2.1847450052839257e-08
Epoch: 84 cost time: 1.4451141357421875
Epoch: 84, Steps: 63 | Train Loss: 0.4920101 Vali Loss: 0.2785605 Test Loss: 0.3391901
EarlyStopping counter: 70 out of 100
Updating learning rate to 1.9662705047555332e-08
Epoch: 85 cost time: 1.4408934116363525
Epoch: 85, Steps: 63 | Train Loss: 0.4933494 Vali Loss: 0.2786356 Test Loss: 0.3393032
EarlyStopping counter: 71 out of 100
Updating learning rate to 1.7696434542799797e-08
Epoch: 86 cost time: 1.4387552738189697
Epoch: 86, Steps: 63 | Train Loss: 0.4932382 Vali Loss: 0.2785525 Test Loss: 0.3392003
EarlyStopping counter: 72 out of 100
Updating learning rate to 1.5926791088519817e-08
Epoch: 87 cost time: 1.4539852142333984
Epoch: 87, Steps: 63 | Train Loss: 0.4936869 Vali Loss: 0.2783879 Test Loss: 0.3391697
EarlyStopping counter: 73 out of 100
Updating learning rate to 1.4334111979667836e-08
Epoch: 88 cost time: 1.4645657539367676
Epoch: 88, Steps: 63 | Train Loss: 0.4914155 Vali Loss: 0.2784615 Test Loss: 0.3391332
EarlyStopping counter: 74 out of 100
Updating learning rate to 1.2900700781701054e-08
Epoch: 89 cost time: 1.4699559211730957
Epoch: 89, Steps: 63 | Train Loss: 0.4934515 Vali Loss: 0.2790338 Test Loss: 0.3390817
EarlyStopping counter: 75 out of 100
Updating learning rate to 1.161063070353095e-08
Epoch: 90 cost time: 1.4509658813476562
Epoch: 90, Steps: 63 | Train Loss: 0.4944899 Vali Loss: 0.2786815 Test Loss: 0.3392177
EarlyStopping counter: 76 out of 100
Updating learning rate to 1.0449567633177854e-08
Epoch: 91 cost time: 1.5745465755462646
Epoch: 91, Steps: 63 | Train Loss: 0.4937755 Vali Loss: 0.2785120 Test Loss: 0.3392732
EarlyStopping counter: 77 out of 100
Updating learning rate to 9.404610869860069e-09
Epoch: 92 cost time: 1.4524409770965576
Epoch: 92, Steps: 63 | Train Loss: 0.4933184 Vali Loss: 0.2787060 Test Loss: 0.3392029
EarlyStopping counter: 78 out of 100
Updating learning rate to 8.464149782874063e-09
Epoch: 93 cost time: 1.4446401596069336
Epoch: 93, Steps: 63 | Train Loss: 0.4933173 Vali Loss: 0.2783819 Test Loss: 0.3393311
EarlyStopping counter: 79 out of 100
Updating learning rate to 7.617734804586658e-09
Epoch: 94 cost time: 1.4463074207305908
Epoch: 94, Steps: 63 | Train Loss: 0.4945580 Vali Loss: 0.2788805 Test Loss: 0.3390002
EarlyStopping counter: 80 out of 100
Updating learning rate to 6.855961324127991e-09
Epoch: 95 cost time: 1.4681284427642822
Epoch: 95, Steps: 63 | Train Loss: 0.4940381 Vali Loss: 0.2787835 Test Loss: 0.3390559
EarlyStopping counter: 81 out of 100
Updating learning rate to 6.170365191715193e-09
Epoch: 96 cost time: 1.4506449699401855
Epoch: 96, Steps: 63 | Train Loss: 0.4941977 Vali Loss: 0.2785675 Test Loss: 0.3392597
EarlyStopping counter: 82 out of 100
Updating learning rate to 5.5533286725436726e-09
Epoch: 97 cost time: 1.446939468383789
Epoch: 97, Steps: 63 | Train Loss: 0.4945280 Vali Loss: 0.2785823 Test Loss: 0.3391671
EarlyStopping counter: 83 out of 100
Updating learning rate to 4.997995805289306e-09
Epoch: 98 cost time: 1.472318172454834
Epoch: 98, Steps: 63 | Train Loss: 0.4930847 Vali Loss: 0.2788313 Test Loss: 0.3389868
EarlyStopping counter: 84 out of 100
Updating learning rate to 4.498196224760375e-09
Epoch: 99 cost time: 1.4796435832977295
Epoch: 99, Steps: 63 | Train Loss: 0.4934241 Vali Loss: 0.2785444 Test Loss: 0.3391204
EarlyStopping counter: 85 out of 100
Updating learning rate to 4.048376602284338e-09
Epoch: 100 cost time: 1.445284366607666
Epoch: 100, Steps: 63 | Train Loss: 0.4930535 Vali Loss: 0.2786969 Test Loss: 0.3391185
EarlyStopping counter: 86 out of 100
Updating learning rate to 3.643538942055904e-09
>>>>>>>testing : Flatten_etth2_336_192_PatchTST_ETTh2_ftM_sl336_ll48_pl192_dm16_nh4_el3_dl1_df128_fc1_ebtimeF_dtTrue_Exp_0<<<<<<<<<<<<<<<<<<<<<<<<<<<<<<<<<
test 2689
mse:0.3410206437110901, mae:0.38717859983444214, rse:0.46826523542404175
Args in experiment:
Namespace(random_seed=2021, is_training=1, model_id='Flatten_etth2_336_336', model='PatchTST', data='ETTh2', root_path='./dataset/', data_path='ETTh2.csv', features='M', target='OT', freq='h', checkpoints='./checkpoints/', seq_len=336, label_len=48, pred_len=336, head_type='flatten', fc_dropout=0.3, head_dropout=0.0, patch_len=16, stride=8, padding_patch='end', revin=1, affine=0, subtract_last=0, decomposition=0, kernel_size=25, individual=0, embed_type=0, enc_in=7, dec_in=7, c_out=7, d_model=16, n_heads=4, e_layers=3, d_layers=1, d_ff=128, moving_avg=25, factor=1, distil=True, dropout=0.3, embed='timeF', activation='gelu', output_attention=False, do_predict=False, num_workers=0, itr=1, train_epochs=100, batch_size=128, patience=100, learning_rate=0.0001, des='Exp', loss='mse', lradj='type3', pct_start=0.3, use_amp=False, use_gpu=True, gpu=0, use_multi_gpu=False, devices='0,1,2,3', test_flop=False)
Use GPU: cuda:0
>>>>>>>start training : Flatten_etth2_336_336_PatchTST_ETTh2_ftM_sl336_ll48_pl336_dm16_nh4_el3_dl1_df128_fc1_ebtimeF_dtTrue_Exp_0>>>>>>>>>>>>>>>>>>>>>>>>>>
train 7969
val 2545
test 2545
Epoch: 1 cost time: 1.7230861186981201
Epoch: 1, Steps: 62 | Train Loss: 0.8139788 Vali Loss: 0.5028987 Test Loss: 0.3921806
Validation loss decreased (inf --> 0.502899).  Saving model ...
Updating learning rate to 0.0001
Epoch: 2 cost time: 1.1015136241912842
Epoch: 2, Steps: 62 | Train Loss: 0.7463043 Vali Loss: 0.4142893 Test Loss: 0.3575093
Validation loss decreased (0.502899 --> 0.414289).  Saving model ...
Updating learning rate to 0.0001
Epoch: 3 cost time: 1.0840137004852295
Epoch: 3, Steps: 62 | Train Loss: 0.6832178 Vali Loss: 0.3930732 Test Loss: 0.3449560
Validation loss decreased (0.414289 --> 0.393073).  Saving model ...
Updating learning rate to 0.0001
Epoch: 4 cost time: 1.1161646842956543
Epoch: 4, Steps: 62 | Train Loss: 0.6563014 Vali Loss: 0.3820276 Test Loss: 0.3373676
Validation loss decreased (0.393073 --> 0.382028).  Saving model ...
Updating learning rate to 9e-05
Epoch: 5 cost time: 1.1166505813598633
Epoch: 5, Steps: 62 | Train Loss: 0.6431973 Vali Loss: 0.3760728 Test Loss: 0.3348495
Validation loss decreased (0.382028 --> 0.376073).  Saving model ...
Updating learning rate to 8.1e-05
Epoch: 6 cost time: 1.1186769008636475
Epoch: 6, Steps: 62 | Train Loss: 0.6319327 Vali Loss: 0.3696707 Test Loss: 0.3330777
Validation loss decreased (0.376073 --> 0.369671).  Saving model ...
Updating learning rate to 7.290000000000001e-05
Epoch: 7 cost time: 1.2556054592132568
Epoch: 7, Steps: 62 | Train Loss: 0.6264690 Vali Loss: 0.3691036 Test Loss: 0.3317000
Validation loss decreased (0.369671 --> 0.369104).  Saving model ...
Updating learning rate to 6.561e-05
Epoch: 8 cost time: 1.1778063774108887
Epoch: 8, Steps: 62 | Train Loss: 0.6226501 Vali Loss: 0.3663140 Test Loss: 0.3292811
Validation loss decreased (0.369104 --> 0.366314).  Saving model ...
Updating learning rate to 5.904900000000001e-05
Epoch: 9 cost time: 1.1227877140045166
Epoch: 9, Steps: 62 | Train Loss: 0.6178297 Vali Loss: 0.3677449 Test Loss: 0.3289415
EarlyStopping counter: 1 out of 100
Updating learning rate to 5.3144100000000005e-05
Epoch: 10 cost time: 1.1261491775512695
Epoch: 10, Steps: 62 | Train Loss: 0.6136398 Vali Loss: 0.3660019 Test Loss: 0.3282119
Validation loss decreased (0.366314 --> 0.366002).  Saving model ...
Updating learning rate to 4.782969000000001e-05
Epoch: 11 cost time: 1.3579072952270508
Epoch: 11, Steps: 62 | Train Loss: 0.6111793 Vali Loss: 0.3670671 Test Loss: 0.3276889
EarlyStopping counter: 1 out of 100
Updating learning rate to 4.304672100000001e-05
Epoch: 12 cost time: 1.133432149887085
Epoch: 12, Steps: 62 | Train Loss: 0.6087134 Vali Loss: 0.3676234 Test Loss: 0.3264494
EarlyStopping counter: 2 out of 100
Updating learning rate to 3.874204890000001e-05
Epoch: 13 cost time: 1.1300785541534424
Epoch: 13, Steps: 62 | Train Loss: 0.6049842 Vali Loss: 0.3653533 Test Loss: 0.3268499
Validation loss decreased (0.366002 --> 0.365353).  Saving model ...
Updating learning rate to 3.486784401000001e-05
Epoch: 14 cost time: 1.142763614654541
Epoch: 14, Steps: 62 | Train Loss: 0.6014819 Vali Loss: 0.3655493 Test Loss: 0.3267740
EarlyStopping counter: 1 out of 100
Updating learning rate to 3.138105960900001e-05
Epoch: 15 cost time: 1.1503965854644775
Epoch: 15, Steps: 62 | Train Loss: 0.6002963 Vali Loss: 0.3685624 Test Loss: 0.3267904
EarlyStopping counter: 2 out of 100
Updating learning rate to 2.824295364810001e-05
Epoch: 16 cost time: 1.214806079864502
Epoch: 16, Steps: 62 | Train Loss: 0.5987300 Vali Loss: 0.3686384 Test Loss: 0.3270487
EarlyStopping counter: 3 out of 100
Updating learning rate to 2.541865828329001e-05
Epoch: 17 cost time: 1.162245750427246
Epoch: 17, Steps: 62 | Train Loss: 0.5980252 Vali Loss: 0.3701217 Test Loss: 0.3271089
EarlyStopping counter: 4 out of 100
Updating learning rate to 2.287679245496101e-05
Epoch: 18 cost time: 1.2892160415649414
Epoch: 18, Steps: 62 | Train Loss: 0.5957396 Vali Loss: 0.3674250 Test Loss: 0.3278701
EarlyStopping counter: 5 out of 100
Updating learning rate to 2.0589113209464907e-05
Epoch: 19 cost time: 1.1614677906036377
Epoch: 19, Steps: 62 | Train Loss: 0.5945999 Vali Loss: 0.3678330 Test Loss: 0.3278968
EarlyStopping counter: 6 out of 100
Updating learning rate to 1.8530201888518416e-05
Epoch: 20 cost time: 1.1958787441253662
Epoch: 20, Steps: 62 | Train Loss: 0.5954215 Vali Loss: 0.3661609 Test Loss: 0.3278471
EarlyStopping counter: 7 out of 100
Updating learning rate to 1.6677181699666577e-05
Epoch: 21 cost time: 1.1784238815307617
Epoch: 21, Steps: 62 | Train Loss: 0.5926734 Vali Loss: 0.3680108 Test Loss: 0.3282579
EarlyStopping counter: 8 out of 100
Updating learning rate to 1.5009463529699919e-05
Epoch: 22 cost time: 1.1889622211456299
Epoch: 22, Steps: 62 | Train Loss: 0.5926302 Vali Loss: 0.3641347 Test Loss: 0.3285239
Validation loss decreased (0.365353 --> 0.364135).  Saving model ...
Updating learning rate to 1.3508517176729929e-05
Epoch: 23 cost time: 1.1893165111541748
Epoch: 23, Steps: 62 | Train Loss: 0.5922444 Vali Loss: 0.3637559 Test Loss: 0.3288801
Validation loss decreased (0.364135 --> 0.363756).  Saving model ...
Updating learning rate to 1.2157665459056936e-05
Epoch: 24 cost time: 1.2360033988952637
Epoch: 24, Steps: 62 | Train Loss: 0.5927615 Vali Loss: 0.3663100 Test Loss: 0.3289891
EarlyStopping counter: 1 out of 100
Updating learning rate to 1.0941898913151242e-05
Epoch: 25 cost time: 1.1886680126190186
Epoch: 25, Steps: 62 | Train Loss: 0.5907026 Vali Loss: 0.3662447 Test Loss: 0.3288864
EarlyStopping counter: 2 out of 100
Updating learning rate to 9.847709021836118e-06
Epoch: 26 cost time: 1.1898443698883057
Epoch: 26, Steps: 62 | Train Loss: 0.5909657 Vali Loss: 0.3654834 Test Loss: 0.3292186
EarlyStopping counter: 3 out of 100
Updating learning rate to 8.862938119652508e-06
Epoch: 27 cost time: 1.1786792278289795
Epoch: 27, Steps: 62 | Train Loss: 0.5902653 Vali Loss: 0.3656577 Test Loss: 0.3292561
EarlyStopping counter: 4 out of 100
Updating learning rate to 7.976644307687255e-06
Epoch: 28 cost time: 1.1980335712432861
Epoch: 28, Steps: 62 | Train Loss: 0.5916860 Vali Loss: 0.3659088 Test Loss: 0.3294361
EarlyStopping counter: 5 out of 100
Updating learning rate to 7.178979876918531e-06
Epoch: 29 cost time: 1.2029032707214355
Epoch: 29, Steps: 62 | Train Loss: 0.5901800 Vali Loss: 0.3657328 Test Loss: 0.3295754
EarlyStopping counter: 6 out of 100
Updating learning rate to 6.4610818892266776e-06
Epoch: 30 cost time: 1.3302850723266602
Epoch: 30, Steps: 62 | Train Loss: 0.5899753 Vali Loss: 0.3649145 Test Loss: 0.3296134
EarlyStopping counter: 7 out of 100
Updating learning rate to 5.8149737003040096e-06
Epoch: 31 cost time: 1.1123461723327637
Epoch: 31, Steps: 62 | Train Loss: 0.5897331 Vali Loss: 0.3638197 Test Loss: 0.3298357
EarlyStopping counter: 8 out of 100
Updating learning rate to 5.23347633027361e-06
Epoch: 32 cost time: 1.6932711601257324
Epoch: 32, Steps: 62 | Train Loss: 0.5899238 Vali Loss: 0.3641568 Test Loss: 0.3297128
EarlyStopping counter: 9 out of 100
Updating learning rate to 4.710128697246249e-06
Epoch: 33 cost time: 1.2192859649658203
Epoch: 33, Steps: 62 | Train Loss: 0.5879932 Vali Loss: 0.3648133 Test Loss: 0.3299598
EarlyStopping counter: 10 out of 100
Updating learning rate to 4.239115827521624e-06
Epoch: 34 cost time: 1.217951774597168
Epoch: 34, Steps: 62 | Train Loss: 0.5895115 Vali Loss: 0.3627802 Test Loss: 0.3298398
Validation loss decreased (0.363756 --> 0.362780).  Saving model ...
Updating learning rate to 3.815204244769462e-06
Epoch: 35 cost time: 1.2401485443115234
Epoch: 35, Steps: 62 | Train Loss: 0.5887624 Vali Loss: 0.3657450 Test Loss: 0.3300127
EarlyStopping counter: 1 out of 100
Updating learning rate to 3.4336838202925152e-06
Epoch: 36 cost time: 1.2379164695739746
Epoch: 36, Steps: 62 | Train Loss: 0.5877501 Vali Loss: 0.3651901 Test Loss: 0.3300948
EarlyStopping counter: 2 out of 100
Updating learning rate to 3.090315438263264e-06
Epoch: 37 cost time: 1.4646239280700684
Epoch: 37, Steps: 62 | Train Loss: 0.5892178 Vali Loss: 0.3648036 Test Loss: 0.3302126
EarlyStopping counter: 3 out of 100
Updating learning rate to 2.7812838944369375e-06
Epoch: 38 cost time: 1.1953473091125488
Epoch: 38, Steps: 62 | Train Loss: 0.5885252 Vali Loss: 0.3653400 Test Loss: 0.3300639
EarlyStopping counter: 4 out of 100
Updating learning rate to 2.503155504993244e-06
Epoch: 39 cost time: 1.5799572467803955
Epoch: 39, Steps: 62 | Train Loss: 0.5883826 Vali Loss: 0.3662108 Test Loss: 0.3299765
EarlyStopping counter: 5 out of 100
Updating learning rate to 2.2528399544939195e-06
Epoch: 40 cost time: 1.3270924091339111
Epoch: 40, Steps: 62 | Train Loss: 0.5890226 Vali Loss: 0.3662467 Test Loss: 0.3302917
EarlyStopping counter: 6 out of 100
Updating learning rate to 2.0275559590445276e-06
Epoch: 41 cost time: 1.4939970970153809
Epoch: 41, Steps: 62 | Train Loss: 0.5883508 Vali Loss: 0.3667421 Test Loss: 0.3303472
EarlyStopping counter: 7 out of 100
Updating learning rate to 1.8248003631400751e-06
Epoch: 42 cost time: 1.4558935165405273
Epoch: 42, Steps: 62 | Train Loss: 0.5881736 Vali Loss: 0.3663215 Test Loss: 0.3302902
EarlyStopping counter: 8 out of 100
Updating learning rate to 1.6423203268260676e-06
Epoch: 43 cost time: 1.45572829246521
Epoch: 43, Steps: 62 | Train Loss: 0.5882727 Vali Loss: 0.3648648 Test Loss: 0.3303431
EarlyStopping counter: 9 out of 100
Updating learning rate to 1.4780882941434609e-06
Epoch: 44 cost time: 1.5558807849884033
Epoch: 44, Steps: 62 | Train Loss: 0.5900005 Vali Loss: 0.3651865 Test Loss: 0.3303125
EarlyStopping counter: 10 out of 100
Updating learning rate to 1.3302794647291146e-06
Epoch: 45 cost time: 1.487351655960083
Epoch: 45, Steps: 62 | Train Loss: 0.5888112 Vali Loss: 0.3657917 Test Loss: 0.3303168
EarlyStopping counter: 11 out of 100
Updating learning rate to 1.1972515182562034e-06
Epoch: 46 cost time: 1.449422836303711
Epoch: 46, Steps: 62 | Train Loss: 0.5881683 Vali Loss: 0.3628220 Test Loss: 0.3304689
EarlyStopping counter: 12 out of 100
Updating learning rate to 1.077526366430583e-06
Epoch: 47 cost time: 1.4507520198822021
Epoch: 47, Steps: 62 | Train Loss: 0.5889382 Vali Loss: 0.3621814 Test Loss: 0.3305547
Validation loss decreased (0.362780 --> 0.362181).  Saving model ...
Updating learning rate to 9.697737297875248e-07
Epoch: 48 cost time: 1.5454585552215576
Epoch: 48, Steps: 62 | Train Loss: 0.5889589 Vali Loss: 0.3645048 Test Loss: 0.3303286
EarlyStopping counter: 1 out of 100
Updating learning rate to 8.727963568087723e-07
Epoch: 49 cost time: 1.1844453811645508
Epoch: 49, Steps: 62 | Train Loss: 0.5879509 Vali Loss: 0.3671749 Test Loss: 0.3302225
EarlyStopping counter: 2 out of 100
Updating learning rate to 7.855167211278951e-07
Epoch: 50 cost time: 1.5051095485687256
Epoch: 50, Steps: 62 | Train Loss: 0.5882079 Vali Loss: 0.3632802 Test Loss: 0.3303759
EarlyStopping counter: 3 out of 100
Updating learning rate to 7.069650490151056e-07
Epoch: 51 cost time: 1.6974637508392334
Epoch: 51, Steps: 62 | Train Loss: 0.5872753 Vali Loss: 0.3654648 Test Loss: 0.3304349
EarlyStopping counter: 4 out of 100
Updating learning rate to 6.36268544113595e-07
Epoch: 52 cost time: 1.2583749294281006
Epoch: 52, Steps: 62 | Train Loss: 0.5889880 Vali Loss: 0.3644540 Test Loss: 0.3304720
EarlyStopping counter: 5 out of 100
Updating learning rate to 5.726416897022355e-07
Epoch: 53 cost time: 1.2681403160095215
Epoch: 53, Steps: 62 | Train Loss: 0.5880971 Vali Loss: 0.3636674 Test Loss: 0.3306787
EarlyStopping counter: 6 out of 100
Updating learning rate to 5.15377520732012e-07
Epoch: 54 cost time: 1.3253064155578613
Epoch: 54, Steps: 62 | Train Loss: 0.5878100 Vali Loss: 0.3647738 Test Loss: 0.3304792
EarlyStopping counter: 7 out of 100
Updating learning rate to 4.6383976865881085e-07
Epoch: 55 cost time: 1.3451554775238037
Epoch: 55, Steps: 62 | Train Loss: 0.5874577 Vali Loss: 0.3662227 Test Loss: 0.3305078
EarlyStopping counter: 8 out of 100
Updating learning rate to 4.174557917929298e-07
Epoch: 56 cost time: 1.6457953453063965
Epoch: 56, Steps: 62 | Train Loss: 0.5872652 Vali Loss: 0.3649071 Test Loss: 0.3303699
EarlyStopping counter: 9 out of 100
Updating learning rate to 3.7571021261363677e-07
Epoch: 57 cost time: 1.2620983123779297
Epoch: 57, Steps: 62 | Train Loss: 0.5879320 Vali Loss: 0.3614466 Test Loss: 0.3304278
Validation loss decreased (0.362181 --> 0.361447).  Saving model ...
Updating learning rate to 3.381391913522731e-07
Epoch: 58 cost time: 1.2987313270568848
Epoch: 58, Steps: 62 | Train Loss: 0.5876815 Vali Loss: 0.3629644 Test Loss: 0.3306547
EarlyStopping counter: 1 out of 100
Updating learning rate to 3.043252722170458e-07
Epoch: 59 cost time: 1.362748146057129
Epoch: 59, Steps: 62 | Train Loss: 0.5885525 Vali Loss: 0.3651116 Test Loss: 0.3306417
EarlyStopping counter: 2 out of 100
Updating learning rate to 2.7389274499534124e-07
Epoch: 60 cost time: 1.3906223773956299
Epoch: 60, Steps: 62 | Train Loss: 0.5884148 Vali Loss: 0.3629332 Test Loss: 0.3305081
EarlyStopping counter: 3 out of 100
Updating learning rate to 2.465034704958071e-07
Epoch: 61 cost time: 1.3823583126068115
Epoch: 61, Steps: 62 | Train Loss: 0.5891697 Vali Loss: 0.3660223 Test Loss: 0.3301415
EarlyStopping counter: 4 out of 100
Updating learning rate to 2.218531234462264e-07
Epoch: 62 cost time: 1.3805272579193115
Epoch: 62, Steps: 62 | Train Loss: 0.5879486 Vali Loss: 0.3650717 Test Loss: 0.3306663
EarlyStopping counter: 5 out of 100
Updating learning rate to 1.9966781110160376e-07
Epoch: 63 cost time: 1.5188422203063965
Epoch: 63, Steps: 62 | Train Loss: 0.5880601 Vali Loss: 0.3627904 Test Loss: 0.3304478
EarlyStopping counter: 6 out of 100
Updating learning rate to 1.797010299914434e-07
Epoch: 64 cost time: 1.3803520202636719
Epoch: 64, Steps: 62 | Train Loss: 0.5878900 Vali Loss: 0.3634750 Test Loss: 0.3303213
EarlyStopping counter: 7 out of 100
Updating learning rate to 1.6173092699229907e-07
Epoch: 65 cost time: 1.3994734287261963
Epoch: 65, Steps: 62 | Train Loss: 0.5893294 Vali Loss: 0.3644161 Test Loss: 0.3307098
EarlyStopping counter: 8 out of 100
Updating learning rate to 1.4555783429306916e-07
Epoch: 66 cost time: 1.404865026473999
Epoch: 66, Steps: 62 | Train Loss: 0.5877621 Vali Loss: 0.3651001 Test Loss: 0.3303531
EarlyStopping counter: 9 out of 100
Updating learning rate to 1.3100205086376224e-07
Epoch: 67 cost time: 1.4624321460723877
Epoch: 67, Steps: 62 | Train Loss: 0.5878303 Vali Loss: 0.3649479 Test Loss: 0.3306745
EarlyStopping counter: 10 out of 100
Updating learning rate to 1.1790184577738603e-07
Epoch: 68 cost time: 1.3996059894561768
Epoch: 68, Steps: 62 | Train Loss: 0.5884829 Vali Loss: 0.3644466 Test Loss: 0.3305443
EarlyStopping counter: 11 out of 100
Updating learning rate to 1.0611166119964742e-07
Epoch: 69 cost time: 1.419130563735962
Epoch: 69, Steps: 62 | Train Loss: 0.5889363 Vali Loss: 0.3669759 Test Loss: 0.3304268
EarlyStopping counter: 12 out of 100
Updating learning rate to 9.550049507968268e-08
Epoch: 70 cost time: 1.5475757122039795
Epoch: 70, Steps: 62 | Train Loss: 0.5885688 Vali Loss: 0.3648799 Test Loss: 0.3306608
EarlyStopping counter: 13 out of 100
Updating learning rate to 8.595044557171442e-08
Epoch: 71 cost time: 1.4079196453094482
Epoch: 71, Steps: 62 | Train Loss: 0.5885184 Vali Loss: 0.3638721 Test Loss: 0.3306380
EarlyStopping counter: 14 out of 100
Updating learning rate to 7.735540101454298e-08
Epoch: 72 cost time: 1.3982815742492676
Epoch: 72, Steps: 62 | Train Loss: 0.5878245 Vali Loss: 0.3645021 Test Loss: 0.3304688
EarlyStopping counter: 15 out of 100
Updating learning rate to 6.961986091308869e-08
Epoch: 73 cost time: 1.4186413288116455
Epoch: 73, Steps: 62 | Train Loss: 0.5878654 Vali Loss: 0.3657787 Test Loss: 0.3305327
EarlyStopping counter: 16 out of 100
Updating learning rate to 6.265787482177981e-08
Epoch: 74 cost time: 1.3968303203582764
Epoch: 74, Steps: 62 | Train Loss: 0.5873647 Vali Loss: 0.3632285 Test Loss: 0.3306032
EarlyStopping counter: 17 out of 100
Updating learning rate to 5.639208733960184e-08
Epoch: 75 cost time: 1.5373094081878662
Epoch: 75, Steps: 62 | Train Loss: 0.5877712 Vali Loss: 0.3648158 Test Loss: 0.3304212
EarlyStopping counter: 18 out of 100
Updating learning rate to 5.075287860564165e-08
Epoch: 76 cost time: 1.3887460231781006
Epoch: 76, Steps: 62 | Train Loss: 0.5880182 Vali Loss: 0.3641367 Test Loss: 0.3306534
EarlyStopping counter: 19 out of 100
Updating learning rate to 4.567759074507749e-08
Epoch: 77 cost time: 1.5056655406951904
Epoch: 77, Steps: 62 | Train Loss: 0.5869921 Vali Loss: 0.3635390 Test Loss: 0.3303996
EarlyStopping counter: 20 out of 100
Updating learning rate to 4.1109831670569744e-08
Epoch: 78 cost time: 1.4142735004425049
Epoch: 78, Steps: 62 | Train Loss: 0.5877218 Vali Loss: 0.3657038 Test Loss: 0.3304485
EarlyStopping counter: 21 out of 100
Updating learning rate to 3.6998848503512764e-08
Epoch: 79 cost time: 1.3909673690795898
Epoch: 79, Steps: 62 | Train Loss: 0.5881839 Vali Loss: 0.3641776 Test Loss: 0.3303765
EarlyStopping counter: 22 out of 100
Updating learning rate to 3.3298963653161496e-08
Epoch: 80 cost time: 1.4005014896392822
Epoch: 80, Steps: 62 | Train Loss: 0.5885506 Vali Loss: 0.3637570 Test Loss: 0.3305077
EarlyStopping counter: 23 out of 100
Updating learning rate to 2.996906728784534e-08
Epoch: 81 cost time: 1.4084374904632568
Epoch: 81, Steps: 62 | Train Loss: 0.5876859 Vali Loss: 0.3645800 Test Loss: 0.3306381
EarlyStopping counter: 24 out of 100
Updating learning rate to 2.697216055906081e-08
Epoch: 82 cost time: 1.3857543468475342
Epoch: 82, Steps: 62 | Train Loss: 0.5889507 Vali Loss: 0.3646944 Test Loss: 0.3306987
EarlyStopping counter: 25 out of 100
Updating learning rate to 2.427494450315473e-08
Epoch: 83 cost time: 1.3822731971740723
Epoch: 83, Steps: 62 | Train Loss: 0.5874162 Vali Loss: 0.3651652 Test Loss: 0.3304556
EarlyStopping counter: 26 out of 100
Updating learning rate to 2.1847450052839257e-08
Epoch: 84 cost time: 1.3837130069732666
Epoch: 84, Steps: 62 | Train Loss: 0.5880707 Vali Loss: 0.3638213 Test Loss: 0.3305680
EarlyStopping counter: 27 out of 100
Updating learning rate to 1.9662705047555332e-08
Epoch: 85 cost time: 1.3889575004577637
Epoch: 85, Steps: 62 | Train Loss: 0.5874635 Vali Loss: 0.3643345 Test Loss: 0.3305107
EarlyStopping counter: 28 out of 100
Updating learning rate to 1.7696434542799797e-08
Epoch: 86 cost time: 1.395725965499878
Epoch: 86, Steps: 62 | Train Loss: 0.5885536 Vali Loss: 0.3634983 Test Loss: 0.3306631
EarlyStopping counter: 29 out of 100
Updating learning rate to 1.5926791088519817e-08
Epoch: 87 cost time: 1.4390873908996582
Epoch: 87, Steps: 62 | Train Loss: 0.5879487 Vali Loss: 0.3649099 Test Loss: 0.3305905
EarlyStopping counter: 30 out of 100
Updating learning rate to 1.4334111979667836e-08
Epoch: 88 cost time: 1.4198946952819824
Epoch: 88, Steps: 62 | Train Loss: 0.5895709 Vali Loss: 0.3654333 Test Loss: 0.3306795
EarlyStopping counter: 31 out of 100
Updating learning rate to 1.2900700781701054e-08
Epoch: 89 cost time: 1.3962006568908691
Epoch: 89, Steps: 62 | Train Loss: 0.5892153 Vali Loss: 0.3611757 Test Loss: 0.3306024
Validation loss decreased (0.361447 --> 0.361176).  Saving model ...
Updating learning rate to 1.161063070353095e-08
Epoch: 90 cost time: 1.4683046340942383
Epoch: 90, Steps: 62 | Train Loss: 0.5881568 Vali Loss: 0.3629012 Test Loss: 0.3306108
EarlyStopping counter: 1 out of 100
Updating learning rate to 1.0449567633177854e-08
Epoch: 91 cost time: 1.6250009536743164
Epoch: 91, Steps: 62 | Train Loss: 0.5891133 Vali Loss: 0.3658274 Test Loss: 0.3303794
EarlyStopping counter: 2 out of 100
Updating learning rate to 9.404610869860069e-09
Epoch: 92 cost time: 1.3978075981140137
Epoch: 92, Steps: 62 | Train Loss: 0.5886394 Vali Loss: 0.3640463 Test Loss: 0.3305752
EarlyStopping counter: 3 out of 100
Updating learning rate to 8.464149782874063e-09
Epoch: 93 cost time: 1.392364263534546
Epoch: 93, Steps: 62 | Train Loss: 0.5885008 Vali Loss: 0.3635493 Test Loss: 0.3305699
EarlyStopping counter: 4 out of 100
Updating learning rate to 7.617734804586658e-09
Epoch: 94 cost time: 1.3899905681610107
Epoch: 94, Steps: 62 | Train Loss: 0.5868497 Vali Loss: 0.3648702 Test Loss: 0.3305481
EarlyStopping counter: 5 out of 100
Updating learning rate to 6.855961324127991e-09
Epoch: 95 cost time: 1.3847801685333252
Epoch: 95, Steps: 62 | Train Loss: 0.5860294 Vali Loss: 0.3648341 Test Loss: 0.3303291
EarlyStopping counter: 6 out of 100
Updating learning rate to 6.170365191715193e-09
Epoch: 96 cost time: 1.397460699081421
Epoch: 96, Steps: 62 | Train Loss: 0.5882371 Vali Loss: 0.3653713 Test Loss: 0.3304636
EarlyStopping counter: 7 out of 100
Updating learning rate to 5.5533286725436726e-09
Epoch: 97 cost time: 1.4605286121368408
Epoch: 97, Steps: 62 | Train Loss: 0.5883443 Vali Loss: 0.3658478 Test Loss: 0.3305710
EarlyStopping counter: 8 out of 100
Updating learning rate to 4.997995805289306e-09
Epoch: 98 cost time: 1.412226676940918
Epoch: 98, Steps: 62 | Train Loss: 0.5880543 Vali Loss: 0.3622485 Test Loss: 0.3305950
EarlyStopping counter: 9 out of 100
Updating learning rate to 4.498196224760375e-09
Epoch: 99 cost time: 1.4294567108154297
Epoch: 99, Steps: 62 | Train Loss: 0.5892679 Vali Loss: 0.3663653 Test Loss: 0.3305436
EarlyStopping counter: 10 out of 100
Updating learning rate to 4.048376602284338e-09
Epoch: 100 cost time: 1.443652629852295
Epoch: 100, Steps: 62 | Train Loss: 0.5886948 Vali Loss: 0.3654191 Test Loss: 0.3306662
EarlyStopping counter: 11 out of 100
Updating learning rate to 3.643538942055904e-09
>>>>>>>testing : Flatten_etth2_336_336_PatchTST_ETTh2_ftM_sl336_ll48_pl336_dm16_nh4_el3_dl1_df128_fc1_ebtimeF_dtTrue_Exp_0<<<<<<<<<<<<<<<<<<<<<<<<<<<<<<<<<
test 2545
mse:0.3278709053993225, mae:0.3837588131427765, rse:0.4574449062347412
Args in experiment:
Namespace(random_seed=2021, is_training=1, model_id='Flatten_etth2_336_720', model='PatchTST', data='ETTh2', root_path='./dataset/', data_path='ETTh2.csv', features='M', target='OT', freq='h', checkpoints='./checkpoints/', seq_len=336, label_len=48, pred_len=720, head_type='flatten', fc_dropout=0.3, head_dropout=0.0, patch_len=16, stride=8, padding_patch='end', revin=1, affine=0, subtract_last=0, decomposition=0, kernel_size=25, individual=0, embed_type=0, enc_in=7, dec_in=7, c_out=7, d_model=16, n_heads=4, e_layers=3, d_layers=1, d_ff=128, moving_avg=25, factor=1, distil=True, dropout=0.3, embed='timeF', activation='gelu', output_attention=False, do_predict=False, num_workers=0, itr=1, train_epochs=100, batch_size=128, patience=100, learning_rate=0.0001, des='Exp', loss='mse', lradj='type3', pct_start=0.3, use_amp=False, use_gpu=True, gpu=0, use_multi_gpu=False, devices='0,1,2,3', test_flop=False)
Use GPU: cuda:0
>>>>>>>start training : Flatten_etth2_336_720_PatchTST_ETTh2_ftM_sl336_ll48_pl720_dm16_nh4_el3_dl1_df128_fc1_ebtimeF_dtTrue_Exp_0>>>>>>>>>>>>>>>>>>>>>>>>>>
train 7585
val 2161
test 2161
Epoch: 1 cost time: 1.73860764503479
Epoch: 1, Steps: 59 | Train Loss: 0.9805456 Vali Loss: 0.7656202 Test Loss: 0.4364187
Validation loss decreased (inf --> 0.765620).  Saving model ...
Updating learning rate to 0.0001
Epoch: 2 cost time: 1.1709258556365967
Epoch: 2, Steps: 59 | Train Loss: 0.9206365 Vali Loss: 0.6813542 Test Loss: 0.3995454
Validation loss decreased (0.765620 --> 0.681354).  Saving model ...
Updating learning rate to 0.0001
Epoch: 3 cost time: 1.1935818195343018
Epoch: 3, Steps: 59 | Train Loss: 0.8672742 Vali Loss: 0.6530188 Test Loss: 0.3905645
Validation loss decreased (0.681354 --> 0.653019).  Saving model ...
Updating learning rate to 0.0001
Epoch: 4 cost time: 1.2058851718902588
Epoch: 4, Steps: 59 | Train Loss: 0.8422006 Vali Loss: 0.6428266 Test Loss: 0.3860834
Validation loss decreased (0.653019 --> 0.642827).  Saving model ...
Updating learning rate to 9e-05
Epoch: 5 cost time: 1.1892194747924805
Epoch: 5, Steps: 59 | Train Loss: 0.8288783 Vali Loss: 0.6316008 Test Loss: 0.3837335
Validation loss decreased (0.642827 --> 0.631601).  Saving model ...
Updating learning rate to 8.1e-05
Epoch: 6 cost time: 1.1879417896270752
Epoch: 6, Steps: 59 | Train Loss: 0.8197168 Vali Loss: 0.6255050 Test Loss: 0.3820011
Validation loss decreased (0.631601 --> 0.625505).  Saving model ...
Updating learning rate to 7.290000000000001e-05
Epoch: 7 cost time: 1.2657387256622314
Epoch: 7, Steps: 59 | Train Loss: 0.8149692 Vali Loss: 0.6199414 Test Loss: 0.3816718
Validation loss decreased (0.625505 --> 0.619941).  Saving model ...
Updating learning rate to 6.561e-05
Epoch: 8 cost time: 1.1958045959472656
Epoch: 8, Steps: 59 | Train Loss: 0.8109212 Vali Loss: 0.6188028 Test Loss: 0.3810799
Validation loss decreased (0.619941 --> 0.618803).  Saving model ...
Updating learning rate to 5.904900000000001e-05
Epoch: 9 cost time: 1.3255548477172852
Epoch: 9, Steps: 59 | Train Loss: 0.8079006 Vali Loss: 0.6187072 Test Loss: 0.3806924
Validation loss decreased (0.618803 --> 0.618707).  Saving model ...
Updating learning rate to 5.3144100000000005e-05
Epoch: 10 cost time: 1.2354490756988525
Epoch: 10, Steps: 59 | Train Loss: 0.8047887 Vali Loss: 0.6218906 Test Loss: 0.3801944
EarlyStopping counter: 1 out of 100
Updating learning rate to 4.782969000000001e-05
Epoch: 11 cost time: 1.2343692779541016
Epoch: 11, Steps: 59 | Train Loss: 0.8047315 Vali Loss: 0.6145601 Test Loss: 0.3799589
Validation loss decreased (0.618707 --> 0.614560).  Saving model ...
Updating learning rate to 4.304672100000001e-05
Epoch: 12 cost time: 1.3086655139923096
Epoch: 12, Steps: 59 | Train Loss: 0.8028217 Vali Loss: 0.6171174 Test Loss: 0.3796326
EarlyStopping counter: 1 out of 100
Updating learning rate to 3.874204890000001e-05
Epoch: 13 cost time: 1.2077293395996094
Epoch: 13, Steps: 59 | Train Loss: 0.8021763 Vali Loss: 0.6117330 Test Loss: 0.3791351
Validation loss decreased (0.614560 --> 0.611733).  Saving model ...
Updating learning rate to 3.486784401000001e-05
Epoch: 14 cost time: 1.2147412300109863
Epoch: 14, Steps: 59 | Train Loss: 0.8011345 Vali Loss: 0.6160778 Test Loss: 0.3789301
EarlyStopping counter: 1 out of 100
Updating learning rate to 3.138105960900001e-05
Epoch: 15 cost time: 1.2118713855743408
Epoch: 15, Steps: 59 | Train Loss: 0.7980212 Vali Loss: 0.6153890 Test Loss: 0.3788778
EarlyStopping counter: 2 out of 100
Updating learning rate to 2.824295364810001e-05
Epoch: 16 cost time: 1.1924519538879395
Epoch: 16, Steps: 59 | Train Loss: 0.7983982 Vali Loss: 0.6136090 Test Loss: 0.3785259
EarlyStopping counter: 3 out of 100
Updating learning rate to 2.541865828329001e-05
Epoch: 17 cost time: 1.1843774318695068
Epoch: 17, Steps: 59 | Train Loss: 0.7964894 Vali Loss: 0.6133088 Test Loss: 0.3780120
EarlyStopping counter: 4 out of 100
Updating learning rate to 2.287679245496101e-05
Epoch: 18 cost time: 1.1974990367889404
Epoch: 18, Steps: 59 | Train Loss: 0.7965528 Vali Loss: 0.6202861 Test Loss: 0.3774461
EarlyStopping counter: 5 out of 100
Updating learning rate to 2.0589113209464907e-05
Epoch: 19 cost time: 1.3282783031463623
Epoch: 19, Steps: 59 | Train Loss: 0.7954810 Vali Loss: 0.6135454 Test Loss: 0.3770109
EarlyStopping counter: 6 out of 100
Updating learning rate to 1.8530201888518416e-05
Epoch: 20 cost time: 1.1752772331237793
Epoch: 20, Steps: 59 | Train Loss: 0.7944958 Vali Loss: 0.6162419 Test Loss: 0.3767017
EarlyStopping counter: 7 out of 100
Updating learning rate to 1.6677181699666577e-05
Epoch: 21 cost time: 1.3572990894317627
Epoch: 21, Steps: 59 | Train Loss: 0.7917532 Vali Loss: 0.6191829 Test Loss: 0.3764206
EarlyStopping counter: 8 out of 100
Updating learning rate to 1.5009463529699919e-05
Epoch: 22 cost time: 1.3712716102600098
Epoch: 22, Steps: 59 | Train Loss: 0.7936647 Vali Loss: 0.6177227 Test Loss: 0.3761855
EarlyStopping counter: 9 out of 100
Updating learning rate to 1.3508517176729929e-05
Epoch: 23 cost time: 1.3699300289154053
Epoch: 23, Steps: 59 | Train Loss: 0.7927914 Vali Loss: 0.6180542 Test Loss: 0.3757514
EarlyStopping counter: 10 out of 100
Updating learning rate to 1.2157665459056936e-05
Epoch: 24 cost time: 1.3759958744049072
Epoch: 24, Steps: 59 | Train Loss: 0.7908305 Vali Loss: 0.6165319 Test Loss: 0.3754708
EarlyStopping counter: 11 out of 100
Updating learning rate to 1.0941898913151242e-05
Epoch: 25 cost time: 1.357841968536377
Epoch: 25, Steps: 59 | Train Loss: 0.7892291 Vali Loss: 0.6201724 Test Loss: 0.3752289
EarlyStopping counter: 12 out of 100
Updating learning rate to 9.847709021836118e-06
Epoch: 26 cost time: 1.351013422012329
Epoch: 26, Steps: 59 | Train Loss: 0.7896356 Vali Loss: 0.6199518 Test Loss: 0.3749691
EarlyStopping counter: 13 out of 100
Updating learning rate to 8.862938119652508e-06
Epoch: 27 cost time: 1.3582496643066406
Epoch: 27, Steps: 59 | Train Loss: 0.7886747 Vali Loss: 0.6204267 Test Loss: 0.3748327
EarlyStopping counter: 14 out of 100
Updating learning rate to 7.976644307687255e-06
Epoch: 28 cost time: 1.3715178966522217
Epoch: 28, Steps: 59 | Train Loss: 0.7900274 Vali Loss: 0.6193478 Test Loss: 0.3748110
EarlyStopping counter: 15 out of 100
Updating learning rate to 7.178979876918531e-06
Epoch: 29 cost time: 1.3534469604492188
Epoch: 29, Steps: 59 | Train Loss: 0.7892364 Vali Loss: 0.6203141 Test Loss: 0.3745663
EarlyStopping counter: 16 out of 100
Updating learning rate to 6.4610818892266776e-06
Epoch: 30 cost time: 1.3758134841918945
Epoch: 30, Steps: 59 | Train Loss: 0.7897297 Vali Loss: 0.6199162 Test Loss: 0.3744232
EarlyStopping counter: 17 out of 100
Updating learning rate to 5.8149737003040096e-06
Epoch: 31 cost time: 1.506258487701416
Epoch: 31, Steps: 59 | Train Loss: 0.7882200 Vali Loss: 0.6183392 Test Loss: 0.3745757
EarlyStopping counter: 18 out of 100
Updating learning rate to 5.23347633027361e-06
Epoch: 32 cost time: 1.829716444015503
Epoch: 32, Steps: 59 | Train Loss: 0.7886114 Vali Loss: 0.6246186 Test Loss: 0.3744110
EarlyStopping counter: 19 out of 100
Updating learning rate to 4.710128697246249e-06
Epoch: 33 cost time: 1.6748087406158447
Epoch: 33, Steps: 59 | Train Loss: 0.7877127 Vali Loss: 0.6213603 Test Loss: 0.3744069
EarlyStopping counter: 20 out of 100
Updating learning rate to 4.239115827521624e-06
Epoch: 34 cost time: 1.1450178623199463
Epoch: 34, Steps: 59 | Train Loss: 0.7865158 Vali Loss: 0.6185567 Test Loss: 0.3742654
EarlyStopping counter: 21 out of 100
Updating learning rate to 3.815204244769462e-06
Epoch: 35 cost time: 1.2953760623931885
Epoch: 35, Steps: 59 | Train Loss: 0.7869092 Vali Loss: 0.6244500 Test Loss: 0.3742661
EarlyStopping counter: 22 out of 100
Updating learning rate to 3.4336838202925152e-06
Epoch: 36 cost time: 1.912675380706787
Epoch: 36, Steps: 59 | Train Loss: 0.7867732 Vali Loss: 0.6226743 Test Loss: 0.3742908
EarlyStopping counter: 23 out of 100
Updating learning rate to 3.090315438263264e-06
Epoch: 37 cost time: 1.378171443939209
Epoch: 37, Steps: 59 | Train Loss: 0.7867145 Vali Loss: 0.6203266 Test Loss: 0.3743800
EarlyStopping counter: 24 out of 100
Updating learning rate to 2.7812838944369375e-06
Epoch: 38 cost time: 1.2461907863616943
Epoch: 38, Steps: 59 | Train Loss: 0.7847922 Vali Loss: 0.6273165 Test Loss: 0.3741319
EarlyStopping counter: 25 out of 100
Updating learning rate to 2.503155504993244e-06
Epoch: 39 cost time: 1.4641249179840088
Epoch: 39, Steps: 59 | Train Loss: 0.7856419 Vali Loss: 0.6268222 Test Loss: 0.3741723
EarlyStopping counter: 26 out of 100
Updating learning rate to 2.2528399544939195e-06
Epoch: 40 cost time: 1.4891080856323242
Epoch: 40, Steps: 59 | Train Loss: 0.7871378 Vali Loss: 0.6192607 Test Loss: 0.3741739
EarlyStopping counter: 27 out of 100
Updating learning rate to 2.0275559590445276e-06
Epoch: 41 cost time: 1.1797192096710205
Epoch: 41, Steps: 59 | Train Loss: 0.7831532 Vali Loss: 0.6203526 Test Loss: 0.3741766
EarlyStopping counter: 28 out of 100
Updating learning rate to 1.8248003631400751e-06
Epoch: 42 cost time: 1.2662162780761719
Epoch: 42, Steps: 59 | Train Loss: 0.7871594 Vali Loss: 0.6223127 Test Loss: 0.3741443
EarlyStopping counter: 29 out of 100
Updating learning rate to 1.6423203268260676e-06
Epoch: 43 cost time: 1.1929616928100586
Epoch: 43, Steps: 59 | Train Loss: 0.7858359 Vali Loss: 0.6208072 Test Loss: 0.3741686
EarlyStopping counter: 30 out of 100
Updating learning rate to 1.4780882941434609e-06
Epoch: 44 cost time: 1.4345300197601318
Epoch: 44, Steps: 59 | Train Loss: 0.7872376 Vali Loss: 0.6208705 Test Loss: 0.3741800
EarlyStopping counter: 31 out of 100
Updating learning rate to 1.3302794647291146e-06
Epoch: 45 cost time: 1.5727179050445557
Epoch: 45, Steps: 59 | Train Loss: 0.7858312 Vali Loss: 0.6223509 Test Loss: 0.3741118
EarlyStopping counter: 32 out of 100
Updating learning rate to 1.1972515182562034e-06
Epoch: 46 cost time: 1.4491255283355713
Epoch: 46, Steps: 59 | Train Loss: 0.7858145 Vali Loss: 0.6205481 Test Loss: 0.3741553
EarlyStopping counter: 33 out of 100
Updating learning rate to 1.077526366430583e-06
Epoch: 47 cost time: 1.442812204360962
Epoch: 47, Steps: 59 | Train Loss: 0.7872467 Vali Loss: 0.6228310 Test Loss: 0.3741415
EarlyStopping counter: 34 out of 100
Updating learning rate to 9.697737297875248e-07
Epoch: 48 cost time: 1.1790690422058105
Epoch: 48, Steps: 59 | Train Loss: 0.7853798 Vali Loss: 0.6217051 Test Loss: 0.3741594
EarlyStopping counter: 35 out of 100
Updating learning rate to 8.727963568087723e-07
Epoch: 49 cost time: 1.2043511867523193
Epoch: 49, Steps: 59 | Train Loss: 0.7848405 Vali Loss: 0.6197346 Test Loss: 0.3741288
EarlyStopping counter: 36 out of 100
Updating learning rate to 7.855167211278951e-07
Epoch: 50 cost time: 1.4927420616149902
Epoch: 50, Steps: 59 | Train Loss: 0.7870804 Vali Loss: 0.6251302 Test Loss: 0.3741580
EarlyStopping counter: 37 out of 100
Updating learning rate to 7.069650490151056e-07
Epoch: 51 cost time: 1.4385483264923096
Epoch: 51, Steps: 59 | Train Loss: 0.7860971 Vali Loss: 0.6220187 Test Loss: 0.3741158
EarlyStopping counter: 38 out of 100
Updating learning rate to 6.36268544113595e-07
Epoch: 52 cost time: 1.186119556427002
Epoch: 52, Steps: 59 | Train Loss: 0.7844734 Vali Loss: 0.6222851 Test Loss: 0.3741762
EarlyStopping counter: 39 out of 100
Updating learning rate to 5.726416897022355e-07
Epoch: 53 cost time: 1.2711243629455566
Epoch: 53, Steps: 59 | Train Loss: 0.7854945 Vali Loss: 0.6210920 Test Loss: 0.3741137
EarlyStopping counter: 40 out of 100
Updating learning rate to 5.15377520732012e-07
Epoch: 54 cost time: 1.5470633506774902
Epoch: 54, Steps: 59 | Train Loss: 0.7855006 Vali Loss: 0.6248868 Test Loss: 0.3741685
EarlyStopping counter: 41 out of 100
Updating learning rate to 4.6383976865881085e-07
Epoch: 55 cost time: 1.5097384452819824
Epoch: 55, Steps: 59 | Train Loss: 0.7846347 Vali Loss: 0.6254863 Test Loss: 0.3740503
EarlyStopping counter: 42 out of 100
Updating learning rate to 4.174557917929298e-07
Epoch: 56 cost time: 1.5059459209442139
Epoch: 56, Steps: 59 | Train Loss: 0.7864302 Vali Loss: 0.6230906 Test Loss: 0.3740814
EarlyStopping counter: 43 out of 100
Updating learning rate to 3.7571021261363677e-07
Epoch: 57 cost time: 1.1958656311035156
Epoch: 57, Steps: 59 | Train Loss: 0.7854424 Vali Loss: 0.6209174 Test Loss: 0.3741140
EarlyStopping counter: 44 out of 100
Updating learning rate to 3.381391913522731e-07
Epoch: 58 cost time: 1.1844398975372314
Epoch: 58, Steps: 59 | Train Loss: 0.7868615 Vali Loss: 0.6203930 Test Loss: 0.3740004
EarlyStopping counter: 45 out of 100
Updating learning rate to 3.043252722170458e-07
Epoch: 59 cost time: 1.210808277130127
Epoch: 59, Steps: 59 | Train Loss: 0.7851091 Vali Loss: 0.6210105 Test Loss: 0.3741494
EarlyStopping counter: 46 out of 100
Updating learning rate to 2.7389274499534124e-07
Epoch: 60 cost time: 1.2895526885986328
Epoch: 60, Steps: 59 | Train Loss: 0.7871983 Vali Loss: 0.6230877 Test Loss: 0.3741429
EarlyStopping counter: 47 out of 100
Updating learning rate to 2.465034704958071e-07
Epoch: 61 cost time: 1.5643362998962402
Epoch: 61, Steps: 59 | Train Loss: 0.7857349 Vali Loss: 0.6248072 Test Loss: 0.3740296
EarlyStopping counter: 48 out of 100
Updating learning rate to 2.218531234462264e-07
Epoch: 62 cost time: 1.6238324642181396
Epoch: 62, Steps: 59 | Train Loss: 0.7870209 Vali Loss: 0.6195477 Test Loss: 0.3740618
EarlyStopping counter: 49 out of 100
Updating learning rate to 1.9966781110160376e-07
Epoch: 63 cost time: 1.2094905376434326
Epoch: 63, Steps: 59 | Train Loss: 0.7840121 Vali Loss: 0.6230391 Test Loss: 0.3740944
EarlyStopping counter: 50 out of 100
Updating learning rate to 1.797010299914434e-07
Epoch: 64 cost time: 1.2038547992706299
Epoch: 64, Steps: 59 | Train Loss: 0.7872028 Vali Loss: 0.6208937 Test Loss: 0.3741394
EarlyStopping counter: 51 out of 100
Updating learning rate to 1.6173092699229907e-07
Epoch: 65 cost time: 1.3369166851043701
Epoch: 65, Steps: 59 | Train Loss: 0.7848418 Vali Loss: 0.6233665 Test Loss: 0.3740290
EarlyStopping counter: 52 out of 100
Updating learning rate to 1.4555783429306916e-07
Epoch: 66 cost time: 1.200427770614624
Epoch: 66, Steps: 59 | Train Loss: 0.7855951 Vali Loss: 0.6199838 Test Loss: 0.3741173
EarlyStopping counter: 53 out of 100
Updating learning rate to 1.3100205086376224e-07
Epoch: 67 cost time: 1.3024218082427979
Epoch: 67, Steps: 59 | Train Loss: 0.7858363 Vali Loss: 0.6244807 Test Loss: 0.3740458
EarlyStopping counter: 54 out of 100
Updating learning rate to 1.1790184577738603e-07
Epoch: 68 cost time: 1.528106451034546
Epoch: 68, Steps: 59 | Train Loss: 0.7837208 Vali Loss: 0.6233328 Test Loss: 0.3740137
EarlyStopping counter: 55 out of 100
Updating learning rate to 1.0611166119964742e-07
Epoch: 69 cost time: 1.2139968872070312
Epoch: 69, Steps: 59 | Train Loss: 0.7845696 Vali Loss: 0.6221780 Test Loss: 0.3741420
EarlyStopping counter: 56 out of 100
Updating learning rate to 9.550049507968268e-08
Epoch: 70 cost time: 1.2340152263641357
Epoch: 70, Steps: 59 | Train Loss: 0.7866865 Vali Loss: 0.6201528 Test Loss: 0.3740894
EarlyStopping counter: 57 out of 100
Updating learning rate to 8.595044557171442e-08
Epoch: 71 cost time: 1.2381558418273926
Epoch: 71, Steps: 59 | Train Loss: 0.7854874 Vali Loss: 0.6219550 Test Loss: 0.3740976
EarlyStopping counter: 58 out of 100
Updating learning rate to 7.735540101454298e-08
Epoch: 72 cost time: 1.4407811164855957
Epoch: 72, Steps: 59 | Train Loss: 0.7844066 Vali Loss: 0.6222694 Test Loss: 0.3740697
EarlyStopping counter: 59 out of 100
Updating learning rate to 6.961986091308869e-08
Epoch: 73 cost time: 1.4714393615722656
Epoch: 73, Steps: 59 | Train Loss: 0.7838816 Vali Loss: 0.6261678 Test Loss: 0.3741237
EarlyStopping counter: 60 out of 100
Updating learning rate to 6.265787482177981e-08
Epoch: 74 cost time: 1.2411396503448486
Epoch: 74, Steps: 59 | Train Loss: 0.7861181 Vali Loss: 0.6248211 Test Loss: 0.3739480
EarlyStopping counter: 61 out of 100
Updating learning rate to 5.639208733960184e-08
Epoch: 75 cost time: 1.3090324401855469
Epoch: 75, Steps: 59 | Train Loss: 0.7856239 Vali Loss: 0.6236279 Test Loss: 0.3739990
EarlyStopping counter: 62 out of 100
Updating learning rate to 5.075287860564165e-08
Epoch: 76 cost time: 1.611757755279541
Epoch: 76, Steps: 59 | Train Loss: 0.7857616 Vali Loss: 0.6193734 Test Loss: 0.3740690
EarlyStopping counter: 63 out of 100
Updating learning rate to 4.567759074507749e-08
Epoch: 77 cost time: 1.2275323867797852
Epoch: 77, Steps: 59 | Train Loss: 0.7861885 Vali Loss: 0.6244107 Test Loss: 0.3740315
EarlyStopping counter: 64 out of 100
Updating learning rate to 4.1109831670569744e-08
Epoch: 78 cost time: 1.2544302940368652
Epoch: 78, Steps: 59 | Train Loss: 0.7851160 Vali Loss: 0.6234140 Test Loss: 0.3740871
EarlyStopping counter: 65 out of 100
Updating learning rate to 3.6998848503512764e-08
Epoch: 79 cost time: 1.2389342784881592
Epoch: 79, Steps: 59 | Train Loss: 0.7854852 Vali Loss: 0.6240065 Test Loss: 0.3740236
EarlyStopping counter: 66 out of 100
Updating learning rate to 3.3298963653161496e-08
Epoch: 80 cost time: 1.3773236274719238
Epoch: 80, Steps: 59 | Train Loss: 0.7867734 Vali Loss: 0.6186422 Test Loss: 0.3740376
EarlyStopping counter: 67 out of 100
Updating learning rate to 2.996906728784534e-08
Epoch: 81 cost time: 1.6211977005004883
Epoch: 81, Steps: 59 | Train Loss: 0.7850886 Vali Loss: 0.6195851 Test Loss: 0.3740611
EarlyStopping counter: 68 out of 100
Updating learning rate to 2.697216055906081e-08
Epoch: 82 cost time: 1.227996826171875
Epoch: 82, Steps: 59 | Train Loss: 0.7865764 Vali Loss: 0.6223626 Test Loss: 0.3740450
EarlyStopping counter: 69 out of 100
Updating learning rate to 2.427494450315473e-08
Epoch: 83 cost time: 1.2417144775390625
Epoch: 83, Steps: 59 | Train Loss: 0.7848912 Vali Loss: 0.6210987 Test Loss: 0.3740263
EarlyStopping counter: 70 out of 100
Updating learning rate to 2.1847450052839257e-08
Epoch: 84 cost time: 1.264084815979004
Epoch: 84, Steps: 59 | Train Loss: 0.7858050 Vali Loss: 0.6226540 Test Loss: 0.3740630
EarlyStopping counter: 71 out of 100
Updating learning rate to 1.9662705047555332e-08
Epoch: 85 cost time: 1.294135570526123
Epoch: 85, Steps: 59 | Train Loss: 0.7874348 Vali Loss: 0.6253363 Test Loss: 0.3740462
EarlyStopping counter: 72 out of 100
Updating learning rate to 1.7696434542799797e-08
Epoch: 86 cost time: 2.1305172443389893
Epoch: 86, Steps: 59 | Train Loss: 0.7872674 Vali Loss: 0.6236897 Test Loss: 0.3739938
EarlyStopping counter: 73 out of 100
Updating learning rate to 1.5926791088519817e-08
Epoch: 87 cost time: 1.3116567134857178
Epoch: 87, Steps: 59 | Train Loss: 0.7852939 Vali Loss: 0.6218067 Test Loss: 0.3741312
EarlyStopping counter: 74 out of 100
Updating learning rate to 1.4334111979667836e-08
Epoch: 88 cost time: 1.5533359050750732
Epoch: 88, Steps: 59 | Train Loss: 0.7870105 Vali Loss: 0.6228371 Test Loss: 0.3740306
EarlyStopping counter: 75 out of 100
Updating learning rate to 1.2900700781701054e-08
Epoch: 89 cost time: 1.5672647953033447
Epoch: 89, Steps: 59 | Train Loss: 0.7868654 Vali Loss: 0.6253258 Test Loss: 0.3740822
EarlyStopping counter: 76 out of 100
Updating learning rate to 1.161063070353095e-08
Epoch: 90 cost time: 1.559096336364746
Epoch: 90, Steps: 59 | Train Loss: 0.7862363 Vali Loss: 0.6256599 Test Loss: 0.3740853
EarlyStopping counter: 77 out of 100
Updating learning rate to 1.0449567633177854e-08
Epoch: 91 cost time: 1.198535680770874
Epoch: 91, Steps: 59 | Train Loss: 0.7873577 Vali Loss: 0.6211506 Test Loss: 0.3740593
EarlyStopping counter: 78 out of 100
Updating learning rate to 9.404610869860069e-09
Epoch: 92 cost time: 1.327223539352417
Epoch: 92, Steps: 59 | Train Loss: 0.7854573 Vali Loss: 0.6179635 Test Loss: 0.3740152
EarlyStopping counter: 79 out of 100
Updating learning rate to 8.464149782874063e-09
Epoch: 93 cost time: 1.2212631702423096
Epoch: 93, Steps: 59 | Train Loss: 0.7860438 Vali Loss: 0.6216619 Test Loss: 0.3741195
EarlyStopping counter: 80 out of 100
Updating learning rate to 7.617734804586658e-09
Epoch: 94 cost time: 1.610870122909546
Epoch: 94, Steps: 59 | Train Loss: 0.7855774 Vali Loss: 0.6203489 Test Loss: 0.3741158
EarlyStopping counter: 81 out of 100
Updating learning rate to 6.855961324127991e-09
Epoch: 95 cost time: 1.562305212020874
Epoch: 95, Steps: 59 | Train Loss: 0.7850688 Vali Loss: 0.6197910 Test Loss: 0.3740345
EarlyStopping counter: 82 out of 100
Updating learning rate to 6.170365191715193e-09
Epoch: 96 cost time: 1.3538522720336914
Epoch: 96, Steps: 59 | Train Loss: 0.7844218 Vali Loss: 0.6243392 Test Loss: 0.3740103
EarlyStopping counter: 83 out of 100
Updating learning rate to 5.5533286725436726e-09
Epoch: 97 cost time: 1.2086551189422607
Epoch: 97, Steps: 59 | Train Loss: 0.7850178 Vali Loss: 0.6218174 Test Loss: 0.3740306
EarlyStopping counter: 84 out of 100
Updating learning rate to 4.997995805289306e-09
Epoch: 98 cost time: 1.2596027851104736
Epoch: 98, Steps: 59 | Train Loss: 0.7861279 Vali Loss: 0.6228954 Test Loss: 0.3740822
EarlyStopping counter: 85 out of 100
Updating learning rate to 4.498196224760375e-09
Epoch: 99 cost time: 2.0418009757995605
Epoch: 99, Steps: 59 | Train Loss: 0.7865196 Vali Loss: 0.6202075 Test Loss: 0.3740918
EarlyStopping counter: 86 out of 100
Updating learning rate to 4.048376602284338e-09
Epoch: 100 cost time: 1.8090732097625732
Epoch: 100, Steps: 59 | Train Loss: 0.7850426 Vali Loss: 0.6232437 Test Loss: 0.3739948
EarlyStopping counter: 87 out of 100
Updating learning rate to 3.643538942055904e-09
>>>>>>>testing : Flatten_etth2_336_720_PatchTST_ETTh2_ftM_sl336_ll48_pl720_dm16_nh4_el3_dl1_df128_fc1_ebtimeF_dtTrue_Exp_0<<<<<<<<<<<<<<<<<<<<<<<<<<<<<<<<<
test 2161
mse:0.3806615471839905, mae:0.42574653029441833, rse:0.49464836716651917
