==========================================================
SÚPER ARRAY TFG - TAREA ID: 93 / 113
Nodo: dionisio
Dataset: weather | Experimento: NL_weather_flatten_lr0.00005_always
Cabeza: flatten | LR: 0.00005 | Política: always
==========================================================
Args in experiment:
Namespace(random_seed=2021, is_training=1, model_id='NL_weather_flatten_lr0.00005_always_336_96', model='PatchTST', data='custom', root_path='./dataset/', data_path='weather.csv', features='M', target='OT', freq='h', checkpoints='./checkpoints/', seq_len=336, label_len=48, pred_len=96, head_type='flatten', cms_lr=5e-05, update_policy='always', fc_dropout=0.2, head_dropout=0.0, patch_len=16, stride=8, padding_patch='end', revin=1, affine=0, subtract_last=0, decomposition=0, kernel_size=25, individual=0, embed_type=0, enc_in=21, dec_in=7, c_out=7, d_model=128, n_heads=16, e_layers=3, d_layers=1, d_ff=256, moving_avg=25, factor=1, distil=True, dropout=0.2, embed='timeF', activation='gelu', output_attention=False, do_predict=False, num_workers=0, itr=1, train_epochs=100, batch_size=128, patience=20, learning_rate=0.0001, des='Nested_Learning', loss='mse', lradj='type3', pct_start=0.3, use_amp=False, use_gpu=True, gpu=0, use_multi_gpu=False, devices='0,1,2,3', test_flop=False)
Use GPU: cuda:0
>>>>>>>start training : NL_weather_flatten_lr0.00005_always_336_96_PatchTST_custom_ftM_sl336_ll48_pl96_dm128_nh16_el3_dl1_df256_fc1_ebtimeF_dtTruelr5e-05_polalways_Nested_Learning_0>>>>>>>>>>>>>>>>>>>>>>>>>>
train 36456
val 5175
test 10444
	iters: 100, epoch: 1 | loss: 0.7010335
	speed: 0.1868s/iter; left time: 5287.2489s
	iters: 200, epoch: 1 | loss: 0.7004402
	speed: 0.1197s/iter; left time: 3376.7233s
Epoch: 1 cost time: 35.212754011154175
Epoch: 1, Steps: 284 | Train Loss: 0.7457538 Vali Loss: 0.5413513 Test Loss: 0.2213813
Validation loss decreased (inf --> 0.541351).  Saving model ...
Updating learning rate to 0.0001
	iters: 100, epoch: 2 | loss: 0.3527751
	speed: 0.2820s/iter; left time: 7901.3886s
	iters: 200, epoch: 2 | loss: 0.4068260
	speed: 0.1209s/iter; left time: 3376.3337s
Epoch: 2 cost time: 34.300111293792725
Epoch: 2, Steps: 284 | Train Loss: 0.4903953 Vali Loss: 0.4192045 Test Loss: 0.1700536
Validation loss decreased (0.541351 --> 0.419205).  Saving model ...
Updating learning rate to 0.0001
	iters: 100, epoch: 3 | loss: 0.4490213
	speed: 0.2830s/iter; left time: 7849.2921s
	iters: 200, epoch: 3 | loss: 0.4185444
	speed: 0.1212s/iter; left time: 3349.9843s
Epoch: 3 cost time: 34.37657070159912
Epoch: 3, Steps: 284 | Train Loss: 0.4484225 Vali Loss: 0.4054736 Test Loss: 0.1625005
Validation loss decreased (0.419205 --> 0.405474).  Saving model ...
Updating learning rate to 0.0001
	iters: 100, epoch: 4 | loss: 0.3604078
	speed: 0.2835s/iter; left time: 7781.4943s
	iters: 200, epoch: 4 | loss: 0.6360841
	speed: 0.1215s/iter; left time: 3321.8424s
Epoch: 4 cost time: 34.437089920043945
Epoch: 4, Steps: 284 | Train Loss: 0.4407963 Vali Loss: 0.3952292 Test Loss: 0.1594852
Validation loss decreased (0.405474 --> 0.395229).  Saving model ...
Updating learning rate to 9e-05
	iters: 100, epoch: 5 | loss: 0.3681185
	speed: 0.2840s/iter; left time: 7715.8089s
	iters: 200, epoch: 5 | loss: 0.8107256
	speed: 0.1215s/iter; left time: 3287.2657s
Epoch: 5 cost time: 34.44031262397766
Epoch: 5, Steps: 284 | Train Loss: 0.4354926 Vali Loss: 0.3960739 Test Loss: 0.1582693
EarlyStopping counter: 1 out of 20
Updating learning rate to 8.1e-05
	iters: 100, epoch: 6 | loss: 0.3595802
	speed: 0.2832s/iter; left time: 7613.5946s
	iters: 200, epoch: 6 | loss: 0.4250427
	speed: 0.1216s/iter; left time: 3256.2510s
Epoch: 6 cost time: 34.479151010513306
Epoch: 6, Steps: 284 | Train Loss: 0.4324136 Vali Loss: 0.3939835 Test Loss: 0.1560852
Validation loss decreased (0.395229 --> 0.393983).  Saving model ...
Updating learning rate to 7.290000000000001e-05
	iters: 100, epoch: 7 | loss: 0.5605103
	speed: 0.2844s/iter; left time: 7563.5381s
	iters: 200, epoch: 7 | loss: 0.3139193
	speed: 0.1215s/iter; left time: 3219.2584s
Epoch: 7 cost time: 34.448728799819946
Epoch: 7, Steps: 284 | Train Loss: 0.4298054 Vali Loss: 0.3930130 Test Loss: 0.1558803
Validation loss decreased (0.393983 --> 0.393013).  Saving model ...
Updating learning rate to 6.561e-05
	iters: 100, epoch: 8 | loss: 0.3634236
	speed: 0.2835s/iter; left time: 7459.3044s
	iters: 200, epoch: 8 | loss: 0.5487851
	speed: 0.1214s/iter; left time: 3182.8467s
Epoch: 8 cost time: 34.44194746017456
Epoch: 8, Steps: 284 | Train Loss: 0.4274718 Vali Loss: 0.3958197 Test Loss: 0.1543915
EarlyStopping counter: 1 out of 20
Updating learning rate to 5.904900000000001e-05
	iters: 100, epoch: 9 | loss: 0.6047119
	speed: 0.2831s/iter; left time: 7368.9800s
	iters: 200, epoch: 9 | loss: 0.3091480
	speed: 0.1213s/iter; left time: 3146.3582s
Epoch: 9 cost time: 34.43008065223694
Epoch: 9, Steps: 284 | Train Loss: 0.4252002 Vali Loss: 0.3984164 Test Loss: 0.1554726
EarlyStopping counter: 2 out of 20
Updating learning rate to 5.3144100000000005e-05
	iters: 100, epoch: 10 | loss: 0.4001008
	speed: 0.2828s/iter; left time: 7281.3122s
	iters: 200, epoch: 10 | loss: 0.3126702
	speed: 0.1213s/iter; left time: 3110.4732s
Epoch: 10 cost time: 34.40116620063782
Epoch: 10, Steps: 284 | Train Loss: 0.4235477 Vali Loss: 0.3967863 Test Loss: 0.1536207
EarlyStopping counter: 3 out of 20
Updating learning rate to 4.782969000000001e-05
	iters: 100, epoch: 11 | loss: 0.3043050
	speed: 0.2827s/iter; left time: 7196.6369s
	iters: 200, epoch: 11 | loss: 0.5216813
	speed: 0.1213s/iter; left time: 3075.6672s
Epoch: 11 cost time: 34.39990425109863
Epoch: 11, Steps: 284 | Train Loss: 0.4225796 Vali Loss: 0.3951031 Test Loss: 0.1539945
EarlyStopping counter: 4 out of 20
Updating learning rate to 4.304672100000001e-05
	iters: 100, epoch: 12 | loss: 0.7258343
	speed: 0.2826s/iter; left time: 7113.9662s
	iters: 200, epoch: 12 | loss: 0.4110004
	speed: 0.1213s/iter; left time: 3041.9302s
Epoch: 12 cost time: 34.395408391952515
Epoch: 12, Steps: 284 | Train Loss: 0.4213377 Vali Loss: 0.3967548 Test Loss: 0.1525678
EarlyStopping counter: 5 out of 20
Updating learning rate to 3.874204890000001e-05
	iters: 100, epoch: 13 | loss: 0.6137264
	speed: 0.2826s/iter; left time: 7035.3854s
	iters: 200, epoch: 13 | loss: 0.3227520
	speed: 0.1213s/iter; left time: 3006.8787s
Epoch: 13 cost time: 34.38367772102356
Epoch: 13, Steps: 284 | Train Loss: 0.4190043 Vali Loss: 0.3946889 Test Loss: 0.1532204
EarlyStopping counter: 6 out of 20
Updating learning rate to 3.486784401000001e-05
	iters: 100, epoch: 14 | loss: 0.2998020
	speed: 0.2823s/iter; left time: 6947.5170s
	iters: 200, epoch: 14 | loss: 0.3106987
	speed: 0.1212s/iter; left time: 2971.0848s
Epoch: 14 cost time: 34.38148212432861
Epoch: 14, Steps: 284 | Train Loss: 0.4179081 Vali Loss: 0.3960470 Test Loss: 0.1532113
EarlyStopping counter: 7 out of 20
Updating learning rate to 3.138105960900001e-05
	iters: 100, epoch: 15 | loss: 0.4909006
	speed: 0.2826s/iter; left time: 6875.2481s
	iters: 200, epoch: 15 | loss: 0.4100121
	speed: 0.1213s/iter; left time: 2937.6958s
Epoch: 15 cost time: 34.396220445632935
Epoch: 15, Steps: 284 | Train Loss: 0.4175804 Vali Loss: 0.3959474 Test Loss: 0.1516736
EarlyStopping counter: 8 out of 20
Updating learning rate to 2.824295364810001e-05
	iters: 100, epoch: 16 | loss: 0.3192267
	speed: 0.2826s/iter; left time: 6794.6416s
	iters: 200, epoch: 16 | loss: 0.6281337
	speed: 0.1212s/iter; left time: 2902.6831s
Epoch: 16 cost time: 34.388914585113525
Epoch: 16, Steps: 284 | Train Loss: 0.4159154 Vali Loss: 0.3965468 Test Loss: 0.1529959
EarlyStopping counter: 9 out of 20
Updating learning rate to 2.541865828329001e-05
	iters: 100, epoch: 17 | loss: 0.2877150
	speed: 0.2826s/iter; left time: 6713.7405s
	iters: 200, epoch: 17 | loss: 0.5814732
	speed: 0.1212s/iter; left time: 2867.1873s
Epoch: 17 cost time: 34.360241413116455
Epoch: 17, Steps: 284 | Train Loss: 0.4156104 Vali Loss: 0.3960105 Test Loss: 0.1519146
EarlyStopping counter: 10 out of 20
Updating learning rate to 2.287679245496101e-05
	iters: 100, epoch: 18 | loss: 0.3176280
	speed: 0.2823s/iter; left time: 6626.7541s
	iters: 200, epoch: 18 | loss: 0.6293520
	speed: 0.1213s/iter; left time: 2833.9790s
Epoch: 18 cost time: 34.38269758224487
Epoch: 18, Steps: 284 | Train Loss: 0.4140039 Vali Loss: 0.3916375 Test Loss: 0.1520436
Validation loss decreased (0.393013 --> 0.391637).  Saving model ...
Updating learning rate to 2.0589113209464907e-05
	iters: 100, epoch: 19 | loss: 0.4825881
	speed: 0.2836s/iter; left time: 6576.0377s
	iters: 200, epoch: 19 | loss: 0.5150076
	speed: 0.1212s/iter; left time: 2799.1658s
Epoch: 19 cost time: 34.37482523918152
Epoch: 19, Steps: 284 | Train Loss: 0.4134566 Vali Loss: 0.3951707 Test Loss: 0.1516576
EarlyStopping counter: 1 out of 20
Updating learning rate to 1.8530201888518416e-05
	iters: 100, epoch: 20 | loss: 0.3089970
	speed: 0.2825s/iter; left time: 6470.7702s
	iters: 200, epoch: 20 | loss: 0.3063101
	speed: 0.1212s/iter; left time: 2764.8924s
Epoch: 20 cost time: 34.373778104782104
Epoch: 20, Steps: 284 | Train Loss: 0.4128193 Vali Loss: 0.3937402 Test Loss: 0.1509357
EarlyStopping counter: 2 out of 20
Updating learning rate to 1.6677181699666577e-05
	iters: 100, epoch: 21 | loss: 0.8300127
	speed: 0.2823s/iter; left time: 6386.8476s
	iters: 200, epoch: 21 | loss: 0.2950128
	speed: 0.1212s/iter; left time: 2729.3441s
Epoch: 21 cost time: 34.37138390541077
Epoch: 21, Steps: 284 | Train Loss: 0.4129927 Vali Loss: 0.3968883 Test Loss: 0.1512482
EarlyStopping counter: 3 out of 20
Updating learning rate to 1.5009463529699919e-05
	iters: 100, epoch: 22 | loss: 0.3233415
	speed: 0.2824s/iter; left time: 6307.3914s
	iters: 200, epoch: 22 | loss: 0.3025283
	speed: 0.1213s/iter; left time: 2697.0610s
Epoch: 22 cost time: 34.37862300872803
Epoch: 22, Steps: 284 | Train Loss: 0.4117674 Vali Loss: 0.3940137 Test Loss: 0.1512927
EarlyStopping counter: 4 out of 20
Updating learning rate to 1.3508517176729929e-05
	iters: 100, epoch: 23 | loss: 0.3726737
	speed: 0.2826s/iter; left time: 6231.7819s
	iters: 200, epoch: 23 | loss: 0.3329844
	speed: 0.1213s/iter; left time: 2662.9585s
Epoch: 23 cost time: 34.389517068862915
Epoch: 23, Steps: 284 | Train Loss: 0.4119660 Vali Loss: 0.3955709 Test Loss: 0.1516595
EarlyStopping counter: 5 out of 20
Updating learning rate to 1.2157665459056936e-05
	iters: 100, epoch: 24 | loss: 0.5885434
	speed: 0.2824s/iter; left time: 6148.4348s
	iters: 200, epoch: 24 | loss: 0.5562657
	speed: 0.1213s/iter; left time: 2627.8877s
Epoch: 24 cost time: 34.3814172744751
Epoch: 24, Steps: 284 | Train Loss: 0.4110960 Vali Loss: 0.3921319 Test Loss: 0.1512386
EarlyStopping counter: 6 out of 20
Updating learning rate to 1.0941898913151242e-05
	iters: 100, epoch: 25 | loss: 0.3827918
	speed: 0.2825s/iter; left time: 6069.6919s
	iters: 200, epoch: 25 | loss: 0.5155455
	speed: 0.1213s/iter; left time: 2594.5784s
Epoch: 25 cost time: 34.404441118240356
Epoch: 25, Steps: 284 | Train Loss: 0.4111504 Vali Loss: 0.3933139 Test Loss: 0.1517504
EarlyStopping counter: 7 out of 20
Updating learning rate to 9.847709021836118e-06
	iters: 100, epoch: 26 | loss: 0.2720459
	speed: 0.2827s/iter; left time: 5994.3493s
	iters: 200, epoch: 26 | loss: 0.4930109
	speed: 0.1214s/iter; left time: 2561.0357s
Epoch: 26 cost time: 34.420740842819214
Epoch: 26, Steps: 284 | Train Loss: 0.4099275 Vali Loss: 0.3938689 Test Loss: 0.1510572
EarlyStopping counter: 8 out of 20
Updating learning rate to 8.862938119652508e-06
	iters: 100, epoch: 27 | loss: 0.3333932
	speed: 0.2829s/iter; left time: 5918.0496s
	iters: 200, epoch: 27 | loss: 0.5444837
	speed: 0.1213s/iter; left time: 2525.6018s
Epoch: 27 cost time: 34.40580987930298
Epoch: 27, Steps: 284 | Train Loss: 0.4105920 Vali Loss: 0.3922382 Test Loss: 0.1512137
EarlyStopping counter: 9 out of 20
Updating learning rate to 7.976644307687255e-06
	iters: 100, epoch: 28 | loss: 0.5109582
	speed: 0.2828s/iter; left time: 5835.0846s
	iters: 200, epoch: 28 | loss: 0.4107606
	speed: 0.1213s/iter; left time: 2490.5832s
Epoch: 28 cost time: 34.40416717529297
Epoch: 28, Steps: 284 | Train Loss: 0.4093582 Vali Loss: 0.3940699 Test Loss: 0.1514058
EarlyStopping counter: 10 out of 20
Updating learning rate to 7.178979876918531e-06
	iters: 100, epoch: 29 | loss: 0.3679677
	speed: 0.2829s/iter; left time: 5755.9372s
	iters: 200, epoch: 29 | loss: 0.6028056
	speed: 0.1212s/iter; left time: 2454.3185s
Epoch: 29 cost time: 34.38035464286804
Epoch: 29, Steps: 284 | Train Loss: 0.4104483 Vali Loss: 0.3933120 Test Loss: 0.1513263
EarlyStopping counter: 11 out of 20
Updating learning rate to 6.4610818892266776e-06
	iters: 100, epoch: 30 | loss: 0.3910539
	speed: 0.2825s/iter; left time: 5668.9196s
	iters: 200, epoch: 30 | loss: 0.2937911
	speed: 0.1212s/iter; left time: 2420.2860s
Epoch: 30 cost time: 34.37218427658081
Epoch: 30, Steps: 284 | Train Loss: 0.4099610 Vali Loss: 0.3954104 Test Loss: 0.1514924
EarlyStopping counter: 12 out of 20
Updating learning rate to 5.8149737003040096e-06
	iters: 100, epoch: 31 | loss: 0.3463039
	speed: 0.2827s/iter; left time: 5591.6562s
	iters: 200, epoch: 31 | loss: 0.3632764
	speed: 0.1212s/iter; left time: 2385.3292s
Epoch: 31 cost time: 34.37792944908142
Epoch: 31, Steps: 284 | Train Loss: 0.4096915 Vali Loss: 0.3934704 Test Loss: 0.1512517
EarlyStopping counter: 13 out of 20
Updating learning rate to 5.23347633027361e-06
	iters: 100, epoch: 32 | loss: 0.5393093
	speed: 0.2826s/iter; left time: 5510.2914s
	iters: 200, epoch: 32 | loss: 0.3706241
	speed: 0.1212s/iter; left time: 2350.2036s
Epoch: 32 cost time: 34.36117148399353
Epoch: 32, Steps: 284 | Train Loss: 0.4086447 Vali Loss: 0.3931689 Test Loss: 0.1507017
EarlyStopping counter: 14 out of 20
Updating learning rate to 4.710128697246249e-06
	iters: 100, epoch: 33 | loss: 0.5232350
	speed: 0.2825s/iter; left time: 5427.7647s
	iters: 200, epoch: 33 | loss: 0.3213019
	speed: 0.1211s/iter; left time: 2315.5313s
Epoch: 33 cost time: 34.364729166030884
Epoch: 33, Steps: 284 | Train Loss: 0.4087093 Vali Loss: 0.3937762 Test Loss: 0.1511996
EarlyStopping counter: 15 out of 20
Updating learning rate to 4.239115827521624e-06
	iters: 100, epoch: 34 | loss: 0.2881109
	speed: 0.2825s/iter; left time: 5348.0884s
	iters: 200, epoch: 34 | loss: 0.5682404
	speed: 0.1211s/iter; left time: 2280.4801s
Epoch: 34 cost time: 34.350512742996216
Epoch: 34, Steps: 284 | Train Loss: 0.4094109 Vali Loss: 0.3926766 Test Loss: 0.1510369
EarlyStopping counter: 16 out of 20
Updating learning rate to 3.815204244769462e-06
	iters: 100, epoch: 35 | loss: 0.4027358
	speed: 0.2825s/iter; left time: 5267.1422s
	iters: 200, epoch: 35 | loss: 0.2675942
	speed: 0.1212s/iter; left time: 2246.8416s
Epoch: 35 cost time: 34.36119246482849
Epoch: 35, Steps: 284 | Train Loss: 0.4091416 Vali Loss: 0.3926950 Test Loss: 0.1512290
EarlyStopping counter: 17 out of 20
Updating learning rate to 3.4336838202925152e-06
	iters: 100, epoch: 36 | loss: 0.5660959
	speed: 0.2827s/iter; left time: 5190.0039s
	iters: 200, epoch: 36 | loss: 0.3359140
	speed: 0.1212s/iter; left time: 2212.5454s
Epoch: 36 cost time: 34.36050868034363
Epoch: 36, Steps: 284 | Train Loss: 0.4091402 Vali Loss: 0.3941466 Test Loss: 0.1510690
EarlyStopping counter: 18 out of 20
Updating learning rate to 3.090315438263264e-06
	iters: 100, epoch: 37 | loss: 0.5423992
	speed: 0.2827s/iter; left time: 5110.7527s
	iters: 200, epoch: 37 | loss: 0.9890681
	speed: 0.1211s/iter; left time: 2177.8179s
Epoch: 37 cost time: 34.36086177825928
Epoch: 37, Steps: 284 | Train Loss: 0.4090738 Vali Loss: 0.3927481 Test Loss: 0.1512391
EarlyStopping counter: 19 out of 20
Updating learning rate to 2.7812838944369375e-06
	iters: 100, epoch: 38 | loss: 0.5727642
	speed: 0.2826s/iter; left time: 5027.6064s
	iters: 200, epoch: 38 | loss: 0.5270578
	speed: 0.1212s/iter; left time: 2143.9712s
Epoch: 38 cost time: 34.37185215950012
Epoch: 38, Steps: 284 | Train Loss: 0.4085758 Vali Loss: 0.3924672 Test Loss: 0.1509656
EarlyStopping counter: 20 out of 20
Early stopping
>>>>>>>testing : NL_weather_flatten_lr0.00005_always_336_96_PatchTST_custom_ftM_sl336_ll48_pl96_dm128_nh16_el3_dl1_df256_fc1_ebtimeF_dtTruelr5e-05_polalways_Nested_Learning_0<<<<<<<<<<<<<<<<<<<<<<<<<<<<<<<<<
test 10444
 Ejecutando Inferencia DINÁMICA (Nested Learning con flatten)
  -> Política: always | LR: 5e-05 | Target: head

RESUMEN: El CMS se actualizó 81 veces de 81 posibles.

mse:0.15255652368068695, mae:0.2019498497247696, rse:0.5145474076271057
Args in experiment:
Namespace(random_seed=2021, is_training=1, model_id='NL_weather_flatten_lr0.00005_always_336_192', model='PatchTST', data='custom', root_path='./dataset/', data_path='weather.csv', features='M', target='OT', freq='h', checkpoints='./checkpoints/', seq_len=336, label_len=48, pred_len=192, head_type='flatten', cms_lr=5e-05, update_policy='always', fc_dropout=0.2, head_dropout=0.0, patch_len=16, stride=8, padding_patch='end', revin=1, affine=0, subtract_last=0, decomposition=0, kernel_size=25, individual=0, embed_type=0, enc_in=21, dec_in=7, c_out=7, d_model=128, n_heads=16, e_layers=3, d_layers=1, d_ff=256, moving_avg=25, factor=1, distil=True, dropout=0.2, embed='timeF', activation='gelu', output_attention=False, do_predict=False, num_workers=0, itr=1, train_epochs=100, batch_size=128, patience=20, learning_rate=0.0001, des='Nested_Learning', loss='mse', lradj='type3', pct_start=0.3, use_amp=False, use_gpu=True, gpu=0, use_multi_gpu=False, devices='0,1,2,3', test_flop=False)
Use GPU: cuda:0
>>>>>>>start training : NL_weather_flatten_lr0.00005_always_336_192_PatchTST_custom_ftM_sl336_ll48_pl192_dm128_nh16_el3_dl1_df256_fc1_ebtimeF_dtTruelr5e-05_polalways_Nested_Learning_0>>>>>>>>>>>>>>>>>>>>>>>>>>
train 36360
val 5079
test 10348
	iters: 100, epoch: 1 | loss: 0.7898255
	speed: 0.1410s/iter; left time: 3990.5414s
	iters: 200, epoch: 1 | loss: 0.7296064
	speed: 0.1215s/iter; left time: 3427.4837s
Epoch: 1 cost time: 34.71288013458252
Epoch: 1, Steps: 284 | Train Loss: 0.7786245 Vali Loss: 0.5970560 Test Loss: 0.2579552
Validation loss decreased (inf --> 0.597056).  Saving model ...
Updating learning rate to 0.0001
	iters: 100, epoch: 2 | loss: 0.4176312
	speed: 0.2863s/iter; left time: 8021.5737s
	iters: 200, epoch: 2 | loss: 0.5438543
	speed: 0.1224s/iter; left time: 3416.8448s
Epoch: 2 cost time: 34.687050342559814
Epoch: 2, Steps: 284 | Train Loss: 0.5393082 Vali Loss: 0.4897614 Test Loss: 0.2144672
Validation loss decreased (0.597056 --> 0.489761).  Saving model ...
Updating learning rate to 0.0001
	iters: 100, epoch: 3 | loss: 0.3993216
	speed: 0.2869s/iter; left time: 7957.5166s
	iters: 200, epoch: 3 | loss: 0.7674697
	speed: 0.1225s/iter; left time: 3384.1984s
Epoch: 3 cost time: 34.71738815307617
Epoch: 3, Steps: 284 | Train Loss: 0.5023590 Vali Loss: 0.4736092 Test Loss: 0.2076697
Validation loss decreased (0.489761 --> 0.473609).  Saving model ...
Updating learning rate to 0.0001
	iters: 100, epoch: 4 | loss: 0.6683097
	speed: 0.2867s/iter; left time: 7870.8214s
	iters: 200, epoch: 4 | loss: 0.4998709
	speed: 0.1225s/iter; left time: 3351.1697s
Epoch: 4 cost time: 34.727620124816895
Epoch: 4, Steps: 284 | Train Loss: 0.4950148 Vali Loss: 0.4658372 Test Loss: 0.2041060
Validation loss decreased (0.473609 --> 0.465837).  Saving model ...
Updating learning rate to 9e-05
	iters: 100, epoch: 5 | loss: 0.3903326
	speed: 0.2872s/iter; left time: 7800.5955s
	iters: 200, epoch: 5 | loss: 0.3882280
	speed: 0.1225s/iter; left time: 3314.2997s
Epoch: 5 cost time: 34.712297201156616
Epoch: 5, Steps: 284 | Train Loss: 0.4905613 Vali Loss: 0.4633508 Test Loss: 0.2029252
Validation loss decreased (0.465837 --> 0.463351).  Saving model ...
Updating learning rate to 8.1e-05
	iters: 100, epoch: 6 | loss: 0.5365308
	speed: 0.2878s/iter; left time: 7737.2660s
	iters: 200, epoch: 6 | loss: 0.3591456
	speed: 0.1225s/iter; left time: 3281.9249s
Epoch: 6 cost time: 34.72446036338806
Epoch: 6, Steps: 284 | Train Loss: 0.4874692 Vali Loss: 0.4618708 Test Loss: 0.2012297
Validation loss decreased (0.463351 --> 0.461871).  Saving model ...
Updating learning rate to 7.290000000000001e-05
	iters: 100, epoch: 7 | loss: 0.4305279
	speed: 0.2875s/iter; left time: 7647.3020s
	iters: 200, epoch: 7 | loss: 0.3651400
	speed: 0.1225s/iter; left time: 3246.0052s
Epoch: 7 cost time: 34.7294282913208
Epoch: 7, Steps: 284 | Train Loss: 0.4850137 Vali Loss: 0.4654134 Test Loss: 0.2005138
EarlyStopping counter: 1 out of 20
Updating learning rate to 6.561e-05
	iters: 100, epoch: 8 | loss: 0.4103944
	speed: 0.2866s/iter; left time: 7541.4573s
	iters: 200, epoch: 8 | loss: 0.4370790
	speed: 0.1224s/iter; left time: 3209.2490s
Epoch: 8 cost time: 34.72768497467041
Epoch: 8, Steps: 284 | Train Loss: 0.4827906 Vali Loss: 0.4618655 Test Loss: 0.1992026
Validation loss decreased (0.461871 --> 0.461865).  Saving model ...
Updating learning rate to 5.904900000000001e-05
	iters: 100, epoch: 9 | loss: 0.4004579
	speed: 0.2888s/iter; left time: 7517.8364s
	iters: 200, epoch: 9 | loss: 0.5493616
	speed: 0.1223s/iter; left time: 3172.3198s
Epoch: 9 cost time: 34.691972970962524
Epoch: 9, Steps: 284 | Train Loss: 0.4812519 Vali Loss: 0.4679092 Test Loss: 0.1987149
EarlyStopping counter: 1 out of 20
Updating learning rate to 5.3144100000000005e-05
	iters: 100, epoch: 10 | loss: 0.5574967
	speed: 0.2860s/iter; left time: 7363.6827s
	iters: 200, epoch: 10 | loss: 0.5697680
	speed: 0.1223s/iter; left time: 3135.6383s
Epoch: 10 cost time: 34.68692588806152
Epoch: 10, Steps: 284 | Train Loss: 0.4798004 Vali Loss: 0.4647491 Test Loss: 0.1982253
EarlyStopping counter: 2 out of 20
Updating learning rate to 4.782969000000001e-05
	iters: 100, epoch: 11 | loss: 0.4689753
	speed: 0.2857s/iter; left time: 7273.8293s
	iters: 200, epoch: 11 | loss: 0.3612284
	speed: 0.1223s/iter; left time: 3100.3900s
Epoch: 11 cost time: 34.67759084701538
Epoch: 11, Steps: 284 | Train Loss: 0.4781245 Vali Loss: 0.4639465 Test Loss: 0.1986348
EarlyStopping counter: 3 out of 20
Updating learning rate to 4.304672100000001e-05
	iters: 100, epoch: 12 | loss: 0.4150255
	speed: 0.2856s/iter; left time: 7190.1837s
	iters: 200, epoch: 12 | loss: 0.3838855
	speed: 0.1222s/iter; left time: 3063.9565s
Epoch: 12 cost time: 34.6669135093689
Epoch: 12, Steps: 284 | Train Loss: 0.4772335 Vali Loss: 0.4654195 Test Loss: 0.1973531
EarlyStopping counter: 4 out of 20
Updating learning rate to 3.874204890000001e-05
	iters: 100, epoch: 13 | loss: 0.5187480
	speed: 0.2857s/iter; left time: 7112.3334s
	iters: 200, epoch: 13 | loss: 0.5042387
	speed: 0.1222s/iter; left time: 3030.2379s
Epoch: 13 cost time: 34.671932220458984
Epoch: 13, Steps: 284 | Train Loss: 0.4760999 Vali Loss: 0.4654856 Test Loss: 0.1969302
EarlyStopping counter: 5 out of 20
Updating learning rate to 3.486784401000001e-05
	iters: 100, epoch: 14 | loss: 0.7966121
	speed: 0.2856s/iter; left time: 7027.9485s
	iters: 200, epoch: 14 | loss: 0.4969146
	speed: 0.1223s/iter; left time: 2996.2502s
Epoch: 14 cost time: 34.673481464385986
Epoch: 14, Steps: 284 | Train Loss: 0.4752247 Vali Loss: 0.4610519 Test Loss: 0.1974386
Validation loss decreased (0.461865 --> 0.461052).  Saving model ...
Updating learning rate to 3.138105960900001e-05
	iters: 100, epoch: 15 | loss: 0.3570276
	speed: 0.2863s/iter; left time: 6964.8517s
	iters: 200, epoch: 15 | loss: 0.4188582
	speed: 0.1222s/iter; left time: 2959.8534s
Epoch: 15 cost time: 34.663411378860474
Epoch: 15, Steps: 284 | Train Loss: 0.4744221 Vali Loss: 0.4629091 Test Loss: 0.1969468
EarlyStopping counter: 1 out of 20
Updating learning rate to 2.824295364810001e-05
	iters: 100, epoch: 16 | loss: 0.3673907
	speed: 0.2858s/iter; left time: 6871.5155s
	iters: 200, epoch: 16 | loss: 0.3893620
	speed: 0.1223s/iter; left time: 2927.2343s
Epoch: 16 cost time: 34.68401026725769
Epoch: 16, Steps: 284 | Train Loss: 0.4734375 Vali Loss: 0.4596934 Test Loss: 0.1963685
Validation loss decreased (0.461052 --> 0.459693).  Saving model ...
Updating learning rate to 2.541865828329001e-05
	iters: 100, epoch: 17 | loss: 0.3617107
	speed: 0.2864s/iter; left time: 6803.1540s
	iters: 200, epoch: 17 | loss: 0.3757707
	speed: 0.1223s/iter; left time: 2893.3456s
Epoch: 17 cost time: 34.681419134140015
Epoch: 17, Steps: 284 | Train Loss: 0.4730199 Vali Loss: 0.4628511 Test Loss: 0.1964924
EarlyStopping counter: 1 out of 20
Updating learning rate to 2.287679245496101e-05
	iters: 100, epoch: 18 | loss: 0.5327272
	speed: 0.2855s/iter; left time: 6701.1028s
	iters: 200, epoch: 18 | loss: 0.4655602
	speed: 0.1222s/iter; left time: 2856.9162s
Epoch: 18 cost time: 34.620511054992676
Epoch: 18, Steps: 284 | Train Loss: 0.4720954 Vali Loss: 0.4628371 Test Loss: 0.1963245
EarlyStopping counter: 2 out of 20
Updating learning rate to 2.0589113209464907e-05
	iters: 100, epoch: 19 | loss: 0.6640268
	speed: 0.2851s/iter; left time: 6611.4719s
	iters: 200, epoch: 19 | loss: 0.6103594
	speed: 0.1217s/iter; left time: 2810.1692s
Epoch: 19 cost time: 34.56231880187988
Epoch: 19, Steps: 284 | Train Loss: 0.4712257 Vali Loss: 0.4662917 Test Loss: 0.1964992
EarlyStopping counter: 3 out of 20
Updating learning rate to 1.8530201888518416e-05
	iters: 100, epoch: 20 | loss: 0.3644575
	speed: 0.2861s/iter; left time: 6552.6639s
	iters: 200, epoch: 20 | loss: 0.3355308
	speed: 0.1222s/iter; left time: 2787.0761s
Epoch: 20 cost time: 34.664233684539795
Epoch: 20, Steps: 284 | Train Loss: 0.4707587 Vali Loss: 0.4655925 Test Loss: 0.1966305
EarlyStopping counter: 4 out of 20
Updating learning rate to 1.6677181699666577e-05
	iters: 100, epoch: 21 | loss: 0.4049782
	speed: 0.2858s/iter; left time: 6465.7159s
	iters: 200, epoch: 21 | loss: 0.5204439
	speed: 0.1222s/iter; left time: 2751.3105s
Epoch: 21 cost time: 34.65285134315491
Epoch: 21, Steps: 284 | Train Loss: 0.4700676 Vali Loss: 0.4637909 Test Loss: 0.1963670
EarlyStopping counter: 5 out of 20
Updating learning rate to 1.5009463529699919e-05
	iters: 100, epoch: 22 | loss: 0.5626593
	speed: 0.2859s/iter; left time: 6385.5845s
	iters: 200, epoch: 22 | loss: 0.5354857
	speed: 0.1222s/iter; left time: 2717.5785s
Epoch: 22 cost time: 34.65997934341431
Epoch: 22, Steps: 284 | Train Loss: 0.4696577 Vali Loss: 0.4639557 Test Loss: 0.1960404
EarlyStopping counter: 6 out of 20
Updating learning rate to 1.3508517176729929e-05
	iters: 100, epoch: 23 | loss: 0.4690339
	speed: 0.2859s/iter; left time: 6305.1721s
	iters: 200, epoch: 23 | loss: 0.4548507
	speed: 0.1223s/iter; left time: 2685.3481s
Epoch: 23 cost time: 34.705358028411865
Epoch: 23, Steps: 284 | Train Loss: 0.4693100 Vali Loss: 0.4624137 Test Loss: 0.1959412
EarlyStopping counter: 7 out of 20
Updating learning rate to 1.2157665459056936e-05
	iters: 100, epoch: 24 | loss: 0.5983635
	speed: 0.2859s/iter; left time: 6223.0495s
	iters: 200, epoch: 24 | loss: 0.4911433
	speed: 0.1224s/iter; left time: 2651.4923s
Epoch: 24 cost time: 34.69665455818176
Epoch: 24, Steps: 284 | Train Loss: 0.4686886 Vali Loss: 0.4621569 Test Loss: 0.1959698
EarlyStopping counter: 8 out of 20
Updating learning rate to 1.0941898913151242e-05
	iters: 100, epoch: 25 | loss: 0.6943423
	speed: 0.2859s/iter; left time: 6143.2293s
	iters: 200, epoch: 25 | loss: 0.3601774
	speed: 0.1223s/iter; left time: 2616.1474s
Epoch: 25 cost time: 34.68142127990723
Epoch: 25, Steps: 284 | Train Loss: 0.4683569 Vali Loss: 0.4621368 Test Loss: 0.1961261
EarlyStopping counter: 9 out of 20
Updating learning rate to 9.847709021836118e-06
	iters: 100, epoch: 26 | loss: 0.3430717
	speed: 0.2856s/iter; left time: 6055.7000s
	iters: 200, epoch: 26 | loss: 0.5170539
	speed: 0.1223s/iter; left time: 2581.6676s
Epoch: 26 cost time: 34.6740140914917
Epoch: 26, Steps: 284 | Train Loss: 0.4681073 Vali Loss: 0.4629436 Test Loss: 0.1962975
EarlyStopping counter: 10 out of 20
Updating learning rate to 8.862938119652508e-06
	iters: 100, epoch: 27 | loss: 0.4296465
	speed: 0.2856s/iter; left time: 5973.7879s
	iters: 200, epoch: 27 | loss: 0.4855661
	speed: 0.1223s/iter; left time: 2546.3179s
Epoch: 27 cost time: 34.67101240158081
Epoch: 27, Steps: 284 | Train Loss: 0.4673329 Vali Loss: 0.4625829 Test Loss: 0.1962359
EarlyStopping counter: 11 out of 20
Updating learning rate to 7.976644307687255e-06
	iters: 100, epoch: 28 | loss: 0.3400319
	speed: 0.2856s/iter; left time: 5891.9363s
	iters: 200, epoch: 28 | loss: 0.4905148
	speed: 0.1223s/iter; left time: 2511.0793s
Epoch: 28 cost time: 34.66296863555908
Epoch: 28, Steps: 284 | Train Loss: 0.4675871 Vali Loss: 0.4616275 Test Loss: 0.1961073
EarlyStopping counter: 12 out of 20
Updating learning rate to 7.178979876918531e-06
	iters: 100, epoch: 29 | loss: 0.7008770
	speed: 0.2855s/iter; left time: 5809.3375s
	iters: 200, epoch: 29 | loss: 0.7031043
	speed: 0.1223s/iter; left time: 2477.0407s
Epoch: 29 cost time: 34.67278552055359
Epoch: 29, Steps: 284 | Train Loss: 0.4673127 Vali Loss: 0.4635616 Test Loss: 0.1969394
EarlyStopping counter: 13 out of 20
Updating learning rate to 6.4610818892266776e-06
	iters: 100, epoch: 30 | loss: 0.3966733
	speed: 0.2857s/iter; left time: 5733.3192s
	iters: 200, epoch: 30 | loss: 0.6120189
	speed: 0.1224s/iter; left time: 2442.8845s
Epoch: 30 cost time: 34.675408124923706
Epoch: 30, Steps: 284 | Train Loss: 0.4670613 Vali Loss: 0.4624181 Test Loss: 0.1962515
EarlyStopping counter: 14 out of 20
Updating learning rate to 5.8149737003040096e-06
	iters: 100, epoch: 31 | loss: 0.3945921
	speed: 0.2856s/iter; left time: 5650.1884s
	iters: 200, epoch: 31 | loss: 0.4906986
	speed: 0.1223s/iter; left time: 2407.0511s
Epoch: 31 cost time: 34.66807961463928
Epoch: 31, Steps: 284 | Train Loss: 0.4670160 Vali Loss: 0.4614631 Test Loss: 0.1965223
EarlyStopping counter: 15 out of 20
Updating learning rate to 5.23347633027361e-06
	iters: 100, epoch: 32 | loss: 0.3793561
	speed: 0.2856s/iter; left time: 5568.7518s
	iters: 200, epoch: 32 | loss: 0.5089777
	speed: 0.1223s/iter; left time: 2372.5946s
Epoch: 32 cost time: 34.66887617111206
Epoch: 32, Steps: 284 | Train Loss: 0.4665833 Vali Loss: 0.4609572 Test Loss: 0.1961392
EarlyStopping counter: 16 out of 20
Updating learning rate to 4.710128697246249e-06
	iters: 100, epoch: 33 | loss: 0.4568321
	speed: 0.2856s/iter; left time: 5486.8090s
	iters: 200, epoch: 33 | loss: 0.6236559
	speed: 0.1223s/iter; left time: 2337.7309s
Epoch: 33 cost time: 34.66744375228882
Epoch: 33, Steps: 284 | Train Loss: 0.4664492 Vali Loss: 0.4610116 Test Loss: 0.1963305
EarlyStopping counter: 17 out of 20
Updating learning rate to 4.239115827521624e-06
	iters: 100, epoch: 34 | loss: 0.4837813
	speed: 0.2856s/iter; left time: 5405.7239s
	iters: 200, epoch: 34 | loss: 0.3614100
	speed: 0.1223s/iter; left time: 2303.4093s
Epoch: 34 cost time: 34.67902135848999
Epoch: 34, Steps: 284 | Train Loss: 0.4659152 Vali Loss: 0.4622782 Test Loss: 0.1960271
EarlyStopping counter: 18 out of 20
Updating learning rate to 3.815204244769462e-06
	iters: 100, epoch: 35 | loss: 0.6404289
	speed: 0.2858s/iter; left time: 5328.1719s
	iters: 200, epoch: 35 | loss: 0.3896314
	speed: 0.1223s/iter; left time: 2268.3420s
Epoch: 35 cost time: 34.68196201324463
Epoch: 35, Steps: 284 | Train Loss: 0.4663717 Vali Loss: 0.4608614 Test Loss: 0.1962041
EarlyStopping counter: 19 out of 20
Updating learning rate to 3.4336838202925152e-06
	iters: 100, epoch: 36 | loss: 0.5104238
	speed: 0.2857s/iter; left time: 5245.5164s
	iters: 200, epoch: 36 | loss: 0.3805922
	speed: 0.1223s/iter; left time: 2233.8111s
Epoch: 36 cost time: 34.68213987350464
Epoch: 36, Steps: 284 | Train Loss: 0.4662203 Vali Loss: 0.4620413 Test Loss: 0.1961484
EarlyStopping counter: 20 out of 20
Early stopping
>>>>>>>testing : NL_weather_flatten_lr0.00005_always_336_192_PatchTST_custom_ftM_sl336_ll48_pl192_dm128_nh16_el3_dl1_df256_fc1_ebtimeF_dtTruelr5e-05_polalways_Nested_Learning_0<<<<<<<<<<<<<<<<<<<<<<<<<<<<<<<<<
test 10348
 Ejecutando Inferencia DINÁMICA (Nested Learning con flatten)
  -> Política: always | LR: 5e-05 | Target: head

RESUMEN: El CMS se actualizó 80 veces de 80 posibles.

mse:0.1995633989572525, mae:0.24537290632724762, rse:0.5877004861831665
Args in experiment:
Namespace(random_seed=2021, is_training=1, model_id='NL_weather_flatten_lr0.00005_always_336_336', model='PatchTST', data='custom', root_path='./dataset/', data_path='weather.csv', features='M', target='OT', freq='h', checkpoints='./checkpoints/', seq_len=336, label_len=48, pred_len=336, head_type='flatten', cms_lr=5e-05, update_policy='always', fc_dropout=0.2, head_dropout=0.0, patch_len=16, stride=8, padding_patch='end', revin=1, affine=0, subtract_last=0, decomposition=0, kernel_size=25, individual=0, embed_type=0, enc_in=21, dec_in=7, c_out=7, d_model=128, n_heads=16, e_layers=3, d_layers=1, d_ff=256, moving_avg=25, factor=1, distil=True, dropout=0.2, embed='timeF', activation='gelu', output_attention=False, do_predict=False, num_workers=0, itr=1, train_epochs=100, batch_size=128, patience=20, learning_rate=0.0001, des='Nested_Learning', loss='mse', lradj='type3', pct_start=0.3, use_amp=False, use_gpu=True, gpu=0, use_multi_gpu=False, devices='0,1,2,3', test_flop=False)
Use GPU: cuda:0
>>>>>>>start training : NL_weather_flatten_lr0.00005_always_336_336_PatchTST_custom_ftM_sl336_ll48_pl336_dm128_nh16_el3_dl1_df256_fc1_ebtimeF_dtTruelr5e-05_polalways_Nested_Learning_0>>>>>>>>>>>>>>>>>>>>>>>>>>
train 36216
val 4935
test 10204
	iters: 100, epoch: 1 | loss: 0.7182200
	speed: 0.1843s/iter; left time: 5179.0327s
	iters: 200, epoch: 1 | loss: 0.6748239
	speed: 0.1232s/iter; left time: 3448.4089s
Epoch: 1 cost time: 34.86564922332764
Epoch: 1, Steps: 282 | Train Loss: 0.8237056 Vali Loss: 0.6739758 Test Loss: 0.3022012
Validation loss decreased (inf --> 0.673976).  Saving model ...
Updating learning rate to 0.0001
	iters: 100, epoch: 2 | loss: 0.5662861
	speed: 0.2944s/iter; left time: 8190.4749s
	iters: 200, epoch: 2 | loss: 0.5717235
	speed: 0.1241s/iter; left time: 3440.8564s
Epoch: 2 cost time: 34.92671990394592
Epoch: 2, Steps: 282 | Train Loss: 0.5893323 Vali Loss: 0.5685714 Test Loss: 0.2611332
Validation loss decreased (0.673976 --> 0.568571).  Saving model ...
Updating learning rate to 0.0001
	iters: 100, epoch: 3 | loss: 0.5282601
	speed: 0.2934s/iter; left time: 8080.2229s
	iters: 200, epoch: 3 | loss: 0.4535420
	speed: 0.1245s/iter; left time: 3414.9846s
Epoch: 3 cost time: 35.01291799545288
Epoch: 3, Steps: 282 | Train Loss: 0.5574754 Vali Loss: 0.5602568 Test Loss: 0.2568440
Validation loss decreased (0.568571 --> 0.560257).  Saving model ...
Updating learning rate to 0.0001
	iters: 100, epoch: 4 | loss: 0.7432833
	speed: 0.2937s/iter; left time: 8004.5938s
	iters: 200, epoch: 4 | loss: 0.6029333
	speed: 0.1245s/iter; left time: 3379.4520s
Epoch: 4 cost time: 35.013171434402466
Epoch: 4, Steps: 282 | Train Loss: 0.5501840 Vali Loss: 0.5545140 Test Loss: 0.2535720
Validation loss decreased (0.560257 --> 0.554514).  Saving model ...
Updating learning rate to 9e-05
	iters: 100, epoch: 5 | loss: 0.5364180
	speed: 0.2926s/iter; left time: 7891.3597s
	iters: 200, epoch: 5 | loss: 0.6446232
	speed: 0.1245s/iter; left time: 3346.5952s
Epoch: 5 cost time: 35.02586579322815
Epoch: 5, Steps: 282 | Train Loss: 0.5468968 Vali Loss: 0.5545504 Test Loss: 0.2540551
EarlyStopping counter: 1 out of 20
Updating learning rate to 8.1e-05
	iters: 100, epoch: 6 | loss: 0.5222734
	speed: 0.2902s/iter; left time: 7746.6241s
	iters: 200, epoch: 6 | loss: 0.4804187
	speed: 0.1245s/iter; left time: 3311.8151s
Epoch: 6 cost time: 35.03875279426575
Epoch: 6, Steps: 282 | Train Loss: 0.5437331 Vali Loss: 0.5489140 Test Loss: 0.2516291
Validation loss decreased (0.554514 --> 0.548914).  Saving model ...
Updating learning rate to 7.290000000000001e-05
	iters: 100, epoch: 7 | loss: 0.4234538
	speed: 0.2936s/iter; left time: 7753.1723s
	iters: 200, epoch: 7 | loss: 0.4292089
	speed: 0.1245s/iter; left time: 3275.5869s
Epoch: 7 cost time: 35.02560043334961
Epoch: 7, Steps: 282 | Train Loss: 0.5410966 Vali Loss: 0.5487409 Test Loss: 0.2510450
Validation loss decreased (0.548914 --> 0.548741).  Saving model ...
Updating learning rate to 6.561e-05
	iters: 100, epoch: 8 | loss: 0.4411202
	speed: 0.2925s/iter; left time: 7642.9054s
	iters: 200, epoch: 8 | loss: 0.5276051
	speed: 0.1245s/iter; left time: 3240.7178s
Epoch: 8 cost time: 35.036757946014404
Epoch: 8, Steps: 282 | Train Loss: 0.5389840 Vali Loss: 0.5457571 Test Loss: 0.2497024
Validation loss decreased (0.548741 --> 0.545757).  Saving model ...
Updating learning rate to 5.904900000000001e-05
	iters: 100, epoch: 9 | loss: 0.5155596
	speed: 0.2925s/iter; left time: 7560.5433s
	iters: 200, epoch: 9 | loss: 0.5157353
	speed: 0.1244s/iter; left time: 3201.8195s
Epoch: 9 cost time: 35.00964140892029
Epoch: 9, Steps: 282 | Train Loss: 0.5372602 Vali Loss: 0.5493655 Test Loss: 0.2492573
EarlyStopping counter: 1 out of 20
Updating learning rate to 5.3144100000000005e-05
	iters: 100, epoch: 10 | loss: 0.4900838
	speed: 0.2892s/iter; left time: 7393.5657s
	iters: 200, epoch: 10 | loss: 0.4861692
	speed: 0.1243s/iter; left time: 3166.2434s
Epoch: 10 cost time: 35.02577543258667
Epoch: 10, Steps: 282 | Train Loss: 0.5344634 Vali Loss: 0.5480773 Test Loss: 0.2482569
EarlyStopping counter: 2 out of 20
Updating learning rate to 4.782969000000001e-05
	iters: 100, epoch: 11 | loss: 0.5382500
	speed: 0.2902s/iter; left time: 7337.0888s
	iters: 200, epoch: 11 | loss: 0.4870766
	speed: 0.1242s/iter; left time: 3127.6767s
Epoch: 11 cost time: 34.989203691482544
Epoch: 11, Steps: 282 | Train Loss: 0.5335163 Vali Loss: 0.5461943 Test Loss: 0.2480281
EarlyStopping counter: 3 out of 20
Updating learning rate to 4.304672100000001e-05
	iters: 100, epoch: 12 | loss: 0.5277678
	speed: 0.2892s/iter; left time: 7230.5749s
	iters: 200, epoch: 12 | loss: 0.4323657
	speed: 0.1242s/iter; left time: 3092.2708s
Epoch: 12 cost time: 34.99406433105469
Epoch: 12, Steps: 282 | Train Loss: 0.5319460 Vali Loss: 0.5463400 Test Loss: 0.2480380
EarlyStopping counter: 4 out of 20
Updating learning rate to 3.874204890000001e-05
	iters: 100, epoch: 13 | loss: 0.5704072
	speed: 0.2896s/iter; left time: 7157.3210s
	iters: 200, epoch: 13 | loss: 0.6682194
	speed: 0.1242s/iter; left time: 3057.9589s
Epoch: 13 cost time: 34.98665499687195
Epoch: 13, Steps: 282 | Train Loss: 0.5305083 Vali Loss: 0.5504543 Test Loss: 0.2482265
EarlyStopping counter: 5 out of 20
Updating learning rate to 3.486784401000001e-05
	iters: 100, epoch: 14 | loss: 0.5525155
	speed: 0.2900s/iter; left time: 7084.9938s
	iters: 200, epoch: 14 | loss: 0.5355173
	speed: 0.1243s/iter; left time: 3025.8746s
Epoch: 14 cost time: 34.99702191352844
Epoch: 14, Steps: 282 | Train Loss: 0.5293641 Vali Loss: 0.5488242 Test Loss: 0.2474804
EarlyStopping counter: 6 out of 20
Updating learning rate to 3.138105960900001e-05
	iters: 100, epoch: 15 | loss: 0.5003884
	speed: 0.2902s/iter; left time: 7008.9042s
	iters: 200, epoch: 15 | loss: 0.6245868
	speed: 0.1243s/iter; left time: 2990.7505s
Epoch: 15 cost time: 35.01271629333496
Epoch: 15, Steps: 282 | Train Loss: 0.5278658 Vali Loss: 0.5484689 Test Loss: 0.2479002
EarlyStopping counter: 7 out of 20
Updating learning rate to 2.824295364810001e-05
	iters: 100, epoch: 16 | loss: 0.4892397
	speed: 0.2906s/iter; left time: 6938.0687s
	iters: 200, epoch: 16 | loss: 0.6022632
	speed: 0.1242s/iter; left time: 2951.9527s
Epoch: 16 cost time: 34.99052023887634
Epoch: 16, Steps: 282 | Train Loss: 0.5269725 Vali Loss: 0.5483341 Test Loss: 0.2479873
EarlyStopping counter: 8 out of 20
Updating learning rate to 2.541865828329001e-05
	iters: 100, epoch: 17 | loss: 0.4275338
	speed: 0.2901s/iter; left time: 6844.0173s
	iters: 200, epoch: 17 | loss: 0.4309734
	speed: 0.1242s/iter; left time: 2917.0413s
Epoch: 17 cost time: 34.98222374916077
Epoch: 17, Steps: 282 | Train Loss: 0.5256239 Vali Loss: 0.5501312 Test Loss: 0.2484614
EarlyStopping counter: 9 out of 20
Updating learning rate to 2.287679245496101e-05
	iters: 100, epoch: 18 | loss: 0.4298458
	speed: 0.2906s/iter; left time: 6773.5457s
	iters: 200, epoch: 18 | loss: 0.5630087
	speed: 0.1243s/iter; left time: 2883.5635s
Epoch: 18 cost time: 34.99562072753906
Epoch: 18, Steps: 282 | Train Loss: 0.5249424 Vali Loss: 0.5480022 Test Loss: 0.2483825
EarlyStopping counter: 10 out of 20
Updating learning rate to 2.0589113209464907e-05
	iters: 100, epoch: 19 | loss: 0.4326551
	speed: 0.2900s/iter; left time: 6677.6351s
	iters: 200, epoch: 19 | loss: 0.4619150
	speed: 0.1242s/iter; left time: 2847.2766s
Epoch: 19 cost time: 34.983872175216675
Epoch: 19, Steps: 282 | Train Loss: 0.5243188 Vali Loss: 0.5492254 Test Loss: 0.2482118
EarlyStopping counter: 11 out of 20
Updating learning rate to 1.8530201888518416e-05
	iters: 100, epoch: 20 | loss: 0.4662236
	speed: 0.2908s/iter; left time: 6614.0361s
	iters: 200, epoch: 20 | loss: 0.6784129
	speed: 0.1243s/iter; left time: 2813.9696s
Epoch: 20 cost time: 34.99942874908447
Epoch: 20, Steps: 282 | Train Loss: 0.5234893 Vali Loss: 0.5484654 Test Loss: 0.2481589
EarlyStopping counter: 12 out of 20
Updating learning rate to 1.6677181699666577e-05
	iters: 100, epoch: 21 | loss: 0.5671359
	speed: 0.2909s/iter; left time: 6533.5543s
	iters: 200, epoch: 21 | loss: 0.5055081
	speed: 0.1242s/iter; left time: 2778.1169s
Epoch: 21 cost time: 34.98708415031433
Epoch: 21, Steps: 282 | Train Loss: 0.5229729 Vali Loss: 0.5502334 Test Loss: 0.2485380
EarlyStopping counter: 13 out of 20
Updating learning rate to 1.5009463529699919e-05
	iters: 100, epoch: 22 | loss: 0.5973481
	speed: 0.2909s/iter; left time: 6452.8120s
	iters: 200, epoch: 22 | loss: 0.6737407
	speed: 0.1243s/iter; left time: 2743.7764s
Epoch: 22 cost time: 34.98748707771301
Epoch: 22, Steps: 282 | Train Loss: 0.5225852 Vali Loss: 0.5484481 Test Loss: 0.2486319
EarlyStopping counter: 14 out of 20
Updating learning rate to 1.3508517176729929e-05
	iters: 100, epoch: 23 | loss: 0.5264654
	speed: 0.2908s/iter; left time: 6367.3400s
	iters: 200, epoch: 23 | loss: 0.5069585
	speed: 0.1242s/iter; left time: 2706.8836s
Epoch: 23 cost time: 34.97110104560852
Epoch: 23, Steps: 282 | Train Loss: 0.5224308 Vali Loss: 0.5498232 Test Loss: 0.2485570
EarlyStopping counter: 15 out of 20
Updating learning rate to 1.2157665459056936e-05
	iters: 100, epoch: 24 | loss: 0.4178047
	speed: 0.2910s/iter; left time: 6290.1959s
	iters: 200, epoch: 24 | loss: 0.5216600
	speed: 0.1242s/iter; left time: 2671.8523s
Epoch: 24 cost time: 34.96671485900879
Epoch: 24, Steps: 282 | Train Loss: 0.5215264 Vali Loss: 0.5475357 Test Loss: 0.2483126
EarlyStopping counter: 16 out of 20
Updating learning rate to 1.0941898913151242e-05
	iters: 100, epoch: 25 | loss: 0.4450122
	speed: 0.2911s/iter; left time: 6210.1678s
	iters: 200, epoch: 25 | loss: 0.5098598
	speed: 0.1242s/iter; left time: 2636.3202s
Epoch: 25 cost time: 34.97439932823181
Epoch: 25, Steps: 282 | Train Loss: 0.5212829 Vali Loss: 0.5496719 Test Loss: 0.2481605
EarlyStopping counter: 17 out of 20
Updating learning rate to 9.847709021836118e-06
	iters: 100, epoch: 26 | loss: 0.4978499
	speed: 0.2911s/iter; left time: 6127.7412s
	iters: 200, epoch: 26 | loss: 0.5630062
	speed: 0.1242s/iter; left time: 2602.9682s
Epoch: 26 cost time: 34.98874473571777
Epoch: 26, Steps: 282 | Train Loss: 0.5211890 Vali Loss: 0.5496677 Test Loss: 0.2480631
EarlyStopping counter: 18 out of 20
Updating learning rate to 8.862938119652508e-06
	iters: 100, epoch: 27 | loss: 0.4554073
	speed: 0.2911s/iter; left time: 6045.8992s
	iters: 200, epoch: 27 | loss: 0.5624889
	speed: 0.1242s/iter; left time: 2567.8557s
Epoch: 27 cost time: 34.98810601234436
Epoch: 27, Steps: 282 | Train Loss: 0.5209287 Vali Loss: 0.5488987 Test Loss: 0.2482986
EarlyStopping counter: 19 out of 20
Updating learning rate to 7.976644307687255e-06
	iters: 100, epoch: 28 | loss: 0.4032135
	speed: 0.2910s/iter; left time: 5961.5047s
	iters: 200, epoch: 28 | loss: 0.5771154
	speed: 0.1242s/iter; left time: 2532.2190s
Epoch: 28 cost time: 34.98126673698425
Epoch: 28, Steps: 282 | Train Loss: 0.5205291 Vali Loss: 0.5492876 Test Loss: 0.2481953
EarlyStopping counter: 20 out of 20
Early stopping
>>>>>>>testing : NL_weather_flatten_lr0.00005_always_336_336_PatchTST_custom_ftM_sl336_ll48_pl336_dm128_nh16_el3_dl1_df256_fc1_ebtimeF_dtTruelr5e-05_polalways_Nested_Learning_0<<<<<<<<<<<<<<<<<<<<<<<<<<<<<<<<<
test 10204
 Ejecutando Inferencia DINÁMICA (Nested Learning con flatten)
  -> Política: always | LR: 5e-05 | Target: head

RESUMEN: El CMS se actualizó 79 veces de 79 posibles.

mse:0.25270166993141174, mae:0.28541654348373413, rse:0.6603378057479858
Args in experiment:
Namespace(random_seed=2021, is_training=1, model_id='NL_weather_flatten_lr0.00005_always_336_720', model='PatchTST', data='custom', root_path='./dataset/', data_path='weather.csv', features='M', target='OT', freq='h', checkpoints='./checkpoints/', seq_len=336, label_len=48, pred_len=720, head_type='flatten', cms_lr=5e-05, update_policy='always', fc_dropout=0.2, head_dropout=0.0, patch_len=16, stride=8, padding_patch='end', revin=1, affine=0, subtract_last=0, decomposition=0, kernel_size=25, individual=0, embed_type=0, enc_in=21, dec_in=7, c_out=7, d_model=128, n_heads=16, e_layers=3, d_layers=1, d_ff=256, moving_avg=25, factor=1, distil=True, dropout=0.2, embed='timeF', activation='gelu', output_attention=False, do_predict=False, num_workers=0, itr=1, train_epochs=100, batch_size=128, patience=20, learning_rate=0.0001, des='Nested_Learning', loss='mse', lradj='type3', pct_start=0.3, use_amp=False, use_gpu=True, gpu=0, use_multi_gpu=False, devices='0,1,2,3', test_flop=False)
Use GPU: cuda:0
>>>>>>>start training : NL_weather_flatten_lr0.00005_always_336_720_PatchTST_custom_ftM_sl336_ll48_pl720_dm128_nh16_el3_dl1_df256_fc1_ebtimeF_dtTruelr5e-05_polalways_Nested_Learning_0>>>>>>>>>>>>>>>>>>>>>>>>>>
train 35832
val 4551
test 9820
	iters: 100, epoch: 1 | loss: 0.7698621
	speed: 0.1496s/iter; left time: 4159.8873s
	iters: 200, epoch: 1 | loss: 0.7305005
	speed: 0.1282s/iter; left time: 3550.4061s
Epoch: 1 cost time: 35.88317584991455
Epoch: 1, Steps: 279 | Train Loss: 0.8838689 Vali Loss: 0.7670727 Test Loss: 0.3636861
Validation loss decreased (inf --> 0.767073).  Saving model ...
Updating learning rate to 0.0001
	iters: 100, epoch: 2 | loss: 0.7247072
	speed: 0.3031s/iter; left time: 8342.6610s
	iters: 200, epoch: 2 | loss: 0.6155989
	speed: 0.1288s/iter; left time: 3530.7210s
Epoch: 2 cost time: 35.8301887512207
Epoch: 2, Steps: 279 | Train Loss: 0.6577207 Vali Loss: 0.6777696 Test Loss: 0.3303010
Validation loss decreased (0.767073 --> 0.677770).  Saving model ...
Updating learning rate to 0.0001
	iters: 100, epoch: 3 | loss: 0.5378557
	speed: 0.3013s/iter; left time: 8209.3419s
	iters: 200, epoch: 3 | loss: 0.5992699
	speed: 0.1288s/iter; left time: 3496.8447s
Epoch: 3 cost time: 35.883841037750244
Epoch: 3, Steps: 279 | Train Loss: 0.6290345 Vali Loss: 0.6659533 Test Loss: 0.3255522
Validation loss decreased (0.677770 --> 0.665953).  Saving model ...
Updating learning rate to 0.0001
	iters: 100, epoch: 4 | loss: 0.6216544
	speed: 0.3052s/iter; left time: 8229.5979s
	iters: 200, epoch: 4 | loss: 0.6672352
	speed: 0.1287s/iter; left time: 3457.6257s
Epoch: 4 cost time: 35.85960030555725
Epoch: 4, Steps: 279 | Train Loss: 0.6225943 Vali Loss: 0.6598085 Test Loss: 0.3227119
Validation loss decreased (0.665953 --> 0.659808).  Saving model ...
Updating learning rate to 9e-05
	iters: 100, epoch: 5 | loss: 0.6966118
	speed: 0.3038s/iter; left time: 8106.5698s
	iters: 200, epoch: 5 | loss: 0.4897620
	speed: 0.1287s/iter; left time: 3421.9892s
Epoch: 5 cost time: 35.84824728965759
Epoch: 5, Steps: 279 | Train Loss: 0.6167872 Vali Loss: 0.6597695 Test Loss: 0.3215355
Validation loss decreased (0.659808 --> 0.659770).  Saving model ...
Updating learning rate to 8.1e-05
	iters: 100, epoch: 6 | loss: 0.5895646
	speed: 0.3048s/iter; left time: 8047.9714s
	iters: 200, epoch: 6 | loss: 0.6029347
	speed: 0.1287s/iter; left time: 3384.5444s
Epoch: 6 cost time: 35.8531539440155
Epoch: 6, Steps: 279 | Train Loss: 0.6138230 Vali Loss: 0.6561713 Test Loss: 0.3205972
Validation loss decreased (0.659770 --> 0.656171).  Saving model ...
Updating learning rate to 7.290000000000001e-05
	iters: 100, epoch: 7 | loss: 0.5640484
	speed: 0.3048s/iter; left time: 7962.2800s
	iters: 200, epoch: 7 | loss: 0.5899241
	speed: 0.1287s/iter; left time: 3350.2560s
Epoch: 7 cost time: 35.860793352127075
Epoch: 7, Steps: 279 | Train Loss: 0.6111264 Vali Loss: 0.6525215 Test Loss: 0.3199067
Validation loss decreased (0.656171 --> 0.652521).  Saving model ...
Updating learning rate to 6.561e-05
	iters: 100, epoch: 8 | loss: 0.5671222
	speed: 0.3022s/iter; left time: 7810.6138s
	iters: 200, epoch: 8 | loss: 0.6068861
	speed: 0.1287s/iter; left time: 3313.0663s
Epoch: 8 cost time: 35.87973594665527
Epoch: 8, Steps: 279 | Train Loss: 0.6095447 Vali Loss: 0.6573220 Test Loss: 0.3200503
EarlyStopping counter: 1 out of 20
Updating learning rate to 5.904900000000001e-05
	iters: 100, epoch: 9 | loss: 0.6270002
	speed: 0.2993s/iter; left time: 7652.3016s
	iters: 200, epoch: 9 | loss: 0.6845583
	speed: 0.1287s/iter; left time: 3278.6792s
Epoch: 9 cost time: 35.8867130279541
Epoch: 9, Steps: 279 | Train Loss: 0.6072753 Vali Loss: 0.6573974 Test Loss: 0.3196910
EarlyStopping counter: 2 out of 20
Updating learning rate to 5.3144100000000005e-05
	iters: 100, epoch: 10 | loss: 0.5986171
	speed: 0.2989s/iter; left time: 7559.4809s
	iters: 200, epoch: 10 | loss: 0.7266749
	speed: 0.1287s/iter; left time: 3241.7586s
Epoch: 10 cost time: 35.87306761741638
Epoch: 10, Steps: 279 | Train Loss: 0.6051911 Vali Loss: 0.6569903 Test Loss: 0.3196875
EarlyStopping counter: 3 out of 20
Updating learning rate to 4.782969000000001e-05
	iters: 100, epoch: 11 | loss: 0.5881779
	speed: 0.2992s/iter; left time: 7484.4597s
	iters: 200, epoch: 11 | loss: 0.6510938
	speed: 0.1286s/iter; left time: 3203.6424s
Epoch: 11 cost time: 35.85055947303772
Epoch: 11, Steps: 279 | Train Loss: 0.6032894 Vali Loss: 0.6561721 Test Loss: 0.3192521
EarlyStopping counter: 4 out of 20
Updating learning rate to 4.304672100000001e-05
	iters: 100, epoch: 12 | loss: 0.5069179
	speed: 0.2990s/iter; left time: 7395.6911s
	iters: 200, epoch: 12 | loss: 0.6295237
	speed: 0.1286s/iter; left time: 3166.4648s
Epoch: 12 cost time: 35.836251974105835
Epoch: 12, Steps: 279 | Train Loss: 0.6015453 Vali Loss: 0.6578753 Test Loss: 0.3196092
EarlyStopping counter: 5 out of 20
Updating learning rate to 3.874204890000001e-05
	iters: 100, epoch: 13 | loss: 0.6417783
	speed: 0.2992s/iter; left time: 7317.3810s
	iters: 200, epoch: 13 | loss: 0.5720313
	speed: 0.1288s/iter; left time: 3136.6155s
Epoch: 13 cost time: 37.63691973686218
Epoch: 13, Steps: 279 | Train Loss: 0.5999553 Vali Loss: 0.6546736 Test Loss: 0.3193249
EarlyStopping counter: 6 out of 20
Updating learning rate to 3.486784401000001e-05
	iters: 100, epoch: 14 | loss: 0.7050307
	speed: 0.3162s/iter; left time: 7643.0778s
	iters: 200, epoch: 14 | loss: 0.5344374
	speed: 0.1286s/iter; left time: 3096.8136s
Epoch: 14 cost time: 35.84190630912781
Epoch: 14, Steps: 279 | Train Loss: 0.5984730 Vali Loss: 0.6562452 Test Loss: 0.3184752
EarlyStopping counter: 7 out of 20
Updating learning rate to 3.138105960900001e-05
	iters: 100, epoch: 15 | loss: 0.7050614
	speed: 0.2991s/iter; left time: 7146.7296s
	iters: 200, epoch: 15 | loss: 0.5338700
	speed: 0.1286s/iter; left time: 3060.2702s
Epoch: 15 cost time: 35.823376417160034
Epoch: 15, Steps: 279 | Train Loss: 0.5973169 Vali Loss: 0.6539561 Test Loss: 0.3189608
EarlyStopping counter: 8 out of 20
Updating learning rate to 2.824295364810001e-05
	iters: 100, epoch: 16 | loss: 0.5927064
	speed: 0.2983s/iter; left time: 7045.3564s
	iters: 200, epoch: 16 | loss: 0.6279858
	speed: 0.1286s/iter; left time: 3023.5214s
Epoch: 16 cost time: 35.8156476020813
Epoch: 16, Steps: 279 | Train Loss: 0.5962084 Vali Loss: 0.6583050 Test Loss: 0.3204505
EarlyStopping counter: 9 out of 20
Updating learning rate to 2.541865828329001e-05
	iters: 100, epoch: 17 | loss: 0.5911056
	speed: 0.2983s/iter; left time: 6960.6592s
	iters: 200, epoch: 17 | loss: 0.6199918
	speed: 0.1286s/iter; left time: 2987.8614s
Epoch: 17 cost time: 35.810834646224976
Epoch: 17, Steps: 279 | Train Loss: 0.5956953 Vali Loss: 0.6548045 Test Loss: 0.3192921
EarlyStopping counter: 10 out of 20
Updating learning rate to 2.287679245496101e-05
	iters: 100, epoch: 18 | loss: 0.5524738
	speed: 0.2979s/iter; left time: 6868.1980s
	iters: 200, epoch: 18 | loss: 0.6249082
	speed: 0.1286s/iter; left time: 2951.3793s
Epoch: 18 cost time: 35.80484366416931
Epoch: 18, Steps: 279 | Train Loss: 0.5951591 Vali Loss: 0.6568159 Test Loss: 0.3193882
EarlyStopping counter: 11 out of 20
Updating learning rate to 2.0589113209464907e-05
	iters: 100, epoch: 19 | loss: 0.5104575
	speed: 0.2984s/iter; left time: 6796.4481s
	iters: 200, epoch: 19 | loss: 0.5879108
	speed: 0.1286s/iter; left time: 2915.8438s
Epoch: 19 cost time: 35.79603123664856
Epoch: 19, Steps: 279 | Train Loss: 0.5946656 Vali Loss: 0.6549067 Test Loss: 0.3197478
EarlyStopping counter: 12 out of 20
Updating learning rate to 1.8530201888518416e-05
	iters: 100, epoch: 20 | loss: 0.5742626
	speed: 0.2980s/iter; left time: 6705.8678s
	iters: 200, epoch: 20 | loss: 0.6712583
	speed: 0.1285s/iter; left time: 2879.4764s
Epoch: 20 cost time: 35.807361364364624
Epoch: 20, Steps: 279 | Train Loss: 0.5939262 Vali Loss: 0.6567551 Test Loss: 0.3193485
EarlyStopping counter: 13 out of 20
Updating learning rate to 1.6677181699666577e-05
	iters: 100, epoch: 21 | loss: 0.6805292
	speed: 0.2981s/iter; left time: 6624.6968s
	iters: 200, epoch: 21 | loss: 0.5703819
	speed: 0.1284s/iter; left time: 2840.6900s
Epoch: 21 cost time: 35.78017807006836
Epoch: 21, Steps: 279 | Train Loss: 0.5933983 Vali Loss: 0.6576783 Test Loss: 0.3198499
EarlyStopping counter: 14 out of 20
Updating learning rate to 1.5009463529699919e-05
	iters: 100, epoch: 22 | loss: 0.5845225
	speed: 0.2981s/iter; left time: 6541.7453s
	iters: 200, epoch: 22 | loss: 0.5924374
	speed: 0.1285s/iter; left time: 2806.4363s
Epoch: 22 cost time: 35.8084659576416
Epoch: 22, Steps: 279 | Train Loss: 0.5932611 Vali Loss: 0.6578617 Test Loss: 0.3200113
EarlyStopping counter: 15 out of 20
Updating learning rate to 1.3508517176729929e-05
	iters: 100, epoch: 23 | loss: 0.6217508
	speed: 0.2984s/iter; left time: 6463.1945s
	iters: 200, epoch: 23 | loss: 0.6210015
	speed: 0.1285s/iter; left time: 2770.0236s
Epoch: 23 cost time: 35.79572772979736
Epoch: 23, Steps: 279 | Train Loss: 0.5923162 Vali Loss: 0.6580516 Test Loss: 0.3202409
EarlyStopping counter: 16 out of 20
Updating learning rate to 1.2157665459056936e-05
	iters: 100, epoch: 24 | loss: 0.5552353
	speed: 0.2980s/iter; left time: 6371.9922s
	iters: 200, epoch: 24 | loss: 0.5802416
	speed: 0.1284s/iter; left time: 2733.0667s
Epoch: 24 cost time: 35.7860062122345
Epoch: 24, Steps: 279 | Train Loss: 0.5919593 Vali Loss: 0.6594759 Test Loss: 0.3201995
EarlyStopping counter: 17 out of 20
Updating learning rate to 1.0941898913151242e-05
	iters: 100, epoch: 25 | loss: 0.8136435
	speed: 0.2985s/iter; left time: 6299.0214s
	iters: 200, epoch: 25 | loss: 0.5664507
	speed: 0.1284s/iter; left time: 2697.7661s
Epoch: 25 cost time: 35.78838300704956
Epoch: 25, Steps: 279 | Train Loss: 0.5917541 Vali Loss: 0.6585358 Test Loss: 0.3200438
EarlyStopping counter: 18 out of 20
Updating learning rate to 9.847709021836118e-06
	iters: 100, epoch: 26 | loss: 0.5966114
	speed: 0.2980s/iter; left time: 6205.4023s
	iters: 200, epoch: 26 | loss: 0.6238616
	speed: 0.1284s/iter; left time: 2661.9649s
Epoch: 26 cost time: 35.79018187522888
Epoch: 26, Steps: 279 | Train Loss: 0.5915618 Vali Loss: 0.6593307 Test Loss: 0.3198893
EarlyStopping counter: 19 out of 20
Updating learning rate to 8.862938119652508e-06
	iters: 100, epoch: 27 | loss: 0.6320019
	speed: 0.2981s/iter; left time: 6124.7480s
	iters: 200, epoch: 27 | loss: 0.5529288
	speed: 0.1285s/iter; left time: 2626.8954s
Epoch: 27 cost time: 35.8052933216095
Epoch: 27, Steps: 279 | Train Loss: 0.5910845 Vali Loss: 0.6583673 Test Loss: 0.3203221
EarlyStopping counter: 20 out of 20
Early stopping
>>>>>>>testing : NL_weather_flatten_lr0.00005_always_336_720_PatchTST_custom_ftM_sl336_ll48_pl720_dm128_nh16_el3_dl1_df256_fc1_ebtimeF_dtTruelr5e-05_polalways_Nested_Learning_0<<<<<<<<<<<<<<<<<<<<<<<<<<<<<<<<<
test 9820
 Ejecutando Inferencia DINÁMICA (Nested Learning con flatten)
  -> Política: always | LR: 5e-05 | Target: head

RESUMEN: El CMS se actualizó 76 veces de 76 posibles.

mse:0.32427477836608887, mae:0.3369014859199524, rse:0.7512335777282715
