==========================================================
SÚPER ARRAY TFG - TAREA ID: 46 / 113
Nodo: dionisio
Dataset: ettm1 | Experimento: NL_ettm1_cms_lr0.001_5steps
Cabeza: cms | LR: 0.001 | Política: 5steps
==========================================================
Args in experiment:
Namespace(random_seed=2021, is_training=1, model_id='NL_ettm1_cms_lr0.001_5steps_336_96', model='PatchTST', data='ETTm1', root_path='./dataset/', data_path='ETTm1.csv', features='M', target='OT', freq='h', checkpoints='./checkpoints/', seq_len=336, label_len=48, pred_len=96, head_type='cms', cms_lr=0.001, update_policy='5steps', fc_dropout=0.2, head_dropout=0.0, patch_len=16, stride=8, padding_patch='end', revin=1, affine=0, subtract_last=0, decomposition=0, kernel_size=25, individual=1, embed_type=0, enc_in=7, dec_in=7, c_out=7, d_model=128, n_heads=16, e_layers=3, d_layers=1, d_ff=256, moving_avg=25, factor=1, distil=True, dropout=0.2, embed='timeF', activation='gelu', output_attention=False, do_predict=False, num_workers=0, itr=1, train_epochs=100, batch_size=128, patience=20, learning_rate=0.0001, des='Nested_Learning', loss='mse', lradj='TST', pct_start=0.4, use_amp=False, use_gpu=True, gpu=0, use_multi_gpu=False, devices='0,1,2,3', test_flop=False)
Use GPU: cuda:0
>>>>>>>start training : NL_ettm1_cms_lr0.001_5steps_336_96_PatchTST_ETTm1_ftM_sl336_ll48_pl96_dm128_nh16_el3_dl1_df256_fc1_ebtimeF_dtTruelr0.001_pol_5steps_Nested_Learning_0>>>>>>>>>>>>>>>>>>>>>>>>>>
train 34129
val 11425
test 11425
	iters: 100, epoch: 1 | loss: 0.4511291
	speed: 0.1320s/iter; left time: 3496.8869s
	iters: 200, epoch: 1 | loss: 0.3716338
	speed: 0.0483s/iter; left time: 1276.2327s
Epoch: 1 cost time: 13.167187929153442
Epoch: 1, Steps: 266 | Train Loss: 0.4300680 Vali Loss: 0.4737125 Test Loss: 0.3786937
Validation loss decreased (inf --> 0.473713).  Saving model ...
Updating learning rate to 4.147995783958166e-06
	iters: 100, epoch: 2 | loss: 0.3706718
	speed: 0.1234s/iter; left time: 3238.1551s
	iters: 200, epoch: 2 | loss: 0.3386165
	speed: 0.0490s/iter; left time: 1280.4586s
Epoch: 2 cost time: 13.007482290267944
Epoch: 2, Steps: 266 | Train Loss: 0.3259892 Vali Loss: 0.4157547 Test Loss: 0.3338135
Validation loss decreased (0.473713 --> 0.415755).  Saving model ...
Updating learning rate to 4.591070521163098e-06
	iters: 100, epoch: 3 | loss: 0.3177834
	speed: 0.1302s/iter; left time: 3381.1826s
	iters: 200, epoch: 3 | loss: 0.3054555
	speed: 0.0492s/iter; left time: 1272.7596s
Epoch: 3 cost time: 13.063110589981079
Epoch: 3, Steps: 266 | Train Loss: 0.2940820 Vali Loss: 0.3906664 Test Loss: 0.3149034
Validation loss decreased (0.415755 --> 0.390666).  Saving model ...
Updating learning rate to 5.326491995236255e-06
	iters: 100, epoch: 4 | loss: 0.2840878
	speed: 0.1243s/iter; left time: 3194.6842s
	iters: 200, epoch: 4 | loss: 0.2625414
	speed: 0.0494s/iter; left time: 1264.5250s
Epoch: 4 cost time: 13.127724409103394
Epoch: 4, Steps: 266 | Train Loss: 0.2766372 Vali Loss: 0.3798169 Test Loss: 0.3053879
Validation loss decreased (0.390666 --> 0.379817).  Saving model ...
Updating learning rate to 6.349725236277868e-06
	iters: 100, epoch: 5 | loss: 0.2424614
	speed: 0.1295s/iter; left time: 3293.5105s
	iters: 200, epoch: 5 | loss: 0.2474409
	speed: 0.0494s/iter; left time: 1250.5835s
Epoch: 5 cost time: 13.122629165649414
Epoch: 5, Steps: 266 | Train Loss: 0.2659607 Vali Loss: 0.3737944 Test Loss: 0.2983182
Validation loss decreased (0.379817 --> 0.373794).  Saving model ...
Updating learning rate to 7.654460485717921e-06
	iters: 100, epoch: 6 | loss: 0.2869880
	speed: 0.1283s/iter; left time: 3229.3734s
	iters: 200, epoch: 6 | loss: 0.2392915
	speed: 0.0479s/iter; left time: 1201.3559s
Epoch: 6 cost time: 12.873377799987793
Epoch: 6, Steps: 266 | Train Loss: 0.2581019 Vali Loss: 0.3708291 Test Loss: 0.2949862
Validation loss decreased (0.373794 --> 0.370829).  Saving model ...
Updating learning rate to 9.232652105385623e-06
	iters: 100, epoch: 7 | loss: 0.2526368
	speed: 0.1222s/iter; left time: 3042.4790s
	iters: 200, epoch: 7 | loss: 0.2528339
	speed: 0.0480s/iter; left time: 1191.3351s
Epoch: 7 cost time: 12.762176752090454
Epoch: 7, Steps: 266 | Train Loss: 0.2515553 Vali Loss: 0.3663901 Test Loss: 0.2928661
Validation loss decreased (0.370829 --> 0.366390).  Saving model ...
Updating learning rate to 1.1074568190864783e-05
	iters: 100, epoch: 8 | loss: 0.2515873
	speed: 0.1303s/iter; left time: 3209.4086s
	iters: 200, epoch: 8 | loss: 0.2304153
	speed: 0.0480s/iter; left time: 1177.3257s
Epoch: 8 cost time: 12.75202989578247
Epoch: 8, Steps: 266 | Train Loss: 0.2461785 Vali Loss: 0.3667698 Test Loss: 0.2918806
EarlyStopping counter: 1 out of 20
Updating learning rate to 1.316885058319476e-05
	iters: 100, epoch: 9 | loss: 0.2212748
	speed: 0.1151s/iter; left time: 2806.2727s
	iters: 200, epoch: 9 | loss: 0.2508148
	speed: 0.0482s/iter; left time: 1170.6239s
Epoch: 9 cost time: 12.816486835479736
Epoch: 9, Steps: 266 | Train Loss: 0.2413128 Vali Loss: 0.3641527 Test Loss: 0.2906794
Validation loss decreased (0.366390 --> 0.364153).  Saving model ...
Updating learning rate to 1.5502584908855415e-05
	iters: 100, epoch: 10 | loss: 0.2089580
	speed: 0.1237s/iter; left time: 2982.5054s
	iters: 200, epoch: 10 | loss: 0.2351326
	speed: 0.0483s/iter; left time: 1158.6742s
Epoch: 10 cost time: 12.814266204833984
Epoch: 10, Steps: 266 | Train Loss: 0.2369722 Vali Loss: 0.3647932 Test Loss: 0.2906105
EarlyStopping counter: 1 out of 20
Updating learning rate to 1.806138021613527e-05
	iters: 100, epoch: 11 | loss: 0.2148282
	speed: 0.1155s/iter; left time: 2754.0938s
	iters: 200, epoch: 11 | loss: 0.2648486
	speed: 0.0484s/iter; left time: 1148.8558s
Epoch: 11 cost time: 12.864153861999512
Epoch: 11, Steps: 266 | Train Loss: 0.2329741 Vali Loss: 0.3643132 Test Loss: 0.2896624
EarlyStopping counter: 2 out of 20
Updating learning rate to 2.0829457716805565e-05
	iters: 100, epoch: 12 | loss: 0.1980940
	speed: 0.1156s/iter; left time: 2725.3347s
	iters: 200, epoch: 12 | loss: 0.2155418
	speed: 0.0484s/iter; left time: 1136.5619s
Epoch: 12 cost time: 12.860364437103271
Epoch: 12, Steps: 266 | Train Loss: 0.2290212 Vali Loss: 0.3664863 Test Loss: 0.2892638
EarlyStopping counter: 3 out of 20
Updating learning rate to 2.3789748085875986e-05
	iters: 100, epoch: 13 | loss: 0.2214689
	speed: 0.1157s/iter; left time: 2696.8746s
	iters: 200, epoch: 13 | loss: 0.2201524
	speed: 0.0485s/iter; left time: 1124.5300s
Epoch: 13 cost time: 12.876608610153198
Epoch: 13, Steps: 266 | Train Loss: 0.2249750 Vali Loss: 0.3666576 Test Loss: 0.2872249
EarlyStopping counter: 4 out of 20
Updating learning rate to 2.6923996719433387e-05
	iters: 100, epoch: 14 | loss: 0.2365138
	speed: 0.1159s/iter; left time: 2670.0202s
	iters: 200, epoch: 14 | loss: 0.2121215
	speed: 0.0485s/iter; left time: 1112.8849s
Epoch: 14 cost time: 12.885777235031128
Epoch: 14, Steps: 266 | Train Loss: 0.2204761 Vali Loss: 0.3747542 Test Loss: 0.2877755
EarlyStopping counter: 5 out of 20
Updating learning rate to 3.021287630149266e-05
	iters: 100, epoch: 15 | loss: 0.2072497
	speed: 0.1158s/iter; left time: 2638.1325s
	iters: 200, epoch: 15 | loss: 0.2111938
	speed: 0.0502s/iter; left time: 1138.9205s
Epoch: 15 cost time: 13.185324907302856
Epoch: 15, Steps: 266 | Train Loss: 0.2165986 Vali Loss: 0.3703795 Test Loss: 0.2846451
EarlyStopping counter: 6 out of 20
Updating learning rate to 3.363610598571669e-05
	iters: 100, epoch: 16 | loss: 0.2243759
	speed: 0.1186s/iter; left time: 2669.9485s
	iters: 200, epoch: 16 | loss: 0.1951415
	speed: 0.0503s/iter; left time: 1128.1280s
Epoch: 16 cost time: 13.389045238494873
Epoch: 16, Steps: 266 | Train Loss: 0.2123153 Vali Loss: 0.3793738 Test Loss: 0.2878911
EarlyStopping counter: 7 out of 20
Updating learning rate to 3.717257645707274e-05
	iters: 100, epoch: 17 | loss: 0.1998424
	speed: 0.1187s/iter; left time: 2641.2537s
	iters: 200, epoch: 17 | loss: 0.2123414
	speed: 0.0503s/iter; left time: 1114.5151s
Epoch: 17 cost time: 13.371312618255615
Epoch: 17, Steps: 266 | Train Loss: 0.2080591 Vali Loss: 0.3850820 Test Loss: 0.2879897
EarlyStopping counter: 8 out of 20
Updating learning rate to 4.08004801022336e-05
	iters: 100, epoch: 18 | loss: 0.1961011
	speed: 0.1185s/iter; left time: 2604.7496s
	iters: 200, epoch: 18 | loss: 0.1885824
	speed: 0.0503s/iter; left time: 1100.5365s
Epoch: 18 cost time: 13.36714792251587
Epoch: 18, Steps: 266 | Train Loss: 0.2038410 Vali Loss: 0.3924242 Test Loss: 0.2869835
EarlyStopping counter: 9 out of 20
Updating learning rate to 4.4497445486028815e-05
	iters: 100, epoch: 19 | loss: 0.2252325
	speed: 0.1188s/iter; left time: 2579.3491s
	iters: 200, epoch: 19 | loss: 0.1821983
	speed: 0.0503s/iter; left time: 1088.0218s
Epoch: 19 cost time: 13.37956190109253
Epoch: 19, Steps: 266 | Train Loss: 0.1997565 Vali Loss: 0.3882047 Test Loss: 0.2880839
EarlyStopping counter: 10 out of 20
Updating learning rate to 4.8240675304698384e-05
	iters: 100, epoch: 20 | loss: 0.2049796
	speed: 0.1187s/iter; left time: 2545.4298s
	iters: 200, epoch: 20 | loss: 0.2217736
	speed: 0.0504s/iter; left time: 1074.8491s
Epoch: 20 cost time: 13.399006366729736
Epoch: 20, Steps: 266 | Train Loss: 0.1956516 Vali Loss: 0.4004486 Test Loss: 0.2906531
EarlyStopping counter: 11 out of 20
Updating learning rate to 5.2007086965261054e-05
	iters: 100, epoch: 21 | loss: 0.1770306
	speed: 0.1189s/iter; left time: 2517.6367s
	iters: 200, epoch: 21 | loss: 0.1884361
	speed: 0.0504s/iter; left time: 1063.2067s
Epoch: 21 cost time: 13.382731914520264
Epoch: 21, Steps: 266 | Train Loss: 0.1908449 Vali Loss: 0.4112760 Test Loss: 0.2943375
EarlyStopping counter: 12 out of 20
Updating learning rate to 5.5773454924116216e-05
	iters: 100, epoch: 22 | loss: 0.1838940
	speed: 0.1186s/iter; left time: 2480.4221s
	iters: 200, epoch: 22 | loss: 0.1984495
	speed: 0.0504s/iter; left time: 1049.9508s
Epoch: 22 cost time: 13.379790782928467
Epoch: 22, Steps: 266 | Train Loss: 0.1864074 Vali Loss: 0.4128959 Test Loss: 0.2958408
EarlyStopping counter: 13 out of 20
Updating learning rate to 5.95165539071495e-05
	iters: 100, epoch: 23 | loss: 0.1641598
	speed: 0.1188s/iter; left time: 2453.3579s
	iters: 200, epoch: 23 | loss: 0.1846606
	speed: 0.0503s/iter; left time: 1033.2197s
Epoch: 23 cost time: 13.370168447494507
Epoch: 23, Steps: 266 | Train Loss: 0.1812536 Vali Loss: 0.4186094 Test Loss: 0.2957838
EarlyStopping counter: 14 out of 20
Updating learning rate to 6.321330212817643e-05
	iters: 100, epoch: 24 | loss: 0.1652452
	speed: 0.1187s/iter; left time: 2420.4329s
	iters: 200, epoch: 24 | loss: 0.1774721
	speed: 0.0504s/iter; left time: 1021.3697s
Epoch: 24 cost time: 13.381756067276001
Epoch: 24, Steps: 266 | Train Loss: 0.1763376 Vali Loss: 0.4261302 Test Loss: 0.3033102
EarlyStopping counter: 15 out of 20
Updating learning rate to 6.684090362256924e-05
	iters: 100, epoch: 25 | loss: 0.1837238
	speed: 0.1187s/iter; left time: 2386.9671s
	iters: 200, epoch: 25 | loss: 0.1730182
	speed: 0.0504s/iter; left time: 1009.4157s
Epoch: 25 cost time: 13.369075536727905
Epoch: 25, Steps: 266 | Train Loss: 0.1712621 Vali Loss: 0.4370989 Test Loss: 0.3048629
EarlyStopping counter: 16 out of 20
Updating learning rate to 7.037698881836747e-05
	iters: 100, epoch: 26 | loss: 0.1668637
	speed: 0.1187s/iter; left time: 2356.2896s
	iters: 200, epoch: 26 | loss: 0.1693551
	speed: 0.0503s/iter; left time: 994.0116s
Epoch: 26 cost time: 13.376793384552002
Epoch: 26, Steps: 266 | Train Loss: 0.1658339 Vali Loss: 0.4343131 Test Loss: 0.3068630
EarlyStopping counter: 17 out of 20
Updating learning rate to 7.379975247804219e-05
	iters: 100, epoch: 27 | loss: 0.1520720
	speed: 0.1189s/iter; left time: 2328.0942s
	iters: 200, epoch: 27 | loss: 0.1615895
	speed: 0.0503s/iter; left time: 980.3596s
Epoch: 27 cost time: 13.385366916656494
Epoch: 27, Steps: 266 | Train Loss: 0.1610787 Vali Loss: 0.4473584 Test Loss: 0.3112926
EarlyStopping counter: 18 out of 20
Updating learning rate to 7.70880881602968e-05
	iters: 100, epoch: 28 | loss: 0.1506722
	speed: 0.1190s/iter; left time: 2298.2453s
	iters: 200, epoch: 28 | loss: 0.1555963
	speed: 0.0503s/iter; left time: 967.2475s
Epoch: 28 cost time: 13.388386964797974
Epoch: 28, Steps: 266 | Train Loss: 0.1555529 Vali Loss: 0.4431222 Test Loss: 0.3134052
EarlyStopping counter: 19 out of 20
Updating learning rate to 8.02217183727475e-05
	iters: 100, epoch: 29 | loss: 0.1417108
	speed: 0.1188s/iter; left time: 2262.6921s
	iters: 200, epoch: 29 | loss: 0.1597875
	speed: 0.0504s/iter; left time: 954.6688s
Epoch: 29 cost time: 13.372983932495117
Epoch: 29, Steps: 266 | Train Loss: 0.1508176 Vali Loss: 0.4522681 Test Loss: 0.3221392
EarlyStopping counter: 20 out of 20
Early stopping
>>>>>>>testing : NL_ettm1_cms_lr0.001_5steps_336_96_PatchTST_ETTm1_ftM_sl336_ll48_pl96_dm128_nh16_el3_dl1_df256_fc1_ebtimeF_dtTruelr0.001_pol_5steps_Nested_Learning_0<<<<<<<<<<<<<<<<<<<<<<<<<<<<<<<<<
test 11425
 Ejecutando Inferencia DINÁMICA (Nested Learning con cms)
  -> Política: 5steps | LR: 0.001 | Target: head

RESUMEN: El CMS se actualizó 18 veces de 89 posibles.

mse:0.330479234457016, mae:0.37160512804985046, rse:0.54683917760849
Args in experiment:
Namespace(random_seed=2021, is_training=1, model_id='NL_ettm1_cms_lr0.001_5steps_336_192', model='PatchTST', data='ETTm1', root_path='./dataset/', data_path='ETTm1.csv', features='M', target='OT', freq='h', checkpoints='./checkpoints/', seq_len=336, label_len=48, pred_len=192, head_type='cms', cms_lr=0.001, update_policy='5steps', fc_dropout=0.2, head_dropout=0.0, patch_len=16, stride=8, padding_patch='end', revin=1, affine=0, subtract_last=0, decomposition=0, kernel_size=25, individual=1, embed_type=0, enc_in=7, dec_in=7, c_out=7, d_model=128, n_heads=16, e_layers=3, d_layers=1, d_ff=256, moving_avg=25, factor=1, distil=True, dropout=0.2, embed='timeF', activation='gelu', output_attention=False, do_predict=False, num_workers=0, itr=1, train_epochs=100, batch_size=128, patience=20, learning_rate=0.0001, des='Nested_Learning', loss='mse', lradj='TST', pct_start=0.4, use_amp=False, use_gpu=True, gpu=0, use_multi_gpu=False, devices='0,1,2,3', test_flop=False)
Use GPU: cuda:0
>>>>>>>start training : NL_ettm1_cms_lr0.001_5steps_336_192_PatchTST_ETTm1_ftM_sl336_ll48_pl192_dm128_nh16_el3_dl1_df256_fc1_ebtimeF_dtTruelr0.001_pol_5steps_Nested_Learning_0>>>>>>>>>>>>>>>>>>>>>>>>>>
train 34033
val 11329
test 11329
	iters: 100, epoch: 1 | loss: 0.4844549
	speed: 0.1286s/iter; left time: 3394.7484s
	iters: 200, epoch: 1 | loss: 0.3718795
	speed: 0.0501s/iter; left time: 1317.7008s
Epoch: 1 cost time: 13.585086345672607
Epoch: 1, Steps: 265 | Train Loss: 0.4584643 Vali Loss: 0.5765724 Test Loss: 0.4076409
Validation loss decreased (inf --> 0.576572).  Saving model ...
Updating learning rate to 4.147995888890545e-06
	iters: 100, epoch: 2 | loss: 0.3652206
	speed: 0.1308s/iter; left time: 3419.7295s
	iters: 200, epoch: 2 | loss: 0.3519971
	speed: 0.0504s/iter; left time: 1313.3298s
Epoch: 2 cost time: 13.36621642112732
Epoch: 2, Steps: 265 | Train Loss: 0.3600262 Vali Loss: 0.5263020 Test Loss: 0.3682818
Validation loss decreased (0.576572 --> 0.526302).  Saving model ...
Updating learning rate to 4.591070939598485e-06
	iters: 100, epoch: 3 | loss: 0.3250536
	speed: 0.1394s/iter; left time: 3607.0517s
	iters: 200, epoch: 3 | loss: 0.3089368
	speed: 0.0504s/iter; left time: 1299.5481s
Epoch: 3 cost time: 13.378675937652588
Epoch: 3, Steps: 265 | Train Loss: 0.3319028 Vali Loss: 0.5088960 Test Loss: 0.3524384
Validation loss decreased (0.526302 --> 0.508896).  Saving model ...
Updating learning rate to 5.326492931874866e-06
	iters: 100, epoch: 4 | loss: 0.3065839
	speed: 0.1306s/iter; left time: 3344.2251s
	iters: 200, epoch: 4 | loss: 0.3195440
	speed: 0.0504s/iter; left time: 1286.6228s
Epoch: 4 cost time: 13.284463882446289
Epoch: 4, Steps: 265 | Train Loss: 0.3166953 Vali Loss: 0.4973458 Test Loss: 0.3441564
Validation loss decreased (0.508896 --> 0.497346).  Saving model ...
Updating learning rate to 6.349726889409005e-06
	iters: 100, epoch: 5 | loss: 0.3183415
	speed: 0.1387s/iter; left time: 3514.1733s
	iters: 200, epoch: 5 | loss: 0.2857133
	speed: 0.0506s/iter; left time: 1277.2829s
Epoch: 5 cost time: 13.414055824279785
Epoch: 5, Steps: 265 | Train Loss: 0.3074767 Vali Loss: 0.4932608 Test Loss: 0.3386495
Validation loss decreased (0.497346 --> 0.493261).  Saving model ...
Updating learning rate to 7.654463044738896e-06
	iters: 100, epoch: 6 | loss: 0.3116291
	speed: 0.1398s/iter; left time: 3504.7170s
	iters: 200, epoch: 6 | loss: 0.2907262
	speed: 0.0505s/iter; left time: 1261.9864s
Epoch: 6 cost time: 13.406182050704956
Epoch: 6, Steps: 265 | Train Loss: 0.3007881 Vali Loss: 0.4906318 Test Loss: 0.3367472
Validation loss decreased (0.493261 --> 0.490632).  Saving model ...
Updating learning rate to 9.232655748403029e-06
	iters: 100, epoch: 7 | loss: 0.3064230
	speed: 0.1318s/iter; left time: 3269.7902s
	iters: 200, epoch: 7 | loss: 0.3253751
	speed: 0.0506s/iter; left time: 1250.4947s
Epoch: 7 cost time: 13.415346622467041
Epoch: 7, Steps: 265 | Train Loss: 0.2954727 Vali Loss: 0.4920385 Test Loss: 0.3341493
EarlyStopping counter: 1 out of 20
Updating learning rate to 1.107457308240065e-05
	iters: 100, epoch: 8 | loss: 0.2915478
	speed: 0.1201s/iter; left time: 2948.6035s
	iters: 200, epoch: 8 | loss: 0.2752852
	speed: 0.0508s/iter; left time: 1242.5765s
Epoch: 8 cost time: 13.475831508636475
Epoch: 8, Steps: 265 | Train Loss: 0.2904821 Vali Loss: 0.4876595 Test Loss: 0.3331598
Validation loss decreased (0.490632 --> 0.487660).  Saving model ...
Updating learning rate to 1.3168856872018862e-05
	iters: 100, epoch: 9 | loss: 0.2904033
	speed: 0.1320s/iter; left time: 3205.0950s
	iters: 200, epoch: 9 | loss: 0.2857067
	speed: 0.0509s/iter; left time: 1230.7439s
Epoch: 9 cost time: 13.441768646240234
Epoch: 9, Steps: 265 | Train Loss: 0.2859900 Vali Loss: 0.4922191 Test Loss: 0.3308672
EarlyStopping counter: 1 out of 20
Updating learning rate to 1.550259272596464e-05
	iters: 100, epoch: 10 | loss: 0.3187551
	speed: 0.1202s/iter; left time: 2887.4679s
	iters: 200, epoch: 10 | loss: 0.3031406
	speed: 0.0510s/iter; left time: 1219.5100s
Epoch: 10 cost time: 13.509717226028442
Epoch: 10, Steps: 265 | Train Loss: 0.2819452 Vali Loss: 0.4898614 Test Loss: 0.3296292
EarlyStopping counter: 2 out of 20
Updating learning rate to 1.806138967289881e-05
	iters: 100, epoch: 11 | loss: 0.2806370
	speed: 0.1204s/iter; left time: 2858.8060s
	iters: 200, epoch: 11 | loss: 0.2537499
	speed: 0.0509s/iter; left time: 1204.2325s
Epoch: 11 cost time: 13.488142728805542
Epoch: 11, Steps: 265 | Train Loss: 0.2780175 Vali Loss: 0.4878072 Test Loss: 0.3295932
EarlyStopping counter: 3 out of 20
Updating learning rate to 2.0829468903294163e-05
	iters: 100, epoch: 12 | loss: 0.2659949
	speed: 0.1204s/iter; left time: 2828.4689s
	iters: 200, epoch: 12 | loss: 0.2634932
	speed: 0.0509s/iter; left time: 1190.9510s
Epoch: 12 cost time: 13.503710985183716
Epoch: 12, Steps: 265 | Train Loss: 0.2738685 Vali Loss: 0.4849729 Test Loss: 0.3278034
Validation loss decreased (0.487660 --> 0.484973).  Saving model ...
Updating learning rate to 2.3789761069391508e-05
	iters: 100, epoch: 13 | loss: 0.2630041
	speed: 0.1387s/iter; left time: 3219.7223s
	iters: 200, epoch: 13 | loss: 0.2582707
	speed: 0.0507s/iter; left time: 1172.6970s
Epoch: 13 cost time: 13.440208196640015
Epoch: 13, Steps: 265 | Train Loss: 0.2695454 Vali Loss: 0.4891883 Test Loss: 0.3278260
EarlyStopping counter: 1 out of 20
Updating learning rate to 2.692401154325343e-05
	iters: 100, epoch: 14 | loss: 0.2449405
	speed: 0.1201s/iter; left time: 2757.1502s
	iters: 200, epoch: 14 | loss: 0.2460767
	speed: 0.0512s/iter; left time: 1170.3820s
Epoch: 14 cost time: 13.528613805770874
Epoch: 14, Steps: 265 | Train Loss: 0.2647631 Vali Loss: 0.4918999 Test Loss: 0.3286603
EarlyStopping counter: 2 out of 20
Updating learning rate to 3.0212892983843068e-05
	iters: 100, epoch: 15 | loss: 0.2707022
	speed: 0.1200s/iter; left time: 2723.6403s
	iters: 200, epoch: 15 | loss: 0.2554514
	speed: 0.0510s/iter; left time: 1151.7689s
Epoch: 15 cost time: 13.498504400253296
Epoch: 15, Steps: 265 | Train Loss: 0.2603968 Vali Loss: 0.4982400 Test Loss: 0.3282852
EarlyStopping counter: 3 out of 20
Updating learning rate to 3.3636124518983084e-05
	iters: 100, epoch: 16 | loss: 0.2587413
	speed: 0.1203s/iter; left time: 2698.8119s
	iters: 200, epoch: 16 | loss: 0.2604685
	speed: 0.0512s/iter; left time: 1143.4199s
Epoch: 16 cost time: 13.553382396697998
Epoch: 16, Steps: 265 | Train Loss: 0.2556591 Vali Loss: 0.5011254 Test Loss: 0.3294976
EarlyStopping counter: 4 out of 20
Updating learning rate to 3.717259680726015e-05
	iters: 100, epoch: 17 | loss: 0.2514531
	speed: 0.1209s/iter; left time: 2679.4088s
	iters: 200, epoch: 17 | loss: 0.2423174
	speed: 0.0512s/iter; left time: 1129.6945s
Epoch: 17 cost time: 13.567819595336914
Epoch: 17, Steps: 265 | Train Loss: 0.2509339 Vali Loss: 0.5097980 Test Loss: 0.3328790
EarlyStopping counter: 5 out of 20
Updating learning rate to 4.080050220868085e-05
	iters: 100, epoch: 18 | loss: 0.2430319
	speed: 0.1204s/iter; left time: 2636.7216s
	iters: 200, epoch: 18 | loss: 0.2579983
	speed: 0.0512s/iter; left time: 1115.8735s
Epoch: 18 cost time: 13.563735723495483
Epoch: 18, Steps: 265 | Train Loss: 0.2461512 Vali Loss: 0.5089602 Test Loss: 0.3337093
EarlyStopping counter: 6 out of 20
Updating learning rate to 4.449746926138297e-05
	iters: 100, epoch: 19 | loss: 0.2211106
	speed: 0.1206s/iter; left time: 2608.8044s
	iters: 200, epoch: 19 | loss: 0.2376519
	speed: 0.0514s/iter; left time: 1106.1323s
Epoch: 19 cost time: 13.563120126724243
Epoch: 19, Steps: 265 | Train Loss: 0.2411064 Vali Loss: 0.5198086 Test Loss: 0.3340997
EarlyStopping counter: 7 out of 20
Updating learning rate to 4.824070063515135e-05
	iters: 100, epoch: 20 | loss: 0.2274074
	speed: 0.1207s/iter; left time: 2579.2644s
	iters: 200, epoch: 20 | loss: 0.2360440
	speed: 0.0512s/iter; left time: 1088.9025s
Epoch: 20 cost time: 13.54252552986145
Epoch: 20, Steps: 265 | Train Loss: 0.2358645 Vali Loss: 0.5234205 Test Loss: 0.3385506
EarlyStopping counter: 8 out of 20
Updating learning rate to 5.200711371104918e-05
	iters: 100, epoch: 21 | loss: 0.2362868
	speed: 0.1202s/iter; left time: 2536.8412s
	iters: 200, epoch: 21 | loss: 0.2168869
	speed: 0.0512s/iter; left time: 1074.8026s
Epoch: 21 cost time: 13.54137659072876
Epoch: 21, Steps: 265 | Train Loss: 0.2305551 Vali Loss: 0.5367229 Test Loss: 0.3409207
EarlyStopping counter: 9 out of 20
Updating learning rate to 5.577348292028073e-05
	iters: 100, epoch: 22 | loss: 0.2125595
	speed: 0.1203s/iter; left time: 2507.1105s
	iters: 200, epoch: 22 | loss: 0.2307760
	speed: 0.0507s/iter; left time: 1051.7647s
Epoch: 22 cost time: 13.47412395477295
Epoch: 22, Steps: 265 | Train Loss: 0.2248980 Vali Loss: 0.5454481 Test Loss: 0.3442163
EarlyStopping counter: 10 out of 20
Updating learning rate to 5.9516582964553954e-05
	iters: 100, epoch: 23 | loss: 0.2127389
	speed: 0.1199s/iter; left time: 2466.7542s
	iters: 200, epoch: 23 | loss: 0.2151139
	speed: 0.0507s/iter; left time: 1037.2705s
Epoch: 23 cost time: 13.436212301254272
Epoch: 23, Steps: 265 | Train Loss: 0.2194208 Vali Loss: 0.5502352 Test Loss: 0.3490888
EarlyStopping counter: 11 out of 20
Updating learning rate to 6.321333203477474e-05
	iters: 100, epoch: 24 | loss: 0.2169663
	speed: 0.1199s/iter; left time: 2434.1446s
	iters: 200, epoch: 24 | loss: 0.2090140
	speed: 0.0505s/iter; left time: 1020.9681s
Epoch: 24 cost time: 13.37193775177002
Epoch: 24, Steps: 265 | Train Loss: 0.2134592 Vali Loss: 0.5524163 Test Loss: 0.3501079
EarlyStopping counter: 12 out of 20
Updating learning rate to 6.684093414491588e-05
	iters: 100, epoch: 25 | loss: 0.2121413
	speed: 0.1195s/iter; left time: 2394.9887s
	iters: 200, epoch: 25 | loss: 0.2112108
	speed: 0.0504s/iter; left time: 1005.6743s
Epoch: 25 cost time: 13.372709274291992
Epoch: 25, Steps: 265 | Train Loss: 0.2075925 Vali Loss: 0.5697750 Test Loss: 0.3566418
EarlyStopping counter: 13 out of 20
Updating learning rate to 7.037701970335941e-05
	iters: 100, epoch: 26 | loss: 0.1843832
	speed: 0.1193s/iter; left time: 2359.5326s
	iters: 200, epoch: 26 | loss: 0.1918444
	speed: 0.0507s/iter; left time: 996.9810s
Epoch: 26 cost time: 13.394672155380249
Epoch: 26, Steps: 265 | Train Loss: 0.2016047 Vali Loss: 0.5692804 Test Loss: 0.3557413
EarlyStopping counter: 14 out of 20
Updating learning rate to 7.379978345487968e-05
	iters: 100, epoch: 27 | loss: 0.1991663
	speed: 0.1192s/iter; left time: 2324.9857s
	iters: 200, epoch: 27 | loss: 0.1757095
	speed: 0.0505s/iter; left time: 980.3549s
Epoch: 27 cost time: 13.367980480194092
Epoch: 27, Steps: 265 | Train Loss: 0.1953973 Vali Loss: 0.5775192 Test Loss: 0.3718343
EarlyStopping counter: 15 out of 20
Updating learning rate to 7.70881189426489e-05
	iters: 100, epoch: 28 | loss: 0.1868043
	speed: 0.1191s/iter; left time: 2292.3643s
	iters: 200, epoch: 28 | loss: 0.1919210
	speed: 0.0504s/iter; left time: 965.4282s
Epoch: 28 cost time: 13.352600574493408
Epoch: 28, Steps: 265 | Train Loss: 0.1893847 Vali Loss: 0.5794231 Test Loss: 0.3700812
EarlyStopping counter: 16 out of 20
Updating learning rate to 8.022174866110521e-05
	iters: 100, epoch: 29 | loss: 0.1795366
	speed: 0.1192s/iter; left time: 2262.5401s
	iters: 200, epoch: 29 | loss: 0.1761891
	speed: 0.0505s/iter; left time: 954.0254s
Epoch: 29 cost time: 13.366508722305298
Epoch: 29, Steps: 265 | Train Loss: 0.1828712 Vali Loss: 0.5975809 Test Loss: 0.3761467
EarlyStopping counter: 17 out of 20
Updating learning rate to 8.318134909709714e-05
	iters: 100, epoch: 30 | loss: 0.1857958
	speed: 0.1190s/iter; left time: 2227.0600s
	iters: 200, epoch: 30 | loss: 0.1724810
	speed: 0.0504s/iter; left time: 938.3130s
Epoch: 30 cost time: 13.351582527160645
Epoch: 30, Steps: 265 | Train Loss: 0.1769314 Vali Loss: 0.5879147 Test Loss: 0.3794871
EarlyStopping counter: 18 out of 20
Updating learning rate to 8.594866988823775e-05
	iters: 100, epoch: 31 | loss: 0.1665741
	speed: 0.1190s/iter; left time: 2196.0541s
	iters: 200, epoch: 31 | loss: 0.1774403
	speed: 0.0504s/iter; left time: 925.4175s
Epoch: 31 cost time: 13.354177713394165
Epoch: 31, Steps: 265 | Train Loss: 0.1706378 Vali Loss: 0.6003051 Test Loss: 0.3872153
EarlyStopping counter: 19 out of 20
Updating learning rate to 8.850664636367998e-05
	iters: 100, epoch: 32 | loss: 0.1722750
	speed: 0.1192s/iter; left time: 2167.0501s
	iters: 200, epoch: 32 | loss: 0.1572558
	speed: 0.0504s/iter; left time: 911.4687s
Epoch: 32 cost time: 13.35663652420044
Epoch: 32, Steps: 265 | Train Loss: 0.1644975 Vali Loss: 0.6042192 Test Loss: 0.3871825
EarlyStopping counter: 20 out of 20
Early stopping
>>>>>>>testing : NL_ettm1_cms_lr0.001_5steps_336_192_PatchTST_ETTm1_ftM_sl336_ll48_pl192_dm128_nh16_el3_dl1_df256_fc1_ebtimeF_dtTruelr0.001_pol_5steps_Nested_Learning_0<<<<<<<<<<<<<<<<<<<<<<<<<<<<<<<<<
test 11329
 Ejecutando Inferencia DINÁMICA (Nested Learning con cms)
  -> Política: 5steps | LR: 0.001 | Target: head

RESUMEN: El CMS se actualizó 18 veces de 88 posibles.

mse:0.3895516097545624, mae:0.41269823908805847, rse:0.5936452150344849
Args in experiment:
Namespace(random_seed=2021, is_training=1, model_id='NL_ettm1_cms_lr0.001_5steps_336_336', model='PatchTST', data='ETTm1', root_path='./dataset/', data_path='ETTm1.csv', features='M', target='OT', freq='h', checkpoints='./checkpoints/', seq_len=336, label_len=48, pred_len=336, head_type='cms', cms_lr=0.001, update_policy='5steps', fc_dropout=0.2, head_dropout=0.0, patch_len=16, stride=8, padding_patch='end', revin=1, affine=0, subtract_last=0, decomposition=0, kernel_size=25, individual=1, embed_type=0, enc_in=7, dec_in=7, c_out=7, d_model=128, n_heads=16, e_layers=3, d_layers=1, d_ff=256, moving_avg=25, factor=1, distil=True, dropout=0.2, embed='timeF', activation='gelu', output_attention=False, do_predict=False, num_workers=0, itr=1, train_epochs=100, batch_size=128, patience=20, learning_rate=0.0001, des='Nested_Learning', loss='mse', lradj='TST', pct_start=0.4, use_amp=False, use_gpu=True, gpu=0, use_multi_gpu=False, devices='0,1,2,3', test_flop=False)
Use GPU: cuda:0
>>>>>>>start training : NL_ettm1_cms_lr0.001_5steps_336_336_PatchTST_ETTm1_ftM_sl336_ll48_pl336_dm128_nh16_el3_dl1_df256_fc1_ebtimeF_dtTruelr0.001_pol_5steps_Nested_Learning_0>>>>>>>>>>>>>>>>>>>>>>>>>>
train 33889
val 11185
test 11185
	iters: 100, epoch: 1 | loss: 0.4798478
	speed: 0.1072s/iter; left time: 2818.4655s
	iters: 200, epoch: 1 | loss: 0.4558151
	speed: 0.0510s/iter; left time: 1335.0848s
Epoch: 1 cost time: 13.782633543014526
Epoch: 1, Steps: 264 | Train Loss: 0.4924238 Vali Loss: 0.7118937 Test Loss: 0.4383308
Validation loss decreased (inf --> 0.711894).  Saving model ...
Updating learning rate to 4.147995994617984e-06
	iters: 100, epoch: 2 | loss: 0.3936666
	speed: 0.1399s/iter; left time: 3642.3328s
	iters: 200, epoch: 2 | loss: 0.3954012
	speed: 0.0517s/iter; left time: 1342.0556s
Epoch: 2 cost time: 13.6376473903656
Epoch: 2, Steps: 264 | Train Loss: 0.3990886 Vali Loss: 0.6699505 Test Loss: 0.4030632
Validation loss decreased (0.711894 --> 0.669950).  Saving model ...
Updating learning rate to 4.591071361204269e-06
	iters: 100, epoch: 3 | loss: 0.3609168
	speed: 0.1513s/iter; left time: 3899.5786s
	iters: 200, epoch: 3 | loss: 0.3209040
	speed: 0.0519s/iter; left time: 1332.0297s
Epoch: 3 cost time: 13.69554877281189
Epoch: 3, Steps: 264 | Train Loss: 0.3729105 Vali Loss: 0.6538326 Test Loss: 0.3878495
Validation loss decreased (0.669950 --> 0.653833).  Saving model ...
Updating learning rate to 5.3264938756102174e-06
	iters: 100, epoch: 4 | loss: 0.3812238
	speed: 0.1458s/iter; left time: 3719.4917s
	iters: 200, epoch: 4 | loss: 0.3407898
	speed: 0.0520s/iter; left time: 1320.6150s
Epoch: 4 cost time: 13.716768980026245
Epoch: 4, Steps: 264 | Train Loss: 0.3587477 Vali Loss: 0.6432501 Test Loss: 0.3802697
Validation loss decreased (0.653833 --> 0.643250).  Saving model ...
Updating learning rate to 6.349728555065631e-06
	iters: 100, epoch: 5 | loss: 0.3486003
	speed: 0.1434s/iter; left time: 3619.7880s
	iters: 200, epoch: 5 | loss: 0.3265350
	speed: 0.0521s/iter; left time: 1308.8114s
Epoch: 5 cost time: 13.746735572814941
Epoch: 5, Steps: 264 | Train Loss: 0.3502823 Vali Loss: 0.6387621 Test Loss: 0.3761827
Validation loss decreased (0.643250 --> 0.638762).  Saving model ...
Updating learning rate to 7.654465623149092e-06
	iters: 100, epoch: 6 | loss: 0.3417178
	speed: 0.1391s/iter; left time: 3475.3802s
	iters: 200, epoch: 6 | loss: 0.3277330
	speed: 0.0522s/iter; left time: 1298.3655s
Epoch: 6 cost time: 13.749085187911987
Epoch: 6, Steps: 264 | Train Loss: 0.3440141 Vali Loss: 0.6384085 Test Loss: 0.3736487
Validation loss decreased (0.638762 --> 0.638409).  Saving model ...
Updating learning rate to 9.232659419022894e-06
	iters: 100, epoch: 7 | loss: 0.3800029
	speed: 0.1392s/iter; left time: 3441.2430s
	iters: 200, epoch: 7 | loss: 0.3389003
	speed: 0.0522s/iter; left time: 1284.8420s
Epoch: 7 cost time: 13.732725620269775
Epoch: 7, Steps: 264 | Train Loss: 0.3390969 Vali Loss: 0.6346720 Test Loss: 0.3715515
Validation loss decreased (0.638409 --> 0.634672).  Saving model ...
Updating learning rate to 1.1074578010998666e-05
	iters: 100, epoch: 8 | loss: 0.3680881
	speed: 0.1310s/iter; left time: 3202.9899s
	iters: 200, epoch: 8 | loss: 0.3262078
	speed: 0.0523s/iter; left time: 1273.2178s
Epoch: 8 cost time: 13.771441459655762
Epoch: 8, Steps: 264 | Train Loss: 0.3346856 Vali Loss: 0.6382495 Test Loss: 0.3688180
EarlyStopping counter: 1 out of 20
Updating learning rate to 1.3168863208492038e-05
	iters: 100, epoch: 9 | loss: 0.3607321
	speed: 0.1236s/iter; left time: 2990.3121s
	iters: 200, epoch: 9 | loss: 0.3526115
	speed: 0.0524s/iter; left time: 1261.4510s
Epoch: 9 cost time: 13.809520959854126
Epoch: 9, Steps: 264 | Train Loss: 0.3303421 Vali Loss: 0.6381000 Test Loss: 0.3661171
EarlyStopping counter: 2 out of 20
Updating learning rate to 1.5502600602302323e-05
	iters: 100, epoch: 10 | loss: 0.3464860
	speed: 0.1235s/iter; left time: 2955.9163s
	iters: 200, epoch: 10 | loss: 0.3402181
	speed: 0.0522s/iter; left time: 1244.8227s
Epoch: 10 cost time: 13.787055253982544
Epoch: 10, Steps: 264 | Train Loss: 0.3262808 Vali Loss: 0.6314932 Test Loss: 0.3679700
Validation loss decreased (0.634672 --> 0.631493).  Saving model ...
Updating learning rate to 1.8061399201313948e-05
	iters: 100, epoch: 11 | loss: 0.3128581
	speed: 0.1410s/iter; left time: 3335.0279s
	iters: 200, epoch: 11 | loss: 0.3290088
	speed: 0.0521s/iter; left time: 1226.3663s
Epoch: 11 cost time: 13.744591474533081
Epoch: 11, Steps: 264 | Train Loss: 0.3219963 Vali Loss: 0.6353658 Test Loss: 0.3683017
EarlyStopping counter: 1 out of 20
Updating learning rate to 2.08294801745399e-05
	iters: 100, epoch: 12 | loss: 0.3539096
	speed: 0.1233s/iter; left time: 2885.0773s
	iters: 200, epoch: 12 | loss: 0.3177617
	speed: 0.0523s/iter; left time: 1219.0088s
Epoch: 12 cost time: 13.799547672271729
Epoch: 12, Steps: 264 | Train Loss: 0.3173492 Vali Loss: 0.6322838 Test Loss: 0.3658310
EarlyStopping counter: 2 out of 20
Updating learning rate to 2.378977415127951e-05
	iters: 100, epoch: 13 | loss: 0.3131469
	speed: 0.1235s/iter; left time: 2856.0736s
	iters: 200, epoch: 13 | loss: 0.3202870
	speed: 0.0524s/iter; left time: 1207.1480s
Epoch: 13 cost time: 13.811337232589722
Epoch: 13, Steps: 264 | Train Loss: 0.3125843 Vali Loss: 0.6302777 Test Loss: 0.3664151
Validation loss decreased (0.631493 --> 0.630278).  Saving model ...
Updating learning rate to 2.6924026479389104e-05
	iters: 100, epoch: 14 | loss: 0.3119058
	speed: 0.1539s/iter; left time: 3518.5599s
	iters: 200, epoch: 14 | loss: 0.3192679
	speed: 0.0520s/iter; left time: 1183.1496s
Epoch: 14 cost time: 13.690436601638794
Epoch: 14, Steps: 264 | Train Loss: 0.3072764 Vali Loss: 0.6412158 Test Loss: 0.3673617
EarlyStopping counter: 1 out of 20
Updating learning rate to 3.0212909792590238e-05
	iters: 100, epoch: 15 | loss: 0.2999791
	speed: 0.1232s/iter; left time: 2784.4556s
	iters: 200, epoch: 15 | loss: 0.2751267
	speed: 0.0523s/iter; left time: 1177.6575s
Epoch: 15 cost time: 13.791946649551392
Epoch: 15, Steps: 264 | Train Loss: 0.3022615 Vali Loss: 0.6365500 Test Loss: 0.3670174
EarlyStopping counter: 2 out of 20
Updating learning rate to 3.363614319266957e-05
	iters: 100, epoch: 16 | loss: 0.2926529
	speed: 0.1233s/iter; left time: 2754.1933s
	iters: 200, epoch: 16 | loss: 0.3007094
	speed: 0.0523s/iter; left time: 1163.5871s
Epoch: 16 cost time: 13.794113397598267
Epoch: 16, Steps: 264 | Train Loss: 0.2968519 Vali Loss: 0.6412618 Test Loss: 0.3689688
EarlyStopping counter: 3 out of 20
Updating learning rate to 3.7172617311633196e-05
	iters: 100, epoch: 17 | loss: 0.2694094
	speed: 0.1234s/iter; left time: 2723.3758s
	iters: 200, epoch: 17 | loss: 0.2774174
	speed: 0.0523s/iter; left time: 1149.4676s
Epoch: 17 cost time: 13.816576480865479
Epoch: 17, Steps: 264 | Train Loss: 0.2914114 Vali Loss: 0.6517918 Test Loss: 0.3693324
EarlyStopping counter: 4 out of 20
Updating learning rate to 4.0800524482619576e-05
	iters: 100, epoch: 18 | loss: 0.2902389
	speed: 0.1236s/iter; left time: 2696.9061s
	iters: 200, epoch: 18 | loss: 0.2915666
	speed: 0.0524s/iter; left time: 1137.6797s
Epoch: 18 cost time: 13.824379920959473
Epoch: 18, Steps: 264 | Train Loss: 0.2858454 Vali Loss: 0.6625500 Test Loss: 0.3722770
EarlyStopping counter: 5 out of 20
Updating learning rate to 4.449749321687241e-05
	iters: 100, epoch: 19 | loss: 0.2918043
	speed: 0.1236s/iter; left time: 2664.1800s
	iters: 200, epoch: 19 | loss: 0.2738981
	speed: 0.0524s/iter; left time: 1124.8883s
Epoch: 19 cost time: 13.845662832260132
Epoch: 19, Steps: 264 | Train Loss: 0.2802335 Vali Loss: 0.6640765 Test Loss: 0.3749598
EarlyStopping counter: 6 out of 20
Updating learning rate to 4.824072615752094e-05
	iters: 100, epoch: 20 | loss: 0.2733805
	speed: 0.1237s/iter; left time: 2632.0104s
	iters: 200, epoch: 20 | loss: 0.2553027
	speed: 0.0524s/iter; left time: 1110.5065s
Epoch: 20 cost time: 13.826670169830322
Epoch: 20, Steps: 264 | Train Loss: 0.2741321 Vali Loss: 0.6766869 Test Loss: 0.3775544
EarlyStopping counter: 7 out of 20
Updating learning rate to 5.200714065947608e-05
	iters: 100, epoch: 21 | loss: 0.2550951
	speed: 0.1242s/iter; left time: 2611.4269s
	iters: 200, epoch: 21 | loss: 0.2779685
	speed: 0.0524s/iter; left time: 1096.0958s
Epoch: 21 cost time: 13.80591368675232
Epoch: 21, Steps: 264 | Train Loss: 0.2680358 Vali Loss: 0.6801588 Test Loss: 0.3813039
EarlyStopping counter: 8 out of 20
Updating learning rate to 5.577351112855618e-05
	iters: 100, epoch: 22 | loss: 0.2643167
	speed: 0.1237s/iter; left time: 2568.4049s
	iters: 200, epoch: 22 | loss: 0.2648125
	speed: 0.0525s/iter; left time: 1084.1610s
Epoch: 22 cost time: 13.8487708568573
Epoch: 22, Steps: 264 | Train Loss: 0.2612930 Vali Loss: 0.6914358 Test Loss: 0.3854838
EarlyStopping counter: 9 out of 20
Updating learning rate to 5.951661224210828e-05
	iters: 100, epoch: 23 | loss: 0.2593686
	speed: 0.1233s/iter; left time: 2527.2402s
	iters: 200, epoch: 23 | loss: 0.2364251
	speed: 0.0513s/iter; left time: 1046.5964s
Epoch: 23 cost time: 13.614861488342285
Epoch: 23, Steps: 264 | Train Loss: 0.2545312 Vali Loss: 0.7033300 Test Loss: 0.3922081
EarlyStopping counter: 10 out of 20
Updating learning rate to 6.321336216795497e-05
	iters: 100, epoch: 24 | loss: 0.2381545
	speed: 0.1220s/iter; left time: 2467.9191s
	iters: 200, epoch: 24 | loss: 0.2480126
	speed: 0.0522s/iter; left time: 1051.5031s
Epoch: 24 cost time: 13.6952645778656
Epoch: 24, Steps: 264 | Train Loss: 0.2472621 Vali Loss: 0.7169318 Test Loss: 0.3939198
EarlyStopping counter: 11 out of 20
Updating learning rate to 6.684096489850761e-05
	iters: 100, epoch: 25 | loss: 0.2465958
	speed: 0.1235s/iter; left time: 2466.3635s
	iters: 200, epoch: 25 | loss: 0.2476577
	speed: 0.0524s/iter; left time: 1041.5086s
Epoch: 25 cost time: 13.830232858657837
Epoch: 25, Steps: 264 | Train Loss: 0.2397884 Vali Loss: 0.7285776 Test Loss: 0.3986696
EarlyStopping counter: 12 out of 20
Updating learning rate to 7.03770508223417e-05
	iters: 100, epoch: 26 | loss: 0.2237703
	speed: 0.1241s/iter; left time: 2445.3790s
	iters: 200, epoch: 26 | loss: 0.2380013
	speed: 0.0524s/iter; left time: 1026.4602s
Epoch: 26 cost time: 13.809654951095581
Epoch: 26, Steps: 264 | Train Loss: 0.2320997 Vali Loss: 0.7354043 Test Loss: 0.4084919
EarlyStopping counter: 13 out of 20
Updating learning rate to 7.379981466640088e-05
	iters: 100, epoch: 27 | loss: 0.2238214
	speed: 0.1240s/iter; left time: 2410.8226s
	iters: 200, epoch: 27 | loss: 0.2188403
	speed: 0.0524s/iter; left time: 1013.8449s
Epoch: 27 cost time: 13.832205533981323
Epoch: 27, Steps: 264 | Train Loss: 0.2245021 Vali Loss: 0.7280442 Test Loss: 0.4119241
EarlyStopping counter: 14 out of 20
Updating learning rate to 7.708814995820833e-05
	iters: 100, epoch: 28 | loss: 0.2063334
	speed: 0.1237s/iter; left time: 2371.9098s
	iters: 200, epoch: 28 | loss: 0.2389666
	speed: 0.0524s/iter; left time: 998.5262s
Epoch: 28 cost time: 13.81727147102356
Epoch: 28, Steps: 264 | Train Loss: 0.2172191 Vali Loss: 0.7467465 Test Loss: 0.4185824
EarlyStopping counter: 15 out of 20
Updating learning rate to 8.022177917892456e-05
	iters: 100, epoch: 29 | loss: 0.2093679
	speed: 0.1238s/iter; left time: 2340.0548s
	iters: 200, epoch: 29 | loss: 0.2054905
	speed: 0.0523s/iter; left time: 984.3285s
Epoch: 29 cost time: 13.82371973991394
Epoch: 29, Steps: 264 | Train Loss: 0.2093442 Vali Loss: 0.7457972 Test Loss: 0.4206784
EarlyStopping counter: 16 out of 20
Updating learning rate to 8.318137880466269e-05
	iters: 100, epoch: 30 | loss: 0.1864157
	speed: 0.1234s/iter; left time: 2301.6564s
	iters: 200, epoch: 30 | loss: 0.2105903
	speed: 0.0525s/iter; left time: 973.6293s
Epoch: 30 cost time: 13.812206983566284
Epoch: 30, Steps: 264 | Train Loss: 0.2020757 Vali Loss: 0.7747045 Test Loss: 0.4285719
EarlyStopping counter: 17 out of 20
Updating learning rate to 8.594869846499432e-05
	iters: 100, epoch: 31 | loss: 0.1969448
	speed: 0.1235s/iter; left time: 2269.2302s
	iters: 200, epoch: 31 | loss: 0.1839547
	speed: 0.0525s/iter; left time: 959.4163s
Epoch: 31 cost time: 13.823875188827515
Epoch: 31, Steps: 264 | Train Loss: 0.1948601 Vali Loss: 0.7714771 Test Loss: 0.4343359
EarlyStopping counter: 18 out of 20
Updating learning rate to 8.85066734838546e-05
	iters: 100, epoch: 32 | loss: 0.1874481
	speed: 0.1236s/iter; left time: 2238.9057s
	iters: 200, epoch: 32 | loss: 0.1914912
	speed: 0.0523s/iter; left time: 941.8809s
Epoch: 32 cost time: 13.804044723510742
Epoch: 32, Steps: 264 | Train Loss: 0.1882226 Vali Loss: 0.7822239 Test Loss: 0.4362974
EarlyStopping counter: 19 out of 20
Updating learning rate to 9.083953010886336e-05
	iters: 100, epoch: 33 | loss: 0.1818485
	speed: 0.1230s/iter; left time: 2196.7504s
	iters: 200, epoch: 33 | loss: 0.1712520
	speed: 0.0511s/iter; left time: 907.2150s
Epoch: 33 cost time: 13.529187679290771
Epoch: 33, Steps: 264 | Train Loss: 0.1813063 Vali Loss: 0.7834299 Test Loss: 0.4439049
EarlyStopping counter: 20 out of 20
Early stopping
>>>>>>>testing : NL_ettm1_cms_lr0.001_5steps_336_336_PatchTST_ETTm1_ftM_sl336_ll48_pl336_dm128_nh16_el3_dl1_df256_fc1_ebtimeF_dtTruelr0.001_pol_5steps_Nested_Learning_0<<<<<<<<<<<<<<<<<<<<<<<<<<<<<<<<<
test 11185
 Ejecutando Inferencia DINÁMICA (Nested Learning con cms)
  -> Política: 5steps | LR: 0.001 | Target: head

RESUMEN: El CMS se actualizó 18 veces de 87 posibles.

mse:0.4228343367576599, mae:0.43773916363716125, rse:0.6187021732330322
Args in experiment:
Namespace(random_seed=2021, is_training=1, model_id='NL_ettm1_cms_lr0.001_5steps_336_720', model='PatchTST', data='ETTm1', root_path='./dataset/', data_path='ETTm1.csv', features='M', target='OT', freq='h', checkpoints='./checkpoints/', seq_len=336, label_len=48, pred_len=720, head_type='cms', cms_lr=0.001, update_policy='5steps', fc_dropout=0.2, head_dropout=0.0, patch_len=16, stride=8, padding_patch='end', revin=1, affine=0, subtract_last=0, decomposition=0, kernel_size=25, individual=1, embed_type=0, enc_in=7, dec_in=7, c_out=7, d_model=128, n_heads=16, e_layers=3, d_layers=1, d_ff=256, moving_avg=25, factor=1, distil=True, dropout=0.2, embed='timeF', activation='gelu', output_attention=False, do_predict=False, num_workers=0, itr=1, train_epochs=100, batch_size=128, patience=20, learning_rate=0.0001, des='Nested_Learning', loss='mse', lradj='TST', pct_start=0.4, use_amp=False, use_gpu=True, gpu=0, use_multi_gpu=False, devices='0,1,2,3', test_flop=False)
Use GPU: cuda:0
>>>>>>>start training : NL_ettm1_cms_lr0.001_5steps_336_720_PatchTST_ETTm1_ftM_sl336_ll48_pl720_dm128_nh16_el3_dl1_df256_fc1_ebtimeF_dtTruelr0.001_pol_5steps_Nested_Learning_0>>>>>>>>>>>>>>>>>>>>>>>>>>
train 33505
val 10801
test 10801
	iters: 100, epoch: 1 | loss: 0.5584736
	speed: 0.1086s/iter; left time: 2824.6865s
	iters: 200, epoch: 1 | loss: 0.5252224
	speed: 0.0554s/iter; left time: 1434.1624s
Epoch: 1 cost time: 14.761520862579346
Epoch: 1, Steps: 261 | Train Loss: 0.5538153 Vali Loss: 1.0158937 Test Loss: 0.4920166
Validation loss decreased (inf --> 1.015894).  Saving model ...
Updating learning rate to 4.147996316662011e-06
	iters: 100, epoch: 2 | loss: 0.4597001
	speed: 0.1867s/iter; left time: 4805.6040s
	iters: 200, epoch: 2 | loss: 0.4504308
	speed: 0.0555s/iter; left time: 1422.1517s
Epoch: 2 cost time: 14.480570316314697
Epoch: 2, Steps: 261 | Train Loss: 0.4647436 Vali Loss: 0.9770387 Test Loss: 0.4587010
Validation loss decreased (1.015894 --> 0.977039).  Saving model ...
Updating learning rate to 4.591072645408634e-06
	iters: 100, epoch: 3 | loss: 0.4782203
	speed: 0.1800s/iter; left time: 4587.2063s
	iters: 200, epoch: 3 | loss: 0.4482921
	speed: 0.0557s/iter; left time: 1413.4881s
Epoch: 3 cost time: 14.531411170959473
Epoch: 3, Steps: 261 | Train Loss: 0.4392467 Vali Loss: 0.9648669 Test Loss: 0.4452423
Validation loss decreased (0.977039 --> 0.964867).  Saving model ...
Updating learning rate to 5.326496750212602e-06
	iters: 100, epoch: 4 | loss: 0.4284220
	speed: 0.1601s/iter; left time: 4037.9631s
	iters: 200, epoch: 4 | loss: 0.4822168
	speed: 0.0558s/iter; left time: 1401.4450s
Epoch: 4 cost time: 14.54274320602417
Epoch: 4, Steps: 261 | Train Loss: 0.4260424 Vali Loss: 0.9595382 Test Loss: 0.4391602
Validation loss decreased (0.964867 --> 0.959538).  Saving model ...
Updating learning rate to 6.349733628628268e-06
	iters: 100, epoch: 5 | loss: 0.4293655
	speed: 0.1662s/iter; left time: 4148.3694s
	iters: 200, epoch: 5 | loss: 0.3935892
	speed: 0.0558s/iter; left time: 1385.7981s
Epoch: 5 cost time: 14.550761461257935
Epoch: 5, Steps: 261 | Train Loss: 0.4179706 Vali Loss: 0.9568637 Test Loss: 0.4335731
Validation loss decreased (0.959538 --> 0.956864).  Saving model ...
Updating learning rate to 7.654473476944045e-06
	iters: 100, epoch: 6 | loss: 0.4167011
	speed: 0.1687s/iter; left time: 4165.2942s
	iters: 200, epoch: 6 | loss: 0.3878572
	speed: 0.0557s/iter; left time: 1369.6691s
Epoch: 6 cost time: 14.521197080612183
Epoch: 6, Steps: 261 | Train Loss: 0.4121197 Vali Loss: 0.9554136 Test Loss: 0.4318551
Validation loss decreased (0.956864 --> 0.955414).  Saving model ...
Updating learning rate to 9.232670599670218e-06
	iters: 100, epoch: 7 | loss: 0.3966980
	speed: 0.1592s/iter; left time: 3889.6223s
	iters: 200, epoch: 7 | loss: 0.3941586
	speed: 0.0555s/iter; left time: 1351.6941s
Epoch: 7 cost time: 14.532185554504395
Epoch: 7, Steps: 261 | Train Loss: 0.4073774 Vali Loss: 0.9480620 Test Loss: 0.4295044
Validation loss decreased (0.955414 --> 0.948062).  Saving model ...
Updating learning rate to 1.1074593023426382e-05
	iters: 100, epoch: 8 | loss: 0.3833860
	speed: 0.1731s/iter; left time: 4183.8162s
	iters: 200, epoch: 8 | loss: 0.4198504
	speed: 0.0558s/iter; left time: 1342.9293s
Epoch: 8 cost time: 14.554080724716187
Epoch: 8, Steps: 261 | Train Loss: 0.4031032 Vali Loss: 0.9503314 Test Loss: 0.4258652
EarlyStopping counter: 1 out of 20
Updating learning rate to 1.3168882509283648e-05
	iters: 100, epoch: 9 | loss: 0.4036915
	speed: 0.1307s/iter; left time: 3124.8444s
	iters: 200, epoch: 9 | loss: 0.3823891
	speed: 0.0562s/iter; left time: 1338.4059s
Epoch: 9 cost time: 14.63575530052185
Epoch: 9, Steps: 261 | Train Loss: 0.3989837 Vali Loss: 0.9404444 Test Loss: 0.4252240
Validation loss decreased (0.948062 --> 0.940444).  Saving model ...
Updating learning rate to 1.5502624593494887e-05
	iters: 100, epoch: 10 | loss: 0.3991271
	speed: 0.1572s/iter; left time: 3718.8581s
	iters: 200, epoch: 10 | loss: 0.3649690
	speed: 0.0559s/iter; left time: 1316.5061s
Epoch: 10 cost time: 14.568364381790161
Epoch: 10, Steps: 261 | Train Loss: 0.3941317 Vali Loss: 0.9414432 Test Loss: 0.4206678
EarlyStopping counter: 1 out of 20
Updating learning rate to 1.806142822470586e-05
	iters: 100, epoch: 11 | loss: 0.4010498
	speed: 0.1313s/iter; left time: 3070.6607s
	iters: 200, epoch: 11 | loss: 0.3923176
	speed: 0.0562s/iter; left time: 1309.9824s
Epoch: 11 cost time: 14.639909982681274
Epoch: 11, Steps: 261 | Train Loss: 0.3882352 Vali Loss: 0.9303290 Test Loss: 0.4192155
Validation loss decreased (0.940444 --> 0.930329).  Saving model ...
Updating learning rate to 2.0829514506563195e-05
	iters: 100, epoch: 12 | loss: 0.4112210
	speed: 0.1667s/iter; left time: 3854.6682s
	iters: 200, epoch: 12 | loss: 0.3224392
	speed: 0.0556s/iter; left time: 1281.3175s
Epoch: 12 cost time: 14.558906555175781
Epoch: 12, Steps: 261 | Train Loss: 0.3820294 Vali Loss: 0.9258925 Test Loss: 0.4201786
Validation loss decreased (0.930329 --> 0.925893).  Saving model ...
Updating learning rate to 2.3789813998487008e-05
	iters: 100, epoch: 13 | loss: 0.3960258
	speed: 0.1520s/iter; left time: 3475.7686s
	iters: 200, epoch: 13 | loss: 0.3723622
	speed: 0.0558s/iter; left time: 1271.6424s
Epoch: 13 cost time: 14.577152013778687
Epoch: 13, Steps: 261 | Train Loss: 0.3760712 Vali Loss: 0.9304477 Test Loss: 0.4223107
EarlyStopping counter: 1 out of 20
Updating learning rate to 2.6924071974601397e-05
	iters: 100, epoch: 14 | loss: 0.4041665
	speed: 0.1318s/iter; left time: 2980.7739s
	iters: 200, epoch: 14 | loss: 0.3424625
	speed: 0.0561s/iter; left time: 1263.0348s
Epoch: 14 cost time: 14.636637210845947
Epoch: 14, Steps: 261 | Train Loss: 0.3699402 Vali Loss: 0.9388150 Test Loss: 0.4249924
EarlyStopping counter: 2 out of 20
Updating learning rate to 3.0212960991742456e-05
	iters: 100, epoch: 15 | loss: 0.3503396
	speed: 0.1315s/iter; left time: 2938.1133s
	iters: 200, epoch: 15 | loss: 0.3546668
	speed: 0.0561s/iter; left time: 1249.1180s
Epoch: 15 cost time: 14.641648054122925
Epoch: 15, Steps: 261 | Train Loss: 0.3640542 Vali Loss: 0.9470292 Test Loss: 0.4272247
EarlyStopping counter: 3 out of 20
Updating learning rate to 3.363620007239161e-05
	iters: 100, epoch: 16 | loss: 0.3526863
	speed: 0.1318s/iter; left time: 2910.8259s
	iters: 200, epoch: 16 | loss: 0.3555794
	speed: 0.0564s/iter; left time: 1239.7549s
Epoch: 16 cost time: 14.687718152999878
Epoch: 16, Steps: 261 | Train Loss: 0.3571279 Vali Loss: 0.9536750 Test Loss: 0.4323940
EarlyStopping counter: 4 out of 20
Updating learning rate to 3.717267976759092e-05
	iters: 100, epoch: 17 | loss: 0.3673701
	speed: 0.1804s/iter; left time: 3936.2417s
	iters: 200, epoch: 17 | loss: 0.3482123
	speed: 0.0558s/iter; left time: 1212.6648s
Epoch: 17 cost time: 15.475796699523926
Epoch: 17, Steps: 261 | Train Loss: 0.3502058 Vali Loss: 0.9663825 Test Loss: 0.4362479
EarlyStopping counter: 5 out of 20
Updating learning rate to 4.0800592328638756e-05
	iters: 100, epoch: 18 | loss: 0.3354193
	speed: 0.1307s/iter; left time: 2819.0551s
	iters: 200, epoch: 18 | loss: 0.3303308
	speed: 0.0562s/iter; left time: 1207.1237s
Epoch: 18 cost time: 14.673898935317993
Epoch: 18, Steps: 261 | Train Loss: 0.3425968 Vali Loss: 0.9819567 Test Loss: 0.4377693
EarlyStopping counter: 6 out of 20
Updating learning rate to 4.449756618485984e-05
	iters: 100, epoch: 19 | loss: 0.3184577
	speed: 0.1312s/iter; left time: 2795.2667s
	iters: 200, epoch: 19 | loss: 0.3494824
	speed: 0.0564s/iter; left time: 1195.2230s
Epoch: 19 cost time: 14.686700582504272
Epoch: 19, Steps: 261 | Train Loss: 0.3347539 Vali Loss: 0.9933438 Test Loss: 0.4390360
EarlyStopping counter: 7 out of 20
Updating learning rate to 4.824080389819096e-05
	iters: 100, epoch: 20 | loss: 0.3189209
	speed: 0.1309s/iter; left time: 2753.6164s
	iters: 200, epoch: 20 | loss: 0.3287152
	speed: 0.0564s/iter; left time: 1180.3345s
Epoch: 20 cost time: 14.67139220237732
Epoch: 20, Steps: 261 | Train Loss: 0.3263228 Vali Loss: 1.0077616 Test Loss: 0.4423374
EarlyStopping counter: 8 out of 20
Updating learning rate to 5.2007222743883666e-05
	iters: 100, epoch: 21 | loss: 0.3385350
	speed: 0.1318s/iter; left time: 2738.4258s
	iters: 200, epoch: 21 | loss: 0.3041370
	speed: 0.0563s/iter; left time: 1165.2678s
Epoch: 21 cost time: 14.68595838546753
Epoch: 21, Steps: 261 | Train Loss: 0.3180039 Vali Loss: 1.0164410 Test Loss: 0.4462003
EarlyStopping counter: 9 out of 20
Updating learning rate to 5.577359705043091e-05
	iters: 100, epoch: 22 | loss: 0.3023901
	speed: 0.1314s/iter; left time: 2696.8374s
	iters: 200, epoch: 22 | loss: 0.2928305
	speed: 0.0563s/iter; left time: 1149.1437s
Epoch: 22 cost time: 14.675246715545654
Epoch: 22, Steps: 261 | Train Loss: 0.3093568 Vali Loss: 1.0263280 Test Loss: 0.4504766
EarlyStopping counter: 10 out of 20
Updating learning rate to 5.951670142097692e-05
	iters: 100, epoch: 23 | loss: 0.2902444
	speed: 0.1307s/iter; left time: 2648.6354s
	iters: 200, epoch: 23 | loss: 0.2722827
	speed: 0.0563s/iter; left time: 1135.6639s
Epoch: 23 cost time: 14.617966890335083
Epoch: 23, Steps: 261 | Train Loss: 0.3006877 Vali Loss: 1.0358759 Test Loss: 0.4538876
EarlyStopping counter: 11 out of 20
Updating learning rate to 6.321345395303321e-05
	iters: 100, epoch: 24 | loss: 0.3100519
	speed: 0.1313s/iter; left time: 2626.3433s
	iters: 200, epoch: 24 | loss: 0.2857510
	speed: 0.0563s/iter; left time: 1120.3279s
Epoch: 24 cost time: 14.680110931396484
Epoch: 24, Steps: 261 | Train Loss: 0.2914777 Vali Loss: 1.0577989 Test Loss: 0.4579983
EarlyStopping counter: 12 out of 20
Updating learning rate to 6.6841058573335e-05
	iters: 100, epoch: 25 | loss: 0.2725013
	speed: 0.1314s/iter; left time: 2593.3778s
	iters: 200, epoch: 25 | loss: 0.2621857
	speed: 0.0563s/iter; left time: 1105.2591s
Epoch: 25 cost time: 14.672587156295776
Epoch: 25, Steps: 261 | Train Loss: 0.2826725 Vali Loss: 1.0571991 Test Loss: 0.4610591
EarlyStopping counter: 13 out of 20
Updating learning rate to 7.037714561012768e-05
	iters: 100, epoch: 26 | loss: 0.2618116
	speed: 0.1317s/iter; left time: 2564.5109s
	iters: 200, epoch: 26 | loss: 0.2680659
	speed: 0.0563s/iter; left time: 1091.6378s
Epoch: 26 cost time: 14.677415609359741
Epoch: 26, Steps: 261 | Train Loss: 0.2744285 Vali Loss: 1.0575200 Test Loss: 0.4622176
EarlyStopping counter: 14 out of 20
Updating learning rate to 7.379990973604285e-05
	iters: 100, epoch: 27 | loss: 0.2682950
	speed: 0.1312s/iter; left time: 2521.7785s
	iters: 200, epoch: 27 | loss: 0.2711217
	speed: 0.0563s/iter; left time: 1075.3303s
Epoch: 27 cost time: 14.661669731140137
Epoch: 27, Steps: 261 | Train Loss: 0.2656338 Vali Loss: 1.0716542 Test Loss: 0.4710818
EarlyStopping counter: 15 out of 20
Updating learning rate to 7.708824443093723e-05
	iters: 100, epoch: 28 | loss: 0.2460077
	speed: 0.1313s/iter; left time: 2488.9555s
	iters: 200, epoch: 28 | loss: 0.2589510
	speed: 0.0562s/iter; left time: 1060.1131s
Epoch: 28 cost time: 14.666872501373291
Epoch: 28, Steps: 261 | Train Loss: 0.2575822 Vali Loss: 1.0948900 Test Loss: 0.4730478
EarlyStopping counter: 16 out of 20
Updating learning rate to 8.022187213552767e-05
	iters: 100, epoch: 29 | loss: 0.2497999
	speed: 0.1313s/iter; left time: 2454.2870s
	iters: 200, epoch: 29 | loss: 0.2453912
	speed: 0.0562s/iter; left time: 1044.9818s
Epoch: 29 cost time: 14.659253597259521
Epoch: 29, Steps: 261 | Train Loss: 0.2497206 Vali Loss: 1.0852964 Test Loss: 0.4779664
EarlyStopping counter: 17 out of 20
Updating learning rate to 8.318146929322795e-05
	iters: 100, epoch: 30 | loss: 0.2316890
	speed: 0.1313s/iter; left time: 2419.2448s
	iters: 200, epoch: 30 | loss: 0.2317931
	speed: 0.0562s/iter; left time: 1030.4169s
Epoch: 30 cost time: 14.657678842544556
Epoch: 30, Steps: 261 | Train Loss: 0.2418673 Vali Loss: 1.0912408 Test Loss: 0.4827079
EarlyStopping counter: 18 out of 20
Updating learning rate to 8.59487855091154e-05
	iters: 100, epoch: 31 | loss: 0.2462329
	speed: 0.1312s/iter; left time: 2384.1647s
	iters: 200, epoch: 31 | loss: 0.2247920
	speed: 0.0562s/iter; left time: 1014.9695s
Epoch: 31 cost time: 14.641976118087769
Epoch: 31, Steps: 261 | Train Loss: 0.2342226 Vali Loss: 1.0861584 Test Loss: 0.4893491
EarlyStopping counter: 19 out of 20
Updating learning rate to 8.850675609123214e-05
	iters: 100, epoch: 32 | loss: 0.2243685
	speed: 0.1315s/iter; left time: 2354.8022s
	iters: 200, epoch: 32 | loss: 0.2181303
	speed: 0.0562s/iter; left time: 1000.7652s
Epoch: 32 cost time: 14.648489236831665
Epoch: 32, Steps: 261 | Train Loss: 0.2273993 Vali Loss: 1.1059407 Test Loss: 0.4949261
EarlyStopping counter: 20 out of 20
Early stopping
>>>>>>>testing : NL_ettm1_cms_lr0.001_5steps_336_720_PatchTST_ETTm1_ftM_sl336_ll48_pl720_dm128_nh16_el3_dl1_df256_fc1_ebtimeF_dtTruelr0.001_pol_5steps_Nested_Learning_0<<<<<<<<<<<<<<<<<<<<<<<<<<<<<<<<<
test 10801
 Ejecutando Inferencia DINÁMICA (Nested Learning con cms)
  -> Política: 5steps | LR: 0.001 | Target: head

RESUMEN: El CMS se actualizó 17 veces de 84 posibles.

mse:0.4695873260498047, mae:0.4570353031158447, rse:0.6518462300300598
