==========================================================
SÚPER ARRAY TFG - TAREA ID: 57 / 113
Nodo: dionisio
Dataset: ettm2 | Experimento: NL_ettm2_flatten_lr0.00005_always
Cabeza: flatten | LR: 0.00005 | Política: always
==========================================================
Args in experiment:
Namespace(random_seed=2021, is_training=1, model_id='NL_ettm2_flatten_lr0.00005_always_336_96', model='PatchTST', data='ETTm2', root_path='./dataset/', data_path='ETTm2.csv', features='M', target='OT', freq='h', checkpoints='./checkpoints/', seq_len=336, label_len=48, pred_len=96, head_type='flatten', cms_lr=5e-05, update_policy='always', fc_dropout=0.2, head_dropout=0.0, patch_len=16, stride=8, padding_patch='end', revin=1, affine=0, subtract_last=0, decomposition=0, kernel_size=25, individual=0, embed_type=0, enc_in=7, dec_in=7, c_out=7, d_model=128, n_heads=16, e_layers=3, d_layers=1, d_ff=256, moving_avg=25, factor=1, distil=True, dropout=0.2, embed='timeF', activation='gelu', output_attention=False, do_predict=False, num_workers=0, itr=1, train_epochs=100, batch_size=128, patience=20, learning_rate=0.0001, des='Nested_Learning', loss='mse', lradj='TST', pct_start=0.4, use_amp=False, use_gpu=True, gpu=0, use_multi_gpu=False, devices='0,1,2,3', test_flop=False)
Use GPU: cuda:0
>>>>>>>start training : NL_ettm2_flatten_lr0.00005_always_336_96_PatchTST_ETTm2_ftM_sl336_ll48_pl96_dm128_nh16_el3_dl1_df256_fc1_ebtimeF_dtTruelr5e-05_polalways_Nested_Learning_0>>>>>>>>>>>>>>>>>>>>>>>>>>
train 34129
val 11425
test 11425
	iters: 100, epoch: 1 | loss: 0.4127609
	speed: 0.0988s/iter; left time: 2618.6829s
	iters: 200, epoch: 1 | loss: 0.4015767
	speed: 0.0413s/iter; left time: 1090.6420s
Epoch: 1 cost time: 11.31460690498352
Epoch: 1, Steps: 266 | Train Loss: 0.3407021 Vali Loss: 0.1469527 Test Loss: 0.2059385
Validation loss decreased (inf --> 0.146953).  Saving model ...
Updating learning rate to 4.147995783958166e-06
	iters: 100, epoch: 2 | loss: 0.2727954
	speed: 0.1048s/iter; left time: 2748.7360s
	iters: 200, epoch: 2 | loss: 0.2888114
	speed: 0.0417s/iter; left time: 1090.3352s
Epoch: 2 cost time: 11.08806824684143
Epoch: 2, Steps: 266 | Train Loss: 0.2696049 Vali Loss: 0.1316157 Test Loss: 0.1851533
Validation loss decreased (0.146953 --> 0.131616).  Saving model ...
Updating learning rate to 4.591070521163098e-06
	iters: 100, epoch: 3 | loss: 0.2423143
	speed: 0.1043s/iter; left time: 2709.4247s
	iters: 200, epoch: 3 | loss: 0.1712193
	speed: 0.0419s/iter; left time: 1085.1675s
Epoch: 3 cost time: 11.152284145355225
Epoch: 3, Steps: 266 | Train Loss: 0.2484754 Vali Loss: 0.1258639 Test Loss: 0.1765779
Validation loss decreased (0.131616 --> 0.125864).  Saving model ...
Updating learning rate to 5.326491995236255e-06
	iters: 100, epoch: 4 | loss: 0.2283866
	speed: 0.1049s/iter; left time: 2696.2752s
	iters: 200, epoch: 4 | loss: 0.2457883
	speed: 0.0420s/iter; left time: 1075.9168s
Epoch: 4 cost time: 11.176009893417358
Epoch: 4, Steps: 266 | Train Loss: 0.2367433 Vali Loss: 0.1227361 Test Loss: 0.1711265
Validation loss decreased (0.125864 --> 0.122736).  Saving model ...
Updating learning rate to 6.349725236277868e-06
	iters: 100, epoch: 5 | loss: 0.2024785
	speed: 0.1110s/iter; left time: 2824.1506s
	iters: 200, epoch: 5 | loss: 0.2403185
	speed: 0.0420s/iter; left time: 1064.6364s
Epoch: 5 cost time: 11.190237760543823
Epoch: 5, Steps: 266 | Train Loss: 0.2291189 Vali Loss: 0.1206155 Test Loss: 0.1676848
Validation loss decreased (0.122736 --> 0.120616).  Saving model ...
Updating learning rate to 7.654460485717921e-06
	iters: 100, epoch: 6 | loss: 0.2368822
	speed: 0.1049s/iter; left time: 2641.0579s
	iters: 200, epoch: 6 | loss: 0.1533413
	speed: 0.0421s/iter; left time: 1054.6865s
Epoch: 6 cost time: 11.179723978042603
Epoch: 6, Steps: 266 | Train Loss: 0.2247487 Vali Loss: 0.1196214 Test Loss: 0.1670902
Validation loss decreased (0.120616 --> 0.119621).  Saving model ...
Updating learning rate to 9.232652105385623e-06
	iters: 100, epoch: 7 | loss: 0.2438721
	speed: 0.1049s/iter; left time: 2611.8993s
	iters: 200, epoch: 7 | loss: 0.2790194
	speed: 0.0421s/iter; left time: 1044.0845s
Epoch: 7 cost time: 11.187202215194702
Epoch: 7, Steps: 266 | Train Loss: 0.2214608 Vali Loss: 0.1198727 Test Loss: 0.1648708
EarlyStopping counter: 1 out of 20
Updating learning rate to 1.1074568190864783e-05
	iters: 100, epoch: 8 | loss: 0.1950936
	speed: 0.1041s/iter; left time: 2565.1852s
	iters: 200, epoch: 8 | loss: 0.2195110
	speed: 0.0421s/iter; left time: 1032.1282s
Epoch: 8 cost time: 11.180469512939453
Epoch: 8, Steps: 266 | Train Loss: 0.2189713 Vali Loss: 0.1184812 Test Loss: 0.1648702
Validation loss decreased (0.119621 --> 0.118481).  Saving model ...
Updating learning rate to 1.316885058319476e-05
	iters: 100, epoch: 9 | loss: 0.1847612
	speed: 0.1051s/iter; left time: 2561.9807s
	iters: 200, epoch: 9 | loss: 0.1670655
	speed: 0.0421s/iter; left time: 1022.9398s
Epoch: 9 cost time: 11.195030212402344
Epoch: 9, Steps: 266 | Train Loss: 0.2169483 Vali Loss: 0.1184594 Test Loss: 0.1642111
Validation loss decreased (0.118481 --> 0.118459).  Saving model ...
Updating learning rate to 1.5502584908855415e-05
	iters: 100, epoch: 10 | loss: 0.1514176
	speed: 0.1070s/iter; left time: 2580.1108s
	iters: 200, epoch: 10 | loss: 0.2029159
	speed: 0.0421s/iter; left time: 1011.8872s
Epoch: 10 cost time: 11.20012378692627
Epoch: 10, Steps: 266 | Train Loss: 0.2149705 Vali Loss: 0.1192066 Test Loss: 0.1645304
EarlyStopping counter: 1 out of 20
Updating learning rate to 1.806138021613527e-05
	iters: 100, epoch: 11 | loss: 0.2014494
	speed: 0.1043s/iter; left time: 2485.7393s
	iters: 200, epoch: 11 | loss: 0.2238273
	speed: 0.0422s/iter; left time: 1000.8046s
Epoch: 11 cost time: 11.20292043685913
Epoch: 11, Steps: 266 | Train Loss: 0.2126602 Vali Loss: 0.1189714 Test Loss: 0.1651985
EarlyStopping counter: 2 out of 20
Updating learning rate to 2.0829457716805565e-05
	iters: 100, epoch: 12 | loss: 0.1947732
	speed: 0.1043s/iter; left time: 2458.4146s
	iters: 200, epoch: 12 | loss: 0.1553759
	speed: 0.0422s/iter; left time: 989.7722s
Epoch: 12 cost time: 11.211814641952515
Epoch: 12, Steps: 266 | Train Loss: 0.2098552 Vali Loss: 0.1192910 Test Loss: 0.1652940
EarlyStopping counter: 3 out of 20
Updating learning rate to 2.3789748085875986e-05
	iters: 100, epoch: 13 | loss: 0.1695323
	speed: 0.1044s/iter; left time: 2432.4441s
	iters: 200, epoch: 13 | loss: 0.1922936
	speed: 0.0422s/iter; left time: 979.0305s
Epoch: 13 cost time: 11.20693564414978
Epoch: 13, Steps: 266 | Train Loss: 0.2062000 Vali Loss: 0.1189899 Test Loss: 0.1643010
EarlyStopping counter: 4 out of 20
Updating learning rate to 2.6923996719433387e-05
	iters: 100, epoch: 14 | loss: 0.2314561
	speed: 0.1042s/iter; left time: 2402.0984s
	iters: 200, epoch: 14 | loss: 0.1793541
	speed: 0.0421s/iter; left time: 966.8950s
Epoch: 14 cost time: 11.200520038604736
Epoch: 14, Steps: 266 | Train Loss: 0.2038908 Vali Loss: 0.1206846 Test Loss: 0.1687672
EarlyStopping counter: 5 out of 20
Updating learning rate to 3.021287630149266e-05
	iters: 100, epoch: 15 | loss: 0.1608140
	speed: 0.1041s/iter; left time: 2371.1448s
	iters: 200, epoch: 15 | loss: 0.2092583
	speed: 0.0421s/iter; left time: 955.4126s
Epoch: 15 cost time: 11.198646545410156
Epoch: 15, Steps: 266 | Train Loss: 0.1998783 Vali Loss: 0.1214172 Test Loss: 0.1672632
EarlyStopping counter: 6 out of 20
Updating learning rate to 3.363610598571669e-05
	iters: 100, epoch: 16 | loss: 0.2054916
	speed: 0.1043s/iter; left time: 2347.5824s
	iters: 200, epoch: 16 | loss: 0.1608830
	speed: 0.0421s/iter; left time: 944.1533s
Epoch: 16 cost time: 11.195868253707886
Epoch: 16, Steps: 266 | Train Loss: 0.1970282 Vali Loss: 0.1248689 Test Loss: 0.1704001
EarlyStopping counter: 7 out of 20
Updating learning rate to 3.717257645707274e-05
	iters: 100, epoch: 17 | loss: 0.2063112
	speed: 0.1042s/iter; left time: 2317.0929s
	iters: 200, epoch: 17 | loss: 0.1759084
	speed: 0.0421s/iter; left time: 932.5497s
Epoch: 17 cost time: 11.194490194320679
Epoch: 17, Steps: 266 | Train Loss: 0.1936029 Vali Loss: 0.1237708 Test Loss: 0.1704487
EarlyStopping counter: 8 out of 20
Updating learning rate to 4.08004801022336e-05
	iters: 100, epoch: 18 | loss: 0.1847400
	speed: 0.1041s/iter; left time: 2289.0850s
	iters: 200, epoch: 18 | loss: 0.1583176
	speed: 0.0421s/iter; left time: 921.7418s
Epoch: 18 cost time: 11.197195529937744
Epoch: 18, Steps: 266 | Train Loss: 0.1903357 Vali Loss: 0.1234371 Test Loss: 0.1678547
EarlyStopping counter: 9 out of 20
Updating learning rate to 4.4497445486028815e-05
	iters: 100, epoch: 19 | loss: 0.1926991
	speed: 0.1043s/iter; left time: 2264.0562s
	iters: 200, epoch: 19 | loss: 0.1701993
	speed: 0.0421s/iter; left time: 910.8479s
Epoch: 19 cost time: 11.20064115524292
Epoch: 19, Steps: 266 | Train Loss: 0.1879333 Vali Loss: 0.1271692 Test Loss: 0.1714254
EarlyStopping counter: 10 out of 20
Updating learning rate to 4.8240675304698384e-05
	iters: 100, epoch: 20 | loss: 0.2137464
	speed: 0.1043s/iter; left time: 2236.8981s
	iters: 200, epoch: 20 | loss: 0.1958274
	speed: 0.0422s/iter; left time: 899.7973s
Epoch: 20 cost time: 11.205754280090332
Epoch: 20, Steps: 266 | Train Loss: 0.1853359 Vali Loss: 0.1253617 Test Loss: 0.1718567
EarlyStopping counter: 11 out of 20
Updating learning rate to 5.2007086965261054e-05
	iters: 100, epoch: 21 | loss: 0.1649138
	speed: 0.1043s/iter; left time: 2209.2304s
	iters: 200, epoch: 21 | loss: 0.1687294
	speed: 0.0422s/iter; left time: 888.6431s
Epoch: 21 cost time: 11.20193600654602
Epoch: 21, Steps: 266 | Train Loss: 0.1831181 Vali Loss: 0.1277826 Test Loss: 0.1716986
EarlyStopping counter: 12 out of 20
Updating learning rate to 5.5773454924116216e-05
	iters: 100, epoch: 22 | loss: 0.2417015
	speed: 0.1043s/iter; left time: 2181.3111s
	iters: 200, epoch: 22 | loss: 0.1936246
	speed: 0.0422s/iter; left time: 877.7781s
Epoch: 22 cost time: 11.204344272613525
Epoch: 22, Steps: 266 | Train Loss: 0.1807740 Vali Loss: 0.1281073 Test Loss: 0.1723954
EarlyStopping counter: 13 out of 20
Updating learning rate to 5.95165539071495e-05
	iters: 100, epoch: 23 | loss: 0.1786840
	speed: 0.1043s/iter; left time: 2153.7934s
	iters: 200, epoch: 23 | loss: 0.1870392
	speed: 0.0422s/iter; left time: 866.5174s
Epoch: 23 cost time: 11.216446161270142
Epoch: 23, Steps: 266 | Train Loss: 0.1785321 Vali Loss: 0.1271629 Test Loss: 0.1734469
EarlyStopping counter: 14 out of 20
Updating learning rate to 6.321330212817643e-05
	iters: 100, epoch: 24 | loss: 0.1521962
	speed: 0.1043s/iter; left time: 2126.1982s
	iters: 200, epoch: 24 | loss: 0.1817215
	speed: 0.0421s/iter; left time: 854.4567s
Epoch: 24 cost time: 11.198489904403687
Epoch: 24, Steps: 266 | Train Loss: 0.1757950 Vali Loss: 0.1277229 Test Loss: 0.1785898
EarlyStopping counter: 15 out of 20
Updating learning rate to 6.684090362256924e-05
	iters: 100, epoch: 25 | loss: 0.2448638
	speed: 0.1043s/iter; left time: 2097.3138s
	iters: 200, epoch: 25 | loss: 0.1637426
	speed: 0.0421s/iter; left time: 843.6047s
Epoch: 25 cost time: 11.198399066925049
Epoch: 25, Steps: 266 | Train Loss: 0.1744002 Vali Loss: 0.1292549 Test Loss: 0.1790964
EarlyStopping counter: 16 out of 20
Updating learning rate to 7.037698881836747e-05
	iters: 100, epoch: 26 | loss: 0.1739969
	speed: 0.1042s/iter; left time: 2069.0946s
	iters: 200, epoch: 26 | loss: 0.1454972
	speed: 0.0421s/iter; left time: 831.9098s
Epoch: 26 cost time: 11.19441032409668
Epoch: 26, Steps: 266 | Train Loss: 0.1718645 Vali Loss: 0.1276480 Test Loss: 0.1792814
EarlyStopping counter: 17 out of 20
Updating learning rate to 7.379975247804219e-05
	iters: 100, epoch: 27 | loss: 0.1536439
	speed: 0.1043s/iter; left time: 2043.0948s
	iters: 200, epoch: 27 | loss: 0.1397351
	speed: 0.0421s/iter; left time: 820.5290s
Epoch: 27 cost time: 11.190231561660767
Epoch: 27, Steps: 266 | Train Loss: 0.1702758 Vali Loss: 0.1258773 Test Loss: 0.1760273
EarlyStopping counter: 18 out of 20
Updating learning rate to 7.70880881602968e-05
	iters: 100, epoch: 28 | loss: 0.1567634
	speed: 0.1042s/iter; left time: 2013.6730s
	iters: 200, epoch: 28 | loss: 0.1792537
	speed: 0.0421s/iter; left time: 809.3304s
Epoch: 28 cost time: 11.19515872001648
Epoch: 28, Steps: 266 | Train Loss: 0.1682318 Vali Loss: 0.1276358 Test Loss: 0.1775832
EarlyStopping counter: 19 out of 20
Updating learning rate to 8.02217183727475e-05
	iters: 100, epoch: 29 | loss: 0.1735659
	speed: 0.1042s/iter; left time: 1985.3486s
	iters: 200, epoch: 29 | loss: 0.1350620
	speed: 0.0421s/iter; left time: 798.2805s
Epoch: 29 cost time: 11.190466165542603
Epoch: 29, Steps: 266 | Train Loss: 0.1659397 Vali Loss: 0.1268031 Test Loss: 0.1806649
EarlyStopping counter: 20 out of 20
Early stopping
>>>>>>>testing : NL_ettm2_flatten_lr0.00005_always_336_96_PatchTST_ETTm2_ftM_sl336_ll48_pl96_dm128_nh16_el3_dl1_df256_fc1_ebtimeF_dtTruelr5e-05_polalways_Nested_Learning_0<<<<<<<<<<<<<<<<<<<<<<<<<<<<<<<<<
test 11425
 Ejecutando Inferencia DINÁMICA (Nested Learning con flatten)
  -> Política: always | LR: 5e-05 | Target: head

RESUMEN: El CMS se actualizó 89 veces de 89 posibles.

mse:0.1678587645292282, mae:0.2555123269557953, rse:0.3319079577922821
Args in experiment:
Namespace(random_seed=2021, is_training=1, model_id='NL_ettm2_flatten_lr0.00005_always_336_192', model='PatchTST', data='ETTm2', root_path='./dataset/', data_path='ETTm2.csv', features='M', target='OT', freq='h', checkpoints='./checkpoints/', seq_len=336, label_len=48, pred_len=192, head_type='flatten', cms_lr=5e-05, update_policy='always', fc_dropout=0.2, head_dropout=0.0, patch_len=16, stride=8, padding_patch='end', revin=1, affine=0, subtract_last=0, decomposition=0, kernel_size=25, individual=0, embed_type=0, enc_in=7, dec_in=7, c_out=7, d_model=128, n_heads=16, e_layers=3, d_layers=1, d_ff=256, moving_avg=25, factor=1, distil=True, dropout=0.2, embed='timeF', activation='gelu', output_attention=False, do_predict=False, num_workers=0, itr=1, train_epochs=100, batch_size=128, patience=20, learning_rate=0.0001, des='Nested_Learning', loss='mse', lradj='TST', pct_start=0.4, use_amp=False, use_gpu=True, gpu=0, use_multi_gpu=False, devices='0,1,2,3', test_flop=False)
Use GPU: cuda:0
>>>>>>>start training : NL_ettm2_flatten_lr0.00005_always_336_192_PatchTST_ETTm2_ftM_sl336_ll48_pl192_dm128_nh16_el3_dl1_df256_fc1_ebtimeF_dtTruelr5e-05_polalways_Nested_Learning_0>>>>>>>>>>>>>>>>>>>>>>>>>>
train 34033
val 11329
test 11329
	iters: 100, epoch: 1 | loss: 0.3320694
	speed: 0.0647s/iter; left time: 1707.2588s
	iters: 200, epoch: 1 | loss: 0.4405365
	speed: 0.0421s/iter; left time: 1107.6794s
Epoch: 1 cost time: 11.48339056968689
Epoch: 1, Steps: 265 | Train Loss: 0.4114095 Vali Loss: 0.1839585 Test Loss: 0.2538230
Validation loss decreased (inf --> 0.183959).  Saving model ...
Updating learning rate to 4.147995888890545e-06
	iters: 100, epoch: 2 | loss: 0.2375859
	speed: 0.1062s/iter; left time: 2774.6952s
	iters: 200, epoch: 2 | loss: 0.2509089
	speed: 0.0424s/iter; left time: 1103.3466s
Epoch: 2 cost time: 11.220112323760986
Epoch: 2, Steps: 265 | Train Loss: 0.3487044 Vali Loss: 0.1711481 Test Loss: 0.2380223
Validation loss decreased (0.183959 --> 0.171148).  Saving model ...
Updating learning rate to 4.591070939598485e-06
	iters: 100, epoch: 3 | loss: 0.4678335
	speed: 0.1071s/iter; left time: 2770.0081s
	iters: 200, epoch: 3 | loss: 0.4232489
	speed: 0.0425s/iter; left time: 1095.8285s
Epoch: 3 cost time: 11.254565477371216
Epoch: 3, Steps: 265 | Train Loss: 0.3309612 Vali Loss: 0.1651707 Test Loss: 0.2306160
Validation loss decreased (0.171148 --> 0.165171).  Saving model ...
Updating learning rate to 5.326492931874866e-06
	iters: 100, epoch: 4 | loss: 0.3343582
	speed: 0.1060s/iter; left time: 2714.3628s
	iters: 200, epoch: 4 | loss: 0.4618599
	speed: 0.0426s/iter; left time: 1086.1908s
Epoch: 4 cost time: 11.266884088516235
Epoch: 4, Steps: 265 | Train Loss: 0.3208110 Vali Loss: 0.1625980 Test Loss: 0.2266450
Validation loss decreased (0.165171 --> 0.162598).  Saving model ...
Updating learning rate to 6.349726889409005e-06
	iters: 100, epoch: 5 | loss: 0.3718282
	speed: 0.1059s/iter; left time: 2684.5310s
	iters: 200, epoch: 5 | loss: 0.3621072
	speed: 0.0426s/iter; left time: 1074.5103s
Epoch: 5 cost time: 11.266297578811646
Epoch: 5, Steps: 265 | Train Loss: 0.3145001 Vali Loss: 0.1615920 Test Loss: 0.2250416
Validation loss decreased (0.162598 --> 0.161592).  Saving model ...
Updating learning rate to 7.654463044738896e-06
	iters: 100, epoch: 6 | loss: 0.3044055
	speed: 0.1066s/iter; left time: 2672.3608s
	iters: 200, epoch: 6 | loss: 0.2355869
	speed: 0.0426s/iter; left time: 1063.6668s
Epoch: 6 cost time: 11.271164417266846
Epoch: 6, Steps: 265 | Train Loss: 0.3099543 Vali Loss: 0.1595697 Test Loss: 0.2232336
Validation loss decreased (0.161592 --> 0.159570).  Saving model ...
Updating learning rate to 9.232655748403029e-06
	iters: 100, epoch: 7 | loss: 0.2476378
	speed: 0.1063s/iter; left time: 2636.7983s
	iters: 200, epoch: 7 | loss: 0.3761913
	speed: 0.0426s/iter; left time: 1052.2040s
Epoch: 7 cost time: 11.271886587142944
Epoch: 7, Steps: 265 | Train Loss: 0.3066312 Vali Loss: 0.1586854 Test Loss: 0.2213751
Validation loss decreased (0.159570 --> 0.158685).  Saving model ...
Updating learning rate to 1.107457308240065e-05
	iters: 100, epoch: 8 | loss: 0.2400985
	speed: 0.1070s/iter; left time: 2626.6141s
	iters: 200, epoch: 8 | loss: 0.4084656
	speed: 0.0426s/iter; left time: 1041.3333s
Epoch: 8 cost time: 11.271087884902954
Epoch: 8, Steps: 265 | Train Loss: 0.3043105 Vali Loss: 0.1594131 Test Loss: 0.2200546
EarlyStopping counter: 1 out of 20
Updating learning rate to 1.3168856872018862e-05
	iters: 100, epoch: 9 | loss: 0.2926466
	speed: 0.1054s/iter; left time: 2559.7062s
	iters: 200, epoch: 9 | loss: 0.2063353
	speed: 0.0426s/iter; left time: 1030.4073s
Epoch: 9 cost time: 11.292936563491821
Epoch: 9, Steps: 265 | Train Loss: 0.3008623 Vali Loss: 0.1586004 Test Loss: 0.2205720
Validation loss decreased (0.158685 --> 0.158600).  Saving model ...
Updating learning rate to 1.550259272596464e-05
	iters: 100, epoch: 10 | loss: 0.2377795
	speed: 0.1058s/iter; left time: 2541.4239s
	iters: 200, epoch: 10 | loss: 0.3088773
	speed: 0.0427s/iter; left time: 1020.2688s
Epoch: 10 cost time: 11.292313814163208
Epoch: 10, Steps: 265 | Train Loss: 0.2973804 Vali Loss: 0.1595421 Test Loss: 0.2223043
EarlyStopping counter: 1 out of 20
Updating learning rate to 1.806138967289881e-05
	iters: 100, epoch: 11 | loss: 0.2029297
	speed: 0.1057s/iter; left time: 2509.9509s
	iters: 200, epoch: 11 | loss: 0.2732246
	speed: 0.0427s/iter; left time: 1009.1660s
Epoch: 11 cost time: 11.298104524612427
Epoch: 11, Steps: 265 | Train Loss: 0.2931558 Vali Loss: 0.1606265 Test Loss: 0.2225831
EarlyStopping counter: 2 out of 20
Updating learning rate to 2.0829468903294163e-05
	iters: 100, epoch: 12 | loss: 0.3668698
	speed: 0.1059s/iter; left time: 2486.3896s
	iters: 200, epoch: 12 | loss: 0.2384648
	speed: 0.0427s/iter; left time: 997.8129s
Epoch: 12 cost time: 11.295613288879395
Epoch: 12, Steps: 265 | Train Loss: 0.2874458 Vali Loss: 0.1632759 Test Loss: 0.2229277
EarlyStopping counter: 3 out of 20
Updating learning rate to 2.3789761069391508e-05
	iters: 100, epoch: 13 | loss: 0.2817138
	speed: 0.1058s/iter; left time: 2456.7075s
	iters: 200, epoch: 13 | loss: 0.2440715
	speed: 0.0426s/iter; left time: 984.5973s
Epoch: 13 cost time: 11.279618978500366
Epoch: 13, Steps: 265 | Train Loss: 0.2815569 Vali Loss: 0.1644256 Test Loss: 0.2263895
EarlyStopping counter: 4 out of 20
Updating learning rate to 2.692401154325343e-05
	iters: 100, epoch: 14 | loss: 0.3872976
	speed: 0.1056s/iter; left time: 2424.8941s
	iters: 200, epoch: 14 | loss: 0.2590050
	speed: 0.0426s/iter; left time: 973.8169s
Epoch: 14 cost time: 11.280166387557983
Epoch: 14, Steps: 265 | Train Loss: 0.2746870 Vali Loss: 0.1643195 Test Loss: 0.2295336
EarlyStopping counter: 5 out of 20
Updating learning rate to 3.0212892983843068e-05
	iters: 100, epoch: 15 | loss: 0.3086987
	speed: 0.1054s/iter; left time: 2392.4384s
	iters: 200, epoch: 15 | loss: 0.2365928
	speed: 0.0426s/iter; left time: 963.4510s
Epoch: 15 cost time: 11.280320644378662
Epoch: 15, Steps: 265 | Train Loss: 0.2685808 Vali Loss: 0.1695655 Test Loss: 0.2355472
EarlyStopping counter: 6 out of 20
Updating learning rate to 3.3636124518983084e-05
	iters: 100, epoch: 16 | loss: 0.3000350
	speed: 0.1054s/iter; left time: 2364.5373s
	iters: 200, epoch: 16 | loss: 0.2202087
	speed: 0.0426s/iter; left time: 951.7626s
Epoch: 16 cost time: 11.28612208366394
Epoch: 16, Steps: 265 | Train Loss: 0.2620950 Vali Loss: 0.1702930 Test Loss: 0.2338946
EarlyStopping counter: 7 out of 20
Updating learning rate to 3.717259680726015e-05
	iters: 100, epoch: 17 | loss: 0.3054119
	speed: 0.1058s/iter; left time: 2344.7421s
	iters: 200, epoch: 17 | loss: 0.3405830
	speed: 0.0426s/iter; left time: 940.0775s
Epoch: 17 cost time: 11.28190279006958
Epoch: 17, Steps: 265 | Train Loss: 0.2571711 Vali Loss: 0.1686559 Test Loss: 0.2358226
EarlyStopping counter: 8 out of 20
Updating learning rate to 4.080050220868085e-05
	iters: 100, epoch: 18 | loss: 0.2923521
	speed: 0.1056s/iter; left time: 2311.9226s
	iters: 200, epoch: 18 | loss: 0.2419812
	speed: 0.0426s/iter; left time: 927.7030s
Epoch: 18 cost time: 11.270898818969727
Epoch: 18, Steps: 265 | Train Loss: 0.2521380 Vali Loss: 0.1685770 Test Loss: 0.2413175
EarlyStopping counter: 9 out of 20
Updating learning rate to 4.449746926138297e-05
	iters: 100, epoch: 19 | loss: 0.2698910
	speed: 0.1055s/iter; left time: 2282.9298s
	iters: 200, epoch: 19 | loss: 0.3418232
	speed: 0.0426s/iter; left time: 917.0759s
Epoch: 19 cost time: 11.27420163154602
Epoch: 19, Steps: 265 | Train Loss: 0.2481257 Vali Loss: 0.1695864 Test Loss: 0.2374246
EarlyStopping counter: 10 out of 20
Updating learning rate to 4.824070063515135e-05
	iters: 100, epoch: 20 | loss: 0.2924412
	speed: 0.1055s/iter; left time: 2255.1679s
	iters: 200, epoch: 20 | loss: 0.2249013
	speed: 0.0426s/iter; left time: 906.1448s
Epoch: 20 cost time: 11.284356594085693
Epoch: 20, Steps: 265 | Train Loss: 0.2445912 Vali Loss: 0.1699110 Test Loss: 0.2398805
EarlyStopping counter: 11 out of 20
Updating learning rate to 5.200711371104918e-05
	iters: 100, epoch: 21 | loss: 0.2208082
	speed: 0.1056s/iter; left time: 2227.5138s
	iters: 200, epoch: 21 | loss: 0.2899674
	speed: 0.0426s/iter; left time: 894.3298s
Epoch: 21 cost time: 11.277171611785889
Epoch: 21, Steps: 265 | Train Loss: 0.2407157 Vali Loss: 0.1743478 Test Loss: 0.2434377
EarlyStopping counter: 12 out of 20
Updating learning rate to 5.577348292028073e-05
	iters: 100, epoch: 22 | loss: 0.1816121
	speed: 0.1056s/iter; left time: 2200.0491s
	iters: 200, epoch: 22 | loss: 0.2419474
	speed: 0.0426s/iter; left time: 884.2539s
Epoch: 22 cost time: 11.285348653793335
Epoch: 22, Steps: 265 | Train Loss: 0.2384817 Vali Loss: 0.1734184 Test Loss: 0.2393384
EarlyStopping counter: 13 out of 20
Updating learning rate to 5.9516582964553954e-05
	iters: 100, epoch: 23 | loss: 0.2486411
	speed: 0.1057s/iter; left time: 2174.9477s
	iters: 200, epoch: 23 | loss: 0.2038303
	speed: 0.0426s/iter; left time: 872.2413s
Epoch: 23 cost time: 11.278707504272461
Epoch: 23, Steps: 265 | Train Loss: 0.2347048 Vali Loss: 0.1724307 Test Loss: 0.2366025
EarlyStopping counter: 14 out of 20
Updating learning rate to 6.321333203477474e-05
	iters: 100, epoch: 24 | loss: 0.2347434
	speed: 0.1056s/iter; left time: 2143.4330s
	iters: 200, epoch: 24 | loss: 0.2807840
	speed: 0.0426s/iter; left time: 860.8483s
Epoch: 24 cost time: 11.272472620010376
Epoch: 24, Steps: 265 | Train Loss: 0.2325895 Vali Loss: 0.1734206 Test Loss: 0.2405659
EarlyStopping counter: 15 out of 20
Updating learning rate to 6.684093414491588e-05
	iters: 100, epoch: 25 | loss: 0.2385702
	speed: 0.1053s/iter; left time: 2110.5880s
	iters: 200, epoch: 25 | loss: 0.2538748
	speed: 0.0425s/iter; left time: 848.4577s
Epoch: 25 cost time: 11.266207695007324
Epoch: 25, Steps: 265 | Train Loss: 0.2288947 Vali Loss: 0.1753936 Test Loss: 0.2449565
EarlyStopping counter: 16 out of 20
Updating learning rate to 7.037701970335941e-05
	iters: 100, epoch: 26 | loss: 0.1854233
	speed: 0.1056s/iter; left time: 2087.7432s
	iters: 200, epoch: 26 | loss: 0.2335546
	speed: 0.0425s/iter; left time: 836.9878s
Epoch: 26 cost time: 11.262417316436768
Epoch: 26, Steps: 265 | Train Loss: 0.2272158 Vali Loss: 0.1731818 Test Loss: 0.2396304
EarlyStopping counter: 17 out of 20
Updating learning rate to 7.379978345487968e-05
	iters: 100, epoch: 27 | loss: 0.2453750
	speed: 0.1055s/iter; left time: 2058.0985s
	iters: 200, epoch: 27 | loss: 0.1848626
	speed: 0.0425s/iter; left time: 825.2723s
Epoch: 27 cost time: 11.26306438446045
Epoch: 27, Steps: 265 | Train Loss: 0.2239694 Vali Loss: 0.1718734 Test Loss: 0.2372931
EarlyStopping counter: 18 out of 20
Updating learning rate to 7.70881189426489e-05
	iters: 100, epoch: 28 | loss: 0.2202315
	speed: 0.1054s/iter; left time: 2028.2960s
	iters: 200, epoch: 28 | loss: 0.2379767
	speed: 0.0425s/iter; left time: 813.9720s
Epoch: 28 cost time: 11.261768102645874
Epoch: 28, Steps: 265 | Train Loss: 0.2207330 Vali Loss: 0.1703652 Test Loss: 0.2465740
EarlyStopping counter: 19 out of 20
Updating learning rate to 8.022174866110521e-05
	iters: 100, epoch: 29 | loss: 0.1767094
	speed: 0.1054s/iter; left time: 2001.3535s
	iters: 200, epoch: 29 | loss: 0.1873759
	speed: 0.0425s/iter; left time: 803.2468s
Epoch: 29 cost time: 11.269541501998901
Epoch: 29, Steps: 265 | Train Loss: 0.2181987 Vali Loss: 0.1728561 Test Loss: 0.2401397
EarlyStopping counter: 20 out of 20
Early stopping
>>>>>>>testing : NL_ettm2_flatten_lr0.00005_always_336_192_PatchTST_ETTm2_ftM_sl336_ll48_pl192_dm128_nh16_el3_dl1_df256_fc1_ebtimeF_dtTruelr5e-05_polalways_Nested_Learning_0<<<<<<<<<<<<<<<<<<<<<<<<<<<<<<<<<
test 11329
 Ejecutando Inferencia DINÁMICA (Nested Learning con flatten)
  -> Política: always | LR: 5e-05 | Target: head

RESUMEN: El CMS se actualizó 88 veces de 88 posibles.

mse:0.22451022267341614, mae:0.29548096656799316, rse:0.3829362988471985
Args in experiment:
Namespace(random_seed=2021, is_training=1, model_id='NL_ettm2_flatten_lr0.00005_always_336_336', model='PatchTST', data='ETTm2', root_path='./dataset/', data_path='ETTm2.csv', features='M', target='OT', freq='h', checkpoints='./checkpoints/', seq_len=336, label_len=48, pred_len=336, head_type='flatten', cms_lr=5e-05, update_policy='always', fc_dropout=0.2, head_dropout=0.0, patch_len=16, stride=8, padding_patch='end', revin=1, affine=0, subtract_last=0, decomposition=0, kernel_size=25, individual=0, embed_type=0, enc_in=7, dec_in=7, c_out=7, d_model=128, n_heads=16, e_layers=3, d_layers=1, d_ff=256, moving_avg=25, factor=1, distil=True, dropout=0.2, embed='timeF', activation='gelu', output_attention=False, do_predict=False, num_workers=0, itr=1, train_epochs=100, batch_size=128, patience=20, learning_rate=0.0001, des='Nested_Learning', loss='mse', lradj='TST', pct_start=0.4, use_amp=False, use_gpu=True, gpu=0, use_multi_gpu=False, devices='0,1,2,3', test_flop=False)
Use GPU: cuda:0
>>>>>>>start training : NL_ettm2_flatten_lr0.00005_always_336_336_PatchTST_ETTm2_ftM_sl336_ll48_pl336_dm128_nh16_el3_dl1_df256_fc1_ebtimeF_dtTruelr5e-05_polalways_Nested_Learning_0>>>>>>>>>>>>>>>>>>>>>>>>>>
train 33889
val 11185
test 11185
	iters: 100, epoch: 1 | loss: 0.3680319
	speed: 0.0697s/iter; left time: 1833.6347s
	iters: 200, epoch: 1 | loss: 0.7377603
	speed: 0.0426s/iter; left time: 1116.6871s
Epoch: 1 cost time: 11.571926832199097
Epoch: 1, Steps: 264 | Train Loss: 0.4878830 Vali Loss: 0.2250702 Test Loss: 0.3038669
Validation loss decreased (inf --> 0.225070).  Saving model ...
Updating learning rate to 4.147995994617984e-06
	iters: 100, epoch: 2 | loss: 0.3862306
	speed: 0.1083s/iter; left time: 2819.5751s
	iters: 200, epoch: 2 | loss: 0.4803863
	speed: 0.0431s/iter; left time: 1117.3436s
Epoch: 2 cost time: 11.35089898109436
Epoch: 2, Steps: 264 | Train Loss: 0.4355663 Vali Loss: 0.2131573 Test Loss: 0.2906727
Validation loss decreased (0.225070 --> 0.213157).  Saving model ...
Updating learning rate to 4.591071361204269e-06
	iters: 100, epoch: 3 | loss: 0.4806994
	speed: 0.1090s/iter; left time: 2808.7233s
	iters: 200, epoch: 3 | loss: 0.5022652
	speed: 0.0432s/iter; left time: 1110.2163s
Epoch: 3 cost time: 11.39288330078125
Epoch: 3, Steps: 264 | Train Loss: 0.4209222 Vali Loss: 0.2085426 Test Loss: 0.2836373
Validation loss decreased (0.213157 --> 0.208543).  Saving model ...
Updating learning rate to 5.3264938756102174e-06
	iters: 100, epoch: 4 | loss: 0.3745322
	speed: 0.1090s/iter; left time: 2781.0920s
	iters: 200, epoch: 4 | loss: 0.3874515
	speed: 0.0433s/iter; left time: 1099.4065s
Epoch: 4 cost time: 11.407634019851685
Epoch: 4, Steps: 264 | Train Loss: 0.4114955 Vali Loss: 0.2058998 Test Loss: 0.2803485
Validation loss decreased (0.208543 --> 0.205900).  Saving model ...
Updating learning rate to 6.349728555065631e-06
	iters: 100, epoch: 5 | loss: 0.3452420
	speed: 0.1089s/iter; left time: 2749.8725s
	iters: 200, epoch: 5 | loss: 0.4541777
	speed: 0.0433s/iter; left time: 1089.4318s
Epoch: 5 cost time: 11.412870168685913
Epoch: 5, Steps: 264 | Train Loss: 0.4058223 Vali Loss: 0.2034718 Test Loss: 0.2786148
Validation loss decreased (0.205900 --> 0.203472).  Saving model ...
Updating learning rate to 7.654465623149092e-06
	iters: 100, epoch: 6 | loss: 0.2611217
	speed: 0.1093s/iter; left time: 2730.9649s
	iters: 200, epoch: 6 | loss: 0.5399648
	speed: 0.0433s/iter; left time: 1077.6235s
Epoch: 6 cost time: 11.415549755096436
Epoch: 6, Steps: 264 | Train Loss: 0.4008824 Vali Loss: 0.2033103 Test Loss: 0.2778322
Validation loss decreased (0.203472 --> 0.203310).  Saving model ...
Updating learning rate to 9.232659419022894e-06
	iters: 100, epoch: 7 | loss: 0.3695619
	speed: 0.1086s/iter; left time: 2685.0848s
	iters: 200, epoch: 7 | loss: 0.3267276
	speed: 0.0433s/iter; left time: 1066.4100s
Epoch: 7 cost time: 11.418050050735474
Epoch: 7, Steps: 264 | Train Loss: 0.3976832 Vali Loss: 0.2014402 Test Loss: 0.2776929
Validation loss decreased (0.203310 --> 0.201440).  Saving model ...
Updating learning rate to 1.1074578010998666e-05
	iters: 100, epoch: 8 | loss: 0.3884718
	speed: 0.1088s/iter; left time: 2659.7539s
	iters: 200, epoch: 8 | loss: 0.6469340
	speed: 0.0434s/iter; left time: 1056.7286s
Epoch: 8 cost time: 11.44208574295044
Epoch: 8, Steps: 264 | Train Loss: 0.3941777 Vali Loss: 0.2021033 Test Loss: 0.2753454
EarlyStopping counter: 1 out of 20
Updating learning rate to 1.3168863208492038e-05
	iters: 100, epoch: 9 | loss: 0.5819013
	speed: 0.1079s/iter; left time: 2609.7430s
	iters: 200, epoch: 9 | loss: 0.3908259
	speed: 0.0434s/iter; left time: 1045.4185s
Epoch: 9 cost time: 11.45182180404663
Epoch: 9, Steps: 264 | Train Loss: 0.3894611 Vali Loss: 0.2036545 Test Loss: 0.2754832
EarlyStopping counter: 2 out of 20
Updating learning rate to 1.5502600602302323e-05
	iters: 100, epoch: 10 | loss: 0.4197114
	speed: 0.1079s/iter; left time: 2580.9177s
	iters: 200, epoch: 10 | loss: 0.3747660
	speed: 0.0434s/iter; left time: 1034.2951s
Epoch: 10 cost time: 11.457546949386597
Epoch: 10, Steps: 264 | Train Loss: 0.3828896 Vali Loss: 0.2064069 Test Loss: 0.2745245
EarlyStopping counter: 3 out of 20
Updating learning rate to 1.8061399201313948e-05
	iters: 100, epoch: 11 | loss: 0.3040191
	speed: 0.1082s/iter; left time: 2559.9515s
	iters: 200, epoch: 11 | loss: 0.3853008
	speed: 0.0434s/iter; left time: 1022.4717s
Epoch: 11 cost time: 11.446944236755371
Epoch: 11, Steps: 264 | Train Loss: 0.3747716 Vali Loss: 0.2066142 Test Loss: 0.2783703
EarlyStopping counter: 4 out of 20
Updating learning rate to 2.08294801745399e-05
	iters: 100, epoch: 12 | loss: 0.5537434
	speed: 0.1081s/iter; left time: 2528.0514s
	iters: 200, epoch: 12 | loss: 0.4036232
	speed: 0.0433s/iter; left time: 1009.4376s
Epoch: 12 cost time: 11.432782888412476
Epoch: 12, Steps: 264 | Train Loss: 0.3642956 Vali Loss: 0.2130927 Test Loss: 0.2786707
EarlyStopping counter: 5 out of 20
Updating learning rate to 2.378977415127951e-05
	iters: 100, epoch: 13 | loss: 0.3786044
	speed: 0.1083s/iter; left time: 2504.5098s
	iters: 200, epoch: 13 | loss: 0.3829477
	speed: 0.0433s/iter; left time: 998.4737s
Epoch: 13 cost time: 11.435553550720215
Epoch: 13, Steps: 264 | Train Loss: 0.3514932 Vali Loss: 0.2134391 Test Loss: 0.2873150
EarlyStopping counter: 6 out of 20
Updating learning rate to 2.6924026479389104e-05
	iters: 100, epoch: 14 | loss: 0.3514712
	speed: 0.1082s/iter; left time: 2473.8517s
	iters: 200, epoch: 14 | loss: 0.3546832
	speed: 0.0434s/iter; left time: 987.3574s
Epoch: 14 cost time: 11.43534517288208
Epoch: 14, Steps: 264 | Train Loss: 0.3388674 Vali Loss: 0.2137507 Test Loss: 0.2858015
EarlyStopping counter: 7 out of 20
Updating learning rate to 3.0212909792590238e-05
	iters: 100, epoch: 15 | loss: 0.2576615
	speed: 0.1079s/iter; left time: 2439.7115s
	iters: 200, epoch: 15 | loss: 0.3637887
	speed: 0.0433s/iter; left time: 975.0713s
Epoch: 15 cost time: 11.43344259262085
Epoch: 15, Steps: 264 | Train Loss: 0.3282991 Vali Loss: 0.2207597 Test Loss: 0.2916072
EarlyStopping counter: 8 out of 20
Updating learning rate to 3.363614319266957e-05
	iters: 100, epoch: 16 | loss: 0.3283830
	speed: 0.1079s/iter; left time: 2409.6967s
	iters: 200, epoch: 16 | loss: 0.2865520
	speed: 0.0433s/iter; left time: 964.0847s
Epoch: 16 cost time: 11.437493085861206
Epoch: 16, Steps: 264 | Train Loss: 0.3208567 Vali Loss: 0.2247721 Test Loss: 0.2899227
EarlyStopping counter: 9 out of 20
Updating learning rate to 3.7172617311633196e-05
	iters: 100, epoch: 17 | loss: 0.3795636
	speed: 0.1079s/iter; left time: 2382.2015s
	iters: 200, epoch: 17 | loss: 0.2777193
	speed: 0.0433s/iter; left time: 952.1741s
Epoch: 17 cost time: 11.432265996932983
Epoch: 17, Steps: 264 | Train Loss: 0.3147642 Vali Loss: 0.2199988 Test Loss: 0.3014247
EarlyStopping counter: 10 out of 20
Updating learning rate to 4.0800524482619576e-05
	iters: 100, epoch: 18 | loss: 0.3349763
	speed: 0.1078s/iter; left time: 2351.5622s
	iters: 200, epoch: 18 | loss: 0.4018911
	speed: 0.0433s/iter; left time: 940.6608s
Epoch: 18 cost time: 11.43561577796936
Epoch: 18, Steps: 264 | Train Loss: 0.3083224 Vali Loss: 0.2273232 Test Loss: 0.2992520
EarlyStopping counter: 11 out of 20
Updating learning rate to 4.449749321687241e-05
	iters: 100, epoch: 19 | loss: 0.2294661
	speed: 0.1078s/iter; left time: 2323.2917s
	iters: 200, epoch: 19 | loss: 0.3153757
	speed: 0.0433s/iter; left time: 929.4551s
Epoch: 19 cost time: 11.440189599990845
Epoch: 19, Steps: 264 | Train Loss: 0.3038499 Vali Loss: 0.2291385 Test Loss: 0.2988952
EarlyStopping counter: 12 out of 20
Updating learning rate to 4.824072615752094e-05
	iters: 100, epoch: 20 | loss: 0.3317463
	speed: 0.1079s/iter; left time: 2297.7057s
	iters: 200, epoch: 20 | loss: 0.2375493
	speed: 0.0433s/iter; left time: 918.3048s
Epoch: 20 cost time: 11.441592931747437
Epoch: 20, Steps: 264 | Train Loss: 0.2993856 Vali Loss: 0.2224075 Test Loss: 0.3017284
EarlyStopping counter: 13 out of 20
Updating learning rate to 5.200714065947608e-05
	iters: 100, epoch: 21 | loss: 0.3216677
	speed: 0.1077s/iter; left time: 2264.8318s
	iters: 200, epoch: 21 | loss: 0.3054647
	speed: 0.0434s/iter; left time: 908.2901s
Epoch: 21 cost time: 11.45848298072815
Epoch: 21, Steps: 264 | Train Loss: 0.2961944 Vali Loss: 0.2263211 Test Loss: 0.3029068
EarlyStopping counter: 14 out of 20
Updating learning rate to 5.577351112855618e-05
	iters: 100, epoch: 22 | loss: 0.3886960
	speed: 0.1078s/iter; left time: 2237.5106s
	iters: 200, epoch: 22 | loss: 0.2696542
	speed: 0.0435s/iter; left time: 897.6773s
Epoch: 22 cost time: 11.477120161056519
Epoch: 22, Steps: 264 | Train Loss: 0.2914309 Vali Loss: 0.2260305 Test Loss: 0.3103181
EarlyStopping counter: 15 out of 20
Updating learning rate to 5.951661224210828e-05
	iters: 100, epoch: 23 | loss: 0.2834443
	speed: 0.1079s/iter; left time: 2211.0953s
	iters: 200, epoch: 23 | loss: 0.2453198
	speed: 0.0435s/iter; left time: 887.5025s
Epoch: 23 cost time: 11.481570720672607
Epoch: 23, Steps: 264 | Train Loss: 0.2880965 Vali Loss: 0.2253246 Test Loss: 0.3019400
EarlyStopping counter: 16 out of 20
Updating learning rate to 6.321336216795497e-05
	iters: 100, epoch: 24 | loss: 0.2494493
	speed: 0.1080s/iter; left time: 2183.8152s
	iters: 200, epoch: 24 | loss: 0.2410499
	speed: 0.0436s/iter; left time: 877.0584s
Epoch: 24 cost time: 11.495757818222046
Epoch: 24, Steps: 264 | Train Loss: 0.2845621 Vali Loss: 0.2293355 Test Loss: 0.3058919
EarlyStopping counter: 17 out of 20
Updating learning rate to 6.684096489850761e-05
	iters: 100, epoch: 25 | loss: 0.2625467
	speed: 0.1081s/iter; left time: 2158.8724s
	iters: 200, epoch: 25 | loss: 0.2549899
	speed: 0.0436s/iter; left time: 866.2995s
Epoch: 25 cost time: 11.49546480178833
Epoch: 25, Steps: 264 | Train Loss: 0.2814301 Vali Loss: 0.2236674 Test Loss: 0.3078165
EarlyStopping counter: 18 out of 20
Updating learning rate to 7.03770508223417e-05
	iters: 100, epoch: 26 | loss: 0.2948768
	speed: 0.1081s/iter; left time: 2129.0278s
	iters: 200, epoch: 26 | loss: 0.3474190
	speed: 0.0436s/iter; left time: 855.4517s
Epoch: 26 cost time: 11.501564741134644
Epoch: 26, Steps: 264 | Train Loss: 0.2776594 Vali Loss: 0.2267811 Test Loss: 0.3098907
EarlyStopping counter: 19 out of 20
Updating learning rate to 7.379981466640088e-05
	iters: 100, epoch: 27 | loss: 0.2747236
	speed: 0.1080s/iter; left time: 2098.7968s
	iters: 200, epoch: 27 | loss: 0.2964498
	speed: 0.0436s/iter; left time: 843.5659s
Epoch: 27 cost time: 11.493347644805908
Epoch: 27, Steps: 264 | Train Loss: 0.2736619 Vali Loss: 0.2258485 Test Loss: 0.3108806
EarlyStopping counter: 20 out of 20
Early stopping
>>>>>>>testing : NL_ettm2_flatten_lr0.00005_always_336_336_PatchTST_ETTm2_ftM_sl336_ll48_pl336_dm128_nh16_el3_dl1_df256_fc1_ebtimeF_dtTruelr5e-05_polalways_Nested_Learning_0<<<<<<<<<<<<<<<<<<<<<<<<<<<<<<<<<
test 11185
 Ejecutando Inferencia DINÁMICA (Nested Learning con flatten)
  -> Política: always | LR: 5e-05 | Target: head

RESUMEN: El CMS se actualizó 87 veces de 87 posibles.

mse:0.2791132628917694, mae:0.33146658539772034, rse:0.4262401759624481
Args in experiment:
Namespace(random_seed=2021, is_training=1, model_id='NL_ettm2_flatten_lr0.00005_always_336_720', model='PatchTST', data='ETTm2', root_path='./dataset/', data_path='ETTm2.csv', features='M', target='OT', freq='h', checkpoints='./checkpoints/', seq_len=336, label_len=48, pred_len=720, head_type='flatten', cms_lr=5e-05, update_policy='always', fc_dropout=0.2, head_dropout=0.0, patch_len=16, stride=8, padding_patch='end', revin=1, affine=0, subtract_last=0, decomposition=0, kernel_size=25, individual=0, embed_type=0, enc_in=7, dec_in=7, c_out=7, d_model=128, n_heads=16, e_layers=3, d_layers=1, d_ff=256, moving_avg=25, factor=1, distil=True, dropout=0.2, embed='timeF', activation='gelu', output_attention=False, do_predict=False, num_workers=0, itr=1, train_epochs=100, batch_size=128, patience=20, learning_rate=0.0001, des='Nested_Learning', loss='mse', lradj='TST', pct_start=0.4, use_amp=False, use_gpu=True, gpu=0, use_multi_gpu=False, devices='0,1,2,3', test_flop=False)
Use GPU: cuda:0
>>>>>>>start training : NL_ettm2_flatten_lr0.00005_always_336_720_PatchTST_ETTm2_ftM_sl336_ll48_pl720_dm128_nh16_el3_dl1_df256_fc1_ebtimeF_dtTruelr5e-05_polalways_Nested_Learning_0>>>>>>>>>>>>>>>>>>>>>>>>>>
train 33505
val 10801
test 10801
	iters: 100, epoch: 1 | loss: 0.5368689
	speed: 0.0984s/iter; left time: 2558.0764s
	iters: 200, epoch: 1 | loss: 0.6406400
	speed: 0.0445s/iter; left time: 1152.7687s
Epoch: 1 cost time: 11.959858417510986
Epoch: 1, Steps: 261 | Train Loss: 0.6042241 Vali Loss: 0.2892524 Test Loss: 0.3928503
Validation loss decreased (inf --> 0.289252).  Saving model ...
Updating learning rate to 4.147996316662011e-06
	iters: 100, epoch: 2 | loss: 0.5492494
	speed: 0.1166s/iter; left time: 3001.1339s
	iters: 200, epoch: 2 | loss: 0.4032914
	speed: 0.0451s/iter; left time: 1156.1641s
Epoch: 2 cost time: 11.755017280578613
Epoch: 2, Steps: 261 | Train Loss: 0.5597240 Vali Loss: 0.2796804 Test Loss: 0.3811488
Validation loss decreased (0.289252 --> 0.279680).  Saving model ...
Updating learning rate to 4.591072645408634e-06
	iters: 100, epoch: 3 | loss: 0.4768669
	speed: 0.1176s/iter; left time: 2996.9674s
	iters: 200, epoch: 3 | loss: 0.6253552
	speed: 0.0454s/iter; left time: 1151.4290s
Epoch: 3 cost time: 11.818495512008667
Epoch: 3, Steps: 261 | Train Loss: 0.5477358 Vali Loss: 0.2748564 Test Loss: 0.3743569
Validation loss decreased (0.279680 --> 0.274856).  Saving model ...
Updating learning rate to 5.326496750212602e-06
	iters: 100, epoch: 4 | loss: 0.4886611
	speed: 0.1199s/iter; left time: 3022.8930s
	iters: 200, epoch: 4 | loss: 0.5135925
	speed: 0.0456s/iter; left time: 1144.2203s
Epoch: 4 cost time: 11.85362434387207
Epoch: 4, Steps: 261 | Train Loss: 0.5395182 Vali Loss: 0.2726577 Test Loss: 0.3710518
Validation loss decreased (0.274856 --> 0.272658).  Saving model ...
Updating learning rate to 6.349733628628268e-06
	iters: 100, epoch: 5 | loss: 0.7134376
	speed: 0.1192s/iter; left time: 2975.0165s
	iters: 200, epoch: 5 | loss: 0.5725800
	speed: 0.0456s/iter; left time: 1133.5043s
Epoch: 5 cost time: 11.882119178771973
Epoch: 5, Steps: 261 | Train Loss: 0.5334973 Vali Loss: 0.2710455 Test Loss: 0.3680970
Validation loss decreased (0.272658 --> 0.271046).  Saving model ...
Updating learning rate to 7.654473476944045e-06
	iters: 100, epoch: 6 | loss: 0.5212644
	speed: 0.1213s/iter; left time: 2996.1009s
	iters: 200, epoch: 6 | loss: 0.5594522
	speed: 0.0455s/iter; left time: 1119.5334s
Epoch: 6 cost time: 14.66909146308899
Epoch: 6, Steps: 261 | Train Loss: 0.5286543 Vali Loss: 0.2696052 Test Loss: 0.3674258
Validation loss decreased (0.271046 --> 0.269605).  Saving model ...
Updating learning rate to 9.232670599670218e-06
	iters: 100, epoch: 7 | loss: 0.5668843
	speed: 0.1520s/iter; left time: 3714.5946s
	iters: 200, epoch: 7 | loss: 0.6212389
	speed: 0.0453s/iter; left time: 1102.2961s
Epoch: 7 cost time: 11.794223308563232
Epoch: 7, Steps: 261 | Train Loss: 0.5246360 Vali Loss: 0.2697416 Test Loss: 0.3645064
EarlyStopping counter: 1 out of 20
Updating learning rate to 1.1074593023426382e-05
	iters: 100, epoch: 8 | loss: 0.4366150
	speed: 0.1130s/iter; left time: 2731.5698s
	iters: 200, epoch: 8 | loss: 0.4769289
	speed: 0.0456s/iter; left time: 1098.0091s
Epoch: 8 cost time: 11.892075777053833
Epoch: 8, Steps: 261 | Train Loss: 0.5203731 Vali Loss: 0.2706948 Test Loss: 0.3630230
EarlyStopping counter: 2 out of 20
Updating learning rate to 1.3168882509283648e-05
	iters: 100, epoch: 9 | loss: 0.4430582
	speed: 0.1137s/iter; left time: 2719.1490s
	iters: 200, epoch: 9 | loss: 0.5902506
	speed: 0.0458s/iter; left time: 1090.4412s
Epoch: 9 cost time: 11.923296213150024
Epoch: 9, Steps: 261 | Train Loss: 0.5138826 Vali Loss: 0.2709549 Test Loss: 0.3616512
EarlyStopping counter: 3 out of 20
Updating learning rate to 1.5502624593494887e-05
	iters: 100, epoch: 10 | loss: 0.4526711
	speed: 0.1134s/iter; left time: 2682.5643s
	iters: 200, epoch: 10 | loss: 0.5194089
	speed: 0.0459s/iter; left time: 1079.8969s
Epoch: 10 cost time: 11.937592267990112
Epoch: 10, Steps: 261 | Train Loss: 0.5072056 Vali Loss: 0.2720373 Test Loss: 0.3599697
EarlyStopping counter: 4 out of 20
Updating learning rate to 1.806142822470586e-05
	iters: 100, epoch: 11 | loss: 0.5475191
	speed: 0.1139s/iter; left time: 2664.7899s
	iters: 200, epoch: 11 | loss: 0.5439035
	speed: 0.0458s/iter; left time: 1066.1675s
Epoch: 11 cost time: 11.933982610702515
Epoch: 11, Steps: 261 | Train Loss: 0.4997109 Vali Loss: 0.2744676 Test Loss: 0.3560629
EarlyStopping counter: 5 out of 20
Updating learning rate to 2.0829514506563195e-05
	iters: 100, epoch: 12 | loss: 0.4851884
	speed: 0.1135s/iter; left time: 2625.5427s
	iters: 200, epoch: 12 | loss: 0.6221183
	speed: 0.0458s/iter; left time: 1053.7010s
Epoch: 12 cost time: 11.925082683563232
Epoch: 12, Steps: 261 | Train Loss: 0.4942036 Vali Loss: 0.2758796 Test Loss: 0.3581183
EarlyStopping counter: 6 out of 20
Updating learning rate to 2.3789813998487008e-05
	iters: 100, epoch: 13 | loss: 0.3941562
	speed: 0.1139s/iter; left time: 2605.8164s
	iters: 200, epoch: 13 | loss: 0.4911888
	speed: 0.0458s/iter; left time: 1042.7474s
Epoch: 13 cost time: 11.930906057357788
Epoch: 13, Steps: 261 | Train Loss: 0.4856248 Vali Loss: 0.2808531 Test Loss: 0.3563778
EarlyStopping counter: 7 out of 20
Updating learning rate to 2.6924071974601397e-05
	iters: 100, epoch: 14 | loss: 0.4382253
	speed: 0.1135s/iter; left time: 2566.9212s
	iters: 200, epoch: 14 | loss: 0.7190341
	speed: 0.0458s/iter; left time: 1030.4449s
Epoch: 14 cost time: 11.923238515853882
Epoch: 14, Steps: 261 | Train Loss: 0.4759702 Vali Loss: 0.2801285 Test Loss: 0.3620708
EarlyStopping counter: 8 out of 20
Updating learning rate to 3.0212960991742456e-05
	iters: 100, epoch: 15 | loss: 0.5284608
	speed: 0.1136s/iter; left time: 2537.7746s
	iters: 200, epoch: 15 | loss: 0.5619191
	speed: 0.0457s/iter; left time: 1016.8719s
Epoch: 15 cost time: 11.927405595779419
Epoch: 15, Steps: 261 | Train Loss: 0.4672107 Vali Loss: 0.2837230 Test Loss: 0.3653453
EarlyStopping counter: 9 out of 20
Updating learning rate to 3.363620007239161e-05
	iters: 100, epoch: 16 | loss: 0.4164384
	speed: 0.1140s/iter; left time: 2517.7051s
	iters: 200, epoch: 16 | loss: 0.4972459
	speed: 0.0458s/iter; left time: 1007.5216s
Epoch: 16 cost time: 11.939181804656982
Epoch: 16, Steps: 261 | Train Loss: 0.4576724 Vali Loss: 0.2880679 Test Loss: 0.3716552
EarlyStopping counter: 10 out of 20
Updating learning rate to 3.717267976759092e-05
	iters: 100, epoch: 17 | loss: 0.3332337
	speed: 0.1135s/iter; left time: 2477.8096s
	iters: 200, epoch: 17 | loss: 0.5360267
	speed: 0.0459s/iter; left time: 996.1143s
Epoch: 17 cost time: 11.945870399475098
Epoch: 17, Steps: 261 | Train Loss: 0.4497990 Vali Loss: 0.2886770 Test Loss: 0.3740449
EarlyStopping counter: 11 out of 20
Updating learning rate to 4.0800592328638756e-05
	iters: 100, epoch: 18 | loss: 0.4089355
	speed: 0.1136s/iter; left time: 2448.6416s
	iters: 200, epoch: 18 | loss: 0.5246834
	speed: 0.0459s/iter; left time: 984.3890s
Epoch: 18 cost time: 11.943118333816528
Epoch: 18, Steps: 261 | Train Loss: 0.4418343 Vali Loss: 0.2941304 Test Loss: 0.3769282
EarlyStopping counter: 12 out of 20
Updating learning rate to 4.449756618485984e-05
	iters: 100, epoch: 19 | loss: 0.4254605
	speed: 0.1139s/iter; left time: 2426.2049s
	iters: 200, epoch: 19 | loss: 0.4562173
	speed: 0.0459s/iter; left time: 972.8776s
Epoch: 19 cost time: 11.949714422225952
Epoch: 19, Steps: 261 | Train Loss: 0.4350494 Vali Loss: 0.2970144 Test Loss: 0.3812468
EarlyStopping counter: 13 out of 20
Updating learning rate to 4.824080389819096e-05
	iters: 100, epoch: 20 | loss: 0.4968561
	speed: 0.1136s/iter; left time: 2390.6966s
	iters: 200, epoch: 20 | loss: 0.3971733
	speed: 0.0458s/iter; left time: 959.4239s
Epoch: 20 cost time: 11.946102619171143
Epoch: 20, Steps: 261 | Train Loss: 0.4295662 Vali Loss: 0.3011456 Test Loss: 0.3889154
EarlyStopping counter: 14 out of 20
Updating learning rate to 5.2007222743883666e-05
	iters: 100, epoch: 21 | loss: 0.4811497
	speed: 0.1136s/iter; left time: 2360.5156s
	iters: 200, epoch: 21 | loss: 0.4319192
	speed: 0.0458s/iter; left time: 946.9587s
Epoch: 21 cost time: 11.94049882888794
Epoch: 21, Steps: 261 | Train Loss: 0.4232949 Vali Loss: 0.2975796 Test Loss: 0.3952757
EarlyStopping counter: 15 out of 20
Updating learning rate to 5.577359705043091e-05
	iters: 100, epoch: 22 | loss: 0.3751720
	speed: 0.1135s/iter; left time: 2329.6617s
	iters: 200, epoch: 22 | loss: 0.4593040
	speed: 0.0457s/iter; left time: 933.8437s
Epoch: 22 cost time: 11.927833795547485
Epoch: 22, Steps: 261 | Train Loss: 0.4183729 Vali Loss: 0.2985550 Test Loss: 0.3907543
EarlyStopping counter: 16 out of 20
Updating learning rate to 5.951670142097692e-05
	iters: 100, epoch: 23 | loss: 0.4249243
	speed: 0.1141s/iter; left time: 2310.8345s
	iters: 200, epoch: 23 | loss: 0.4830801
	speed: 0.0458s/iter; left time: 922.8821s
Epoch: 23 cost time: 11.93658447265625
Epoch: 23, Steps: 261 | Train Loss: 0.4137969 Vali Loss: 0.3006918 Test Loss: 0.3909795
EarlyStopping counter: 17 out of 20
Updating learning rate to 6.321345395303321e-05
	iters: 100, epoch: 24 | loss: 0.3975627
	speed: 0.1136s/iter; left time: 2270.9569s
	iters: 200, epoch: 24 | loss: 0.3679205
	speed: 0.0458s/iter; left time: 911.9470s
Epoch: 24 cost time: 11.940463304519653
Epoch: 24, Steps: 261 | Train Loss: 0.4069280 Vali Loss: 0.3029205 Test Loss: 0.3876585
EarlyStopping counter: 18 out of 20
Updating learning rate to 6.6841058573335e-05
	iters: 100, epoch: 25 | loss: 0.3218440
	speed: 0.1138s/iter; left time: 2246.0713s
	iters: 200, epoch: 25 | loss: 0.3904726
	speed: 0.0458s/iter; left time: 899.1731s
Epoch: 25 cost time: 11.942266941070557
Epoch: 25, Steps: 261 | Train Loss: 0.4014491 Vali Loss: 0.3038528 Test Loss: 0.3866873
EarlyStopping counter: 19 out of 20
Updating learning rate to 7.037714561012768e-05
	iters: 100, epoch: 26 | loss: 0.3807881
	speed: 0.1135s/iter; left time: 2210.3526s
	iters: 200, epoch: 26 | loss: 0.4920718
	speed: 0.0457s/iter; left time: 886.1665s
Epoch: 26 cost time: 11.92585563659668
Epoch: 26, Steps: 261 | Train Loss: 0.3960634 Vali Loss: 0.2994874 Test Loss: 0.3929287
EarlyStopping counter: 20 out of 20
Early stopping
>>>>>>>testing : NL_ettm2_flatten_lr0.00005_always_336_720_PatchTST_ETTm2_ftM_sl336_ll48_pl720_dm128_nh16_el3_dl1_df256_fc1_ebtimeF_dtTruelr5e-05_polalways_Nested_Learning_0<<<<<<<<<<<<<<<<<<<<<<<<<<<<<<<<<
test 10801
 Ejecutando Inferencia DINÁMICA (Nested Learning con flatten)
  -> Política: always | LR: 5e-05 | Target: head

RESUMEN: El CMS se actualizó 84 veces de 84 posibles.

mse:0.37546873092651367, mae:0.387909859418869, rse:0.49196767807006836
