==========================================================
SÚPER ARRAY TFG - TAREA ID: 54 / 113
Nodo: dionisio
Dataset: ettm2 | Experimento: NL_ettm2_flatten_lr0.0001_always
Cabeza: flatten | LR: 0.0001 | Política: always
==========================================================
Args in experiment:
Namespace(random_seed=2021, is_training=1, model_id='NL_ettm2_flatten_lr0.0001_always_336_96', model='PatchTST', data='ETTm2', root_path='./dataset/', data_path='ETTm2.csv', features='M', target='OT', freq='h', checkpoints='./checkpoints/', seq_len=336, label_len=48, pred_len=96, head_type='flatten', cms_lr=0.0001, update_policy='always', fc_dropout=0.2, head_dropout=0.0, patch_len=16, stride=8, padding_patch='end', revin=1, affine=0, subtract_last=0, decomposition=0, kernel_size=25, individual=1, embed_type=0, enc_in=7, dec_in=7, c_out=7, d_model=128, n_heads=16, e_layers=3, d_layers=1, d_ff=256, moving_avg=25, factor=1, distil=True, dropout=0.2, embed='timeF', activation='gelu', output_attention=False, do_predict=False, num_workers=0, itr=1, train_epochs=100, batch_size=128, patience=20, learning_rate=0.0001, des='Nested_Learning', loss='mse', lradj='TST', pct_start=0.4, use_amp=False, use_gpu=True, gpu=0, use_multi_gpu=False, devices='0,1,2,3', test_flop=False)
Use GPU: cuda:0
>>>>>>>start training : NL_ettm2_flatten_lr0.0001_always_336_96_PatchTST_ETTm2_ftM_sl336_ll48_pl96_dm128_nh16_el3_dl1_df256_fc1_ebtimeF_dtTruelr0.0001_pol_always_Nested_Learning_0>>>>>>>>>>>>>>>>>>>>>>>>>>
train 34129
val 11425
test 11425
	iters: 100, epoch: 1 | loss: 0.2920082
	speed: 0.2115s/iter; left time: 5604.3029s
	iters: 200, epoch: 1 | loss: 0.2270251
	speed: 0.0439s/iter; left time: 1158.8574s
Epoch: 1 cost time: 12.055075645446777
Epoch: 1, Steps: 266 | Train Loss: 0.3435021 Vali Loss: 0.1489375 Test Loss: 0.2069773
Validation loss decreased (inf --> 0.148938).  Saving model ...
Updating learning rate to 4.147995783958166e-06
	iters: 100, epoch: 2 | loss: 0.2424930
	speed: 0.1117s/iter; left time: 2931.5406s
	iters: 200, epoch: 2 | loss: 0.2800612
	speed: 0.0446s/iter; left time: 1165.1197s
Epoch: 2 cost time: 11.865136861801147
Epoch: 2, Steps: 266 | Train Loss: 0.2686776 Vali Loss: 0.1318231 Test Loss: 0.1855937
Validation loss decreased (0.148938 --> 0.131823).  Saving model ...
Updating learning rate to 4.591070521163098e-06
	iters: 100, epoch: 3 | loss: 0.4541262
	speed: 0.1150s/iter; left time: 2986.1212s
	iters: 200, epoch: 3 | loss: 0.2745582
	speed: 0.0449s/iter; left time: 1160.6948s
Epoch: 3 cost time: 11.94382905960083
Epoch: 3, Steps: 266 | Train Loss: 0.2450192 Vali Loss: 0.1255414 Test Loss: 0.1756675
Validation loss decreased (0.131823 --> 0.125541).  Saving model ...
Updating learning rate to 5.326491995236255e-06
	iters: 100, epoch: 4 | loss: 0.2254206
	speed: 0.1343s/iter; left time: 3451.2329s
	iters: 200, epoch: 4 | loss: 0.3153080
	speed: 0.0449s/iter; left time: 1149.2113s
Epoch: 4 cost time: 11.947932243347168
Epoch: 4, Steps: 266 | Train Loss: 0.2318453 Vali Loss: 0.1217633 Test Loss: 0.1698156
Validation loss decreased (0.125541 --> 0.121763).  Saving model ...
Updating learning rate to 6.349725236277868e-06
	iters: 100, epoch: 5 | loss: 0.3612369
	speed: 0.1195s/iter; left time: 3038.4575s
	iters: 200, epoch: 5 | loss: 0.1844157
	speed: 0.0452s/iter; left time: 1144.0950s
Epoch: 5 cost time: 11.988605260848999
Epoch: 5, Steps: 266 | Train Loss: 0.2237572 Vali Loss: 0.1203507 Test Loss: 0.1677166
Validation loss decreased (0.121763 --> 0.120351).  Saving model ...
Updating learning rate to 7.654460485717921e-06
	iters: 100, epoch: 6 | loss: 0.1780581
	speed: 0.1164s/iter; left time: 2929.8903s
	iters: 200, epoch: 6 | loss: 0.2601645
	speed: 0.0453s/iter; left time: 1134.8802s
Epoch: 6 cost time: 12.03368067741394
Epoch: 6, Steps: 266 | Train Loss: 0.2179929 Vali Loss: 0.1193614 Test Loss: 0.1660494
Validation loss decreased (0.120351 --> 0.119361).  Saving model ...
Updating learning rate to 9.232652105385623e-06
	iters: 100, epoch: 7 | loss: 0.1832370
	speed: 0.1144s/iter; left time: 2849.3992s
	iters: 200, epoch: 7 | loss: 0.1902966
	speed: 0.0454s/iter; left time: 1125.5271s
Epoch: 7 cost time: 12.051514625549316
Epoch: 7, Steps: 266 | Train Loss: 0.2140658 Vali Loss: 0.1197606 Test Loss: 0.1643983
EarlyStopping counter: 1 out of 20
Updating learning rate to 1.1074568190864783e-05
	iters: 100, epoch: 8 | loss: 0.2374244
	speed: 0.1097s/iter; left time: 2703.9485s
	iters: 200, epoch: 8 | loss: 0.1762595
	speed: 0.0454s/iter; left time: 1113.5530s
Epoch: 8 cost time: 12.06053113937378
Epoch: 8, Steps: 266 | Train Loss: 0.2106944 Vali Loss: 0.1185441 Test Loss: 0.1650744
Validation loss decreased (0.119361 --> 0.118544).  Saving model ...
Updating learning rate to 1.316885058319476e-05
	iters: 100, epoch: 9 | loss: 0.2019795
	speed: 0.1131s/iter; left time: 2756.2054s
	iters: 200, epoch: 9 | loss: 0.2051467
	speed: 0.0454s/iter; left time: 1101.3856s
Epoch: 9 cost time: 12.05341625213623
Epoch: 9, Steps: 266 | Train Loss: 0.2083028 Vali Loss: 0.1179646 Test Loss: 0.1636699
Validation loss decreased (0.118544 --> 0.117965).  Saving model ...
Updating learning rate to 1.5502584908855415e-05
	iters: 100, epoch: 10 | loss: 0.1957887
	speed: 0.1184s/iter; left time: 2853.8294s
	iters: 200, epoch: 10 | loss: 0.1612781
	speed: 0.0453s/iter; left time: 1088.1983s
Epoch: 10 cost time: 12.030836582183838
Epoch: 10, Steps: 266 | Train Loss: 0.2056175 Vali Loss: 0.1185236 Test Loss: 0.1644101
EarlyStopping counter: 1 out of 20
Updating learning rate to 1.806138021613527e-05
	iters: 100, epoch: 11 | loss: 0.2144741
	speed: 0.1098s/iter; left time: 2618.4309s
	iters: 200, epoch: 11 | loss: 0.2410415
	speed: 0.0454s/iter; left time: 1077.4832s
Epoch: 11 cost time: 12.065123558044434
Epoch: 11, Steps: 266 | Train Loss: 0.2027989 Vali Loss: 0.1180205 Test Loss: 0.1626047
EarlyStopping counter: 2 out of 20
Updating learning rate to 2.0829457716805565e-05
	iters: 100, epoch: 12 | loss: 0.1844212
	speed: 0.1099s/iter; left time: 2591.5002s
	iters: 200, epoch: 12 | loss: 0.2307978
	speed: 0.0454s/iter; left time: 1065.7104s
Epoch: 12 cost time: 12.066670417785645
Epoch: 12, Steps: 266 | Train Loss: 0.1992942 Vali Loss: 0.1179651 Test Loss: 0.1645362
EarlyStopping counter: 3 out of 20
Updating learning rate to 2.3789748085875986e-05
	iters: 100, epoch: 13 | loss: 0.1699608
	speed: 0.1098s/iter; left time: 2559.5724s
	iters: 200, epoch: 13 | loss: 0.1351261
	speed: 0.0454s/iter; left time: 1053.3506s
Epoch: 13 cost time: 12.05981159210205
Epoch: 13, Steps: 266 | Train Loss: 0.1945109 Vali Loss: 0.1196640 Test Loss: 0.1632897
EarlyStopping counter: 4 out of 20
Updating learning rate to 2.6923996719433387e-05
	iters: 100, epoch: 14 | loss: 0.2358541
	speed: 0.1093s/iter; left time: 2519.6551s
	iters: 200, epoch: 14 | loss: 0.1876164
	speed: 0.0447s/iter; left time: 1026.6032s
Epoch: 14 cost time: 11.915185928344727
Epoch: 14, Steps: 266 | Train Loss: 0.1897982 Vali Loss: 0.1202453 Test Loss: 0.1660554
EarlyStopping counter: 5 out of 20
Updating learning rate to 3.021287630149266e-05
	iters: 100, epoch: 15 | loss: 0.1713812
	speed: 0.1088s/iter; left time: 2477.7494s
	iters: 200, epoch: 15 | loss: 0.1839941
	speed: 0.0450s/iter; left time: 1020.3724s
Epoch: 15 cost time: 11.970564126968384
Epoch: 15, Steps: 266 | Train Loss: 0.1852239 Vali Loss: 0.1207735 Test Loss: 0.1681528
EarlyStopping counter: 6 out of 20
Updating learning rate to 3.363610598571669e-05
	iters: 100, epoch: 16 | loss: 0.1778521
	speed: 0.1098s/iter; left time: 2471.7257s
	iters: 200, epoch: 16 | loss: 0.1530060
	speed: 0.0454s/iter; left time: 1017.0787s
Epoch: 16 cost time: 12.066643238067627
Epoch: 16, Steps: 266 | Train Loss: 0.1808412 Vali Loss: 0.1203129 Test Loss: 0.1676130
EarlyStopping counter: 7 out of 20
Updating learning rate to 3.717257645707274e-05
	iters: 100, epoch: 17 | loss: 0.1471134
	speed: 0.1098s/iter; left time: 2443.5117s
	iters: 200, epoch: 17 | loss: 0.1684375
	speed: 0.0454s/iter; left time: 1005.3299s
Epoch: 17 cost time: 12.058515071868896
Epoch: 17, Steps: 266 | Train Loss: 0.1775152 Vali Loss: 0.1212291 Test Loss: 0.1697868
EarlyStopping counter: 8 out of 20
Updating learning rate to 4.08004801022336e-05
	iters: 100, epoch: 18 | loss: 0.1899630
	speed: 0.1098s/iter; left time: 2412.4931s
	iters: 200, epoch: 18 | loss: 0.1539935
	speed: 0.0454s/iter; left time: 993.0183s
Epoch: 18 cost time: 12.068538427352905
Epoch: 18, Steps: 266 | Train Loss: 0.1744228 Vali Loss: 0.1224474 Test Loss: 0.1693693
EarlyStopping counter: 9 out of 20
Updating learning rate to 4.4497445486028815e-05
	iters: 100, epoch: 19 | loss: 0.1648513
	speed: 0.1097s/iter; left time: 2382.0990s
	iters: 200, epoch: 19 | loss: 0.1449376
	speed: 0.0454s/iter; left time: 980.5305s
Epoch: 19 cost time: 12.061464309692383
Epoch: 19, Steps: 266 | Train Loss: 0.1714787 Vali Loss: 0.1235433 Test Loss: 0.1722837
EarlyStopping counter: 10 out of 20
Updating learning rate to 4.8240675304698384e-05
	iters: 100, epoch: 20 | loss: 0.1951303
	speed: 0.1099s/iter; left time: 2357.1462s
	iters: 200, epoch: 20 | loss: 0.1521267
	speed: 0.0454s/iter; left time: 968.5574s
Epoch: 20 cost time: 12.059607028961182
Epoch: 20, Steps: 266 | Train Loss: 0.1688755 Vali Loss: 0.1248781 Test Loss: 0.1734584
EarlyStopping counter: 11 out of 20
Updating learning rate to 5.2007086965261054e-05
	iters: 100, epoch: 21 | loss: 0.1335094
	speed: 0.1098s/iter; left time: 2325.9476s
	iters: 200, epoch: 21 | loss: 0.1602087
	speed: 0.0454s/iter; left time: 956.0716s
Epoch: 21 cost time: 12.059105396270752
Epoch: 21, Steps: 266 | Train Loss: 0.1662278 Vali Loss: 0.1259310 Test Loss: 0.1724474
EarlyStopping counter: 12 out of 20
Updating learning rate to 5.5773454924116216e-05
	iters: 100, epoch: 22 | loss: 0.1693367
	speed: 0.1099s/iter; left time: 2299.0780s
	iters: 200, epoch: 22 | loss: 0.1860450
	speed: 0.0454s/iter; left time: 944.3330s
Epoch: 22 cost time: 12.058482646942139
Epoch: 22, Steps: 266 | Train Loss: 0.1637257 Vali Loss: 0.1244293 Test Loss: 0.1723995
EarlyStopping counter: 13 out of 20
Updating learning rate to 5.95165539071495e-05
	iters: 100, epoch: 23 | loss: 0.1231528
	speed: 0.1099s/iter; left time: 2269.6041s
	iters: 200, epoch: 23 | loss: 0.1292468
	speed: 0.0454s/iter; left time: 932.0910s
Epoch: 23 cost time: 12.061135292053223
Epoch: 23, Steps: 266 | Train Loss: 0.1615535 Vali Loss: 0.1247725 Test Loss: 0.1731920
EarlyStopping counter: 14 out of 20
Updating learning rate to 6.321330212817643e-05
	iters: 100, epoch: 24 | loss: 0.1390478
	speed: 0.1098s/iter; left time: 2238.4643s
	iters: 200, epoch: 24 | loss: 0.1823414
	speed: 0.0454s/iter; left time: 920.4526s
Epoch: 24 cost time: 12.057564735412598
Epoch: 24, Steps: 266 | Train Loss: 0.1592688 Vali Loss: 0.1268162 Test Loss: 0.1726919
EarlyStopping counter: 15 out of 20
Updating learning rate to 6.684090362256924e-05
	iters: 100, epoch: 25 | loss: 0.1420813
	speed: 0.1097s/iter; left time: 2207.2978s
	iters: 200, epoch: 25 | loss: 0.1570620
	speed: 0.0454s/iter; left time: 907.9848s
Epoch: 25 cost time: 12.061570405960083
Epoch: 25, Steps: 266 | Train Loss: 0.1572273 Vali Loss: 0.1280831 Test Loss: 0.1722674
EarlyStopping counter: 16 out of 20
Updating learning rate to 7.037698881836747e-05
	iters: 100, epoch: 26 | loss: 0.1457969
	speed: 0.1098s/iter; left time: 2178.9637s
	iters: 200, epoch: 26 | loss: 0.1930732
	speed: 0.0454s/iter; left time: 895.8482s
Epoch: 26 cost time: 12.056458234786987
Epoch: 26, Steps: 266 | Train Loss: 0.1551944 Vali Loss: 0.1262318 Test Loss: 0.1727052
EarlyStopping counter: 17 out of 20
Updating learning rate to 7.379975247804219e-05
	iters: 100, epoch: 27 | loss: 0.1965188
	speed: 0.1097s/iter; left time: 2148.5761s
	iters: 200, epoch: 27 | loss: 0.1609481
	speed: 0.0454s/iter; left time: 885.2545s
Epoch: 27 cost time: 12.060699224472046
Epoch: 27, Steps: 266 | Train Loss: 0.1529290 Vali Loss: 0.1273557 Test Loss: 0.1739386
EarlyStopping counter: 18 out of 20
Updating learning rate to 7.70880881602968e-05
	iters: 100, epoch: 28 | loss: 0.1118980
	speed: 0.1098s/iter; left time: 2120.9573s
	iters: 200, epoch: 28 | loss: 0.1707103
	speed: 0.0454s/iter; left time: 872.5989s
Epoch: 28 cost time: 12.06706428527832
Epoch: 28, Steps: 266 | Train Loss: 0.1508847 Vali Loss: 0.1268470 Test Loss: 0.1759433
EarlyStopping counter: 19 out of 20
Updating learning rate to 8.02217183727475e-05
	iters: 100, epoch: 29 | loss: 0.1518987
	speed: 0.1096s/iter; left time: 2089.1048s
	iters: 200, epoch: 29 | loss: 0.1501006
	speed: 0.0453s/iter; left time: 859.3468s
Epoch: 29 cost time: 12.05691647529602
Epoch: 29, Steps: 266 | Train Loss: 0.1487386 Vali Loss: 0.1260879 Test Loss: 0.1751679
EarlyStopping counter: 20 out of 20
Early stopping
>>>>>>>testing : NL_ettm2_flatten_lr0.0001_always_336_96_PatchTST_ETTm2_ftM_sl336_ll48_pl96_dm128_nh16_el3_dl1_df256_fc1_ebtimeF_dtTruelr0.0001_pol_always_Nested_Learning_0<<<<<<<<<<<<<<<<<<<<<<<<<<<<<<<<<
test 11425
 Ejecutando Inferencia DINÁMICA (Nested Learning con flatten)
  -> Política: always | LR: 0.0001 | Target: head

RESUMEN: El CMS se actualizó 89 veces de 89 posibles.

mse:0.1920212209224701, mae:0.2704715430736542, rse:0.35499337315559387
Args in experiment:
Namespace(random_seed=2021, is_training=1, model_id='NL_ettm2_flatten_lr0.0001_always_336_192', model='PatchTST', data='ETTm2', root_path='./dataset/', data_path='ETTm2.csv', features='M', target='OT', freq='h', checkpoints='./checkpoints/', seq_len=336, label_len=48, pred_len=192, head_type='flatten', cms_lr=0.0001, update_policy='always', fc_dropout=0.2, head_dropout=0.0, patch_len=16, stride=8, padding_patch='end', revin=1, affine=0, subtract_last=0, decomposition=0, kernel_size=25, individual=1, embed_type=0, enc_in=7, dec_in=7, c_out=7, d_model=128, n_heads=16, e_layers=3, d_layers=1, d_ff=256, moving_avg=25, factor=1, distil=True, dropout=0.2, embed='timeF', activation='gelu', output_attention=False, do_predict=False, num_workers=0, itr=1, train_epochs=100, batch_size=128, patience=20, learning_rate=0.0001, des='Nested_Learning', loss='mse', lradj='TST', pct_start=0.4, use_amp=False, use_gpu=True, gpu=0, use_multi_gpu=False, devices='0,1,2,3', test_flop=False)
Use GPU: cuda:0
>>>>>>>start training : NL_ettm2_flatten_lr0.0001_always_336_192_PatchTST_ETTm2_ftM_sl336_ll48_pl192_dm128_nh16_el3_dl1_df256_fc1_ebtimeF_dtTruelr0.0001_pol_always_Nested_Learning_0>>>>>>>>>>>>>>>>>>>>>>>>>>
train 34033
val 11329
test 11329
	iters: 100, epoch: 1 | loss: 0.3607827
	speed: 0.1195s/iter; left time: 3154.4642s
	iters: 200, epoch: 1 | loss: 0.3452597
	speed: 0.0452s/iter; left time: 1188.8908s
Epoch: 1 cost time: 12.292352199554443
Epoch: 1, Steps: 265 | Train Loss: 0.4157430 Vali Loss: 0.1874765 Test Loss: 0.2558417
Validation loss decreased (inf --> 0.187476).  Saving model ...
Updating learning rate to 4.147995888890545e-06
	iters: 100, epoch: 2 | loss: 0.4854799
	speed: 0.1189s/iter; left time: 3108.5094s
	iters: 200, epoch: 2 | loss: 0.3584315
	speed: 0.0455s/iter; left time: 1185.4672s
Epoch: 2 cost time: 12.061759948730469
Epoch: 2, Steps: 265 | Train Loss: 0.3469452 Vali Loss: 0.1720723 Test Loss: 0.2381020
Validation loss decreased (0.187476 --> 0.172072).  Saving model ...
Updating learning rate to 4.591070939598485e-06
	iters: 100, epoch: 3 | loss: 0.2279822
	speed: 0.1176s/iter; left time: 3041.2165s
	iters: 200, epoch: 3 | loss: 0.3033027
	speed: 0.0458s/iter; left time: 1180.4688s
Epoch: 3 cost time: 12.136566638946533
Epoch: 3, Steps: 265 | Train Loss: 0.3250238 Vali Loss: 0.1653796 Test Loss: 0.2299826
Validation loss decreased (0.172072 --> 0.165380).  Saving model ...
Updating learning rate to 5.326492931874866e-06
	iters: 100, epoch: 4 | loss: 0.2987090
	speed: 0.1183s/iter; left time: 3028.3587s
	iters: 200, epoch: 4 | loss: 0.3007860
	speed: 0.0459s/iter; left time: 1171.6755s
Epoch: 4 cost time: 12.158963203430176
Epoch: 4, Steps: 265 | Train Loss: 0.3138825 Vali Loss: 0.1622574 Test Loss: 0.2258245
Validation loss decreased (0.165380 --> 0.162257).  Saving model ...
Updating learning rate to 6.349726889409005e-06
	iters: 100, epoch: 5 | loss: 0.3098803
	speed: 0.1161s/iter; left time: 2942.9708s
	iters: 200, epoch: 5 | loss: 0.2316819
	speed: 0.0460s/iter; left time: 1162.1938s
Epoch: 5 cost time: 12.185168027877808
Epoch: 5, Steps: 265 | Train Loss: 0.3051783 Vali Loss: 0.1609460 Test Loss: 0.2231499
Validation loss decreased (0.162257 --> 0.160946).  Saving model ...
Updating learning rate to 7.654463044738896e-06
	iters: 100, epoch: 6 | loss: 0.2635435
	speed: 0.1209s/iter; left time: 3031.3300s
	iters: 200, epoch: 6 | loss: 0.2507129
	speed: 0.0461s/iter; left time: 1150.7251s
Epoch: 6 cost time: 12.187883853912354
Epoch: 6, Steps: 265 | Train Loss: 0.2983865 Vali Loss: 0.1602874 Test Loss: 0.2214737
Validation loss decreased (0.160946 --> 0.160287).  Saving model ...
Updating learning rate to 9.232655748403029e-06
	iters: 100, epoch: 7 | loss: 0.2782711
	speed: 0.1216s/iter; left time: 3017.1948s
	iters: 200, epoch: 7 | loss: 0.3276213
	speed: 0.0460s/iter; left time: 1137.2147s
Epoch: 7 cost time: 12.17928409576416
Epoch: 7, Steps: 265 | Train Loss: 0.2926927 Vali Loss: 0.1612707 Test Loss: 0.2215646
EarlyStopping counter: 1 out of 20
Updating learning rate to 1.107457308240065e-05
	iters: 100, epoch: 8 | loss: 0.3166529
	speed: 0.1114s/iter; left time: 2734.3817s
	iters: 200, epoch: 8 | loss: 0.2733660
	speed: 0.0463s/iter; left time: 1131.9622s
Epoch: 8 cost time: 12.248738288879395
Epoch: 8, Steps: 265 | Train Loss: 0.2877572 Vali Loss: 0.1611843 Test Loss: 0.2218013
EarlyStopping counter: 2 out of 20
Updating learning rate to 1.3168856872018862e-05
	iters: 100, epoch: 9 | loss: 0.2616102
	speed: 0.1119s/iter; left time: 2716.0473s
	iters: 200, epoch: 9 | loss: 0.2791759
	speed: 0.0463s/iter; left time: 1120.4183s
Epoch: 9 cost time: 12.26553988456726
Epoch: 9, Steps: 265 | Train Loss: 0.2836567 Vali Loss: 0.1632452 Test Loss: 0.2221078
EarlyStopping counter: 3 out of 20
Updating learning rate to 1.550259272596464e-05
	iters: 100, epoch: 10 | loss: 0.3016579
	speed: 0.1119s/iter; left time: 2686.8304s
	iters: 200, epoch: 10 | loss: 0.2338805
	speed: 0.0463s/iter; left time: 1106.7137s
Epoch: 10 cost time: 12.253242254257202
Epoch: 10, Steps: 265 | Train Loss: 0.2787869 Vali Loss: 0.1620471 Test Loss: 0.2199067
EarlyStopping counter: 4 out of 20
Updating learning rate to 1.806138967289881e-05
	iters: 100, epoch: 11 | loss: 0.2197202
	speed: 0.1118s/iter; left time: 2656.3924s
	iters: 200, epoch: 11 | loss: 0.2083296
	speed: 0.0463s/iter; left time: 1094.0907s
Epoch: 11 cost time: 12.245336532592773
Epoch: 11, Steps: 265 | Train Loss: 0.2737984 Vali Loss: 0.1621322 Test Loss: 0.2194199
EarlyStopping counter: 5 out of 20
Updating learning rate to 2.0829468903294163e-05
	iters: 100, epoch: 12 | loss: 0.2508737
	speed: 0.1117s/iter; left time: 2622.2723s
	iters: 200, epoch: 12 | loss: 0.2697911
	speed: 0.0462s/iter; left time: 1080.0355s
Epoch: 12 cost time: 12.238019227981567
Epoch: 12, Steps: 265 | Train Loss: 0.2656910 Vali Loss: 0.1654704 Test Loss: 0.2198495
EarlyStopping counter: 6 out of 20
Updating learning rate to 2.3789761069391508e-05
	iters: 100, epoch: 13 | loss: 0.2562689
	speed: 0.1119s/iter; left time: 2597.9662s
	iters: 200, epoch: 13 | loss: 0.2960822
	speed: 0.0462s/iter; left time: 1067.3245s
Epoch: 13 cost time: 12.219427585601807
Epoch: 13, Steps: 265 | Train Loss: 0.2583322 Vali Loss: 0.1677126 Test Loss: 0.2220695
EarlyStopping counter: 7 out of 20
Updating learning rate to 2.692401154325343e-05
	iters: 100, epoch: 14 | loss: 0.2555830
	speed: 0.1119s/iter; left time: 2568.0962s
	iters: 200, epoch: 14 | loss: 0.2237445
	speed: 0.0462s/iter; left time: 1054.8261s
Epoch: 14 cost time: 12.226938724517822
Epoch: 14, Steps: 265 | Train Loss: 0.2504785 Vali Loss: 0.1645038 Test Loss: 0.2254601
EarlyStopping counter: 8 out of 20
Updating learning rate to 3.0212892983843068e-05
	iters: 100, epoch: 15 | loss: 0.2225240
	speed: 0.1115s/iter; left time: 2530.1732s
	iters: 200, epoch: 15 | loss: 0.3114623
	speed: 0.0462s/iter; left time: 1043.0570s
Epoch: 15 cost time: 12.235943078994751
Epoch: 15, Steps: 265 | Train Loss: 0.2428478 Vali Loss: 0.1654583 Test Loss: 0.2313757
EarlyStopping counter: 9 out of 20
Updating learning rate to 3.3636124518983084e-05
	iters: 100, epoch: 16 | loss: 0.2047839
	speed: 0.1116s/iter; left time: 2502.4668s
	iters: 200, epoch: 16 | loss: 0.2166030
	speed: 0.0464s/iter; left time: 1034.8526s
Epoch: 16 cost time: 12.245036363601685
Epoch: 16, Steps: 265 | Train Loss: 0.2362797 Vali Loss: 0.1669715 Test Loss: 0.2304645
EarlyStopping counter: 10 out of 20
Updating learning rate to 3.717259680726015e-05
	iters: 100, epoch: 17 | loss: 0.1793453
	speed: 0.1115s/iter; left time: 2471.6771s
	iters: 200, epoch: 17 | loss: 0.2142044
	speed: 0.0461s/iter; left time: 1017.9227s
Epoch: 17 cost time: 12.234696626663208
Epoch: 17, Steps: 265 | Train Loss: 0.2304904 Vali Loss: 0.1651215 Test Loss: 0.2308943
EarlyStopping counter: 11 out of 20
Updating learning rate to 4.080050220868085e-05
	iters: 100, epoch: 18 | loss: 0.2320497
	speed: 0.1115s/iter; left time: 2441.6301s
	iters: 200, epoch: 18 | loss: 0.2136010
	speed: 0.0461s/iter; left time: 1005.1930s
Epoch: 18 cost time: 12.217693567276001
Epoch: 18, Steps: 265 | Train Loss: 0.2261792 Vali Loss: 0.1681202 Test Loss: 0.2315594
EarlyStopping counter: 12 out of 20
Updating learning rate to 4.449746926138297e-05
	iters: 100, epoch: 19 | loss: 0.2272064
	speed: 0.1116s/iter; left time: 2414.6080s
	iters: 200, epoch: 19 | loss: 0.2399120
	speed: 0.0461s/iter; left time: 992.6693s
Epoch: 19 cost time: 12.209416627883911
Epoch: 19, Steps: 265 | Train Loss: 0.2227000 Vali Loss: 0.1682976 Test Loss: 0.2328310
EarlyStopping counter: 13 out of 20
Updating learning rate to 4.824070063515135e-05
	iters: 100, epoch: 20 | loss: 0.1788517
	speed: 0.1118s/iter; left time: 2388.2721s
	iters: 200, epoch: 20 | loss: 0.2122731
	speed: 0.0461s/iter; left time: 979.9242s
Epoch: 20 cost time: 12.213064432144165
Epoch: 20, Steps: 265 | Train Loss: 0.2184676 Vali Loss: 0.1696882 Test Loss: 0.2360495
EarlyStopping counter: 14 out of 20
Updating learning rate to 5.200711371104918e-05
	iters: 100, epoch: 21 | loss: 0.1743223
	speed: 0.1114s/iter; left time: 2350.7013s
	iters: 200, epoch: 21 | loss: 0.2196055
	speed: 0.0463s/iter; left time: 971.7690s
Epoch: 21 cost time: 12.231444120407104
Epoch: 21, Steps: 265 | Train Loss: 0.2149076 Vali Loss: 0.1698593 Test Loss: 0.2336608
EarlyStopping counter: 15 out of 20
Updating learning rate to 5.577348292028073e-05
	iters: 100, epoch: 22 | loss: 0.1904286
	speed: 0.1114s/iter; left time: 2322.0328s
	iters: 200, epoch: 22 | loss: 0.1900895
	speed: 0.0462s/iter; left time: 957.2024s
Epoch: 22 cost time: 12.229193687438965
Epoch: 22, Steps: 265 | Train Loss: 0.2115162 Vali Loss: 0.1706741 Test Loss: 0.2349140
EarlyStopping counter: 16 out of 20
Updating learning rate to 5.9516582964553954e-05
	iters: 100, epoch: 23 | loss: 0.1783806
	speed: 0.1115s/iter; left time: 2293.7160s
	iters: 200, epoch: 23 | loss: 0.1960971
	speed: 0.0461s/iter; left time: 943.0423s
Epoch: 23 cost time: 12.206964254379272
Epoch: 23, Steps: 265 | Train Loss: 0.2079664 Vali Loss: 0.1732206 Test Loss: 0.2407038
EarlyStopping counter: 17 out of 20
Updating learning rate to 6.321333203477474e-05
	iters: 100, epoch: 24 | loss: 0.2084444
	speed: 0.1115s/iter; left time: 2264.8558s
	iters: 200, epoch: 24 | loss: 0.2639925
	speed: 0.0461s/iter; left time: 930.5802s
Epoch: 24 cost time: 12.204373359680176
Epoch: 24, Steps: 265 | Train Loss: 0.2053190 Vali Loss: 0.1721734 Test Loss: 0.2380370
EarlyStopping counter: 18 out of 20
Updating learning rate to 6.684093414491588e-05
	iters: 100, epoch: 25 | loss: 0.2196925
	speed: 0.1116s/iter; left time: 2236.6997s
	iters: 200, epoch: 25 | loss: 0.1471463
	speed: 0.0461s/iter; left time: 918.4965s
Epoch: 25 cost time: 12.1899254322052
Epoch: 25, Steps: 265 | Train Loss: 0.2024251 Vali Loss: 0.1742461 Test Loss: 0.2391974
EarlyStopping counter: 19 out of 20
Updating learning rate to 7.037701970335941e-05
	iters: 100, epoch: 26 | loss: 0.2196093
	speed: 0.1115s/iter; left time: 2204.5454s
	iters: 200, epoch: 26 | loss: 0.1754583
	speed: 0.0460s/iter; left time: 905.7975s
Epoch: 26 cost time: 12.197901964187622
Epoch: 26, Steps: 265 | Train Loss: 0.1995575 Vali Loss: 0.1737769 Test Loss: 0.2405491
EarlyStopping counter: 20 out of 20
Early stopping
>>>>>>>testing : NL_ettm2_flatten_lr0.0001_always_336_192_PatchTST_ETTm2_ftM_sl336_ll48_pl192_dm128_nh16_el3_dl1_df256_fc1_ebtimeF_dtTruelr0.0001_pol_always_Nested_Learning_0<<<<<<<<<<<<<<<<<<<<<<<<<<<<<<<<<
test 11329
 Ejecutando Inferencia DINÁMICA (Nested Learning con flatten)
  -> Política: always | LR: 0.0001 | Target: head

RESUMEN: El CMS se actualizó 88 veces de 88 posibles.

mse:0.2665883004665375, mae:0.3163708448410034, rse:0.4172813892364502
Args in experiment:
Namespace(random_seed=2021, is_training=1, model_id='NL_ettm2_flatten_lr0.0001_always_336_336', model='PatchTST', data='ETTm2', root_path='./dataset/', data_path='ETTm2.csv', features='M', target='OT', freq='h', checkpoints='./checkpoints/', seq_len=336, label_len=48, pred_len=336, head_type='flatten', cms_lr=0.0001, update_policy='always', fc_dropout=0.2, head_dropout=0.0, patch_len=16, stride=8, padding_patch='end', revin=1, affine=0, subtract_last=0, decomposition=0, kernel_size=25, individual=1, embed_type=0, enc_in=7, dec_in=7, c_out=7, d_model=128, n_heads=16, e_layers=3, d_layers=1, d_ff=256, moving_avg=25, factor=1, distil=True, dropout=0.2, embed='timeF', activation='gelu', output_attention=False, do_predict=False, num_workers=0, itr=1, train_epochs=100, batch_size=128, patience=20, learning_rate=0.0001, des='Nested_Learning', loss='mse', lradj='TST', pct_start=0.4, use_amp=False, use_gpu=True, gpu=0, use_multi_gpu=False, devices='0,1,2,3', test_flop=False)
Use GPU: cuda:0
>>>>>>>start training : NL_ettm2_flatten_lr0.0001_always_336_336_PatchTST_ETTm2_ftM_sl336_ll48_pl336_dm128_nh16_el3_dl1_df256_fc1_ebtimeF_dtTruelr0.0001_pol_always_Nested_Learning_0>>>>>>>>>>>>>>>>>>>>>>>>>>
train 33889
val 11185
test 11185
	iters: 100, epoch: 1 | loss: 0.5384649
	speed: 0.2018s/iter; left time: 5306.3766s
	iters: 200, epoch: 1 | loss: 0.4682410
	speed: 0.0463s/iter; left time: 1214.3420s
Epoch: 1 cost time: 12.549500942230225
Epoch: 1, Steps: 264 | Train Loss: 0.4875184 Vali Loss: 0.2284130 Test Loss: 0.3063397
Validation loss decreased (inf --> 0.228413).  Saving model ...
Updating learning rate to 4.147995994617984e-06
	iters: 100, epoch: 2 | loss: 0.3905692
	speed: 0.1464s/iter; left time: 3812.8850s
	iters: 200, epoch: 2 | loss: 0.4986386
	speed: 0.0468s/iter; left time: 1213.3794s
Epoch: 2 cost time: 12.347683668136597
Epoch: 2, Steps: 264 | Train Loss: 0.4304479 Vali Loss: 0.2150054 Test Loss: 0.2915218
Validation loss decreased (0.228413 --> 0.215005).  Saving model ...
Updating learning rate to 4.591071361204269e-06
	iters: 100, epoch: 3 | loss: 0.3883719
	speed: 0.1372s/iter; left time: 3537.3224s
	iters: 200, epoch: 3 | loss: 0.4606833
	speed: 0.0470s/iter; left time: 1207.1901s
Epoch: 3 cost time: 12.419224977493286
Epoch: 3, Steps: 264 | Train Loss: 0.4112695 Vali Loss: 0.2095515 Test Loss: 0.2841460
Validation loss decreased (0.215005 --> 0.209551).  Saving model ...
Updating learning rate to 5.3264938756102174e-06
	iters: 100, epoch: 4 | loss: 0.4002854
	speed: 0.1324s/iter; left time: 3378.3383s
	iters: 200, epoch: 4 | loss: 0.4340196
	speed: 0.0471s/iter; left time: 1196.8478s
Epoch: 4 cost time: 12.434860944747925
Epoch: 4, Steps: 264 | Train Loss: 0.3982281 Vali Loss: 0.2066812 Test Loss: 0.2807099
Validation loss decreased (0.209551 --> 0.206681).  Saving model ...
Updating learning rate to 6.349728555065631e-06
	iters: 100, epoch: 5 | loss: 0.3607479
	speed: 0.1284s/iter; left time: 3241.6298s
	iters: 200, epoch: 5 | loss: 0.4177600
	speed: 0.0469s/iter; left time: 1178.9876s
Epoch: 5 cost time: 12.370118618011475
Epoch: 5, Steps: 264 | Train Loss: 0.3867589 Vali Loss: 0.2065306 Test Loss: 0.2806081
Validation loss decreased (0.206681 --> 0.206531).  Saving model ...
Updating learning rate to 7.654465623149092e-06
	iters: 100, epoch: 6 | loss: 0.2398157
	speed: 0.1550s/iter; left time: 3871.4945s
	iters: 200, epoch: 6 | loss: 0.6581997
	speed: 0.0468s/iter; left time: 1163.2058s
Epoch: 6 cost time: 12.342431783676147
Epoch: 6, Steps: 264 | Train Loss: 0.3767791 Vali Loss: 0.2070628 Test Loss: 0.2817574
EarlyStopping counter: 1 out of 20
Updating learning rate to 9.232659419022894e-06
	iters: 100, epoch: 7 | loss: 0.3292458
	speed: 0.1141s/iter; left time: 2819.6258s
	iters: 200, epoch: 7 | loss: 0.4360974
	speed: 0.0474s/iter; left time: 1166.2075s
Epoch: 7 cost time: 12.468815565109253
Epoch: 7, Steps: 264 | Train Loss: 0.3701513 Vali Loss: 0.2073940 Test Loss: 0.2820934
EarlyStopping counter: 2 out of 20
Updating learning rate to 1.1074578010998666e-05
	iters: 100, epoch: 8 | loss: 0.3119495
	speed: 0.1147s/iter; left time: 2804.7818s
	iters: 200, epoch: 8 | loss: 0.4621875
	speed: 0.0474s/iter; left time: 1155.1518s
Epoch: 8 cost time: 12.518036842346191
Epoch: 8, Steps: 264 | Train Loss: 0.3643247 Vali Loss: 0.2081527 Test Loss: 0.2814496
EarlyStopping counter: 3 out of 20
Updating learning rate to 1.3168863208492038e-05
	iters: 100, epoch: 9 | loss: 0.2883880
	speed: 0.1150s/iter; left time: 2780.8972s
	iters: 200, epoch: 9 | loss: 0.3564336
	speed: 0.0475s/iter; left time: 1145.2472s
Epoch: 9 cost time: 12.542725324630737
Epoch: 9, Steps: 264 | Train Loss: 0.3592921 Vali Loss: 0.2082007 Test Loss: 0.2817926
EarlyStopping counter: 4 out of 20
Updating learning rate to 1.5502600602302323e-05
	iters: 100, epoch: 10 | loss: 0.3077149
	speed: 0.1150s/iter; left time: 2751.4875s
	iters: 200, epoch: 10 | loss: 0.4098953
	speed: 0.0476s/iter; left time: 1134.3056s
Epoch: 10 cost time: 12.541332721710205
Epoch: 10, Steps: 264 | Train Loss: 0.3537286 Vali Loss: 0.2073790 Test Loss: 0.2775701
EarlyStopping counter: 5 out of 20
Updating learning rate to 1.8061399201313948e-05
	iters: 100, epoch: 11 | loss: 0.4835628
	speed: 0.1150s/iter; left time: 2720.2323s
	iters: 200, epoch: 11 | loss: 0.3273055
	speed: 0.0476s/iter; left time: 1122.5957s
Epoch: 11 cost time: 12.542737007141113
Epoch: 11, Steps: 264 | Train Loss: 0.3453995 Vali Loss: 0.2103754 Test Loss: 0.2760235
EarlyStopping counter: 6 out of 20
Updating learning rate to 2.08294801745399e-05
	iters: 100, epoch: 12 | loss: 0.3119836
	speed: 0.1149s/iter; left time: 2687.6155s
	iters: 200, epoch: 12 | loss: 0.3737940
	speed: 0.0477s/iter; left time: 1110.2383s
Epoch: 12 cost time: 12.557872533798218
Epoch: 12, Steps: 264 | Train Loss: 0.3326872 Vali Loss: 0.2130657 Test Loss: 0.2740188
EarlyStopping counter: 7 out of 20
Updating learning rate to 2.378977415127951e-05
	iters: 100, epoch: 13 | loss: 0.2742237
	speed: 0.1152s/iter; left time: 2663.9441s
	iters: 200, epoch: 13 | loss: 0.2937689
	speed: 0.0476s/iter; left time: 1097.1592s
Epoch: 13 cost time: 12.557927370071411
Epoch: 13, Steps: 264 | Train Loss: 0.3220521 Vali Loss: 0.2143471 Test Loss: 0.2736408
EarlyStopping counter: 8 out of 20
Updating learning rate to 2.6924026479389104e-05
	iters: 100, epoch: 14 | loss: 0.2968066
	speed: 0.1150s/iter; left time: 2629.3732s
	iters: 200, epoch: 14 | loss: 0.3128861
	speed: 0.0476s/iter; left time: 1083.7238s
Epoch: 14 cost time: 12.552362203598022
Epoch: 14, Steps: 264 | Train Loss: 0.3097153 Vali Loss: 0.2121989 Test Loss: 0.2767022
EarlyStopping counter: 9 out of 20
Updating learning rate to 3.0212909792590238e-05
	iters: 100, epoch: 15 | loss: 0.2885953
	speed: 0.1147s/iter; left time: 2593.6635s
	iters: 200, epoch: 15 | loss: 0.3122411
	speed: 0.0477s/iter; left time: 1073.2636s
Epoch: 15 cost time: 12.56395673751831
Epoch: 15, Steps: 264 | Train Loss: 0.2984686 Vali Loss: 0.2122291 Test Loss: 0.2805975
EarlyStopping counter: 10 out of 20
Updating learning rate to 3.363614319266957e-05
	iters: 100, epoch: 16 | loss: 0.2746899
	speed: 0.1148s/iter; left time: 2564.5085s
	iters: 200, epoch: 16 | loss: 0.3347191
	speed: 0.0477s/iter; left time: 1061.4632s
Epoch: 16 cost time: 12.573066234588623
Epoch: 16, Steps: 264 | Train Loss: 0.2890673 Vali Loss: 0.2150751 Test Loss: 0.2819078
EarlyStopping counter: 11 out of 20
Updating learning rate to 3.7172617311633196e-05
	iters: 100, epoch: 17 | loss: 0.2761645
	speed: 0.1154s/iter; left time: 2548.1368s
	iters: 200, epoch: 17 | loss: 0.2369534
	speed: 0.0478s/iter; left time: 1051.1517s
Epoch: 17 cost time: 12.605814456939697
Epoch: 17, Steps: 264 | Train Loss: 0.2822536 Vali Loss: 0.2163820 Test Loss: 0.2852843
EarlyStopping counter: 12 out of 20
Updating learning rate to 4.0800524482619576e-05
	iters: 100, epoch: 18 | loss: 0.2702453
	speed: 0.1155s/iter; left time: 2518.8832s
	iters: 200, epoch: 18 | loss: 0.3039451
	speed: 0.0477s/iter; left time: 1035.2429s
Epoch: 18 cost time: 12.58493447303772
Epoch: 18, Steps: 264 | Train Loss: 0.2757252 Vali Loss: 0.2136468 Test Loss: 0.2826067
EarlyStopping counter: 13 out of 20
Updating learning rate to 4.449749321687241e-05
	iters: 100, epoch: 19 | loss: 0.2840863
	speed: 0.1157s/iter; left time: 2492.4316s
	iters: 200, epoch: 19 | loss: 0.3031596
	speed: 0.0477s/iter; left time: 1022.1523s
Epoch: 19 cost time: 12.56362009048462
Epoch: 19, Steps: 264 | Train Loss: 0.2705610 Vali Loss: 0.2143572 Test Loss: 0.2895962
EarlyStopping counter: 14 out of 20
Updating learning rate to 4.824072615752094e-05
	iters: 100, epoch: 20 | loss: 0.2775017
	speed: 0.1151s/iter; left time: 2450.7622s
	iters: 200, epoch: 20 | loss: 0.2260347
	speed: 0.0477s/iter; left time: 1010.4283s
Epoch: 20 cost time: 12.568881750106812
Epoch: 20, Steps: 264 | Train Loss: 0.2654081 Vali Loss: 0.2176822 Test Loss: 0.2855688
EarlyStopping counter: 15 out of 20
Updating learning rate to 5.200714065947608e-05
	iters: 100, epoch: 21 | loss: 0.2228078
	speed: 0.1154s/iter; left time: 2425.3034s
	iters: 200, epoch: 21 | loss: 0.2744828
	speed: 0.0477s/iter; left time: 997.2686s
Epoch: 21 cost time: 12.588021516799927
Epoch: 21, Steps: 264 | Train Loss: 0.2611833 Vali Loss: 0.2169781 Test Loss: 0.2893354
EarlyStopping counter: 16 out of 20
Updating learning rate to 5.577351112855618e-05
	iters: 100, epoch: 22 | loss: 0.2738163
	speed: 0.1157s/iter; left time: 2401.4339s
	iters: 200, epoch: 22 | loss: 0.2212438
	speed: 0.0477s/iter; left time: 985.3084s
Epoch: 22 cost time: 12.577345371246338
Epoch: 22, Steps: 264 | Train Loss: 0.2565563 Vali Loss: 0.2187783 Test Loss: 0.2890462
EarlyStopping counter: 17 out of 20
Updating learning rate to 5.951661224210828e-05
	iters: 100, epoch: 23 | loss: 0.2506326
	speed: 0.1153s/iter; left time: 2363.4998s
	iters: 200, epoch: 23 | loss: 0.2532096
	speed: 0.0477s/iter; left time: 973.3039s
Epoch: 23 cost time: 12.59070372581482
Epoch: 23, Steps: 264 | Train Loss: 0.2524672 Vali Loss: 0.2209372 Test Loss: 0.2939332
EarlyStopping counter: 18 out of 20
Updating learning rate to 6.321336216795497e-05
	iters: 100, epoch: 24 | loss: 0.3000260
	speed: 0.1152s/iter; left time: 2329.4954s
	iters: 200, epoch: 24 | loss: 0.2347311
	speed: 0.0478s/iter; left time: 961.3553s
Epoch: 24 cost time: 12.586921215057373
Epoch: 24, Steps: 264 | Train Loss: 0.2478529 Vali Loss: 0.2206707 Test Loss: 0.2925283
EarlyStopping counter: 19 out of 20
Updating learning rate to 6.684096489850761e-05
	iters: 100, epoch: 25 | loss: 0.1950262
	speed: 0.1151s/iter; left time: 2297.3623s
	iters: 200, epoch: 25 | loss: 0.2344354
	speed: 0.0478s/iter; left time: 950.1808s
Epoch: 25 cost time: 12.579860925674438
Epoch: 25, Steps: 264 | Train Loss: 0.2437515 Vali Loss: 0.2249573 Test Loss: 0.2945471
EarlyStopping counter: 20 out of 20
Early stopping
>>>>>>>testing : NL_ettm2_flatten_lr0.0001_always_336_336_PatchTST_ETTm2_ftM_sl336_ll48_pl336_dm128_nh16_el3_dl1_df256_fc1_ebtimeF_dtTruelr0.0001_pol_always_Nested_Learning_0<<<<<<<<<<<<<<<<<<<<<<<<<<<<<<<<<
test 11185
 Ejecutando Inferencia DINÁMICA (Nested Learning con flatten)
  -> Política: always | LR: 0.0001 | Target: head

RESUMEN: El CMS se actualizó 87 veces de 87 posibles.

mse:0.3312835395336151, mae:0.3532698154449463, rse:0.46436989307403564
Args in experiment:
Namespace(random_seed=2021, is_training=1, model_id='NL_ettm2_flatten_lr0.0001_always_336_720', model='PatchTST', data='ETTm2', root_path='./dataset/', data_path='ETTm2.csv', features='M', target='OT', freq='h', checkpoints='./checkpoints/', seq_len=336, label_len=48, pred_len=720, head_type='flatten', cms_lr=0.0001, update_policy='always', fc_dropout=0.2, head_dropout=0.0, patch_len=16, stride=8, padding_patch='end', revin=1, affine=0, subtract_last=0, decomposition=0, kernel_size=25, individual=1, embed_type=0, enc_in=7, dec_in=7, c_out=7, d_model=128, n_heads=16, e_layers=3, d_layers=1, d_ff=256, moving_avg=25, factor=1, distil=True, dropout=0.2, embed='timeF', activation='gelu', output_attention=False, do_predict=False, num_workers=0, itr=1, train_epochs=100, batch_size=128, patience=20, learning_rate=0.0001, des='Nested_Learning', loss='mse', lradj='TST', pct_start=0.4, use_amp=False, use_gpu=True, gpu=0, use_multi_gpu=False, devices='0,1,2,3', test_flop=False)
Use GPU: cuda:0
>>>>>>>start training : NL_ettm2_flatten_lr0.0001_always_336_720_PatchTST_ETTm2_ftM_sl336_ll48_pl720_dm128_nh16_el3_dl1_df256_fc1_ebtimeF_dtTruelr0.0001_pol_always_Nested_Learning_0>>>>>>>>>>>>>>>>>>>>>>>>>>
train 33505
val 10801
test 10801
	iters: 100, epoch: 1 | loss: 0.6313586
	speed: 0.2830s/iter; left time: 7357.0532s
	iters: 200, epoch: 1 | loss: 0.6046363
	speed: 0.0499s/iter; left time: 1292.2506s
Epoch: 1 cost time: 13.402028799057007
Epoch: 1, Steps: 261 | Train Loss: 0.6021340 Vali Loss: 0.2947540 Test Loss: 0.3976582
Validation loss decreased (inf --> 0.294754).  Saving model ...
Updating learning rate to 4.147996316662011e-06
	iters: 100, epoch: 2 | loss: 0.3998090
	speed: 0.1722s/iter; left time: 4432.8228s
	iters: 200, epoch: 2 | loss: 0.4584521
	speed: 0.0504s/iter; left time: 1291.8810s
Epoch: 2 cost time: 13.136879205703735
Epoch: 2, Steps: 261 | Train Loss: 0.5528181 Vali Loss: 0.2831733 Test Loss: 0.3843735
Validation loss decreased (0.294754 --> 0.283173).  Saving model ...
Updating learning rate to 4.591072645408634e-06
	iters: 100, epoch: 3 | loss: 0.7003571
	speed: 0.1834s/iter; left time: 4671.6223s
	iters: 200, epoch: 3 | loss: 0.5424742
	speed: 0.0504s/iter; left time: 1280.3596s
Epoch: 3 cost time: 13.170317888259888
Epoch: 3, Steps: 261 | Train Loss: 0.5354125 Vali Loss: 0.2784379 Test Loss: 0.3772711
Validation loss decreased (0.283173 --> 0.278438).  Saving model ...
Updating learning rate to 5.326496750212602e-06
	iters: 100, epoch: 4 | loss: 0.6111865
	speed: 0.2333s/iter; left time: 5882.7587s
	iters: 200, epoch: 4 | loss: 0.4819526
	speed: 0.0505s/iter; left time: 1268.1648s
Epoch: 4 cost time: 13.162845849990845
Epoch: 4, Steps: 261 | Train Loss: 0.5213568 Vali Loss: 0.2753598 Test Loss: 0.3723997
Validation loss decreased (0.278438 --> 0.275360).  Saving model ...
Updating learning rate to 6.349733628628268e-06
	iters: 100, epoch: 5 | loss: 0.5275403
	speed: 0.1679s/iter; left time: 4189.2994s
	iters: 200, epoch: 5 | loss: 0.4339383
	speed: 0.0506s/iter; left time: 1257.2868s
Epoch: 5 cost time: 13.171829223632812
Epoch: 5, Steps: 261 | Train Loss: 0.5067655 Vali Loss: 0.2746864 Test Loss: 0.3697670
Validation loss decreased (0.275360 --> 0.274686).  Saving model ...
Updating learning rate to 7.654473476944045e-06
	iters: 100, epoch: 6 | loss: 0.4881489
	speed: 0.1869s/iter; left time: 4615.8708s
	iters: 200, epoch: 6 | loss: 0.4282011
	speed: 0.0505s/iter; left time: 1240.8996s
Epoch: 6 cost time: 13.16975736618042
Epoch: 6, Steps: 261 | Train Loss: 0.4951588 Vali Loss: 0.2729586 Test Loss: 0.3705724
Validation loss decreased (0.274686 --> 0.272959).  Saving model ...
Updating learning rate to 9.232670599670218e-06
	iters: 100, epoch: 7 | loss: 0.5274226
	speed: 0.1518s/iter; left time: 3708.1233s
	iters: 200, epoch: 7 | loss: 0.4431919
	speed: 0.0506s/iter; left time: 1232.5450s
Epoch: 7 cost time: 13.232746362686157
Epoch: 7, Steps: 261 | Train Loss: 0.4881962 Vali Loss: 0.2717869 Test Loss: 0.3700091
Validation loss decreased (0.272959 --> 0.271787).  Saving model ...
Updating learning rate to 1.1074593023426382e-05
	iters: 100, epoch: 8 | loss: 0.5031507
	speed: 0.1567s/iter; left time: 3788.5452s
	iters: 200, epoch: 8 | loss: 0.5296237
	speed: 0.0506s/iter; left time: 1218.6003s
Epoch: 8 cost time: 13.21764326095581
Epoch: 8, Steps: 261 | Train Loss: 0.4824926 Vali Loss: 0.2686426 Test Loss: 0.3701404
Validation loss decreased (0.271787 --> 0.268643).  Saving model ...
Updating learning rate to 1.3168882509283648e-05
	iters: 100, epoch: 9 | loss: 0.4947823
	speed: 0.1672s/iter; left time: 3997.5994s
	iters: 200, epoch: 9 | loss: 0.3437881
	speed: 0.0506s/iter; left time: 1204.3267s
Epoch: 9 cost time: 13.196918249130249
Epoch: 9, Steps: 261 | Train Loss: 0.4764558 Vali Loss: 0.2665836 Test Loss: 0.3683214
Validation loss decreased (0.268643 --> 0.266584).  Saving model ...
Updating learning rate to 1.5502624593494887e-05
	iters: 100, epoch: 10 | loss: 0.4123403
	speed: 0.1450s/iter; left time: 3428.9809s
	iters: 200, epoch: 10 | loss: 0.4079381
	speed: 0.0507s/iter; left time: 1193.5697s
Epoch: 10 cost time: 13.249105215072632
Epoch: 10, Steps: 261 | Train Loss: 0.4693185 Vali Loss: 0.2654928 Test Loss: 0.3664112
Validation loss decreased (0.266584 --> 0.265493).  Saving model ...
Updating learning rate to 1.806142822470586e-05
	iters: 100, epoch: 11 | loss: 0.4261484
	speed: 0.1707s/iter; left time: 3991.9291s
	iters: 200, epoch: 11 | loss: 0.3649490
	speed: 0.0507s/iter; left time: 1180.6183s
Epoch: 11 cost time: 13.229212284088135
Epoch: 11, Steps: 261 | Train Loss: 0.4600915 Vali Loss: 0.2655009 Test Loss: 0.3650437
EarlyStopping counter: 1 out of 20
Updating learning rate to 2.0829514506563195e-05
	iters: 100, epoch: 12 | loss: 0.4298177
	speed: 0.1238s/iter; left time: 2862.3983s
	iters: 200, epoch: 12 | loss: 0.4147335
	speed: 0.0510s/iter; left time: 1173.6778s
Epoch: 12 cost time: 13.302061796188354
Epoch: 12, Steps: 261 | Train Loss: 0.4506403 Vali Loss: 0.2663387 Test Loss: 0.3658851
EarlyStopping counter: 2 out of 20
Updating learning rate to 2.3789813998487008e-05
	iters: 100, epoch: 13 | loss: 0.4340869
	speed: 0.1234s/iter; left time: 2822.4707s
	iters: 200, epoch: 13 | loss: 0.5051300
	speed: 0.0510s/iter; left time: 1161.9656s
Epoch: 13 cost time: 13.313033819198608
Epoch: 13, Steps: 261 | Train Loss: 0.4396580 Vali Loss: 0.2675063 Test Loss: 0.3645190
EarlyStopping counter: 3 out of 20
Updating learning rate to 2.6924071974601397e-05
	iters: 100, epoch: 14 | loss: 0.4773875
	speed: 0.1237s/iter; left time: 2796.5155s
	iters: 200, epoch: 14 | loss: 0.3425281
	speed: 0.0511s/iter; left time: 1150.1073s
Epoch: 14 cost time: 13.327510118484497
Epoch: 14, Steps: 261 | Train Loss: 0.4290260 Vali Loss: 0.2710689 Test Loss: 0.3687888
EarlyStopping counter: 4 out of 20
Updating learning rate to 3.0212960991742456e-05
	iters: 100, epoch: 15 | loss: 0.6397734
	speed: 0.1238s/iter; left time: 2767.3427s
	iters: 200, epoch: 15 | loss: 0.5374041
	speed: 0.0511s/iter; left time: 1137.1843s
Epoch: 15 cost time: 13.325011253356934
Epoch: 15, Steps: 261 | Train Loss: 0.4169113 Vali Loss: 0.2751242 Test Loss: 0.3742066
EarlyStopping counter: 5 out of 20
Updating learning rate to 3.363620007239161e-05
	iters: 100, epoch: 16 | loss: 0.3899235
	speed: 0.1240s/iter; left time: 2737.7474s
	iters: 200, epoch: 16 | loss: 0.4309717
	speed: 0.0511s/iter; left time: 1123.2721s
Epoch: 16 cost time: 13.3149254322052
Epoch: 16, Steps: 261 | Train Loss: 0.4076512 Vali Loss: 0.2783646 Test Loss: 0.3734244
EarlyStopping counter: 6 out of 20
Updating learning rate to 3.717267976759092e-05
	iters: 100, epoch: 17 | loss: 0.3815693
	speed: 0.1241s/iter; left time: 2708.3842s
	iters: 200, epoch: 17 | loss: 0.4011975
	speed: 0.0511s/iter; left time: 1109.6748s
Epoch: 17 cost time: 13.314636468887329
Epoch: 17, Steps: 261 | Train Loss: 0.3979670 Vali Loss: 0.2850255 Test Loss: 0.3760138
EarlyStopping counter: 7 out of 20
Updating learning rate to 4.0800592328638756e-05
	iters: 100, epoch: 18 | loss: 0.3699423
	speed: 0.1237s/iter; left time: 2666.5320s
	iters: 200, epoch: 18 | loss: 0.3415655
	speed: 0.0511s/iter; left time: 1096.7924s
Epoch: 18 cost time: 13.328632354736328
Epoch: 18, Steps: 261 | Train Loss: 0.3888396 Vali Loss: 0.2878844 Test Loss: 0.3823802
EarlyStopping counter: 8 out of 20
Updating learning rate to 4.449756618485984e-05
	iters: 100, epoch: 19 | loss: 0.4628376
	speed: 0.1234s/iter; left time: 2629.6255s
	iters: 200, epoch: 19 | loss: 0.4897290
	speed: 0.0511s/iter; left time: 1083.2552s
Epoch: 19 cost time: 13.339539051055908
Epoch: 19, Steps: 261 | Train Loss: 0.3811571 Vali Loss: 0.2920429 Test Loss: 0.3830489
EarlyStopping counter: 9 out of 20
Updating learning rate to 4.824080389819096e-05
	iters: 100, epoch: 20 | loss: 0.4318007
	speed: 0.1234s/iter; left time: 2595.8379s
	iters: 200, epoch: 20 | loss: 0.4919474
	speed: 0.0511s/iter; left time: 1071.1108s
Epoch: 20 cost time: 13.352066993713379
Epoch: 20, Steps: 261 | Train Loss: 0.3715860 Vali Loss: 0.2954273 Test Loss: 0.3864241
EarlyStopping counter: 10 out of 20
Updating learning rate to 5.2007222743883666e-05
	iters: 100, epoch: 21 | loss: 0.4701513
	speed: 0.1235s/iter; left time: 2565.9202s
	iters: 200, epoch: 21 | loss: 0.4479182
	speed: 0.0511s/iter; left time: 1057.3058s
Epoch: 21 cost time: 13.346751689910889
Epoch: 21, Steps: 261 | Train Loss: 0.3644391 Vali Loss: 0.2965670 Test Loss: 0.3941388
EarlyStopping counter: 11 out of 20
Updating learning rate to 5.577359705043091e-05
	iters: 100, epoch: 22 | loss: 0.4305524
	speed: 0.1236s/iter; left time: 2536.2022s
	iters: 200, epoch: 22 | loss: 0.3345791
	speed: 0.0512s/iter; left time: 1045.2042s
Epoch: 22 cost time: 13.345901727676392
Epoch: 22, Steps: 261 | Train Loss: 0.3563223 Vali Loss: 0.2970609 Test Loss: 0.3953409
EarlyStopping counter: 12 out of 20
Updating learning rate to 5.951670142097692e-05
	iters: 100, epoch: 23 | loss: 0.2995891
	speed: 0.1232s/iter; left time: 2496.7712s
	iters: 200, epoch: 23 | loss: 0.4129278
	speed: 0.0512s/iter; left time: 1032.2713s
Epoch: 23 cost time: 13.34153938293457
Epoch: 23, Steps: 261 | Train Loss: 0.3504790 Vali Loss: 0.2988952 Test Loss: 0.4042220
EarlyStopping counter: 13 out of 20
Updating learning rate to 6.321345395303321e-05
	iters: 100, epoch: 24 | loss: 0.3333886
	speed: 0.1241s/iter; left time: 2482.4633s
	iters: 200, epoch: 24 | loss: 0.3056316
	speed: 0.1144s/iter; left time: 2276.6225s
Epoch: 24 cost time: 20.061291217803955
Epoch: 24, Steps: 261 | Train Loss: 0.3439977 Vali Loss: 0.3011530 Test Loss: 0.3964438
EarlyStopping counter: 14 out of 20
Updating learning rate to 6.6841058573335e-05
	iters: 100, epoch: 25 | loss: 0.3668894
	speed: 0.1319s/iter; left time: 2603.2497s
	iters: 200, epoch: 25 | loss: 0.3885646
	speed: 0.0507s/iter; left time: 995.7944s
Epoch: 25 cost time: 13.22565245628357
Epoch: 25, Steps: 261 | Train Loss: 0.3374576 Vali Loss: 0.3014663 Test Loss: 0.4089095
EarlyStopping counter: 15 out of 20
Updating learning rate to 7.037714561012768e-05
	iters: 100, epoch: 26 | loss: 0.3014186
	speed: 0.1223s/iter; left time: 2381.3252s
	iters: 200, epoch: 26 | loss: 0.3199234
	speed: 0.0510s/iter; left time: 987.5032s
Epoch: 26 cost time: 13.28041410446167
Epoch: 26, Steps: 261 | Train Loss: 0.3318237 Vali Loss: 0.3080984 Test Loss: 0.4135740
EarlyStopping counter: 16 out of 20
Updating learning rate to 7.379990973604285e-05
	iters: 100, epoch: 27 | loss: 0.2489337
	speed: 0.1227s/iter; left time: 2357.6317s
	iters: 200, epoch: 27 | loss: 0.3047999
	speed: 0.0510s/iter; left time: 975.5109s
Epoch: 27 cost time: 13.298976421356201
Epoch: 27, Steps: 261 | Train Loss: 0.3257143 Vali Loss: 0.3036970 Test Loss: 0.4128655
EarlyStopping counter: 17 out of 20
Updating learning rate to 7.708824443093723e-05
	iters: 100, epoch: 28 | loss: 0.3272429
	speed: 0.1226s/iter; left time: 2323.0012s
	iters: 200, epoch: 28 | loss: 0.2999077
	speed: 0.0511s/iter; left time: 963.8074s
Epoch: 28 cost time: 13.317606210708618
Epoch: 28, Steps: 261 | Train Loss: 0.3208624 Vali Loss: 0.3095923 Test Loss: 0.4225758
EarlyStopping counter: 18 out of 20
Updating learning rate to 8.022187213552767e-05
	iters: 100, epoch: 29 | loss: 0.3378458
	speed: 0.1229s/iter; left time: 2296.7227s
	iters: 200, epoch: 29 | loss: 0.3468653
	speed: 0.0511s/iter; left time: 950.3566s
Epoch: 29 cost time: 13.321156978607178
Epoch: 29, Steps: 261 | Train Loss: 0.3159462 Vali Loss: 0.3111291 Test Loss: 0.4208716
EarlyStopping counter: 19 out of 20
Updating learning rate to 8.318146929322795e-05
	iters: 100, epoch: 30 | loss: 0.2902953
	speed: 0.1228s/iter; left time: 2263.0997s
	iters: 200, epoch: 30 | loss: 0.2852315
	speed: 0.0511s/iter; left time: 936.3685s
Epoch: 30 cost time: 13.304075241088867
Epoch: 30, Steps: 261 | Train Loss: 0.3121010 Vali Loss: 0.3115624 Test Loss: 0.4218178
EarlyStopping counter: 20 out of 20
Early stopping
>>>>>>>testing : NL_ettm2_flatten_lr0.0001_always_336_720_PatchTST_ETTm2_ftM_sl336_ll48_pl720_dm128_nh16_el3_dl1_df256_fc1_ebtimeF_dtTruelr0.0001_pol_always_Nested_Learning_0<<<<<<<<<<<<<<<<<<<<<<<<<<<<<<<<<
test 10801
 Ejecutando Inferencia DINÁMICA (Nested Learning con flatten)
  -> Política: always | LR: 0.0001 | Target: head

RESUMEN: El CMS se actualizó 84 veces de 84 posibles.

mse:0.4220550060272217, mae:0.4034472703933716, rse:0.5215959548950195
