==========================================================
SÚPER ARRAY TFG - TAREA ID: 52 / 113
Nodo: dionisio
Dataset: ettm1 | Experimento: NL_ettm1_cms3_lr0.00005_5steps
Cabeza: cms3 | LR: 0.00005 | Política: 5steps
==========================================================
Args in experiment:
Namespace(random_seed=2021, is_training=1, model_id='NL_ettm1_cms3_lr0.00005_5steps_336_96', model='PatchTST', data='ETTm1', root_path='./dataset/', data_path='ETTm1.csv', features='M', target='OT', freq='h', checkpoints='./checkpoints/', seq_len=336, label_len=48, pred_len=96, head_type='cms3', cms_lr=5e-05, update_policy='5steps', fc_dropout=0.2, head_dropout=0.0, patch_len=16, stride=8, padding_patch='end', revin=1, affine=0, subtract_last=0, decomposition=0, kernel_size=25, individual=0, embed_type=0, enc_in=7, dec_in=7, c_out=7, d_model=128, n_heads=16, e_layers=3, d_layers=1, d_ff=256, moving_avg=25, factor=1, distil=True, dropout=0.2, embed='timeF', activation='gelu', output_attention=False, do_predict=False, num_workers=0, itr=1, train_epochs=100, batch_size=128, patience=20, learning_rate=0.0001, des='Nested_Learning', loss='mse', lradj='TST', pct_start=0.4, use_amp=False, use_gpu=True, gpu=0, use_multi_gpu=False, devices='0,1,2,3', test_flop=False)
Use GPU: cuda:0
>>>>>>>start training : NL_ettm1_cms3_lr0.00005_5steps_336_96_PatchTST_ETTm1_ftM_sl336_ll48_pl96_dm128_nh16_el3_dl1_df256_fc1_ebtimeF_dtTruelr5e-05_pol5steps_Nested_Learning_0>>>>>>>>>>>>>>>>>>>>>>>>>>
train 34129
val 11425
test 11425
	iters: 100, epoch: 1 | loss: 0.4796717
	speed: 0.1431s/iter; left time: 3792.1447s
	iters: 200, epoch: 1 | loss: 0.3594051
	speed: 0.0418s/iter; left time: 1102.5551s
Epoch: 1 cost time: 13.166288614273071
Epoch: 1, Steps: 266 | Train Loss: 0.4401946 Vali Loss: 0.4715150 Test Loss: 0.3726744
Validation loss decreased (inf --> 0.471515).  Saving model ...
Updating learning rate to 4.147995783958166e-06
	iters: 100, epoch: 2 | loss: 0.3392146
	speed: 0.1089s/iter; left time: 2857.3763s
	iters: 200, epoch: 2 | loss: 0.3267416
	speed: 0.0418s/iter; left time: 1092.9842s
Epoch: 2 cost time: 11.13988971710205
Epoch: 2, Steps: 266 | Train Loss: 0.3424630 Vali Loss: 0.4219761 Test Loss: 0.3334742
Validation loss decreased (0.471515 --> 0.421976).  Saving model ...
Updating learning rate to 4.591070521163098e-06
	iters: 100, epoch: 3 | loss: 0.2931240
	speed: 0.1075s/iter; left time: 2791.8713s
	iters: 200, epoch: 3 | loss: 0.3031800
	speed: 0.0420s/iter; left time: 1086.6661s
Epoch: 3 cost time: 11.167171716690063
Epoch: 3, Steps: 266 | Train Loss: 0.3137748 Vali Loss: 0.4016664 Test Loss: 0.3192052
Validation loss decreased (0.421976 --> 0.401666).  Saving model ...
Updating learning rate to 5.326491995236255e-06
	iters: 100, epoch: 4 | loss: 0.3103077
	speed: 0.1087s/iter; left time: 2792.7467s
	iters: 200, epoch: 4 | loss: 0.2960282
	speed: 0.0420s/iter; left time: 1075.5367s
Epoch: 4 cost time: 11.171448945999146
Epoch: 4, Steps: 266 | Train Loss: 0.2970109 Vali Loss: 0.3929327 Test Loss: 0.3098838
Validation loss decreased (0.401666 --> 0.392933).  Saving model ...
Updating learning rate to 6.349725236277868e-06
	iters: 100, epoch: 5 | loss: 0.3063047
	speed: 0.1065s/iter; left time: 2709.9158s
	iters: 200, epoch: 5 | loss: 0.2782305
	speed: 0.0419s/iter; left time: 1061.7037s
Epoch: 5 cost time: 11.141397714614868
Epoch: 5, Steps: 266 | Train Loss: 0.2865722 Vali Loss: 0.3876454 Test Loss: 0.3045627
Validation loss decreased (0.392933 --> 0.387645).  Saving model ...
Updating learning rate to 7.654460485717921e-06
	iters: 100, epoch: 6 | loss: 0.2903101
	speed: 0.1060s/iter; left time: 2667.1282s
	iters: 200, epoch: 6 | loss: 0.2812746
	speed: 0.0419s/iter; left time: 1051.5705s
Epoch: 6 cost time: 11.153077840805054
Epoch: 6, Steps: 266 | Train Loss: 0.2789304 Vali Loss: 0.3822890 Test Loss: 0.3021632
Validation loss decreased (0.387645 --> 0.382289).  Saving model ...
Updating learning rate to 9.232652105385623e-06
	iters: 100, epoch: 7 | loss: 0.2639793
	speed: 0.1079s/iter; left time: 2688.4058s
	iters: 200, epoch: 7 | loss: 0.2653437
	speed: 0.0419s/iter; left time: 1040.1003s
Epoch: 7 cost time: 11.157320499420166
Epoch: 7, Steps: 266 | Train Loss: 0.2723662 Vali Loss: 0.3781089 Test Loss: 0.2982059
Validation loss decreased (0.382289 --> 0.378109).  Saving model ...
Updating learning rate to 1.1074568190864783e-05
	iters: 100, epoch: 8 | loss: 0.2609544
	speed: 0.1052s/iter; left time: 2592.3613s
	iters: 200, epoch: 8 | loss: 0.2661174
	speed: 0.0419s/iter; left time: 1029.2963s
Epoch: 8 cost time: 11.164929389953613
Epoch: 8, Steps: 266 | Train Loss: 0.2656991 Vali Loss: 0.3760700 Test Loss: 0.2943895
Validation loss decreased (0.378109 --> 0.376070).  Saving model ...
Updating learning rate to 1.316885058319476e-05
	iters: 100, epoch: 9 | loss: 0.2851028
	speed: 0.1052s/iter; left time: 2564.4551s
	iters: 200, epoch: 9 | loss: 0.2644639
	speed: 0.0420s/iter; left time: 1018.8654s
Epoch: 9 cost time: 11.173550128936768
Epoch: 9, Steps: 266 | Train Loss: 0.2595595 Vali Loss: 0.3729402 Test Loss: 0.2934076
Validation loss decreased (0.376070 --> 0.372940).  Saving model ...
Updating learning rate to 1.5502584908855415e-05
	iters: 100, epoch: 10 | loss: 0.2701433
	speed: 0.1045s/iter; left time: 2518.4912s
	iters: 200, epoch: 10 | loss: 0.2545325
	speed: 0.0421s/iter; left time: 1009.5929s
Epoch: 10 cost time: 11.176468849182129
Epoch: 10, Steps: 266 | Train Loss: 0.2543045 Vali Loss: 0.3701697 Test Loss: 0.2933251
Validation loss decreased (0.372940 --> 0.370170).  Saving model ...
Updating learning rate to 1.806138021613527e-05
	iters: 100, epoch: 11 | loss: 0.2976583
	speed: 0.1057s/iter; left time: 2520.7476s
	iters: 200, epoch: 11 | loss: 0.2503153
	speed: 0.0421s/iter; left time: 999.1055s
Epoch: 11 cost time: 11.17621397972107
Epoch: 11, Steps: 266 | Train Loss: 0.2495344 Vali Loss: 0.3722818 Test Loss: 0.2903517
EarlyStopping counter: 1 out of 20
Updating learning rate to 2.0829457716805565e-05
	iters: 100, epoch: 12 | loss: 0.2792970
	speed: 0.1037s/iter; left time: 2444.4903s
	iters: 200, epoch: 12 | loss: 0.2592321
	speed: 0.0421s/iter; left time: 989.0570s
Epoch: 12 cost time: 11.178011178970337
Epoch: 12, Steps: 266 | Train Loss: 0.2451276 Vali Loss: 0.3661344 Test Loss: 0.2883174
Validation loss decreased (0.370170 --> 0.366134).  Saving model ...
Updating learning rate to 2.3789748085875986e-05
	iters: 100, epoch: 13 | loss: 0.2441714
	speed: 0.1051s/iter; left time: 2450.9279s
	iters: 200, epoch: 13 | loss: 0.2432143
	speed: 0.0421s/iter; left time: 977.4970s
Epoch: 13 cost time: 11.18097448348999
Epoch: 13, Steps: 266 | Train Loss: 0.2412490 Vali Loss: 0.3655726 Test Loss: 0.2891479
Validation loss decreased (0.366134 --> 0.365573).  Saving model ...
Updating learning rate to 2.6923996719433387e-05
	iters: 100, epoch: 14 | loss: 0.2541046
	speed: 0.1052s/iter; left time: 2425.0970s
	iters: 200, epoch: 14 | loss: 0.2345934
	speed: 0.0421s/iter; left time: 964.8252s
Epoch: 14 cost time: 11.183593273162842
Epoch: 14, Steps: 266 | Train Loss: 0.2374851 Vali Loss: 0.3641361 Test Loss: 0.2887103
Validation loss decreased (0.365573 --> 0.364136).  Saving model ...
Updating learning rate to 3.021287630149266e-05
	iters: 100, epoch: 15 | loss: 0.2426916
	speed: 0.1058s/iter; left time: 2409.3360s
	iters: 200, epoch: 15 | loss: 0.2342125
	speed: 0.0420s/iter; left time: 951.4249s
Epoch: 15 cost time: 13.46070384979248
Epoch: 15, Steps: 266 | Train Loss: 0.2339356 Vali Loss: 0.3720646 Test Loss: 0.2898046
EarlyStopping counter: 1 out of 20
Updating learning rate to 3.363610598571669e-05
	iters: 100, epoch: 16 | loss: 0.2122989
	speed: 0.1268s/iter; left time: 2854.3179s
	iters: 200, epoch: 16 | loss: 0.2061374
	speed: 0.0420s/iter; left time: 940.8896s
Epoch: 16 cost time: 11.16809606552124
Epoch: 16, Steps: 266 | Train Loss: 0.2302232 Vali Loss: 0.3642918 Test Loss: 0.2926693
EarlyStopping counter: 2 out of 20
Updating learning rate to 3.717257645707274e-05
	iters: 100, epoch: 17 | loss: 0.2139065
	speed: 0.1037s/iter; left time: 2307.0595s
	iters: 200, epoch: 17 | loss: 0.2317450
	speed: 0.0421s/iter; left time: 932.7160s
Epoch: 17 cost time: 11.189773797988892
Epoch: 17, Steps: 266 | Train Loss: 0.2264077 Vali Loss: 0.3688520 Test Loss: 0.2902142
EarlyStopping counter: 3 out of 20
Updating learning rate to 4.08004801022336e-05
	iters: 100, epoch: 18 | loss: 0.2222462
	speed: 0.1038s/iter; left time: 2280.3650s
	iters: 200, epoch: 18 | loss: 0.2425101
	speed: 0.0421s/iter; left time: 921.3738s
Epoch: 18 cost time: 11.188780784606934
Epoch: 18, Steps: 266 | Train Loss: 0.2227771 Vali Loss: 0.3680048 Test Loss: 0.2923270
EarlyStopping counter: 4 out of 20
Updating learning rate to 4.4497445486028815e-05
	iters: 100, epoch: 19 | loss: 0.2054471
	speed: 0.1037s/iter; left time: 2252.5425s
	iters: 200, epoch: 19 | loss: 0.2222247
	speed: 0.0421s/iter; left time: 909.9024s
Epoch: 19 cost time: 11.184044599533081
Epoch: 19, Steps: 266 | Train Loss: 0.2188426 Vali Loss: 0.3756668 Test Loss: 0.2953673
EarlyStopping counter: 5 out of 20
Updating learning rate to 4.8240675304698384e-05
	iters: 100, epoch: 20 | loss: 0.1953901
	speed: 0.1038s/iter; left time: 2226.3057s
	iters: 200, epoch: 20 | loss: 0.1961825
	speed: 0.0421s/iter; left time: 898.3903s
Epoch: 20 cost time: 11.178377628326416
Epoch: 20, Steps: 266 | Train Loss: 0.2149354 Vali Loss: 0.3760049 Test Loss: 0.2973919
EarlyStopping counter: 6 out of 20
Updating learning rate to 5.2007086965261054e-05
	iters: 100, epoch: 21 | loss: 0.2190494
	speed: 0.1037s/iter; left time: 2196.6983s
	iters: 200, epoch: 21 | loss: 0.2128365
	speed: 0.0420s/iter; left time: 886.4060s
Epoch: 21 cost time: 11.172544717788696
Epoch: 21, Steps: 266 | Train Loss: 0.2106328 Vali Loss: 0.3751776 Test Loss: 0.3004366
EarlyStopping counter: 7 out of 20
Updating learning rate to 5.5773454924116216e-05
	iters: 100, epoch: 22 | loss: 0.1930444
	speed: 0.1037s/iter; left time: 2168.7659s
	iters: 200, epoch: 22 | loss: 0.2011271
	speed: 0.0421s/iter; left time: 875.4726s
Epoch: 22 cost time: 11.17592978477478
Epoch: 22, Steps: 266 | Train Loss: 0.2059760 Vali Loss: 0.3824465 Test Loss: 0.3087983
EarlyStopping counter: 8 out of 20
Updating learning rate to 5.95165539071495e-05
	iters: 100, epoch: 23 | loss: 0.2023578
	speed: 0.1037s/iter; left time: 2141.2293s
	iters: 200, epoch: 23 | loss: 0.2147145
	speed: 0.0420s/iter; left time: 863.8974s
Epoch: 23 cost time: 11.167054891586304
Epoch: 23, Steps: 266 | Train Loss: 0.2020220 Vali Loss: 0.3920457 Test Loss: 0.3043138
EarlyStopping counter: 9 out of 20
Updating learning rate to 6.321330212817643e-05
	iters: 100, epoch: 24 | loss: 0.1966062
	speed: 0.1037s/iter; left time: 2114.0102s
	iters: 200, epoch: 24 | loss: 0.2022286
	speed: 0.0420s/iter; left time: 852.6601s
Epoch: 24 cost time: 11.172449827194214
Epoch: 24, Steps: 266 | Train Loss: 0.1974355 Vali Loss: 0.3810165 Test Loss: 0.3050508
EarlyStopping counter: 10 out of 20
Updating learning rate to 6.684090362256924e-05
	iters: 100, epoch: 25 | loss: 0.2009205
	speed: 0.1037s/iter; left time: 2085.3474s
	iters: 200, epoch: 25 | loss: 0.1795714
	speed: 0.0420s/iter; left time: 841.3325s
Epoch: 25 cost time: 11.172190189361572
Epoch: 25, Steps: 266 | Train Loss: 0.1931844 Vali Loss: 0.3852915 Test Loss: 0.3136676
EarlyStopping counter: 11 out of 20
Updating learning rate to 7.037698881836747e-05
	iters: 100, epoch: 26 | loss: 0.2009132
	speed: 0.1037s/iter; left time: 2059.4263s
	iters: 200, epoch: 26 | loss: 0.1937908
	speed: 0.0421s/iter; left time: 831.4218s
Epoch: 26 cost time: 11.18587327003479
Epoch: 26, Steps: 266 | Train Loss: 0.1885077 Vali Loss: 0.3911925 Test Loss: 0.3142267
EarlyStopping counter: 12 out of 20
Updating learning rate to 7.379975247804219e-05
	iters: 100, epoch: 27 | loss: 0.1777649
	speed: 0.1068s/iter; left time: 2091.4678s
	iters: 200, epoch: 27 | loss: 0.1740790
	speed: 0.0421s/iter; left time: 820.7882s
Epoch: 27 cost time: 11.201875686645508
Epoch: 27, Steps: 266 | Train Loss: 0.1843775 Vali Loss: 0.3942931 Test Loss: 0.3126132
EarlyStopping counter: 13 out of 20
Updating learning rate to 7.70880881602968e-05
	iters: 100, epoch: 28 | loss: 0.2053615
	speed: 0.1068s/iter; left time: 2062.4625s
	iters: 200, epoch: 28 | loss: 0.1731512
	speed: 0.0421s/iter; left time: 809.9190s
Epoch: 28 cost time: 11.200926780700684
Epoch: 28, Steps: 266 | Train Loss: 0.1796070 Vali Loss: 0.4069726 Test Loss: 0.3151396
EarlyStopping counter: 14 out of 20
Updating learning rate to 8.02217183727475e-05
	iters: 100, epoch: 29 | loss: 0.1797051
	speed: 0.1067s/iter; left time: 2033.2851s
	iters: 200, epoch: 29 | loss: 0.1643886
	speed: 0.0421s/iter; left time: 798.8494s
Epoch: 29 cost time: 11.201700448989868
Epoch: 29, Steps: 266 | Train Loss: 0.1749744 Vali Loss: 0.4041002 Test Loss: 0.3219062
EarlyStopping counter: 15 out of 20
Updating learning rate to 8.318131961289731e-05
	iters: 100, epoch: 30 | loss: 0.1786218
	speed: 0.1067s/iter; left time: 2004.3886s
	iters: 200, epoch: 30 | loss: 0.1795990
	speed: 0.0421s/iter; left time: 787.4651s
Epoch: 30 cost time: 11.207953929901123
Epoch: 30, Steps: 266 | Train Loss: 0.1703479 Vali Loss: 0.4129858 Test Loss: 0.3261727
EarlyStopping counter: 16 out of 20
Updating learning rate to 8.59486415263404e-05
	iters: 100, epoch: 31 | loss: 0.1571616
	speed: 0.1068s/iter; left time: 1977.7306s
	iters: 200, epoch: 31 | loss: 0.1616704
	speed: 0.0421s/iter; left time: 776.3035s
Epoch: 31 cost time: 11.206085205078125
Epoch: 31, Steps: 266 | Train Loss: 0.1663331 Vali Loss: 0.4256298 Test Loss: 0.3270199
EarlyStopping counter: 17 out of 20
Updating learning rate to 8.850661944740828e-05
	iters: 100, epoch: 32 | loss: 0.1497362
	speed: 0.1068s/iter; left time: 1949.7277s
	iters: 200, epoch: 32 | loss: 0.1581289
	speed: 0.0421s/iter; left time: 764.9215s
Epoch: 32 cost time: 11.202251195907593
Epoch: 32, Steps: 266 | Train Loss: 0.1619641 Vali Loss: 0.4179178 Test Loss: 0.3294758
EarlyStopping counter: 18 out of 20
Updating learning rate to 9.083947962827694e-05
	iters: 100, epoch: 33 | loss: 0.1616120
	speed: 0.1068s/iter; left time: 1920.7170s
	iters: 200, epoch: 33 | loss: 0.1508935
	speed: 0.0421s/iter; left time: 753.7441s
Epoch: 33 cost time: 11.20246696472168
Epoch: 33, Steps: 266 | Train Loss: 0.1576321 Vali Loss: 0.4322406 Test Loss: 0.3302462
EarlyStopping counter: 19 out of 20
Updating learning rate to 9.293283650764084e-05
	iters: 100, epoch: 34 | loss: 0.1695958
	speed: 0.1068s/iter; left time: 1893.4886s
	iters: 200, epoch: 34 | loss: 0.1645898
	speed: 0.0421s/iter; left time: 742.7599s
Epoch: 34 cost time: 11.207518100738525
Epoch: 34, Steps: 266 | Train Loss: 0.1534469 Vali Loss: 0.4306788 Test Loss: 0.3372715
EarlyStopping counter: 20 out of 20
Early stopping
>>>>>>>testing : NL_ettm1_cms3_lr0.00005_5steps_336_96_PatchTST_ETTm1_ftM_sl336_ll48_pl96_dm128_nh16_el3_dl1_df256_fc1_ebtimeF_dtTruelr5e-05_pol5steps_Nested_Learning_0<<<<<<<<<<<<<<<<<<<<<<<<<<<<<<<<<
test 11425
 Ejecutando Inferencia DINÁMICA (Nested Learning con cms3)
  -> Política: 5steps | LR: 5e-05 | Target: head

RESUMEN: El CMS se actualizó 18 veces de 89 posibles.

mse:0.28980085253715515, mae:0.34495607018470764, rse:0.5120794773101807
Args in experiment:
Namespace(random_seed=2021, is_training=1, model_id='NL_ettm1_cms3_lr0.00005_5steps_336_192', model='PatchTST', data='ETTm1', root_path='./dataset/', data_path='ETTm1.csv', features='M', target='OT', freq='h', checkpoints='./checkpoints/', seq_len=336, label_len=48, pred_len=192, head_type='cms3', cms_lr=5e-05, update_policy='5steps', fc_dropout=0.2, head_dropout=0.0, patch_len=16, stride=8, padding_patch='end', revin=1, affine=0, subtract_last=0, decomposition=0, kernel_size=25, individual=0, embed_type=0, enc_in=7, dec_in=7, c_out=7, d_model=128, n_heads=16, e_layers=3, d_layers=1, d_ff=256, moving_avg=25, factor=1, distil=True, dropout=0.2, embed='timeF', activation='gelu', output_attention=False, do_predict=False, num_workers=0, itr=1, train_epochs=100, batch_size=128, patience=20, learning_rate=0.0001, des='Nested_Learning', loss='mse', lradj='TST', pct_start=0.4, use_amp=False, use_gpu=True, gpu=0, use_multi_gpu=False, devices='0,1,2,3', test_flop=False)
Use GPU: cuda:0
>>>>>>>start training : NL_ettm1_cms3_lr0.00005_5steps_336_192_PatchTST_ETTm1_ftM_sl336_ll48_pl192_dm128_nh16_el3_dl1_df256_fc1_ebtimeF_dtTruelr5e-05_pol5steps_Nested_Learning_0>>>>>>>>>>>>>>>>>>>>>>>>>>
train 34033
val 11329
test 11329
	iters: 100, epoch: 1 | loss: 0.4506711
	speed: 0.0788s/iter; left time: 2079.9801s
	iters: 200, epoch: 1 | loss: 0.3937093
	speed: 0.0422s/iter; left time: 1109.1121s
Epoch: 1 cost time: 11.509036779403687
Epoch: 1, Steps: 265 | Train Loss: 0.4648885 Vali Loss: 0.5774979 Test Loss: 0.4019476
Validation loss decreased (inf --> 0.577498).  Saving model ...
Updating learning rate to 4.147995888890545e-06
	iters: 100, epoch: 2 | loss: 0.3657438
	speed: 0.1064s/iter; left time: 2779.7423s
	iters: 200, epoch: 2 | loss: 0.3558531
	speed: 0.0423s/iter; left time: 1102.1401s
Epoch: 2 cost time: 11.202454805374146
Epoch: 2, Steps: 265 | Train Loss: 0.3726311 Vali Loss: 0.5337191 Test Loss: 0.3673704
Validation loss decreased (0.577498 --> 0.533719).  Saving model ...
Updating learning rate to 4.591070939598485e-06
	iters: 100, epoch: 3 | loss: 0.3586042
	speed: 0.1067s/iter; left time: 2761.0728s
	iters: 200, epoch: 3 | loss: 0.3462822
	speed: 0.0425s/iter; left time: 1094.6523s
Epoch: 3 cost time: 11.240864276885986
Epoch: 3, Steps: 265 | Train Loss: 0.3469251 Vali Loss: 0.5180517 Test Loss: 0.3546921
Validation loss decreased (0.533719 --> 0.518052).  Saving model ...
Updating learning rate to 5.326492931874866e-06
	iters: 100, epoch: 4 | loss: 0.3655663
	speed: 0.1103s/iter; left time: 2824.7777s
	iters: 200, epoch: 4 | loss: 0.3508619
	speed: 0.0425s/iter; left time: 1084.9806s
Epoch: 4 cost time: 11.271504878997803
Epoch: 4, Steps: 265 | Train Loss: 0.3329972 Vali Loss: 0.5112925 Test Loss: 0.3467820
Validation loss decreased (0.518052 --> 0.511293).  Saving model ...
Updating learning rate to 6.349726889409005e-06
	iters: 100, epoch: 5 | loss: 0.3154499
	speed: 0.1098s/iter; left time: 2782.8426s
	iters: 200, epoch: 5 | loss: 0.3053218
	speed: 0.0426s/iter; left time: 1074.4960s
Epoch: 5 cost time: 11.269984483718872
Epoch: 5, Steps: 265 | Train Loss: 0.3248509 Vali Loss: 0.5071132 Test Loss: 0.3437988
Validation loss decreased (0.511293 --> 0.507113).  Saving model ...
Updating learning rate to 7.654463044738896e-06
	iters: 100, epoch: 6 | loss: 0.3467458
	speed: 0.1090s/iter; left time: 2732.7247s
	iters: 200, epoch: 6 | loss: 0.3299186
	speed: 0.0426s/iter; left time: 1063.0200s
Epoch: 6 cost time: 11.269875526428223
Epoch: 6, Steps: 265 | Train Loss: 0.3190995 Vali Loss: 0.5035132 Test Loss: 0.3404150
Validation loss decreased (0.507113 --> 0.503513).  Saving model ...
Updating learning rate to 9.232655748403029e-06
	iters: 100, epoch: 7 | loss: 0.2958563
	speed: 0.1096s/iter; left time: 2719.7105s
	iters: 200, epoch: 7 | loss: 0.3006550
	speed: 0.0427s/iter; left time: 1054.5384s
Epoch: 7 cost time: 11.29254674911499
Epoch: 7, Steps: 265 | Train Loss: 0.3143922 Vali Loss: 0.5012373 Test Loss: 0.3370318
Validation loss decreased (0.503513 --> 0.501237).  Saving model ...
Updating learning rate to 1.107457308240065e-05
	iters: 100, epoch: 8 | loss: 0.3225713
	speed: 0.1140s/iter; left time: 2798.1480s
	iters: 200, epoch: 8 | loss: 0.3192253
	speed: 0.0427s/iter; left time: 1043.1383s
Epoch: 8 cost time: 11.304423570632935
Epoch: 8, Steps: 265 | Train Loss: 0.3095070 Vali Loss: 0.5007778 Test Loss: 0.3360505
Validation loss decreased (0.501237 --> 0.500778).  Saving model ...
Updating learning rate to 1.3168856872018862e-05
	iters: 100, epoch: 9 | loss: 0.2711228
	speed: 0.1062s/iter; left time: 2579.8192s
	iters: 200, epoch: 9 | loss: 0.3110910
	speed: 0.0427s/iter; left time: 1031.3664s
Epoch: 9 cost time: 11.299246549606323
Epoch: 9, Steps: 265 | Train Loss: 0.3049020 Vali Loss: 0.4941268 Test Loss: 0.3350413
Validation loss decreased (0.500778 --> 0.494127).  Saving model ...
Updating learning rate to 1.550259272596464e-05
	iters: 100, epoch: 10 | loss: 0.3023959
	speed: 0.1077s/iter; left time: 2587.3754s
	iters: 200, epoch: 10 | loss: 0.3050468
	speed: 0.0427s/iter; left time: 1020.3519s
Epoch: 10 cost time: 11.299883127212524
Epoch: 10, Steps: 265 | Train Loss: 0.3003236 Vali Loss: 0.4917324 Test Loss: 0.3317919
Validation loss decreased (0.494127 --> 0.491732).  Saving model ...
Updating learning rate to 1.806138967289881e-05
	iters: 100, epoch: 11 | loss: 0.2820722
	speed: 0.1080s/iter; left time: 2563.9458s
	iters: 200, epoch: 11 | loss: 0.3097670
	speed: 0.0427s/iter; left time: 1010.9398s
Epoch: 11 cost time: 11.314116954803467
Epoch: 11, Steps: 265 | Train Loss: 0.2954088 Vali Loss: 0.4868875 Test Loss: 0.3321212
Validation loss decreased (0.491732 --> 0.486887).  Saving model ...
Updating learning rate to 2.0829468903294163e-05
	iters: 100, epoch: 12 | loss: 0.2975336
	speed: 0.1068s/iter; left time: 2507.8169s
	iters: 200, epoch: 12 | loss: 0.2998197
	speed: 0.0427s/iter; left time: 997.8999s
Epoch: 12 cost time: 11.2986159324646
Epoch: 12, Steps: 265 | Train Loss: 0.2912951 Vali Loss: 0.4862186 Test Loss: 0.3312507
Validation loss decreased (0.486887 --> 0.486219).  Saving model ...
Updating learning rate to 2.3789761069391508e-05
	iters: 100, epoch: 13 | loss: 0.3010364
	speed: 0.1071s/iter; left time: 2486.0729s
	iters: 200, epoch: 13 | loss: 0.2669314
	speed: 0.0427s/iter; left time: 986.5999s
Epoch: 13 cost time: 11.305242776870728
Epoch: 13, Steps: 265 | Train Loss: 0.2873721 Vali Loss: 0.4840961 Test Loss: 0.3325612
Validation loss decreased (0.486219 --> 0.484096).  Saving model ...
Updating learning rate to 2.692401154325343e-05
	iters: 100, epoch: 14 | loss: 0.2617524
	speed: 0.1071s/iter; left time: 2459.3775s
	iters: 200, epoch: 14 | loss: 0.2983500
	speed: 0.0427s/iter; left time: 975.2492s
Epoch: 14 cost time: 11.302410125732422
Epoch: 14, Steps: 265 | Train Loss: 0.2837866 Vali Loss: 0.4853282 Test Loss: 0.3329181
EarlyStopping counter: 1 out of 20
Updating learning rate to 3.0212892983843068e-05
	iters: 100, epoch: 15 | loss: 0.2568742
	speed: 0.1051s/iter; left time: 2384.1772s
	iters: 200, epoch: 15 | loss: 0.2920174
	speed: 0.0427s/iter; left time: 963.9456s
Epoch: 15 cost time: 11.294572353363037
Epoch: 15, Steps: 265 | Train Loss: 0.2801785 Vali Loss: 0.4844773 Test Loss: 0.3309889
EarlyStopping counter: 2 out of 20
Updating learning rate to 3.3636124518983084e-05
	iters: 100, epoch: 16 | loss: 0.3039158
	speed: 0.1051s/iter; left time: 2355.9513s
	iters: 200, epoch: 16 | loss: 0.2872305
	speed: 0.0427s/iter; left time: 952.5986s
Epoch: 16 cost time: 11.303178071975708
Epoch: 16, Steps: 265 | Train Loss: 0.2769038 Vali Loss: 0.4866788 Test Loss: 0.3328045
EarlyStopping counter: 3 out of 20
Updating learning rate to 3.717259680726015e-05
	iters: 100, epoch: 17 | loss: 0.3011688
	speed: 0.1052s/iter; left time: 2332.1131s
	iters: 200, epoch: 17 | loss: 0.2931720
	speed: 0.0426s/iter; left time: 940.7074s
Epoch: 17 cost time: 11.291992902755737
Epoch: 17, Steps: 265 | Train Loss: 0.2734468 Vali Loss: 0.4807405 Test Loss: 0.3334963
Validation loss decreased (0.484096 --> 0.480741).  Saving model ...
Updating learning rate to 4.080050220868085e-05
	iters: 100, epoch: 18 | loss: 0.2481918
	speed: 0.1078s/iter; left time: 2360.2765s
	iters: 200, epoch: 18 | loss: 0.2679939
	speed: 0.0427s/iter; left time: 931.7486s
Epoch: 18 cost time: 11.313693046569824
Epoch: 18, Steps: 265 | Train Loss: 0.2699145 Vali Loss: 0.4855880 Test Loss: 0.3362143
EarlyStopping counter: 1 out of 20
Updating learning rate to 4.449746926138297e-05
	iters: 100, epoch: 19 | loss: 0.2772221
	speed: 0.1052s/iter; left time: 2275.8806s
	iters: 200, epoch: 19 | loss: 0.2442447
	speed: 0.0427s/iter; left time: 920.3707s
Epoch: 19 cost time: 11.316634893417358
Epoch: 19, Steps: 265 | Train Loss: 0.2659265 Vali Loss: 0.4877026 Test Loss: 0.3386972
EarlyStopping counter: 2 out of 20
Updating learning rate to 4.824070063515135e-05
	iters: 100, epoch: 20 | loss: 0.2637188
	speed: 0.1053s/iter; left time: 2248.8712s
	iters: 200, epoch: 20 | loss: 0.2801964
	speed: 0.0427s/iter; left time: 909.0897s
Epoch: 20 cost time: 11.32055139541626
Epoch: 20, Steps: 265 | Train Loss: 0.2614800 Vali Loss: 0.4962242 Test Loss: 0.3396150
EarlyStopping counter: 3 out of 20
Updating learning rate to 5.200711371104918e-05
	iters: 100, epoch: 21 | loss: 0.2583793
	speed: 0.1054s/iter; left time: 2223.1803s
	iters: 200, epoch: 21 | loss: 0.2487683
	speed: 0.0427s/iter; left time: 896.9136s
Epoch: 21 cost time: 11.31128478050232
Epoch: 21, Steps: 265 | Train Loss: 0.2570923 Vali Loss: 0.5008554 Test Loss: 0.3451206
EarlyStopping counter: 4 out of 20
Updating learning rate to 5.577348292028073e-05
	iters: 100, epoch: 22 | loss: 0.2593271
	speed: 0.1053s/iter; left time: 2194.0686s
	iters: 200, epoch: 22 | loss: 0.2534383
	speed: 0.0427s/iter; left time: 885.2821s
Epoch: 22 cost time: 11.31960940361023
Epoch: 22, Steps: 265 | Train Loss: 0.2523639 Vali Loss: 0.5068136 Test Loss: 0.3451052
EarlyStopping counter: 5 out of 20
Updating learning rate to 5.9516582964553954e-05
	iters: 100, epoch: 23 | loss: 0.2392184
	speed: 0.1053s/iter; left time: 2165.8690s
	iters: 200, epoch: 23 | loss: 0.2440168
	speed: 0.0427s/iter; left time: 873.4214s
Epoch: 23 cost time: 11.307093381881714
Epoch: 23, Steps: 265 | Train Loss: 0.2475881 Vali Loss: 0.5056377 Test Loss: 0.3460480
EarlyStopping counter: 6 out of 20
Updating learning rate to 6.321333203477474e-05
	iters: 100, epoch: 24 | loss: 0.2462858
	speed: 0.1054s/iter; left time: 2141.1239s
	iters: 200, epoch: 24 | loss: 0.2617551
	speed: 0.0427s/iter; left time: 863.2013s
Epoch: 24 cost time: 11.316174745559692
Epoch: 24, Steps: 265 | Train Loss: 0.2428315 Vali Loss: 0.5103140 Test Loss: 0.3493099
EarlyStopping counter: 7 out of 20
Updating learning rate to 6.684093414491588e-05
	iters: 100, epoch: 25 | loss: 0.2373638
	speed: 0.1054s/iter; left time: 2111.4961s
	iters: 200, epoch: 25 | loss: 0.2298780
	speed: 0.0427s/iter; left time: 850.8240s
Epoch: 25 cost time: 11.304444551467896
Epoch: 25, Steps: 265 | Train Loss: 0.2378612 Vali Loss: 0.5205917 Test Loss: 0.3533576
EarlyStopping counter: 8 out of 20
Updating learning rate to 7.037701970335941e-05
	iters: 100, epoch: 26 | loss: 0.2196989
	speed: 0.1053s/iter; left time: 2081.6879s
	iters: 200, epoch: 26 | loss: 0.2450961
	speed: 0.0427s/iter; left time: 840.2155s
Epoch: 26 cost time: 11.308264970779419
Epoch: 26, Steps: 265 | Train Loss: 0.2326296 Vali Loss: 0.5118794 Test Loss: 0.3543920
EarlyStopping counter: 9 out of 20
Updating learning rate to 7.379978345487968e-05
	iters: 100, epoch: 27 | loss: 0.2308557
	speed: 0.1054s/iter; left time: 2055.6030s
	iters: 200, epoch: 27 | loss: 0.2279686
	speed: 0.0425s/iter; left time: 825.8502s
Epoch: 27 cost time: 11.268518924713135
Epoch: 27, Steps: 265 | Train Loss: 0.2276379 Vali Loss: 0.5150563 Test Loss: 0.3623902
EarlyStopping counter: 10 out of 20
Updating learning rate to 7.70881189426489e-05
	iters: 100, epoch: 28 | loss: 0.2213905
	speed: 0.1072s/iter; left time: 2062.8040s
	iters: 200, epoch: 28 | loss: 0.2204787
	speed: 0.0426s/iter; left time: 814.9632s
Epoch: 28 cost time: 11.273200511932373
Epoch: 28, Steps: 265 | Train Loss: 0.2227309 Vali Loss: 0.5365312 Test Loss: 0.3619728
EarlyStopping counter: 11 out of 20
Updating learning rate to 8.022174866110521e-05
	iters: 100, epoch: 29 | loss: 0.2147179
	speed: 0.1082s/iter; left time: 2052.8301s
	iters: 200, epoch: 29 | loss: 0.2140011
	speed: 0.0426s/iter; left time: 803.7799s
Epoch: 29 cost time: 11.277312994003296
Epoch: 29, Steps: 265 | Train Loss: 0.2176559 Vali Loss: 0.5372401 Test Loss: 0.3697598
EarlyStopping counter: 12 out of 20
Updating learning rate to 8.318134909709714e-05
	iters: 100, epoch: 30 | loss: 0.2459686
	speed: 0.1082s/iter; left time: 2025.4744s
	iters: 200, epoch: 30 | loss: 0.2018583
	speed: 0.0426s/iter; left time: 792.4669s
Epoch: 30 cost time: 11.275367021560669
Epoch: 30, Steps: 265 | Train Loss: 0.2124619 Vali Loss: 0.5365576 Test Loss: 0.3665060
EarlyStopping counter: 13 out of 20
Updating learning rate to 8.594866988823775e-05
	iters: 100, epoch: 31 | loss: 0.2213918
	speed: 0.1081s/iter; left time: 1994.8513s
	iters: 200, epoch: 31 | loss: 0.2222194
	speed: 0.0426s/iter; left time: 781.4965s
Epoch: 31 cost time: 11.27587890625
Epoch: 31, Steps: 265 | Train Loss: 0.2075957 Vali Loss: 0.5394548 Test Loss: 0.3683824
EarlyStopping counter: 14 out of 20
Updating learning rate to 8.850664636367998e-05
	iters: 100, epoch: 32 | loss: 0.1945277
	speed: 0.1082s/iter; left time: 1967.9911s
	iters: 200, epoch: 32 | loss: 0.2001410
	speed: 0.0426s/iter; left time: 770.1775s
Epoch: 32 cost time: 11.279807806015015
Epoch: 32, Steps: 265 | Train Loss: 0.2028300 Vali Loss: 0.5561162 Test Loss: 0.3736819
EarlyStopping counter: 15 out of 20
Updating learning rate to 9.083950477333033e-05
	iters: 100, epoch: 33 | loss: 0.1946202
	speed: 0.1083s/iter; left time: 1939.9767s
	iters: 200, epoch: 33 | loss: 0.2027978
	speed: 0.0426s/iter; left time: 759.0264s
Epoch: 33 cost time: 11.281752347946167
Epoch: 33, Steps: 265 | Train Loss: 0.1980585 Vali Loss: 0.5483499 Test Loss: 0.3735138
EarlyStopping counter: 16 out of 20
Updating learning rate to 9.293285955660577e-05
	iters: 100, epoch: 34 | loss: 0.1932260
	speed: 0.1083s/iter; left time: 1911.3238s
	iters: 200, epoch: 34 | loss: 0.1938974
	speed: 0.0426s/iter; left time: 747.8522s
Epoch: 34 cost time: 11.281343698501587
Epoch: 34, Steps: 265 | Train Loss: 0.1934094 Vali Loss: 0.5536993 Test Loss: 0.3830780
EarlyStopping counter: 17 out of 20
Updating learning rate to 9.477380205092656e-05
	iters: 100, epoch: 35 | loss: 0.1979233
	speed: 0.1075s/iter; left time: 1870.1869s
	iters: 200, epoch: 35 | loss: 0.1871115
	speed: 0.0425s/iter; left time: 734.6380s
Epoch: 35 cost time: 11.251730918884277
Epoch: 35, Steps: 265 | Train Loss: 0.1890648 Vali Loss: 0.5670332 Test Loss: 0.3784617
EarlyStopping counter: 18 out of 20
Updating learning rate to 9.635098009292423e-05
	iters: 100, epoch: 36 | loss: 0.1767437
	speed: 0.1051s/iter; left time: 1799.7081s
	iters: 200, epoch: 36 | loss: 0.1861810
	speed: 0.0425s/iter; left time: 722.9415s
Epoch: 36 cost time: 11.249756574630737
Epoch: 36, Steps: 265 | Train Loss: 0.1845974 Vali Loss: 0.5710477 Test Loss: 0.3854485
EarlyStopping counter: 19 out of 20
Updating learning rate to 9.765466802150444e-05
	iters: 100, epoch: 37 | loss: 0.1785082
	speed: 0.1050s/iter; left time: 1770.2014s
	iters: 200, epoch: 37 | loss: 0.1784738
	speed: 0.0425s/iter; left time: 711.6206s
Epoch: 37 cost time: 11.248010635375977
Epoch: 37, Steps: 265 | Train Loss: 0.1807035 Vali Loss: 0.5761102 Test Loss: 0.3855290
EarlyStopping counter: 20 out of 20
Early stopping
>>>>>>>testing : NL_ettm1_cms3_lr0.00005_5steps_336_192_PatchTST_ETTm1_ftM_sl336_ll48_pl192_dm128_nh16_el3_dl1_df256_fc1_ebtimeF_dtTruelr5e-05_pol5steps_Nested_Learning_0<<<<<<<<<<<<<<<<<<<<<<<<<<<<<<<<<
test 11329
 Ejecutando Inferencia DINÁMICA (Nested Learning con cms3)
  -> Política: 5steps | LR: 5e-05 | Target: head

RESUMEN: El CMS se actualizó 18 veces de 88 posibles.

mse:0.33527231216430664, mae:0.3743411600589752, rse:0.5507358312606812
Args in experiment:
Namespace(random_seed=2021, is_training=1, model_id='NL_ettm1_cms3_lr0.00005_5steps_336_336', model='PatchTST', data='ETTm1', root_path='./dataset/', data_path='ETTm1.csv', features='M', target='OT', freq='h', checkpoints='./checkpoints/', seq_len=336, label_len=48, pred_len=336, head_type='cms3', cms_lr=5e-05, update_policy='5steps', fc_dropout=0.2, head_dropout=0.0, patch_len=16, stride=8, padding_patch='end', revin=1, affine=0, subtract_last=0, decomposition=0, kernel_size=25, individual=0, embed_type=0, enc_in=7, dec_in=7, c_out=7, d_model=128, n_heads=16, e_layers=3, d_layers=1, d_ff=256, moving_avg=25, factor=1, distil=True, dropout=0.2, embed='timeF', activation='gelu', output_attention=False, do_predict=False, num_workers=0, itr=1, train_epochs=100, batch_size=128, patience=20, learning_rate=0.0001, des='Nested_Learning', loss='mse', lradj='TST', pct_start=0.4, use_amp=False, use_gpu=True, gpu=0, use_multi_gpu=False, devices='0,1,2,3', test_flop=False)
Use GPU: cuda:0
>>>>>>>start training : NL_ettm1_cms3_lr0.00005_5steps_336_336_PatchTST_ETTm1_ftM_sl336_ll48_pl336_dm128_nh16_el3_dl1_df256_fc1_ebtimeF_dtTruelr5e-05_pol5steps_Nested_Learning_0>>>>>>>>>>>>>>>>>>>>>>>>>>
train 33889
val 11185
test 11185
	iters: 100, epoch: 1 | loss: 0.5140425
	speed: 0.0849s/iter; left time: 2232.7983s
	iters: 200, epoch: 1 | loss: 0.4381870
	speed: 0.0429s/iter; left time: 1124.2266s
Epoch: 1 cost time: 11.695087432861328
Epoch: 1, Steps: 264 | Train Loss: 0.4974382 Vali Loss: 0.7166215 Test Loss: 0.4313312
Validation loss decreased (inf --> 0.716622).  Saving model ...
Updating learning rate to 4.147995994617984e-06
	iters: 100, epoch: 2 | loss: 0.4020090
	speed: 0.1102s/iter; left time: 2867.9909s
	iters: 200, epoch: 2 | loss: 0.4121056
	speed: 0.0431s/iter; left time: 1117.4370s
Epoch: 2 cost time: 11.37249493598938
Epoch: 2, Steps: 264 | Train Loss: 0.4106663 Vali Loss: 0.6774726 Test Loss: 0.3995948
Validation loss decreased (0.716622 --> 0.677473).  Saving model ...
Updating learning rate to 4.591071361204269e-06
	iters: 100, epoch: 3 | loss: 0.3853256
	speed: 0.1093s/iter; left time: 2818.2270s
	iters: 200, epoch: 3 | loss: 0.3804908
	speed: 0.0431s/iter; left time: 1107.5818s
Epoch: 3 cost time: 11.388644218444824
Epoch: 3, Steps: 264 | Train Loss: 0.3868276 Vali Loss: 0.6640519 Test Loss: 0.3872305
Validation loss decreased (0.677473 --> 0.664052).  Saving model ...
Updating learning rate to 5.3264938756102174e-06
	iters: 100, epoch: 4 | loss: 0.3141984
	speed: 0.1095s/iter; left time: 2793.4113s
	iters: 200, epoch: 4 | loss: 0.3777660
	speed: 0.0434s/iter; left time: 1101.7152s
Epoch: 4 cost time: 11.436769008636475
Epoch: 4, Steps: 264 | Train Loss: 0.3743066 Vali Loss: 0.6582824 Test Loss: 0.3819722
Validation loss decreased (0.664052 --> 0.658282).  Saving model ...
Updating learning rate to 6.349728555065631e-06
	iters: 100, epoch: 5 | loss: 0.4001753
	speed: 0.1115s/iter; left time: 2814.2195s
	iters: 200, epoch: 5 | loss: 0.3608743
	speed: 0.0434s/iter; left time: 1091.1246s
Epoch: 5 cost time: 11.454555988311768
Epoch: 5, Steps: 264 | Train Loss: 0.3674707 Vali Loss: 0.6539101 Test Loss: 0.3774575
Validation loss decreased (0.658282 --> 0.653910).  Saving model ...
Updating learning rate to 7.654465623149092e-06
	iters: 100, epoch: 6 | loss: 0.3362351
	speed: 0.1121s/iter; left time: 2800.1727s
	iters: 200, epoch: 6 | loss: 0.3469288
	speed: 0.0434s/iter; left time: 1080.4432s
Epoch: 6 cost time: 11.456701040267944
Epoch: 6, Steps: 264 | Train Loss: 0.3628424 Vali Loss: 0.6520472 Test Loss: 0.3750446
Validation loss decreased (0.653910 --> 0.652047).  Saving model ...
Updating learning rate to 9.232659419022894e-06
	iters: 100, epoch: 7 | loss: 0.3734627
	speed: 0.1122s/iter; left time: 2773.0545s
	iters: 200, epoch: 7 | loss: 0.3751354
	speed: 0.0434s/iter; left time: 1068.6203s
Epoch: 7 cost time: 11.451483488082886
Epoch: 7, Steps: 264 | Train Loss: 0.3592151 Vali Loss: 0.6498386 Test Loss: 0.3728930
Validation loss decreased (0.652047 --> 0.649839).  Saving model ...
Updating learning rate to 1.1074578010998666e-05
	iters: 100, epoch: 8 | loss: 0.3456098
	speed: 0.1117s/iter; left time: 2732.1106s
	iters: 200, epoch: 8 | loss: 0.3662007
	speed: 0.0434s/iter; left time: 1057.5852s
Epoch: 8 cost time: 11.452035427093506
Epoch: 8, Steps: 264 | Train Loss: 0.3555515 Vali Loss: 0.6442784 Test Loss: 0.3703885
Validation loss decreased (0.649839 --> 0.644278).  Saving model ...
Updating learning rate to 1.3168863208492038e-05
	iters: 100, epoch: 9 | loss: 0.3530010
	speed: 0.1141s/iter; left time: 2760.4502s
	iters: 200, epoch: 9 | loss: 0.3301583
	speed: 0.0434s/iter; left time: 1046.4233s
Epoch: 9 cost time: 11.459337711334229
Epoch: 9, Steps: 264 | Train Loss: 0.3512254 Vali Loss: 0.6388066 Test Loss: 0.3682497
Validation loss decreased (0.644278 --> 0.638807).  Saving model ...
Updating learning rate to 1.5502600602302323e-05
	iters: 100, epoch: 10 | loss: 0.3324361
	speed: 0.1124s/iter; left time: 2690.3094s
	iters: 200, epoch: 10 | loss: 0.3710380
	speed: 0.0435s/iter; left time: 1035.2773s
Epoch: 10 cost time: 11.458159923553467
Epoch: 10, Steps: 264 | Train Loss: 0.3464473 Vali Loss: 0.6420273 Test Loss: 0.3661721
EarlyStopping counter: 1 out of 20
Updating learning rate to 1.8061399201313948e-05
	iters: 100, epoch: 11 | loss: 0.3604747
	speed: 0.1099s/iter; left time: 2600.5235s
	iters: 200, epoch: 11 | loss: 0.3560478
	speed: 0.0434s/iter; left time: 1021.4256s
Epoch: 11 cost time: 11.433579206466675
Epoch: 11, Steps: 264 | Train Loss: 0.3415889 Vali Loss: 0.6417990 Test Loss: 0.3662030
EarlyStopping counter: 2 out of 20
Updating learning rate to 2.08294801745399e-05
	iters: 100, epoch: 12 | loss: 0.3298075
	speed: 0.1072s/iter; left time: 2507.6927s
	iters: 200, epoch: 12 | loss: 0.3304015
	speed: 0.0434s/iter; left time: 1010.0586s
Epoch: 12 cost time: 11.429075717926025
Epoch: 12, Steps: 264 | Train Loss: 0.3371959 Vali Loss: 0.6354758 Test Loss: 0.3657495
Validation loss decreased (0.638807 --> 0.635476).  Saving model ...
Updating learning rate to 2.378977415127951e-05
	iters: 100, epoch: 13 | loss: 0.3503948
	speed: 0.1095s/iter; left time: 2533.2149s
	iters: 200, epoch: 13 | loss: 0.3269839
	speed: 0.0433s/iter; left time: 998.0780s
Epoch: 13 cost time: 11.430181980133057
Epoch: 13, Steps: 264 | Train Loss: 0.3329773 Vali Loss: 0.6358024 Test Loss: 0.3643768
EarlyStopping counter: 1 out of 20
Updating learning rate to 2.6924026479389104e-05
	iters: 100, epoch: 14 | loss: 0.3064129
	speed: 0.1070s/iter; left time: 2446.0498s
	iters: 200, epoch: 14 | loss: 0.3577953
	speed: 0.0441s/iter; left time: 1004.7319s
Epoch: 14 cost time: 11.508610010147095
Epoch: 14, Steps: 264 | Train Loss: 0.3291495 Vali Loss: 0.6325254 Test Loss: 0.3660085
Validation loss decreased (0.635476 --> 0.632525).  Saving model ...
Updating learning rate to 3.0212909792590238e-05
	iters: 100, epoch: 15 | loss: 0.3190315
	speed: 0.1094s/iter; left time: 2472.5493s
	iters: 200, epoch: 15 | loss: 0.3398869
	speed: 0.0433s/iter; left time: 974.8162s
Epoch: 15 cost time: 11.424936532974243
Epoch: 15, Steps: 264 | Train Loss: 0.3255375 Vali Loss: 0.6284474 Test Loss: 0.3664186
Validation loss decreased (0.632525 --> 0.628447).  Saving model ...
Updating learning rate to 3.363614319266957e-05
	iters: 100, epoch: 16 | loss: 0.2974609
	speed: 0.1093s/iter; left time: 2441.9289s
	iters: 200, epoch: 16 | loss: 0.3288579
	speed: 0.0434s/iter; left time: 964.2816s
Epoch: 16 cost time: 11.431705713272095
Epoch: 16, Steps: 264 | Train Loss: 0.3221598 Vali Loss: 0.6364385 Test Loss: 0.3663281
EarlyStopping counter: 1 out of 20
Updating learning rate to 3.7172617311633196e-05
	iters: 100, epoch: 17 | loss: 0.3052123
	speed: 0.1073s/iter; left time: 2369.3525s
	iters: 200, epoch: 17 | loss: 0.2841989
	speed: 0.0433s/iter; left time: 951.0027s
Epoch: 17 cost time: 11.421807527542114
Epoch: 17, Steps: 264 | Train Loss: 0.3184898 Vali Loss: 0.6400172 Test Loss: 0.3659348
EarlyStopping counter: 2 out of 20
Updating learning rate to 4.0800524482619576e-05
	iters: 100, epoch: 18 | loss: 0.3392167
	speed: 0.1071s/iter; left time: 2335.2055s
	iters: 200, epoch: 18 | loss: 0.3085625
	speed: 0.0433s/iter; left time: 941.1173s
Epoch: 18 cost time: 11.440349817276001
Epoch: 18, Steps: 264 | Train Loss: 0.3146315 Vali Loss: 0.6341311 Test Loss: 0.3669105
EarlyStopping counter: 3 out of 20
Updating learning rate to 4.449749321687241e-05
	iters: 100, epoch: 19 | loss: 0.3052885
	speed: 0.1075s/iter; left time: 2317.5543s
	iters: 200, epoch: 19 | loss: 0.2883812
	speed: 0.0433s/iter; left time: 929.5313s
Epoch: 19 cost time: 11.43562364578247
Epoch: 19, Steps: 264 | Train Loss: 0.3106009 Vali Loss: 0.6387613 Test Loss: 0.3678509
EarlyStopping counter: 4 out of 20
Updating learning rate to 4.824072615752094e-05
	iters: 100, epoch: 20 | loss: 0.3110998
	speed: 0.1076s/iter; left time: 2290.0101s
	iters: 200, epoch: 20 | loss: 0.2792461
	speed: 0.0433s/iter; left time: 917.8926s
Epoch: 20 cost time: 11.431572675704956
Epoch: 20, Steps: 264 | Train Loss: 0.3059278 Vali Loss: 0.6428567 Test Loss: 0.3723176
EarlyStopping counter: 5 out of 20
Updating learning rate to 5.200714065947608e-05
	iters: 100, epoch: 21 | loss: 0.2870832
	speed: 0.1075s/iter; left time: 2259.7859s
	iters: 200, epoch: 21 | loss: 0.2840159
	speed: 0.0433s/iter; left time: 906.2203s
Epoch: 21 cost time: 11.431625604629517
Epoch: 21, Steps: 264 | Train Loss: 0.3014886 Vali Loss: 0.6456565 Test Loss: 0.3721954
EarlyStopping counter: 6 out of 20
Updating learning rate to 5.577351112855618e-05
	iters: 100, epoch: 22 | loss: 0.3257782
	speed: 0.1074s/iter; left time: 2229.1333s
	iters: 200, epoch: 22 | loss: 0.3127911
	speed: 0.0434s/iter; left time: 896.2330s
Epoch: 22 cost time: 11.461259365081787
Epoch: 22, Steps: 264 | Train Loss: 0.2966226 Vali Loss: 0.6628487 Test Loss: 0.3758409
EarlyStopping counter: 7 out of 20
Updating learning rate to 5.951661224210828e-05
	iters: 100, epoch: 23 | loss: 0.2974775
	speed: 0.1079s/iter; left time: 2211.5835s
	iters: 200, epoch: 23 | loss: 0.3074388
	speed: 0.0436s/iter; left time: 888.7558s
Epoch: 23 cost time: 11.504954099655151
Epoch: 23, Steps: 264 | Train Loss: 0.2912251 Vali Loss: 0.6549745 Test Loss: 0.3778044
EarlyStopping counter: 8 out of 20
Updating learning rate to 6.321336216795497e-05
	iters: 100, epoch: 24 | loss: 0.2866672
	speed: 0.1078s/iter; left time: 2180.8728s
	iters: 200, epoch: 24 | loss: 0.2812451
	speed: 0.0436s/iter; left time: 877.5463s
Epoch: 24 cost time: 11.514508962631226
Epoch: 24, Steps: 264 | Train Loss: 0.2860218 Vali Loss: 0.6665000 Test Loss: 0.3792843
EarlyStopping counter: 9 out of 20
Updating learning rate to 6.684096489850761e-05
	iters: 100, epoch: 25 | loss: 0.2826577
	speed: 0.1077s/iter; left time: 2149.3504s
	iters: 200, epoch: 25 | loss: 0.2763319
	speed: 0.0437s/iter; left time: 867.4055s
Epoch: 25 cost time: 11.509269714355469
Epoch: 25, Steps: 264 | Train Loss: 0.2804853 Vali Loss: 0.6723743 Test Loss: 0.3836620
EarlyStopping counter: 10 out of 20
Updating learning rate to 7.03770508223417e-05
	iters: 100, epoch: 26 | loss: 0.2712215
	speed: 0.1076s/iter; left time: 2119.0697s
	iters: 200, epoch: 26 | loss: 0.2732687
	speed: 0.0435s/iter; left time: 853.4181s
Epoch: 26 cost time: 11.5004301071167
Epoch: 26, Steps: 264 | Train Loss: 0.2748096 Vali Loss: 0.6743149 Test Loss: 0.3863305
EarlyStopping counter: 11 out of 20
Updating learning rate to 7.379981466640088e-05
	iters: 100, epoch: 27 | loss: 0.2943933
	speed: 0.1077s/iter; left time: 2093.0021s
	iters: 200, epoch: 27 | loss: 0.2823547
	speed: 0.0435s/iter; left time: 842.0819s
Epoch: 27 cost time: 11.502104759216309
Epoch: 27, Steps: 264 | Train Loss: 0.2690848 Vali Loss: 0.6732273 Test Loss: 0.3862240
EarlyStopping counter: 12 out of 20
Updating learning rate to 7.708814995820833e-05
	iters: 100, epoch: 28 | loss: 0.2644499
	speed: 0.1077s/iter; left time: 2064.1498s
	iters: 200, epoch: 28 | loss: 0.2854124
	speed: 0.0436s/iter; left time: 831.3225s
Epoch: 28 cost time: 11.509079456329346
Epoch: 28, Steps: 264 | Train Loss: 0.2632050 Vali Loss: 0.6811266 Test Loss: 0.3884213
EarlyStopping counter: 13 out of 20
Updating learning rate to 8.022177917892456e-05
	iters: 100, epoch: 29 | loss: 0.2693190
	speed: 0.1075s/iter; left time: 2032.7621s
	iters: 200, epoch: 29 | loss: 0.2591575
	speed: 0.0436s/iter; left time: 819.9348s
Epoch: 29 cost time: 11.498797416687012
Epoch: 29, Steps: 264 | Train Loss: 0.2574806 Vali Loss: 0.6887010 Test Loss: 0.3959471
EarlyStopping counter: 14 out of 20
Updating learning rate to 8.318137880466269e-05
	iters: 100, epoch: 30 | loss: 0.2443371
	speed: 0.1076s/iter; left time: 2006.1226s
	iters: 200, epoch: 30 | loss: 0.2525443
	speed: 0.0436s/iter; left time: 808.1154s
Epoch: 30 cost time: 11.49411940574646
Epoch: 30, Steps: 264 | Train Loss: 0.2512300 Vali Loss: 0.6993247 Test Loss: 0.3977489
EarlyStopping counter: 15 out of 20
Updating learning rate to 8.594869846499432e-05
	iters: 100, epoch: 31 | loss: 0.2480498
	speed: 0.1075s/iter; left time: 1976.0445s
	iters: 200, epoch: 31 | loss: 0.2469048
	speed: 0.0437s/iter; left time: 798.3314s
Epoch: 31 cost time: 11.501539468765259
Epoch: 31, Steps: 264 | Train Loss: 0.2455728 Vali Loss: 0.7055146 Test Loss: 0.4004251
EarlyStopping counter: 16 out of 20
Updating learning rate to 8.85066734838546e-05
	iters: 100, epoch: 32 | loss: 0.2481217
	speed: 0.1074s/iter; left time: 1946.1439s
	iters: 200, epoch: 32 | loss: 0.2399655
	speed: 0.0437s/iter; left time: 786.9390s
Epoch: 32 cost time: 11.50084638595581
Epoch: 32, Steps: 264 | Train Loss: 0.2397779 Vali Loss: 0.7271916 Test Loss: 0.4096538
EarlyStopping counter: 17 out of 20
Updating learning rate to 9.083953010886336e-05
	iters: 100, epoch: 33 | loss: 0.2374781
	speed: 0.1074s/iter; left time: 1917.3867s
	iters: 200, epoch: 33 | loss: 0.2252879
	speed: 0.0437s/iter; left time: 775.0898s
Epoch: 33 cost time: 11.498708724975586
Epoch: 33, Steps: 264 | Train Loss: 0.2347988 Vali Loss: 0.7229127 Test Loss: 0.4072369
EarlyStopping counter: 18 out of 20
Updating learning rate to 9.29328827801656e-05
	iters: 100, epoch: 34 | loss: 0.2316307
	speed: 0.1076s/iter; left time: 1892.6570s
	iters: 200, epoch: 34 | loss: 0.2367827
	speed: 0.0437s/iter; left time: 763.5430s
Epoch: 34 cost time: 11.503053188323975
Epoch: 34, Steps: 264 | Train Loss: 0.2293822 Vali Loss: 0.7274212 Test Loss: 0.4106053
EarlyStopping counter: 19 out of 20
Updating learning rate to 9.477382283898318e-05
	iters: 100, epoch: 35 | loss: 0.2230400
	speed: 0.1075s/iter; left time: 1862.6159s
	iters: 200, epoch: 35 | loss: 0.2231588
	speed: 0.0437s/iter; left time: 752.7225s
Epoch: 35 cost time: 11.50414490699768
Epoch: 35, Steps: 264 | Train Loss: 0.2241344 Vali Loss: 0.7361569 Test Loss: 0.4159793
EarlyStopping counter: 20 out of 20
Early stopping
>>>>>>>testing : NL_ettm1_cms3_lr0.00005_5steps_336_336_PatchTST_ETTm1_ftM_sl336_ll48_pl336_dm128_nh16_el3_dl1_df256_fc1_ebtimeF_dtTruelr5e-05_pol5steps_Nested_Learning_0<<<<<<<<<<<<<<<<<<<<<<<<<<<<<<<<<
test 11185
 Ejecutando Inferencia DINÁMICA (Nested Learning con cms3)
  -> Política: 5steps | LR: 5e-05 | Target: head

RESUMEN: El CMS se actualizó 18 veces de 87 posibles.

mse:0.3689628839492798, mae:0.3943970799446106, rse:0.5779467821121216
Args in experiment:
Namespace(random_seed=2021, is_training=1, model_id='NL_ettm1_cms3_lr0.00005_5steps_336_720', model='PatchTST', data='ETTm1', root_path='./dataset/', data_path='ETTm1.csv', features='M', target='OT', freq='h', checkpoints='./checkpoints/', seq_len=336, label_len=48, pred_len=720, head_type='cms3', cms_lr=5e-05, update_policy='5steps', fc_dropout=0.2, head_dropout=0.0, patch_len=16, stride=8, padding_patch='end', revin=1, affine=0, subtract_last=0, decomposition=0, kernel_size=25, individual=0, embed_type=0, enc_in=7, dec_in=7, c_out=7, d_model=128, n_heads=16, e_layers=3, d_layers=1, d_ff=256, moving_avg=25, factor=1, distil=True, dropout=0.2, embed='timeF', activation='gelu', output_attention=False, do_predict=False, num_workers=0, itr=1, train_epochs=100, batch_size=128, patience=20, learning_rate=0.0001, des='Nested_Learning', loss='mse', lradj='TST', pct_start=0.4, use_amp=False, use_gpu=True, gpu=0, use_multi_gpu=False, devices='0,1,2,3', test_flop=False)
Use GPU: cuda:0
>>>>>>>start training : NL_ettm1_cms3_lr0.00005_5steps_336_720_PatchTST_ETTm1_ftM_sl336_ll48_pl720_dm128_nh16_el3_dl1_df256_fc1_ebtimeF_dtTruelr5e-05_pol5steps_Nested_Learning_0>>>>>>>>>>>>>>>>>>>>>>>>>>
train 33505
val 10801
test 10801
	iters: 100, epoch: 1 | loss: 0.5657522
	speed: 0.0736s/iter; left time: 1912.4146s
	iters: 200, epoch: 1 | loss: 0.5286862
	speed: 0.0450s/iter; left time: 1165.9042s
Epoch: 1 cost time: 12.0597243309021
Epoch: 1, Steps: 261 | Train Loss: 0.5569253 Vali Loss: 1.0190253 Test Loss: 0.4828321
Validation loss decreased (inf --> 1.019025).  Saving model ...
Updating learning rate to 4.147996316662011e-06
	iters: 100, epoch: 2 | loss: 0.4632853
	speed: 0.1188s/iter; left time: 3057.5635s
	iters: 200, epoch: 2 | loss: 0.4782733
	speed: 0.0450s/iter; left time: 1155.0736s
Epoch: 2 cost time: 11.768099546432495
Epoch: 2, Steps: 261 | Train Loss: 0.4734975 Vali Loss: 0.9839689 Test Loss: 0.4533505
Validation loss decreased (1.019025 --> 0.983969).  Saving model ...
Updating learning rate to 4.591072645408634e-06
	iters: 100, epoch: 3 | loss: 0.4274264
	speed: 0.1193s/iter; left time: 3038.7206s
	iters: 200, epoch: 3 | loss: 0.4374021
	speed: 0.0449s/iter; left time: 1140.7461s
Epoch: 3 cost time: 11.749111652374268
Epoch: 3, Steps: 261 | Train Loss: 0.4509007 Vali Loss: 0.9697737 Test Loss: 0.4432286
Validation loss decreased (0.983969 --> 0.969774).  Saving model ...
Updating learning rate to 5.326496750212602e-06
	iters: 100, epoch: 4 | loss: 0.4060591
	speed: 0.1158s/iter; left time: 2921.0119s
	iters: 200, epoch: 4 | loss: 0.4603112
	speed: 0.0450s/iter; left time: 1131.0172s
Epoch: 4 cost time: 11.757102727890015
Epoch: 4, Steps: 261 | Train Loss: 0.4396956 Vali Loss: 0.9663354 Test Loss: 0.4377854
Validation loss decreased (0.969774 --> 0.966335).  Saving model ...
Updating learning rate to 6.349733628628268e-06
	iters: 100, epoch: 5 | loss: 0.4552526
	speed: 0.1153s/iter; left time: 2878.7620s
	iters: 200, epoch: 5 | loss: 0.4111670
	speed: 0.0450s/iter; left time: 1119.0754s
Epoch: 5 cost time: 11.754945516586304
Epoch: 5, Steps: 261 | Train Loss: 0.4336978 Vali Loss: 0.9612712 Test Loss: 0.4351561
Validation loss decreased (0.966335 --> 0.961271).  Saving model ...
Updating learning rate to 7.654473476944045e-06
	iters: 100, epoch: 6 | loss: 0.4424360
	speed: 0.1160s/iter; left time: 2864.3224s
	iters: 200, epoch: 6 | loss: 0.4277909
	speed: 0.0450s/iter; left time: 1108.0050s
Epoch: 6 cost time: 11.758448600769043
Epoch: 6, Steps: 261 | Train Loss: 0.4295709 Vali Loss: 0.9653291 Test Loss: 0.4318916
EarlyStopping counter: 1 out of 20
Updating learning rate to 9.232670599670218e-06
	iters: 100, epoch: 7 | loss: 0.4233383
	speed: 0.1129s/iter; left time: 2757.9232s
	iters: 200, epoch: 7 | loss: 0.4436229
	speed: 0.0450s/iter; left time: 1096.2332s
Epoch: 7 cost time: 11.753694534301758
Epoch: 7, Steps: 261 | Train Loss: 0.4263942 Vali Loss: 0.9604543 Test Loss: 0.4304048
Validation loss decreased (0.961271 --> 0.960454).  Saving model ...
Updating learning rate to 1.1074593023426382e-05
	iters: 100, epoch: 8 | loss: 0.4204925
	speed: 0.1165s/iter; left time: 2816.7541s
	iters: 200, epoch: 8 | loss: 0.4370568
	speed: 0.0451s/iter; left time: 1084.5867s
Epoch: 8 cost time: 11.75892186164856
Epoch: 8, Steps: 261 | Train Loss: 0.4232148 Vali Loss: 0.9589362 Test Loss: 0.4266868
Validation loss decreased (0.960454 --> 0.958936).  Saving model ...
Updating learning rate to 1.3168882509283648e-05
	iters: 100, epoch: 9 | loss: 0.3975535
	speed: 0.1196s/iter; left time: 2859.8977s
	iters: 200, epoch: 9 | loss: 0.4474081
	speed: 0.0451s/iter; left time: 1073.2336s
Epoch: 9 cost time: 11.761984825134277
Epoch: 9, Steps: 261 | Train Loss: 0.4195863 Vali Loss: 0.9471377 Test Loss: 0.4241528
Validation loss decreased (0.958936 --> 0.947138).  Saving model ...
Updating learning rate to 1.5502624593494887e-05
	iters: 100, epoch: 10 | loss: 0.4383065
	speed: 0.1155s/iter; left time: 2732.5953s
	iters: 200, epoch: 10 | loss: 0.4477116
	speed: 0.0450s/iter; left time: 1060.6653s
Epoch: 10 cost time: 11.751056909561157
Epoch: 10, Steps: 261 | Train Loss: 0.4149196 Vali Loss: 0.9497659 Test Loss: 0.4204977
EarlyStopping counter: 1 out of 20
Updating learning rate to 1.806142822470586e-05
	iters: 100, epoch: 11 | loss: 0.4342016
	speed: 0.1128s/iter; left time: 2639.4298s
	iters: 200, epoch: 11 | loss: 0.4326516
	speed: 0.0450s/iter; left time: 1048.6341s
Epoch: 11 cost time: 11.748204469680786
Epoch: 11, Steps: 261 | Train Loss: 0.4099715 Vali Loss: 0.9470142 Test Loss: 0.4170183
Validation loss decreased (0.947138 --> 0.947014).  Saving model ...
Updating learning rate to 2.0829514506563195e-05
	iters: 100, epoch: 12 | loss: 0.4407998
	speed: 0.1149s/iter; left time: 2658.2238s
	iters: 200, epoch: 12 | loss: 0.4036828
	speed: 0.0450s/iter; left time: 1037.1136s
Epoch: 12 cost time: 11.753690481185913
Epoch: 12, Steps: 261 | Train Loss: 0.4054497 Vali Loss: 0.9465249 Test Loss: 0.4167202
Validation loss decreased (0.947014 --> 0.946525).  Saving model ...
Updating learning rate to 2.3789813998487008e-05
	iters: 100, epoch: 13 | loss: 0.3888220
	speed: 0.1154s/iter; left time: 2638.5854s
	iters: 200, epoch: 13 | loss: 0.3510585
	speed: 0.0450s/iter; left time: 1025.5558s
Epoch: 13 cost time: 11.755727529525757
Epoch: 13, Steps: 261 | Train Loss: 0.4010569 Vali Loss: 0.9390961 Test Loss: 0.4188513
Validation loss decreased (0.946525 --> 0.939096).  Saving model ...
Updating learning rate to 2.6924071974601397e-05
	iters: 100, epoch: 14 | loss: 0.3837061
	speed: 0.1153s/iter; left time: 2605.9532s
	iters: 200, epoch: 14 | loss: 0.4029744
	speed: 0.0450s/iter; left time: 1013.5856s
Epoch: 14 cost time: 11.756861686706543
Epoch: 14, Steps: 261 | Train Loss: 0.3967624 Vali Loss: 0.9403989 Test Loss: 0.4182021
EarlyStopping counter: 1 out of 20
Updating learning rate to 3.0212960991742456e-05
	iters: 100, epoch: 15 | loss: 0.3959798
	speed: 0.1126s/iter; left time: 2515.6848s
	iters: 200, epoch: 15 | loss: 0.3974673
	speed: 0.0451s/iter; left time: 1002.5066s
Epoch: 15 cost time: 11.75474214553833
Epoch: 15, Steps: 261 | Train Loss: 0.3926124 Vali Loss: 0.9452628 Test Loss: 0.4204957
EarlyStopping counter: 2 out of 20
Updating learning rate to 3.363620007239161e-05
	iters: 100, epoch: 16 | loss: 0.4117776
	speed: 0.1122s/iter; left time: 2477.9297s
	iters: 200, epoch: 16 | loss: 0.3982230
	speed: 0.0451s/iter; left time: 992.5128s
Epoch: 16 cost time: 11.766300678253174
Epoch: 16, Steps: 261 | Train Loss: 0.3882886 Vali Loss: 0.9465858 Test Loss: 0.4220435
EarlyStopping counter: 3 out of 20
Updating learning rate to 3.717267976759092e-05
	iters: 100, epoch: 17 | loss: 0.3899999
	speed: 0.1124s/iter; left time: 2452.8393s
	iters: 200, epoch: 17 | loss: 0.3686696
	speed: 0.0450s/iter; left time: 978.3128s
Epoch: 17 cost time: 11.757126092910767
Epoch: 17, Steps: 261 | Train Loss: 0.3833669 Vali Loss: 0.9651309 Test Loss: 0.4269327
EarlyStopping counter: 4 out of 20
Updating learning rate to 4.0800592328638756e-05
	iters: 100, epoch: 18 | loss: 0.3633805
	speed: 0.1122s/iter; left time: 2419.9643s
	iters: 200, epoch: 18 | loss: 0.3598451
	speed: 0.0452s/iter; left time: 969.6992s
Epoch: 18 cost time: 11.773528814315796
Epoch: 18, Steps: 261 | Train Loss: 0.3777127 Vali Loss: 0.9633292 Test Loss: 0.4267353
EarlyStopping counter: 5 out of 20
Updating learning rate to 4.449756618485984e-05
	iters: 100, epoch: 19 | loss: 0.3928628
	speed: 0.1132s/iter; left time: 2412.2801s
	iters: 200, epoch: 19 | loss: 0.3780118
	speed: 0.0451s/iter; left time: 957.0449s
Epoch: 19 cost time: 11.78639554977417
Epoch: 19, Steps: 261 | Train Loss: 0.3717219 Vali Loss: 0.9977334 Test Loss: 0.4282911
EarlyStopping counter: 6 out of 20
Updating learning rate to 4.824080389819096e-05
	iters: 100, epoch: 20 | loss: 0.3985348
	speed: 0.1125s/iter; left time: 2368.1056s
	iters: 200, epoch: 20 | loss: 0.3566655
	speed: 0.0451s/iter; left time: 944.8219s
Epoch: 20 cost time: 11.785073518753052
Epoch: 20, Steps: 261 | Train Loss: 0.3654120 Vali Loss: 0.9695739 Test Loss: 0.4323519
EarlyStopping counter: 7 out of 20
Updating learning rate to 5.2007222743883666e-05
	iters: 100, epoch: 21 | loss: 0.3631428
	speed: 0.1124s/iter; left time: 2336.4638s
	iters: 200, epoch: 21 | loss: 0.3620318
	speed: 0.0451s/iter; left time: 932.4442s
Epoch: 21 cost time: 11.78184962272644
Epoch: 21, Steps: 261 | Train Loss: 0.3586983 Vali Loss: 0.9794359 Test Loss: 0.4339804
EarlyStopping counter: 8 out of 20
Updating learning rate to 5.577359705043091e-05
	iters: 100, epoch: 22 | loss: 0.3470989
	speed: 0.1124s/iter; left time: 2307.0000s
	iters: 200, epoch: 22 | loss: 0.3761407
	speed: 0.0451s/iter; left time: 921.5979s
Epoch: 22 cost time: 11.78245496749878
Epoch: 22, Steps: 261 | Train Loss: 0.3523453 Vali Loss: 0.9860793 Test Loss: 0.4335953
EarlyStopping counter: 9 out of 20
Updating learning rate to 5.951670142097692e-05
	iters: 100, epoch: 23 | loss: 0.3245976
	speed: 0.1127s/iter; left time: 2282.6809s
	iters: 200, epoch: 23 | loss: 0.3297508
	speed: 0.0452s/iter; left time: 910.4827s
Epoch: 23 cost time: 11.778029203414917
Epoch: 23, Steps: 261 | Train Loss: 0.3460762 Vali Loss: 0.9884368 Test Loss: 0.4375873
EarlyStopping counter: 10 out of 20
Updating learning rate to 6.321345395303321e-05
	iters: 100, epoch: 24 | loss: 0.3431972
	speed: 0.1123s/iter; left time: 2245.6265s
	iters: 200, epoch: 24 | loss: 0.3367630
	speed: 0.0452s/iter; left time: 899.6877s
Epoch: 24 cost time: 11.78179931640625
Epoch: 24, Steps: 261 | Train Loss: 0.3397614 Vali Loss: 0.9980522 Test Loss: 0.4363651
EarlyStopping counter: 11 out of 20
Updating learning rate to 6.6841058573335e-05
	iters: 100, epoch: 25 | loss: 0.3290007
	speed: 0.1123s/iter; left time: 2217.0604s
	iters: 200, epoch: 25 | loss: 0.3502928
	speed: 0.0452s/iter; left time: 887.5947s
Epoch: 25 cost time: 11.778329372406006
Epoch: 25, Steps: 261 | Train Loss: 0.3328889 Vali Loss: 0.9993829 Test Loss: 0.4425601
EarlyStopping counter: 12 out of 20
Updating learning rate to 7.037714561012768e-05
	iters: 100, epoch: 26 | loss: 0.3066803
	speed: 0.1127s/iter; left time: 2195.6966s
	iters: 200, epoch: 26 | loss: 0.3410178
	speed: 0.0453s/iter; left time: 877.2080s
Epoch: 26 cost time: 11.778306722640991
Epoch: 26, Steps: 261 | Train Loss: 0.3265853 Vali Loss: 1.0256922 Test Loss: 0.4396867
EarlyStopping counter: 13 out of 20
Updating learning rate to 7.379990973604285e-05
	iters: 100, epoch: 27 | loss: 0.3051402
	speed: 0.1121s/iter; left time: 2154.7686s
	iters: 200, epoch: 27 | loss: 0.3178846
	speed: 0.0453s/iter; left time: 865.2104s
Epoch: 27 cost time: 11.771850109100342
Epoch: 27, Steps: 261 | Train Loss: 0.3197852 Vali Loss: 1.0180655 Test Loss: 0.4481863
EarlyStopping counter: 14 out of 20
Updating learning rate to 7.708824443093723e-05
	iters: 100, epoch: 28 | loss: 0.3223018
	speed: 0.1121s/iter; left time: 2125.6680s
	iters: 200, epoch: 28 | loss: 0.2927829
	speed: 0.0452s/iter; left time: 852.9305s
Epoch: 28 cost time: 11.775853157043457
Epoch: 28, Steps: 261 | Train Loss: 0.3133371 Vali Loss: 1.0222582 Test Loss: 0.4486604
EarlyStopping counter: 15 out of 20
Updating learning rate to 8.022187213552767e-05
	iters: 100, epoch: 29 | loss: 0.3116577
	speed: 0.1122s/iter; left time: 2098.0574s
	iters: 200, epoch: 29 | loss: 0.3091383
	speed: 0.0452s/iter; left time: 840.5049s
Epoch: 29 cost time: 11.777940511703491
Epoch: 29, Steps: 261 | Train Loss: 0.3071130 Vali Loss: 1.0347754 Test Loss: 0.4520032
EarlyStopping counter: 16 out of 20
Updating learning rate to 8.318146929322795e-05
	iters: 100, epoch: 30 | loss: 0.2815113
	speed: 0.1128s/iter; left time: 2079.5236s
	iters: 200, epoch: 30 | loss: 0.2970940
	speed: 0.0452s/iter; left time: 827.9050s
Epoch: 30 cost time: 11.773083686828613
Epoch: 30, Steps: 261 | Train Loss: 0.3010121 Vali Loss: 1.0390331 Test Loss: 0.4586771
EarlyStopping counter: 17 out of 20
Updating learning rate to 8.59487855091154e-05
	iters: 100, epoch: 31 | loss: 0.3023833
	speed: 0.1124s/iter; left time: 2043.1853s
	iters: 200, epoch: 31 | loss: 0.2839783
	speed: 0.0451s/iter; left time: 815.6272s
Epoch: 31 cost time: 11.77324366569519
Epoch: 31, Steps: 261 | Train Loss: 0.2950308 Vali Loss: 1.0408310 Test Loss: 0.4592667
EarlyStopping counter: 18 out of 20
Updating learning rate to 8.850675609123214e-05
	iters: 100, epoch: 32 | loss: 0.3002984
	speed: 0.1125s/iter; left time: 2014.8598s
	iters: 200, epoch: 32 | loss: 0.2866797
	speed: 0.0451s/iter; left time: 802.7470s
Epoch: 32 cost time: 11.7705397605896
Epoch: 32, Steps: 261 | Train Loss: 0.2897183 Vali Loss: 1.0456754 Test Loss: 0.4641203
EarlyStopping counter: 19 out of 20
Updating learning rate to 9.083960728023302e-05
	iters: 100, epoch: 33 | loss: 0.2766419
	speed: 0.1130s/iter; left time: 1994.9530s
	iters: 200, epoch: 33 | loss: 0.2981786
	speed: 0.0451s/iter; left time: 791.0228s
Epoch: 33 cost time: 11.77551794052124
Epoch: 33, Steps: 261 | Train Loss: 0.2846836 Vali Loss: 1.0367593 Test Loss: 0.4652100
EarlyStopping counter: 20 out of 20
Early stopping
>>>>>>>testing : NL_ettm1_cms3_lr0.00005_5steps_336_720_PatchTST_ETTm1_ftM_sl336_ll48_pl720_dm128_nh16_el3_dl1_df256_fc1_ebtimeF_dtTruelr5e-05_pol5steps_Nested_Learning_0<<<<<<<<<<<<<<<<<<<<<<<<<<<<<<<<<
test 10801
 Ejecutando Inferencia DINÁMICA (Nested Learning con cms3)
  -> Política: 5steps | LR: 5e-05 | Target: head

RESUMEN: El CMS se actualizó 17 veces de 84 posibles.

mse:0.42094793915748596, mae:0.42616942524909973, rse:0.6171647906303406
