==========================================================
SÚPER ARRAY TFG - TAREA ID: 41 / 113
Nodo: dionisio
Dataset: ettm1 | Experimento: NL_ettm1_flatten_lr0.001_spc
Cabeza: flatten | LR: 0.001 | Política: spc
==========================================================
Args in experiment:
Namespace(random_seed=2021, is_training=1, model_id='NL_ettm1_flatten_lr0.001_spc_336_96', model='PatchTST', data='ETTm1', root_path='./dataset/', data_path='ETTm1.csv', features='M', target='OT', freq='h', checkpoints='./checkpoints/', seq_len=336, label_len=48, pred_len=96, head_type='flatten', cms_lr=0.001, update_policy='spc', fc_dropout=0.2, head_dropout=0.0, patch_len=16, stride=8, padding_patch='end', revin=1, affine=0, subtract_last=0, decomposition=0, kernel_size=25, individual=1, embed_type=0, enc_in=7, dec_in=7, c_out=7, d_model=128, n_heads=16, e_layers=3, d_layers=1, d_ff=256, moving_avg=25, factor=1, distil=True, dropout=0.2, embed='timeF', activation='gelu', output_attention=False, do_predict=False, num_workers=0, itr=1, train_epochs=100, batch_size=128, patience=20, learning_rate=0.0001, des='Nested_Learning', loss='mse', lradj='TST', pct_start=0.4, use_amp=False, use_gpu=True, gpu=0, use_multi_gpu=False, devices='0,1,2,3', test_flop=False)
Use GPU: cuda:0
>>>>>>>start training : NL_ettm1_flatten_lr0.001_spc_336_96_PatchTST_ETTm1_ftM_sl336_ll48_pl96_dm128_nh16_el3_dl1_df256_fc1_ebtimeF_dtTruelr0.001_pol_spc_Nested_Learning_0>>>>>>>>>>>>>>>>>>>>>>>>>>
train 34129
val 11425
test 11425
	iters: 100, epoch: 1 | loss: 0.4668561
	speed: 0.3411s/iter; left time: 9038.6037s
	iters: 200, epoch: 1 | loss: 0.4008499
	speed: 0.0433s/iter; left time: 1141.9758s
Epoch: 1 cost time: 15.523891687393188
Epoch: 1, Steps: 266 | Train Loss: 0.4310276 Vali Loss: 0.4773698 Test Loss: 0.3819567
Validation loss decreased (inf --> 0.477370).  Saving model ...
Updating learning rate to 4.147995783958166e-06
	iters: 100, epoch: 2 | loss: 0.3190821
	speed: 0.1100s/iter; left time: 2886.8211s
	iters: 200, epoch: 2 | loss: 0.2879390
	speed: 0.0435s/iter; left time: 1137.3645s
Epoch: 2 cost time: 11.571072816848755
Epoch: 2, Steps: 266 | Train Loss: 0.3283138 Vali Loss: 0.4187908 Test Loss: 0.3366759
Validation loss decreased (0.477370 --> 0.418791).  Saving model ...
Updating learning rate to 4.591070521163098e-06
	iters: 100, epoch: 3 | loss: 0.3130926
	speed: 0.1079s/iter; left time: 2802.9253s
	iters: 200, epoch: 3 | loss: 0.3059299
	speed: 0.0437s/iter; left time: 1130.0422s
Epoch: 3 cost time: 11.733351230621338
Epoch: 3, Steps: 266 | Train Loss: 0.2975467 Vali Loss: 0.3973144 Test Loss: 0.3175204
Validation loss decreased (0.418791 --> 0.397314).  Saving model ...
Updating learning rate to 5.326491995236255e-06
	iters: 100, epoch: 4 | loss: 0.2862463
	speed: 0.1104s/iter; left time: 2838.3843s
	iters: 200, epoch: 4 | loss: 0.3254760
	speed: 0.0449s/iter; left time: 1150.5911s
Epoch: 4 cost time: 11.739987134933472
Epoch: 4, Steps: 266 | Train Loss: 0.2810466 Vali Loss: 0.3843380 Test Loss: 0.3067113
Validation loss decreased (0.397314 --> 0.384338).  Saving model ...
Updating learning rate to 6.349725236277868e-06
	iters: 100, epoch: 5 | loss: 0.2687001
	speed: 0.1080s/iter; left time: 2747.7780s
	iters: 200, epoch: 5 | loss: 0.2659402
	speed: 0.0437s/iter; left time: 1107.5427s
Epoch: 5 cost time: 11.629735946655273
Epoch: 5, Steps: 266 | Train Loss: 0.2717974 Vali Loss: 0.3756987 Test Loss: 0.3010323
Validation loss decreased (0.384338 --> 0.375699).  Saving model ...
Updating learning rate to 7.654460485717921e-06
	iters: 100, epoch: 6 | loss: 0.2488179
	speed: 0.1102s/iter; left time: 2773.4880s
	iters: 200, epoch: 6 | loss: 0.2491925
	speed: 0.0438s/iter; left time: 1097.0131s
Epoch: 6 cost time: 11.643281936645508
Epoch: 6, Steps: 266 | Train Loss: 0.2658324 Vali Loss: 0.3734953 Test Loss: 0.2970049
Validation loss decreased (0.375699 --> 0.373495).  Saving model ...
Updating learning rate to 9.232652105385623e-06
	iters: 100, epoch: 7 | loss: 0.2752355
	speed: 0.1080s/iter; left time: 2690.3574s
	iters: 200, epoch: 7 | loss: 0.2547871
	speed: 0.0438s/iter; left time: 1086.5537s
Epoch: 7 cost time: 11.641530990600586
Epoch: 7, Steps: 266 | Train Loss: 0.2612115 Vali Loss: 0.3729259 Test Loss: 0.2944410
Validation loss decreased (0.373495 --> 0.372926).  Saving model ...
Updating learning rate to 1.1074568190864783e-05
	iters: 100, epoch: 8 | loss: 0.2680390
	speed: 0.1088s/iter; left time: 2681.5703s
	iters: 200, epoch: 8 | loss: 0.2750420
	speed: 0.0439s/iter; left time: 1076.1681s
Epoch: 8 cost time: 11.648797512054443
Epoch: 8, Steps: 266 | Train Loss: 0.2573357 Vali Loss: 0.3732089 Test Loss: 0.2932261
EarlyStopping counter: 1 out of 20
Updating learning rate to 1.316885058319476e-05
	iters: 100, epoch: 9 | loss: 0.2714790
	speed: 0.1062s/iter; left time: 2588.9188s
	iters: 200, epoch: 9 | loss: 0.2440873
	speed: 0.0438s/iter; left time: 1063.0505s
Epoch: 9 cost time: 11.650312662124634
Epoch: 9, Steps: 266 | Train Loss: 0.2533549 Vali Loss: 0.3677784 Test Loss: 0.2921081
Validation loss decreased (0.372926 --> 0.367778).  Saving model ...
Updating learning rate to 1.5502584908855415e-05
	iters: 100, epoch: 10 | loss: 0.2279700
	speed: 0.1097s/iter; left time: 2643.5076s
	iters: 200, epoch: 10 | loss: 0.2534289
	speed: 0.0438s/iter; left time: 1050.5874s
Epoch: 10 cost time: 11.640408515930176
Epoch: 10, Steps: 266 | Train Loss: 0.2503142 Vali Loss: 0.3671768 Test Loss: 0.2912876
Validation loss decreased (0.367778 --> 0.367177).  Saving model ...
Updating learning rate to 1.806138021613527e-05
	iters: 100, epoch: 11 | loss: 0.2292661
	speed: 0.1085s/iter; left time: 2585.9582s
	iters: 200, epoch: 11 | loss: 0.2417465
	speed: 0.0438s/iter; left time: 1039.6960s
Epoch: 11 cost time: 11.643242597579956
Epoch: 11, Steps: 266 | Train Loss: 0.2473072 Vali Loss: 0.3670252 Test Loss: 0.2905623
Validation loss decreased (0.367177 --> 0.367025).  Saving model ...
Updating learning rate to 2.0829457716805565e-05
	iters: 100, epoch: 12 | loss: 0.2356232
	speed: 0.1083s/iter; left time: 2552.5910s
	iters: 200, epoch: 12 | loss: 0.2540334
	speed: 0.0438s/iter; left time: 1027.9639s
Epoch: 12 cost time: 11.650247812271118
Epoch: 12, Steps: 266 | Train Loss: 0.2447169 Vali Loss: 0.3645287 Test Loss: 0.2890438
Validation loss decreased (0.367025 --> 0.364529).  Saving model ...
Updating learning rate to 2.3789748085875986e-05
	iters: 100, epoch: 13 | loss: 0.2399214
	speed: 0.1092s/iter; left time: 2544.4780s
	iters: 200, epoch: 13 | loss: 0.2102674
	speed: 0.0438s/iter; left time: 1016.5979s
Epoch: 13 cost time: 11.650687217712402
Epoch: 13, Steps: 266 | Train Loss: 0.2419008 Vali Loss: 0.3659989 Test Loss: 0.2884309
EarlyStopping counter: 1 out of 20
Updating learning rate to 2.6923996719433387e-05
	iters: 100, epoch: 14 | loss: 0.2546170
	speed: 0.1064s/iter; left time: 2451.1122s
	iters: 200, epoch: 14 | loss: 0.2281743
	speed: 0.0438s/iter; left time: 1005.3113s
Epoch: 14 cost time: 11.654300928115845
Epoch: 14, Steps: 266 | Train Loss: 0.2394535 Vali Loss: 0.3648061 Test Loss: 0.2898380
EarlyStopping counter: 2 out of 20
Updating learning rate to 3.021287630149266e-05
	iters: 100, epoch: 15 | loss: 0.2102772
	speed: 0.1064s/iter; left time: 2422.8155s
	iters: 200, epoch: 15 | loss: 0.2160880
	speed: 0.0438s/iter; left time: 993.9699s
Epoch: 15 cost time: 11.648473978042603
Epoch: 15, Steps: 266 | Train Loss: 0.2369109 Vali Loss: 0.3682373 Test Loss: 0.2881910
EarlyStopping counter: 3 out of 20
Updating learning rate to 3.363610598571669e-05
	iters: 100, epoch: 16 | loss: 0.2374157
	speed: 0.1064s/iter; left time: 2394.3994s
	iters: 200, epoch: 16 | loss: 0.2480054
	speed: 0.0439s/iter; left time: 983.0682s
Epoch: 16 cost time: 11.647261142730713
Epoch: 16, Steps: 266 | Train Loss: 0.2344067 Vali Loss: 0.3686853 Test Loss: 0.2878330
EarlyStopping counter: 4 out of 20
Updating learning rate to 3.717257645707274e-05
	iters: 100, epoch: 17 | loss: 0.2357801
	speed: 0.1063s/iter; left time: 2363.9372s
	iters: 200, epoch: 17 | loss: 0.2429309
	speed: 0.0439s/iter; left time: 971.4641s
Epoch: 17 cost time: 11.650625944137573
Epoch: 17, Steps: 266 | Train Loss: 0.2325528 Vali Loss: 0.3773801 Test Loss: 0.2903736
EarlyStopping counter: 5 out of 20
Updating learning rate to 4.08004801022336e-05
	iters: 100, epoch: 18 | loss: 0.2407012
	speed: 0.1064s/iter; left time: 2337.6864s
	iters: 200, epoch: 18 | loss: 0.2373749
	speed: 0.0438s/iter; left time: 959.1539s
Epoch: 18 cost time: 11.65610408782959
Epoch: 18, Steps: 266 | Train Loss: 0.2304546 Vali Loss: 0.3755600 Test Loss: 0.2896402
EarlyStopping counter: 6 out of 20
Updating learning rate to 4.4497445486028815e-05
	iters: 100, epoch: 19 | loss: 0.2244201
	speed: 0.1065s/iter; left time: 2311.5897s
	iters: 200, epoch: 19 | loss: 0.2278303
	speed: 0.0438s/iter; left time: 946.9539s
Epoch: 19 cost time: 11.64925479888916
Epoch: 19, Steps: 266 | Train Loss: 0.2280348 Vali Loss: 0.3774051 Test Loss: 0.2888040
EarlyStopping counter: 7 out of 20
Updating learning rate to 4.8240675304698384e-05
	iters: 100, epoch: 20 | loss: 0.2061787
	speed: 0.1064s/iter; left time: 2282.7847s
	iters: 200, epoch: 20 | loss: 0.2392823
	speed: 0.0438s/iter; left time: 935.2357s
Epoch: 20 cost time: 11.642446994781494
Epoch: 20, Steps: 266 | Train Loss: 0.2257955 Vali Loss: 0.3868925 Test Loss: 0.2927134
EarlyStopping counter: 8 out of 20
Updating learning rate to 5.2007086965261054e-05
	iters: 100, epoch: 21 | loss: 0.2404668
	speed: 0.1065s/iter; left time: 2255.2760s
	iters: 200, epoch: 21 | loss: 0.1999821
	speed: 0.0464s/iter; left time: 978.0828s
Epoch: 21 cost time: 11.91145133972168
Epoch: 21, Steps: 266 | Train Loss: 0.2230810 Vali Loss: 0.3775249 Test Loss: 0.2891033
EarlyStopping counter: 9 out of 20
Updating learning rate to 5.5773454924116216e-05
	iters: 100, epoch: 22 | loss: 0.2288788
	speed: 0.1064s/iter; left time: 2225.4347s
	iters: 200, epoch: 22 | loss: 0.2252581
	speed: 0.0438s/iter; left time: 912.3153s
Epoch: 22 cost time: 11.649260997772217
Epoch: 22, Steps: 266 | Train Loss: 0.2204724 Vali Loss: 0.3900480 Test Loss: 0.2897286
EarlyStopping counter: 10 out of 20
Updating learning rate to 5.95165539071495e-05
	iters: 100, epoch: 23 | loss: 0.2160714
	speed: 0.1064s/iter; left time: 2197.3575s
	iters: 200, epoch: 23 | loss: 0.1998997
	speed: 0.0439s/iter; left time: 901.1634s
Epoch: 23 cost time: 11.657321214675903
Epoch: 23, Steps: 266 | Train Loss: 0.2181108 Vali Loss: 0.3827454 Test Loss: 0.2870044
EarlyStopping counter: 11 out of 20
Updating learning rate to 6.321330212817643e-05
	iters: 100, epoch: 24 | loss: 0.2081144
	speed: 0.1063s/iter; left time: 2166.8867s
	iters: 200, epoch: 24 | loss: 0.2274398
	speed: 0.0438s/iter; left time: 888.8504s
Epoch: 24 cost time: 11.653502702713013
Epoch: 24, Steps: 266 | Train Loss: 0.2156376 Vali Loss: 0.3838707 Test Loss: 0.2906971
EarlyStopping counter: 12 out of 20
Updating learning rate to 6.684090362256924e-05
	iters: 100, epoch: 25 | loss: 0.2380837
	speed: 0.1062s/iter; left time: 2137.1258s
	iters: 200, epoch: 25 | loss: 0.2108150
	speed: 0.0438s/iter; left time: 877.5079s
Epoch: 25 cost time: 11.647784948348999
Epoch: 25, Steps: 266 | Train Loss: 0.2132975 Vali Loss: 0.3897831 Test Loss: 0.2910206
EarlyStopping counter: 13 out of 20
Updating learning rate to 7.037698881836747e-05
	iters: 100, epoch: 26 | loss: 0.2062350
	speed: 0.1062s/iter; left time: 2107.9562s
	iters: 200, epoch: 26 | loss: 0.2036271
	speed: 0.0438s/iter; left time: 865.9478s
Epoch: 26 cost time: 11.637565851211548
Epoch: 26, Steps: 266 | Train Loss: 0.2109021 Vali Loss: 0.3899403 Test Loss: 0.2904707
EarlyStopping counter: 14 out of 20
Updating learning rate to 7.379975247804219e-05
	iters: 100, epoch: 27 | loss: 0.2147617
	speed: 0.1062s/iter; left time: 2079.4467s
	iters: 200, epoch: 27 | loss: 0.2358548
	speed: 0.0438s/iter; left time: 854.0502s
Epoch: 27 cost time: 11.638131856918335
Epoch: 27, Steps: 266 | Train Loss: 0.2084142 Vali Loss: 0.3962954 Test Loss: 0.2934796
EarlyStopping counter: 15 out of 20
Updating learning rate to 7.70880881602968e-05
	iters: 100, epoch: 28 | loss: 0.2087588
	speed: 0.1063s/iter; left time: 2053.4510s
	iters: 200, epoch: 28 | loss: 0.2150099
	speed: 0.0438s/iter; left time: 841.7234s
Epoch: 28 cost time: 11.637245893478394
Epoch: 28, Steps: 266 | Train Loss: 0.2059318 Vali Loss: 0.4024118 Test Loss: 0.2968661
EarlyStopping counter: 16 out of 20
Updating learning rate to 8.02217183727475e-05
	iters: 100, epoch: 29 | loss: 0.2102592
	speed: 0.1063s/iter; left time: 2025.9857s
	iters: 200, epoch: 29 | loss: 0.2022106
	speed: 0.0438s/iter; left time: 830.1900s
Epoch: 29 cost time: 11.641601324081421
Epoch: 29, Steps: 266 | Train Loss: 0.2038636 Vali Loss: 0.3947271 Test Loss: 0.2947218
EarlyStopping counter: 17 out of 20
Updating learning rate to 8.318131961289731e-05
	iters: 100, epoch: 30 | loss: 0.1952266
	speed: 0.1063s/iter; left time: 1997.6413s
	iters: 200, epoch: 30 | loss: 0.2166796
	speed: 0.0438s/iter; left time: 818.5175s
Epoch: 30 cost time: 11.637020111083984
Epoch: 30, Steps: 266 | Train Loss: 0.2009307 Vali Loss: 0.4027013 Test Loss: 0.2969835
EarlyStopping counter: 18 out of 20
Updating learning rate to 8.59486415263404e-05
	iters: 100, epoch: 31 | loss: 0.1945507
	speed: 0.1063s/iter; left time: 1968.5770s
	iters: 200, epoch: 31 | loss: 0.1946672
	speed: 0.0438s/iter; left time: 806.2566s
Epoch: 31 cost time: 11.6338791847229
Epoch: 31, Steps: 266 | Train Loss: 0.1983564 Vali Loss: 0.4059764 Test Loss: 0.3024632
EarlyStopping counter: 19 out of 20
Updating learning rate to 8.850661944740828e-05
	iters: 100, epoch: 32 | loss: 0.1957360
	speed: 0.1062s/iter; left time: 1939.4194s
	iters: 200, epoch: 32 | loss: 0.1993144
	speed: 0.0438s/iter; left time: 794.9900s
Epoch: 32 cost time: 11.641420602798462
Epoch: 32, Steps: 266 | Train Loss: 0.1957392 Vali Loss: 0.4186889 Test Loss: 0.3042334
EarlyStopping counter: 20 out of 20
Early stopping
>>>>>>>testing : NL_ettm1_flatten_lr0.001_spc_336_96_PatchTST_ETTm1_ftM_sl336_ll48_pl96_dm128_nh16_el3_dl1_df256_fc1_ebtimeF_dtTruelr0.001_pol_spc_Nested_Learning_0<<<<<<<<<<<<<<<<<<<<<<<<<<<<<<<<<
test 11425
 Ejecutando Inferencia DINÁMICA (Nested Learning con flatten)
  -> Política: spc | LR: 0.001 | Target: head

RESUMEN: El CMS se actualizó 15 veces de 89 posibles.

mse:1.2727655172348022, mae:0.6914031505584717, rse:1.0731531381607056
Args in experiment:
Namespace(random_seed=2021, is_training=1, model_id='NL_ettm1_flatten_lr0.001_spc_336_192', model='PatchTST', data='ETTm1', root_path='./dataset/', data_path='ETTm1.csv', features='M', target='OT', freq='h', checkpoints='./checkpoints/', seq_len=336, label_len=48, pred_len=192, head_type='flatten', cms_lr=0.001, update_policy='spc', fc_dropout=0.2, head_dropout=0.0, patch_len=16, stride=8, padding_patch='end', revin=1, affine=0, subtract_last=0, decomposition=0, kernel_size=25, individual=1, embed_type=0, enc_in=7, dec_in=7, c_out=7, d_model=128, n_heads=16, e_layers=3, d_layers=1, d_ff=256, moving_avg=25, factor=1, distil=True, dropout=0.2, embed='timeF', activation='gelu', output_attention=False, do_predict=False, num_workers=0, itr=1, train_epochs=100, batch_size=128, patience=20, learning_rate=0.0001, des='Nested_Learning', loss='mse', lradj='TST', pct_start=0.4, use_amp=False, use_gpu=True, gpu=0, use_multi_gpu=False, devices='0,1,2,3', test_flop=False)
Use GPU: cuda:0
>>>>>>>start training : NL_ettm1_flatten_lr0.001_spc_336_192_PatchTST_ETTm1_ftM_sl336_ll48_pl192_dm128_nh16_el3_dl1_df256_fc1_ebtimeF_dtTruelr0.001_pol_spc_Nested_Learning_0>>>>>>>>>>>>>>>>>>>>>>>>>>
train 34033
val 11329
test 11329
	iters: 100, epoch: 1 | loss: 0.4234484
	speed: 0.1007s/iter; left time: 2657.5803s
	iters: 200, epoch: 1 | loss: 0.4045198
	speed: 0.0445s/iter; left time: 1170.8398s
Epoch: 1 cost time: 12.134385824203491
Epoch: 1, Steps: 265 | Train Loss: 0.4605202 Vali Loss: 0.5806265 Test Loss: 0.4104218
Validation loss decreased (inf --> 0.580626).  Saving model ...
Updating learning rate to 4.147995888890545e-06
	iters: 100, epoch: 2 | loss: 0.3379349
	speed: 0.1163s/iter; left time: 3038.9720s
	iters: 200, epoch: 2 | loss: 0.3161506
	speed: 0.0459s/iter; left time: 1196.3436s
Epoch: 2 cost time: 11.976573705673218
Epoch: 2, Steps: 265 | Train Loss: 0.3622956 Vali Loss: 0.5298205 Test Loss: 0.3701446
Validation loss decreased (0.580626 --> 0.529821).  Saving model ...
Updating learning rate to 4.591070939598485e-06
	iters: 100, epoch: 3 | loss: 0.3360741
	speed: 0.1133s/iter; left time: 2931.6856s
	iters: 200, epoch: 3 | loss: 0.3554258
	speed: 0.0447s/iter; left time: 1153.1668s
Epoch: 3 cost time: 11.85269832611084
Epoch: 3, Steps: 265 | Train Loss: 0.3346172 Vali Loss: 0.5117806 Test Loss: 0.3543095
Validation loss decreased (0.529821 --> 0.511781).  Saving model ...
Updating learning rate to 5.326492931874866e-06
	iters: 100, epoch: 4 | loss: 0.2948592
	speed: 0.1142s/iter; left time: 2923.7878s
	iters: 200, epoch: 4 | loss: 0.2834163
	speed: 0.0448s/iter; left time: 1142.0699s
Epoch: 4 cost time: 11.863284349441528
Epoch: 4, Steps: 265 | Train Loss: 0.3206273 Vali Loss: 0.5007130 Test Loss: 0.3464907
Validation loss decreased (0.511781 --> 0.500713).  Saving model ...
Updating learning rate to 6.349726889409005e-06
	iters: 100, epoch: 5 | loss: 0.2737539
	speed: 0.1241s/iter; left time: 3143.5799s
	iters: 200, epoch: 5 | loss: 0.2983897
	speed: 0.0448s/iter; left time: 1130.6547s
Epoch: 5 cost time: 11.877069473266602
Epoch: 5, Steps: 265 | Train Loss: 0.3126910 Vali Loss: 0.4966798 Test Loss: 0.3407769
Validation loss decreased (0.500713 --> 0.496680).  Saving model ...
Updating learning rate to 7.654463044738896e-06
	iters: 100, epoch: 6 | loss: 0.2901484
	speed: 0.1140s/iter; left time: 2859.5016s
	iters: 200, epoch: 6 | loss: 0.3047279
	speed: 0.0448s/iter; left time: 1119.5108s
Epoch: 6 cost time: 11.876285791397095
Epoch: 6, Steps: 265 | Train Loss: 0.3073452 Vali Loss: 0.4947133 Test Loss: 0.3379944
Validation loss decreased (0.496680 --> 0.494713).  Saving model ...
Updating learning rate to 9.232655748403029e-06
	iters: 100, epoch: 7 | loss: 0.3235889
	speed: 0.1135s/iter; left time: 2815.3067s
	iters: 200, epoch: 7 | loss: 0.2905850
	speed: 0.0448s/iter; left time: 1106.5398s
Epoch: 7 cost time: 11.874444007873535
Epoch: 7, Steps: 265 | Train Loss: 0.3033757 Vali Loss: 0.4902213 Test Loss: 0.3364078
Validation loss decreased (0.494713 --> 0.490221).  Saving model ...
Updating learning rate to 1.107457308240065e-05
	iters: 100, epoch: 8 | loss: 0.2873665
	speed: 0.1118s/iter; left time: 2745.4506s
	iters: 200, epoch: 8 | loss: 0.2770897
	speed: 0.0448s/iter; left time: 1095.9659s
Epoch: 8 cost time: 11.881463289260864
Epoch: 8, Steps: 265 | Train Loss: 0.2996980 Vali Loss: 0.4893430 Test Loss: 0.3341707
Validation loss decreased (0.490221 --> 0.489343).  Saving model ...
Updating learning rate to 1.3168856872018862e-05
	iters: 100, epoch: 9 | loss: 0.3009482
	speed: 0.1150s/iter; left time: 2791.6486s
	iters: 200, epoch: 9 | loss: 0.2901379
	speed: 0.0449s/iter; left time: 1085.1738s
Epoch: 9 cost time: 11.887348413467407
Epoch: 9, Steps: 265 | Train Loss: 0.2962667 Vali Loss: 0.4910889 Test Loss: 0.3336162
EarlyStopping counter: 1 out of 20
Updating learning rate to 1.550259272596464e-05
	iters: 100, epoch: 10 | loss: 0.2658755
	speed: 0.1087s/iter; left time: 2610.5108s
	iters: 200, epoch: 10 | loss: 0.3052587
	speed: 0.0449s/iter; left time: 1073.0809s
Epoch: 10 cost time: 11.873408555984497
Epoch: 10, Steps: 265 | Train Loss: 0.2930597 Vali Loss: 0.4906045 Test Loss: 0.3333697
EarlyStopping counter: 2 out of 20
Updating learning rate to 1.806138967289881e-05
	iters: 100, epoch: 11 | loss: 0.2736664
	speed: 0.1086s/iter; left time: 2579.7168s
	iters: 200, epoch: 11 | loss: 0.2952473
	speed: 0.0449s/iter; left time: 1060.8441s
Epoch: 11 cost time: 11.879060506820679
Epoch: 11, Steps: 265 | Train Loss: 0.2901069 Vali Loss: 0.4875780 Test Loss: 0.3307799
Validation loss decreased (0.489343 --> 0.487578).  Saving model ...
Updating learning rate to 2.0829468903294163e-05
	iters: 100, epoch: 12 | loss: 0.2892249
	speed: 0.1129s/iter; left time: 2652.3378s
	iters: 200, epoch: 12 | loss: 0.2845941
	speed: 0.0448s/iter; left time: 1048.6594s
Epoch: 12 cost time: 11.88206672668457
Epoch: 12, Steps: 265 | Train Loss: 0.2868963 Vali Loss: 0.4902079 Test Loss: 0.3306153
EarlyStopping counter: 1 out of 20
Updating learning rate to 2.3789761069391508e-05
	iters: 100, epoch: 13 | loss: 0.2912312
	speed: 0.1086s/iter; left time: 2521.8644s
	iters: 200, epoch: 13 | loss: 0.2824080
	speed: 0.0449s/iter; left time: 1037.2365s
Epoch: 13 cost time: 11.880651235580444
Epoch: 13, Steps: 265 | Train Loss: 0.2838307 Vali Loss: 0.4842002 Test Loss: 0.3279764
Validation loss decreased (0.487578 --> 0.484200).  Saving model ...
Updating learning rate to 2.692401154325343e-05
	iters: 100, epoch: 14 | loss: 0.2773819
	speed: 0.1148s/iter; left time: 2634.5756s
	iters: 200, epoch: 14 | loss: 0.2916883
	speed: 0.0448s/iter; left time: 1024.7609s
Epoch: 14 cost time: 11.888837337493896
Epoch: 14, Steps: 265 | Train Loss: 0.2807251 Vali Loss: 0.4881720 Test Loss: 0.3309284
EarlyStopping counter: 1 out of 20
Updating learning rate to 3.0212892983843068e-05
	iters: 100, epoch: 15 | loss: 0.2745582
	speed: 0.1089s/iter; left time: 2470.7584s
	iters: 200, epoch: 15 | loss: 0.2775401
	speed: 0.0449s/iter; left time: 1013.7743s
Epoch: 15 cost time: 11.87760066986084
Epoch: 15, Steps: 265 | Train Loss: 0.2774544 Vali Loss: 0.4901552 Test Loss: 0.3319322
EarlyStopping counter: 2 out of 20
Updating learning rate to 3.3636124518983084e-05
	iters: 100, epoch: 16 | loss: 0.2955397
	speed: 0.1087s/iter; left time: 2438.3502s
	iters: 200, epoch: 16 | loss: 0.2938658
	speed: 0.0448s/iter; left time: 1001.0762s
Epoch: 16 cost time: 11.879909992218018
Epoch: 16, Steps: 265 | Train Loss: 0.2747427 Vali Loss: 0.4909951 Test Loss: 0.3309944
EarlyStopping counter: 3 out of 20
Updating learning rate to 3.717259680726015e-05
	iters: 100, epoch: 17 | loss: 0.2455012
	speed: 0.1087s/iter; left time: 2409.0599s
	iters: 200, epoch: 17 | loss: 0.2934737
	speed: 0.0448s/iter; left time: 988.3432s
Epoch: 17 cost time: 11.871174573898315
Epoch: 17, Steps: 265 | Train Loss: 0.2716875 Vali Loss: 0.4958574 Test Loss: 0.3331051
EarlyStopping counter: 4 out of 20
Updating learning rate to 4.080050220868085e-05
	iters: 100, epoch: 18 | loss: 0.2730488
	speed: 0.1086s/iter; left time: 2378.5700s
	iters: 200, epoch: 18 | loss: 0.2721097
	speed: 0.0449s/iter; left time: 977.9836s
Epoch: 18 cost time: 11.878910064697266
Epoch: 18, Steps: 265 | Train Loss: 0.2690974 Vali Loss: 0.5032165 Test Loss: 0.3325078
EarlyStopping counter: 5 out of 20
Updating learning rate to 4.449746926138297e-05
	iters: 100, epoch: 19 | loss: 0.2810880
	speed: 0.1084s/iter; left time: 2345.3843s
	iters: 200, epoch: 19 | loss: 0.2509993
	speed: 0.0449s/iter; left time: 966.5322s
Epoch: 19 cost time: 11.877394437789917
Epoch: 19, Steps: 265 | Train Loss: 0.2664559 Vali Loss: 0.5069928 Test Loss: 0.3318298
EarlyStopping counter: 6 out of 20
Updating learning rate to 4.824070063515135e-05
	iters: 100, epoch: 20 | loss: 0.2731348
	speed: 0.1085s/iter; left time: 2317.4837s
	iters: 200, epoch: 20 | loss: 0.2452573
	speed: 0.0449s/iter; left time: 954.3047s
Epoch: 20 cost time: 11.875511169433594
Epoch: 20, Steps: 265 | Train Loss: 0.2638747 Vali Loss: 0.5105774 Test Loss: 0.3342327
EarlyStopping counter: 7 out of 20
Updating learning rate to 5.200711371104918e-05
	iters: 100, epoch: 21 | loss: 0.2877287
	speed: 0.1087s/iter; left time: 2293.2704s
	iters: 200, epoch: 21 | loss: 0.3064858
	speed: 0.0449s/iter; left time: 943.0965s
Epoch: 21 cost time: 11.885233163833618
Epoch: 21, Steps: 265 | Train Loss: 0.2611278 Vali Loss: 0.5150762 Test Loss: 0.3326803
EarlyStopping counter: 8 out of 20
Updating learning rate to 5.577348292028073e-05
	iters: 100, epoch: 22 | loss: 0.2479439
	speed: 0.1088s/iter; left time: 2266.7691s
	iters: 200, epoch: 22 | loss: 0.2526203
	speed: 0.0448s/iter; left time: 929.6376s
Epoch: 22 cost time: 11.876911878585815
Epoch: 22, Steps: 265 | Train Loss: 0.2584619 Vali Loss: 0.5222501 Test Loss: 0.3338121
EarlyStopping counter: 9 out of 20
Updating learning rate to 5.9516582964553954e-05
	iters: 100, epoch: 23 | loss: 0.2471541
	speed: 0.1086s/iter; left time: 2234.6499s
	iters: 200, epoch: 23 | loss: 0.2631343
	speed: 0.0449s/iter; left time: 918.3793s
Epoch: 23 cost time: 11.879603624343872
Epoch: 23, Steps: 265 | Train Loss: 0.2556597 Vali Loss: 0.5239663 Test Loss: 0.3354465
EarlyStopping counter: 10 out of 20
Updating learning rate to 6.321333203477474e-05
	iters: 100, epoch: 24 | loss: 0.2595606
	speed: 0.1088s/iter; left time: 2209.2965s
	iters: 200, epoch: 24 | loss: 0.2419414
	speed: 0.0449s/iter; left time: 906.5354s
Epoch: 24 cost time: 11.882381439208984
Epoch: 24, Steps: 265 | Train Loss: 0.2528634 Vali Loss: 0.5386442 Test Loss: 0.3390810
EarlyStopping counter: 11 out of 20
Updating learning rate to 6.684093414491588e-05
	iters: 100, epoch: 25 | loss: 0.2737073
	speed: 0.1089s/iter; left time: 2181.6980s
	iters: 200, epoch: 25 | loss: 0.2706124
	speed: 0.0449s/iter; left time: 894.4513s
Epoch: 25 cost time: 11.880252599716187
Epoch: 25, Steps: 265 | Train Loss: 0.2498054 Vali Loss: 0.5404737 Test Loss: 0.3396015
EarlyStopping counter: 12 out of 20
Updating learning rate to 7.037701970335941e-05
	iters: 100, epoch: 26 | loss: 0.2502271
	speed: 0.1087s/iter; left time: 2149.8746s
	iters: 200, epoch: 26 | loss: 0.2460425
	speed: 0.0448s/iter; left time: 882.3786s
Epoch: 26 cost time: 11.874186754226685
Epoch: 26, Steps: 265 | Train Loss: 0.2466304 Vali Loss: 0.5533515 Test Loss: 0.3417558
EarlyStopping counter: 13 out of 20
Updating learning rate to 7.379978345487968e-05
	iters: 100, epoch: 27 | loss: 0.2337478
	speed: 0.1086s/iter; left time: 2119.6404s
	iters: 200, epoch: 27 | loss: 0.2328278
	speed: 0.0449s/iter; left time: 870.8955s
Epoch: 27 cost time: 11.885770797729492
Epoch: 27, Steps: 265 | Train Loss: 0.2434148 Vali Loss: 0.5673701 Test Loss: 0.3438390
EarlyStopping counter: 14 out of 20
Updating learning rate to 7.70881189426489e-05
	iters: 100, epoch: 28 | loss: 0.2494741
	speed: 0.1086s/iter; left time: 2090.3110s
	iters: 200, epoch: 28 | loss: 0.2541586
	speed: 0.0449s/iter; left time: 858.9630s
Epoch: 28 cost time: 11.878413915634155
Epoch: 28, Steps: 265 | Train Loss: 0.2405319 Vali Loss: 0.5552265 Test Loss: 0.3421212
EarlyStopping counter: 15 out of 20
Updating learning rate to 8.022174866110521e-05
	iters: 100, epoch: 29 | loss: 0.2187639
	speed: 0.1085s/iter; left time: 2059.4875s
	iters: 200, epoch: 29 | loss: 0.2422322
	speed: 0.0449s/iter; left time: 846.8633s
Epoch: 29 cost time: 11.882472276687622
Epoch: 29, Steps: 265 | Train Loss: 0.2373374 Vali Loss: 0.5616961 Test Loss: 0.3412502
EarlyStopping counter: 16 out of 20
Updating learning rate to 8.318134909709714e-05
	iters: 100, epoch: 30 | loss: 0.2464184
	speed: 0.1086s/iter; left time: 2031.7792s
	iters: 200, epoch: 30 | loss: 0.2293251
	speed: 0.0449s/iter; left time: 835.6842s
Epoch: 30 cost time: 11.87620496749878
Epoch: 30, Steps: 265 | Train Loss: 0.2342623 Vali Loss: 0.5729002 Test Loss: 0.3457954
EarlyStopping counter: 17 out of 20
Updating learning rate to 8.594866988823775e-05
	iters: 100, epoch: 31 | loss: 0.2356328
	speed: 0.1087s/iter; left time: 2005.8185s
	iters: 200, epoch: 31 | loss: 0.2159435
	speed: 0.0449s/iter; left time: 823.0608s
Epoch: 31 cost time: 11.88033127784729
Epoch: 31, Steps: 265 | Train Loss: 0.2310084 Vali Loss: 0.5689296 Test Loss: 0.3487309
EarlyStopping counter: 18 out of 20
Updating learning rate to 8.850664636367998e-05
	iters: 100, epoch: 32 | loss: 0.2347751
	speed: 0.1085s/iter; left time: 1973.7310s
	iters: 200, epoch: 32 | loss: 0.2267165
	speed: 0.0449s/iter; left time: 811.8822s
Epoch: 32 cost time: 11.881252527236938
Epoch: 32, Steps: 265 | Train Loss: 0.2280084 Vali Loss: 0.5713621 Test Loss: 0.3485168
EarlyStopping counter: 19 out of 20
Updating learning rate to 9.083950477333033e-05
	iters: 100, epoch: 33 | loss: 0.2223922
	speed: 0.1087s/iter; left time: 1948.4810s
	iters: 200, epoch: 33 | loss: 0.2448840
	speed: 0.0448s/iter; left time: 799.0185s
Epoch: 33 cost time: 11.8755464553833
Epoch: 33, Steps: 265 | Train Loss: 0.2248494 Vali Loss: 0.5750096 Test Loss: 0.3575552
EarlyStopping counter: 20 out of 20
Early stopping
>>>>>>>testing : NL_ettm1_flatten_lr0.001_spc_336_192_PatchTST_ETTm1_ftM_sl336_ll48_pl192_dm128_nh16_el3_dl1_df256_fc1_ebtimeF_dtTruelr0.001_pol_spc_Nested_Learning_0<<<<<<<<<<<<<<<<<<<<<<<<<<<<<<<<<
test 11329
 Ejecutando Inferencia DINÁMICA (Nested Learning con flatten)
  -> Política: spc | LR: 0.001 | Target: head

RESUMEN: El CMS se actualizó 21 veces de 88 posibles.

mse:1.0859425067901611, mae:0.6795404553413391, rse:0.9911694526672363
Args in experiment:
Namespace(random_seed=2021, is_training=1, model_id='NL_ettm1_flatten_lr0.001_spc_336_336', model='PatchTST', data='ETTm1', root_path='./dataset/', data_path='ETTm1.csv', features='M', target='OT', freq='h', checkpoints='./checkpoints/', seq_len=336, label_len=48, pred_len=336, head_type='flatten', cms_lr=0.001, update_policy='spc', fc_dropout=0.2, head_dropout=0.0, patch_len=16, stride=8, padding_patch='end', revin=1, affine=0, subtract_last=0, decomposition=0, kernel_size=25, individual=1, embed_type=0, enc_in=7, dec_in=7, c_out=7, d_model=128, n_heads=16, e_layers=3, d_layers=1, d_ff=256, moving_avg=25, factor=1, distil=True, dropout=0.2, embed='timeF', activation='gelu', output_attention=False, do_predict=False, num_workers=0, itr=1, train_epochs=100, batch_size=128, patience=20, learning_rate=0.0001, des='Nested_Learning', loss='mse', lradj='TST', pct_start=0.4, use_amp=False, use_gpu=True, gpu=0, use_multi_gpu=False, devices='0,1,2,3', test_flop=False)
Use GPU: cuda:0
>>>>>>>start training : NL_ettm1_flatten_lr0.001_spc_336_336_PatchTST_ETTm1_ftM_sl336_ll48_pl336_dm128_nh16_el3_dl1_df256_fc1_ebtimeF_dtTruelr0.001_pol_spc_Nested_Learning_0>>>>>>>>>>>>>>>>>>>>>>>>>>
train 33889
val 11185
test 11185
	iters: 100, epoch: 1 | loss: 0.4954148
	speed: 0.0959s/iter; left time: 2521.5768s
	iters: 200, epoch: 1 | loss: 0.4448811
	speed: 0.0459s/iter; left time: 1203.7043s
Epoch: 1 cost time: 12.467621088027954
Epoch: 1, Steps: 264 | Train Loss: 0.4939746 Vali Loss: 0.7155040 Test Loss: 0.4415777
Validation loss decreased (inf --> 0.715504).  Saving model ...
Updating learning rate to 4.147995994617984e-06
	iters: 100, epoch: 2 | loss: 0.3891729
	speed: 0.1214s/iter; left time: 3161.9941s
	iters: 200, epoch: 2 | loss: 0.4095334
	speed: 0.0460s/iter; left time: 1194.3825s
Epoch: 2 cost time: 12.164681434631348
Epoch: 2, Steps: 264 | Train Loss: 0.4014222 Vali Loss: 0.6699774 Test Loss: 0.4054296
Validation loss decreased (0.715504 --> 0.669977).  Saving model ...
Updating learning rate to 4.591071361204269e-06
	iters: 100, epoch: 3 | loss: 0.3865999
	speed: 0.1197s/iter; left time: 3086.2139s
	iters: 200, epoch: 3 | loss: 0.3903703
	speed: 0.0462s/iter; left time: 1185.5834s
Epoch: 3 cost time: 12.184674501419067
Epoch: 3, Steps: 264 | Train Loss: 0.3757272 Vali Loss: 0.6555479 Test Loss: 0.3912221
Validation loss decreased (0.669977 --> 0.655548).  Saving model ...
Updating learning rate to 5.3264938756102174e-06
	iters: 100, epoch: 4 | loss: 0.3591217
	speed: 0.1294s/iter; left time: 3300.6961s
	iters: 200, epoch: 4 | loss: 0.3726146
	speed: 0.0486s/iter; left time: 1234.5138s
Epoch: 4 cost time: 12.417002439498901
Epoch: 4, Steps: 264 | Train Loss: 0.3629089 Vali Loss: 0.6476663 Test Loss: 0.3828621
Validation loss decreased (0.655548 --> 0.647666).  Saving model ...
Updating learning rate to 6.349728555065631e-06
	iters: 100, epoch: 5 | loss: 0.3758204
	speed: 0.1215s/iter; left time: 3068.4480s
	iters: 200, epoch: 5 | loss: 0.3612762
	speed: 0.0462s/iter; left time: 1161.9818s
Epoch: 5 cost time: 12.205068111419678
Epoch: 5, Steps: 264 | Train Loss: 0.3555300 Vali Loss: 0.6419747 Test Loss: 0.3790191
Validation loss decreased (0.647666 --> 0.641975).  Saving model ...
Updating learning rate to 7.654465623149092e-06
	iters: 100, epoch: 6 | loss: 0.3817596
	speed: 0.1269s/iter; left time: 3171.2057s
	iters: 200, epoch: 6 | loss: 0.3476386
	speed: 0.0462s/iter; left time: 1150.0195s
Epoch: 6 cost time: 12.217397689819336
Epoch: 6, Steps: 264 | Train Loss: 0.3507212 Vali Loss: 0.6373467 Test Loss: 0.3766344
Validation loss decreased (0.641975 --> 0.637347).  Saving model ...
Updating learning rate to 9.232659419022894e-06
	iters: 100, epoch: 7 | loss: 0.3362715
	speed: 0.1221s/iter; left time: 3018.4899s
	iters: 200, epoch: 7 | loss: 0.3285135
	speed: 0.0462s/iter; left time: 1137.3220s
Epoch: 7 cost time: 12.215876340866089
Epoch: 7, Steps: 264 | Train Loss: 0.3468835 Vali Loss: 0.6394505 Test Loss: 0.3731504
EarlyStopping counter: 1 out of 20
Updating learning rate to 1.1074578010998666e-05
	iters: 100, epoch: 8 | loss: 0.3427695
	speed: 0.1121s/iter; left time: 2742.3876s
	iters: 200, epoch: 8 | loss: 0.3493991
	speed: 0.0463s/iter; left time: 1127.1976s
Epoch: 8 cost time: 12.200796842575073
Epoch: 8, Steps: 264 | Train Loss: 0.3438185 Vali Loss: 0.6389537 Test Loss: 0.3725597
EarlyStopping counter: 2 out of 20
Updating learning rate to 1.3168863208492038e-05
	iters: 100, epoch: 9 | loss: 0.3220508
	speed: 0.1122s/iter; left time: 2712.8511s
	iters: 200, epoch: 9 | loss: 0.3620422
	speed: 0.0463s/iter; left time: 1114.6492s
Epoch: 9 cost time: 12.206376314163208
Epoch: 9, Steps: 264 | Train Loss: 0.3403957 Vali Loss: 0.6384017 Test Loss: 0.3701534
EarlyStopping counter: 3 out of 20
Updating learning rate to 1.5502600602302323e-05
	iters: 100, epoch: 10 | loss: 0.3184696
	speed: 0.1120s/iter; left time: 2678.9679s
	iters: 200, epoch: 10 | loss: 0.3632523
	speed: 0.0462s/iter; left time: 1101.3205s
Epoch: 10 cost time: 12.20173192024231
Epoch: 10, Steps: 264 | Train Loss: 0.3370079 Vali Loss: 0.6360590 Test Loss: 0.3682535
Validation loss decreased (0.637347 --> 0.636059).  Saving model ...
Updating learning rate to 1.8061399201313948e-05
	iters: 100, epoch: 11 | loss: 0.3298325
	speed: 0.1185s/iter; left time: 2804.6868s
	iters: 200, epoch: 11 | loss: 0.3402471
	speed: 0.0462s/iter; left time: 1088.7707s
Epoch: 11 cost time: 12.19949984550476
Epoch: 11, Steps: 264 | Train Loss: 0.3337388 Vali Loss: 0.6369382 Test Loss: 0.3679701
EarlyStopping counter: 1 out of 20
Updating learning rate to 2.08294801745399e-05
	iters: 100, epoch: 12 | loss: 0.3093021
	speed: 0.1123s/iter; left time: 2628.0512s
	iters: 200, epoch: 12 | loss: 0.3209779
	speed: 0.0462s/iter; left time: 1076.9440s
Epoch: 12 cost time: 12.196308612823486
Epoch: 12, Steps: 264 | Train Loss: 0.3301748 Vali Loss: 0.6370379 Test Loss: 0.3659679
EarlyStopping counter: 2 out of 20
Updating learning rate to 2.378977415127951e-05
	iters: 100, epoch: 13 | loss: 0.3632584
	speed: 0.1122s/iter; left time: 2594.5112s
	iters: 200, epoch: 13 | loss: 0.3061879
	speed: 0.0463s/iter; left time: 1065.6587s
Epoch: 13 cost time: 12.215696573257446
Epoch: 13, Steps: 264 | Train Loss: 0.3266700 Vali Loss: 0.6309904 Test Loss: 0.3673926
Validation loss decreased (0.636059 --> 0.630990).  Saving model ...
Updating learning rate to 2.6924026479389104e-05
	iters: 100, epoch: 14 | loss: 0.3104139
	speed: 0.1217s/iter; left time: 2784.0599s
	iters: 200, epoch: 14 | loss: 0.2983198
	speed: 0.0463s/iter; left time: 1053.6978s
Epoch: 14 cost time: 12.221845626831055
Epoch: 14, Steps: 264 | Train Loss: 0.3224615 Vali Loss: 0.6347790 Test Loss: 0.3676784
EarlyStopping counter: 1 out of 20
Updating learning rate to 3.0212909792590238e-05
	iters: 100, epoch: 15 | loss: 0.3106713
	speed: 0.1122s/iter; left time: 2536.6538s
	iters: 200, epoch: 15 | loss: 0.3144931
	speed: 0.0463s/iter; left time: 1042.1013s
Epoch: 15 cost time: 12.215832233428955
Epoch: 15, Steps: 264 | Train Loss: 0.3184888 Vali Loss: 0.6462265 Test Loss: 0.3667814
EarlyStopping counter: 2 out of 20
Updating learning rate to 3.363614319266957e-05
	iters: 100, epoch: 16 | loss: 0.3135448
	speed: 0.1121s/iter; left time: 2504.6064s
	iters: 200, epoch: 16 | loss: 0.3298283
	speed: 0.0464s/iter; left time: 1031.5488s
Epoch: 16 cost time: 12.22216010093689
Epoch: 16, Steps: 264 | Train Loss: 0.3148171 Vali Loss: 0.6465657 Test Loss: 0.3704143
EarlyStopping counter: 3 out of 20
Updating learning rate to 3.7172617311633196e-05
	iters: 100, epoch: 17 | loss: 0.3191522
	speed: 0.1122s/iter; left time: 2477.0285s
	iters: 200, epoch: 17 | loss: 0.3211820
	speed: 0.0464s/iter; left time: 1019.4396s
Epoch: 17 cost time: 12.229541540145874
Epoch: 17, Steps: 264 | Train Loss: 0.3115036 Vali Loss: 0.6534521 Test Loss: 0.3695639
EarlyStopping counter: 4 out of 20
Updating learning rate to 4.0800524482619576e-05
	iters: 100, epoch: 18 | loss: 0.2760277
	speed: 0.1123s/iter; left time: 2450.6423s
	iters: 200, epoch: 18 | loss: 0.3006352
	speed: 0.0463s/iter; left time: 1005.9111s
Epoch: 18 cost time: 12.22739839553833
Epoch: 18, Steps: 264 | Train Loss: 0.3084718 Vali Loss: 0.6480472 Test Loss: 0.3734705
EarlyStopping counter: 5 out of 20
Updating learning rate to 4.449749321687241e-05
	iters: 100, epoch: 19 | loss: 0.2842554
	speed: 0.1122s/iter; left time: 2418.1626s
	iters: 200, epoch: 19 | loss: 0.2923904
	speed: 0.0463s/iter; left time: 993.4214s
Epoch: 19 cost time: 12.220616340637207
Epoch: 19, Steps: 264 | Train Loss: 0.3051457 Vali Loss: 0.6612015 Test Loss: 0.3739034
EarlyStopping counter: 6 out of 20
Updating learning rate to 4.824072615752094e-05
	iters: 100, epoch: 20 | loss: 0.3005991
	speed: 0.1126s/iter; left time: 2396.3030s
	iters: 200, epoch: 20 | loss: 0.2931491
	speed: 0.0463s/iter; left time: 981.7518s
Epoch: 20 cost time: 12.223347663879395
Epoch: 20, Steps: 264 | Train Loss: 0.3013437 Vali Loss: 0.6682695 Test Loss: 0.3744009
EarlyStopping counter: 7 out of 20
Updating learning rate to 5.200714065947608e-05
	iters: 100, epoch: 21 | loss: 0.2908934
	speed: 0.1125s/iter; left time: 2365.2468s
	iters: 200, epoch: 21 | loss: 0.2733013
	speed: 0.0464s/iter; left time: 970.7774s
Epoch: 21 cost time: 12.234216451644897
Epoch: 21, Steps: 264 | Train Loss: 0.2986784 Vali Loss: 0.6630026 Test Loss: 0.3728572
EarlyStopping counter: 8 out of 20
Updating learning rate to 5.577351112855618e-05
	iters: 100, epoch: 22 | loss: 0.2796202
	speed: 0.1124s/iter; left time: 2332.7290s
	iters: 200, epoch: 22 | loss: 0.2918026
	speed: 0.0463s/iter; left time: 956.7494s
Epoch: 22 cost time: 12.232067584991455
Epoch: 22, Steps: 264 | Train Loss: 0.2951629 Vali Loss: 0.6785277 Test Loss: 0.3756409
EarlyStopping counter: 9 out of 20
Updating learning rate to 5.951661224210828e-05
	iters: 100, epoch: 23 | loss: 0.2879660
	speed: 0.1123s/iter; left time: 2302.1327s
	iters: 200, epoch: 23 | loss: 0.2741656
	speed: 0.0464s/iter; left time: 945.6093s
Epoch: 23 cost time: 12.236290454864502
Epoch: 23, Steps: 264 | Train Loss: 0.2915955 Vali Loss: 0.6716405 Test Loss: 0.3761981
EarlyStopping counter: 10 out of 20
Updating learning rate to 6.321336216795497e-05
	iters: 100, epoch: 24 | loss: 0.3127570
	speed: 0.1123s/iter; left time: 2272.6572s
	iters: 200, epoch: 24 | loss: 0.2797706
	speed: 0.0464s/iter; left time: 933.6204s
Epoch: 24 cost time: 12.224509477615356
Epoch: 24, Steps: 264 | Train Loss: 0.2875530 Vali Loss: 0.6848144 Test Loss: 0.3762159
EarlyStopping counter: 11 out of 20
Updating learning rate to 6.684096489850761e-05
	iters: 100, epoch: 25 | loss: 0.2739096
	speed: 0.1123s/iter; left time: 2241.6254s
	iters: 200, epoch: 25 | loss: 0.2927101
	speed: 0.0464s/iter; left time: 922.4536s
Epoch: 25 cost time: 12.238683223724365
Epoch: 25, Steps: 264 | Train Loss: 0.2833976 Vali Loss: 0.6849662 Test Loss: 0.3765696
EarlyStopping counter: 12 out of 20
Updating learning rate to 7.03770508223417e-05
	iters: 100, epoch: 26 | loss: 0.2769435
	speed: 0.1123s/iter; left time: 2212.8557s
	iters: 200, epoch: 26 | loss: 0.2614266
	speed: 0.0464s/iter; left time: 909.4619s
Epoch: 26 cost time: 12.244824409484863
Epoch: 26, Steps: 264 | Train Loss: 0.2795122 Vali Loss: 0.6890854 Test Loss: 0.3802774
EarlyStopping counter: 13 out of 20
Updating learning rate to 7.379981466640088e-05
	iters: 100, epoch: 27 | loss: 0.2712257
	speed: 0.1123s/iter; left time: 2182.5855s
	iters: 200, epoch: 27 | loss: 0.3001446
	speed: 0.0464s/iter; left time: 897.1767s
Epoch: 27 cost time: 12.237984657287598
Epoch: 27, Steps: 264 | Train Loss: 0.2752163 Vali Loss: 0.6978765 Test Loss: 0.3849056
EarlyStopping counter: 14 out of 20
Updating learning rate to 7.708814995820833e-05
	iters: 100, epoch: 28 | loss: 0.2926880
	speed: 0.1125s/iter; left time: 2156.1543s
	iters: 200, epoch: 28 | loss: 0.2675838
	speed: 0.0463s/iter; left time: 883.7583s
Epoch: 28 cost time: 12.225229024887085
Epoch: 28, Steps: 264 | Train Loss: 0.2704824 Vali Loss: 0.6952249 Test Loss: 0.3917705
EarlyStopping counter: 15 out of 20
Updating learning rate to 8.022177917892456e-05
	iters: 100, epoch: 29 | loss: 0.2717566
	speed: 0.1126s/iter; left time: 2128.7688s
	iters: 200, epoch: 29 | loss: 0.2669390
	speed: 0.0464s/iter; left time: 872.2157s
Epoch: 29 cost time: 12.231609344482422
Epoch: 29, Steps: 264 | Train Loss: 0.2662768 Vali Loss: 0.7085968 Test Loss: 0.3879395
EarlyStopping counter: 16 out of 20
Updating learning rate to 8.318137880466269e-05
	iters: 100, epoch: 30 | loss: 0.2507398
	speed: 0.1124s/iter; left time: 2095.0800s
	iters: 200, epoch: 30 | loss: 0.2721136
	speed: 0.0463s/iter; left time: 859.2321s
Epoch: 30 cost time: 12.223686456680298
Epoch: 30, Steps: 264 | Train Loss: 0.2621660 Vali Loss: 0.7298970 Test Loss: 0.3960529
EarlyStopping counter: 17 out of 20
Updating learning rate to 8.594869846499432e-05
	iters: 100, epoch: 31 | loss: 0.2558455
	speed: 0.1122s/iter; left time: 2063.0897s
	iters: 200, epoch: 31 | loss: 0.2574674
	speed: 0.0463s/iter; left time: 846.9991s
Epoch: 31 cost time: 12.228747606277466
Epoch: 31, Steps: 264 | Train Loss: 0.2574808 Vali Loss: 0.7196805 Test Loss: 0.4019952
EarlyStopping counter: 18 out of 20
Updating learning rate to 8.85066734838546e-05
	iters: 100, epoch: 32 | loss: 0.2396639
	speed: 0.1124s/iter; left time: 2035.4711s
	iters: 200, epoch: 32 | loss: 0.2716401
	speed: 0.0463s/iter; left time: 834.9823s
Epoch: 32 cost time: 12.231377601623535
Epoch: 32, Steps: 264 | Train Loss: 0.2526959 Vali Loss: 0.7376052 Test Loss: 0.4014619
EarlyStopping counter: 19 out of 20
Updating learning rate to 9.083953010886336e-05
	iters: 100, epoch: 33 | loss: 0.2486257
	speed: 0.1123s/iter; left time: 2005.0041s
	iters: 200, epoch: 33 | loss: 0.2503957
	speed: 0.0464s/iter; left time: 823.7608s
Epoch: 33 cost time: 12.234663009643555
Epoch: 33, Steps: 264 | Train Loss: 0.2484611 Vali Loss: 0.7429389 Test Loss: 0.4059414
EarlyStopping counter: 20 out of 20
Early stopping
>>>>>>>testing : NL_ettm1_flatten_lr0.001_spc_336_336_PatchTST_ETTm1_ftM_sl336_ll48_pl336_dm128_nh16_el3_dl1_df256_fc1_ebtimeF_dtTruelr0.001_pol_spc_Nested_Learning_0<<<<<<<<<<<<<<<<<<<<<<<<<<<<<<<<<
test 11185
 Ejecutando Inferencia DINÁMICA (Nested Learning con flatten)
  -> Política: spc | LR: 0.001 | Target: head

RESUMEN: El CMS se actualizó 17 veces de 87 posibles.

mse:0.8496607542037964, mae:0.6197142601013184, rse:0.8770397901535034
Args in experiment:
Namespace(random_seed=2021, is_training=1, model_id='NL_ettm1_flatten_lr0.001_spc_336_720', model='PatchTST', data='ETTm1', root_path='./dataset/', data_path='ETTm1.csv', features='M', target='OT', freq='h', checkpoints='./checkpoints/', seq_len=336, label_len=48, pred_len=720, head_type='flatten', cms_lr=0.001, update_policy='spc', fc_dropout=0.2, head_dropout=0.0, patch_len=16, stride=8, padding_patch='end', revin=1, affine=0, subtract_last=0, decomposition=0, kernel_size=25, individual=1, embed_type=0, enc_in=7, dec_in=7, c_out=7, d_model=128, n_heads=16, e_layers=3, d_layers=1, d_ff=256, moving_avg=25, factor=1, distil=True, dropout=0.2, embed='timeF', activation='gelu', output_attention=False, do_predict=False, num_workers=0, itr=1, train_epochs=100, batch_size=128, patience=20, learning_rate=0.0001, des='Nested_Learning', loss='mse', lradj='TST', pct_start=0.4, use_amp=False, use_gpu=True, gpu=0, use_multi_gpu=False, devices='0,1,2,3', test_flop=False)
Use GPU: cuda:0
>>>>>>>start training : NL_ettm1_flatten_lr0.001_spc_336_720_PatchTST_ETTm1_ftM_sl336_ll48_pl720_dm128_nh16_el3_dl1_df256_fc1_ebtimeF_dtTruelr0.001_pol_spc_Nested_Learning_0>>>>>>>>>>>>>>>>>>>>>>>>>>
train 33505
val 10801
test 10801
	iters: 100, epoch: 1 | loss: 0.5290712
	speed: 0.0941s/iter; left time: 2447.0710s
	iters: 200, epoch: 1 | loss: 0.4931815
	speed: 0.0496s/iter; left time: 1284.3174s
Epoch: 1 cost time: 13.292043924331665
Epoch: 1, Steps: 261 | Train Loss: 0.5540597 Vali Loss: 1.0187896 Test Loss: 0.4944155
Validation loss decreased (inf --> 1.018790).  Saving model ...
Updating learning rate to 4.147996316662011e-06
	iters: 100, epoch: 2 | loss: 0.5114127
	speed: 0.1412s/iter; left time: 3635.6696s
	iters: 200, epoch: 2 | loss: 0.4537256
	speed: 0.0497s/iter; left time: 1273.7570s
Epoch: 2 cost time: 13.010920763015747
Epoch: 2, Steps: 261 | Train Loss: 0.4670263 Vali Loss: 0.9757311 Test Loss: 0.4607557
Validation loss decreased (1.018790 --> 0.975731).  Saving model ...
Updating learning rate to 4.591072645408634e-06
	iters: 100, epoch: 3 | loss: 0.4439048
	speed: 0.1385s/iter; left time: 3528.3593s
	iters: 200, epoch: 3 | loss: 0.4851220
	speed: 0.0497s/iter; left time: 1262.1192s
Epoch: 3 cost time: 13.004395008087158
Epoch: 3, Steps: 261 | Train Loss: 0.4426969 Vali Loss: 0.9594793 Test Loss: 0.4481008
Validation loss decreased (0.975731 --> 0.959479).  Saving model ...
Updating learning rate to 5.326496750212602e-06
	iters: 100, epoch: 4 | loss: 0.4370602
	speed: 0.1436s/iter; left time: 3620.6344s
	iters: 200, epoch: 4 | loss: 0.4254289
	speed: 0.0498s/iter; left time: 1250.1453s
Epoch: 4 cost time: 13.008827686309814
Epoch: 4, Steps: 261 | Train Loss: 0.4308885 Vali Loss: 0.9530389 Test Loss: 0.4406433
Validation loss decreased (0.959479 --> 0.953039).  Saving model ...
Updating learning rate to 6.349733628628268e-06
	iters: 100, epoch: 5 | loss: 0.4374650
	speed: 0.1385s/iter; left time: 3457.2565s
	iters: 200, epoch: 5 | loss: 0.4344139
	speed: 0.0498s/iter; left time: 1237.0988s
Epoch: 5 cost time: 13.007683992385864
Epoch: 5, Steps: 261 | Train Loss: 0.4244823 Vali Loss: 0.9491829 Test Loss: 0.4368301
Validation loss decreased (0.953039 --> 0.949183).  Saving model ...
Updating learning rate to 7.654473476944045e-06
	iters: 100, epoch: 6 | loss: 0.4059723
	speed: 0.1415s/iter; left time: 3493.5071s
	iters: 200, epoch: 6 | loss: 0.4495730
	speed: 0.0498s/iter; left time: 1223.8538s
Epoch: 6 cost time: 13.023473501205444
Epoch: 6, Steps: 261 | Train Loss: 0.4200940 Vali Loss: 0.9457378 Test Loss: 0.4341645
Validation loss decreased (0.949183 --> 0.945738).  Saving model ...
Updating learning rate to 9.232670599670218e-06
	iters: 100, epoch: 7 | loss: 0.4169491
	speed: 0.1528s/iter; left time: 3732.4471s
	iters: 200, epoch: 7 | loss: 0.4187263
	speed: 0.0497s/iter; left time: 1210.0215s
Epoch: 7 cost time: 13.000961542129517
Epoch: 7, Steps: 261 | Train Loss: 0.4166218 Vali Loss: 0.9410418 Test Loss: 0.4309561
Validation loss decreased (0.945738 --> 0.941042).  Saving model ...
Updating learning rate to 1.1074593023426382e-05
	iters: 100, epoch: 8 | loss: 0.4151285
	speed: 0.1370s/iter; left time: 3311.5681s
	iters: 200, epoch: 8 | loss: 0.4067563
	speed: 0.0500s/iter; left time: 1204.6685s
Epoch: 8 cost time: 13.045520544052124
Epoch: 8, Steps: 261 | Train Loss: 0.4133595 Vali Loss: 0.9382463 Test Loss: 0.4285520
Validation loss decreased (0.941042 --> 0.938246).  Saving model ...
Updating learning rate to 1.3168882509283648e-05
	iters: 100, epoch: 9 | loss: 0.3915444
	speed: 0.1442s/iter; left time: 3447.1645s
	iters: 200, epoch: 9 | loss: 0.4100923
	speed: 0.0499s/iter; left time: 1188.7704s
Epoch: 9 cost time: 13.187705278396606
Epoch: 9, Steps: 261 | Train Loss: 0.4096513 Vali Loss: 0.9410064 Test Loss: 0.4237275
EarlyStopping counter: 1 out of 20
Updating learning rate to 1.5502624593494887e-05
	iters: 100, epoch: 10 | loss: 0.4120495
	speed: 0.1201s/iter; left time: 2840.9605s
	iters: 200, epoch: 10 | loss: 0.4169802
	speed: 0.0499s/iter; left time: 1175.7222s
Epoch: 10 cost time: 13.014850854873657
Epoch: 10, Steps: 261 | Train Loss: 0.4055494 Vali Loss: 0.9348429 Test Loss: 0.4193897
Validation loss decreased (0.938246 --> 0.934843).  Saving model ...
Updating learning rate to 1.806142822470586e-05
	iters: 100, epoch: 11 | loss: 0.3759781
	speed: 0.1757s/iter; left time: 4110.3796s
	iters: 200, epoch: 11 | loss: 0.3522560
	speed: 0.0511s/iter; left time: 1190.7140s
Epoch: 11 cost time: 13.144519805908203
Epoch: 11, Steps: 261 | Train Loss: 0.4005303 Vali Loss: 0.9345492 Test Loss: 0.4180426
Validation loss decreased (0.934843 --> 0.934549).  Saving model ...
Updating learning rate to 2.0829514506563195e-05
	iters: 100, epoch: 12 | loss: 0.3863394
	speed: 0.1417s/iter; left time: 3277.0715s
	iters: 200, epoch: 12 | loss: 0.3866811
	speed: 0.0508s/iter; left time: 1170.4589s
Epoch: 12 cost time: 13.111217737197876
Epoch: 12, Steps: 261 | Train Loss: 0.3955495 Vali Loss: 0.9386102 Test Loss: 0.4180846
EarlyStopping counter: 1 out of 20
Updating learning rate to 2.3789813998487008e-05
	iters: 100, epoch: 13 | loss: 0.3942617
	speed: 0.1212s/iter; left time: 2772.5027s
	iters: 200, epoch: 13 | loss: 0.3888508
	speed: 0.0498s/iter; left time: 1133.8762s
Epoch: 13 cost time: 13.121428728103638
Epoch: 13, Steps: 261 | Train Loss: 0.3902677 Vali Loss: 0.9389318 Test Loss: 0.4182457
EarlyStopping counter: 2 out of 20
Updating learning rate to 2.6924071974601397e-05
	iters: 100, epoch: 14 | loss: 0.3786997
	speed: 0.1216s/iter; left time: 2748.1882s
	iters: 200, epoch: 14 | loss: 0.3680584
	speed: 0.0501s/iter; left time: 1127.4688s
Epoch: 14 cost time: 13.144952774047852
Epoch: 14, Steps: 261 | Train Loss: 0.3852342 Vali Loss: 0.9381350 Test Loss: 0.4208209
EarlyStopping counter: 3 out of 20
Updating learning rate to 3.0212960991742456e-05
	iters: 100, epoch: 15 | loss: 0.3898240
	speed: 0.1201s/iter; left time: 2682.8884s
	iters: 200, epoch: 15 | loss: 0.3731465
	speed: 0.0499s/iter; left time: 1110.8554s
Epoch: 15 cost time: 13.030971050262451
Epoch: 15, Steps: 261 | Train Loss: 0.3799906 Vali Loss: 0.9455571 Test Loss: 0.4212632
EarlyStopping counter: 4 out of 20
Updating learning rate to 3.363620007239161e-05
	iters: 100, epoch: 16 | loss: 0.3564233
	speed: 0.1200s/iter; left time: 2650.3580s
	iters: 200, epoch: 16 | loss: 0.3850686
	speed: 0.0499s/iter; left time: 1096.5283s
Epoch: 16 cost time: 13.00336480140686
Epoch: 16, Steps: 261 | Train Loss: 0.3754090 Vali Loss: 0.9597492 Test Loss: 0.4258208
EarlyStopping counter: 5 out of 20
Updating learning rate to 3.717267976759092e-05
	iters: 100, epoch: 17 | loss: 0.3613838
	speed: 0.1211s/iter; left time: 2641.9324s
	iters: 200, epoch: 17 | loss: 0.3741631
	speed: 0.0499s/iter; left time: 1083.3608s
Epoch: 17 cost time: 13.008457660675049
Epoch: 17, Steps: 261 | Train Loss: 0.3707556 Vali Loss: 0.9567876 Test Loss: 0.4265797
EarlyStopping counter: 6 out of 20
Updating learning rate to 4.0800592328638756e-05
	iters: 100, epoch: 18 | loss: 0.3491810
	speed: 0.1203s/iter; left time: 2595.1285s
	iters: 200, epoch: 18 | loss: 0.3481310
	speed: 0.0499s/iter; left time: 1070.3398s
Epoch: 18 cost time: 13.008975505828857
Epoch: 18, Steps: 261 | Train Loss: 0.3656153 Vali Loss: 0.9691859 Test Loss: 0.4303179
EarlyStopping counter: 7 out of 20
Updating learning rate to 4.449756618485984e-05
	iters: 100, epoch: 19 | loss: 0.4005665
	speed: 0.1200s/iter; left time: 2555.5249s
	iters: 200, epoch: 19 | loss: 0.3646248
	speed: 0.0500s/iter; left time: 1059.1399s
Epoch: 19 cost time: 13.0329749584198
Epoch: 19, Steps: 261 | Train Loss: 0.3608414 Vali Loss: 0.9821925 Test Loss: 0.4317114
EarlyStopping counter: 8 out of 20
Updating learning rate to 4.824080389819096e-05
	iters: 100, epoch: 20 | loss: 0.3307385
	speed: 0.1201s/iter; left time: 2527.5648s
	iters: 200, epoch: 20 | loss: 0.3293735
	speed: 0.0500s/iter; left time: 1047.4124s
Epoch: 20 cost time: 13.021456718444824
Epoch: 20, Steps: 261 | Train Loss: 0.3559069 Vali Loss: 0.9931605 Test Loss: 0.4336621
EarlyStopping counter: 9 out of 20
Updating learning rate to 5.2007222743883666e-05
	iters: 100, epoch: 21 | loss: 0.3788156
	speed: 0.1201s/iter; left time: 2496.1169s
	iters: 200, epoch: 21 | loss: 0.3429956
	speed: 0.0499s/iter; left time: 1032.9227s
Epoch: 21 cost time: 13.022048473358154
Epoch: 21, Steps: 261 | Train Loss: 0.3502671 Vali Loss: 1.0046209 Test Loss: 0.4369662
EarlyStopping counter: 10 out of 20
Updating learning rate to 5.577359705043091e-05
	iters: 100, epoch: 22 | loss: 0.3546819
	speed: 0.1198s/iter; left time: 2457.6289s
	iters: 200, epoch: 22 | loss: 0.3255538
	speed: 0.0499s/iter; left time: 1018.7247s
Epoch: 22 cost time: 13.010039806365967
Epoch: 22, Steps: 261 | Train Loss: 0.3446559 Vali Loss: 1.0037444 Test Loss: 0.4378563
EarlyStopping counter: 11 out of 20
Updating learning rate to 5.951670142097692e-05
	iters: 100, epoch: 23 | loss: 0.3456487
	speed: 0.1209s/iter; left time: 2448.3921s
	iters: 200, epoch: 23 | loss: 0.3086633
	speed: 0.0499s/iter; left time: 1005.4681s
Epoch: 23 cost time: 13.005908250808716
Epoch: 23, Steps: 261 | Train Loss: 0.3394694 Vali Loss: 1.0104173 Test Loss: 0.4386914
EarlyStopping counter: 12 out of 20
Updating learning rate to 6.321345395303321e-05
	iters: 100, epoch: 24 | loss: 0.3183672
	speed: 0.1207s/iter; left time: 2413.6581s
	iters: 200, epoch: 24 | loss: 0.3442562
	speed: 0.0499s/iter; left time: 992.5899s
Epoch: 24 cost time: 13.0154550075531
Epoch: 24, Steps: 261 | Train Loss: 0.3340524 Vali Loss: 1.0172085 Test Loss: 0.4413416
EarlyStopping counter: 13 out of 20
Updating learning rate to 6.6841058573335e-05
	iters: 100, epoch: 25 | loss: 0.3286997
	speed: 0.1206s/iter; left time: 2381.1517s
	iters: 200, epoch: 25 | loss: 0.3220108
	speed: 0.0499s/iter; left time: 979.1818s
Epoch: 25 cost time: 13.023773908615112
Epoch: 25, Steps: 261 | Train Loss: 0.3281885 Vali Loss: 1.0336509 Test Loss: 0.4477308
EarlyStopping counter: 14 out of 20
Updating learning rate to 7.037714561012768e-05
	iters: 100, epoch: 26 | loss: 0.3075567
	speed: 0.1202s/iter; left time: 2340.4892s
	iters: 200, epoch: 26 | loss: 0.3231894
	speed: 0.0499s/iter; left time: 967.2224s
Epoch: 26 cost time: 13.033484935760498
Epoch: 26, Steps: 261 | Train Loss: 0.3223862 Vali Loss: 1.0527716 Test Loss: 0.4485532
EarlyStopping counter: 15 out of 20
Updating learning rate to 7.379990973604285e-05
	iters: 100, epoch: 27 | loss: 0.2996623
	speed: 0.1200s/iter; left time: 2306.4909s
	iters: 200, epoch: 27 | loss: 0.3018596
	speed: 0.0500s/iter; left time: 955.3867s
Epoch: 27 cost time: 13.0243821144104
Epoch: 27, Steps: 261 | Train Loss: 0.3164219 Vali Loss: 1.0414553 Test Loss: 0.4520374
EarlyStopping counter: 16 out of 20
Updating learning rate to 7.708824443093723e-05
	iters: 100, epoch: 28 | loss: 0.3173391
	speed: 0.1200s/iter; left time: 2274.0536s
	iters: 200, epoch: 28 | loss: 0.3156320
	speed: 0.0501s/iter; left time: 944.2661s
Epoch: 28 cost time: 13.023550510406494
Epoch: 28, Steps: 261 | Train Loss: 0.3105238 Vali Loss: 1.0520264 Test Loss: 0.4526983
EarlyStopping counter: 17 out of 20
Updating learning rate to 8.022187213552767e-05
	iters: 100, epoch: 29 | loss: 0.3058544
	speed: 0.1204s/iter; left time: 2250.2908s
	iters: 200, epoch: 29 | loss: 0.3150319
	speed: 0.0500s/iter; left time: 930.0835s
Epoch: 29 cost time: 13.025884866714478
Epoch: 29, Steps: 261 | Train Loss: 0.3042413 Vali Loss: 1.0661579 Test Loss: 0.4582674
EarlyStopping counter: 18 out of 20
Updating learning rate to 8.318146929322795e-05
	iters: 100, epoch: 30 | loss: 0.2925417
	speed: 0.1200s/iter; left time: 2212.0342s
	iters: 200, epoch: 30 | loss: 0.3067529
	speed: 0.0499s/iter; left time: 915.4289s
Epoch: 30 cost time: 13.024458885192871
Epoch: 30, Steps: 261 | Train Loss: 0.2983417 Vali Loss: 1.0845771 Test Loss: 0.4662977
EarlyStopping counter: 19 out of 20
Updating learning rate to 8.59487855091154e-05
	iters: 100, epoch: 31 | loss: 0.2945880
	speed: 0.1201s/iter; left time: 2181.6773s
	iters: 200, epoch: 31 | loss: 0.2926331
	speed: 0.0499s/iter; left time: 901.0761s
Epoch: 31 cost time: 13.018470287322998
Epoch: 31, Steps: 261 | Train Loss: 0.2925269 Vali Loss: 1.0887717 Test Loss: 0.4713550
EarlyStopping counter: 20 out of 20
Early stopping
>>>>>>>testing : NL_ettm1_flatten_lr0.001_spc_336_720_PatchTST_ETTm1_ftM_sl336_ll48_pl720_dm128_nh16_el3_dl1_df256_fc1_ebtimeF_dtTruelr0.001_pol_spc_Nested_Learning_0<<<<<<<<<<<<<<<<<<<<<<<<<<<<<<<<<
test 10801
 Ejecutando Inferencia DINÁMICA (Nested Learning con flatten)
  -> Política: spc | LR: 0.001 | Target: head

RESUMEN: El CMS se actualizó 22 veces de 84 posibles.

mse:0.9441680908203125, mae:0.635902464389801, rse:0.9242971539497375
