==========================================================
SÚPER ARRAY TFG - TAREA ID: 101 / 113
Nodo: dionisio
Dataset: weather | Experimento: NL_weather_cms_lr0.00005_spc
Cabeza: cms | LR: 0.00005 | Política: spc
==========================================================
Args in experiment:
Namespace(random_seed=2021, is_training=1, model_id='NL_weather_cms_lr0.00005_spc_336_96', model='PatchTST', data='custom', root_path='./dataset/', data_path='weather.csv', features='M', target='OT', freq='h', checkpoints='./checkpoints/', seq_len=336, label_len=48, pred_len=96, head_type='cms', cms_lr=5e-05, update_policy='spc', fc_dropout=0.2, head_dropout=0.0, patch_len=16, stride=8, padding_patch='end', revin=1, affine=0, subtract_last=0, decomposition=0, kernel_size=25, individual=0, embed_type=0, enc_in=21, dec_in=7, c_out=7, d_model=128, n_heads=16, e_layers=3, d_layers=1, d_ff=256, moving_avg=25, factor=1, distil=True, dropout=0.2, embed='timeF', activation='gelu', output_attention=False, do_predict=False, num_workers=0, itr=1, train_epochs=100, batch_size=128, patience=20, learning_rate=0.0001, des='Nested_Learning', loss='mse', lradj='type3', pct_start=0.3, use_amp=False, use_gpu=True, gpu=0, use_multi_gpu=False, devices='0,1,2,3', test_flop=False)
Use GPU: cuda:0
>>>>>>>start training : NL_weather_cms_lr0.00005_spc_336_96_PatchTST_custom_ftM_sl336_ll48_pl96_dm128_nh16_el3_dl1_df256_fc1_ebtimeF_dtTruelr5e-05_polspc_Nested_Learning_0>>>>>>>>>>>>>>>>>>>>>>>>>>
train 36456
val 5175
test 10444
	iters: 100, epoch: 1 | loss: 0.8216738
	speed: 0.3428s/iter; left time: 9702.5713s
	iters: 200, epoch: 1 | loss: 1.0434443
	speed: 0.1198s/iter; left time: 3377.6444s
Epoch: 1 cost time: 37.91030240058899
Epoch: 1, Steps: 284 | Train Loss: 0.6402743 Vali Loss: 0.5505450 Test Loss: 0.2333017
Validation loss decreased (inf --> 0.550545).  Saving model ...
Updating learning rate to 0.0001
	iters: 100, epoch: 2 | loss: 0.4226397
	speed: 0.2860s/iter; left time: 8013.9720s
	iters: 200, epoch: 2 | loss: 0.4065847
	speed: 0.1213s/iter; left time: 3385.5354s
Epoch: 2 cost time: 34.390655517578125
Epoch: 2, Steps: 284 | Train Loss: 0.4593168 Vali Loss: 0.4004129 Test Loss: 0.1588534
Validation loss decreased (0.550545 --> 0.400413).  Saving model ...
Updating learning rate to 0.0001
	iters: 100, epoch: 3 | loss: 0.3462617
	speed: 0.2860s/iter; left time: 7932.1431s
	iters: 200, epoch: 3 | loss: 0.5817853
	speed: 0.1217s/iter; left time: 3362.5371s
Epoch: 3 cost time: 34.505215883255005
Epoch: 3, Steps: 284 | Train Loss: 0.4251212 Vali Loss: 0.3948944 Test Loss: 0.1533820
Validation loss decreased (0.400413 --> 0.394894).  Saving model ...
Updating learning rate to 0.0001
	iters: 100, epoch: 4 | loss: 0.4111489
	speed: 0.2859s/iter; left time: 7846.8649s
	iters: 200, epoch: 4 | loss: 0.4095502
	speed: 0.1219s/iter; left time: 3334.7348s
Epoch: 4 cost time: 34.57469344139099
Epoch: 4, Steps: 284 | Train Loss: 0.4169203 Vali Loss: 0.3928318 Test Loss: 0.1512666
Validation loss decreased (0.394894 --> 0.392832).  Saving model ...
Updating learning rate to 9e-05
	iters: 100, epoch: 5 | loss: 0.5646595
	speed: 0.2861s/iter; left time: 7771.9609s
	iters: 200, epoch: 5 | loss: 0.4163037
	speed: 0.1220s/iter; left time: 3302.2732s
Epoch: 5 cost time: 34.60222578048706
Epoch: 5, Steps: 284 | Train Loss: 0.4110340 Vali Loss: 0.3897287 Test Loss: 0.1501301
Validation loss decreased (0.392832 --> 0.389729).  Saving model ...
Updating learning rate to 8.1e-05
	iters: 100, epoch: 6 | loss: 0.5356815
	speed: 0.2855s/iter; left time: 7674.8337s
	iters: 200, epoch: 6 | loss: 0.4897948
	speed: 0.1220s/iter; left time: 3266.5435s
Epoch: 6 cost time: 34.606910705566406
Epoch: 6, Steps: 284 | Train Loss: 0.4060491 Vali Loss: 0.3881135 Test Loss: 0.1494057
Validation loss decreased (0.389729 --> 0.388113).  Saving model ...
Updating learning rate to 7.290000000000001e-05
	iters: 100, epoch: 7 | loss: 0.4157895
	speed: 0.2863s/iter; left time: 7615.1701s
	iters: 200, epoch: 7 | loss: 0.7970168
	speed: 0.1222s/iter; left time: 3238.2369s
Epoch: 7 cost time: 34.67861318588257
Epoch: 7, Steps: 284 | Train Loss: 0.4035007 Vali Loss: 0.3881102 Test Loss: 0.1500409
Validation loss decreased (0.388113 --> 0.388110).  Saving model ...
Updating learning rate to 6.561e-05
	iters: 100, epoch: 8 | loss: 0.5187253
	speed: 0.2867s/iter; left time: 7544.6918s
	iters: 200, epoch: 8 | loss: 0.2882335
	speed: 0.1225s/iter; left time: 3210.2893s
Epoch: 8 cost time: 34.726929903030396
Epoch: 8, Steps: 284 | Train Loss: 0.4012890 Vali Loss: 0.3897924 Test Loss: 0.1489721
EarlyStopping counter: 1 out of 20
Updating learning rate to 5.904900000000001e-05
	iters: 100, epoch: 9 | loss: 0.3334094
	speed: 0.2854s/iter; left time: 7428.1832s
	iters: 200, epoch: 9 | loss: 0.5523955
	speed: 0.1222s/iter; left time: 3168.5705s
Epoch: 9 cost time: 34.671236515045166
Epoch: 9, Steps: 284 | Train Loss: 0.3994231 Vali Loss: 0.3904560 Test Loss: 0.1497458
EarlyStopping counter: 2 out of 20
Updating learning rate to 5.3144100000000005e-05
	iters: 100, epoch: 10 | loss: 0.3474860
	speed: 0.2846s/iter; left time: 7326.1672s
	iters: 200, epoch: 10 | loss: 0.7477394
	speed: 0.1220s/iter; left time: 3128.8980s
Epoch: 10 cost time: 34.59886622428894
Epoch: 10, Steps: 284 | Train Loss: 0.3975233 Vali Loss: 0.3902341 Test Loss: 0.1489211
EarlyStopping counter: 3 out of 20
Updating learning rate to 4.782969000000001e-05
	iters: 100, epoch: 11 | loss: 0.3935659
	speed: 0.2843s/iter; left time: 7239.0078s
	iters: 200, epoch: 11 | loss: 0.3270706
	speed: 0.1219s/iter; left time: 3092.7300s
Epoch: 11 cost time: 34.58895134925842
Epoch: 11, Steps: 284 | Train Loss: 0.3959143 Vali Loss: 0.3880169 Test Loss: 0.1485274
Validation loss decreased (0.388110 --> 0.388017).  Saving model ...
Updating learning rate to 4.304672100000001e-05
	iters: 100, epoch: 12 | loss: 0.3028924
	speed: 0.2866s/iter; left time: 7216.3827s
	iters: 200, epoch: 12 | loss: 0.3276897
	speed: 0.1219s/iter; left time: 3056.9399s
Epoch: 12 cost time: 34.58180379867554
Epoch: 12, Steps: 284 | Train Loss: 0.3936714 Vali Loss: 0.3872514 Test Loss: 0.1493362
Validation loss decreased (0.388017 --> 0.387251).  Saving model ...
Updating learning rate to 3.874204890000001e-05
	iters: 100, epoch: 13 | loss: 0.8614576
	speed: 0.2850s/iter; left time: 7095.6256s
	iters: 200, epoch: 13 | loss: 0.3088313
	speed: 0.1219s/iter; left time: 3022.0130s
Epoch: 13 cost time: 34.57366728782654
Epoch: 13, Steps: 284 | Train Loss: 0.3927617 Vali Loss: 0.3876401 Test Loss: 0.1492644
EarlyStopping counter: 1 out of 20
Updating learning rate to 3.486784401000001e-05
	iters: 100, epoch: 14 | loss: 0.6433012
	speed: 0.2843s/iter; left time: 6996.5130s
	iters: 200, epoch: 14 | loss: 0.4723326
	speed: 0.1219s/iter; left time: 2988.2204s
Epoch: 14 cost time: 34.58317422866821
Epoch: 14, Steps: 284 | Train Loss: 0.3914914 Vali Loss: 0.3907905 Test Loss: 0.1493029
EarlyStopping counter: 2 out of 20
Updating learning rate to 3.138105960900001e-05
	iters: 100, epoch: 15 | loss: 0.2895849
	speed: 0.2845s/iter; left time: 6919.7404s
	iters: 200, epoch: 15 | loss: 0.2481319
	speed: 0.1222s/iter; left time: 2960.5345s
Epoch: 15 cost time: 34.654144048690796
Epoch: 15, Steps: 284 | Train Loss: 0.3902327 Vali Loss: 0.3901626 Test Loss: 0.1493558
EarlyStopping counter: 3 out of 20
Updating learning rate to 2.824295364810001e-05
	iters: 100, epoch: 16 | loss: 0.5593863
	speed: 0.2851s/iter; left time: 6853.1457s
	iters: 200, epoch: 16 | loss: 0.6944719
	speed: 0.1224s/iter; left time: 2929.7202s
Epoch: 16 cost time: 34.7056622505188
Epoch: 16, Steps: 284 | Train Loss: 0.3898031 Vali Loss: 0.3907057 Test Loss: 0.1494172
EarlyStopping counter: 4 out of 20
Updating learning rate to 2.541865828329001e-05
	iters: 100, epoch: 17 | loss: 0.3034371
	speed: 0.2854s/iter; left time: 6780.8037s
	iters: 200, epoch: 17 | loss: 0.7923279
	speed: 0.1226s/iter; left time: 2900.1375s
Epoch: 17 cost time: 34.749903202056885
Epoch: 17, Steps: 284 | Train Loss: 0.3880166 Vali Loss: 0.3915380 Test Loss: 0.1491728
EarlyStopping counter: 5 out of 20
Updating learning rate to 2.287679245496101e-05
	iters: 100, epoch: 18 | loss: 0.2285836
	speed: 0.2858s/iter; left time: 6709.2839s
	iters: 200, epoch: 18 | loss: 0.4720092
	speed: 0.1227s/iter; left time: 2867.5059s
Epoch: 18 cost time: 34.79486274719238
Epoch: 18, Steps: 284 | Train Loss: 0.3873304 Vali Loss: 0.3920624 Test Loss: 0.1493715
EarlyStopping counter: 6 out of 20
Updating learning rate to 2.0589113209464907e-05
	iters: 100, epoch: 19 | loss: 0.7952906
	speed: 0.2861s/iter; left time: 6634.6005s
	iters: 200, epoch: 19 | loss: 0.4993995
	speed: 0.1228s/iter; left time: 2835.2958s
Epoch: 19 cost time: 34.80378293991089
Epoch: 19, Steps: 284 | Train Loss: 0.3864873 Vali Loss: 0.3918062 Test Loss: 0.1491555
EarlyStopping counter: 7 out of 20
Updating learning rate to 1.8530201888518416e-05
	iters: 100, epoch: 20 | loss: 0.3803038
	speed: 0.2859s/iter; left time: 6547.8434s
	iters: 200, epoch: 20 | loss: 0.3342781
	speed: 0.1229s/iter; left time: 2803.3279s
Epoch: 20 cost time: 34.84677529335022
Epoch: 20, Steps: 284 | Train Loss: 0.3858399 Vali Loss: 0.3937036 Test Loss: 0.1497217
EarlyStopping counter: 8 out of 20
Updating learning rate to 1.6677181699666577e-05
	iters: 100, epoch: 21 | loss: 0.2660438
	speed: 0.2862s/iter; left time: 6474.8570s
	iters: 200, epoch: 21 | loss: 0.3162448
	speed: 0.1231s/iter; left time: 2772.0704s
Epoch: 21 cost time: 34.88251495361328
Epoch: 21, Steps: 284 | Train Loss: 0.3842231 Vali Loss: 0.3914260 Test Loss: 0.1496425
EarlyStopping counter: 9 out of 20
Updating learning rate to 1.5009463529699919e-05
	iters: 100, epoch: 22 | loss: 0.2597215
	speed: 0.2866s/iter; left time: 6402.3642s
	iters: 200, epoch: 22 | loss: 0.3653359
	speed: 0.1232s/iter; left time: 2739.5383s
Epoch: 22 cost time: 34.921011209487915
Epoch: 22, Steps: 284 | Train Loss: 0.3845682 Vali Loss: 0.3939613 Test Loss: 0.1497983
EarlyStopping counter: 10 out of 20
Updating learning rate to 1.3508517176729929e-05
	iters: 100, epoch: 23 | loss: 0.2562016
	speed: 0.2867s/iter; left time: 6323.0092s
	iters: 200, epoch: 23 | loss: 0.3624291
	speed: 0.1232s/iter; left time: 2705.5389s
Epoch: 23 cost time: 34.92693519592285
Epoch: 23, Steps: 284 | Train Loss: 0.3831696 Vali Loss: 0.3934996 Test Loss: 0.1497856
EarlyStopping counter: 11 out of 20
Updating learning rate to 1.2157665459056936e-05
	iters: 100, epoch: 24 | loss: 0.4321568
	speed: 0.2873s/iter; left time: 6254.0090s
	iters: 200, epoch: 24 | loss: 0.3275768
	speed: 0.1234s/iter; left time: 2673.8188s
Epoch: 24 cost time: 34.97713279724121
Epoch: 24, Steps: 284 | Train Loss: 0.3834844 Vali Loss: 0.3955425 Test Loss: 0.1493717
EarlyStopping counter: 12 out of 20
Updating learning rate to 1.0941898913151242e-05
	iters: 100, epoch: 25 | loss: 0.3022963
	speed: 0.2871s/iter; left time: 6169.2336s
	iters: 200, epoch: 25 | loss: 0.4935386
	speed: 0.1233s/iter; left time: 2636.5811s
Epoch: 25 cost time: 34.945356130599976
Epoch: 25, Steps: 284 | Train Loss: 0.3817151 Vali Loss: 0.3940602 Test Loss: 0.1497796
EarlyStopping counter: 13 out of 20
Updating learning rate to 9.847709021836118e-06
	iters: 100, epoch: 26 | loss: 0.2702328
	speed: 0.2864s/iter; left time: 6072.7809s
	iters: 200, epoch: 26 | loss: 0.2972593
	speed: 0.1230s/iter; left time: 2594.3729s
Epoch: 26 cost time: 34.86852049827576
Epoch: 26, Steps: 284 | Train Loss: 0.3828702 Vali Loss: 0.3941627 Test Loss: 0.1501332
EarlyStopping counter: 14 out of 20
Updating learning rate to 8.862938119652508e-06
	iters: 100, epoch: 27 | loss: 0.3202853
	speed: 0.2861s/iter; left time: 5984.5676s
	iters: 200, epoch: 27 | loss: 0.2714811
	speed: 0.1228s/iter; left time: 2555.7446s
Epoch: 27 cost time: 34.80537557601929
Epoch: 27, Steps: 284 | Train Loss: 0.3819681 Vali Loss: 0.3952766 Test Loss: 0.1500066
EarlyStopping counter: 15 out of 20
Updating learning rate to 7.976644307687255e-06
	iters: 100, epoch: 28 | loss: 0.2599702
	speed: 0.2859s/iter; left time: 5898.9505s
	iters: 200, epoch: 28 | loss: 0.3195200
	speed: 0.1226s/iter; left time: 2517.5565s
Epoch: 28 cost time: 34.76395559310913
Epoch: 28, Steps: 284 | Train Loss: 0.3819964 Vali Loss: 0.3952713 Test Loss: 0.1496795
EarlyStopping counter: 16 out of 20
Updating learning rate to 7.178979876918531e-06
	iters: 100, epoch: 29 | loss: 0.3137610
	speed: 0.2857s/iter; left time: 5814.3068s
	iters: 200, epoch: 29 | loss: 0.3558956
	speed: 0.1224s/iter; left time: 2477.8469s
Epoch: 29 cost time: 34.71075749397278
Epoch: 29, Steps: 284 | Train Loss: 0.3807336 Vali Loss: 0.3938362 Test Loss: 0.1499015
EarlyStopping counter: 17 out of 20
Updating learning rate to 6.4610818892266776e-06
	iters: 100, epoch: 30 | loss: 0.3360321
	speed: 0.2852s/iter; left time: 5722.7179s
	iters: 200, epoch: 30 | loss: 0.5991465
	speed: 0.1223s/iter; left time: 2441.4373s
Epoch: 30 cost time: 34.69165873527527
Epoch: 30, Steps: 284 | Train Loss: 0.3809047 Vali Loss: 0.3930119 Test Loss: 0.1499659
EarlyStopping counter: 18 out of 20
Updating learning rate to 5.8149737003040096e-06
	iters: 100, epoch: 31 | loss: 0.2430342
	speed: 0.2850s/iter; left time: 5636.8520s
	iters: 200, epoch: 31 | loss: 0.2836836
	speed: 0.1222s/iter; left time: 2405.2326s
Epoch: 31 cost time: 34.664711475372314
Epoch: 31, Steps: 284 | Train Loss: 0.3810454 Vali Loss: 0.3961751 Test Loss: 0.1500226
EarlyStopping counter: 19 out of 20
Updating learning rate to 5.23347633027361e-06
	iters: 100, epoch: 32 | loss: 0.4071224
	speed: 0.2849s/iter; left time: 5554.4780s
	iters: 200, epoch: 32 | loss: 0.5089343
	speed: 0.1223s/iter; left time: 2372.4439s
Epoch: 32 cost time: 34.68986654281616
Epoch: 32, Steps: 284 | Train Loss: 0.3806039 Vali Loss: 0.3959180 Test Loss: 0.1500475
EarlyStopping counter: 20 out of 20
Early stopping
>>>>>>>testing : NL_weather_cms_lr0.00005_spc_336_96_PatchTST_custom_ftM_sl336_ll48_pl96_dm128_nh16_el3_dl1_df256_fc1_ebtimeF_dtTruelr5e-05_polspc_Nested_Learning_0<<<<<<<<<<<<<<<<<<<<<<<<<<<<<<<<<
test 10444
 Ejecutando Inferencia DINÁMICA (Nested Learning con cms)
  -> Política: spc | LR: 5e-05 | Target: head

RESUMEN: El CMS se actualizó 0 veces de 81 posibles.

mse:0.14933617413043976, mae:0.1969538778066635, rse:0.5090876221656799
Args in experiment:
Namespace(random_seed=2021, is_training=1, model_id='NL_weather_cms_lr0.00005_spc_336_192', model='PatchTST', data='custom', root_path='./dataset/', data_path='weather.csv', features='M', target='OT', freq='h', checkpoints='./checkpoints/', seq_len=336, label_len=48, pred_len=192, head_type='cms', cms_lr=5e-05, update_policy='spc', fc_dropout=0.2, head_dropout=0.0, patch_len=16, stride=8, padding_patch='end', revin=1, affine=0, subtract_last=0, decomposition=0, kernel_size=25, individual=0, embed_type=0, enc_in=21, dec_in=7, c_out=7, d_model=128, n_heads=16, e_layers=3, d_layers=1, d_ff=256, moving_avg=25, factor=1, distil=True, dropout=0.2, embed='timeF', activation='gelu', output_attention=False, do_predict=False, num_workers=0, itr=1, train_epochs=100, batch_size=128, patience=20, learning_rate=0.0001, des='Nested_Learning', loss='mse', lradj='type3', pct_start=0.3, use_amp=False, use_gpu=True, gpu=0, use_multi_gpu=False, devices='0,1,2,3', test_flop=False)
Use GPU: cuda:0
>>>>>>>start training : NL_weather_cms_lr0.00005_spc_336_192_PatchTST_custom_ftM_sl336_ll48_pl192_dm128_nh16_el3_dl1_df256_fc1_ebtimeF_dtTruelr5e-05_polspc_Nested_Learning_0>>>>>>>>>>>>>>>>>>>>>>>>>>
train 36360
val 5079
test 10348
	iters: 100, epoch: 1 | loss: 1.1139773
	speed: 0.1418s/iter; left time: 4011.8373s
	iters: 200, epoch: 1 | loss: 0.7983113
	speed: 0.1220s/iter; left time: 3439.5158s
Epoch: 1 cost time: 34.87707042694092
Epoch: 1, Steps: 284 | Train Loss: 0.6925590 Vali Loss: 0.6288783 Test Loss: 0.2740946
Validation loss decreased (inf --> 0.628878).  Saving model ...
Updating learning rate to 0.0001
	iters: 100, epoch: 2 | loss: 0.4455892
	speed: 0.2880s/iter; left time: 8068.9946s
	iters: 200, epoch: 2 | loss: 0.4826634
	speed: 0.1232s/iter; left time: 3439.0575s
Epoch: 2 cost time: 34.94226312637329
Epoch: 2, Steps: 284 | Train Loss: 0.5236524 Vali Loss: 0.4743966 Test Loss: 0.2064731
Validation loss decreased (0.628878 --> 0.474397).  Saving model ...
Updating learning rate to 0.0001
	iters: 100, epoch: 3 | loss: 0.5492661
	speed: 0.2882s/iter; left time: 7992.3878s
	iters: 200, epoch: 3 | loss: 0.4373827
	speed: 0.1232s/iter; left time: 3404.0093s
Epoch: 3 cost time: 34.95579981803894
Epoch: 3, Steps: 284 | Train Loss: 0.4842536 Vali Loss: 0.4650787 Test Loss: 0.2019730
Validation loss decreased (0.474397 --> 0.465079).  Saving model ...
Updating learning rate to 0.0001
	iters: 100, epoch: 4 | loss: 0.4194023
	speed: 0.2887s/iter; left time: 7923.6418s
	iters: 200, epoch: 4 | loss: 0.3531862
	speed: 0.1232s/iter; left time: 3369.6558s
Epoch: 4 cost time: 34.93558979034424
Epoch: 4, Steps: 284 | Train Loss: 0.4752950 Vali Loss: 0.4605160 Test Loss: 0.1965202
Validation loss decreased (0.465079 --> 0.460516).  Saving model ...
Updating learning rate to 9e-05
	iters: 100, epoch: 5 | loss: 0.3902719
	speed: 0.2879s/iter; left time: 7822.0466s
	iters: 200, epoch: 5 | loss: 0.5892167
	speed: 0.1231s/iter; left time: 3330.9720s
Epoch: 5 cost time: 34.923707485198975
Epoch: 5, Steps: 284 | Train Loss: 0.4687885 Vali Loss: 0.4542529 Test Loss: 0.1947380
Validation loss decreased (0.460516 --> 0.454253).  Saving model ...
Updating learning rate to 8.1e-05
	iters: 100, epoch: 6 | loss: 0.3592899
	speed: 0.2884s/iter; left time: 7752.6866s
	iters: 200, epoch: 6 | loss: 0.3923051
	speed: 0.1230s/iter; left time: 3293.3631s
Epoch: 6 cost time: 34.87736773490906
Epoch: 6, Steps: 284 | Train Loss: 0.4647040 Vali Loss: 0.4560319 Test Loss: 0.1937542
EarlyStopping counter: 1 out of 20
Updating learning rate to 7.290000000000001e-05
	iters: 100, epoch: 7 | loss: 0.6168293
	speed: 0.2870s/iter; left time: 7633.3539s
	iters: 200, epoch: 7 | loss: 0.5164644
	speed: 0.1228s/iter; left time: 3254.9978s
Epoch: 7 cost time: 34.85308527946472
Epoch: 7, Steps: 284 | Train Loss: 0.4610258 Vali Loss: 0.4550328 Test Loss: 0.1940848
EarlyStopping counter: 2 out of 20
Updating learning rate to 6.561e-05
	iters: 100, epoch: 8 | loss: 0.4346255
	speed: 0.2867s/iter; left time: 7543.1300s
	iters: 200, epoch: 8 | loss: 0.7325287
	speed: 0.1227s/iter; left time: 3217.2426s
Epoch: 8 cost time: 34.821317195892334
Epoch: 8, Steps: 284 | Train Loss: 0.4585605 Vali Loss: 0.4568062 Test Loss: 0.1938482
EarlyStopping counter: 3 out of 20
Updating learning rate to 5.904900000000001e-05
	iters: 100, epoch: 9 | loss: 0.4020958
	speed: 0.2866s/iter; left time: 7459.0936s
	iters: 200, epoch: 9 | loss: 0.5138996
	speed: 0.1226s/iter; left time: 3180.0678s
Epoch: 9 cost time: 34.7921199798584
Epoch: 9, Steps: 284 | Train Loss: 0.4564215 Vali Loss: 0.4590433 Test Loss: 0.1939258
EarlyStopping counter: 4 out of 20
Updating learning rate to 5.3144100000000005e-05
	iters: 100, epoch: 10 | loss: 0.4030909
	speed: 0.2864s/iter; left time: 7372.4615s
	iters: 200, epoch: 10 | loss: 0.5790082
	speed: 0.1226s/iter; left time: 3143.0839s
Epoch: 10 cost time: 34.7774555683136
Epoch: 10, Steps: 284 | Train Loss: 0.4542521 Vali Loss: 0.4580486 Test Loss: 0.1937281
EarlyStopping counter: 5 out of 20
Updating learning rate to 4.782969000000001e-05
	iters: 100, epoch: 11 | loss: 0.3744965
	speed: 0.2865s/iter; left time: 7294.7939s
	iters: 200, epoch: 11 | loss: 0.4480680
	speed: 0.1225s/iter; left time: 3107.8187s
Epoch: 11 cost time: 34.75877070426941
Epoch: 11, Steps: 284 | Train Loss: 0.4522323 Vali Loss: 0.4622258 Test Loss: 0.1944472
EarlyStopping counter: 6 out of 20
Updating learning rate to 4.304672100000001e-05
	iters: 100, epoch: 12 | loss: 0.3342058
	speed: 0.2864s/iter; left time: 7209.7472s
	iters: 200, epoch: 12 | loss: 0.4918779
	speed: 0.1225s/iter; left time: 3070.9619s
Epoch: 12 cost time: 34.73728680610657
Epoch: 12, Steps: 284 | Train Loss: 0.4508018 Vali Loss: 0.4603737 Test Loss: 0.1939841
EarlyStopping counter: 7 out of 20
Updating learning rate to 3.874204890000001e-05
	iters: 100, epoch: 13 | loss: 0.3478218
	speed: 0.2862s/iter; left time: 7124.4763s
	iters: 200, epoch: 13 | loss: 0.3784388
	speed: 0.1224s/iter; left time: 3035.5050s
Epoch: 13 cost time: 34.72519373893738
Epoch: 13, Steps: 284 | Train Loss: 0.4491510 Vali Loss: 0.4580622 Test Loss: 0.1944871
EarlyStopping counter: 8 out of 20
Updating learning rate to 3.486784401000001e-05
	iters: 100, epoch: 14 | loss: 0.4481821
	speed: 0.2864s/iter; left time: 7047.8623s
	iters: 200, epoch: 14 | loss: 0.4016679
	speed: 0.1224s/iter; left time: 2998.9816s
Epoch: 14 cost time: 34.71608519554138
Epoch: 14, Steps: 284 | Train Loss: 0.4487050 Vali Loss: 0.4590460 Test Loss: 0.1950912
EarlyStopping counter: 9 out of 20
Updating learning rate to 3.138105960900001e-05
	iters: 100, epoch: 15 | loss: 0.3730302
	speed: 0.2861s/iter; left time: 6959.7872s
	iters: 200, epoch: 15 | loss: 0.4805417
	speed: 0.1224s/iter; left time: 2965.8854s
Epoch: 15 cost time: 34.720789194107056
Epoch: 15, Steps: 284 | Train Loss: 0.4468737 Vali Loss: 0.4576423 Test Loss: 0.1957007
EarlyStopping counter: 10 out of 20
Updating learning rate to 2.824295364810001e-05
	iters: 100, epoch: 16 | loss: 0.3749173
	speed: 0.2863s/iter; left time: 6882.4588s
	iters: 200, epoch: 16 | loss: 0.3722357
	speed: 0.1224s/iter; left time: 2929.9639s
Epoch: 16 cost time: 34.70592427253723
Epoch: 16, Steps: 284 | Train Loss: 0.4457918 Vali Loss: 0.4594370 Test Loss: 0.1949443
EarlyStopping counter: 11 out of 20
Updating learning rate to 2.541865828329001e-05
	iters: 100, epoch: 17 | loss: 0.3364957
	speed: 0.2863s/iter; left time: 6801.4827s
	iters: 200, epoch: 17 | loss: 0.3967394
	speed: 0.1223s/iter; left time: 2893.7763s
Epoch: 17 cost time: 34.70092797279358
Epoch: 17, Steps: 284 | Train Loss: 0.4448456 Vali Loss: 0.4616254 Test Loss: 0.1953363
EarlyStopping counter: 12 out of 20
Updating learning rate to 2.287679245496101e-05
	iters: 100, epoch: 18 | loss: 0.3834160
	speed: 0.2863s/iter; left time: 6720.4103s
	iters: 200, epoch: 18 | loss: 0.3747481
	speed: 0.1224s/iter; left time: 2861.7342s
Epoch: 18 cost time: 34.71330380439758
Epoch: 18, Steps: 284 | Train Loss: 0.4439928 Vali Loss: 0.4598516 Test Loss: 0.1961575
EarlyStopping counter: 13 out of 20
Updating learning rate to 2.0589113209464907e-05
	iters: 100, epoch: 19 | loss: 0.4287325
	speed: 0.2859s/iter; left time: 6628.9516s
	iters: 200, epoch: 19 | loss: 0.6175420
	speed: 0.1224s/iter; left time: 2826.6414s
Epoch: 19 cost time: 34.716997385025024
Epoch: 19, Steps: 284 | Train Loss: 0.4429314 Vali Loss: 0.4634528 Test Loss: 0.1956217
EarlyStopping counter: 14 out of 20
Updating learning rate to 1.8530201888518416e-05
	iters: 100, epoch: 20 | loss: 0.3593155
	speed: 0.2863s/iter; left time: 6557.3334s
	iters: 200, epoch: 20 | loss: 0.4593176
	speed: 0.1224s/iter; left time: 2791.3299s
Epoch: 20 cost time: 34.71881151199341
Epoch: 20, Steps: 284 | Train Loss: 0.4422652 Vali Loss: 0.4617472 Test Loss: 0.1961075
EarlyStopping counter: 15 out of 20
Updating learning rate to 1.6677181699666577e-05
	iters: 100, epoch: 21 | loss: 0.4855659
	speed: 0.2862s/iter; left time: 6474.0186s
	iters: 200, epoch: 21 | loss: 0.4441214
	speed: 0.1224s/iter; left time: 2757.2723s
Epoch: 21 cost time: 34.720024824142456
Epoch: 21, Steps: 284 | Train Loss: 0.4416960 Vali Loss: 0.4632313 Test Loss: 0.1962730
EarlyStopping counter: 16 out of 20
Updating learning rate to 1.5009463529699919e-05
	iters: 100, epoch: 22 | loss: 0.3342457
	speed: 0.2859s/iter; left time: 6385.4070s
	iters: 200, epoch: 22 | loss: 0.3506063
	speed: 0.1224s/iter; left time: 2721.4553s
Epoch: 22 cost time: 34.71504521369934
Epoch: 22, Steps: 284 | Train Loss: 0.4412100 Vali Loss: 0.4644819 Test Loss: 0.1967486
EarlyStopping counter: 17 out of 20
Updating learning rate to 1.3508517176729929e-05
	iters: 100, epoch: 23 | loss: 0.6095995
	speed: 0.2859s/iter; left time: 6304.0450s
	iters: 200, epoch: 23 | loss: 0.3712453
	speed: 0.1224s/iter; left time: 2687.4544s
Epoch: 23 cost time: 34.73173999786377
Epoch: 23, Steps: 284 | Train Loss: 0.4404572 Vali Loss: 0.4611871 Test Loss: 0.1966104
EarlyStopping counter: 18 out of 20
Updating learning rate to 1.2157665459056936e-05
	iters: 100, epoch: 24 | loss: 0.3404941
	speed: 0.2860s/iter; left time: 6226.8938s
	iters: 200, epoch: 24 | loss: 0.3724606
	speed: 0.1224s/iter; left time: 2652.0319s
Epoch: 24 cost time: 34.7228569984436
Epoch: 24, Steps: 284 | Train Loss: 0.4399074 Vali Loss: 0.4635241 Test Loss: 0.1966183
EarlyStopping counter: 19 out of 20
Updating learning rate to 1.0941898913151242e-05
	iters: 100, epoch: 25 | loss: 0.3488418
	speed: 0.2859s/iter; left time: 6142.8513s
	iters: 200, epoch: 25 | loss: 0.3852367
	speed: 0.1223s/iter; left time: 2615.6333s
Epoch: 25 cost time: 34.70412611961365
Epoch: 25, Steps: 284 | Train Loss: 0.4393989 Vali Loss: 0.4632755 Test Loss: 0.1972344
EarlyStopping counter: 20 out of 20
Early stopping
>>>>>>>testing : NL_weather_cms_lr0.00005_spc_336_192_PatchTST_custom_ftM_sl336_ll48_pl192_dm128_nh16_el3_dl1_df256_fc1_ebtimeF_dtTruelr5e-05_polspc_Nested_Learning_0<<<<<<<<<<<<<<<<<<<<<<<<<<<<<<<<<
test 10348
 Ejecutando Inferencia DINÁMICA (Nested Learning con cms)
  -> Política: spc | LR: 5e-05 | Target: head

RESUMEN: El CMS se actualizó 0 veces de 80 posibles.

mse:0.19473797082901, mae:0.2420937865972519, rse:0.5805517435073853
Args in experiment:
Namespace(random_seed=2021, is_training=1, model_id='NL_weather_cms_lr0.00005_spc_336_336', model='PatchTST', data='custom', root_path='./dataset/', data_path='weather.csv', features='M', target='OT', freq='h', checkpoints='./checkpoints/', seq_len=336, label_len=48, pred_len=336, head_type='cms', cms_lr=5e-05, update_policy='spc', fc_dropout=0.2, head_dropout=0.0, patch_len=16, stride=8, padding_patch='end', revin=1, affine=0, subtract_last=0, decomposition=0, kernel_size=25, individual=0, embed_type=0, enc_in=21, dec_in=7, c_out=7, d_model=128, n_heads=16, e_layers=3, d_layers=1, d_ff=256, moving_avg=25, factor=1, distil=True, dropout=0.2, embed='timeF', activation='gelu', output_attention=False, do_predict=False, num_workers=0, itr=1, train_epochs=100, batch_size=128, patience=20, learning_rate=0.0001, des='Nested_Learning', loss='mse', lradj='type3', pct_start=0.3, use_amp=False, use_gpu=True, gpu=0, use_multi_gpu=False, devices='0,1,2,3', test_flop=False)
Use GPU: cuda:0
>>>>>>>start training : NL_weather_cms_lr0.00005_spc_336_336_PatchTST_custom_ftM_sl336_ll48_pl336_dm128_nh16_el3_dl1_df256_fc1_ebtimeF_dtTruelr5e-05_polspc_Nested_Learning_0>>>>>>>>>>>>>>>>>>>>>>>>>>
train 36216
val 4935
test 10204
	iters: 100, epoch: 1 | loss: 0.8454807
	speed: 0.1436s/iter; left time: 4036.6363s
	iters: 200, epoch: 1 | loss: 0.6303896
	speed: 0.1223s/iter; left time: 3425.6588s
Epoch: 1 cost time: 34.706066370010376
Epoch: 1, Steps: 282 | Train Loss: 0.7380224 Vali Loss: 0.7109024 Test Loss: 0.3126905
Validation loss decreased (inf --> 0.710902).  Saving model ...
Updating learning rate to 0.0001
	iters: 100, epoch: 2 | loss: 0.4757213
	speed: 0.2890s/iter; left time: 8040.6925s
	iters: 200, epoch: 2 | loss: 0.4497932
	speed: 0.1233s/iter; left time: 3417.0304s
Epoch: 2 cost time: 34.707720041275024
Epoch: 2, Steps: 282 | Train Loss: 0.5840527 Vali Loss: 0.5589312 Test Loss: 0.2556039
Validation loss decreased (0.710902 --> 0.558931).  Saving model ...
Updating learning rate to 0.0001
	iters: 100, epoch: 3 | loss: 0.7150581
	speed: 0.2885s/iter; left time: 7944.7642s
	iters: 200, epoch: 3 | loss: 0.5288000
	speed: 0.1234s/iter; left time: 3385.7644s
Epoch: 3 cost time: 34.74570274353027
Epoch: 3, Steps: 282 | Train Loss: 0.5428343 Vali Loss: 0.5501316 Test Loss: 0.2515096
Validation loss decreased (0.558931 --> 0.550132).  Saving model ...
Updating learning rate to 0.0001
	iters: 100, epoch: 4 | loss: 0.4871062
	speed: 0.2887s/iter; left time: 7867.5863s
	iters: 200, epoch: 4 | loss: 0.4762973
	speed: 0.1232s/iter; left time: 3346.4377s
Epoch: 4 cost time: 34.72569251060486
Epoch: 4, Steps: 282 | Train Loss: 0.5344053 Vali Loss: 0.5449870 Test Loss: 0.2478093
Validation loss decreased (0.550132 --> 0.544987).  Saving model ...
Updating learning rate to 9e-05
	iters: 100, epoch: 5 | loss: 0.5323671
	speed: 0.2883s/iter; left time: 7777.2984s
	iters: 200, epoch: 5 | loss: 0.5006516
	speed: 0.1234s/iter; left time: 3316.0706s
Epoch: 5 cost time: 34.757097005844116
Epoch: 5, Steps: 282 | Train Loss: 0.5266952 Vali Loss: 0.5392972 Test Loss: 0.2456379
Validation loss decreased (0.544987 --> 0.539297).  Saving model ...
Updating learning rate to 8.1e-05
	iters: 100, epoch: 6 | loss: 0.4781200
	speed: 0.2890s/iter; left time: 7714.1865s
	iters: 200, epoch: 6 | loss: 0.4807838
	speed: 0.1233s/iter; left time: 3278.5221s
Epoch: 6 cost time: 34.73508977890015
Epoch: 6, Steps: 282 | Train Loss: 0.5225147 Vali Loss: 0.5414457 Test Loss: 0.2449994
EarlyStopping counter: 1 out of 20
Updating learning rate to 7.290000000000001e-05
	iters: 100, epoch: 7 | loss: 0.4493097
	speed: 0.2874s/iter; left time: 7591.1888s
	iters: 200, epoch: 7 | loss: 0.4312449
	speed: 0.1233s/iter; left time: 3244.7516s
Epoch: 7 cost time: 34.74357223510742
Epoch: 7, Steps: 282 | Train Loss: 0.5189789 Vali Loss: 0.5374026 Test Loss: 0.2451778
Validation loss decreased (0.539297 --> 0.537403).  Saving model ...
Updating learning rate to 6.561e-05
	iters: 100, epoch: 8 | loss: 0.4973590
	speed: 0.2878s/iter; left time: 7519.4300s
	iters: 200, epoch: 8 | loss: 0.5347492
	speed: 0.1232s/iter; left time: 3207.5406s
Epoch: 8 cost time: 34.72810697555542
Epoch: 8, Steps: 282 | Train Loss: 0.5156495 Vali Loss: 0.5345898 Test Loss: 0.2457875
Validation loss decreased (0.537403 --> 0.534590).  Saving model ...
Updating learning rate to 5.904900000000001e-05
	iters: 100, epoch: 9 | loss: 0.4617814
	speed: 0.2883s/iter; left time: 7450.2888s
	iters: 200, epoch: 9 | loss: 0.6042920
	speed: 0.1232s/iter; left time: 3172.6307s
Epoch: 9 cost time: 34.71010088920593
Epoch: 9, Steps: 282 | Train Loss: 0.5131882 Vali Loss: 0.5381657 Test Loss: 0.2475489
EarlyStopping counter: 1 out of 20
Updating learning rate to 5.3144100000000005e-05
	iters: 100, epoch: 10 | loss: 0.5017017
	speed: 0.2874s/iter; left time: 7347.8333s
	iters: 200, epoch: 10 | loss: 0.4215449
	speed: 0.1231s/iter; left time: 3134.9928s
Epoch: 10 cost time: 34.68480610847473
Epoch: 10, Steps: 282 | Train Loss: 0.5105952 Vali Loss: 0.5336034 Test Loss: 0.2478787
Validation loss decreased (0.534590 --> 0.533603).  Saving model ...
Updating learning rate to 4.782969000000001e-05
	iters: 100, epoch: 11 | loss: 0.5094939
	speed: 0.2881s/iter; left time: 7283.2844s
	iters: 200, epoch: 11 | loss: 0.5028823
	speed: 0.1233s/iter; left time: 3103.9662s
Epoch: 11 cost time: 34.71927762031555
Epoch: 11, Steps: 282 | Train Loss: 0.5084318 Vali Loss: 0.5395185 Test Loss: 0.2471993
EarlyStopping counter: 1 out of 20
Updating learning rate to 4.304672100000001e-05
	iters: 100, epoch: 12 | loss: 0.4856629
	speed: 0.2874s/iter; left time: 7185.6313s
	iters: 200, epoch: 12 | loss: 0.4649600
	speed: 0.1233s/iter; left time: 3070.9679s
Epoch: 12 cost time: 34.71381974220276
Epoch: 12, Steps: 282 | Train Loss: 0.5061605 Vali Loss: 0.5390269 Test Loss: 0.2484389
EarlyStopping counter: 2 out of 20
Updating learning rate to 3.874204890000001e-05
	iters: 100, epoch: 13 | loss: 0.6425013
	speed: 0.2868s/iter; left time: 7088.8433s
	iters: 200, epoch: 13 | loss: 0.5398223
	speed: 0.1232s/iter; left time: 3033.4092s
Epoch: 13 cost time: 34.6795597076416
Epoch: 13, Steps: 282 | Train Loss: 0.5045746 Vali Loss: 0.5335554 Test Loss: 0.2482141
Validation loss decreased (0.533603 --> 0.533555).  Saving model ...
Updating learning rate to 3.486784401000001e-05
	iters: 100, epoch: 14 | loss: 0.5039155
	speed: 0.2876s/iter; left time: 7027.0803s
	iters: 200, epoch: 14 | loss: 0.5005654
	speed: 0.1232s/iter; left time: 2996.9347s
Epoch: 14 cost time: 34.66700768470764
Epoch: 14, Steps: 282 | Train Loss: 0.5030662 Vali Loss: 0.5338413 Test Loss: 0.2495890
EarlyStopping counter: 1 out of 20
Updating learning rate to 3.138105960900001e-05
	iters: 100, epoch: 15 | loss: 0.3902465
	speed: 0.2868s/iter; left time: 6926.2355s
	iters: 200, epoch: 15 | loss: 0.6071151
	speed: 0.1232s/iter; left time: 2963.2674s
Epoch: 15 cost time: 34.67320251464844
Epoch: 15, Steps: 282 | Train Loss: 0.5015946 Vali Loss: 0.5375321 Test Loss: 0.2498948
EarlyStopping counter: 2 out of 20
Updating learning rate to 2.824295364810001e-05
	iters: 100, epoch: 16 | loss: 0.5124146
	speed: 0.2869s/iter; left time: 6849.3599s
	iters: 200, epoch: 16 | loss: 0.5619612
	speed: 0.1232s/iter; left time: 2928.2253s
Epoch: 16 cost time: 34.65710163116455
Epoch: 16, Steps: 282 | Train Loss: 0.4998805 Vali Loss: 0.5361904 Test Loss: 0.2497698
EarlyStopping counter: 3 out of 20
Updating learning rate to 2.541865828329001e-05
	iters: 100, epoch: 17 | loss: 0.6803653
	speed: 0.2867s/iter; left time: 6762.0683s
	iters: 200, epoch: 17 | loss: 0.5362686
	speed: 0.1232s/iter; left time: 2893.4786s
Epoch: 17 cost time: 34.667006492614746
Epoch: 17, Steps: 282 | Train Loss: 0.4988334 Vali Loss: 0.5328064 Test Loss: 0.2504168
Validation loss decreased (0.533555 --> 0.532806).  Saving model ...
Updating learning rate to 2.287679245496101e-05
	iters: 100, epoch: 18 | loss: 0.4310528
	speed: 0.2879s/iter; left time: 6711.2446s
	iters: 200, epoch: 18 | loss: 0.4011145
	speed: 0.1232s/iter; left time: 2858.4369s
Epoch: 18 cost time: 34.65631079673767
Epoch: 18, Steps: 282 | Train Loss: 0.4967675 Vali Loss: 0.5370408 Test Loss: 0.2512721
EarlyStopping counter: 1 out of 20
Updating learning rate to 2.0589113209464907e-05
	iters: 100, epoch: 19 | loss: 0.4125037
	speed: 0.2866s/iter; left time: 6599.6035s
	iters: 200, epoch: 19 | loss: 0.5165062
	speed: 0.1232s/iter; left time: 2824.7394s
Epoch: 19 cost time: 34.660622358322144
Epoch: 19, Steps: 282 | Train Loss: 0.4967865 Vali Loss: 0.5371953 Test Loss: 0.2517930
EarlyStopping counter: 2 out of 20
Updating learning rate to 1.8530201888518416e-05
	iters: 100, epoch: 20 | loss: 0.4317819
	speed: 0.2867s/iter; left time: 6519.3946s
	iters: 200, epoch: 20 | loss: 0.4836802
	speed: 0.1233s/iter; left time: 2790.7897s
Epoch: 20 cost time: 34.66342902183533
Epoch: 20, Steps: 282 | Train Loss: 0.4959985 Vali Loss: 0.5344957 Test Loss: 0.2505892
EarlyStopping counter: 3 out of 20
Updating learning rate to 1.6677181699666577e-05
	iters: 100, epoch: 21 | loss: 0.4601782
	speed: 0.2869s/iter; left time: 6443.3551s
	iters: 200, epoch: 21 | loss: 0.4371454
	speed: 0.1233s/iter; left time: 2756.4307s
Epoch: 21 cost time: 34.66867280006409
Epoch: 21, Steps: 282 | Train Loss: 0.4948942 Vali Loss: 0.5361024 Test Loss: 0.2527002
EarlyStopping counter: 4 out of 20
Updating learning rate to 1.5009463529699919e-05
	iters: 100, epoch: 22 | loss: 0.5582977
	speed: 0.2864s/iter; left time: 6352.5172s
	iters: 200, epoch: 22 | loss: 0.4460571
	speed: 0.1232s/iter; left time: 2721.1028s
Epoch: 22 cost time: 34.66387867927551
Epoch: 22, Steps: 282 | Train Loss: 0.4942738 Vali Loss: 0.5335276 Test Loss: 0.2520815
EarlyStopping counter: 5 out of 20
Updating learning rate to 1.3508517176729929e-05
	iters: 100, epoch: 23 | loss: 0.4320676
	speed: 0.2868s/iter; left time: 6279.1505s
	iters: 200, epoch: 23 | loss: 0.3903313
	speed: 0.1233s/iter; left time: 2687.6268s
Epoch: 23 cost time: 34.67486596107483
Epoch: 23, Steps: 282 | Train Loss: 0.4938610 Vali Loss: 0.5363560 Test Loss: 0.2525299
EarlyStopping counter: 6 out of 20
Updating learning rate to 1.2157665459056936e-05
	iters: 100, epoch: 24 | loss: 0.4696834
	speed: 0.2865s/iter; left time: 6192.1174s
	iters: 200, epoch: 24 | loss: 0.4595910
	speed: 0.1232s/iter; left time: 2650.5846s
Epoch: 24 cost time: 34.66656494140625
Epoch: 24, Steps: 282 | Train Loss: 0.4929404 Vali Loss: 0.5366108 Test Loss: 0.2519490
EarlyStopping counter: 7 out of 20
Updating learning rate to 1.0941898913151242e-05
	iters: 100, epoch: 25 | loss: 0.4626491
	speed: 0.2867s/iter; left time: 6115.5513s
	iters: 200, epoch: 25 | loss: 0.5005515
	speed: 0.1232s/iter; left time: 2616.8120s
Epoch: 25 cost time: 34.67129325866699
Epoch: 25, Steps: 282 | Train Loss: 0.4924511 Vali Loss: 0.5361624 Test Loss: 0.2523252
EarlyStopping counter: 8 out of 20
Updating learning rate to 9.847709021836118e-06
	iters: 100, epoch: 26 | loss: 0.3922386
	speed: 0.2869s/iter; left time: 6038.5704s
	iters: 200, epoch: 26 | loss: 0.6246309
	speed: 0.1232s/iter; left time: 2580.9405s
Epoch: 26 cost time: 34.65774059295654
Epoch: 26, Steps: 282 | Train Loss: 0.4920812 Vali Loss: 0.5351763 Test Loss: 0.2528697
EarlyStopping counter: 9 out of 20
Updating learning rate to 8.862938119652508e-06
	iters: 100, epoch: 27 | loss: 0.4779522
	speed: 0.2866s/iter; left time: 5952.4327s
	iters: 200, epoch: 27 | loss: 0.3885466
	speed: 0.1232s/iter; left time: 2547.4124s
Epoch: 27 cost time: 34.66982698440552
Epoch: 27, Steps: 282 | Train Loss: 0.4914760 Vali Loss: 0.5355285 Test Loss: 0.2523303
EarlyStopping counter: 10 out of 20
Updating learning rate to 7.976644307687255e-06
	iters: 100, epoch: 28 | loss: 0.6026747
	speed: 0.2867s/iter; left time: 5874.4656s
	iters: 200, epoch: 28 | loss: 0.4850279
	speed: 0.1232s/iter; left time: 2511.6863s
Epoch: 28 cost time: 34.65654540061951
Epoch: 28, Steps: 282 | Train Loss: 0.4911389 Vali Loss: 0.5397545 Test Loss: 0.2531368
EarlyStopping counter: 11 out of 20
Updating learning rate to 7.178979876918531e-06
	iters: 100, epoch: 29 | loss: 0.4301053
	speed: 0.2868s/iter; left time: 5794.3672s
	iters: 200, epoch: 29 | loss: 0.5026829
	speed: 0.1232s/iter; left time: 2476.9253s
Epoch: 29 cost time: 34.65633988380432
Epoch: 29, Steps: 282 | Train Loss: 0.4902817 Vali Loss: 0.5380611 Test Loss: 0.2531929
EarlyStopping counter: 12 out of 20
Updating learning rate to 6.4610818892266776e-06
	iters: 100, epoch: 30 | loss: 0.5006799
	speed: 0.2868s/iter; left time: 5713.3223s
	iters: 200, epoch: 30 | loss: 0.5723277
	speed: 0.1232s/iter; left time: 2442.4647s
Epoch: 30 cost time: 34.66526556015015
Epoch: 30, Steps: 282 | Train Loss: 0.4904594 Vali Loss: 0.5381623 Test Loss: 0.2532850
EarlyStopping counter: 13 out of 20
Updating learning rate to 5.8149737003040096e-06
	iters: 100, epoch: 31 | loss: 0.5063053
	speed: 0.2867s/iter; left time: 5631.0463s
	iters: 200, epoch: 31 | loss: 0.5052043
	speed: 0.1232s/iter; left time: 2406.9153s
Epoch: 31 cost time: 34.6546516418457
Epoch: 31, Steps: 282 | Train Loss: 0.4902033 Vali Loss: 0.5374810 Test Loss: 0.2532374
EarlyStopping counter: 14 out of 20
Updating learning rate to 5.23347633027361e-06
	iters: 100, epoch: 32 | loss: 0.4547101
	speed: 0.2866s/iter; left time: 5547.7838s
	iters: 200, epoch: 32 | loss: 0.4629892
	speed: 0.1232s/iter; left time: 2372.9110s
Epoch: 32 cost time: 34.66502094268799
Epoch: 32, Steps: 282 | Train Loss: 0.4894645 Vali Loss: 0.5374247 Test Loss: 0.2529587
EarlyStopping counter: 15 out of 20
Updating learning rate to 4.710128697246249e-06
	iters: 100, epoch: 33 | loss: 0.4192986
	speed: 0.2869s/iter; left time: 5473.2141s
	iters: 200, epoch: 33 | loss: 0.6037224
	speed: 0.1233s/iter; left time: 2339.2020s
Epoch: 33 cost time: 34.67826199531555
Epoch: 33, Steps: 282 | Train Loss: 0.4894723 Vali Loss: 0.5385273 Test Loss: 0.2539415
EarlyStopping counter: 16 out of 20
Updating learning rate to 4.239115827521624e-06
	iters: 100, epoch: 34 | loss: 0.5360397
	speed: 0.2869s/iter; left time: 5391.7764s
	iters: 200, epoch: 34 | loss: 0.4321502
	speed: 0.1232s/iter; left time: 2302.6635s
Epoch: 34 cost time: 34.668779134750366
Epoch: 34, Steps: 282 | Train Loss: 0.4886994 Vali Loss: 0.5370125 Test Loss: 0.2531878
EarlyStopping counter: 17 out of 20
Updating learning rate to 3.815204244769462e-06
	iters: 100, epoch: 35 | loss: 0.4915428
	speed: 0.2866s/iter; left time: 5306.2001s
	iters: 200, epoch: 35 | loss: 0.5053138
	speed: 0.1232s/iter; left time: 2268.0586s
Epoch: 35 cost time: 34.66749453544617
Epoch: 35, Steps: 282 | Train Loss: 0.4893791 Vali Loss: 0.5373854 Test Loss: 0.2536457
EarlyStopping counter: 18 out of 20
Updating learning rate to 3.4336838202925152e-06
	iters: 100, epoch: 36 | loss: 0.4514299
	speed: 0.2871s/iter; left time: 5233.3337s
	iters: 200, epoch: 36 | loss: 0.4712667
	speed: 0.1231s/iter; left time: 2232.6999s
Epoch: 36 cost time: 34.66359210014343
Epoch: 36, Steps: 282 | Train Loss: 0.4883996 Vali Loss: 0.5356627 Test Loss: 0.2539174
EarlyStopping counter: 19 out of 20
Updating learning rate to 3.090315438263264e-06
	iters: 100, epoch: 37 | loss: 0.5428042
	speed: 0.2866s/iter; left time: 5144.9945s
	iters: 200, epoch: 37 | loss: 0.4696558
	speed: 0.1231s/iter; left time: 2197.3848s
Epoch: 37 cost time: 34.65604257583618
Epoch: 37, Steps: 282 | Train Loss: 0.4886142 Vali Loss: 0.5381048 Test Loss: 0.2535776
EarlyStopping counter: 20 out of 20
Early stopping
>>>>>>>testing : NL_weather_cms_lr0.00005_spc_336_336_PatchTST_custom_ftM_sl336_ll48_pl336_dm128_nh16_el3_dl1_df256_fc1_ebtimeF_dtTruelr5e-05_polspc_Nested_Learning_0<<<<<<<<<<<<<<<<<<<<<<<<<<<<<<<<<
test 10204
 Ejecutando Inferencia DINÁMICA (Nested Learning con cms)
  -> Política: spc | LR: 5e-05 | Target: head

RESUMEN: El CMS se actualizó 0 veces de 79 posibles.

mse:0.2504168152809143, mae:0.2862986922264099, rse:0.657345712184906
