==========================================================
SÚPER ARRAY TFG - TAREA ID: 27 / 113
Nodo: dionisio
Dataset: etth2 | Experimento: NL_etth2_cms_lr0.00005_always
Cabeza: cms | LR: 0.00005 | Política: always
==========================================================
Args in experiment:
Namespace(random_seed=2021, is_training=1, model_id='NL_etth2_cms_lr0.00005_always_336_96', model='PatchTST', data='ETTh2', root_path='./dataset/', data_path='ETTh2.csv', features='M', target='OT', freq='h', checkpoints='./checkpoints/', seq_len=336, label_len=48, pred_len=96, head_type='cms', cms_lr=5e-05, update_policy='always', fc_dropout=0.3, head_dropout=0.0, patch_len=16, stride=8, padding_patch='end', revin=1, affine=0, subtract_last=0, decomposition=0, kernel_size=25, individual=0, embed_type=0, enc_in=7, dec_in=7, c_out=7, d_model=16, n_heads=4, e_layers=3, d_layers=1, d_ff=128, moving_avg=25, factor=1, distil=True, dropout=0.3, embed='timeF', activation='gelu', output_attention=False, do_predict=False, num_workers=0, itr=1, train_epochs=100, batch_size=128, patience=100, learning_rate=0.0001, des='Nested_Learning', loss='mse', lradj='type3', pct_start=0.3, use_amp=False, use_gpu=True, gpu=0, use_multi_gpu=False, devices='0,1,2,3', test_flop=False)
Use GPU: cuda:0
>>>>>>>start training : NL_etth2_cms_lr0.00005_always_336_96_PatchTST_ETTh2_ftM_sl336_ll48_pl96_dm16_nh4_el3_dl1_df128_fc1_ebtimeF_dtTruelr5e-05_polalways_Nested_Learning_0>>>>>>>>>>>>>>>>>>>>>>>>>>
train 8209
val 2785
test 2785
Epoch: 1 cost time: 2.470895767211914
Epoch: 1, Steps: 64 | Train Loss: 0.6926887 Vali Loss: 0.3679859 Test Loss: 0.4133652
Validation loss decreased (inf --> 0.367986).  Saving model ...
Updating learning rate to 0.0001
Epoch: 2 cost time: 1.9905080795288086
Epoch: 2, Steps: 64 | Train Loss: 0.6859695 Vali Loss: 0.3625365 Test Loss: 0.4085160
Validation loss decreased (0.367986 --> 0.362536).  Saving model ...
Updating learning rate to 0.0001
Epoch: 3 cost time: 1.6601998805999756
Epoch: 3, Steps: 64 | Train Loss: 0.6752421 Vali Loss: 0.3579157 Test Loss: 0.4041103
Validation loss decreased (0.362536 --> 0.357916).  Saving model ...
Updating learning rate to 0.0001
Epoch: 4 cost time: 1.6856694221496582
Epoch: 4, Steps: 64 | Train Loss: 0.6651315 Vali Loss: 0.3548990 Test Loss: 0.4000547
Validation loss decreased (0.357916 --> 0.354899).  Saving model ...
Updating learning rate to 9e-05
Epoch: 5 cost time: 1.6795976161956787
Epoch: 5, Steps: 64 | Train Loss: 0.6550825 Vali Loss: 0.3489044 Test Loss: 0.3964887
Validation loss decreased (0.354899 --> 0.348904).  Saving model ...
Updating learning rate to 8.1e-05
Epoch: 6 cost time: 1.6764240264892578
Epoch: 6, Steps: 64 | Train Loss: 0.6487536 Vali Loss: 0.3443291 Test Loss: 0.3935095
Validation loss decreased (0.348904 --> 0.344329).  Saving model ...
Updating learning rate to 7.290000000000001e-05
Epoch: 7 cost time: 1.6795639991760254
Epoch: 7, Steps: 64 | Train Loss: 0.6406341 Vali Loss: 0.3417429 Test Loss: 0.3909414
Validation loss decreased (0.344329 --> 0.341743).  Saving model ...
Updating learning rate to 6.561e-05
Epoch: 8 cost time: 1.682615041732788
Epoch: 8, Steps: 64 | Train Loss: 0.6366269 Vali Loss: 0.3402156 Test Loss: 0.3887943
Validation loss decreased (0.341743 --> 0.340216).  Saving model ...
Updating learning rate to 5.904900000000001e-05
Epoch: 9 cost time: 1.700958251953125
Epoch: 9, Steps: 64 | Train Loss: 0.6311866 Vali Loss: 0.3371551 Test Loss: 0.3870915
Validation loss decreased (0.340216 --> 0.337155).  Saving model ...
Updating learning rate to 5.3144100000000005e-05
Epoch: 10 cost time: 1.685175895690918
Epoch: 10, Steps: 64 | Train Loss: 0.6276949 Vali Loss: 0.3350812 Test Loss: 0.3851890
Validation loss decreased (0.337155 --> 0.335081).  Saving model ...
Updating learning rate to 4.782969000000001e-05
Epoch: 11 cost time: 2.27655291557312
Epoch: 11, Steps: 64 | Train Loss: 0.6238072 Vali Loss: 0.3319696 Test Loss: 0.3834195
Validation loss decreased (0.335081 --> 0.331970).  Saving model ...
Updating learning rate to 4.304672100000001e-05
Epoch: 12 cost time: 1.6745812892913818
Epoch: 12, Steps: 64 | Train Loss: 0.6203561 Vali Loss: 0.3327612 Test Loss: 0.3817994
EarlyStopping counter: 1 out of 100
Updating learning rate to 3.874204890000001e-05
Epoch: 13 cost time: 1.6796238422393799
Epoch: 13, Steps: 64 | Train Loss: 0.6174420 Vali Loss: 0.3307886 Test Loss: 0.3810138
Validation loss decreased (0.331970 --> 0.330789).  Saving model ...
Updating learning rate to 3.486784401000001e-05
Epoch: 14 cost time: 2.402885913848877
Epoch: 14, Steps: 64 | Train Loss: 0.6152535 Vali Loss: 0.3307225 Test Loss: 0.3798721
Validation loss decreased (0.330789 --> 0.330723).  Saving model ...
Updating learning rate to 3.138105960900001e-05
Epoch: 15 cost time: 2.008092164993286
Epoch: 15, Steps: 64 | Train Loss: 0.6132460 Vali Loss: 0.3264556 Test Loss: 0.3788610
Validation loss decreased (0.330723 --> 0.326456).  Saving model ...
Updating learning rate to 2.824295364810001e-05
Epoch: 16 cost time: 1.6581425666809082
Epoch: 16, Steps: 64 | Train Loss: 0.6111254 Vali Loss: 0.3273247 Test Loss: 0.3778575
EarlyStopping counter: 1 out of 100
Updating learning rate to 2.541865828329001e-05
Epoch: 17 cost time: 1.6780767440795898
Epoch: 17, Steps: 64 | Train Loss: 0.6093172 Vali Loss: 0.3261352 Test Loss: 0.3771789
Validation loss decreased (0.326456 --> 0.326135).  Saving model ...
Updating learning rate to 2.287679245496101e-05
Epoch: 18 cost time: 1.682713270187378
Epoch: 18, Steps: 64 | Train Loss: 0.6072020 Vali Loss: 0.3261132 Test Loss: 0.3761010
Validation loss decreased (0.326135 --> 0.326113).  Saving model ...
Updating learning rate to 2.0589113209464907e-05
Epoch: 19 cost time: 1.6803016662597656
Epoch: 19, Steps: 64 | Train Loss: 0.6068894 Vali Loss: 0.3251752 Test Loss: 0.3757825
Validation loss decreased (0.326113 --> 0.325175).  Saving model ...
Updating learning rate to 1.8530201888518416e-05
Epoch: 20 cost time: 2.1063220500946045
Epoch: 20, Steps: 64 | Train Loss: 0.6055620 Vali Loss: 0.3242055 Test Loss: 0.3753306
Validation loss decreased (0.325175 --> 0.324206).  Saving model ...
Updating learning rate to 1.6677181699666577e-05
Epoch: 21 cost time: 1.657968521118164
Epoch: 21, Steps: 64 | Train Loss: 0.6041973 Vali Loss: 0.3220662 Test Loss: 0.3748817
Validation loss decreased (0.324206 --> 0.322066).  Saving model ...
Updating learning rate to 1.5009463529699919e-05
Epoch: 22 cost time: 1.6830718517303467
Epoch: 22, Steps: 64 | Train Loss: 0.6032040 Vali Loss: 0.3234490 Test Loss: 0.3745078
EarlyStopping counter: 1 out of 100
Updating learning rate to 1.3508517176729929e-05
Epoch: 23 cost time: 1.6802113056182861
Epoch: 23, Steps: 64 | Train Loss: 0.6022432 Vali Loss: 0.3223381 Test Loss: 0.3739043
EarlyStopping counter: 2 out of 100
Updating learning rate to 1.2157665459056936e-05
Epoch: 24 cost time: 1.6738288402557373
Epoch: 24, Steps: 64 | Train Loss: 0.6003208 Vali Loss: 0.3222668 Test Loss: 0.3736743
EarlyStopping counter: 3 out of 100
Updating learning rate to 1.0941898913151242e-05
Epoch: 25 cost time: 1.6625874042510986
Epoch: 25, Steps: 64 | Train Loss: 0.6001184 Vali Loss: 0.3211608 Test Loss: 0.3731444
Validation loss decreased (0.322066 --> 0.321161).  Saving model ...
Updating learning rate to 9.847709021836118e-06
Epoch: 26 cost time: 1.6951878070831299
Epoch: 26, Steps: 64 | Train Loss: 0.5994537 Vali Loss: 0.3204601 Test Loss: 0.3729736
Validation loss decreased (0.321161 --> 0.320460).  Saving model ...
Updating learning rate to 8.862938119652508e-06
Epoch: 27 cost time: 1.6754162311553955
Epoch: 27, Steps: 64 | Train Loss: 0.5992642 Vali Loss: 0.3211407 Test Loss: 0.3728355
EarlyStopping counter: 1 out of 100
Updating learning rate to 7.976644307687255e-06
Epoch: 28 cost time: 1.834092140197754
Epoch: 28, Steps: 64 | Train Loss: 0.5986104 Vali Loss: 0.3199965 Test Loss: 0.3724014
Validation loss decreased (0.320460 --> 0.319997).  Saving model ...
Updating learning rate to 7.178979876918531e-06
Epoch: 29 cost time: 1.6583306789398193
Epoch: 29, Steps: 64 | Train Loss: 0.5982066 Vali Loss: 0.3202697 Test Loss: 0.3723571
EarlyStopping counter: 1 out of 100
Updating learning rate to 6.4610818892266776e-06
Epoch: 30 cost time: 1.6799371242523193
Epoch: 30, Steps: 64 | Train Loss: 0.5981325 Vali Loss: 0.3195716 Test Loss: 0.3721211
Validation loss decreased (0.319997 --> 0.319572).  Saving model ...
Updating learning rate to 5.8149737003040096e-06
Epoch: 31 cost time: 1.6756768226623535
Epoch: 31, Steps: 64 | Train Loss: 0.5968746 Vali Loss: 0.3211587 Test Loss: 0.3717563
EarlyStopping counter: 1 out of 100
Updating learning rate to 5.23347633027361e-06
Epoch: 32 cost time: 1.660400152206421
Epoch: 32, Steps: 64 | Train Loss: 0.5972726 Vali Loss: 0.3199321 Test Loss: 0.3718517
EarlyStopping counter: 2 out of 100
Updating learning rate to 4.710128697246249e-06
Epoch: 33 cost time: 2.05876088142395
Epoch: 33, Steps: 64 | Train Loss: 0.5972015 Vali Loss: 0.3179657 Test Loss: 0.3717108
Validation loss decreased (0.319572 --> 0.317966).  Saving model ...
Updating learning rate to 4.239115827521624e-06
Epoch: 34 cost time: 1.6631755828857422
Epoch: 34, Steps: 64 | Train Loss: 0.5969240 Vali Loss: 0.3198381 Test Loss: 0.3714907
EarlyStopping counter: 1 out of 100
Updating learning rate to 3.815204244769462e-06
Epoch: 35 cost time: 2.5116894245147705
Epoch: 35, Steps: 64 | Train Loss: 0.5966966 Vali Loss: 0.3203288 Test Loss: 0.3713690
EarlyStopping counter: 2 out of 100
Updating learning rate to 3.4336838202925152e-06
Epoch: 36 cost time: 1.8232476711273193
Epoch: 36, Steps: 64 | Train Loss: 0.5963962 Vali Loss: 0.3199578 Test Loss: 0.3712812
EarlyStopping counter: 3 out of 100
Updating learning rate to 3.090315438263264e-06
Epoch: 37 cost time: 1.6802465915679932
Epoch: 37, Steps: 64 | Train Loss: 0.5963768 Vali Loss: 0.3202396 Test Loss: 0.3712822
EarlyStopping counter: 4 out of 100
Updating learning rate to 2.7812838944369375e-06
Epoch: 38 cost time: 1.6785216331481934
Epoch: 38, Steps: 64 | Train Loss: 0.5961286 Vali Loss: 0.3187406 Test Loss: 0.3708158
EarlyStopping counter: 5 out of 100
Updating learning rate to 2.503155504993244e-06
Epoch: 39 cost time: 1.677863359451294
Epoch: 39, Steps: 64 | Train Loss: 0.5952427 Vali Loss: 0.3198330 Test Loss: 0.3711012
EarlyStopping counter: 6 out of 100
Updating learning rate to 2.2528399544939195e-06
Epoch: 40 cost time: 1.6761424541473389
Epoch: 40, Steps: 64 | Train Loss: 0.5961682 Vali Loss: 0.3190457 Test Loss: 0.3707853
EarlyStopping counter: 7 out of 100
Updating learning rate to 2.0275559590445276e-06
Epoch: 41 cost time: 1.6701395511627197
Epoch: 41, Steps: 64 | Train Loss: 0.5952085 Vali Loss: 0.3202205 Test Loss: 0.3710617
EarlyStopping counter: 8 out of 100
Updating learning rate to 1.8248003631400751e-06
Epoch: 42 cost time: 1.8509259223937988
Epoch: 42, Steps: 64 | Train Loss: 0.5945170 Vali Loss: 0.3186101 Test Loss: 0.3710646
EarlyStopping counter: 9 out of 100
Updating learning rate to 1.6423203268260676e-06
Epoch: 43 cost time: 1.6543607711791992
Epoch: 43, Steps: 64 | Train Loss: 0.5957538 Vali Loss: 0.3181867 Test Loss: 0.3708443
EarlyStopping counter: 10 out of 100
Updating learning rate to 1.4780882941434609e-06
Epoch: 44 cost time: 1.6979303359985352
Epoch: 44, Steps: 64 | Train Loss: 0.5938935 Vali Loss: 0.3177891 Test Loss: 0.3704951
Validation loss decreased (0.317966 --> 0.317789).  Saving model ...
Updating learning rate to 1.3302794647291146e-06
Epoch: 45 cost time: 1.6801609992980957
Epoch: 45, Steps: 64 | Train Loss: 0.5954484 Vali Loss: 0.3200956 Test Loss: 0.3709003
EarlyStopping counter: 1 out of 100
Updating learning rate to 1.1972515182562034e-06
Epoch: 46 cost time: 1.6703550815582275
Epoch: 46, Steps: 64 | Train Loss: 0.5955251 Vali Loss: 0.3195393 Test Loss: 0.3705670
EarlyStopping counter: 2 out of 100
Updating learning rate to 1.077526366430583e-06
Epoch: 47 cost time: 1.6508634090423584
Epoch: 47, Steps: 64 | Train Loss: 0.5948317 Vali Loss: 0.3179148 Test Loss: 0.3706082
EarlyStopping counter: 3 out of 100
Updating learning rate to 9.697737297875248e-07
Epoch: 48 cost time: 1.7225303649902344
Epoch: 48, Steps: 64 | Train Loss: 0.5950726 Vali Loss: 0.3171636 Test Loss: 0.3707616
Validation loss decreased (0.317789 --> 0.317164).  Saving model ...
Updating learning rate to 8.727963568087723e-07
Epoch: 49 cost time: 1.6806902885437012
Epoch: 49, Steps: 64 | Train Loss: 0.5942318 Vali Loss: 0.3190603 Test Loss: 0.3708158
EarlyStopping counter: 1 out of 100
Updating learning rate to 7.855167211278951e-07
Epoch: 50 cost time: 2.1625101566314697
Epoch: 50, Steps: 64 | Train Loss: 0.5944977 Vali Loss: 0.3184888 Test Loss: 0.3706159
EarlyStopping counter: 2 out of 100
Updating learning rate to 7.069650490151056e-07
Epoch: 51 cost time: 1.6494624614715576
Epoch: 51, Steps: 64 | Train Loss: 0.5947529 Vali Loss: 0.3187179 Test Loss: 0.3705520
EarlyStopping counter: 3 out of 100
Updating learning rate to 6.36268544113595e-07
Epoch: 52 cost time: 1.6404297351837158
Epoch: 52, Steps: 64 | Train Loss: 0.5950472 Vali Loss: 0.3170361 Test Loss: 0.3706874
Validation loss decreased (0.317164 --> 0.317036).  Saving model ...
Updating learning rate to 5.726416897022355e-07
Epoch: 53 cost time: 1.6767356395721436
Epoch: 53, Steps: 64 | Train Loss: 0.5952741 Vali Loss: 0.3182950 Test Loss: 0.3706251
EarlyStopping counter: 1 out of 100
Updating learning rate to 5.15377520732012e-07
Epoch: 54 cost time: 1.6844890117645264
Epoch: 54, Steps: 64 | Train Loss: 0.5921548 Vali Loss: 0.3175068 Test Loss: 0.3706357
EarlyStopping counter: 2 out of 100
Updating learning rate to 4.6383976865881085e-07
Epoch: 55 cost time: 2.4348347187042236
Epoch: 55, Steps: 64 | Train Loss: 0.5936998 Vali Loss: 0.3189817 Test Loss: 0.3704396
EarlyStopping counter: 3 out of 100
Updating learning rate to 4.174557917929298e-07
Epoch: 56 cost time: 1.7996079921722412
Epoch: 56, Steps: 64 | Train Loss: 0.5937155 Vali Loss: 0.3172359 Test Loss: 0.3705966
EarlyStopping counter: 4 out of 100
Updating learning rate to 3.7571021261363677e-07
Epoch: 57 cost time: 1.661269187927246
Epoch: 57, Steps: 64 | Train Loss: 0.5942225 Vali Loss: 0.3174674 Test Loss: 0.3703993
EarlyStopping counter: 5 out of 100
Updating learning rate to 3.381391913522731e-07
Epoch: 58 cost time: 1.6749424934387207
Epoch: 58, Steps: 64 | Train Loss: 0.5943893 Vali Loss: 0.3198990 Test Loss: 0.3703981
EarlyStopping counter: 6 out of 100
Updating learning rate to 3.043252722170458e-07
Epoch: 59 cost time: 1.6622209548950195
Epoch: 59, Steps: 64 | Train Loss: 0.5950971 Vali Loss: 0.3176593 Test Loss: 0.3706610
EarlyStopping counter: 7 out of 100
Updating learning rate to 2.7389274499534124e-07
Epoch: 60 cost time: 2.020352363586426
Epoch: 60, Steps: 64 | Train Loss: 0.5944852 Vali Loss: 0.3191526 Test Loss: 0.3703457
EarlyStopping counter: 8 out of 100
Updating learning rate to 2.465034704958071e-07
Epoch: 61 cost time: 1.6805469989776611
Epoch: 61, Steps: 64 | Train Loss: 0.5945866 Vali Loss: 0.3179021 Test Loss: 0.3704318
EarlyStopping counter: 9 out of 100
Updating learning rate to 2.218531234462264e-07
Epoch: 62 cost time: 1.6655588150024414
Epoch: 62, Steps: 64 | Train Loss: 0.5938689 Vali Loss: 0.3179540 Test Loss: 0.3702492
EarlyStopping counter: 10 out of 100
Updating learning rate to 1.9966781110160376e-07
Epoch: 63 cost time: 1.6538927555084229
Epoch: 63, Steps: 64 | Train Loss: 0.5949033 Vali Loss: 0.3184439 Test Loss: 0.3705655
EarlyStopping counter: 11 out of 100
Updating learning rate to 1.797010299914434e-07
Epoch: 64 cost time: 1.6826395988464355
Epoch: 64, Steps: 64 | Train Loss: 0.5948331 Vali Loss: 0.3186735 Test Loss: 0.3703455
EarlyStopping counter: 12 out of 100
Updating learning rate to 1.6173092699229907e-07
Epoch: 65 cost time: 1.9341676235198975
Epoch: 65, Steps: 64 | Train Loss: 0.5944685 Vali Loss: 0.3190932 Test Loss: 0.3705019
EarlyStopping counter: 13 out of 100
Updating learning rate to 1.4555783429306916e-07
Epoch: 66 cost time: 1.6690640449523926
Epoch: 66, Steps: 64 | Train Loss: 0.5924709 Vali Loss: 0.3177672 Test Loss: 0.3704291
EarlyStopping counter: 14 out of 100
Updating learning rate to 1.3100205086376224e-07
Epoch: 67 cost time: 2.4058468341827393
Epoch: 67, Steps: 64 | Train Loss: 0.5949895 Vali Loss: 0.3179848 Test Loss: 0.3704606
EarlyStopping counter: 15 out of 100
Updating learning rate to 1.1790184577738603e-07
Epoch: 68 cost time: 1.6500658988952637
Epoch: 68, Steps: 64 | Train Loss: 0.5939239 Vali Loss: 0.3194675 Test Loss: 0.3704832
EarlyStopping counter: 16 out of 100
Updating learning rate to 1.0611166119964742e-07
Epoch: 69 cost time: 1.7363641262054443
Epoch: 69, Steps: 64 | Train Loss: 0.5942353 Vali Loss: 0.3180482 Test Loss: 0.3704240
EarlyStopping counter: 17 out of 100
Updating learning rate to 9.550049507968268e-08
Epoch: 70 cost time: 1.6818037033081055
Epoch: 70, Steps: 64 | Train Loss: 0.5942194 Vali Loss: 0.3186099 Test Loss: 0.3704974
EarlyStopping counter: 18 out of 100
Updating learning rate to 8.595044557171442e-08
Epoch: 71 cost time: 1.6672039031982422
Epoch: 71, Steps: 64 | Train Loss: 0.5949519 Vali Loss: 0.3184859 Test Loss: 0.3704410
EarlyStopping counter: 19 out of 100
Updating learning rate to 7.735540101454298e-08
Epoch: 72 cost time: 1.6470675468444824
Epoch: 72, Steps: 64 | Train Loss: 0.5943718 Vali Loss: 0.3197014 Test Loss: 0.3706520
EarlyStopping counter: 20 out of 100
Updating learning rate to 6.961986091308869e-08
Epoch: 73 cost time: 1.674394130706787
Epoch: 73, Steps: 64 | Train Loss: 0.5928579 Vali Loss: 0.3179008 Test Loss: 0.3703196
EarlyStopping counter: 21 out of 100
Updating learning rate to 6.265787482177981e-08
Epoch: 74 cost time: 1.6731557846069336
Epoch: 74, Steps: 64 | Train Loss: 0.5943794 Vali Loss: 0.3187646 Test Loss: 0.3703895
EarlyStopping counter: 22 out of 100
Updating learning rate to 5.639208733960184e-08
Epoch: 75 cost time: 2.5179543495178223
Epoch: 75, Steps: 64 | Train Loss: 0.5945352 Vali Loss: 0.3176132 Test Loss: 0.3702070
EarlyStopping counter: 23 out of 100
Updating learning rate to 5.075287860564165e-08
Epoch: 76 cost time: 1.790489673614502
Epoch: 76, Steps: 64 | Train Loss: 0.5943541 Vali Loss: 0.3191164 Test Loss: 0.3703372
EarlyStopping counter: 24 out of 100
Updating learning rate to 4.567759074507749e-08
Epoch: 77 cost time: 1.652411937713623
Epoch: 77, Steps: 64 | Train Loss: 0.5939184 Vali Loss: 0.3197658 Test Loss: 0.3703464
EarlyStopping counter: 25 out of 100
Updating learning rate to 4.1109831670569744e-08
Epoch: 78 cost time: 1.6804726123809814
Epoch: 78, Steps: 64 | Train Loss: 0.5944418 Vali Loss: 0.3185501 Test Loss: 0.3703594
EarlyStopping counter: 26 out of 100
Updating learning rate to 3.6998848503512764e-08
Epoch: 79 cost time: 1.6821677684783936
Epoch: 79, Steps: 64 | Train Loss: 0.5936101 Vali Loss: 0.3178799 Test Loss: 0.3705159
EarlyStopping counter: 27 out of 100
Updating learning rate to 3.3298963653161496e-08
Epoch: 80 cost time: 1.6715033054351807
Epoch: 80, Steps: 64 | Train Loss: 0.5939817 Vali Loss: 0.3181523 Test Loss: 0.3705018
EarlyStopping counter: 28 out of 100
Updating learning rate to 2.996906728784534e-08
Epoch: 81 cost time: 1.6528115272521973
Epoch: 81, Steps: 64 | Train Loss: 0.5932112 Vali Loss: 0.3171646 Test Loss: 0.3705485
EarlyStopping counter: 29 out of 100
Updating learning rate to 2.697216055906081e-08
Epoch: 82 cost time: 1.682490348815918
Epoch: 82, Steps: 64 | Train Loss: 0.5947015 Vali Loss: 0.3184002 Test Loss: 0.3705407
EarlyStopping counter: 30 out of 100
Updating learning rate to 2.427494450315473e-08
Epoch: 83 cost time: 2.2143406867980957
Epoch: 83, Steps: 64 | Train Loss: 0.5946065 Vali Loss: 0.3190021 Test Loss: 0.3704854
EarlyStopping counter: 31 out of 100
Updating learning rate to 2.1847450052839257e-08
Epoch: 84 cost time: 1.678100347518921
Epoch: 84, Steps: 64 | Train Loss: 0.5945681 Vali Loss: 0.3191429 Test Loss: 0.3704561
EarlyStopping counter: 32 out of 100
Updating learning rate to 1.9662705047555332e-08
Epoch: 85 cost time: 1.6553218364715576
Epoch: 85, Steps: 64 | Train Loss: 0.5937139 Vali Loss: 0.3198392 Test Loss: 0.3704842
EarlyStopping counter: 33 out of 100
Updating learning rate to 1.7696434542799797e-08
Epoch: 86 cost time: 2.5108683109283447
Epoch: 86, Steps: 64 | Train Loss: 0.5927278 Vali Loss: 0.3177735 Test Loss: 0.3704073
EarlyStopping counter: 34 out of 100
Updating learning rate to 1.5926791088519817e-08
Epoch: 87 cost time: 1.9715137481689453
Epoch: 87, Steps: 64 | Train Loss: 0.5926449 Vali Loss: 0.3181075 Test Loss: 0.3705669
EarlyStopping counter: 35 out of 100
Updating learning rate to 1.4334111979667836e-08
Epoch: 88 cost time: 2.5445501804351807
Epoch: 88, Steps: 64 | Train Loss: 0.5945580 Vali Loss: 0.3182982 Test Loss: 0.3703596
EarlyStopping counter: 36 out of 100
Updating learning rate to 1.2900700781701054e-08
Epoch: 89 cost time: 2.142306089401245
Epoch: 89, Steps: 64 | Train Loss: 0.5949340 Vali Loss: 0.3195440 Test Loss: 0.3703892
EarlyStopping counter: 37 out of 100
Updating learning rate to 1.161063070353095e-08
Epoch: 90 cost time: 2.2024028301239014
Epoch: 90, Steps: 64 | Train Loss: 0.5938129 Vali Loss: 0.3178420 Test Loss: 0.3703522
EarlyStopping counter: 38 out of 100
Updating learning rate to 1.0449567633177854e-08
Epoch: 91 cost time: 2.473789691925049
Epoch: 91, Steps: 64 | Train Loss: 0.5943243 Vali Loss: 0.3190936 Test Loss: 0.3705021
EarlyStopping counter: 39 out of 100
Updating learning rate to 9.404610869860069e-09
Epoch: 92 cost time: 1.7530202865600586
Epoch: 92, Steps: 64 | Train Loss: 0.5930459 Vali Loss: 0.3185193 Test Loss: 0.3703401
EarlyStopping counter: 40 out of 100
Updating learning rate to 8.464149782874063e-09
Epoch: 93 cost time: 1.669898271560669
Epoch: 93, Steps: 64 | Train Loss: 0.5944872 Vali Loss: 0.3172922 Test Loss: 0.3704025
EarlyStopping counter: 41 out of 100
Updating learning rate to 7.617734804586658e-09
Epoch: 94 cost time: 1.673177719116211
Epoch: 94, Steps: 64 | Train Loss: 0.5943634 Vali Loss: 0.3198756 Test Loss: 0.3703949
EarlyStopping counter: 42 out of 100
Updating learning rate to 6.855961324127991e-09
Epoch: 95 cost time: 1.6572387218475342
Epoch: 95, Steps: 64 | Train Loss: 0.5944135 Vali Loss: 0.3183642 Test Loss: 0.3703432
EarlyStopping counter: 43 out of 100
Updating learning rate to 6.170365191715193e-09
Epoch: 96 cost time: 2.4808006286621094
Epoch: 96, Steps: 64 | Train Loss: 0.5947918 Vali Loss: 0.3203476 Test Loss: 0.3703972
EarlyStopping counter: 44 out of 100
Updating learning rate to 5.5533286725436726e-09
Epoch: 97 cost time: 1.6339597702026367
Epoch: 97, Steps: 64 | Train Loss: 0.5945435 Vali Loss: 0.3183145 Test Loss: 0.3704769
EarlyStopping counter: 45 out of 100
Updating learning rate to 4.997995805289306e-09
Epoch: 98 cost time: 1.7196094989776611
Epoch: 98, Steps: 64 | Train Loss: 0.5942744 Vali Loss: 0.3186734 Test Loss: 0.3704576
EarlyStopping counter: 46 out of 100
Updating learning rate to 4.498196224760375e-09
Epoch: 99 cost time: 1.636559009552002
Epoch: 99, Steps: 64 | Train Loss: 0.5943936 Vali Loss: 0.3188399 Test Loss: 0.3703993
EarlyStopping counter: 47 out of 100
Updating learning rate to 4.048376602284338e-09
Epoch: 100 cost time: 1.6429665088653564
Epoch: 100, Steps: 64 | Train Loss: 0.5942740 Vali Loss: 0.3176274 Test Loss: 0.3701944
EarlyStopping counter: 48 out of 100
Updating learning rate to 3.643538942055904e-09
>>>>>>>testing : NL_etth2_cms_lr0.00005_always_336_96_PatchTST_ETTh2_ftM_sl336_ll48_pl96_dm16_nh4_el3_dl1_df128_fc1_ebtimeF_dtTruelr5e-05_polalways_Nested_Learning_0<<<<<<<<<<<<<<<<<<<<<<<<<<<<<<<<<
test 2785
 Ejecutando Inferencia DINÁMICA (Nested Learning con cms)
  -> Política: always | LR: 5e-05 | Target: head

RESUMEN: El CMS se actualizó 21 veces de 21 posibles.

mse:0.3677409589290619, mae:0.4101234972476959, rse:0.4844413697719574
Args in experiment:
Namespace(random_seed=2021, is_training=1, model_id='NL_etth2_cms_lr0.00005_always_336_192', model='PatchTST', data='ETTh2', root_path='./dataset/', data_path='ETTh2.csv', features='M', target='OT', freq='h', checkpoints='./checkpoints/', seq_len=336, label_len=48, pred_len=192, head_type='cms', cms_lr=5e-05, update_policy='always', fc_dropout=0.3, head_dropout=0.0, patch_len=16, stride=8, padding_patch='end', revin=1, affine=0, subtract_last=0, decomposition=0, kernel_size=25, individual=0, embed_type=0, enc_in=7, dec_in=7, c_out=7, d_model=16, n_heads=4, e_layers=3, d_layers=1, d_ff=128, moving_avg=25, factor=1, distil=True, dropout=0.3, embed='timeF', activation='gelu', output_attention=False, do_predict=False, num_workers=0, itr=1, train_epochs=100, batch_size=128, patience=100, learning_rate=0.0001, des='Nested_Learning', loss='mse', lradj='type3', pct_start=0.3, use_amp=False, use_gpu=True, gpu=0, use_multi_gpu=False, devices='0,1,2,3', test_flop=False)
Use GPU: cuda:0
>>>>>>>start training : NL_etth2_cms_lr0.00005_always_336_192_PatchTST_ETTh2_ftM_sl336_ll48_pl192_dm16_nh4_el3_dl1_df128_fc1_ebtimeF_dtTruelr5e-05_polalways_Nested_Learning_0>>>>>>>>>>>>>>>>>>>>>>>>>>
train 8113
val 2689
test 2689
Epoch: 1 cost time: 2.4614500999450684
Epoch: 1, Steps: 63 | Train Loss: 0.7531338 Vali Loss: 0.4230517 Test Loss: 0.4442640
Validation loss decreased (inf --> 0.423052).  Saving model ...
Updating learning rate to 0.0001
Epoch: 2 cost time: 1.6341831684112549
Epoch: 2, Steps: 63 | Train Loss: 0.7487591 Vali Loss: 0.4183857 Test Loss: 0.4407266
Validation loss decreased (0.423052 --> 0.418386).  Saving model ...
Updating learning rate to 0.0001
Epoch: 3 cost time: 1.644700288772583
Epoch: 3, Steps: 63 | Train Loss: 0.7389106 Vali Loss: 0.4143220 Test Loss: 0.4376966
Validation loss decreased (0.418386 --> 0.414322).  Saving model ...
Updating learning rate to 0.0001
Epoch: 4 cost time: 1.6189188957214355
Epoch: 4, Steps: 63 | Train Loss: 0.7321240 Vali Loss: 0.4101672 Test Loss: 0.4345328
Validation loss decreased (0.414322 --> 0.410167).  Saving model ...
Updating learning rate to 9e-05
Epoch: 5 cost time: 1.6175739765167236
Epoch: 5, Steps: 63 | Train Loss: 0.7233795 Vali Loss: 0.4064178 Test Loss: 0.4321338
Validation loss decreased (0.410167 --> 0.406418).  Saving model ...
Updating learning rate to 8.1e-05
Epoch: 6 cost time: 1.88149094581604
Epoch: 6, Steps: 63 | Train Loss: 0.7168225 Vali Loss: 0.4039615 Test Loss: 0.4299325
Validation loss decreased (0.406418 --> 0.403962).  Saving model ...
Updating learning rate to 7.290000000000001e-05
Epoch: 7 cost time: 1.6241106986999512
Epoch: 7, Steps: 63 | Train Loss: 0.7113605 Vali Loss: 0.4011159 Test Loss: 0.4282889
Validation loss decreased (0.403962 --> 0.401116).  Saving model ...
Updating learning rate to 6.561e-05
Epoch: 8 cost time: 1.8070778846740723
Epoch: 8, Steps: 63 | Train Loss: 0.7057300 Vali Loss: 0.3994327 Test Loss: 0.4265570
Validation loss decreased (0.401116 --> 0.399433).  Saving model ...
Updating learning rate to 5.904900000000001e-05
Epoch: 9 cost time: 1.6967790126800537
Epoch: 9, Steps: 63 | Train Loss: 0.7026357 Vali Loss: 0.3976045 Test Loss: 0.4251848
Validation loss decreased (0.399433 --> 0.397605).  Saving model ...
Updating learning rate to 5.3144100000000005e-05
Epoch: 10 cost time: 1.6308586597442627
Epoch: 10, Steps: 63 | Train Loss: 0.6979701 Vali Loss: 0.3960595 Test Loss: 0.4240251
Validation loss decreased (0.397605 --> 0.396060).  Saving model ...
Updating learning rate to 4.782969000000001e-05
Epoch: 11 cost time: 1.615175485610962
Epoch: 11, Steps: 63 | Train Loss: 0.6965916 Vali Loss: 0.3949946 Test Loss: 0.4234520
Validation loss decreased (0.396060 --> 0.394995).  Saving model ...
Updating learning rate to 4.304672100000001e-05
Epoch: 12 cost time: 1.6179733276367188
Epoch: 12, Steps: 63 | Train Loss: 0.6931837 Vali Loss: 0.3931938 Test Loss: 0.4218074
Validation loss decreased (0.394995 --> 0.393194).  Saving model ...
Updating learning rate to 3.874204890000001e-05
Epoch: 13 cost time: 1.633448839187622
Epoch: 13, Steps: 63 | Train Loss: 0.6928418 Vali Loss: 0.3924879 Test Loss: 0.4213339
Validation loss decreased (0.393194 --> 0.392488).  Saving model ...
Updating learning rate to 3.486784401000001e-05
Epoch: 14 cost time: 1.6267471313476562
Epoch: 14, Steps: 63 | Train Loss: 0.6904779 Vali Loss: 0.3914657 Test Loss: 0.4204943
Validation loss decreased (0.392488 --> 0.391466).  Saving model ...
Updating learning rate to 3.138105960900001e-05
Epoch: 15 cost time: 2.454223155975342
Epoch: 15, Steps: 63 | Train Loss: 0.6876582 Vali Loss: 0.3905720 Test Loss: 0.4197303
Validation loss decreased (0.391466 --> 0.390572).  Saving model ...
Updating learning rate to 2.824295364810001e-05
Epoch: 16 cost time: 1.8484346866607666
Epoch: 16, Steps: 63 | Train Loss: 0.6850466 Vali Loss: 0.3899174 Test Loss: 0.4192325
Validation loss decreased (0.390572 --> 0.389917).  Saving model ...
Updating learning rate to 2.541865828329001e-05
Epoch: 17 cost time: 1.6120359897613525
Epoch: 17, Steps: 63 | Train Loss: 0.6846606 Vali Loss: 0.3893918 Test Loss: 0.4189808
Validation loss decreased (0.389917 --> 0.389392).  Saving model ...
Updating learning rate to 2.287679245496101e-05
Epoch: 18 cost time: 1.6250362396240234
Epoch: 18, Steps: 63 | Train Loss: 0.6845317 Vali Loss: 0.3887031 Test Loss: 0.4183661
Validation loss decreased (0.389392 --> 0.388703).  Saving model ...
Updating learning rate to 2.0589113209464907e-05
Epoch: 19 cost time: 1.6297197341918945
Epoch: 19, Steps: 63 | Train Loss: 0.6832936 Vali Loss: 0.3880042 Test Loss: 0.4177469
Validation loss decreased (0.388703 --> 0.388004).  Saving model ...
Updating learning rate to 1.8530201888518416e-05
Epoch: 20 cost time: 1.6121103763580322
Epoch: 20, Steps: 63 | Train Loss: 0.6811256 Vali Loss: 0.3877483 Test Loss: 0.4176439
Validation loss decreased (0.388004 --> 0.387748).  Saving model ...
Updating learning rate to 1.6677181699666577e-05
Epoch: 21 cost time: 2.188199996948242
Epoch: 21, Steps: 63 | Train Loss: 0.6811330 Vali Loss: 0.3873218 Test Loss: 0.4173423
Validation loss decreased (0.387748 --> 0.387322).  Saving model ...
Updating learning rate to 1.5009463529699919e-05
Epoch: 22 cost time: 1.6219992637634277
Epoch: 22, Steps: 63 | Train Loss: 0.6809383 Vali Loss: 0.3867875 Test Loss: 0.4168667
Validation loss decreased (0.387322 --> 0.386788).  Saving model ...
Updating learning rate to 1.3508517176729929e-05
Epoch: 23 cost time: 1.6179726123809814
Epoch: 23, Steps: 63 | Train Loss: 0.6807932 Vali Loss: 0.3866216 Test Loss: 0.4168201
Validation loss decreased (0.386788 --> 0.386622).  Saving model ...
Updating learning rate to 1.2157665459056936e-05
Epoch: 24 cost time: 1.6270840167999268
Epoch: 24, Steps: 63 | Train Loss: 0.6791459 Vali Loss: 0.3860616 Test Loss: 0.4162162
Validation loss decreased (0.386622 --> 0.386062).  Saving model ...
Updating learning rate to 1.0941898913151242e-05
Epoch: 25 cost time: 2.499316692352295
Epoch: 25, Steps: 63 | Train Loss: 0.6784709 Vali Loss: 0.3860844 Test Loss: 0.4164427
EarlyStopping counter: 1 out of 100
Updating learning rate to 9.847709021836118e-06
Epoch: 26 cost time: 1.61403489112854
Epoch: 26, Steps: 63 | Train Loss: 0.6791960 Vali Loss: 0.3856962 Test Loss: 0.4160567
Validation loss decreased (0.386062 --> 0.385696).  Saving model ...
Updating learning rate to 8.862938119652508e-06
Epoch: 27 cost time: 1.6330182552337646
Epoch: 27, Steps: 63 | Train Loss: 0.6759710 Vali Loss: 0.3854255 Test Loss: 0.4159482
Validation loss decreased (0.385696 --> 0.385425).  Saving model ...
Updating learning rate to 7.976644307687255e-06
Epoch: 28 cost time: 1.6242754459381104
Epoch: 28, Steps: 63 | Train Loss: 0.6764044 Vali Loss: 0.3851820 Test Loss: 0.4156223
Validation loss decreased (0.385425 --> 0.385182).  Saving model ...
Updating learning rate to 7.178979876918531e-06
Epoch: 29 cost time: 1.6187500953674316
Epoch: 29, Steps: 63 | Train Loss: 0.6766221 Vali Loss: 0.3851608 Test Loss: 0.4156499
Validation loss decreased (0.385182 --> 0.385161).  Saving model ...
Updating learning rate to 6.4610818892266776e-06
Epoch: 30 cost time: 1.613724946975708
Epoch: 30, Steps: 63 | Train Loss: 0.6774679 Vali Loss: 0.3849043 Test Loss: 0.4153945
Validation loss decreased (0.385161 --> 0.384904).  Saving model ...
Updating learning rate to 5.8149737003040096e-06
Epoch: 31 cost time: 1.6225390434265137
Epoch: 31, Steps: 63 | Train Loss: 0.6764710 Vali Loss: 0.3847954 Test Loss: 0.4153271
Validation loss decreased (0.384904 --> 0.384795).  Saving model ...
Updating learning rate to 5.23347633027361e-06
Epoch: 32 cost time: 1.6251606941223145
Epoch: 32, Steps: 63 | Train Loss: 0.6762300 Vali Loss: 0.3845387 Test Loss: 0.4149351
Validation loss decreased (0.384795 --> 0.384539).  Saving model ...
Updating learning rate to 4.710128697246249e-06
Epoch: 33 cost time: 1.609755039215088
Epoch: 33, Steps: 63 | Train Loss: 0.6730993 Vali Loss: 0.3844672 Test Loss: 0.4149808
Validation loss decreased (0.384539 --> 0.384467).  Saving model ...
Updating learning rate to 4.239115827521624e-06
Epoch: 34 cost time: 1.6231048107147217
Epoch: 34, Steps: 63 | Train Loss: 0.6734864 Vali Loss: 0.3840995 Test Loss: 0.4145592
Validation loss decreased (0.384467 --> 0.384099).  Saving model ...
Updating learning rate to 3.815204244769462e-06
Epoch: 35 cost time: 1.6327056884765625
Epoch: 35, Steps: 63 | Train Loss: 0.6732669 Vali Loss: 0.3840398 Test Loss: 0.4145541
Validation loss decreased (0.384099 --> 0.384040).  Saving model ...
Updating learning rate to 3.4336838202925152e-06
Epoch: 36 cost time: 1.6374800205230713
Epoch: 36, Steps: 63 | Train Loss: 0.6758988 Vali Loss: 0.3842532 Test Loss: 0.4148781
EarlyStopping counter: 1 out of 100
Updating learning rate to 3.090315438263264e-06
Epoch: 37 cost time: 1.6255207061767578
Epoch: 37, Steps: 63 | Train Loss: 0.6754391 Vali Loss: 0.3840387 Test Loss: 0.4145029
Validation loss decreased (0.384040 --> 0.384039).  Saving model ...
Updating learning rate to 2.7812838944369375e-06
Epoch: 38 cost time: 1.6346204280853271
Epoch: 38, Steps: 63 | Train Loss: 0.6761138 Vali Loss: 0.3839898 Test Loss: 0.4144969
Validation loss decreased (0.384039 --> 0.383990).  Saving model ...
Updating learning rate to 2.503155504993244e-06
Epoch: 39 cost time: 1.6323668956756592
Epoch: 39, Steps: 63 | Train Loss: 0.6743323 Vali Loss: 0.3839861 Test Loss: 0.4145617
Validation loss decreased (0.383990 --> 0.383986).  Saving model ...
Updating learning rate to 2.2528399544939195e-06
Epoch: 40 cost time: 1.6217601299285889
Epoch: 40, Steps: 63 | Train Loss: 0.6748078 Vali Loss: 0.3839041 Test Loss: 0.4144842
Validation loss decreased (0.383986 --> 0.383904).  Saving model ...
Updating learning rate to 2.0275559590445276e-06
Epoch: 41 cost time: 1.6312978267669678
Epoch: 41, Steps: 63 | Train Loss: 0.6749198 Vali Loss: 0.3837599 Test Loss: 0.4143535
Validation loss decreased (0.383904 --> 0.383760).  Saving model ...
Updating learning rate to 1.8248003631400751e-06
Epoch: 42 cost time: 1.6364336013793945
Epoch: 42, Steps: 63 | Train Loss: 0.6732168 Vali Loss: 0.3839145 Test Loss: 0.4145700
EarlyStopping counter: 1 out of 100
Updating learning rate to 1.6423203268260676e-06
Epoch: 43 cost time: 2.385103225708008
Epoch: 43, Steps: 63 | Train Loss: 0.6745730 Vali Loss: 0.3838882 Test Loss: 0.4145397
EarlyStopping counter: 2 out of 100
Updating learning rate to 1.4780882941434609e-06
Epoch: 44 cost time: 2.13016676902771
Epoch: 44, Steps: 63 | Train Loss: 0.6756632 Vali Loss: 0.3836757 Test Loss: 0.4143989
Validation loss decreased (0.383760 --> 0.383676).  Saving model ...
Updating learning rate to 1.3302794647291146e-06
Epoch: 45 cost time: 1.6179313659667969
Epoch: 45, Steps: 63 | Train Loss: 0.6744311 Vali Loss: 0.3837073 Test Loss: 0.4143923
EarlyStopping counter: 1 out of 100
Updating learning rate to 1.1972515182562034e-06
Epoch: 46 cost time: 1.7082245349884033
Epoch: 46, Steps: 63 | Train Loss: 0.6737105 Vali Loss: 0.3837391 Test Loss: 0.4144210
EarlyStopping counter: 2 out of 100
Updating learning rate to 1.077526366430583e-06
Epoch: 47 cost time: 1.6166083812713623
Epoch: 47, Steps: 63 | Train Loss: 0.6745313 Vali Loss: 0.3837283 Test Loss: 0.4144048
EarlyStopping counter: 3 out of 100
Updating learning rate to 9.697737297875248e-07
Epoch: 48 cost time: 1.615837812423706
Epoch: 48, Steps: 63 | Train Loss: 0.6717318 Vali Loss: 0.3837866 Test Loss: 0.4144913
EarlyStopping counter: 4 out of 100
Updating learning rate to 8.727963568087723e-07
Epoch: 49 cost time: 1.6106085777282715
Epoch: 49, Steps: 63 | Train Loss: 0.6746137 Vali Loss: 0.3838646 Test Loss: 0.4146486
EarlyStopping counter: 5 out of 100
Updating learning rate to 7.855167211278951e-07
Epoch: 50 cost time: 1.6154530048370361
Epoch: 50, Steps: 63 | Train Loss: 0.6751230 Vali Loss: 0.3837274 Test Loss: 0.4146115
EarlyStopping counter: 6 out of 100
Updating learning rate to 7.069650490151056e-07
Epoch: 51 cost time: 2.454428195953369
Epoch: 51, Steps: 63 | Train Loss: 0.6722999 Vali Loss: 0.3836978 Test Loss: 0.4144317
EarlyStopping counter: 7 out of 100
Updating learning rate to 6.36268544113595e-07
Epoch: 52 cost time: 2.4410154819488525
Epoch: 52, Steps: 63 | Train Loss: 0.6739547 Vali Loss: 0.3837696 Test Loss: 0.4144496
EarlyStopping counter: 8 out of 100
Updating learning rate to 5.726416897022355e-07
Epoch: 53 cost time: 2.3057196140289307
Epoch: 53, Steps: 63 | Train Loss: 0.6746541 Vali Loss: 0.3836101 Test Loss: 0.4143600
Validation loss decreased (0.383676 --> 0.383610).  Saving model ...
Updating learning rate to 5.15377520732012e-07
Epoch: 54 cost time: 1.7194597721099854
Epoch: 54, Steps: 63 | Train Loss: 0.6753240 Vali Loss: 0.3837779 Test Loss: 0.4145562
EarlyStopping counter: 1 out of 100
Updating learning rate to 4.6383976865881085e-07
Epoch: 55 cost time: 2.379631519317627
Epoch: 55, Steps: 63 | Train Loss: 0.6757946 Vali Loss: 0.3836185 Test Loss: 0.4144386
EarlyStopping counter: 2 out of 100
Updating learning rate to 4.174557917929298e-07
Epoch: 56 cost time: 2.4134907722473145
Epoch: 56, Steps: 63 | Train Loss: 0.6732082 Vali Loss: 0.3836793 Test Loss: 0.4143978
EarlyStopping counter: 3 out of 100
Updating learning rate to 3.7571021261363677e-07
Epoch: 57 cost time: 2.0534255504608154
Epoch: 57, Steps: 63 | Train Loss: 0.6752518 Vali Loss: 0.3835544 Test Loss: 0.4142370
Validation loss decreased (0.383610 --> 0.383554).  Saving model ...
Updating learning rate to 3.381391913522731e-07
Epoch: 58 cost time: 1.6517395973205566
Epoch: 58, Steps: 63 | Train Loss: 0.6731451 Vali Loss: 0.3838159 Test Loss: 0.4146300
EarlyStopping counter: 1 out of 100
Updating learning rate to 3.043252722170458e-07
Epoch: 59 cost time: 2.283748149871826
Epoch: 59, Steps: 63 | Train Loss: 0.6750220 Vali Loss: 0.3832080 Test Loss: 0.4143403
Validation loss decreased (0.383554 --> 0.383208).  Saving model ...
Updating learning rate to 2.7389274499534124e-07
Epoch: 60 cost time: 1.6576881408691406
Epoch: 60, Steps: 63 | Train Loss: 0.6727309 Vali Loss: 0.3835927 Test Loss: 0.4142667
EarlyStopping counter: 1 out of 100
Updating learning rate to 2.465034704958071e-07
Epoch: 61 cost time: 1.6310837268829346
Epoch: 61, Steps: 63 | Train Loss: 0.6743251 Vali Loss: 0.3836113 Test Loss: 0.4143445
EarlyStopping counter: 2 out of 100
Updating learning rate to 2.218531234462264e-07
Epoch: 62 cost time: 1.6303398609161377
Epoch: 62, Steps: 63 | Train Loss: 0.6731088 Vali Loss: 0.3835617 Test Loss: 0.4143541
EarlyStopping counter: 3 out of 100
Updating learning rate to 1.9966781110160376e-07
Epoch: 63 cost time: 1.6344969272613525
Epoch: 63, Steps: 63 | Train Loss: 0.6735750 Vali Loss: 0.3836514 Test Loss: 0.4144100
EarlyStopping counter: 4 out of 100
Updating learning rate to 1.797010299914434e-07
Epoch: 64 cost time: 1.6424040794372559
Epoch: 64, Steps: 63 | Train Loss: 0.6717975 Vali Loss: 0.3836020 Test Loss: 0.4143074
EarlyStopping counter: 5 out of 100
Updating learning rate to 1.6173092699229907e-07
Epoch: 65 cost time: 1.6681132316589355
Epoch: 65, Steps: 63 | Train Loss: 0.6748223 Vali Loss: 0.3835803 Test Loss: 0.4144863
EarlyStopping counter: 6 out of 100
Updating learning rate to 1.4555783429306916e-07
Epoch: 66 cost time: 2.437866449356079
Epoch: 66, Steps: 63 | Train Loss: 0.6731524 Vali Loss: 0.3832480 Test Loss: 0.4143808
EarlyStopping counter: 7 out of 100
Updating learning rate to 1.3100205086376224e-07
Epoch: 67 cost time: 1.7546014785766602
Epoch: 67, Steps: 63 | Train Loss: 0.6735800 Vali Loss: 0.3831305 Test Loss: 0.4143438
Validation loss decreased (0.383208 --> 0.383131).  Saving model ...
Updating learning rate to 1.1790184577738603e-07
Epoch: 68 cost time: 1.6265466213226318
Epoch: 68, Steps: 63 | Train Loss: 0.6737069 Vali Loss: 0.3834838 Test Loss: 0.4142696
EarlyStopping counter: 1 out of 100
Updating learning rate to 1.0611166119964742e-07
Epoch: 69 cost time: 2.423038959503174
Epoch: 69, Steps: 63 | Train Loss: 0.6733764 Vali Loss: 0.3833388 Test Loss: 0.4141246
EarlyStopping counter: 2 out of 100
Updating learning rate to 9.550049507968268e-08
Epoch: 70 cost time: 2.1533398628234863
Epoch: 70, Steps: 63 | Train Loss: 0.6730705 Vali Loss: 0.3836315 Test Loss: 0.4144850
EarlyStopping counter: 3 out of 100
Updating learning rate to 8.595044557171442e-08
Epoch: 71 cost time: 2.040811061859131
Epoch: 71, Steps: 63 | Train Loss: 0.6736023 Vali Loss: 0.3835961 Test Loss: 0.4144188
EarlyStopping counter: 4 out of 100
Updating learning rate to 7.735540101454298e-08
Epoch: 72 cost time: 1.6334028244018555
Epoch: 72, Steps: 63 | Train Loss: 0.6734175 Vali Loss: 0.3833658 Test Loss: 0.4144229
EarlyStopping counter: 5 out of 100
Updating learning rate to 6.961986091308869e-08
Epoch: 73 cost time: 1.6156609058380127
Epoch: 73, Steps: 63 | Train Loss: 0.6732302 Vali Loss: 0.3836508 Test Loss: 0.4144081
EarlyStopping counter: 6 out of 100
Updating learning rate to 6.265787482177981e-08
Epoch: 74 cost time: 1.6213726997375488
Epoch: 74, Steps: 63 | Train Loss: 0.6725765 Vali Loss: 0.3833889 Test Loss: 0.4140401
EarlyStopping counter: 7 out of 100
Updating learning rate to 5.639208733960184e-08
Epoch: 75 cost time: 1.6320254802703857
Epoch: 75, Steps: 63 | Train Loss: 0.6724600 Vali Loss: 0.3834923 Test Loss: 0.4141425
EarlyStopping counter: 8 out of 100
Updating learning rate to 5.075287860564165e-08
Epoch: 76 cost time: 1.6124751567840576
Epoch: 76, Steps: 63 | Train Loss: 0.6746124 Vali Loss: 0.3836307 Test Loss: 0.4144056
EarlyStopping counter: 9 out of 100
Updating learning rate to 4.567759074507749e-08
Epoch: 77 cost time: 1.6199064254760742
Epoch: 77, Steps: 63 | Train Loss: 0.6743796 Vali Loss: 0.3836555 Test Loss: 0.4144545
EarlyStopping counter: 10 out of 100
Updating learning rate to 4.1109831670569744e-08
Epoch: 78 cost time: 1.9016234874725342
Epoch: 78, Steps: 63 | Train Loss: 0.6749952 Vali Loss: 0.3835921 Test Loss: 0.4142852
EarlyStopping counter: 11 out of 100
Updating learning rate to 3.6998848503512764e-08
Epoch: 79 cost time: 2.4555211067199707
Epoch: 79, Steps: 63 | Train Loss: 0.6725709 Vali Loss: 0.3835270 Test Loss: 0.4144166
EarlyStopping counter: 12 out of 100
Updating learning rate to 3.3298963653161496e-08
Epoch: 80 cost time: 1.7977697849273682
Epoch: 80, Steps: 63 | Train Loss: 0.6742176 Vali Loss: 0.3835797 Test Loss: 0.4143404
EarlyStopping counter: 13 out of 100
Updating learning rate to 2.996906728784534e-08
Epoch: 81 cost time: 1.632096529006958
Epoch: 81, Steps: 63 | Train Loss: 0.6743316 Vali Loss: 0.3835377 Test Loss: 0.4143005
EarlyStopping counter: 14 out of 100
Updating learning rate to 2.697216055906081e-08
Epoch: 82 cost time: 1.61738920211792
Epoch: 82, Steps: 63 | Train Loss: 0.6745893 Vali Loss: 0.3833279 Test Loss: 0.4141183
EarlyStopping counter: 15 out of 100
Updating learning rate to 2.427494450315473e-08
Epoch: 83 cost time: 1.623345136642456
Epoch: 83, Steps: 63 | Train Loss: 0.6744408 Vali Loss: 0.3832020 Test Loss: 0.4139062
EarlyStopping counter: 16 out of 100
Updating learning rate to 2.1847450052839257e-08
Epoch: 84 cost time: 1.6235620975494385
Epoch: 84, Steps: 63 | Train Loss: 0.6747164 Vali Loss: 0.3835271 Test Loss: 0.4142817
EarlyStopping counter: 17 out of 100
Updating learning rate to 1.9662705047555332e-08
Epoch: 85 cost time: 1.7527005672454834
Epoch: 85, Steps: 63 | Train Loss: 0.6740875 Vali Loss: 0.3835784 Test Loss: 0.4143129
EarlyStopping counter: 18 out of 100
Updating learning rate to 1.7696434542799797e-08
Epoch: 86 cost time: 1.6031997203826904
Epoch: 86, Steps: 63 | Train Loss: 0.6723496 Vali Loss: 0.3835456 Test Loss: 0.4142314
EarlyStopping counter: 19 out of 100
Updating learning rate to 1.5926791088519817e-08
Epoch: 87 cost time: 1.6119763851165771
Epoch: 87, Steps: 63 | Train Loss: 0.6750652 Vali Loss: 0.3834470 Test Loss: 0.4141311
EarlyStopping counter: 20 out of 100
Updating learning rate to 1.4334111979667836e-08
Epoch: 88 cost time: 2.333977460861206
Epoch: 88, Steps: 63 | Train Loss: 0.6735224 Vali Loss: 0.3836853 Test Loss: 0.4144550
EarlyStopping counter: 21 out of 100
Updating learning rate to 1.2900700781701054e-08
Epoch: 89 cost time: 1.998891830444336
Epoch: 89, Steps: 63 | Train Loss: 0.6745543 Vali Loss: 0.3835603 Test Loss: 0.4143575
EarlyStopping counter: 22 out of 100
Updating learning rate to 1.161063070353095e-08
Epoch: 90 cost time: 1.7204043865203857
Epoch: 90, Steps: 63 | Train Loss: 0.6728285 Vali Loss: 0.3834400 Test Loss: 0.4142011
EarlyStopping counter: 23 out of 100
Updating learning rate to 1.0449567633177854e-08
Epoch: 91 cost time: 2.2212445735931396
Epoch: 91, Steps: 63 | Train Loss: 0.6731407 Vali Loss: 0.3834814 Test Loss: 0.4142029
EarlyStopping counter: 24 out of 100
Updating learning rate to 9.404610869860069e-09
Epoch: 92 cost time: 1.6135427951812744
Epoch: 92, Steps: 63 | Train Loss: 0.6741249 Vali Loss: 0.3835149 Test Loss: 0.4143061
EarlyStopping counter: 25 out of 100
Updating learning rate to 8.464149782874063e-09
Epoch: 93 cost time: 2.3520379066467285
Epoch: 93, Steps: 63 | Train Loss: 0.6733620 Vali Loss: 0.3833832 Test Loss: 0.4140542
EarlyStopping counter: 26 out of 100
Updating learning rate to 7.617734804586658e-09
Epoch: 94 cost time: 1.6042578220367432
Epoch: 94, Steps: 63 | Train Loss: 0.6730428 Vali Loss: 0.3836663 Test Loss: 0.4144608
EarlyStopping counter: 27 out of 100
Updating learning rate to 6.855961324127991e-09
Epoch: 95 cost time: 2.4397025108337402
Epoch: 95, Steps: 63 | Train Loss: 0.6732585 Vali Loss: 0.3834081 Test Loss: 0.4140691
EarlyStopping counter: 28 out of 100
Updating learning rate to 6.170365191715193e-09
Epoch: 96 cost time: 1.8734126091003418
Epoch: 96, Steps: 63 | Train Loss: 0.6738367 Vali Loss: 0.3833794 Test Loss: 0.4141611
EarlyStopping counter: 29 out of 100
Updating learning rate to 5.5533286725436726e-09
Epoch: 97 cost time: 1.755354404449463
Epoch: 97, Steps: 63 | Train Loss: 0.6742238 Vali Loss: 0.3833091 Test Loss: 0.4141956
EarlyStopping counter: 30 out of 100
Updating learning rate to 4.997995805289306e-09
Epoch: 98 cost time: 1.6149394512176514
Epoch: 98, Steps: 63 | Train Loss: 0.6735887 Vali Loss: 0.3835883 Test Loss: 0.4144331
EarlyStopping counter: 31 out of 100
Updating learning rate to 4.498196224760375e-09
Epoch: 99 cost time: 1.7508165836334229
Epoch: 99, Steps: 63 | Train Loss: 0.6739782 Vali Loss: 0.3833163 Test Loss: 0.4141083
EarlyStopping counter: 32 out of 100
Updating learning rate to 4.048376602284338e-09
Epoch: 100 cost time: 2.225184202194214
Epoch: 100, Steps: 63 | Train Loss: 0.6741029 Vali Loss: 0.3834763 Test Loss: 0.4142572
EarlyStopping counter: 33 out of 100
Updating learning rate to 3.643538942055904e-09
>>>>>>>testing : NL_etth2_cms_lr0.00005_always_336_192_PatchTST_ETTh2_ftM_sl336_ll48_pl192_dm16_nh4_el3_dl1_df128_fc1_ebtimeF_dtTruelr5e-05_polalways_Nested_Learning_0<<<<<<<<<<<<<<<<<<<<<<<<<<<<<<<<<
test 2689
 Ejecutando Inferencia DINÁMICA (Nested Learning con cms)
  -> Política: always | LR: 5e-05 | Target: head

RESUMEN: El CMS se actualizó 21 veces de 21 posibles.

mse:0.41229599714279175, mae:0.44039127230644226, rse:0.5148801803588867
Args in experiment:
Namespace(random_seed=2021, is_training=1, model_id='NL_etth2_cms_lr0.00005_always_336_336', model='PatchTST', data='ETTh2', root_path='./dataset/', data_path='ETTh2.csv', features='M', target='OT', freq='h', checkpoints='./checkpoints/', seq_len=336, label_len=48, pred_len=336, head_type='cms', cms_lr=5e-05, update_policy='always', fc_dropout=0.3, head_dropout=0.0, patch_len=16, stride=8, padding_patch='end', revin=1, affine=0, subtract_last=0, decomposition=0, kernel_size=25, individual=0, embed_type=0, enc_in=7, dec_in=7, c_out=7, d_model=16, n_heads=4, e_layers=3, d_layers=1, d_ff=128, moving_avg=25, factor=1, distil=True, dropout=0.3, embed='timeF', activation='gelu', output_attention=False, do_predict=False, num_workers=0, itr=1, train_epochs=100, batch_size=128, patience=100, learning_rate=0.0001, des='Nested_Learning', loss='mse', lradj='type3', pct_start=0.3, use_amp=False, use_gpu=True, gpu=0, use_multi_gpu=False, devices='0,1,2,3', test_flop=False)
Use GPU: cuda:0
>>>>>>>start training : NL_etth2_cms_lr0.00005_always_336_336_PatchTST_ETTh2_ftM_sl336_ll48_pl336_dm16_nh4_el3_dl1_df128_fc1_ebtimeF_dtTruelr5e-05_polalways_Nested_Learning_0>>>>>>>>>>>>>>>>>>>>>>>>>>
train 7969
val 2545
test 2545
Epoch: 1 cost time: 2.613987445831299
Epoch: 1, Steps: 62 | Train Loss: 0.8292494 Vali Loss: 0.5073105 Test Loss: 0.3993318
Validation loss decreased (inf --> 0.507310).  Saving model ...
Updating learning rate to 0.0001
Epoch: 2 cost time: 1.6357214450836182
Epoch: 2, Steps: 62 | Train Loss: 0.8267259 Vali Loss: 0.5078541 Test Loss: 0.3971148
EarlyStopping counter: 1 out of 100
Updating learning rate to 0.0001
Epoch: 3 cost time: 1.6151208877563477
Epoch: 3, Steps: 62 | Train Loss: 0.8176119 Vali Loss: 0.5006158 Test Loss: 0.3953915
Validation loss decreased (0.507310 --> 0.500616).  Saving model ...
Updating learning rate to 0.0001
Epoch: 4 cost time: 1.6239092350006104
Epoch: 4, Steps: 62 | Train Loss: 0.8094827 Vali Loss: 0.5003099 Test Loss: 0.3932147
Validation loss decreased (0.500616 --> 0.500310).  Saving model ...
Updating learning rate to 9e-05
Epoch: 5 cost time: 1.6416981220245361
Epoch: 5, Steps: 62 | Train Loss: 0.8023873 Vali Loss: 0.4949501 Test Loss: 0.3916959
Validation loss decreased (0.500310 --> 0.494950).  Saving model ...
Updating learning rate to 8.1e-05
Epoch: 6 cost time: 1.654010534286499
Epoch: 6, Steps: 62 | Train Loss: 0.7976489 Vali Loss: 0.4918715 Test Loss: 0.3900759
Validation loss decreased (0.494950 --> 0.491871).  Saving model ...
Updating learning rate to 7.290000000000001e-05
Epoch: 7 cost time: 1.6628000736236572
Epoch: 7, Steps: 62 | Train Loss: 0.7921567 Vali Loss: 0.4867326 Test Loss: 0.3892493
Validation loss decreased (0.491871 --> 0.486733).  Saving model ...
Updating learning rate to 6.561e-05
Epoch: 8 cost time: 1.659715175628662
Epoch: 8, Steps: 62 | Train Loss: 0.7879557 Vali Loss: 0.4859726 Test Loss: 0.3881796
Validation loss decreased (0.486733 --> 0.485973).  Saving model ...
Updating learning rate to 5.904900000000001e-05
Epoch: 9 cost time: 1.6596853733062744
Epoch: 9, Steps: 62 | Train Loss: 0.7837073 Vali Loss: 0.4886020 Test Loss: 0.3871825
EarlyStopping counter: 1 out of 100
Updating learning rate to 5.3144100000000005e-05
Epoch: 10 cost time: 1.6560206413269043
Epoch: 10, Steps: 62 | Train Loss: 0.7812871 Vali Loss: 0.4846086 Test Loss: 0.3866921
Validation loss decreased (0.485973 --> 0.484609).  Saving model ...
Updating learning rate to 4.782969000000001e-05
Epoch: 11 cost time: 1.661912202835083
Epoch: 11, Steps: 62 | Train Loss: 0.7787220 Vali Loss: 0.4851356 Test Loss: 0.3861233
EarlyStopping counter: 1 out of 100
Updating learning rate to 4.304672100000001e-05
Epoch: 12 cost time: 1.6742589473724365
Epoch: 12, Steps: 62 | Train Loss: 0.7754667 Vali Loss: 0.4842802 Test Loss: 0.3850484
Validation loss decreased (0.484609 --> 0.484280).  Saving model ...
Updating learning rate to 3.874204890000001e-05
Epoch: 13 cost time: 1.6605830192565918
Epoch: 13, Steps: 62 | Train Loss: 0.7750693 Vali Loss: 0.4814681 Test Loss: 0.3845665
Validation loss decreased (0.484280 --> 0.481468).  Saving model ...
Updating learning rate to 3.486784401000001e-05
Epoch: 14 cost time: 1.6480841636657715
Epoch: 14, Steps: 62 | Train Loss: 0.7741599 Vali Loss: 0.4805852 Test Loss: 0.3841217
Validation loss decreased (0.481468 --> 0.480585).  Saving model ...
Updating learning rate to 3.138105960900001e-05
Epoch: 15 cost time: 1.655515432357788
Epoch: 15, Steps: 62 | Train Loss: 0.7713389 Vali Loss: 0.4823623 Test Loss: 0.3841866
EarlyStopping counter: 1 out of 100
Updating learning rate to 2.824295364810001e-05
Epoch: 16 cost time: 1.6865551471710205
Epoch: 16, Steps: 62 | Train Loss: 0.7684998 Vali Loss: 0.4821031 Test Loss: 0.3836893
EarlyStopping counter: 2 out of 100
Updating learning rate to 2.541865828329001e-05
Epoch: 17 cost time: 1.6463963985443115
Epoch: 17, Steps: 62 | Train Loss: 0.7669064 Vali Loss: 0.4795922 Test Loss: 0.3830513
Validation loss decreased (0.480585 --> 0.479592).  Saving model ...
Updating learning rate to 2.287679245496101e-05
Epoch: 18 cost time: 1.646815299987793
Epoch: 18, Steps: 62 | Train Loss: 0.7677957 Vali Loss: 0.4804222 Test Loss: 0.3824684
EarlyStopping counter: 1 out of 100
Updating learning rate to 2.0589113209464907e-05
Epoch: 19 cost time: 1.6297552585601807
Epoch: 19, Steps: 62 | Train Loss: 0.7670473 Vali Loss: 0.4805037 Test Loss: 0.3825118
EarlyStopping counter: 2 out of 100
Updating learning rate to 1.8530201888518416e-05
Epoch: 20 cost time: 1.653939962387085
Epoch: 20, Steps: 62 | Train Loss: 0.7651029 Vali Loss: 0.4746825 Test Loss: 0.3822951
Validation loss decreased (0.479592 --> 0.474683).  Saving model ...
Updating learning rate to 1.6677181699666577e-05
Epoch: 21 cost time: 1.6587119102478027
Epoch: 21, Steps: 62 | Train Loss: 0.7650070 Vali Loss: 0.4756458 Test Loss: 0.3819376
EarlyStopping counter: 1 out of 100
Updating learning rate to 1.5009463529699919e-05
Epoch: 22 cost time: 1.663602590560913
Epoch: 22, Steps: 62 | Train Loss: 0.7652685 Vali Loss: 0.4775077 Test Loss: 0.3817957
EarlyStopping counter: 2 out of 100
Updating learning rate to 1.3508517176729929e-05
Epoch: 23 cost time: 1.6403121948242188
Epoch: 23, Steps: 62 | Train Loss: 0.7638299 Vali Loss: 0.4776765 Test Loss: 0.3811392
EarlyStopping counter: 3 out of 100
Updating learning rate to 1.2157665459056936e-05
Epoch: 24 cost time: 1.6616520881652832
Epoch: 24, Steps: 62 | Train Loss: 0.7634148 Vali Loss: 0.4758909 Test Loss: 0.3808806
EarlyStopping counter: 4 out of 100
Updating learning rate to 1.0941898913151242e-05
Epoch: 25 cost time: 1.6299667358398438
Epoch: 25, Steps: 62 | Train Loss: 0.7640472 Vali Loss: 0.4761768 Test Loss: 0.3812181
EarlyStopping counter: 5 out of 100
Updating learning rate to 9.847709021836118e-06
Epoch: 26 cost time: 1.6528103351593018
Epoch: 26, Steps: 62 | Train Loss: 0.7612500 Vali Loss: 0.4747762 Test Loss: 0.3809985
EarlyStopping counter: 6 out of 100
Updating learning rate to 8.862938119652508e-06
Epoch: 27 cost time: 1.6435935497283936
Epoch: 27, Steps: 62 | Train Loss: 0.7601860 Vali Loss: 0.4777700 Test Loss: 0.3807951
EarlyStopping counter: 7 out of 100
Updating learning rate to 7.976644307687255e-06
Epoch: 28 cost time: 1.6315081119537354
Epoch: 28, Steps: 62 | Train Loss: 0.7610004 Vali Loss: 0.4764650 Test Loss: 0.3809220
EarlyStopping counter: 8 out of 100
Updating learning rate to 7.178979876918531e-06
Epoch: 29 cost time: 1.7292733192443848
Epoch: 29, Steps: 62 | Train Loss: 0.7601549 Vali Loss: 0.4767689 Test Loss: 0.3808619
EarlyStopping counter: 9 out of 100
Updating learning rate to 6.4610818892266776e-06
Epoch: 30 cost time: 1.6461832523345947
Epoch: 30, Steps: 62 | Train Loss: 0.7605515 Vali Loss: 0.4742669 Test Loss: 0.3806669
Validation loss decreased (0.474683 --> 0.474267).  Saving model ...
Updating learning rate to 5.8149737003040096e-06
Epoch: 31 cost time: 1.6446812152862549
Epoch: 31, Steps: 62 | Train Loss: 0.7607293 Vali Loss: 0.4736055 Test Loss: 0.3805377
Validation loss decreased (0.474267 --> 0.473605).  Saving model ...
Updating learning rate to 5.23347633027361e-06
Epoch: 32 cost time: 1.6906709671020508
Epoch: 32, Steps: 62 | Train Loss: 0.7584122 Vali Loss: 0.4769094 Test Loss: 0.3803241
EarlyStopping counter: 1 out of 100
Updating learning rate to 4.710128697246249e-06
Epoch: 33 cost time: 2.2505831718444824
Epoch: 33, Steps: 62 | Train Loss: 0.7595135 Vali Loss: 0.4764192 Test Loss: 0.3804465
EarlyStopping counter: 2 out of 100
Updating learning rate to 4.239115827521624e-06
Epoch: 34 cost time: 1.6380698680877686
Epoch: 34, Steps: 62 | Train Loss: 0.7599660 Vali Loss: 0.4743274 Test Loss: 0.3802562
EarlyStopping counter: 3 out of 100
Updating learning rate to 3.815204244769462e-06
Epoch: 35 cost time: 1.6449189186096191
Epoch: 35, Steps: 62 | Train Loss: 0.7594465 Vali Loss: 0.4758208 Test Loss: 0.3803401
EarlyStopping counter: 4 out of 100
Updating learning rate to 3.4336838202925152e-06
Epoch: 36 cost time: 1.638951301574707
Epoch: 36, Steps: 62 | Train Loss: 0.7612029 Vali Loss: 0.4750936 Test Loss: 0.3803921
EarlyStopping counter: 5 out of 100
Updating learning rate to 3.090315438263264e-06
Epoch: 37 cost time: 1.6313221454620361
Epoch: 37, Steps: 62 | Train Loss: 0.7595974 Vali Loss: 0.4729978 Test Loss: 0.3801812
Validation loss decreased (0.473605 --> 0.472998).  Saving model ...
Updating learning rate to 2.7812838944369375e-06
Epoch: 38 cost time: 1.645761251449585
Epoch: 38, Steps: 62 | Train Loss: 0.7600044 Vali Loss: 0.4741495 Test Loss: 0.3804378
EarlyStopping counter: 1 out of 100
Updating learning rate to 2.503155504993244e-06
Epoch: 39 cost time: 1.654284954071045
Epoch: 39, Steps: 62 | Train Loss: 0.7588888 Vali Loss: 0.4739625 Test Loss: 0.3802230
EarlyStopping counter: 2 out of 100
Updating learning rate to 2.2528399544939195e-06
Epoch: 40 cost time: 1.6310884952545166
Epoch: 40, Steps: 62 | Train Loss: 0.7593243 Vali Loss: 0.4754347 Test Loss: 0.3802622
EarlyStopping counter: 3 out of 100
Updating learning rate to 2.0275559590445276e-06
Epoch: 41 cost time: 1.6329188346862793
Epoch: 41, Steps: 62 | Train Loss: 0.7606957 Vali Loss: 0.4769978 Test Loss: 0.3804382
EarlyStopping counter: 4 out of 100
Updating learning rate to 1.8248003631400751e-06
Epoch: 42 cost time: 1.6490669250488281
Epoch: 42, Steps: 62 | Train Loss: 0.7592020 Vali Loss: 0.4775093 Test Loss: 0.3798700
EarlyStopping counter: 5 out of 100
Updating learning rate to 1.6423203268260676e-06
Epoch: 43 cost time: 2.1588754653930664
Epoch: 43, Steps: 62 | Train Loss: 0.7596724 Vali Loss: 0.4740125 Test Loss: 0.3802081
EarlyStopping counter: 6 out of 100
Updating learning rate to 1.4780882941434609e-06
Epoch: 44 cost time: 1.6390538215637207
Epoch: 44, Steps: 62 | Train Loss: 0.7597191 Vali Loss: 0.4723511 Test Loss: 0.3799377
Validation loss decreased (0.472998 --> 0.472351).  Saving model ...
Updating learning rate to 1.3302794647291146e-06
Epoch: 45 cost time: 1.6385283470153809
Epoch: 45, Steps: 62 | Train Loss: 0.7594383 Vali Loss: 0.4748755 Test Loss: 0.3799961
EarlyStopping counter: 1 out of 100
Updating learning rate to 1.1972515182562034e-06
Epoch: 46 cost time: 2.390472412109375
Epoch: 46, Steps: 62 | Train Loss: 0.7594412 Vali Loss: 0.4762614 Test Loss: 0.3801304
EarlyStopping counter: 2 out of 100
Updating learning rate to 1.077526366430583e-06
Epoch: 47 cost time: 2.423659563064575
Epoch: 47, Steps: 62 | Train Loss: 0.7579309 Vali Loss: 0.4733599 Test Loss: 0.3802168
EarlyStopping counter: 3 out of 100
Updating learning rate to 9.697737297875248e-07
Epoch: 48 cost time: 1.6598198413848877
Epoch: 48, Steps: 62 | Train Loss: 0.7597447 Vali Loss: 0.4757515 Test Loss: 0.3796771
EarlyStopping counter: 4 out of 100
Updating learning rate to 8.727963568087723e-07
Epoch: 49 cost time: 1.6475799083709717
Epoch: 49, Steps: 62 | Train Loss: 0.7594928 Vali Loss: 0.4760374 Test Loss: 0.3800593
EarlyStopping counter: 5 out of 100
Updating learning rate to 7.855167211278951e-07
Epoch: 50 cost time: 1.6320555210113525
Epoch: 50, Steps: 62 | Train Loss: 0.7598475 Vali Loss: 0.4740007 Test Loss: 0.3798828
EarlyStopping counter: 6 out of 100
Updating learning rate to 7.069650490151056e-07
Epoch: 51 cost time: 1.7944965362548828
Epoch: 51, Steps: 62 | Train Loss: 0.7601940 Vali Loss: 0.4707062 Test Loss: 0.3796596
Validation loss decreased (0.472351 --> 0.470706).  Saving model ...
Updating learning rate to 6.36268544113595e-07
Epoch: 52 cost time: 1.6476576328277588
Epoch: 52, Steps: 62 | Train Loss: 0.7590265 Vali Loss: 0.4747381 Test Loss: 0.3800496
EarlyStopping counter: 1 out of 100
Updating learning rate to 5.726416897022355e-07
Epoch: 53 cost time: 1.6431896686553955
Epoch: 53, Steps: 62 | Train Loss: 0.7592928 Vali Loss: 0.4737521 Test Loss: 0.3798784
EarlyStopping counter: 2 out of 100
Updating learning rate to 5.15377520732012e-07
Epoch: 54 cost time: 1.6249563694000244
Epoch: 54, Steps: 62 | Train Loss: 0.7592912 Vali Loss: 0.4758379 Test Loss: 0.3797214
EarlyStopping counter: 3 out of 100
Updating learning rate to 4.6383976865881085e-07
Epoch: 55 cost time: 2.3923890590667725
Epoch: 55, Steps: 62 | Train Loss: 0.7593957 Vali Loss: 0.4760460 Test Loss: 0.3800501
EarlyStopping counter: 4 out of 100
Updating learning rate to 4.174557917929298e-07
Epoch: 56 cost time: 2.4571266174316406
Epoch: 56, Steps: 62 | Train Loss: 0.7589515 Vali Loss: 0.4747998 Test Loss: 0.3801740
EarlyStopping counter: 5 out of 100
Updating learning rate to 3.7571021261363677e-07
Epoch: 57 cost time: 1.7238273620605469
Epoch: 57, Steps: 62 | Train Loss: 0.7589474 Vali Loss: 0.4726683 Test Loss: 0.3797590
EarlyStopping counter: 6 out of 100
Updating learning rate to 3.381391913522731e-07
Epoch: 58 cost time: 2.3854451179504395
Epoch: 58, Steps: 62 | Train Loss: 0.7602653 Vali Loss: 0.4737523 Test Loss: 0.3798730
EarlyStopping counter: 7 out of 100
Updating learning rate to 3.043252722170458e-07
Epoch: 59 cost time: 1.7617871761322021
Epoch: 59, Steps: 62 | Train Loss: 0.7594092 Vali Loss: 0.4767309 Test Loss: 0.3796501
EarlyStopping counter: 8 out of 100
Updating learning rate to 2.7389274499534124e-07
Epoch: 60 cost time: 1.6508429050445557
Epoch: 60, Steps: 62 | Train Loss: 0.7591441 Vali Loss: 0.4732538 Test Loss: 0.3799442
EarlyStopping counter: 9 out of 100
Updating learning rate to 2.465034704958071e-07
Epoch: 61 cost time: 2.2047603130340576
Epoch: 61, Steps: 62 | Train Loss: 0.7597423 Vali Loss: 0.4740657 Test Loss: 0.3797583
EarlyStopping counter: 10 out of 100
Updating learning rate to 2.218531234462264e-07
Epoch: 62 cost time: 1.6281135082244873
Epoch: 62, Steps: 62 | Train Loss: 0.7593538 Vali Loss: 0.4755500 Test Loss: 0.3798977
EarlyStopping counter: 11 out of 100
Updating learning rate to 1.9966781110160376e-07
Epoch: 63 cost time: 1.6435327529907227
Epoch: 63, Steps: 62 | Train Loss: 0.7591075 Vali Loss: 0.4736481 Test Loss: 0.3798024
EarlyStopping counter: 12 out of 100
Updating learning rate to 1.797010299914434e-07
Epoch: 64 cost time: 2.382124662399292
Epoch: 64, Steps: 62 | Train Loss: 0.7587844 Vali Loss: 0.4743192 Test Loss: 0.3799109
EarlyStopping counter: 13 out of 100
Updating learning rate to 1.6173092699229907e-07
Epoch: 65 cost time: 1.661419153213501
Epoch: 65, Steps: 62 | Train Loss: 0.7572945 Vali Loss: 0.4763666 Test Loss: 0.3799371
EarlyStopping counter: 14 out of 100
Updating learning rate to 1.4555783429306916e-07
Epoch: 66 cost time: 1.6432487964630127
Epoch: 66, Steps: 62 | Train Loss: 0.7595057 Vali Loss: 0.4750568 Test Loss: 0.3802384
EarlyStopping counter: 15 out of 100
Updating learning rate to 1.3100205086376224e-07
Epoch: 67 cost time: 2.384739398956299
Epoch: 67, Steps: 62 | Train Loss: 0.7584115 Vali Loss: 0.4740738 Test Loss: 0.3800165
EarlyStopping counter: 16 out of 100
Updating learning rate to 1.1790184577738603e-07
Epoch: 68 cost time: 1.904254674911499
Epoch: 68, Steps: 62 | Train Loss: 0.7585773 Vali Loss: 0.4721822 Test Loss: 0.3799252
EarlyStopping counter: 17 out of 100
Updating learning rate to 1.0611166119964742e-07
Epoch: 69 cost time: 1.629835844039917
Epoch: 69, Steps: 62 | Train Loss: 0.7586253 Vali Loss: 0.4733469 Test Loss: 0.3800187
EarlyStopping counter: 18 out of 100
Updating learning rate to 9.550049507968268e-08
Epoch: 70 cost time: 2.460055351257324
Epoch: 70, Steps: 62 | Train Loss: 0.7570599 Vali Loss: 0.4757651 Test Loss: 0.3799265
EarlyStopping counter: 19 out of 100
Updating learning rate to 8.595044557171442e-08
Epoch: 71 cost time: 1.6540048122406006
Epoch: 71, Steps: 62 | Train Loss: 0.7593144 Vali Loss: 0.4721268 Test Loss: 0.3799011
EarlyStopping counter: 20 out of 100
Updating learning rate to 7.735540101454298e-08
Epoch: 72 cost time: 1.6445958614349365
Epoch: 72, Steps: 62 | Train Loss: 0.7594410 Vali Loss: 0.4735708 Test Loss: 0.3798322
EarlyStopping counter: 21 out of 100
Updating learning rate to 6.961986091308869e-08
Epoch: 73 cost time: 2.2476911544799805
Epoch: 73, Steps: 62 | Train Loss: 0.7583226 Vali Loss: 0.4766123 Test Loss: 0.3798336
EarlyStopping counter: 22 out of 100
Updating learning rate to 6.265787482177981e-08
Epoch: 74 cost time: 1.6286778450012207
Epoch: 74, Steps: 62 | Train Loss: 0.7597966 Vali Loss: 0.4733622 Test Loss: 0.3798643
EarlyStopping counter: 23 out of 100
Updating learning rate to 5.639208733960184e-08
Epoch: 75 cost time: 1.6437413692474365
Epoch: 75, Steps: 62 | Train Loss: 0.7597560 Vali Loss: 0.4752672 Test Loss: 0.3798507
EarlyStopping counter: 24 out of 100
Updating learning rate to 5.075287860564165e-08
Epoch: 76 cost time: 2.4336633682250977
Epoch: 76, Steps: 62 | Train Loss: 0.7600360 Vali Loss: 0.4742185 Test Loss: 0.3798218
EarlyStopping counter: 25 out of 100
Updating learning rate to 4.567759074507749e-08
Epoch: 77 cost time: 2.028900384902954
Epoch: 77, Steps: 62 | Train Loss: 0.7586998 Vali Loss: 0.4719321 Test Loss: 0.3799983
EarlyStopping counter: 26 out of 100
Updating learning rate to 4.1109831670569744e-08
Epoch: 78 cost time: 1.6462171077728271
Epoch: 78, Steps: 62 | Train Loss: 0.7580107 Vali Loss: 0.4730818 Test Loss: 0.3799907
EarlyStopping counter: 27 out of 100
Updating learning rate to 3.6998848503512764e-08
Epoch: 79 cost time: 1.6328179836273193
Epoch: 79, Steps: 62 | Train Loss: 0.7587380 Vali Loss: 0.4754809 Test Loss: 0.3801305
EarlyStopping counter: 28 out of 100
Updating learning rate to 3.3298963653161496e-08
Epoch: 80 cost time: 2.100684881210327
Epoch: 80, Steps: 62 | Train Loss: 0.7591403 Vali Loss: 0.4737798 Test Loss: 0.3800534
EarlyStopping counter: 29 out of 100
Updating learning rate to 2.996906728784534e-08
Epoch: 81 cost time: 1.6441371440887451
Epoch: 81, Steps: 62 | Train Loss: 0.7590640 Vali Loss: 0.4771247 Test Loss: 0.3797484
EarlyStopping counter: 30 out of 100
Updating learning rate to 2.697216055906081e-08
Epoch: 82 cost time: 2.423787832260132
Epoch: 82, Steps: 62 | Train Loss: 0.7588194 Vali Loss: 0.4767805 Test Loss: 0.3799236
EarlyStopping counter: 31 out of 100
Updating learning rate to 2.427494450315473e-08
Epoch: 83 cost time: 2.097595453262329
Epoch: 83, Steps: 62 | Train Loss: 0.7584973 Vali Loss: 0.4751934 Test Loss: 0.3800562
EarlyStopping counter: 32 out of 100
Updating learning rate to 2.1847450052839257e-08
Epoch: 84 cost time: 1.6365101337432861
Epoch: 84, Steps: 62 | Train Loss: 0.7585155 Vali Loss: 0.4747597 Test Loss: 0.3801644
EarlyStopping counter: 33 out of 100
Updating learning rate to 1.9662705047555332e-08
Epoch: 85 cost time: 2.403903007507324
Epoch: 85, Steps: 62 | Train Loss: 0.7578536 Vali Loss: 0.4758332 Test Loss: 0.3796172
EarlyStopping counter: 34 out of 100
Updating learning rate to 1.7696434542799797e-08
Epoch: 86 cost time: 2.366785764694214
Epoch: 86, Steps: 62 | Train Loss: 0.7586182 Vali Loss: 0.4736756 Test Loss: 0.3799124
EarlyStopping counter: 35 out of 100
Updating learning rate to 1.5926791088519817e-08
Epoch: 87 cost time: 1.6270148754119873
Epoch: 87, Steps: 62 | Train Loss: 0.7589872 Vali Loss: 0.4753309 Test Loss: 0.3800291
EarlyStopping counter: 36 out of 100
Updating learning rate to 1.4334111979667836e-08
Epoch: 88 cost time: 1.64426589012146
Epoch: 88, Steps: 62 | Train Loss: 0.7575597 Vali Loss: 0.4733787 Test Loss: 0.3798231
EarlyStopping counter: 37 out of 100
Updating learning rate to 1.2900700781701054e-08
Epoch: 89 cost time: 1.6379954814910889
Epoch: 89, Steps: 62 | Train Loss: 0.7554590 Vali Loss: 0.4726295 Test Loss: 0.3798849
EarlyStopping counter: 38 out of 100
Updating learning rate to 1.161063070353095e-08
Epoch: 90 cost time: 2.3017706871032715
Epoch: 90, Steps: 62 | Train Loss: 0.7582541 Vali Loss: 0.4734826 Test Loss: 0.3798508
EarlyStopping counter: 39 out of 100
Updating learning rate to 1.0449567633177854e-08
Epoch: 91 cost time: 2.171837329864502
Epoch: 91, Steps: 62 | Train Loss: 0.7579005 Vali Loss: 0.4726369 Test Loss: 0.3800347
EarlyStopping counter: 40 out of 100
Updating learning rate to 9.404610869860069e-09
Epoch: 92 cost time: 1.621675729751587
Epoch: 92, Steps: 62 | Train Loss: 0.7586501 Vali Loss: 0.4756273 Test Loss: 0.3802649
EarlyStopping counter: 41 out of 100
Updating learning rate to 8.464149782874063e-09
Epoch: 93 cost time: 2.450700521469116
Epoch: 93, Steps: 62 | Train Loss: 0.7585663 Vali Loss: 0.4755647 Test Loss: 0.3798179
EarlyStopping counter: 42 out of 100
Updating learning rate to 7.617734804586658e-09
Epoch: 94 cost time: 1.9289064407348633
Epoch: 94, Steps: 62 | Train Loss: 0.7579815 Vali Loss: 0.4740288 Test Loss: 0.3799452
EarlyStopping counter: 43 out of 100
Updating learning rate to 6.855961324127991e-09
Epoch: 95 cost time: 1.648719072341919
Epoch: 95, Steps: 62 | Train Loss: 0.7594481 Vali Loss: 0.4760088 Test Loss: 0.3797760
EarlyStopping counter: 44 out of 100
Updating learning rate to 6.170365191715193e-09
Epoch: 96 cost time: 1.6457490921020508
Epoch: 96, Steps: 62 | Train Loss: 0.7601537 Vali Loss: 0.4754719 Test Loss: 0.3796546
EarlyStopping counter: 45 out of 100
Updating learning rate to 5.5533286725436726e-09
Epoch: 97 cost time: 1.6338157653808594
Epoch: 97, Steps: 62 | Train Loss: 0.7586327 Vali Loss: 0.4714763 Test Loss: 0.3795122
EarlyStopping counter: 46 out of 100
Updating learning rate to 4.997995805289306e-09
Epoch: 98 cost time: 1.6708543300628662
Epoch: 98, Steps: 62 | Train Loss: 0.7596650 Vali Loss: 0.4772997 Test Loss: 0.3799807
EarlyStopping counter: 47 out of 100
Updating learning rate to 4.498196224760375e-09
Epoch: 99 cost time: 1.6400673389434814
Epoch: 99, Steps: 62 | Train Loss: 0.7598942 Vali Loss: 0.4731600 Test Loss: 0.3793449
EarlyStopping counter: 48 out of 100
Updating learning rate to 4.048376602284338e-09
Epoch: 100 cost time: 1.6360936164855957
Epoch: 100, Steps: 62 | Train Loss: 0.7595919 Vali Loss: 0.4741177 Test Loss: 0.3797282
EarlyStopping counter: 49 out of 100
Updating learning rate to 3.643538942055904e-09
>>>>>>>testing : NL_etth2_cms_lr0.00005_always_336_336_PatchTST_ETTh2_ftM_sl336_ll48_pl336_dm16_nh4_el3_dl1_df128_fc1_ebtimeF_dtTruelr5e-05_polalways_Nested_Learning_0<<<<<<<<<<<<<<<<<<<<<<<<<<<<<<<<<
test 2545
 Ejecutando Inferencia DINÁMICA (Nested Learning con cms)
  -> Política: always | LR: 5e-05 | Target: head

RESUMEN: El CMS se actualizó 19 veces de 19 posibles.

mse:0.3783288896083832, mae:0.4279560446739197, rse:0.49138525128364563
Args in experiment:
Namespace(random_seed=2021, is_training=1, model_id='NL_etth2_cms_lr0.00005_always_336_720', model='PatchTST', data='ETTh2', root_path='./dataset/', data_path='ETTh2.csv', features='M', target='OT', freq='h', checkpoints='./checkpoints/', seq_len=336, label_len=48, pred_len=720, head_type='cms', cms_lr=5e-05, update_policy='always', fc_dropout=0.3, head_dropout=0.0, patch_len=16, stride=8, padding_patch='end', revin=1, affine=0, subtract_last=0, decomposition=0, kernel_size=25, individual=0, embed_type=0, enc_in=7, dec_in=7, c_out=7, d_model=16, n_heads=4, e_layers=3, d_layers=1, d_ff=128, moving_avg=25, factor=1, distil=True, dropout=0.3, embed='timeF', activation='gelu', output_attention=False, do_predict=False, num_workers=0, itr=1, train_epochs=100, batch_size=128, patience=100, learning_rate=0.0001, des='Nested_Learning', loss='mse', lradj='type3', pct_start=0.3, use_amp=False, use_gpu=True, gpu=0, use_multi_gpu=False, devices='0,1,2,3', test_flop=False)
Use GPU: cuda:0
>>>>>>>start training : NL_etth2_cms_lr0.00005_always_336_720_PatchTST_ETTh2_ftM_sl336_ll48_pl720_dm16_nh4_el3_dl1_df128_fc1_ebtimeF_dtTruelr5e-05_polalways_Nested_Learning_0>>>>>>>>>>>>>>>>>>>>>>>>>>
train 7585
val 2161
test 2161
Epoch: 1 cost time: 2.031749725341797
Epoch: 1, Steps: 59 | Train Loss: 0.9966575 Vali Loss: 0.7763714 Test Loss: 0.4432610
Validation loss decreased (inf --> 0.776371).  Saving model ...
Updating learning rate to 0.0001
Epoch: 2 cost time: 2.3480441570281982
Epoch: 2, Steps: 59 | Train Loss: 0.9928387 Vali Loss: 0.7705201 Test Loss: 0.4422913
Validation loss decreased (0.776371 --> 0.770520).  Saving model ...
Updating learning rate to 0.0001
Epoch: 3 cost time: 1.737619400024414
Epoch: 3, Steps: 59 | Train Loss: 0.9854440 Vali Loss: 0.7621603 Test Loss: 0.4412382
Validation loss decreased (0.770520 --> 0.762160).  Saving model ...
Updating learning rate to 0.0001
Epoch: 4 cost time: 2.18330979347229
Epoch: 4, Steps: 59 | Train Loss: 0.9792102 Vali Loss: 0.7545516 Test Loss: 0.4406427
Validation loss decreased (0.762160 --> 0.754552).  Saving model ...
Updating learning rate to 9e-05
Epoch: 5 cost time: 1.6466879844665527
Epoch: 5, Steps: 59 | Train Loss: 0.9725799 Vali Loss: 0.7531493 Test Loss: 0.4398949
Validation loss decreased (0.754552 --> 0.753149).  Saving model ...
Updating learning rate to 8.1e-05
Epoch: 6 cost time: 1.717728614807129
Epoch: 6, Steps: 59 | Train Loss: 0.9674799 Vali Loss: 0.7507670 Test Loss: 0.4394783
Validation loss decreased (0.753149 --> 0.750767).  Saving model ...
Updating learning rate to 7.290000000000001e-05
Epoch: 7 cost time: 1.6478829383850098
Epoch: 7, Steps: 59 | Train Loss: 0.9611971 Vali Loss: 0.7482810 Test Loss: 0.4390256
Validation loss decreased (0.750767 --> 0.748281).  Saving model ...
Updating learning rate to 6.561e-05
Epoch: 8 cost time: 1.6665935516357422
Epoch: 8, Steps: 59 | Train Loss: 0.9587693 Vali Loss: 0.7481339 Test Loss: 0.4387683
Validation loss decreased (0.748281 --> 0.748134).  Saving model ...
Updating learning rate to 5.904900000000001e-05
Epoch: 9 cost time: 1.643585205078125
Epoch: 9, Steps: 59 | Train Loss: 0.9565089 Vali Loss: 0.7467413 Test Loss: 0.4383485
Validation loss decreased (0.748134 --> 0.746741).  Saving model ...
Updating learning rate to 5.3144100000000005e-05
Epoch: 10 cost time: 1.6313560009002686
Epoch: 10, Steps: 59 | Train Loss: 0.9510233 Vali Loss: 0.7419373 Test Loss: 0.4383479
Validation loss decreased (0.746741 --> 0.741937).  Saving model ...
Updating learning rate to 4.782969000000001e-05
Epoch: 11 cost time: 1.6406540870666504
Epoch: 11, Steps: 59 | Train Loss: 0.9487599 Vali Loss: 0.7405229 Test Loss: 0.4378456
Validation loss decreased (0.741937 --> 0.740523).  Saving model ...
Updating learning rate to 4.304672100000001e-05
Epoch: 12 cost time: 1.6862647533416748
Epoch: 12, Steps: 59 | Train Loss: 0.9479209 Vali Loss: 0.7395611 Test Loss: 0.4374710
Validation loss decreased (0.740523 --> 0.739561).  Saving model ...
Updating learning rate to 3.874204890000001e-05
Epoch: 13 cost time: 1.930553674697876
Epoch: 13, Steps: 59 | Train Loss: 0.9459351 Vali Loss: 0.7360563 Test Loss: 0.4377130
Validation loss decreased (0.739561 --> 0.736056).  Saving model ...
Updating learning rate to 3.486784401000001e-05
Epoch: 14 cost time: 1.652151346206665
Epoch: 14, Steps: 59 | Train Loss: 0.9448492 Vali Loss: 0.7366402 Test Loss: 0.4375471
EarlyStopping counter: 1 out of 100
Updating learning rate to 3.138105960900001e-05
Epoch: 15 cost time: 1.7978394031524658
Epoch: 15, Steps: 59 | Train Loss: 0.9448240 Vali Loss: 0.7354597 Test Loss: 0.4372202
Validation loss decreased (0.736056 --> 0.735460).  Saving model ...
Updating learning rate to 2.824295364810001e-05
Epoch: 16 cost time: 1.658151388168335
Epoch: 16, Steps: 59 | Train Loss: 0.9417076 Vali Loss: 0.7350646 Test Loss: 0.4369188
Validation loss decreased (0.735460 --> 0.735065).  Saving model ...
Updating learning rate to 2.541865828329001e-05
Epoch: 17 cost time: 2.136819839477539
Epoch: 17, Steps: 59 | Train Loss: 0.9397552 Vali Loss: 0.7342789 Test Loss: 0.4366188
Validation loss decreased (0.735065 --> 0.734279).  Saving model ...
Updating learning rate to 2.287679245496101e-05
Epoch: 18 cost time: 1.6421043872833252
Epoch: 18, Steps: 59 | Train Loss: 0.9397211 Vali Loss: 0.7340469 Test Loss: 0.4369142
Validation loss decreased (0.734279 --> 0.734047).  Saving model ...
Updating learning rate to 2.0589113209464907e-05
Epoch: 19 cost time: 1.6286005973815918
Epoch: 19, Steps: 59 | Train Loss: 0.9384076 Vali Loss: 0.7340952 Test Loss: 0.4365886
EarlyStopping counter: 1 out of 100
Updating learning rate to 1.8530201888518416e-05
Epoch: 20 cost time: 1.6592497825622559
Epoch: 20, Steps: 59 | Train Loss: 0.9375365 Vali Loss: 0.7372226 Test Loss: 0.4368608
EarlyStopping counter: 2 out of 100
Updating learning rate to 1.6677181699666577e-05
Epoch: 21 cost time: 1.651364803314209
Epoch: 21, Steps: 59 | Train Loss: 0.9375815 Vali Loss: 0.7359856 Test Loss: 0.4367633
EarlyStopping counter: 3 out of 100
Updating learning rate to 1.5009463529699919e-05
Epoch: 22 cost time: 1.6492969989776611
Epoch: 22, Steps: 59 | Train Loss: 0.9352749 Vali Loss: 0.7307988 Test Loss: 0.4368553
Validation loss decreased (0.734047 --> 0.730799).  Saving model ...
Updating learning rate to 1.3508517176729929e-05
Epoch: 23 cost time: 2.1881048679351807
Epoch: 23, Steps: 59 | Train Loss: 0.9372570 Vali Loss: 0.7309223 Test Loss: 0.4363561
EarlyStopping counter: 1 out of 100
Updating learning rate to 1.2157665459056936e-05
Epoch: 24 cost time: 1.663067102432251
Epoch: 24, Steps: 59 | Train Loss: 0.9360313 Vali Loss: 0.7337732 Test Loss: 0.4365468
EarlyStopping counter: 2 out of 100
Updating learning rate to 1.0941898913151242e-05
Epoch: 25 cost time: 1.965496301651001
Epoch: 25, Steps: 59 | Train Loss: 0.9346459 Vali Loss: 0.7287135 Test Loss: 0.4363939
Validation loss decreased (0.730799 --> 0.728714).  Saving model ...
Updating learning rate to 9.847709021836118e-06
Epoch: 26 cost time: 1.8073210716247559
Epoch: 26, Steps: 59 | Train Loss: 0.9345228 Vali Loss: 0.7273313 Test Loss: 0.4360053
Validation loss decreased (0.728714 --> 0.727331).  Saving model ...
Updating learning rate to 8.862938119652508e-06
Epoch: 27 cost time: 1.6742784976959229
Epoch: 27, Steps: 59 | Train Loss: 0.9347279 Vali Loss: 0.7288679 Test Loss: 0.4362539
EarlyStopping counter: 1 out of 100
Updating learning rate to 7.976644307687255e-06
Epoch: 28 cost time: 1.6596958637237549
Epoch: 28, Steps: 59 | Train Loss: 0.9337467 Vali Loss: 0.7275131 Test Loss: 0.4360877
EarlyStopping counter: 2 out of 100
Updating learning rate to 7.178979876918531e-06
Epoch: 29 cost time: 1.6790356636047363
Epoch: 29, Steps: 59 | Train Loss: 0.9336853 Vali Loss: 0.7285796 Test Loss: 0.4363279
EarlyStopping counter: 3 out of 100
Updating learning rate to 6.4610818892266776e-06
Epoch: 30 cost time: 1.661376714706421
Epoch: 30, Steps: 59 | Train Loss: 0.9342171 Vali Loss: 0.7266381 Test Loss: 0.4360228
Validation loss decreased (0.727331 --> 0.726638).  Saving model ...
Updating learning rate to 5.8149737003040096e-06
Epoch: 31 cost time: 1.668736219406128
Epoch: 31, Steps: 59 | Train Loss: 0.9327811 Vali Loss: 0.7291390 Test Loss: 0.4363533
EarlyStopping counter: 1 out of 100
Updating learning rate to 5.23347633027361e-06
Epoch: 32 cost time: 1.6384854316711426
Epoch: 32, Steps: 59 | Train Loss: 0.9320542 Vali Loss: 0.7253190 Test Loss: 0.4357694
Validation loss decreased (0.726638 --> 0.725319).  Saving model ...
Updating learning rate to 4.710128697246249e-06
Epoch: 33 cost time: 2.237448215484619
Epoch: 33, Steps: 59 | Train Loss: 0.9339478 Vali Loss: 0.7266849 Test Loss: 0.4360384
EarlyStopping counter: 1 out of 100
Updating learning rate to 4.239115827521624e-06
Epoch: 34 cost time: 1.9052391052246094
Epoch: 34, Steps: 59 | Train Loss: 0.9340693 Vali Loss: 0.7315025 Test Loss: 0.4362555
EarlyStopping counter: 2 out of 100
Updating learning rate to 3.815204244769462e-06
Epoch: 35 cost time: 1.6554081439971924
Epoch: 35, Steps: 59 | Train Loss: 0.9314572 Vali Loss: 0.7288853 Test Loss: 0.4361793
EarlyStopping counter: 3 out of 100
Updating learning rate to 3.4336838202925152e-06
Epoch: 36 cost time: 1.652207612991333
Epoch: 36, Steps: 59 | Train Loss: 0.9337360 Vali Loss: 0.7277887 Test Loss: 0.4363254
EarlyStopping counter: 4 out of 100
Updating learning rate to 3.090315438263264e-06
Epoch: 37 cost time: 2.131563425064087
Epoch: 37, Steps: 59 | Train Loss: 0.9313089 Vali Loss: 0.7301231 Test Loss: 0.4360566
EarlyStopping counter: 5 out of 100
Updating learning rate to 2.7812838944369375e-06
Epoch: 38 cost time: 1.636321783065796
Epoch: 38, Steps: 59 | Train Loss: 0.9331136 Vali Loss: 0.7297696 Test Loss: 0.4357668
EarlyStopping counter: 6 out of 100
Updating learning rate to 2.503155504993244e-06
Epoch: 39 cost time: 1.7834579944610596
Epoch: 39, Steps: 59 | Train Loss: 0.9331956 Vali Loss: 0.7303910 Test Loss: 0.4358652
EarlyStopping counter: 7 out of 100
Updating learning rate to 2.2528399544939195e-06
Epoch: 40 cost time: 1.6536624431610107
Epoch: 40, Steps: 59 | Train Loss: 0.9319286 Vali Loss: 0.7307321 Test Loss: 0.4358239
EarlyStopping counter: 8 out of 100
Updating learning rate to 2.0275559590445276e-06
Epoch: 41 cost time: 1.6499791145324707
Epoch: 41, Steps: 59 | Train Loss: 0.9314511 Vali Loss: 0.7270813 Test Loss: 0.4358341
EarlyStopping counter: 9 out of 100
Updating learning rate to 1.8248003631400751e-06
Epoch: 42 cost time: 1.6364388465881348
Epoch: 42, Steps: 59 | Train Loss: 0.9334865 Vali Loss: 0.7299139 Test Loss: 0.4357203
EarlyStopping counter: 10 out of 100
Updating learning rate to 1.6423203268260676e-06
Epoch: 43 cost time: 2.0033907890319824
Epoch: 43, Steps: 59 | Train Loss: 0.9315360 Vali Loss: 0.7281113 Test Loss: 0.4360831
EarlyStopping counter: 11 out of 100
Updating learning rate to 1.4780882941434609e-06
Epoch: 44 cost time: 1.6475815773010254
Epoch: 44, Steps: 59 | Train Loss: 0.9322994 Vali Loss: 0.7271555 Test Loss: 0.4360036
EarlyStopping counter: 12 out of 100
Updating learning rate to 1.3302794647291146e-06
Epoch: 45 cost time: 1.9880166053771973
Epoch: 45, Steps: 59 | Train Loss: 0.9322425 Vali Loss: 0.7318586 Test Loss: 0.4360051
EarlyStopping counter: 13 out of 100
Updating learning rate to 1.1972515182562034e-06
Epoch: 46 cost time: 2.1137070655822754
Epoch: 46, Steps: 59 | Train Loss: 0.9312461 Vali Loss: 0.7261705 Test Loss: 0.4358203
EarlyStopping counter: 14 out of 100
Updating learning rate to 1.077526366430583e-06
Epoch: 47 cost time: 1.6365153789520264
Epoch: 47, Steps: 59 | Train Loss: 0.9315351 Vali Loss: 0.7280946 Test Loss: 0.4360156
EarlyStopping counter: 15 out of 100
Updating learning rate to 9.697737297875248e-07
Epoch: 48 cost time: 1.6451075077056885
Epoch: 48, Steps: 59 | Train Loss: 0.9305820 Vali Loss: 0.7286280 Test Loss: 0.4359423
EarlyStopping counter: 16 out of 100
Updating learning rate to 8.727963568087723e-07
Epoch: 49 cost time: 2.27844500541687
Epoch: 49, Steps: 59 | Train Loss: 0.9324847 Vali Loss: 0.7293839 Test Loss: 0.4357070
EarlyStopping counter: 17 out of 100
Updating learning rate to 7.855167211278951e-07
Epoch: 50 cost time: 2.18263840675354
Epoch: 50, Steps: 59 | Train Loss: 0.9315145 Vali Loss: 0.7301917 Test Loss: 0.4358985
EarlyStopping counter: 18 out of 100
Updating learning rate to 7.069650490151056e-07
Epoch: 51 cost time: 1.6446893215179443
Epoch: 51, Steps: 59 | Train Loss: 0.9310242 Vali Loss: 0.7297682 Test Loss: 0.4358401
EarlyStopping counter: 19 out of 100
Updating learning rate to 6.36268544113595e-07
Epoch: 52 cost time: 1.652040719985962
Epoch: 52, Steps: 59 | Train Loss: 0.9315668 Vali Loss: 0.7344602 Test Loss: 0.4361716
EarlyStopping counter: 20 out of 100
Updating learning rate to 5.726416897022355e-07
Epoch: 53 cost time: 1.7173528671264648
Epoch: 53, Steps: 59 | Train Loss: 0.9311645 Vali Loss: 0.7295913 Test Loss: 0.4358513
EarlyStopping counter: 21 out of 100
Updating learning rate to 5.15377520732012e-07
Epoch: 54 cost time: 1.7927303314208984
Epoch: 54, Steps: 59 | Train Loss: 0.9337800 Vali Loss: 0.7321916 Test Loss: 0.4361544
EarlyStopping counter: 22 out of 100
Updating learning rate to 4.6383976865881085e-07
Epoch: 55 cost time: 1.647670030593872
Epoch: 55, Steps: 59 | Train Loss: 0.9324262 Vali Loss: 0.7293299 Test Loss: 0.4360957
EarlyStopping counter: 23 out of 100
Updating learning rate to 4.174557917929298e-07
Epoch: 56 cost time: 1.6375997066497803
Epoch: 56, Steps: 59 | Train Loss: 0.9307491 Vali Loss: 0.7260566 Test Loss: 0.4355555
EarlyStopping counter: 24 out of 100
Updating learning rate to 3.7571021261363677e-07
Epoch: 57 cost time: 1.6351068019866943
Epoch: 57, Steps: 59 | Train Loss: 0.9322280 Vali Loss: 0.7251378 Test Loss: 0.4359679
Validation loss decreased (0.725319 --> 0.725138).  Saving model ...
Updating learning rate to 3.381391913522731e-07
Epoch: 58 cost time: 1.648137092590332
Epoch: 58, Steps: 59 | Train Loss: 0.9308964 Vali Loss: 0.7274624 Test Loss: 0.4359210
EarlyStopping counter: 1 out of 100
Updating learning rate to 3.043252722170458e-07
Epoch: 59 cost time: 2.291590452194214
Epoch: 59, Steps: 59 | Train Loss: 0.9319521 Vali Loss: 0.7259237 Test Loss: 0.4356003
EarlyStopping counter: 2 out of 100
Updating learning rate to 2.7389274499534124e-07
Epoch: 60 cost time: 1.7708988189697266
Epoch: 60, Steps: 59 | Train Loss: 0.9323588 Vali Loss: 0.7270960 Test Loss: 0.4354324
EarlyStopping counter: 3 out of 100
Updating learning rate to 2.465034704958071e-07
Epoch: 61 cost time: 1.645444631576538
Epoch: 61, Steps: 59 | Train Loss: 0.9323500 Vali Loss: 0.7288356 Test Loss: 0.4357764
EarlyStopping counter: 4 out of 100
Updating learning rate to 2.218531234462264e-07
Epoch: 62 cost time: 1.739715337753296
Epoch: 62, Steps: 59 | Train Loss: 0.9322496 Vali Loss: 0.7265574 Test Loss: 0.4360506
EarlyStopping counter: 5 out of 100
Updating learning rate to 1.9966781110160376e-07
Epoch: 63 cost time: 1.6603004932403564
Epoch: 63, Steps: 59 | Train Loss: 0.9316891 Vali Loss: 0.7301360 Test Loss: 0.4359227
EarlyStopping counter: 6 out of 100
Updating learning rate to 1.797010299914434e-07
Epoch: 64 cost time: 1.6428191661834717
Epoch: 64, Steps: 59 | Train Loss: 0.9297626 Vali Loss: 0.7264841 Test Loss: 0.4357374
EarlyStopping counter: 7 out of 100
Updating learning rate to 1.6173092699229907e-07
Epoch: 65 cost time: 1.6388401985168457
Epoch: 65, Steps: 59 | Train Loss: 0.9322579 Vali Loss: 0.7281602 Test Loss: 0.4358369
EarlyStopping counter: 8 out of 100
Updating learning rate to 1.4555783429306916e-07
Epoch: 66 cost time: 1.638613224029541
Epoch: 66, Steps: 59 | Train Loss: 0.9331953 Vali Loss: 0.7295403 Test Loss: 0.4357754
EarlyStopping counter: 9 out of 100
Updating learning rate to 1.3100205086376224e-07
Epoch: 67 cost time: 1.6463110446929932
Epoch: 67, Steps: 59 | Train Loss: 0.9323556 Vali Loss: 0.7298373 Test Loss: 0.4356916
EarlyStopping counter: 10 out of 100
Updating learning rate to 1.1790184577738603e-07
Epoch: 68 cost time: 1.6458075046539307
Epoch: 68, Steps: 59 | Train Loss: 0.9316822 Vali Loss: 0.7306644 Test Loss: 0.4356330
EarlyStopping counter: 11 out of 100
Updating learning rate to 1.0611166119964742e-07
Epoch: 69 cost time: 1.6398913860321045
Epoch: 69, Steps: 59 | Train Loss: 0.9320861 Vali Loss: 0.7283048 Test Loss: 0.4359816
EarlyStopping counter: 12 out of 100
Updating learning rate to 9.550049507968268e-08
Epoch: 70 cost time: 1.6308903694152832
Epoch: 70, Steps: 59 | Train Loss: 0.9313787 Vali Loss: 0.7266410 Test Loss: 0.4358092
EarlyStopping counter: 13 out of 100
Updating learning rate to 8.595044557171442e-08
Epoch: 71 cost time: 1.6457064151763916
Epoch: 71, Steps: 59 | Train Loss: 0.9311387 Vali Loss: 0.7271733 Test Loss: 0.4358042
EarlyStopping counter: 14 out of 100
Updating learning rate to 7.735540101454298e-08
Epoch: 72 cost time: 1.6466572284698486
Epoch: 72, Steps: 59 | Train Loss: 0.9322773 Vali Loss: 0.7286208 Test Loss: 0.4357576
EarlyStopping counter: 15 out of 100
Updating learning rate to 6.961986091308869e-08
Epoch: 73 cost time: 1.6291320323944092
Epoch: 73, Steps: 59 | Train Loss: 0.9305613 Vali Loss: 0.7260588 Test Loss: 0.4355127
EarlyStopping counter: 16 out of 100
Updating learning rate to 6.265787482177981e-08
Epoch: 74 cost time: 1.9378247261047363
Epoch: 74, Steps: 59 | Train Loss: 0.9290197 Vali Loss: 0.7320501 Test Loss: 0.4359340
EarlyStopping counter: 17 out of 100
Updating learning rate to 5.639208733960184e-08
Epoch: 75 cost time: 2.281538724899292
Epoch: 75, Steps: 59 | Train Loss: 0.9321449 Vali Loss: 0.7240092 Test Loss: 0.4355970
Validation loss decreased (0.725138 --> 0.724009).  Saving model ...
Updating learning rate to 5.075287860564165e-08
Epoch: 76 cost time: 2.1922852993011475
Epoch: 76, Steps: 59 | Train Loss: 0.9310763 Vali Loss: 0.7298400 Test Loss: 0.4358519
EarlyStopping counter: 1 out of 100
Updating learning rate to 4.567759074507749e-08
Epoch: 77 cost time: 1.6520826816558838
Epoch: 77, Steps: 59 | Train Loss: 0.9306254 Vali Loss: 0.7290055 Test Loss: 0.4359091
EarlyStopping counter: 2 out of 100
Updating learning rate to 4.1109831670569744e-08
Epoch: 78 cost time: 1.6510705947875977
Epoch: 78, Steps: 59 | Train Loss: 0.9322332 Vali Loss: 0.7256192 Test Loss: 0.4358887
EarlyStopping counter: 3 out of 100
Updating learning rate to 3.6998848503512764e-08
Epoch: 79 cost time: 1.9017925262451172
Epoch: 79, Steps: 59 | Train Loss: 0.9324383 Vali Loss: 0.7299073 Test Loss: 0.4359035
EarlyStopping counter: 4 out of 100
Updating learning rate to 3.3298963653161496e-08
Epoch: 80 cost time: 2.320662021636963
Epoch: 80, Steps: 59 | Train Loss: 0.9314246 Vali Loss: 0.7339997 Test Loss: 0.4356720
EarlyStopping counter: 5 out of 100
Updating learning rate to 2.996906728784534e-08
Epoch: 81 cost time: 1.7010142803192139
Epoch: 81, Steps: 59 | Train Loss: 0.9326241 Vali Loss: 0.7287770 Test Loss: 0.4357952
EarlyStopping counter: 6 out of 100
Updating learning rate to 2.697216055906081e-08
Epoch: 82 cost time: 1.7306878566741943
Epoch: 82, Steps: 59 | Train Loss: 0.9296522 Vali Loss: 0.7301726 Test Loss: 0.4357471
EarlyStopping counter: 7 out of 100
Updating learning rate to 2.427494450315473e-08
Epoch: 83 cost time: 1.6597492694854736
Epoch: 83, Steps: 59 | Train Loss: 0.9327516 Vali Loss: 0.7260595 Test Loss: 0.4359159
EarlyStopping counter: 8 out of 100
Updating learning rate to 2.1847450052839257e-08
Epoch: 84 cost time: 1.6559479236602783
Epoch: 84, Steps: 59 | Train Loss: 0.9315661 Vali Loss: 0.7262342 Test Loss: 0.4360035
EarlyStopping counter: 9 out of 100
Updating learning rate to 1.9662705047555332e-08
Epoch: 85 cost time: 1.8042290210723877
Epoch: 85, Steps: 59 | Train Loss: 0.9316772 Vali Loss: 0.7327129 Test Loss: 0.4356290
EarlyStopping counter: 10 out of 100
Updating learning rate to 1.7696434542799797e-08
Epoch: 86 cost time: 1.6683146953582764
Epoch: 86, Steps: 59 | Train Loss: 0.9311449 Vali Loss: 0.7283106 Test Loss: 0.4358763
EarlyStopping counter: 11 out of 100
Updating learning rate to 1.5926791088519817e-08
Epoch: 87 cost time: 1.6563389301300049
Epoch: 87, Steps: 59 | Train Loss: 0.9298532 Vali Loss: 0.7290107 Test Loss: 0.4355547
EarlyStopping counter: 12 out of 100
Updating learning rate to 1.4334111979667836e-08
Epoch: 88 cost time: 1.6576778888702393
Epoch: 88, Steps: 59 | Train Loss: 0.9314856 Vali Loss: 0.7296981 Test Loss: 0.4359784
EarlyStopping counter: 13 out of 100
Updating learning rate to 1.2900700781701054e-08
Epoch: 89 cost time: 1.6374938488006592
Epoch: 89, Steps: 59 | Train Loss: 0.9324494 Vali Loss: 0.7281120 Test Loss: 0.4360290
EarlyStopping counter: 14 out of 100
Updating learning rate to 1.161063070353095e-08
Epoch: 90 cost time: 1.94954514503479
Epoch: 90, Steps: 59 | Train Loss: 0.9322653 Vali Loss: 0.7318879 Test Loss: 0.4359655
EarlyStopping counter: 15 out of 100
Updating learning rate to 1.0449567633177854e-08
Epoch: 91 cost time: 1.6560237407684326
Epoch: 91, Steps: 59 | Train Loss: 0.9312643 Vali Loss: 0.7301605 Test Loss: 0.4359370
EarlyStopping counter: 16 out of 100
Updating learning rate to 9.404610869860069e-09
Epoch: 92 cost time: 1.6560111045837402
Epoch: 92, Steps: 59 | Train Loss: 0.9321357 Vali Loss: 0.7254227 Test Loss: 0.4357842
EarlyStopping counter: 17 out of 100
Updating learning rate to 8.464149782874063e-09
Epoch: 93 cost time: 1.8800227642059326
Epoch: 93, Steps: 59 | Train Loss: 0.9313878 Vali Loss: 0.7305909 Test Loss: 0.4361544
EarlyStopping counter: 18 out of 100
Updating learning rate to 7.617734804586658e-09
Epoch: 94 cost time: 1.6355924606323242
Epoch: 94, Steps: 59 | Train Loss: 0.9307635 Vali Loss: 0.7266673 Test Loss: 0.4357111
EarlyStopping counter: 19 out of 100
Updating learning rate to 6.855961324127991e-09
Epoch: 95 cost time: 1.6541259288787842
Epoch: 95, Steps: 59 | Train Loss: 0.9293973 Vali Loss: 0.7305789 Test Loss: 0.4356766
EarlyStopping counter: 20 out of 100
Updating learning rate to 6.170365191715193e-09
Epoch: 96 cost time: 1.914259910583496
Epoch: 96, Steps: 59 | Train Loss: 0.9316931 Vali Loss: 0.7296793 Test Loss: 0.4356326
EarlyStopping counter: 21 out of 100
Updating learning rate to 5.5533286725436726e-09
Epoch: 97 cost time: 1.6488094329833984
Epoch: 97, Steps: 59 | Train Loss: 0.9318591 Vali Loss: 0.7285676 Test Loss: 0.4357907
EarlyStopping counter: 22 out of 100
Updating learning rate to 4.997995805289306e-09
Epoch: 98 cost time: 1.6383891105651855
Epoch: 98, Steps: 59 | Train Loss: 0.9313825 Vali Loss: 0.7237966 Test Loss: 0.4356481
Validation loss decreased (0.724009 --> 0.723797).  Saving model ...
Updating learning rate to 4.498196224760375e-09
Epoch: 99 cost time: 2.202986717224121
Epoch: 99, Steps: 59 | Train Loss: 0.9314989 Vali Loss: 0.7264504 Test Loss: 0.4360127
EarlyStopping counter: 1 out of 100
Updating learning rate to 4.048376602284338e-09
Epoch: 100 cost time: 1.661036491394043
Epoch: 100, Steps: 59 | Train Loss: 0.9322481 Vali Loss: 0.7302989 Test Loss: 0.4357361
EarlyStopping counter: 2 out of 100
Updating learning rate to 3.643538942055904e-09
>>>>>>>testing : NL_etth2_cms_lr0.00005_always_336_720_PatchTST_ETTh2_ftM_sl336_ll48_pl720_dm16_nh4_el3_dl1_df128_fc1_ebtimeF_dtTruelr5e-05_polalways_Nested_Learning_0<<<<<<<<<<<<<<<<<<<<<<<<<<<<<<<<<
test 2161
 Ejecutando Inferencia DINÁMICA (Nested Learning con cms)
  -> Política: always | LR: 5e-05 | Target: head

RESUMEN: El CMS se actualizó 16 veces de 16 posibles.

mse:0.43489792943000793, mae:0.46249234676361084, rse:0.5287139415740967
