==========================================================
SÚPER ARRAY TFG - TAREA ID: 5 / 113
Nodo: dionisio
Dataset: etth1 | Experimento: NL_etth1_flatten_lr0.00005_spc
Cabeza: flatten | LR: 0.00005 | Política: spc
==========================================================
Args in experiment:
Namespace(random_seed=2021, is_training=1, model_id='NL_etth1_flatten_lr0.00005_spc_336_96', model='PatchTST', data='ETTh1', root_path='./dataset/', data_path='ETTh1.csv', features='M', target='OT', freq='h', checkpoints='./checkpoints/', seq_len=336, label_len=48, pred_len=96, head_type='flatten', cms_lr=5e-05, update_policy='spc', fc_dropout=0.3, head_dropout=0.0, patch_len=16, stride=8, padding_patch='end', revin=1, affine=0, subtract_last=0, decomposition=0, kernel_size=25, individual=0, embed_type=0, enc_in=7, dec_in=7, c_out=7, d_model=16, n_heads=4, e_layers=3, d_layers=1, d_ff=128, moving_avg=25, factor=1, distil=True, dropout=0.3, embed='timeF', activation='gelu', output_attention=False, do_predict=False, num_workers=0, itr=1, train_epochs=100, batch_size=128, patience=100, learning_rate=0.0001, des='Nested_Learning', loss='mse', lradj='type3', pct_start=0.3, use_amp=False, use_gpu=True, gpu=0, use_multi_gpu=False, devices='0,1,2,3', test_flop=False)
Use GPU: cuda:0
>>>>>>>start training : NL_etth1_flatten_lr0.00005_spc_336_96_PatchTST_ETTh1_ftM_sl336_ll48_pl96_dm16_nh4_el3_dl1_df128_fc1_ebtimeF_dtTruelr5e-05_polspc_Nested_Learning_0>>>>>>>>>>>>>>>>>>>>>>>>>>
train 8209
val 2785
test 2785
Epoch: 1 cost time: 2.9677813053131104
Epoch: 1, Steps: 64 | Train Loss: 0.7408906 Vali Loss: 1.4724251 Test Loss: 0.8135983
Validation loss decreased (inf --> 1.472425).  Saving model ...
Updating learning rate to 0.0001
Epoch: 2 cost time: 0.8394393920898438
Epoch: 2, Steps: 64 | Train Loss: 0.5739549 Vali Loss: 0.8932761 Test Loss: 0.4752237
Validation loss decreased (1.472425 --> 0.893276).  Saving model ...
Updating learning rate to 0.0001
Epoch: 3 cost time: 0.8555428981781006
Epoch: 3, Steps: 64 | Train Loss: 0.4585571 Vali Loss: 0.7674055 Test Loss: 0.4292225
Validation loss decreased (0.893276 --> 0.767405).  Saving model ...
Updating learning rate to 0.0001
Epoch: 4 cost time: 0.8405797481536865
Epoch: 4, Steps: 64 | Train Loss: 0.4208926 Vali Loss: 0.7260915 Test Loss: 0.4125546
Validation loss decreased (0.767405 --> 0.726092).  Saving model ...
Updating learning rate to 9e-05
Epoch: 5 cost time: 0.8122105598449707
Epoch: 5, Steps: 64 | Train Loss: 0.4010592 Vali Loss: 0.7069282 Test Loss: 0.4028732
Validation loss decreased (0.726092 --> 0.706928).  Saving model ...
Updating learning rate to 8.1e-05
Epoch: 6 cost time: 0.8507542610168457
Epoch: 6, Steps: 64 | Train Loss: 0.3896233 Vali Loss: 0.6978360 Test Loss: 0.3962227
Validation loss decreased (0.706928 --> 0.697836).  Saving model ...
Updating learning rate to 7.290000000000001e-05
Epoch: 7 cost time: 0.900536060333252
Epoch: 7, Steps: 64 | Train Loss: 0.3827562 Vali Loss: 0.6935506 Test Loss: 0.3915563
Validation loss decreased (0.697836 --> 0.693551).  Saving model ...
Updating learning rate to 6.561e-05
Epoch: 8 cost time: 0.8350589275360107
Epoch: 8, Steps: 64 | Train Loss: 0.3781869 Vali Loss: 0.6901262 Test Loss: 0.3885680
Validation loss decreased (0.693551 --> 0.690126).  Saving model ...
Updating learning rate to 5.904900000000001e-05
Epoch: 9 cost time: 0.826164960861206
Epoch: 9, Steps: 64 | Train Loss: 0.3744534 Vali Loss: 0.6890748 Test Loss: 0.3858910
Validation loss decreased (0.690126 --> 0.689075).  Saving model ...
Updating learning rate to 5.3144100000000005e-05
Epoch: 10 cost time: 0.8510499000549316
Epoch: 10, Steps: 64 | Train Loss: 0.3723793 Vali Loss: 0.6862147 Test Loss: 0.3841517
Validation loss decreased (0.689075 --> 0.686215).  Saving model ...
Updating learning rate to 4.782969000000001e-05
Epoch: 11 cost time: 0.81410813331604
Epoch: 11, Steps: 64 | Train Loss: 0.3703844 Vali Loss: 0.6891216 Test Loss: 0.3826868
EarlyStopping counter: 1 out of 100
Updating learning rate to 4.304672100000001e-05
Epoch: 12 cost time: 0.8129405975341797
Epoch: 12, Steps: 64 | Train Loss: 0.3686602 Vali Loss: 0.6761359 Test Loss: 0.3814031
Validation loss decreased (0.686215 --> 0.676136).  Saving model ...
Updating learning rate to 3.874204890000001e-05
Epoch: 13 cost time: 0.8132641315460205
Epoch: 13, Steps: 64 | Train Loss: 0.3672324 Vali Loss: 0.6865265 Test Loss: 0.3803839
EarlyStopping counter: 1 out of 100
Updating learning rate to 3.486784401000001e-05
Epoch: 14 cost time: 0.8180606365203857
Epoch: 14, Steps: 64 | Train Loss: 0.3664633 Vali Loss: 0.6867643 Test Loss: 0.3797590
EarlyStopping counter: 2 out of 100
Updating learning rate to 3.138105960900001e-05
Epoch: 15 cost time: 0.8220241069793701
Epoch: 15, Steps: 64 | Train Loss: 0.3650855 Vali Loss: 0.6830124 Test Loss: 0.3789366
EarlyStopping counter: 3 out of 100
Updating learning rate to 2.824295364810001e-05
Epoch: 16 cost time: 0.8105065822601318
Epoch: 16, Steps: 64 | Train Loss: 0.3650421 Vali Loss: 0.6809627 Test Loss: 0.3785687
EarlyStopping counter: 4 out of 100
Updating learning rate to 2.541865828329001e-05
Epoch: 17 cost time: 0.803142786026001
Epoch: 17, Steps: 64 | Train Loss: 0.3640726 Vali Loss: 0.6842065 Test Loss: 0.3780521
EarlyStopping counter: 5 out of 100
Updating learning rate to 2.287679245496101e-05
Epoch: 18 cost time: 0.8022210597991943
Epoch: 18, Steps: 64 | Train Loss: 0.3628393 Vali Loss: 0.6789971 Test Loss: 0.3775800
EarlyStopping counter: 6 out of 100
Updating learning rate to 2.0589113209464907e-05
Epoch: 19 cost time: 0.8104150295257568
Epoch: 19, Steps: 64 | Train Loss: 0.3627931 Vali Loss: 0.6847688 Test Loss: 0.3772545
EarlyStopping counter: 7 out of 100
Updating learning rate to 1.8530201888518416e-05
Epoch: 20 cost time: 0.8014483451843262
Epoch: 20, Steps: 64 | Train Loss: 0.3620192 Vali Loss: 0.6823539 Test Loss: 0.3769720
EarlyStopping counter: 8 out of 100
Updating learning rate to 1.6677181699666577e-05
Epoch: 21 cost time: 0.8216879367828369
Epoch: 21, Steps: 64 | Train Loss: 0.3622314 Vali Loss: 0.6865323 Test Loss: 0.3767764
EarlyStopping counter: 9 out of 100
Updating learning rate to 1.5009463529699919e-05
Epoch: 22 cost time: 0.8026959896087646
Epoch: 22, Steps: 64 | Train Loss: 0.3616999 Vali Loss: 0.6816697 Test Loss: 0.3764651
EarlyStopping counter: 10 out of 100
Updating learning rate to 1.3508517176729929e-05
Epoch: 23 cost time: 0.8170998096466064
Epoch: 23, Steps: 64 | Train Loss: 0.3613059 Vali Loss: 0.6824732 Test Loss: 0.3763186
EarlyStopping counter: 11 out of 100
Updating learning rate to 1.2157665459056936e-05
Epoch: 24 cost time: 0.8033702373504639
Epoch: 24, Steps: 64 | Train Loss: 0.3605147 Vali Loss: 0.6827495 Test Loss: 0.3761806
EarlyStopping counter: 12 out of 100
Updating learning rate to 1.0941898913151242e-05
Epoch: 25 cost time: 0.8165028095245361
Epoch: 25, Steps: 64 | Train Loss: 0.3607413 Vali Loss: 0.6783149 Test Loss: 0.3759947
EarlyStopping counter: 13 out of 100
Updating learning rate to 9.847709021836118e-06
Epoch: 26 cost time: 0.8105618953704834
Epoch: 26, Steps: 64 | Train Loss: 0.3604501 Vali Loss: 0.6802653 Test Loss: 0.3759339
EarlyStopping counter: 14 out of 100
Updating learning rate to 8.862938119652508e-06
Epoch: 27 cost time: 0.8083457946777344
Epoch: 27, Steps: 64 | Train Loss: 0.3601782 Vali Loss: 0.6810127 Test Loss: 0.3758052
EarlyStopping counter: 15 out of 100
Updating learning rate to 7.976644307687255e-06
Epoch: 28 cost time: 0.8020107746124268
Epoch: 28, Steps: 64 | Train Loss: 0.3599065 Vali Loss: 0.6787890 Test Loss: 0.3757286
EarlyStopping counter: 16 out of 100
Updating learning rate to 7.178979876918531e-06
Epoch: 29 cost time: 0.8125207424163818
Epoch: 29, Steps: 64 | Train Loss: 0.3599600 Vali Loss: 0.6827089 Test Loss: 0.3755805
EarlyStopping counter: 17 out of 100
Updating learning rate to 6.4610818892266776e-06
Epoch: 30 cost time: 0.8293917179107666
Epoch: 30, Steps: 64 | Train Loss: 0.3594787 Vali Loss: 0.6821086 Test Loss: 0.3755239
EarlyStopping counter: 18 out of 100
Updating learning rate to 5.8149737003040096e-06
Epoch: 31 cost time: 0.8104255199432373
Epoch: 31, Steps: 64 | Train Loss: 0.3591763 Vali Loss: 0.6782443 Test Loss: 0.3754700
EarlyStopping counter: 19 out of 100
Updating learning rate to 5.23347633027361e-06
Epoch: 32 cost time: 0.81939697265625
Epoch: 32, Steps: 64 | Train Loss: 0.3594603 Vali Loss: 0.6795087 Test Loss: 0.3753945
EarlyStopping counter: 20 out of 100
Updating learning rate to 4.710128697246249e-06
Epoch: 33 cost time: 0.8057029247283936
Epoch: 33, Steps: 64 | Train Loss: 0.3594825 Vali Loss: 0.6816939 Test Loss: 0.3753292
EarlyStopping counter: 21 out of 100
Updating learning rate to 4.239115827521624e-06
Epoch: 34 cost time: 0.8058300018310547
Epoch: 34, Steps: 64 | Train Loss: 0.3595512 Vali Loss: 0.6785048 Test Loss: 0.3753520
EarlyStopping counter: 22 out of 100
Updating learning rate to 3.815204244769462e-06
Epoch: 35 cost time: 0.8166623115539551
Epoch: 35, Steps: 64 | Train Loss: 0.3591375 Vali Loss: 0.6816314 Test Loss: 0.3752959
EarlyStopping counter: 23 out of 100
Updating learning rate to 3.4336838202925152e-06
Epoch: 36 cost time: 0.8020491600036621
Epoch: 36, Steps: 64 | Train Loss: 0.3590055 Vali Loss: 0.6797692 Test Loss: 0.3751857
EarlyStopping counter: 24 out of 100
Updating learning rate to 3.090315438263264e-06
Epoch: 37 cost time: 0.8173010349273682
Epoch: 37, Steps: 64 | Train Loss: 0.3591216 Vali Loss: 0.6812449 Test Loss: 0.3751362
EarlyStopping counter: 25 out of 100
Updating learning rate to 2.7812838944369375e-06
Epoch: 38 cost time: 0.8127670288085938
Epoch: 38, Steps: 64 | Train Loss: 0.3593481 Vali Loss: 0.6771243 Test Loss: 0.3751125
EarlyStopping counter: 26 out of 100
Updating learning rate to 2.503155504993244e-06
Epoch: 39 cost time: 0.816892147064209
Epoch: 39, Steps: 64 | Train Loss: 0.3584942 Vali Loss: 0.6811342 Test Loss: 0.3751322
EarlyStopping counter: 27 out of 100
Updating learning rate to 2.2528399544939195e-06
Epoch: 40 cost time: 0.8240423202514648
Epoch: 40, Steps: 64 | Train Loss: 0.3588633 Vali Loss: 0.6818063 Test Loss: 0.3750770
EarlyStopping counter: 28 out of 100
Updating learning rate to 2.0275559590445276e-06
Epoch: 41 cost time: 0.811328649520874
Epoch: 41, Steps: 64 | Train Loss: 0.3588868 Vali Loss: 0.6802122 Test Loss: 0.3750903
EarlyStopping counter: 29 out of 100
Updating learning rate to 1.8248003631400751e-06
Epoch: 42 cost time: 0.8041336536407471
Epoch: 42, Steps: 64 | Train Loss: 0.3589752 Vali Loss: 0.6791135 Test Loss: 0.3750118
EarlyStopping counter: 30 out of 100
Updating learning rate to 1.6423203268260676e-06
Epoch: 43 cost time: 0.8101048469543457
Epoch: 43, Steps: 64 | Train Loss: 0.3583231 Vali Loss: 0.6816093 Test Loss: 0.3750419
EarlyStopping counter: 31 out of 100
Updating learning rate to 1.4780882941434609e-06
Epoch: 44 cost time: 0.8102381229400635
Epoch: 44, Steps: 64 | Train Loss: 0.3585746 Vali Loss: 0.6784590 Test Loss: 0.3750284
EarlyStopping counter: 32 out of 100
Updating learning rate to 1.3302794647291146e-06
Epoch: 45 cost time: 0.8034121990203857
Epoch: 45, Steps: 64 | Train Loss: 0.3587076 Vali Loss: 0.6820529 Test Loss: 0.3749686
EarlyStopping counter: 33 out of 100
Updating learning rate to 1.1972515182562034e-06
Epoch: 46 cost time: 0.8123228549957275
Epoch: 46, Steps: 64 | Train Loss: 0.3584669 Vali Loss: 0.6780913 Test Loss: 0.3749953
EarlyStopping counter: 34 out of 100
Updating learning rate to 1.077526366430583e-06
Epoch: 47 cost time: 0.8093259334564209
Epoch: 47, Steps: 64 | Train Loss: 0.3581830 Vali Loss: 0.6810125 Test Loss: 0.3749573
EarlyStopping counter: 35 out of 100
Updating learning rate to 9.697737297875248e-07
Epoch: 48 cost time: 0.8086621761322021
Epoch: 48, Steps: 64 | Train Loss: 0.3584660 Vali Loss: 0.6801644 Test Loss: 0.3749763
EarlyStopping counter: 36 out of 100
Updating learning rate to 8.727963568087723e-07
Epoch: 49 cost time: 0.8030929565429688
Epoch: 49, Steps: 64 | Train Loss: 0.3589774 Vali Loss: 0.6810670 Test Loss: 0.3749025
EarlyStopping counter: 37 out of 100
Updating learning rate to 7.855167211278951e-07
Epoch: 50 cost time: 0.8188426494598389
Epoch: 50, Steps: 64 | Train Loss: 0.3588802 Vali Loss: 0.6757829 Test Loss: 0.3750150
Validation loss decreased (0.676136 --> 0.675783).  Saving model ...
Updating learning rate to 7.069650490151056e-07
Epoch: 51 cost time: 0.8218812942504883
Epoch: 51, Steps: 64 | Train Loss: 0.3586943 Vali Loss: 0.6784149 Test Loss: 0.3749046
EarlyStopping counter: 1 out of 100
Updating learning rate to 6.36268544113595e-07
Epoch: 52 cost time: 0.8233067989349365
Epoch: 52, Steps: 64 | Train Loss: 0.3587055 Vali Loss: 0.6807027 Test Loss: 0.3749172
EarlyStopping counter: 2 out of 100
Updating learning rate to 5.726416897022355e-07
Epoch: 53 cost time: 0.8052093982696533
Epoch: 53, Steps: 64 | Train Loss: 0.3581926 Vali Loss: 0.6774332 Test Loss: 0.3749131
EarlyStopping counter: 3 out of 100
Updating learning rate to 5.15377520732012e-07
Epoch: 54 cost time: 0.8130795955657959
Epoch: 54, Steps: 64 | Train Loss: 0.3584246 Vali Loss: 0.6767974 Test Loss: 0.3749377
EarlyStopping counter: 4 out of 100
Updating learning rate to 4.6383976865881085e-07
Epoch: 55 cost time: 0.8115265369415283
Epoch: 55, Steps: 64 | Train Loss: 0.3587157 Vali Loss: 0.6823783 Test Loss: 0.3748927
EarlyStopping counter: 5 out of 100
Updating learning rate to 4.174557917929298e-07
Epoch: 56 cost time: 0.8063981533050537
Epoch: 56, Steps: 64 | Train Loss: 0.3585960 Vali Loss: 0.6783696 Test Loss: 0.3749008
EarlyStopping counter: 6 out of 100
Updating learning rate to 3.7571021261363677e-07
Epoch: 57 cost time: 0.818307638168335
Epoch: 57, Steps: 64 | Train Loss: 0.3586630 Vali Loss: 0.6775179 Test Loss: 0.3749021
EarlyStopping counter: 7 out of 100
Updating learning rate to 3.381391913522731e-07
Epoch: 58 cost time: 0.8179457187652588
Epoch: 58, Steps: 64 | Train Loss: 0.3585387 Vali Loss: 0.6799742 Test Loss: 0.3748725
EarlyStopping counter: 8 out of 100
Updating learning rate to 3.043252722170458e-07
Epoch: 59 cost time: 0.8140919208526611
Epoch: 59, Steps: 64 | Train Loss: 0.3582694 Vali Loss: 0.6807262 Test Loss: 0.3749048
EarlyStopping counter: 9 out of 100
Updating learning rate to 2.7389274499534124e-07
Epoch: 60 cost time: 0.8127903938293457
Epoch: 60, Steps: 64 | Train Loss: 0.3584907 Vali Loss: 0.6773577 Test Loss: 0.3748798
EarlyStopping counter: 10 out of 100
Updating learning rate to 2.465034704958071e-07
Epoch: 61 cost time: 0.8237133026123047
Epoch: 61, Steps: 64 | Train Loss: 0.3583992 Vali Loss: 0.6821954 Test Loss: 0.3748482
EarlyStopping counter: 11 out of 100
Updating learning rate to 2.218531234462264e-07
Epoch: 62 cost time: 0.8076825141906738
Epoch: 62, Steps: 64 | Train Loss: 0.3584847 Vali Loss: 0.6800643 Test Loss: 0.3748358
EarlyStopping counter: 12 out of 100
Updating learning rate to 1.9966781110160376e-07
Epoch: 63 cost time: 0.8046131134033203
Epoch: 63, Steps: 64 | Train Loss: 0.3584780 Vali Loss: 0.6813309 Test Loss: 0.3748428
EarlyStopping counter: 13 out of 100
Updating learning rate to 1.797010299914434e-07
Epoch: 64 cost time: 0.8451757431030273
Epoch: 64, Steps: 64 | Train Loss: 0.3581452 Vali Loss: 0.6787130 Test Loss: 0.3748649
EarlyStopping counter: 14 out of 100
Updating learning rate to 1.6173092699229907e-07
Epoch: 65 cost time: 0.8084349632263184
Epoch: 65, Steps: 64 | Train Loss: 0.3584422 Vali Loss: 0.6766412 Test Loss: 0.3748561
EarlyStopping counter: 15 out of 100
Updating learning rate to 1.4555783429306916e-07
Epoch: 66 cost time: 0.8182938098907471
Epoch: 66, Steps: 64 | Train Loss: 0.3581387 Vali Loss: 0.6786688 Test Loss: 0.3749333
EarlyStopping counter: 16 out of 100
Updating learning rate to 1.3100205086376224e-07
Epoch: 67 cost time: 0.8121366500854492
Epoch: 67, Steps: 64 | Train Loss: 0.3581851 Vali Loss: 0.6778583 Test Loss: 0.3748798
EarlyStopping counter: 17 out of 100
Updating learning rate to 1.1790184577738603e-07
Epoch: 68 cost time: 0.8110597133636475
Epoch: 68, Steps: 64 | Train Loss: 0.3582958 Vali Loss: 0.6813518 Test Loss: 0.3748850
EarlyStopping counter: 18 out of 100
Updating learning rate to 1.0611166119964742e-07
Epoch: 69 cost time: 0.8242232799530029
Epoch: 69, Steps: 64 | Train Loss: 0.3581257 Vali Loss: 0.6821377 Test Loss: 0.3749113
EarlyStopping counter: 19 out of 100
Updating learning rate to 9.550049507968268e-08
Epoch: 70 cost time: 0.807161808013916
Epoch: 70, Steps: 64 | Train Loss: 0.3582974 Vali Loss: 0.6810411 Test Loss: 0.3749184
EarlyStopping counter: 20 out of 100
Updating learning rate to 8.595044557171442e-08
Epoch: 71 cost time: 0.8081438541412354
Epoch: 71, Steps: 64 | Train Loss: 0.3585218 Vali Loss: 0.6824716 Test Loss: 0.3748789
EarlyStopping counter: 21 out of 100
Updating learning rate to 7.735540101454298e-08
Epoch: 72 cost time: 0.8081493377685547
Epoch: 72, Steps: 64 | Train Loss: 0.3585922 Vali Loss: 0.6809292 Test Loss: 0.3748534
EarlyStopping counter: 22 out of 100
Updating learning rate to 6.961986091308869e-08
Epoch: 73 cost time: 0.805300235748291
Epoch: 73, Steps: 64 | Train Loss: 0.3587016 Vali Loss: 0.6820940 Test Loss: 0.3748738
EarlyStopping counter: 23 out of 100
Updating learning rate to 6.265787482177981e-08
Epoch: 74 cost time: 0.8209524154663086
Epoch: 74, Steps: 64 | Train Loss: 0.3584858 Vali Loss: 0.6816180 Test Loss: 0.3748768
EarlyStopping counter: 24 out of 100
Updating learning rate to 5.639208733960184e-08
Epoch: 75 cost time: 0.8071794509887695
Epoch: 75, Steps: 64 | Train Loss: 0.3584791 Vali Loss: 0.6788766 Test Loss: 0.3748392
EarlyStopping counter: 25 out of 100
Updating learning rate to 5.075287860564165e-08
Epoch: 76 cost time: 0.8215906620025635
Epoch: 76, Steps: 64 | Train Loss: 0.3579632 Vali Loss: 0.6807591 Test Loss: 0.3748452
EarlyStopping counter: 26 out of 100
Updating learning rate to 4.567759074507749e-08
Epoch: 77 cost time: 0.8154077529907227
Epoch: 77, Steps: 64 | Train Loss: 0.3586954 Vali Loss: 0.6784657 Test Loss: 0.3748954
EarlyStopping counter: 27 out of 100
Updating learning rate to 4.1109831670569744e-08
Epoch: 78 cost time: 0.8024947643280029
Epoch: 78, Steps: 64 | Train Loss: 0.3583864 Vali Loss: 0.6774314 Test Loss: 0.3748193
EarlyStopping counter: 28 out of 100
Updating learning rate to 3.6998848503512764e-08
Epoch: 79 cost time: 0.8025085926055908
Epoch: 79, Steps: 64 | Train Loss: 0.3586438 Vali Loss: 0.6798234 Test Loss: 0.3748306
EarlyStopping counter: 29 out of 100
Updating learning rate to 3.3298963653161496e-08
Epoch: 80 cost time: 0.8094964027404785
Epoch: 80, Steps: 64 | Train Loss: 0.3582491 Vali Loss: 0.6792448 Test Loss: 0.3748479
EarlyStopping counter: 30 out of 100
Updating learning rate to 2.996906728784534e-08
Epoch: 81 cost time: 0.8202946186065674
Epoch: 81, Steps: 64 | Train Loss: 0.3583467 Vali Loss: 0.6804072 Test Loss: 0.3748163
EarlyStopping counter: 31 out of 100
Updating learning rate to 2.697216055906081e-08
Epoch: 82 cost time: 0.8264853954315186
Epoch: 82, Steps: 64 | Train Loss: 0.3582488 Vali Loss: 0.6809524 Test Loss: 0.3748554
EarlyStopping counter: 32 out of 100
Updating learning rate to 2.427494450315473e-08
Epoch: 83 cost time: 0.8058106899261475
Epoch: 83, Steps: 64 | Train Loss: 0.3585473 Vali Loss: 0.6779770 Test Loss: 0.3749078
EarlyStopping counter: 33 out of 100
Updating learning rate to 2.1847450052839257e-08
Epoch: 84 cost time: 0.8155815601348877
Epoch: 84, Steps: 64 | Train Loss: 0.3585001 Vali Loss: 0.6838925 Test Loss: 0.3748505
EarlyStopping counter: 34 out of 100
Updating learning rate to 1.9662705047555332e-08
Epoch: 85 cost time: 0.8080260753631592
Epoch: 85, Steps: 64 | Train Loss: 0.3581373 Vali Loss: 0.6774557 Test Loss: 0.3748716
EarlyStopping counter: 35 out of 100
Updating learning rate to 1.7696434542799797e-08
Epoch: 86 cost time: 0.8205046653747559
Epoch: 86, Steps: 64 | Train Loss: 0.3583351 Vali Loss: 0.6806248 Test Loss: 0.3748197
EarlyStopping counter: 36 out of 100
Updating learning rate to 1.5926791088519817e-08
Epoch: 87 cost time: 0.8148674964904785
Epoch: 87, Steps: 64 | Train Loss: 0.3584099 Vali Loss: 0.6763554 Test Loss: 0.3748506
EarlyStopping counter: 37 out of 100
Updating learning rate to 1.4334111979667836e-08
Epoch: 88 cost time: 0.8147563934326172
Epoch: 88, Steps: 64 | Train Loss: 0.3580732 Vali Loss: 0.6812871 Test Loss: 0.3748504
EarlyStopping counter: 38 out of 100
Updating learning rate to 1.2900700781701054e-08
Epoch: 89 cost time: 0.8262031078338623
Epoch: 89, Steps: 64 | Train Loss: 0.3581949 Vali Loss: 0.6796749 Test Loss: 0.3748669
EarlyStopping counter: 39 out of 100
Updating learning rate to 1.161063070353095e-08
Epoch: 90 cost time: 0.8247485160827637
Epoch: 90, Steps: 64 | Train Loss: 0.3586576 Vali Loss: 0.6802014 Test Loss: 0.3748945
EarlyStopping counter: 40 out of 100
Updating learning rate to 1.0449567633177854e-08
Epoch: 91 cost time: 0.8089635372161865
Epoch: 91, Steps: 64 | Train Loss: 0.3583745 Vali Loss: 0.6782188 Test Loss: 0.3748730
EarlyStopping counter: 41 out of 100
Updating learning rate to 9.404610869860069e-09
Epoch: 92 cost time: 0.8045003414154053
Epoch: 92, Steps: 64 | Train Loss: 0.3583535 Vali Loss: 0.6786181 Test Loss: 0.3748041
EarlyStopping counter: 42 out of 100
Updating learning rate to 8.464149782874063e-09
Epoch: 93 cost time: 0.8095080852508545
Epoch: 93, Steps: 64 | Train Loss: 0.3585049 Vali Loss: 0.6814222 Test Loss: 0.3748243
EarlyStopping counter: 43 out of 100
Updating learning rate to 7.617734804586658e-09
Epoch: 94 cost time: 0.8076109886169434
Epoch: 94, Steps: 64 | Train Loss: 0.3582067 Vali Loss: 0.6834119 Test Loss: 0.3748091
EarlyStopping counter: 44 out of 100
Updating learning rate to 6.855961324127991e-09
Epoch: 95 cost time: 0.8060915470123291
Epoch: 95, Steps: 64 | Train Loss: 0.3584673 Vali Loss: 0.6770616 Test Loss: 0.3748075
EarlyStopping counter: 45 out of 100
Updating learning rate to 6.170365191715193e-09
Epoch: 96 cost time: 0.824655294418335
Epoch: 96, Steps: 64 | Train Loss: 0.3584094 Vali Loss: 0.6776086 Test Loss: 0.3748716
EarlyStopping counter: 46 out of 100
Updating learning rate to 5.5533286725436726e-09
Epoch: 97 cost time: 0.8050813674926758
Epoch: 97, Steps: 64 | Train Loss: 0.3585047 Vali Loss: 0.6790509 Test Loss: 0.3748910
EarlyStopping counter: 47 out of 100
Updating learning rate to 4.997995805289306e-09
Epoch: 98 cost time: 0.815558910369873
Epoch: 98, Steps: 64 | Train Loss: 0.3582416 Vali Loss: 0.6800441 Test Loss: 0.3748033
EarlyStopping counter: 48 out of 100
Updating learning rate to 4.498196224760375e-09
Epoch: 99 cost time: 0.8352129459381104
Epoch: 99, Steps: 64 | Train Loss: 0.3587423 Vali Loss: 0.6783950 Test Loss: 0.3748633
EarlyStopping counter: 49 out of 100
Updating learning rate to 4.048376602284338e-09
Epoch: 100 cost time: 0.8172838687896729
Epoch: 100, Steps: 64 | Train Loss: 0.3586602 Vali Loss: 0.6785899 Test Loss: 0.3748136
EarlyStopping counter: 50 out of 100
Updating learning rate to 3.643538942055904e-09
>>>>>>>testing : NL_etth1_flatten_lr0.00005_spc_336_96_PatchTST_ETTh1_ftM_sl336_ll48_pl96_dm16_nh4_el3_dl1_df128_fc1_ebtimeF_dtTruelr5e-05_polspc_Nested_Learning_0<<<<<<<<<<<<<<<<<<<<<<<<<<<<<<<<<
test 2785
 Ejecutando Inferencia DINÁMICA (Nested Learning con flatten)
  -> Política: spc | LR: 5e-05 | Target: head

RESUMEN: El CMS se actualizó 0 veces de 21 posibles.

mse:0.3750150203704834, mae:0.39941754937171936, rse:0.5806839466094971
Args in experiment:
Namespace(random_seed=2021, is_training=1, model_id='NL_etth1_flatten_lr0.00005_spc_336_192', model='PatchTST', data='ETTh1', root_path='./dataset/', data_path='ETTh1.csv', features='M', target='OT', freq='h', checkpoints='./checkpoints/', seq_len=336, label_len=48, pred_len=192, head_type='flatten', cms_lr=5e-05, update_policy='spc', fc_dropout=0.3, head_dropout=0.0, patch_len=16, stride=8, padding_patch='end', revin=1, affine=0, subtract_last=0, decomposition=0, kernel_size=25, individual=0, embed_type=0, enc_in=7, dec_in=7, c_out=7, d_model=16, n_heads=4, e_layers=3, d_layers=1, d_ff=128, moving_avg=25, factor=1, distil=True, dropout=0.3, embed='timeF', activation='gelu', output_attention=False, do_predict=False, num_workers=0, itr=1, train_epochs=100, batch_size=128, patience=100, learning_rate=0.0001, des='Nested_Learning', loss='mse', lradj='type3', pct_start=0.3, use_amp=False, use_gpu=True, gpu=0, use_multi_gpu=False, devices='0,1,2,3', test_flop=False)
Use GPU: cuda:0
>>>>>>>start training : NL_etth1_flatten_lr0.00005_spc_336_192_PatchTST_ETTh1_ftM_sl336_ll48_pl192_dm16_nh4_el3_dl1_df128_fc1_ebtimeF_dtTruelr5e-05_polspc_Nested_Learning_0>>>>>>>>>>>>>>>>>>>>>>>>>>
train 8113
val 2689
test 2689
Epoch: 1 cost time: 1.2001893520355225
Epoch: 1, Steps: 63 | Train Loss: 0.7654876 Vali Loss: 1.5944037 Test Loss: 0.8059427
Validation loss decreased (inf --> 1.594404).  Saving model ...
Updating learning rate to 0.0001
Epoch: 2 cost time: 0.8802714347839355
Epoch: 2, Steps: 63 | Train Loss: 0.6115838 Vali Loss: 1.1043794 Test Loss: 0.5070416
Validation loss decreased (1.594404 --> 1.104379).  Saving model ...
Updating learning rate to 0.0001
Epoch: 3 cost time: 0.8262348175048828
Epoch: 3, Steps: 63 | Train Loss: 0.5061022 Vali Loss: 1.0107290 Test Loss: 0.4617267
Validation loss decreased (1.104379 --> 1.010729).  Saving model ...
Updating learning rate to 0.0001
Epoch: 4 cost time: 0.838632345199585
Epoch: 4, Steps: 63 | Train Loss: 0.4706711 Vali Loss: 0.9670159 Test Loss: 0.4447983
Validation loss decreased (1.010729 --> 0.967016).  Saving model ...
Updating learning rate to 9e-05
Epoch: 5 cost time: 0.8346672058105469
Epoch: 5, Steps: 63 | Train Loss: 0.4522689 Vali Loss: 0.9506139 Test Loss: 0.4352152
Validation loss decreased (0.967016 --> 0.950614).  Saving model ...
Updating learning rate to 8.1e-05
Epoch: 6 cost time: 0.8889181613922119
Epoch: 6, Steps: 63 | Train Loss: 0.4418659 Vali Loss: 0.9405851 Test Loss: 0.4290588
Validation loss decreased (0.950614 --> 0.940585).  Saving model ...
Updating learning rate to 7.290000000000001e-05
Epoch: 7 cost time: 0.8492095470428467
Epoch: 7, Steps: 63 | Train Loss: 0.4348830 Vali Loss: 0.9375632 Test Loss: 0.4253583
Validation loss decreased (0.940585 --> 0.937563).  Saving model ...
Updating learning rate to 6.561e-05
Epoch: 8 cost time: 0.8226480484008789
Epoch: 8, Steps: 63 | Train Loss: 0.4305629 Vali Loss: 0.9339130 Test Loss: 0.4226809
Validation loss decreased (0.937563 --> 0.933913).  Saving model ...
Updating learning rate to 5.904900000000001e-05
Epoch: 9 cost time: 0.8222401142120361
Epoch: 9, Steps: 63 | Train Loss: 0.4273506 Vali Loss: 0.9306794 Test Loss: 0.4206588
Validation loss decreased (0.933913 --> 0.930679).  Saving model ...
Updating learning rate to 5.3144100000000005e-05
Epoch: 10 cost time: 0.8344898223876953
Epoch: 10, Steps: 63 | Train Loss: 0.4250262 Vali Loss: 0.9309181 Test Loss: 0.4192719
EarlyStopping counter: 1 out of 100
Updating learning rate to 4.782969000000001e-05
Epoch: 11 cost time: 0.825648307800293
Epoch: 11, Steps: 63 | Train Loss: 0.4231069 Vali Loss: 0.9296910 Test Loss: 0.4183620
Validation loss decreased (0.930679 --> 0.929691).  Saving model ...
Updating learning rate to 4.304672100000001e-05
Epoch: 12 cost time: 0.8607594966888428
Epoch: 12, Steps: 63 | Train Loss: 0.4214687 Vali Loss: 0.9284507 Test Loss: 0.4172385
Validation loss decreased (0.929691 --> 0.928451).  Saving model ...
Updating learning rate to 3.874204890000001e-05
Epoch: 13 cost time: 0.8445932865142822
Epoch: 13, Steps: 63 | Train Loss: 0.4205048 Vali Loss: 0.9278722 Test Loss: 0.4165643
Validation loss decreased (0.928451 --> 0.927872).  Saving model ...
Updating learning rate to 3.486784401000001e-05
Epoch: 14 cost time: 0.8192794322967529
Epoch: 14, Steps: 63 | Train Loss: 0.4194167 Vali Loss: 0.9279525 Test Loss: 0.4161736
EarlyStopping counter: 1 out of 100
Updating learning rate to 3.138105960900001e-05
Epoch: 15 cost time: 0.8187665939331055
Epoch: 15, Steps: 63 | Train Loss: 0.4184101 Vali Loss: 0.9272461 Test Loss: 0.4156161
Validation loss decreased (0.927872 --> 0.927246).  Saving model ...
Updating learning rate to 2.824295364810001e-05
Epoch: 16 cost time: 0.8192477226257324
Epoch: 16, Steps: 63 | Train Loss: 0.4175590 Vali Loss: 0.9260262 Test Loss: 0.4155709
Validation loss decreased (0.927246 --> 0.926026).  Saving model ...
Updating learning rate to 2.541865828329001e-05
Epoch: 17 cost time: 0.8257877826690674
Epoch: 17, Steps: 63 | Train Loss: 0.4171633 Vali Loss: 0.9270918 Test Loss: 0.4151426
EarlyStopping counter: 1 out of 100
Updating learning rate to 2.287679245496101e-05
Epoch: 18 cost time: 0.819373607635498
Epoch: 18, Steps: 63 | Train Loss: 0.4168888 Vali Loss: 0.9260644 Test Loss: 0.4148303
EarlyStopping counter: 2 out of 100
Updating learning rate to 2.0589113209464907e-05
Epoch: 19 cost time: 0.8196959495544434
Epoch: 19, Steps: 63 | Train Loss: 0.4156617 Vali Loss: 0.9268478 Test Loss: 0.4147656
EarlyStopping counter: 3 out of 100
Updating learning rate to 1.8530201888518416e-05
Epoch: 20 cost time: 0.8155660629272461
Epoch: 20, Steps: 63 | Train Loss: 0.4155175 Vali Loss: 0.9268331 Test Loss: 0.4146190
EarlyStopping counter: 4 out of 100
Updating learning rate to 1.6677181699666577e-05
Epoch: 21 cost time: 0.8148877620697021
Epoch: 21, Steps: 63 | Train Loss: 0.4146173 Vali Loss: 0.9271168 Test Loss: 0.4144778
EarlyStopping counter: 5 out of 100
Updating learning rate to 1.5009463529699919e-05
Epoch: 22 cost time: 0.8152866363525391
Epoch: 22, Steps: 63 | Train Loss: 0.4149331 Vali Loss: 0.9268296 Test Loss: 0.4144932
EarlyStopping counter: 6 out of 100
Updating learning rate to 1.3508517176729929e-05
Epoch: 23 cost time: 0.838707447052002
Epoch: 23, Steps: 63 | Train Loss: 0.4145442 Vali Loss: 0.9263715 Test Loss: 0.4142857
EarlyStopping counter: 7 out of 100
Updating learning rate to 1.2157665459056936e-05
Epoch: 24 cost time: 0.8187596797943115
Epoch: 24, Steps: 63 | Train Loss: 0.4147909 Vali Loss: 0.9264290 Test Loss: 0.4142182
EarlyStopping counter: 8 out of 100
Updating learning rate to 1.0941898913151242e-05
Epoch: 25 cost time: 0.8208847045898438
Epoch: 25, Steps: 63 | Train Loss: 0.4142757 Vali Loss: 0.9261369 Test Loss: 0.4141216
EarlyStopping counter: 9 out of 100
Updating learning rate to 9.847709021836118e-06
Epoch: 26 cost time: 0.8191595077514648
Epoch: 26, Steps: 63 | Train Loss: 0.4139801 Vali Loss: 0.9261315 Test Loss: 0.4141254
EarlyStopping counter: 10 out of 100
Updating learning rate to 8.862938119652508e-06
Epoch: 27 cost time: 0.8133103847503662
Epoch: 27, Steps: 63 | Train Loss: 0.4139040 Vali Loss: 0.9262455 Test Loss: 0.4139943
EarlyStopping counter: 11 out of 100
Updating learning rate to 7.976644307687255e-06
Epoch: 28 cost time: 0.8341314792633057
Epoch: 28, Steps: 63 | Train Loss: 0.4132057 Vali Loss: 0.9263127 Test Loss: 0.4139756
EarlyStopping counter: 12 out of 100
Updating learning rate to 7.178979876918531e-06
Epoch: 29 cost time: 0.8151650428771973
Epoch: 29, Steps: 63 | Train Loss: 0.4134919 Vali Loss: 0.9257849 Test Loss: 0.4139118
Validation loss decreased (0.926026 --> 0.925785).  Saving model ...
Updating learning rate to 6.4610818892266776e-06
Epoch: 30 cost time: 0.8469910621643066
Epoch: 30, Steps: 63 | Train Loss: 0.4136348 Vali Loss: 0.9261050 Test Loss: 0.4138901
EarlyStopping counter: 1 out of 100
Updating learning rate to 5.8149737003040096e-06
Epoch: 31 cost time: 0.8228280544281006
Epoch: 31, Steps: 63 | Train Loss: 0.4130332 Vali Loss: 0.9262869 Test Loss: 0.4138137
EarlyStopping counter: 2 out of 100
Updating learning rate to 5.23347633027361e-06
Epoch: 32 cost time: 0.832207202911377
Epoch: 32, Steps: 63 | Train Loss: 0.4129034 Vali Loss: 0.9259428 Test Loss: 0.4138387
EarlyStopping counter: 3 out of 100
Updating learning rate to 4.710128697246249e-06
Epoch: 33 cost time: 0.814781665802002
Epoch: 33, Steps: 63 | Train Loss: 0.4131343 Vali Loss: 0.9257261 Test Loss: 0.4138370
Validation loss decreased (0.925785 --> 0.925726).  Saving model ...
Updating learning rate to 4.239115827521624e-06
Epoch: 34 cost time: 0.8949346542358398
Epoch: 34, Steps: 63 | Train Loss: 0.4130548 Vali Loss: 0.9255325 Test Loss: 0.4137684
Validation loss decreased (0.925726 --> 0.925532).  Saving model ...
Updating learning rate to 3.815204244769462e-06
Epoch: 35 cost time: 0.8486196994781494
Epoch: 35, Steps: 63 | Train Loss: 0.4129423 Vali Loss: 0.9262016 Test Loss: 0.4138486
EarlyStopping counter: 1 out of 100
Updating learning rate to 3.4336838202925152e-06
Epoch: 36 cost time: 0.8358361721038818
Epoch: 36, Steps: 63 | Train Loss: 0.4131355 Vali Loss: 0.9261518 Test Loss: 0.4137212
EarlyStopping counter: 2 out of 100
Updating learning rate to 3.090315438263264e-06
Epoch: 37 cost time: 0.8183159828186035
Epoch: 37, Steps: 63 | Train Loss: 0.4126789 Vali Loss: 0.9262513 Test Loss: 0.4137639
EarlyStopping counter: 3 out of 100
Updating learning rate to 2.7812838944369375e-06
Epoch: 38 cost time: 0.8278422355651855
Epoch: 38, Steps: 63 | Train Loss: 0.4126875 Vali Loss: 0.9256474 Test Loss: 0.4137153
EarlyStopping counter: 4 out of 100
Updating learning rate to 2.503155504993244e-06
Epoch: 39 cost time: 0.8175580501556396
Epoch: 39, Steps: 63 | Train Loss: 0.4121405 Vali Loss: 0.9258673 Test Loss: 0.4137534
EarlyStopping counter: 5 out of 100
Updating learning rate to 2.2528399544939195e-06
Epoch: 40 cost time: 0.816763162612915
Epoch: 40, Steps: 63 | Train Loss: 0.4123261 Vali Loss: 0.9259203 Test Loss: 0.4138007
EarlyStopping counter: 6 out of 100
Updating learning rate to 2.0275559590445276e-06
Epoch: 41 cost time: 0.8188250064849854
Epoch: 41, Steps: 63 | Train Loss: 0.4124814 Vali Loss: 0.9259259 Test Loss: 0.4137104
EarlyStopping counter: 7 out of 100
Updating learning rate to 1.8248003631400751e-06
Epoch: 42 cost time: 0.821713924407959
Epoch: 42, Steps: 63 | Train Loss: 0.4122658 Vali Loss: 0.9260734 Test Loss: 0.4137407
EarlyStopping counter: 8 out of 100
Updating learning rate to 1.6423203268260676e-06
Epoch: 43 cost time: 0.8196849822998047
Epoch: 43, Steps: 63 | Train Loss: 0.4125467 Vali Loss: 0.9262085 Test Loss: 0.4136758
EarlyStopping counter: 9 out of 100
Updating learning rate to 1.4780882941434609e-06
Epoch: 44 cost time: 0.8158915042877197
Epoch: 44, Steps: 63 | Train Loss: 0.4124753 Vali Loss: 0.9259050 Test Loss: 0.4137094
EarlyStopping counter: 10 out of 100
Updating learning rate to 1.3302794647291146e-06
Epoch: 45 cost time: 0.8246076107025146
Epoch: 45, Steps: 63 | Train Loss: 0.4124038 Vali Loss: 0.9257481 Test Loss: 0.4137497
EarlyStopping counter: 11 out of 100
Updating learning rate to 1.1972515182562034e-06
Epoch: 46 cost time: 0.8227918148040771
Epoch: 46, Steps: 63 | Train Loss: 0.4118369 Vali Loss: 0.9259170 Test Loss: 0.4136626
EarlyStopping counter: 12 out of 100
Updating learning rate to 1.077526366430583e-06
Epoch: 47 cost time: 0.8161861896514893
Epoch: 47, Steps: 63 | Train Loss: 0.4125148 Vali Loss: 0.9257719 Test Loss: 0.4137100
EarlyStopping counter: 13 out of 100
Updating learning rate to 9.697737297875248e-07
Epoch: 48 cost time: 0.8226864337921143
Epoch: 48, Steps: 63 | Train Loss: 0.4117823 Vali Loss: 0.9257180 Test Loss: 0.4136454
EarlyStopping counter: 14 out of 100
Updating learning rate to 8.727963568087723e-07
Epoch: 49 cost time: 0.8164820671081543
Epoch: 49, Steps: 63 | Train Loss: 0.4125486 Vali Loss: 0.9260079 Test Loss: 0.4136461
EarlyStopping counter: 15 out of 100
Updating learning rate to 7.855167211278951e-07
Epoch: 50 cost time: 0.8264250755310059
Epoch: 50, Steps: 63 | Train Loss: 0.4121350 Vali Loss: 0.9262549 Test Loss: 0.4137113
EarlyStopping counter: 16 out of 100
Updating learning rate to 7.069650490151056e-07
Epoch: 51 cost time: 0.8131577968597412
Epoch: 51, Steps: 63 | Train Loss: 0.4120203 Vali Loss: 0.9259270 Test Loss: 0.4137121
EarlyStopping counter: 17 out of 100
Updating learning rate to 6.36268544113595e-07
Epoch: 52 cost time: 0.8144900798797607
Epoch: 52, Steps: 63 | Train Loss: 0.4122140 Vali Loss: 0.9258879 Test Loss: 0.4136775
EarlyStopping counter: 18 out of 100
Updating learning rate to 5.726416897022355e-07
Epoch: 53 cost time: 0.8143575191497803
Epoch: 53, Steps: 63 | Train Loss: 0.4121338 Vali Loss: 0.9260656 Test Loss: 0.4136911
EarlyStopping counter: 19 out of 100
Updating learning rate to 5.15377520732012e-07
Epoch: 54 cost time: 0.822725772857666
Epoch: 54, Steps: 63 | Train Loss: 0.4123510 Vali Loss: 0.9258444 Test Loss: 0.4136644
EarlyStopping counter: 20 out of 100
Updating learning rate to 4.6383976865881085e-07
Epoch: 55 cost time: 0.8169975280761719
Epoch: 55, Steps: 63 | Train Loss: 0.4120099 Vali Loss: 0.9262089 Test Loss: 0.4136364
EarlyStopping counter: 21 out of 100
Updating learning rate to 4.174557917929298e-07
Epoch: 56 cost time: 0.8190915584564209
Epoch: 56, Steps: 63 | Train Loss: 0.4123223 Vali Loss: 0.9260335 Test Loss: 0.4136631
EarlyStopping counter: 22 out of 100
Updating learning rate to 3.7571021261363677e-07
Epoch: 57 cost time: 0.8175244331359863
Epoch: 57, Steps: 63 | Train Loss: 0.4121599 Vali Loss: 0.9260122 Test Loss: 0.4136884
EarlyStopping counter: 23 out of 100
Updating learning rate to 3.381391913522731e-07
Epoch: 58 cost time: 0.8163113594055176
Epoch: 58, Steps: 63 | Train Loss: 0.4118718 Vali Loss: 0.9260448 Test Loss: 0.4136247
EarlyStopping counter: 24 out of 100
Updating learning rate to 3.043252722170458e-07
Epoch: 59 cost time: 0.8166618347167969
Epoch: 59, Steps: 63 | Train Loss: 0.4117902 Vali Loss: 0.9261006 Test Loss: 0.4136371
EarlyStopping counter: 25 out of 100
Updating learning rate to 2.7389274499534124e-07
Epoch: 60 cost time: 0.8169581890106201
Epoch: 60, Steps: 63 | Train Loss: 0.4120120 Vali Loss: 0.9262046 Test Loss: 0.4136418
EarlyStopping counter: 26 out of 100
Updating learning rate to 2.465034704958071e-07
Epoch: 61 cost time: 0.8303141593933105
Epoch: 61, Steps: 63 | Train Loss: 0.4122774 Vali Loss: 0.9259588 Test Loss: 0.4136415
EarlyStopping counter: 27 out of 100
Updating learning rate to 2.218531234462264e-07
Epoch: 62 cost time: 0.8241727352142334
Epoch: 62, Steps: 63 | Train Loss: 0.4122804 Vali Loss: 0.9257582 Test Loss: 0.4136850
EarlyStopping counter: 28 out of 100
Updating learning rate to 1.9966781110160376e-07
Epoch: 63 cost time: 0.8178832530975342
Epoch: 63, Steps: 63 | Train Loss: 0.4122569 Vali Loss: 0.9261063 Test Loss: 0.4136088
EarlyStopping counter: 29 out of 100
Updating learning rate to 1.797010299914434e-07
Epoch: 64 cost time: 0.8165459632873535
Epoch: 64, Steps: 63 | Train Loss: 0.4115315 Vali Loss: 0.9256777 Test Loss: 0.4137421
EarlyStopping counter: 30 out of 100
Updating learning rate to 1.6173092699229907e-07
Epoch: 65 cost time: 0.8166041374206543
Epoch: 65, Steps: 63 | Train Loss: 0.4121225 Vali Loss: 0.9260496 Test Loss: 0.4136452
EarlyStopping counter: 31 out of 100
Updating learning rate to 1.4555783429306916e-07
Epoch: 66 cost time: 0.8287584781646729
Epoch: 66, Steps: 63 | Train Loss: 0.4117156 Vali Loss: 0.9260056 Test Loss: 0.4136870
EarlyStopping counter: 32 out of 100
Updating learning rate to 1.3100205086376224e-07
Epoch: 67 cost time: 0.8243725299835205
Epoch: 67, Steps: 63 | Train Loss: 0.4120365 Vali Loss: 0.9261166 Test Loss: 0.4136705
EarlyStopping counter: 33 out of 100
Updating learning rate to 1.1790184577738603e-07
Epoch: 68 cost time: 0.8270559310913086
Epoch: 68, Steps: 63 | Train Loss: 0.4123059 Vali Loss: 0.9260656 Test Loss: 0.4137513
EarlyStopping counter: 34 out of 100
Updating learning rate to 1.0611166119964742e-07
Epoch: 69 cost time: 0.8149580955505371
Epoch: 69, Steps: 63 | Train Loss: 0.4118440 Vali Loss: 0.9260476 Test Loss: 0.4136800
EarlyStopping counter: 35 out of 100
Updating learning rate to 9.550049507968268e-08
Epoch: 70 cost time: 0.8237905502319336
Epoch: 70, Steps: 63 | Train Loss: 0.4120057 Vali Loss: 0.9252892 Test Loss: 0.4136493
Validation loss decreased (0.925532 --> 0.925289).  Saving model ...
Updating learning rate to 8.595044557171442e-08
Epoch: 71 cost time: 0.8526866436004639
Epoch: 71, Steps: 63 | Train Loss: 0.4116996 Vali Loss: 0.9260623 Test Loss: 0.4136058
EarlyStopping counter: 1 out of 100
Updating learning rate to 7.735540101454298e-08
Epoch: 72 cost time: 0.822883129119873
Epoch: 72, Steps: 63 | Train Loss: 0.4123059 Vali Loss: 0.9259073 Test Loss: 0.4136358
EarlyStopping counter: 2 out of 100
Updating learning rate to 6.961986091308869e-08
Epoch: 73 cost time: 0.8209178447723389
Epoch: 73, Steps: 63 | Train Loss: 0.4114145 Vali Loss: 0.9257353 Test Loss: 0.4136590
EarlyStopping counter: 3 out of 100
Updating learning rate to 6.265787482177981e-08
Epoch: 74 cost time: 0.8153736591339111
Epoch: 74, Steps: 63 | Train Loss: 0.4114317 Vali Loss: 0.9261071 Test Loss: 0.4136590
EarlyStopping counter: 4 out of 100
Updating learning rate to 5.639208733960184e-08
Epoch: 75 cost time: 0.8165040016174316
Epoch: 75, Steps: 63 | Train Loss: 0.4124981 Vali Loss: 0.9257212 Test Loss: 0.4136651
EarlyStopping counter: 5 out of 100
Updating learning rate to 5.075287860564165e-08
Epoch: 76 cost time: 0.8179402351379395
Epoch: 76, Steps: 63 | Train Loss: 0.4120114 Vali Loss: 0.9260542 Test Loss: 0.4137142
EarlyStopping counter: 6 out of 100
Updating learning rate to 4.567759074507749e-08
Epoch: 77 cost time: 0.8236067295074463
Epoch: 77, Steps: 63 | Train Loss: 0.4124211 Vali Loss: 0.9257609 Test Loss: 0.4136558
EarlyStopping counter: 7 out of 100
Updating learning rate to 4.1109831670569744e-08
Epoch: 78 cost time: 0.8191871643066406
Epoch: 78, Steps: 63 | Train Loss: 0.4123159 Vali Loss: 0.9262253 Test Loss: 0.4136844
EarlyStopping counter: 8 out of 100
Updating learning rate to 3.6998848503512764e-08
Epoch: 79 cost time: 0.8157992362976074
Epoch: 79, Steps: 63 | Train Loss: 0.4122500 Vali Loss: 0.9261888 Test Loss: 0.4136419
EarlyStopping counter: 9 out of 100
Updating learning rate to 3.3298963653161496e-08
Epoch: 80 cost time: 0.8298072814941406
Epoch: 80, Steps: 63 | Train Loss: 0.4122270 Vali Loss: 0.9260112 Test Loss: 0.4136619
EarlyStopping counter: 10 out of 100
Updating learning rate to 2.996906728784534e-08
Epoch: 81 cost time: 0.8197135925292969
Epoch: 81, Steps: 63 | Train Loss: 0.4114712 Vali Loss: 0.9257951 Test Loss: 0.4136841
EarlyStopping counter: 11 out of 100
Updating learning rate to 2.697216055906081e-08
Epoch: 82 cost time: 0.8148748874664307
Epoch: 82, Steps: 63 | Train Loss: 0.4121040 Vali Loss: 0.9259744 Test Loss: 0.4136233
EarlyStopping counter: 12 out of 100
Updating learning rate to 2.427494450315473e-08
Epoch: 83 cost time: 0.8250424861907959
Epoch: 83, Steps: 63 | Train Loss: 0.4116555 Vali Loss: 0.9261355 Test Loss: 0.4136241
EarlyStopping counter: 13 out of 100
Updating learning rate to 2.1847450052839257e-08
Epoch: 84 cost time: 0.8173587322235107
Epoch: 84, Steps: 63 | Train Loss: 0.4123441 Vali Loss: 0.9255468 Test Loss: 0.4136047
EarlyStopping counter: 14 out of 100
Updating learning rate to 1.9662705047555332e-08
Epoch: 85 cost time: 0.8187141418457031
Epoch: 85, Steps: 63 | Train Loss: 0.4120400 Vali Loss: 0.9260913 Test Loss: 0.4136063
EarlyStopping counter: 15 out of 100
Updating learning rate to 1.7696434542799797e-08
Epoch: 86 cost time: 0.8159050941467285
Epoch: 86, Steps: 63 | Train Loss: 0.4118110 Vali Loss: 0.9260559 Test Loss: 0.4136632
EarlyStopping counter: 16 out of 100
Updating learning rate to 1.5926791088519817e-08
Epoch: 87 cost time: 0.8141353130340576
Epoch: 87, Steps: 63 | Train Loss: 0.4122807 Vali Loss: 0.9252498 Test Loss: 0.4136424
Validation loss decreased (0.925289 --> 0.925250).  Saving model ...
Updating learning rate to 1.4334111979667836e-08
Epoch: 88 cost time: 0.8291816711425781
Epoch: 88, Steps: 63 | Train Loss: 0.4122042 Vali Loss: 0.9261290 Test Loss: 0.4136678
EarlyStopping counter: 1 out of 100
Updating learning rate to 1.2900700781701054e-08
Epoch: 89 cost time: 0.8315732479095459
Epoch: 89, Steps: 63 | Train Loss: 0.4122567 Vali Loss: 0.9258839 Test Loss: 0.4136047
EarlyStopping counter: 2 out of 100
Updating learning rate to 1.161063070353095e-08
Epoch: 90 cost time: 0.8155806064605713
Epoch: 90, Steps: 63 | Train Loss: 0.4118544 Vali Loss: 0.9259697 Test Loss: 0.4136684
EarlyStopping counter: 3 out of 100
Updating learning rate to 1.0449567633177854e-08
Epoch: 91 cost time: 0.8217446804046631
Epoch: 91, Steps: 63 | Train Loss: 0.4119852 Vali Loss: 0.9255027 Test Loss: 0.4137136
EarlyStopping counter: 4 out of 100
Updating learning rate to 9.404610869860069e-09
Epoch: 92 cost time: 0.8233966827392578
Epoch: 92, Steps: 63 | Train Loss: 0.4119301 Vali Loss: 0.9261159 Test Loss: 0.4136229
EarlyStopping counter: 5 out of 100
Updating learning rate to 8.464149782874063e-09
Epoch: 93 cost time: 0.8165349960327148
Epoch: 93, Steps: 63 | Train Loss: 0.4122396 Vali Loss: 0.9258083 Test Loss: 0.4137265
EarlyStopping counter: 6 out of 100
Updating learning rate to 7.617734804586658e-09
Epoch: 94 cost time: 0.8162646293640137
Epoch: 94, Steps: 63 | Train Loss: 0.4119128 Vali Loss: 0.9255796 Test Loss: 0.4136667
EarlyStopping counter: 7 out of 100
Updating learning rate to 6.855961324127991e-09
Epoch: 95 cost time: 0.816234827041626
Epoch: 95, Steps: 63 | Train Loss: 0.4120879 Vali Loss: 0.9260205 Test Loss: 0.4136840
EarlyStopping counter: 8 out of 100
Updating learning rate to 6.170365191715193e-09
Epoch: 96 cost time: 0.8162803649902344
Epoch: 96, Steps: 63 | Train Loss: 0.4118607 Vali Loss: 0.9261270 Test Loss: 0.4136156
EarlyStopping counter: 9 out of 100
Updating learning rate to 5.5533286725436726e-09
Epoch: 97 cost time: 0.8184103965759277
Epoch: 97, Steps: 63 | Train Loss: 0.4123676 Vali Loss: 0.9256259 Test Loss: 0.4136981
EarlyStopping counter: 10 out of 100
Updating learning rate to 4.997995805289306e-09
Epoch: 98 cost time: 0.815025806427002
Epoch: 98, Steps: 63 | Train Loss: 0.4120188 Vali Loss: 0.9257899 Test Loss: 0.4136381
EarlyStopping counter: 11 out of 100
Updating learning rate to 4.498196224760375e-09
Epoch: 99 cost time: 0.8238940238952637
Epoch: 99, Steps: 63 | Train Loss: 0.4122516 Vali Loss: 0.9261221 Test Loss: 0.4136793
EarlyStopping counter: 12 out of 100
Updating learning rate to 4.048376602284338e-09
Epoch: 100 cost time: 0.8192028999328613
Epoch: 100, Steps: 63 | Train Loss: 0.4115435 Vali Loss: 0.9261447 Test Loss: 0.4136381
EarlyStopping counter: 13 out of 100
Updating learning rate to 3.643538942055904e-09
>>>>>>>testing : NL_etth1_flatten_lr0.00005_spc_336_192_PatchTST_ETTh1_ftM_sl336_ll48_pl192_dm16_nh4_el3_dl1_df128_fc1_ebtimeF_dtTruelr5e-05_polspc_Nested_Learning_0<<<<<<<<<<<<<<<<<<<<<<<<<<<<<<<<<
test 2689
 Ejecutando Inferencia DINÁMICA (Nested Learning con flatten)
  -> Política: spc | LR: 5e-05 | Target: head

RESUMEN: El CMS se actualizó 0 veces de 21 posibles.

mse:0.41364243626594543, mae:0.4210521876811981, rse:0.6107511520385742
Args in experiment:
Namespace(random_seed=2021, is_training=1, model_id='NL_etth1_flatten_lr0.00005_spc_336_336', model='PatchTST', data='ETTh1', root_path='./dataset/', data_path='ETTh1.csv', features='M', target='OT', freq='h', checkpoints='./checkpoints/', seq_len=336, label_len=48, pred_len=336, head_type='flatten', cms_lr=5e-05, update_policy='spc', fc_dropout=0.3, head_dropout=0.0, patch_len=16, stride=8, padding_patch='end', revin=1, affine=0, subtract_last=0, decomposition=0, kernel_size=25, individual=0, embed_type=0, enc_in=7, dec_in=7, c_out=7, d_model=16, n_heads=4, e_layers=3, d_layers=1, d_ff=128, moving_avg=25, factor=1, distil=True, dropout=0.3, embed='timeF', activation='gelu', output_attention=False, do_predict=False, num_workers=0, itr=1, train_epochs=100, batch_size=128, patience=100, learning_rate=0.0001, des='Nested_Learning', loss='mse', lradj='type3', pct_start=0.3, use_amp=False, use_gpu=True, gpu=0, use_multi_gpu=False, devices='0,1,2,3', test_flop=False)
Use GPU: cuda:0
>>>>>>>start training : NL_etth1_flatten_lr0.00005_spc_336_336_PatchTST_ETTh1_ftM_sl336_ll48_pl336_dm16_nh4_el3_dl1_df128_fc1_ebtimeF_dtTruelr5e-05_polspc_Nested_Learning_0>>>>>>>>>>>>>>>>>>>>>>>>>>
train 7969
val 2545
test 2545
Epoch: 1 cost time: 1.2327826023101807
Epoch: 1, Steps: 62 | Train Loss: 0.8110039 Vali Loss: 1.7394577 Test Loss: 0.7845014
Validation loss decreased (inf --> 1.739458).  Saving model ...
Updating learning rate to 0.0001
Epoch: 2 cost time: 0.835451602935791
Epoch: 2, Steps: 62 | Train Loss: 0.6644957 Vali Loss: 1.2949197 Test Loss: 0.4997441
Validation loss decreased (1.739458 --> 1.294920).  Saving model ...
Updating learning rate to 0.0001
Epoch: 3 cost time: 0.8585352897644043
Epoch: 3, Steps: 62 | Train Loss: 0.5616975 Vali Loss: 1.2310934 Test Loss: 0.4609944
Validation loss decreased (1.294920 --> 1.231093).  Saving model ...
Updating learning rate to 0.0001
Epoch: 4 cost time: 0.8777885437011719
Epoch: 4, Steps: 62 | Train Loss: 0.5272051 Vali Loss: 1.1935779 Test Loss: 0.4478935
Validation loss decreased (1.231093 --> 1.193578).  Saving model ...
Updating learning rate to 9e-05
Epoch: 5 cost time: 0.8460419178009033
Epoch: 5, Steps: 62 | Train Loss: 0.5088675 Vali Loss: 1.1798410 Test Loss: 0.4404450
Validation loss decreased (1.193578 --> 1.179841).  Saving model ...
Updating learning rate to 8.1e-05
Epoch: 6 cost time: 0.8567118644714355
Epoch: 6, Steps: 62 | Train Loss: 0.4980193 Vali Loss: 1.1745085 Test Loss: 0.4366567
Validation loss decreased (1.179841 --> 1.174508).  Saving model ...
Updating learning rate to 7.290000000000001e-05
Epoch: 7 cost time: 0.8668854236602783
Epoch: 7, Steps: 62 | Train Loss: 0.4911048 Vali Loss: 1.1700051 Test Loss: 0.4343640
Validation loss decreased (1.174508 --> 1.170005).  Saving model ...
Updating learning rate to 6.561e-05
Epoch: 8 cost time: 0.8734862804412842
Epoch: 8, Steps: 62 | Train Loss: 0.4863359 Vali Loss: 1.1713470 Test Loss: 0.4327103
EarlyStopping counter: 1 out of 100
Updating learning rate to 5.904900000000001e-05
Epoch: 9 cost time: 0.8384714126586914
Epoch: 9, Steps: 62 | Train Loss: 0.4832051 Vali Loss: 1.1709952 Test Loss: 0.4322543
EarlyStopping counter: 2 out of 100
Updating learning rate to 5.3144100000000005e-05
Epoch: 10 cost time: 0.8449087142944336
Epoch: 10, Steps: 62 | Train Loss: 0.4798534 Vali Loss: 1.1696225 Test Loss: 0.4315770
Validation loss decreased (1.170005 --> 1.169623).  Saving model ...
Updating learning rate to 4.782969000000001e-05
Epoch: 11 cost time: 0.8751950263977051
Epoch: 11, Steps: 62 | Train Loss: 0.4776757 Vali Loss: 1.1719331 Test Loss: 0.4313176
EarlyStopping counter: 1 out of 100
Updating learning rate to 4.304672100000001e-05
Epoch: 12 cost time: 0.8283190727233887
Epoch: 12, Steps: 62 | Train Loss: 0.4763141 Vali Loss: 1.1687096 Test Loss: 0.4312212
Validation loss decreased (1.169623 --> 1.168710).  Saving model ...
Updating learning rate to 3.874204890000001e-05
Epoch: 13 cost time: 0.8348736763000488
Epoch: 13, Steps: 62 | Train Loss: 0.4744403 Vali Loss: 1.1753203 Test Loss: 0.4312864
EarlyStopping counter: 1 out of 100
Updating learning rate to 3.486784401000001e-05
Epoch: 14 cost time: 0.8382840156555176
Epoch: 14, Steps: 62 | Train Loss: 0.4729775 Vali Loss: 1.1748931 Test Loss: 0.4310973
EarlyStopping counter: 2 out of 100
Updating learning rate to 3.138105960900001e-05
Epoch: 15 cost time: 0.8319191932678223
Epoch: 15, Steps: 62 | Train Loss: 0.4725009 Vali Loss: 1.1756910 Test Loss: 0.4308255
EarlyStopping counter: 3 out of 100
Updating learning rate to 2.824295364810001e-05
Epoch: 16 cost time: 0.8257455825805664
Epoch: 16, Steps: 62 | Train Loss: 0.4717256 Vali Loss: 1.1751953 Test Loss: 0.4308792
EarlyStopping counter: 4 out of 100
Updating learning rate to 2.541865828329001e-05
Epoch: 17 cost time: 0.8341786861419678
Epoch: 17, Steps: 62 | Train Loss: 0.4707881 Vali Loss: 1.1740669 Test Loss: 0.4309124
EarlyStopping counter: 5 out of 100
Updating learning rate to 2.287679245496101e-05
Epoch: 18 cost time: 0.8497347831726074
Epoch: 18, Steps: 62 | Train Loss: 0.4700894 Vali Loss: 1.1713127 Test Loss: 0.4306640
EarlyStopping counter: 6 out of 100
Updating learning rate to 2.0589113209464907e-05
Epoch: 19 cost time: 0.8295466899871826
Epoch: 19, Steps: 62 | Train Loss: 0.4695229 Vali Loss: 1.1787905 Test Loss: 0.4306703
EarlyStopping counter: 7 out of 100
Updating learning rate to 1.8530201888518416e-05
Epoch: 20 cost time: 0.8317856788635254
Epoch: 20, Steps: 62 | Train Loss: 0.4692237 Vali Loss: 1.1785306 Test Loss: 0.4308307
EarlyStopping counter: 8 out of 100
Updating learning rate to 1.6677181699666577e-05
Epoch: 21 cost time: 0.8452296257019043
Epoch: 21, Steps: 62 | Train Loss: 0.4686362 Vali Loss: 1.1817933 Test Loss: 0.4307880
EarlyStopping counter: 9 out of 100
Updating learning rate to 1.5009463529699919e-05
Epoch: 22 cost time: 0.8350074291229248
Epoch: 22, Steps: 62 | Train Loss: 0.4688474 Vali Loss: 1.1800983 Test Loss: 0.4304550
EarlyStopping counter: 10 out of 100
Updating learning rate to 1.3508517176729929e-05
Epoch: 23 cost time: 0.8272194862365723
Epoch: 23, Steps: 62 | Train Loss: 0.4673790 Vali Loss: 1.1818281 Test Loss: 0.4305248
EarlyStopping counter: 11 out of 100
Updating learning rate to 1.2157665459056936e-05
Epoch: 24 cost time: 0.8537681102752686
Epoch: 24, Steps: 62 | Train Loss: 0.4679923 Vali Loss: 1.1750392 Test Loss: 0.4304419
EarlyStopping counter: 12 out of 100
Updating learning rate to 1.0941898913151242e-05
Epoch: 25 cost time: 0.8269524574279785
Epoch: 25, Steps: 62 | Train Loss: 0.4679308 Vali Loss: 1.1797967 Test Loss: 0.4303435
EarlyStopping counter: 13 out of 100
Updating learning rate to 9.847709021836118e-06
Epoch: 26 cost time: 0.8334455490112305
Epoch: 26, Steps: 62 | Train Loss: 0.4672808 Vali Loss: 1.1845222 Test Loss: 0.4302508
EarlyStopping counter: 14 out of 100
Updating learning rate to 8.862938119652508e-06
Epoch: 27 cost time: 0.8358051776885986
Epoch: 27, Steps: 62 | Train Loss: 0.4669306 Vali Loss: 1.1769794 Test Loss: 0.4303813
EarlyStopping counter: 15 out of 100
Updating learning rate to 7.976644307687255e-06
Epoch: 28 cost time: 0.8407964706420898
Epoch: 28, Steps: 62 | Train Loss: 0.4670079 Vali Loss: 1.1831434 Test Loss: 0.4305514
EarlyStopping counter: 16 out of 100
Updating learning rate to 7.178979876918531e-06
Epoch: 29 cost time: 0.8318905830383301
Epoch: 29, Steps: 62 | Train Loss: 0.4659495 Vali Loss: 1.1810275 Test Loss: 0.4300672
EarlyStopping counter: 17 out of 100
Updating learning rate to 6.4610818892266776e-06
Epoch: 30 cost time: 0.8437812328338623
Epoch: 30, Steps: 62 | Train Loss: 0.4666115 Vali Loss: 1.1794571 Test Loss: 0.4303572
EarlyStopping counter: 18 out of 100
Updating learning rate to 5.8149737003040096e-06
Epoch: 31 cost time: 0.8425741195678711
Epoch: 31, Steps: 62 | Train Loss: 0.4666252 Vali Loss: 1.1802429 Test Loss: 0.4303494
EarlyStopping counter: 19 out of 100
Updating learning rate to 5.23347633027361e-06
Epoch: 32 cost time: 0.8338639736175537
Epoch: 32, Steps: 62 | Train Loss: 0.4662017 Vali Loss: 1.1793046 Test Loss: 0.4302877
EarlyStopping counter: 20 out of 100
Updating learning rate to 4.710128697246249e-06
Epoch: 33 cost time: 0.8321647644042969
Epoch: 33, Steps: 62 | Train Loss: 0.4659737 Vali Loss: 1.1820198 Test Loss: 0.4301947
EarlyStopping counter: 21 out of 100
Updating learning rate to 4.239115827521624e-06
Epoch: 34 cost time: 0.8376400470733643
Epoch: 34, Steps: 62 | Train Loss: 0.4656079 Vali Loss: 1.1820107 Test Loss: 0.4302717
EarlyStopping counter: 22 out of 100
Updating learning rate to 3.815204244769462e-06
Epoch: 35 cost time: 0.8530745506286621
Epoch: 35, Steps: 62 | Train Loss: 0.4657212 Vali Loss: 1.1795437 Test Loss: 0.4303981
EarlyStopping counter: 23 out of 100
Updating learning rate to 3.4336838202925152e-06
Epoch: 36 cost time: 0.8284106254577637
Epoch: 36, Steps: 62 | Train Loss: 0.4655708 Vali Loss: 1.1783961 Test Loss: 0.4300171
EarlyStopping counter: 24 out of 100
Updating learning rate to 3.090315438263264e-06
Epoch: 37 cost time: 0.8296775817871094
Epoch: 37, Steps: 62 | Train Loss: 0.4659631 Vali Loss: 1.1777939 Test Loss: 0.4300201
EarlyStopping counter: 25 out of 100
Updating learning rate to 2.7812838944369375e-06
Epoch: 38 cost time: 0.8378891944885254
Epoch: 38, Steps: 62 | Train Loss: 0.4655799 Vali Loss: 1.1836389 Test Loss: 0.4302192
EarlyStopping counter: 26 out of 100
Updating learning rate to 2.503155504993244e-06
Epoch: 39 cost time: 0.8289272785186768
Epoch: 39, Steps: 62 | Train Loss: 0.4653251 Vali Loss: 1.1815388 Test Loss: 0.4303807
EarlyStopping counter: 27 out of 100
Updating learning rate to 2.2528399544939195e-06
Epoch: 40 cost time: 0.8277959823608398
Epoch: 40, Steps: 62 | Train Loss: 0.4655796 Vali Loss: 1.1812350 Test Loss: 0.4300624
EarlyStopping counter: 28 out of 100
Updating learning rate to 2.0275559590445276e-06
Epoch: 41 cost time: 0.8321452140808105
Epoch: 41, Steps: 62 | Train Loss: 0.4654974 Vali Loss: 1.1735820 Test Loss: 0.4301908
EarlyStopping counter: 29 out of 100
Updating learning rate to 1.8248003631400751e-06
Epoch: 42 cost time: 0.8294174671173096
Epoch: 42, Steps: 62 | Train Loss: 0.4656299 Vali Loss: 1.1830208 Test Loss: 0.4303885
EarlyStopping counter: 30 out of 100
Updating learning rate to 1.6423203268260676e-06
Epoch: 43 cost time: 0.828294038772583
Epoch: 43, Steps: 62 | Train Loss: 0.4657248 Vali Loss: 1.1815288 Test Loss: 0.4299396
EarlyStopping counter: 31 out of 100
Updating learning rate to 1.4780882941434609e-06
Epoch: 44 cost time: 0.832099199295044
Epoch: 44, Steps: 62 | Train Loss: 0.4649456 Vali Loss: 1.1759397 Test Loss: 0.4302274
EarlyStopping counter: 32 out of 100
Updating learning rate to 1.3302794647291146e-06
Epoch: 45 cost time: 0.8415143489837646
Epoch: 45, Steps: 62 | Train Loss: 0.4654948 Vali Loss: 1.1779391 Test Loss: 0.4302204
EarlyStopping counter: 33 out of 100
Updating learning rate to 1.1972515182562034e-06
Epoch: 46 cost time: 0.8346555233001709
Epoch: 46, Steps: 62 | Train Loss: 0.4649476 Vali Loss: 1.1843029 Test Loss: 0.4302895
EarlyStopping counter: 34 out of 100
Updating learning rate to 1.077526366430583e-06
Epoch: 47 cost time: 0.8264346122741699
Epoch: 47, Steps: 62 | Train Loss: 0.4656324 Vali Loss: 1.1827981 Test Loss: 0.4306986
EarlyStopping counter: 35 out of 100
Updating learning rate to 9.697737297875248e-07
Epoch: 48 cost time: 0.8274133205413818
Epoch: 48, Steps: 62 | Train Loss: 0.4654365 Vali Loss: 1.1797597 Test Loss: 0.4303944
EarlyStopping counter: 36 out of 100
Updating learning rate to 8.727963568087723e-07
Epoch: 49 cost time: 0.827162504196167
Epoch: 49, Steps: 62 | Train Loss: 0.4654951 Vali Loss: 1.1821291 Test Loss: 0.4302526
EarlyStopping counter: 37 out of 100
Updating learning rate to 7.855167211278951e-07
Epoch: 50 cost time: 0.8275313377380371
Epoch: 50, Steps: 62 | Train Loss: 0.4649264 Vali Loss: 1.1802005 Test Loss: 0.4303838
EarlyStopping counter: 38 out of 100
Updating learning rate to 7.069650490151056e-07
Epoch: 51 cost time: 0.8376016616821289
Epoch: 51, Steps: 62 | Train Loss: 0.4652510 Vali Loss: 1.1787521 Test Loss: 0.4301722
EarlyStopping counter: 39 out of 100
Updating learning rate to 6.36268544113595e-07
Epoch: 52 cost time: 0.8264493942260742
Epoch: 52, Steps: 62 | Train Loss: 0.4650282 Vali Loss: 1.1851249 Test Loss: 0.4301699
EarlyStopping counter: 40 out of 100
Updating learning rate to 5.726416897022355e-07
Epoch: 53 cost time: 0.825380802154541
Epoch: 53, Steps: 62 | Train Loss: 0.4657603 Vali Loss: 1.1839126 Test Loss: 0.4302132
EarlyStopping counter: 41 out of 100
Updating learning rate to 5.15377520732012e-07
Epoch: 54 cost time: 0.8313713073730469
Epoch: 54, Steps: 62 | Train Loss: 0.4656545 Vali Loss: 1.1795067 Test Loss: 0.4305952
EarlyStopping counter: 42 out of 100
Updating learning rate to 4.6383976865881085e-07
Epoch: 55 cost time: 0.8303616046905518
Epoch: 55, Steps: 62 | Train Loss: 0.4648479 Vali Loss: 1.1814781 Test Loss: 0.4303895
EarlyStopping counter: 43 out of 100
Updating learning rate to 4.174557917929298e-07
Epoch: 56 cost time: 0.8299558162689209
Epoch: 56, Steps: 62 | Train Loss: 0.4651835 Vali Loss: 1.1808136 Test Loss: 0.4302948
EarlyStopping counter: 44 out of 100
Updating learning rate to 3.7571021261363677e-07
Epoch: 57 cost time: 0.8284492492675781
Epoch: 57, Steps: 62 | Train Loss: 0.4656293 Vali Loss: 1.1836029 Test Loss: 0.4302403
EarlyStopping counter: 45 out of 100
Updating learning rate to 3.381391913522731e-07
Epoch: 58 cost time: 0.8313910961151123
Epoch: 58, Steps: 62 | Train Loss: 0.4656191 Vali Loss: 1.1812693 Test Loss: 0.4302336
EarlyStopping counter: 46 out of 100
Updating learning rate to 3.043252722170458e-07
Epoch: 59 cost time: 0.829840898513794
Epoch: 59, Steps: 62 | Train Loss: 0.4652735 Vali Loss: 1.1790909 Test Loss: 0.4300718
EarlyStopping counter: 47 out of 100
Updating learning rate to 2.7389274499534124e-07
Epoch: 60 cost time: 0.8372864723205566
Epoch: 60, Steps: 62 | Train Loss: 0.4656741 Vali Loss: 1.1878153 Test Loss: 0.4302697
EarlyStopping counter: 48 out of 100
Updating learning rate to 2.465034704958071e-07
Epoch: 61 cost time: 0.8304586410522461
Epoch: 61, Steps: 62 | Train Loss: 0.4650747 Vali Loss: 1.1808959 Test Loss: 0.4304262
EarlyStopping counter: 49 out of 100
Updating learning rate to 2.218531234462264e-07
Epoch: 62 cost time: 0.8371081352233887
Epoch: 62, Steps: 62 | Train Loss: 0.4649511 Vali Loss: 1.1850939 Test Loss: 0.4300711
EarlyStopping counter: 50 out of 100
Updating learning rate to 1.9966781110160376e-07
Epoch: 63 cost time: 0.8321533203125
Epoch: 63, Steps: 62 | Train Loss: 0.4649828 Vali Loss: 1.1817411 Test Loss: 0.4299718
EarlyStopping counter: 51 out of 100
Updating learning rate to 1.797010299914434e-07
Epoch: 64 cost time: 0.8362882137298584
Epoch: 64, Steps: 62 | Train Loss: 0.4649484 Vali Loss: 1.1843843 Test Loss: 0.4301683
EarlyStopping counter: 52 out of 100
Updating learning rate to 1.6173092699229907e-07
Epoch: 65 cost time: 0.8438115119934082
Epoch: 65, Steps: 62 | Train Loss: 0.4651783 Vali Loss: 1.1818935 Test Loss: 0.4301329
EarlyStopping counter: 53 out of 100
Updating learning rate to 1.4555783429306916e-07
Epoch: 66 cost time: 0.8267550468444824
Epoch: 66, Steps: 62 | Train Loss: 0.4652550 Vali Loss: 1.1835915 Test Loss: 0.4303464
EarlyStopping counter: 54 out of 100
Updating learning rate to 1.3100205086376224e-07
Epoch: 67 cost time: 0.8315553665161133
Epoch: 67, Steps: 62 | Train Loss: 0.4652922 Vali Loss: 1.1844958 Test Loss: 0.4301154
EarlyStopping counter: 55 out of 100
Updating learning rate to 1.1790184577738603e-07
Epoch: 68 cost time: 0.8266618251800537
Epoch: 68, Steps: 62 | Train Loss: 0.4647927 Vali Loss: 1.1800396 Test Loss: 0.4300138
EarlyStopping counter: 56 out of 100
Updating learning rate to 1.0611166119964742e-07
Epoch: 69 cost time: 0.8264753818511963
Epoch: 69, Steps: 62 | Train Loss: 0.4650375 Vali Loss: 1.1798958 Test Loss: 0.4300174
EarlyStopping counter: 57 out of 100
Updating learning rate to 9.550049507968268e-08
Epoch: 70 cost time: 0.8272566795349121
Epoch: 70, Steps: 62 | Train Loss: 0.4650895 Vali Loss: 1.1854149 Test Loss: 0.4302136
EarlyStopping counter: 58 out of 100
Updating learning rate to 8.595044557171442e-08
Epoch: 71 cost time: 0.8295688629150391
Epoch: 71, Steps: 62 | Train Loss: 0.4647246 Vali Loss: 1.1800957 Test Loss: 0.4303342
EarlyStopping counter: 59 out of 100
Updating learning rate to 7.735540101454298e-08
Epoch: 72 cost time: 0.8457779884338379
Epoch: 72, Steps: 62 | Train Loss: 0.4651114 Vali Loss: 1.1822248 Test Loss: 0.4301189
EarlyStopping counter: 60 out of 100
Updating learning rate to 6.961986091308869e-08
Epoch: 73 cost time: 0.8366384506225586
Epoch: 73, Steps: 62 | Train Loss: 0.4646800 Vali Loss: 1.1839451 Test Loss: 0.4301747
EarlyStopping counter: 61 out of 100
Updating learning rate to 6.265787482177981e-08
Epoch: 74 cost time: 0.8287272453308105
Epoch: 74, Steps: 62 | Train Loss: 0.4652951 Vali Loss: 1.1795894 Test Loss: 0.4301089
EarlyStopping counter: 62 out of 100
Updating learning rate to 5.639208733960184e-08
Epoch: 75 cost time: 0.830409049987793
Epoch: 75, Steps: 62 | Train Loss: 0.4651777 Vali Loss: 1.1792778 Test Loss: 0.4302396
EarlyStopping counter: 63 out of 100
Updating learning rate to 5.075287860564165e-08
Epoch: 76 cost time: 0.8485674858093262
Epoch: 76, Steps: 62 | Train Loss: 0.4649221 Vali Loss: 1.1835089 Test Loss: 0.4301229
EarlyStopping counter: 64 out of 100
Updating learning rate to 4.567759074507749e-08
Epoch: 77 cost time: 0.8293378353118896
Epoch: 77, Steps: 62 | Train Loss: 0.4651134 Vali Loss: 1.1825870 Test Loss: 0.4302064
EarlyStopping counter: 65 out of 100
Updating learning rate to 4.1109831670569744e-08
Epoch: 78 cost time: 0.8301270008087158
Epoch: 78, Steps: 62 | Train Loss: 0.4649240 Vali Loss: 1.1787825 Test Loss: 0.4302823
EarlyStopping counter: 66 out of 100
Updating learning rate to 3.6998848503512764e-08
Epoch: 79 cost time: 0.8274178504943848
Epoch: 79, Steps: 62 | Train Loss: 0.4653978 Vali Loss: 1.1815231 Test Loss: 0.4303043
EarlyStopping counter: 67 out of 100
Updating learning rate to 3.3298963653161496e-08
Epoch: 80 cost time: 0.8287191390991211
Epoch: 80, Steps: 62 | Train Loss: 0.4652539 Vali Loss: 1.1824096 Test Loss: 0.4300884
EarlyStopping counter: 68 out of 100
Updating learning rate to 2.996906728784534e-08
Epoch: 81 cost time: 0.8305280208587646
Epoch: 81, Steps: 62 | Train Loss: 0.4650601 Vali Loss: 1.1830435 Test Loss: 0.4299450
EarlyStopping counter: 69 out of 100
Updating learning rate to 2.697216055906081e-08
Epoch: 82 cost time: 0.847858190536499
Epoch: 82, Steps: 62 | Train Loss: 0.4654094 Vali Loss: 1.1843271 Test Loss: 0.4300755
EarlyStopping counter: 70 out of 100
Updating learning rate to 2.427494450315473e-08
Epoch: 83 cost time: 0.8287398815155029
Epoch: 83, Steps: 62 | Train Loss: 0.4649316 Vali Loss: 1.1809103 Test Loss: 0.4301988
EarlyStopping counter: 71 out of 100
Updating learning rate to 2.1847450052839257e-08
Epoch: 84 cost time: 0.8743801116943359
Epoch: 84, Steps: 62 | Train Loss: 0.4647987 Vali Loss: 1.1827618 Test Loss: 0.4300579
EarlyStopping counter: 72 out of 100
Updating learning rate to 1.9662705047555332e-08
Epoch: 85 cost time: 0.8271987438201904
Epoch: 85, Steps: 62 | Train Loss: 0.4654501 Vali Loss: 1.1786551 Test Loss: 0.4300673
EarlyStopping counter: 73 out of 100
Updating learning rate to 1.7696434542799797e-08
Epoch: 86 cost time: 0.8271336555480957
Epoch: 86, Steps: 62 | Train Loss: 0.4649061 Vali Loss: 1.1838737 Test Loss: 0.4298264
EarlyStopping counter: 74 out of 100
Updating learning rate to 1.5926791088519817e-08
Epoch: 87 cost time: 0.8261692523956299
Epoch: 87, Steps: 62 | Train Loss: 0.4649338 Vali Loss: 1.1788952 Test Loss: 0.4302275
EarlyStopping counter: 75 out of 100
Updating learning rate to 1.4334111979667836e-08
Epoch: 88 cost time: 0.8347868919372559
Epoch: 88, Steps: 62 | Train Loss: 0.4648435 Vali Loss: 1.1829998 Test Loss: 0.4302431
EarlyStopping counter: 76 out of 100
Updating learning rate to 1.2900700781701054e-08
Epoch: 89 cost time: 0.8301036357879639
Epoch: 89, Steps: 62 | Train Loss: 0.4656597 Vali Loss: 1.1879703 Test Loss: 0.4304960
EarlyStopping counter: 77 out of 100
Updating learning rate to 1.161063070353095e-08
Epoch: 90 cost time: 0.8291440010070801
Epoch: 90, Steps: 62 | Train Loss: 0.4654136 Vali Loss: 1.1838398 Test Loss: 0.4303854
EarlyStopping counter: 78 out of 100
Updating learning rate to 1.0449567633177854e-08
Epoch: 91 cost time: 0.8302903175354004
Epoch: 91, Steps: 62 | Train Loss: 0.4649838 Vali Loss: 1.1857586 Test Loss: 0.4302530
EarlyStopping counter: 79 out of 100
Updating learning rate to 9.404610869860069e-09
Epoch: 92 cost time: 0.830613374710083
Epoch: 92, Steps: 62 | Train Loss: 0.4651328 Vali Loss: 1.1824996 Test Loss: 0.4302328
EarlyStopping counter: 80 out of 100
Updating learning rate to 8.464149782874063e-09
Epoch: 93 cost time: 0.8311059474945068
Epoch: 93, Steps: 62 | Train Loss: 0.4657509 Vali Loss: 1.1812205 Test Loss: 0.4301627
EarlyStopping counter: 81 out of 100
Updating learning rate to 7.617734804586658e-09
Epoch: 94 cost time: 0.828704833984375
Epoch: 94, Steps: 62 | Train Loss: 0.4651353 Vali Loss: 1.1773430 Test Loss: 0.4301679
EarlyStopping counter: 82 out of 100
Updating learning rate to 6.855961324127991e-09
Epoch: 95 cost time: 0.8326411247253418
Epoch: 95, Steps: 62 | Train Loss: 0.4648377 Vali Loss: 1.1818417 Test Loss: 0.4301638
EarlyStopping counter: 83 out of 100
Updating learning rate to 6.170365191715193e-09
Epoch: 96 cost time: 0.8494336605072021
Epoch: 96, Steps: 62 | Train Loss: 0.4656257 Vali Loss: 1.1835220 Test Loss: 0.4300603
EarlyStopping counter: 84 out of 100
Updating learning rate to 5.5533286725436726e-09
Epoch: 97 cost time: 0.8346297740936279
Epoch: 97, Steps: 62 | Train Loss: 0.4652264 Vali Loss: 1.1765070 Test Loss: 0.4302062
EarlyStopping counter: 85 out of 100
Updating learning rate to 4.997995805289306e-09
Epoch: 98 cost time: 0.8300259113311768
Epoch: 98, Steps: 62 | Train Loss: 0.4650510 Vali Loss: 1.1860859 Test Loss: 0.4299658
EarlyStopping counter: 86 out of 100
Updating learning rate to 4.498196224760375e-09
Epoch: 99 cost time: 0.8287456035614014
Epoch: 99, Steps: 62 | Train Loss: 0.4651841 Vali Loss: 1.1830089 Test Loss: 0.4302322
EarlyStopping counter: 87 out of 100
Updating learning rate to 4.048376602284338e-09
Epoch: 100 cost time: 0.8337109088897705
Epoch: 100, Steps: 62 | Train Loss: 0.4654906 Vali Loss: 1.1801304 Test Loss: 0.4300789
EarlyStopping counter: 88 out of 100
Updating learning rate to 3.643538942055904e-09
>>>>>>>testing : NL_etth1_flatten_lr0.00005_spc_336_336_PatchTST_ETTh1_ftM_sl336_ll48_pl336_dm16_nh4_el3_dl1_df128_fc1_ebtimeF_dtTruelr5e-05_polspc_Nested_Learning_0<<<<<<<<<<<<<<<<<<<<<<<<<<<<<<<<<
test 2545
 Ejecutando Inferencia DINÁMICA (Nested Learning con flatten)
  -> Política: spc | LR: 5e-05 | Target: head

RESUMEN: El CMS se actualizó 0 veces de 19 posibles.

mse:0.43122121691703796, mae:0.4356307089328766, rse:0.6277353763580322
Args in experiment:
Namespace(random_seed=2021, is_training=1, model_id='NL_etth1_flatten_lr0.00005_spc_336_720', model='PatchTST', data='ETTh1', root_path='./dataset/', data_path='ETTh1.csv', features='M', target='OT', freq='h', checkpoints='./checkpoints/', seq_len=336, label_len=48, pred_len=720, head_type='flatten', cms_lr=5e-05, update_policy='spc', fc_dropout=0.3, head_dropout=0.0, patch_len=16, stride=8, padding_patch='end', revin=1, affine=0, subtract_last=0, decomposition=0, kernel_size=25, individual=0, embed_type=0, enc_in=7, dec_in=7, c_out=7, d_model=16, n_heads=4, e_layers=3, d_layers=1, d_ff=128, moving_avg=25, factor=1, distil=True, dropout=0.3, embed='timeF', activation='gelu', output_attention=False, do_predict=False, num_workers=0, itr=1, train_epochs=100, batch_size=128, patience=100, learning_rate=0.0001, des='Nested_Learning', loss='mse', lradj='type3', pct_start=0.3, use_amp=False, use_gpu=True, gpu=0, use_multi_gpu=False, devices='0,1,2,3', test_flop=False)
Use GPU: cuda:0
>>>>>>>start training : NL_etth1_flatten_lr0.00005_spc_336_720_PatchTST_ETTh1_ftM_sl336_ll48_pl720_dm16_nh4_el3_dl1_df128_fc1_ebtimeF_dtTruelr5e-05_polspc_Nested_Learning_0>>>>>>>>>>>>>>>>>>>>>>>>>>
train 7585
val 2161
test 2161
Epoch: 1 cost time: 1.2603802680969238
Epoch: 1, Steps: 59 | Train Loss: 0.8999453 Vali Loss: 1.9740644 Test Loss: 0.7929621
Validation loss decreased (inf --> 1.974064).  Saving model ...
Updating learning rate to 0.0001
Epoch: 2 cost time: 0.8849713802337646
Epoch: 2, Steps: 59 | Train Loss: 0.7685586 Vali Loss: 1.5422858 Test Loss: 0.5061020
Validation loss decreased (1.974064 --> 1.542286).  Saving model ...
Updating learning rate to 0.0001
Epoch: 3 cost time: 0.9134502410888672
Epoch: 3, Steps: 59 | Train Loss: 0.6729971 Vali Loss: 1.4902692 Test Loss: 0.4624207
Validation loss decreased (1.542286 --> 1.490269).  Saving model ...
Updating learning rate to 0.0001
Epoch: 4 cost time: 0.9333686828613281
Epoch: 4, Steps: 59 | Train Loss: 0.6386132 Vali Loss: 1.4604101 Test Loss: 0.4525346
Validation loss decreased (1.490269 --> 1.460410).  Saving model ...
Updating learning rate to 9e-05
Epoch: 5 cost time: 0.8975033760070801
Epoch: 5, Steps: 59 | Train Loss: 0.6197717 Vali Loss: 1.4530818 Test Loss: 0.4488259
Validation loss decreased (1.460410 --> 1.453082).  Saving model ...
Updating learning rate to 8.1e-05
Epoch: 6 cost time: 0.8810029029846191
Epoch: 6, Steps: 59 | Train Loss: 0.6077863 Vali Loss: 1.4442124 Test Loss: 0.4495542
Validation loss decreased (1.453082 --> 1.444212).  Saving model ...
Updating learning rate to 7.290000000000001e-05
Epoch: 7 cost time: 0.881659746170044
Epoch: 7, Steps: 59 | Train Loss: 0.5998035 Vali Loss: 1.4486208 Test Loss: 0.4545031
EarlyStopping counter: 1 out of 100
Updating learning rate to 6.561e-05
Epoch: 8 cost time: 0.8680579662322998
Epoch: 8, Steps: 59 | Train Loss: 0.5939888 Vali Loss: 1.4515572 Test Loss: 0.4602066
EarlyStopping counter: 2 out of 100
Updating learning rate to 5.904900000000001e-05
Epoch: 9 cost time: 0.8698246479034424
Epoch: 9, Steps: 59 | Train Loss: 0.5894165 Vali Loss: 1.4625164 Test Loss: 0.4642143
EarlyStopping counter: 3 out of 100
Updating learning rate to 5.3144100000000005e-05
Epoch: 10 cost time: 0.8648090362548828
Epoch: 10, Steps: 59 | Train Loss: 0.5861448 Vali Loss: 1.4591659 Test Loss: 0.4667364
EarlyStopping counter: 4 out of 100
Updating learning rate to 4.782969000000001e-05
Epoch: 11 cost time: 0.8721976280212402
Epoch: 11, Steps: 59 | Train Loss: 0.5834788 Vali Loss: 1.4635848 Test Loss: 0.4675906
EarlyStopping counter: 5 out of 100
Updating learning rate to 4.304672100000001e-05
Epoch: 12 cost time: 0.8626701831817627
Epoch: 12, Steps: 59 | Train Loss: 0.5815853 Vali Loss: 1.4681957 Test Loss: 0.4668822
EarlyStopping counter: 6 out of 100
Updating learning rate to 3.874204890000001e-05
Epoch: 13 cost time: 0.8771035671234131
Epoch: 13, Steps: 59 | Train Loss: 0.5798764 Vali Loss: 1.4760993 Test Loss: 0.4670669
EarlyStopping counter: 7 out of 100
Updating learning rate to 3.486784401000001e-05
Epoch: 14 cost time: 0.8739721775054932
Epoch: 14, Steps: 59 | Train Loss: 0.5784402 Vali Loss: 1.4757967 Test Loss: 0.4654354
EarlyStopping counter: 8 out of 100
Updating learning rate to 3.138105960900001e-05
Epoch: 15 cost time: 0.8732573986053467
Epoch: 15, Steps: 59 | Train Loss: 0.5765081 Vali Loss: 1.4728116 Test Loss: 0.4666628
EarlyStopping counter: 9 out of 100
Updating learning rate to 2.824295364810001e-05
Epoch: 16 cost time: 0.8644673824310303
Epoch: 16, Steps: 59 | Train Loss: 0.5759883 Vali Loss: 1.4713724 Test Loss: 0.4661347
EarlyStopping counter: 10 out of 100
Updating learning rate to 2.541865828329001e-05
Epoch: 17 cost time: 0.893524169921875
Epoch: 17, Steps: 59 | Train Loss: 0.5752899 Vali Loss: 1.4833968 Test Loss: 0.4658185
EarlyStopping counter: 11 out of 100
Updating learning rate to 2.287679245496101e-05
Epoch: 18 cost time: 0.867189884185791
Epoch: 18, Steps: 59 | Train Loss: 0.5734853 Vali Loss: 1.4777707 Test Loss: 0.4650868
EarlyStopping counter: 12 out of 100
Updating learning rate to 2.0589113209464907e-05
Epoch: 19 cost time: 0.8645620346069336
Epoch: 19, Steps: 59 | Train Loss: 0.5730556 Vali Loss: 1.4796681 Test Loss: 0.4656840
EarlyStopping counter: 13 out of 100
Updating learning rate to 1.8530201888518416e-05
Epoch: 20 cost time: 0.8609833717346191
Epoch: 20, Steps: 59 | Train Loss: 0.5719137 Vali Loss: 1.4840372 Test Loss: 0.4662482
EarlyStopping counter: 14 out of 100
Updating learning rate to 1.6677181699666577e-05
Epoch: 21 cost time: 0.8962197303771973
Epoch: 21, Steps: 59 | Train Loss: 0.5716237 Vali Loss: 1.4761975 Test Loss: 0.4664581
EarlyStopping counter: 15 out of 100
Updating learning rate to 1.5009463529699919e-05
Epoch: 22 cost time: 0.8593871593475342
Epoch: 22, Steps: 59 | Train Loss: 0.5710871 Vali Loss: 1.4845808 Test Loss: 0.4668517
EarlyStopping counter: 16 out of 100
Updating learning rate to 1.3508517176729929e-05
Epoch: 23 cost time: 0.8675403594970703
Epoch: 23, Steps: 59 | Train Loss: 0.5705082 Vali Loss: 1.4852747 Test Loss: 0.4663794
EarlyStopping counter: 17 out of 100
Updating learning rate to 1.2157665459056936e-05
Epoch: 24 cost time: 0.8724813461303711
Epoch: 24, Steps: 59 | Train Loss: 0.5692723 Vali Loss: 1.4845953 Test Loss: 0.4669036
EarlyStopping counter: 18 out of 100
Updating learning rate to 1.0941898913151242e-05
Epoch: 25 cost time: 0.8627347946166992
Epoch: 25, Steps: 59 | Train Loss: 0.5686860 Vali Loss: 1.4865985 Test Loss: 0.4668983
EarlyStopping counter: 19 out of 100
Updating learning rate to 9.847709021836118e-06
Epoch: 26 cost time: 0.8596150875091553
Epoch: 26, Steps: 59 | Train Loss: 0.5690247 Vali Loss: 1.4876468 Test Loss: 0.4671280
EarlyStopping counter: 20 out of 100
Updating learning rate to 8.862938119652508e-06
Epoch: 27 cost time: 0.8676786422729492
Epoch: 27, Steps: 59 | Train Loss: 0.5683993 Vali Loss: 1.4861948 Test Loss: 0.4676936
EarlyStopping counter: 21 out of 100
Updating learning rate to 7.976644307687255e-06
Epoch: 28 cost time: 0.881023645401001
Epoch: 28, Steps: 59 | Train Loss: 0.5679208 Vali Loss: 1.4860289 Test Loss: 0.4678839
EarlyStopping counter: 22 out of 100
Updating learning rate to 7.178979876918531e-06
Epoch: 29 cost time: 0.8869214057922363
Epoch: 29, Steps: 59 | Train Loss: 0.5671359 Vali Loss: 1.4861183 Test Loss: 0.4685538
EarlyStopping counter: 23 out of 100
Updating learning rate to 6.4610818892266776e-06
Epoch: 30 cost time: 0.8685481548309326
Epoch: 30, Steps: 59 | Train Loss: 0.5676064 Vali Loss: 1.4846084 Test Loss: 0.4688000
EarlyStopping counter: 24 out of 100
Updating learning rate to 5.8149737003040096e-06
Epoch: 31 cost time: 0.864295244216919
Epoch: 31, Steps: 59 | Train Loss: 0.5665521 Vali Loss: 1.4857782 Test Loss: 0.4697006
EarlyStopping counter: 25 out of 100
Updating learning rate to 5.23347633027361e-06
Epoch: 32 cost time: 0.8603305816650391
Epoch: 32, Steps: 59 | Train Loss: 0.5668562 Vali Loss: 1.4812107 Test Loss: 0.4695090
EarlyStopping counter: 26 out of 100
Updating learning rate to 4.710128697246249e-06
Epoch: 33 cost time: 0.8784072399139404
Epoch: 33, Steps: 59 | Train Loss: 0.5661229 Vali Loss: 1.4817535 Test Loss: 0.4697437
EarlyStopping counter: 27 out of 100
Updating learning rate to 4.239115827521624e-06
Epoch: 34 cost time: 0.869175910949707
Epoch: 34, Steps: 59 | Train Loss: 0.5661745 Vali Loss: 1.4909561 Test Loss: 0.4694689
EarlyStopping counter: 28 out of 100
Updating learning rate to 3.815204244769462e-06
Epoch: 35 cost time: 0.8626425266265869
Epoch: 35, Steps: 59 | Train Loss: 0.5658977 Vali Loss: 1.4846585 Test Loss: 0.4695799
EarlyStopping counter: 29 out of 100
Updating learning rate to 3.4336838202925152e-06
Epoch: 36 cost time: 0.8636062145233154
Epoch: 36, Steps: 59 | Train Loss: 0.5655786 Vali Loss: 1.4868037 Test Loss: 0.4709439
EarlyStopping counter: 30 out of 100
Updating learning rate to 3.090315438263264e-06
Epoch: 37 cost time: 0.863067626953125
Epoch: 37, Steps: 59 | Train Loss: 0.5651676 Vali Loss: 1.4905157 Test Loss: 0.4711328
EarlyStopping counter: 31 out of 100
Updating learning rate to 2.7812838944369375e-06
Epoch: 38 cost time: 0.8953771591186523
Epoch: 38, Steps: 59 | Train Loss: 0.5652819 Vali Loss: 1.4900301 Test Loss: 0.4704035
EarlyStopping counter: 32 out of 100
Updating learning rate to 2.503155504993244e-06
Epoch: 39 cost time: 0.8651533126831055
Epoch: 39, Steps: 59 | Train Loss: 0.5661386 Vali Loss: 1.4826547 Test Loss: 0.4713084
EarlyStopping counter: 33 out of 100
Updating learning rate to 2.2528399544939195e-06
Epoch: 40 cost time: 0.8849763870239258
Epoch: 40, Steps: 59 | Train Loss: 0.5649607 Vali Loss: 1.4878311 Test Loss: 0.4703353
EarlyStopping counter: 34 out of 100
Updating learning rate to 2.0275559590445276e-06
Epoch: 41 cost time: 0.8825788497924805
Epoch: 41, Steps: 59 | Train Loss: 0.5648393 Vali Loss: 1.4909990 Test Loss: 0.4703796
EarlyStopping counter: 35 out of 100
Updating learning rate to 1.8248003631400751e-06
Epoch: 42 cost time: 0.8684177398681641
Epoch: 42, Steps: 59 | Train Loss: 0.5642395 Vali Loss: 1.4846723 Test Loss: 0.4713261
EarlyStopping counter: 36 out of 100
Updating learning rate to 1.6423203268260676e-06
Epoch: 43 cost time: 0.8725452423095703
Epoch: 43, Steps: 59 | Train Loss: 0.5646606 Vali Loss: 1.4886554 Test Loss: 0.4706318
EarlyStopping counter: 37 out of 100
Updating learning rate to 1.4780882941434609e-06
Epoch: 44 cost time: 0.8710267543792725
Epoch: 44, Steps: 59 | Train Loss: 0.5645928 Vali Loss: 1.4905303 Test Loss: 0.4718089
EarlyStopping counter: 38 out of 100
Updating learning rate to 1.3302794647291146e-06
Epoch: 45 cost time: 0.8727405071258545
Epoch: 45, Steps: 59 | Train Loss: 0.5650542 Vali Loss: 1.4886954 Test Loss: 0.4718472
EarlyStopping counter: 39 out of 100
Updating learning rate to 1.1972515182562034e-06
Epoch: 46 cost time: 0.8647541999816895
Epoch: 46, Steps: 59 | Train Loss: 0.5642445 Vali Loss: 1.4904926 Test Loss: 0.4720644
EarlyStopping counter: 40 out of 100
Updating learning rate to 1.077526366430583e-06
Epoch: 47 cost time: 0.8704285621643066
Epoch: 47, Steps: 59 | Train Loss: 0.5647447 Vali Loss: 1.4906313 Test Loss: 0.4708070
EarlyStopping counter: 41 out of 100
Updating learning rate to 9.697737297875248e-07
Epoch: 48 cost time: 0.8736546039581299
Epoch: 48, Steps: 59 | Train Loss: 0.5649132 Vali Loss: 1.4954561 Test Loss: 0.4713477
EarlyStopping counter: 42 out of 100
Updating learning rate to 8.727963568087723e-07
Epoch: 49 cost time: 0.8649463653564453
Epoch: 49, Steps: 59 | Train Loss: 0.5647403 Vali Loss: 1.4948822 Test Loss: 0.4704958
EarlyStopping counter: 43 out of 100
Updating learning rate to 7.855167211278951e-07
Epoch: 50 cost time: 0.8692193031311035
Epoch: 50, Steps: 59 | Train Loss: 0.5647067 Vali Loss: 1.4896004 Test Loss: 0.4713006
EarlyStopping counter: 44 out of 100
Updating learning rate to 7.069650490151056e-07
Epoch: 51 cost time: 0.8731024265289307
Epoch: 51, Steps: 59 | Train Loss: 0.5641080 Vali Loss: 1.4949901 Test Loss: 0.4707198
EarlyStopping counter: 45 out of 100
Updating learning rate to 6.36268544113595e-07
Epoch: 52 cost time: 0.875664234161377
Epoch: 52, Steps: 59 | Train Loss: 0.5642441 Vali Loss: 1.4910104 Test Loss: 0.4707178
EarlyStopping counter: 46 out of 100
Updating learning rate to 5.726416897022355e-07
Epoch: 53 cost time: 0.8854708671569824
Epoch: 53, Steps: 59 | Train Loss: 0.5647907 Vali Loss: 1.4936430 Test Loss: 0.4713149
EarlyStopping counter: 47 out of 100
Updating learning rate to 5.15377520732012e-07
Epoch: 54 cost time: 0.8692734241485596
Epoch: 54, Steps: 59 | Train Loss: 0.5646252 Vali Loss: 1.4877349 Test Loss: 0.4707540
EarlyStopping counter: 48 out of 100
Updating learning rate to 4.6383976865881085e-07
Epoch: 55 cost time: 0.8748447895050049
Epoch: 55, Steps: 59 | Train Loss: 0.5646607 Vali Loss: 1.4884388 Test Loss: 0.4709820
EarlyStopping counter: 49 out of 100
Updating learning rate to 4.174557917929298e-07
Epoch: 56 cost time: 0.8743622303009033
Epoch: 56, Steps: 59 | Train Loss: 0.5642943 Vali Loss: 1.4908102 Test Loss: 0.4716973
EarlyStopping counter: 50 out of 100
Updating learning rate to 3.7571021261363677e-07
Epoch: 57 cost time: 0.8837997913360596
Epoch: 57, Steps: 59 | Train Loss: 0.5644364 Vali Loss: 1.4902049 Test Loss: 0.4714157
EarlyStopping counter: 51 out of 100
Updating learning rate to 3.381391913522731e-07
Epoch: 58 cost time: 0.870596170425415
Epoch: 58, Steps: 59 | Train Loss: 0.5641767 Vali Loss: 1.4915435 Test Loss: 0.4718901
EarlyStopping counter: 52 out of 100
Updating learning rate to 3.043252722170458e-07
Epoch: 59 cost time: 0.8689885139465332
Epoch: 59, Steps: 59 | Train Loss: 0.5640353 Vali Loss: 1.4885392 Test Loss: 0.4710571
EarlyStopping counter: 53 out of 100
Updating learning rate to 2.7389274499534124e-07
Epoch: 60 cost time: 0.8688437938690186
Epoch: 60, Steps: 59 | Train Loss: 0.5645041 Vali Loss: 1.4907825 Test Loss: 0.4724458
EarlyStopping counter: 54 out of 100
Updating learning rate to 2.465034704958071e-07
Epoch: 61 cost time: 0.8807191848754883
Epoch: 61, Steps: 59 | Train Loss: 0.5642632 Vali Loss: 1.4867765 Test Loss: 0.4710253
EarlyStopping counter: 55 out of 100
Updating learning rate to 2.218531234462264e-07
Epoch: 62 cost time: 0.8733663558959961
Epoch: 62, Steps: 59 | Train Loss: 0.5642649 Vali Loss: 1.4946277 Test Loss: 0.4710653
EarlyStopping counter: 56 out of 100
Updating learning rate to 1.9966781110160376e-07
Epoch: 63 cost time: 0.8883752822875977
Epoch: 63, Steps: 59 | Train Loss: 0.5643007 Vali Loss: 1.4872227 Test Loss: 0.4715957
EarlyStopping counter: 57 out of 100
Updating learning rate to 1.797010299914434e-07
Epoch: 64 cost time: 0.8952815532684326
Epoch: 64, Steps: 59 | Train Loss: 0.5637846 Vali Loss: 1.4935390 Test Loss: 0.4711499
EarlyStopping counter: 58 out of 100
Updating learning rate to 1.6173092699229907e-07
Epoch: 65 cost time: 0.8852138519287109
Epoch: 65, Steps: 59 | Train Loss: 0.5646934 Vali Loss: 1.4948378 Test Loss: 0.4712449
EarlyStopping counter: 59 out of 100
Updating learning rate to 1.4555783429306916e-07
Epoch: 66 cost time: 0.8685874938964844
Epoch: 66, Steps: 59 | Train Loss: 0.5641999 Vali Loss: 1.4889131 Test Loss: 0.4711885
EarlyStopping counter: 60 out of 100
Updating learning rate to 1.3100205086376224e-07
Epoch: 67 cost time: 0.8670761585235596
Epoch: 67, Steps: 59 | Train Loss: 0.5641472 Vali Loss: 1.4915113 Test Loss: 0.4712771
EarlyStopping counter: 61 out of 100
Updating learning rate to 1.1790184577738603e-07
Epoch: 68 cost time: 0.8706939220428467
Epoch: 68, Steps: 59 | Train Loss: 0.5640295 Vali Loss: 1.4953692 Test Loss: 0.4721501
EarlyStopping counter: 62 out of 100
Updating learning rate to 1.0611166119964742e-07
Epoch: 69 cost time: 0.8752930164337158
Epoch: 69, Steps: 59 | Train Loss: 0.5641125 Vali Loss: 1.4950883 Test Loss: 0.4718159
EarlyStopping counter: 63 out of 100
Updating learning rate to 9.550049507968268e-08
Epoch: 70 cost time: 0.8705859184265137
Epoch: 70, Steps: 59 | Train Loss: 0.5637679 Vali Loss: 1.4924672 Test Loss: 0.4724859
EarlyStopping counter: 64 out of 100
Updating learning rate to 8.595044557171442e-08
Epoch: 71 cost time: 0.8654594421386719
Epoch: 71, Steps: 59 | Train Loss: 0.5645424 Vali Loss: 1.4954330 Test Loss: 0.4721160
EarlyStopping counter: 65 out of 100
Updating learning rate to 7.735540101454298e-08
Epoch: 72 cost time: 0.8650531768798828
Epoch: 72, Steps: 59 | Train Loss: 0.5638104 Vali Loss: 1.4908047 Test Loss: 0.4715853
EarlyStopping counter: 66 out of 100
Updating learning rate to 6.961986091308869e-08
Epoch: 73 cost time: 0.8759374618530273
Epoch: 73, Steps: 59 | Train Loss: 0.5642638 Vali Loss: 1.4931300 Test Loss: 0.4708883
EarlyStopping counter: 67 out of 100
Updating learning rate to 6.265787482177981e-08
Epoch: 74 cost time: 0.8758022785186768
Epoch: 74, Steps: 59 | Train Loss: 0.5636713 Vali Loss: 1.4885875 Test Loss: 0.4725531
EarlyStopping counter: 68 out of 100
Updating learning rate to 5.639208733960184e-08
Epoch: 75 cost time: 0.8673410415649414
Epoch: 75, Steps: 59 | Train Loss: 0.5645121 Vali Loss: 1.4957908 Test Loss: 0.4721791
EarlyStopping counter: 69 out of 100
Updating learning rate to 5.075287860564165e-08
Epoch: 76 cost time: 0.8685133457183838
Epoch: 76, Steps: 59 | Train Loss: 0.5643988 Vali Loss: 1.4948545 Test Loss: 0.4714539
EarlyStopping counter: 70 out of 100
Updating learning rate to 4.567759074507749e-08
Epoch: 77 cost time: 0.8717508316040039
Epoch: 77, Steps: 59 | Train Loss: 0.5643605 Vali Loss: 1.4859331 Test Loss: 0.4725985
EarlyStopping counter: 71 out of 100
Updating learning rate to 4.1109831670569744e-08
Epoch: 78 cost time: 0.8688676357269287
Epoch: 78, Steps: 59 | Train Loss: 0.5649918 Vali Loss: 1.4950984 Test Loss: 0.4715520
EarlyStopping counter: 72 out of 100
Updating learning rate to 3.6998848503512764e-08
Epoch: 79 cost time: 0.876209020614624
Epoch: 79, Steps: 59 | Train Loss: 0.5642922 Vali Loss: 1.4875119 Test Loss: 0.4715561
EarlyStopping counter: 73 out of 100
Updating learning rate to 3.3298963653161496e-08
Epoch: 80 cost time: 0.8917665481567383
Epoch: 80, Steps: 59 | Train Loss: 0.5646570 Vali Loss: 1.4960155 Test Loss: 0.4705752
EarlyStopping counter: 74 out of 100
Updating learning rate to 2.996906728784534e-08
Epoch: 81 cost time: 0.8833682537078857
Epoch: 81, Steps: 59 | Train Loss: 0.5647116 Vali Loss: 1.4944880 Test Loss: 0.4728454
EarlyStopping counter: 75 out of 100
Updating learning rate to 2.697216055906081e-08
Epoch: 82 cost time: 0.8651437759399414
Epoch: 82, Steps: 59 | Train Loss: 0.5642878 Vali Loss: 1.4926472 Test Loss: 0.4726777
EarlyStopping counter: 76 out of 100
Updating learning rate to 2.427494450315473e-08
Epoch: 83 cost time: 0.8636107444763184
Epoch: 83, Steps: 59 | Train Loss: 0.5642223 Vali Loss: 1.4944026 Test Loss: 0.4718704
EarlyStopping counter: 77 out of 100
Updating learning rate to 2.1847450052839257e-08
Epoch: 84 cost time: 0.8636901378631592
Epoch: 84, Steps: 59 | Train Loss: 0.5646362 Vali Loss: 1.4974692 Test Loss: 0.4713035
EarlyStopping counter: 78 out of 100
Updating learning rate to 1.9662705047555332e-08
Epoch: 85 cost time: 0.8699615001678467
Epoch: 85, Steps: 59 | Train Loss: 0.5638723 Vali Loss: 1.4895265 Test Loss: 0.4713434
EarlyStopping counter: 79 out of 100
Updating learning rate to 1.7696434542799797e-08
Epoch: 86 cost time: 0.8625571727752686
Epoch: 86, Steps: 59 | Train Loss: 0.5647800 Vali Loss: 1.4881098 Test Loss: 0.4711929
EarlyStopping counter: 80 out of 100
Updating learning rate to 1.5926791088519817e-08
Epoch: 87 cost time: 0.8671004772186279
Epoch: 87, Steps: 59 | Train Loss: 0.5641661 Vali Loss: 1.4893429 Test Loss: 0.4727327
EarlyStopping counter: 81 out of 100
Updating learning rate to 1.4334111979667836e-08
Epoch: 88 cost time: 0.8812341690063477
Epoch: 88, Steps: 59 | Train Loss: 0.5634260 Vali Loss: 1.4936935 Test Loss: 0.4716589
EarlyStopping counter: 82 out of 100
Updating learning rate to 1.2900700781701054e-08
Epoch: 89 cost time: 0.8716778755187988
Epoch: 89, Steps: 59 | Train Loss: 0.5633711 Vali Loss: 1.4896817 Test Loss: 0.4723098
EarlyStopping counter: 83 out of 100
Updating learning rate to 1.161063070353095e-08
Epoch: 90 cost time: 0.8760201930999756
Epoch: 90, Steps: 59 | Train Loss: 0.5639345 Vali Loss: 1.4907230 Test Loss: 0.4722921
EarlyStopping counter: 84 out of 100
Updating learning rate to 1.0449567633177854e-08
Epoch: 91 cost time: 0.9229350090026855
Epoch: 91, Steps: 59 | Train Loss: 0.5643167 Vali Loss: 1.4901634 Test Loss: 0.4714126
EarlyStopping counter: 85 out of 100
Updating learning rate to 9.404610869860069e-09
Epoch: 92 cost time: 0.8755331039428711
Epoch: 92, Steps: 59 | Train Loss: 0.5646121 Vali Loss: 1.4991387 Test Loss: 0.4721544
EarlyStopping counter: 86 out of 100
Updating learning rate to 8.464149782874063e-09
Epoch: 93 cost time: 0.879767894744873
Epoch: 93, Steps: 59 | Train Loss: 0.5648429 Vali Loss: 1.4856340 Test Loss: 0.4709279
EarlyStopping counter: 87 out of 100
Updating learning rate to 7.617734804586658e-09
Epoch: 94 cost time: 0.8908529281616211
Epoch: 94, Steps: 59 | Train Loss: 0.5643093 Vali Loss: 1.4952786 Test Loss: 0.4721838
EarlyStopping counter: 88 out of 100
Updating learning rate to 6.855961324127991e-09
Epoch: 95 cost time: 0.8739283084869385
Epoch: 95, Steps: 59 | Train Loss: 0.5640309 Vali Loss: 1.4954576 Test Loss: 0.4728172
EarlyStopping counter: 89 out of 100
Updating learning rate to 6.170365191715193e-09
Epoch: 96 cost time: 0.8704719543457031
Epoch: 96, Steps: 59 | Train Loss: 0.5648029 Vali Loss: 1.4923108 Test Loss: 0.4711314
EarlyStopping counter: 90 out of 100
Updating learning rate to 5.5533286725436726e-09
Epoch: 97 cost time: 0.8727257251739502
Epoch: 97, Steps: 59 | Train Loss: 0.5647027 Vali Loss: 1.4904234 Test Loss: 0.4713698
EarlyStopping counter: 91 out of 100
Updating learning rate to 4.997995805289306e-09
Epoch: 98 cost time: 0.8797895908355713
Epoch: 98, Steps: 59 | Train Loss: 0.5637866 Vali Loss: 1.4923303 Test Loss: 0.4701182
EarlyStopping counter: 92 out of 100
Updating learning rate to 4.498196224760375e-09
Epoch: 99 cost time: 0.8720059394836426
Epoch: 99, Steps: 59 | Train Loss: 0.5643811 Vali Loss: 1.4889170 Test Loss: 0.4719408
EarlyStopping counter: 93 out of 100
Updating learning rate to 4.048376602284338e-09
Epoch: 100 cost time: 0.8817176818847656
Epoch: 100, Steps: 59 | Train Loss: 0.5639086 Vali Loss: 1.4891438 Test Loss: 0.4716509
EarlyStopping counter: 94 out of 100
Updating learning rate to 3.643538942055904e-09
>>>>>>>testing : NL_etth1_flatten_lr0.00005_spc_336_720_PatchTST_ETTh1_ftM_sl336_ll48_pl720_dm16_nh4_el3_dl1_df128_fc1_ebtimeF_dtTruelr5e-05_polspc_Nested_Learning_0<<<<<<<<<<<<<<<<<<<<<<<<<<<<<<<<<
test 2161
 Ejecutando Inferencia DINÁMICA (Nested Learning con flatten)
  -> Política: spc | LR: 5e-05 | Target: head

RESUMEN: El CMS se actualizó 0 veces de 16 posibles.

mse:0.4495542347431183, mae:0.46590131521224976, rse:0.643985390663147
