==========================================================
SÚPER ARRAY TFG - TAREA ID: 90 / 113
Nodo: dionisio
Dataset: illness | Experimento: NL_illness_flatten_lr0.0001_always
Cabeza: flatten | LR: 0.0001 | Política: always
==========================================================
Args in experiment:
Namespace(random_seed=2021, is_training=1, model_id='NL_illness_flatten_lr0.0001_always_104_24', model='PatchTST', data='custom', root_path='./dataset/', data_path='national_illness.csv', features='M', target='OT', freq='h', checkpoints='./checkpoints/', seq_len=104, label_len=48, pred_len=24, head_type='flatten', cms_lr=0.0001, update_policy='always', fc_dropout=0.3, head_dropout=0.0, patch_len=24, stride=2, padding_patch='end', revin=1, affine=0, subtract_last=0, decomposition=0, kernel_size=25, individual=1, embed_type=0, enc_in=7, dec_in=7, c_out=7, d_model=16, n_heads=4, e_layers=3, d_layers=1, d_ff=128, moving_avg=25, factor=1, distil=True, dropout=0.3, embed='timeF', activation='gelu', output_attention=False, do_predict=False, num_workers=0, itr=1, train_epochs=100, batch_size=16, patience=100, learning_rate=0.0025, des='Nested_Learning', loss='mse', lradj='constant', pct_start=0.3, use_amp=False, use_gpu=True, gpu=0, use_multi_gpu=False, devices='0,1,2,3', test_flop=False)
Use GPU: cuda:0
>>>>>>>start training : NL_illness_flatten_lr0.0001_always_104_24_PatchTST_custom_ftM_sl104_ll48_pl24_dm16_nh4_el3_dl1_df128_fc1_ebtimeF_dtTruelr0.0001_pol_always_Nested_Learning_0>>>>>>>>>>>>>>>>>>>>>>>>>>
train 549
val 74
test 170
Epoch: 1 cost time: 4.757956027984619
Epoch: 1, Steps: 34 | Train Loss: 0.9465812 Vali Loss: 0.4922214 Test Loss: 3.0698276
Validation loss decreased (inf --> 0.492221).  Saving model ...
Updating learning rate to 0.0025
Epoch: 2 cost time: 1.1701908111572266
Epoch: 2, Steps: 34 | Train Loss: 0.8386586 Vali Loss: 0.5670941 Test Loss: 2.3995147
EarlyStopping counter: 1 out of 100
Updating learning rate to 0.0025
Epoch: 3 cost time: 1.1351287364959717
Epoch: 3, Steps: 34 | Train Loss: 0.5520812 Vali Loss: 0.2528283 Test Loss: 1.5264474
Validation loss decreased (0.492221 --> 0.252828).  Saving model ...
Updating learning rate to 0.0025
Epoch: 4 cost time: 1.1550540924072266
Epoch: 4, Steps: 34 | Train Loss: 0.4411460 Vali Loss: 0.3349815 Test Loss: 2.1098328
EarlyStopping counter: 1 out of 100
Updating learning rate to 0.0025
Epoch: 5 cost time: 1.131096363067627
Epoch: 5, Steps: 34 | Train Loss: 0.4050589 Vali Loss: 0.2967851 Test Loss: 2.2025850
EarlyStopping counter: 2 out of 100
Updating learning rate to 0.0025
Epoch: 6 cost time: 1.1381254196166992
Epoch: 6, Steps: 34 | Train Loss: 0.3821165 Vali Loss: 0.2476390 Test Loss: 1.8392441
Validation loss decreased (0.252828 --> 0.247639).  Saving model ...
Updating learning rate to 0.0025
Epoch: 7 cost time: 1.1482973098754883
Epoch: 7, Steps: 34 | Train Loss: 0.3395178 Vali Loss: 0.2317263 Test Loss: 1.7909200
Validation loss decreased (0.247639 --> 0.231726).  Saving model ...
Updating learning rate to 0.0025
Epoch: 8 cost time: 1.1589200496673584
Epoch: 8, Steps: 34 | Train Loss: 0.3168908 Vali Loss: 0.2793510 Test Loss: 1.9574988
EarlyStopping counter: 1 out of 100
Updating learning rate to 0.0025
Epoch: 9 cost time: 1.1460683345794678
Epoch: 9, Steps: 34 | Train Loss: 0.2967016 Vali Loss: 0.2387201 Test Loss: 1.9128968
EarlyStopping counter: 2 out of 100
Updating learning rate to 0.0025
Epoch: 10 cost time: 1.1424996852874756
Epoch: 10, Steps: 34 | Train Loss: 0.2752383 Vali Loss: 0.1865430 Test Loss: 1.7428267
Validation loss decreased (0.231726 --> 0.186543).  Saving model ...
Updating learning rate to 0.0025
Epoch: 11 cost time: 1.1571977138519287
Epoch: 11, Steps: 34 | Train Loss: 0.2641829 Vali Loss: 0.1973336 Test Loss: 1.7843082
EarlyStopping counter: 1 out of 100
Updating learning rate to 0.0025
Epoch: 12 cost time: 1.1372323036193848
Epoch: 12, Steps: 34 | Train Loss: 0.2652324 Vali Loss: 0.2419878 Test Loss: 1.6665611
EarlyStopping counter: 2 out of 100
Updating learning rate to 0.0025
Epoch: 13 cost time: 1.137247085571289
Epoch: 13, Steps: 34 | Train Loss: 0.2360830 Vali Loss: 0.2094265 Test Loss: 1.7176040
EarlyStopping counter: 3 out of 100
Updating learning rate to 0.0025
Epoch: 14 cost time: 1.1265182495117188
Epoch: 14, Steps: 34 | Train Loss: 0.2206496 Vali Loss: 0.2003972 Test Loss: 1.5405304
EarlyStopping counter: 4 out of 100
Updating learning rate to 0.0025
Epoch: 15 cost time: 1.143214464187622
Epoch: 15, Steps: 34 | Train Loss: 0.2119419 Vali Loss: 0.2353352 Test Loss: 1.8066623
EarlyStopping counter: 5 out of 100
Updating learning rate to 0.0025
Epoch: 16 cost time: 1.138192892074585
Epoch: 16, Steps: 34 | Train Loss: 0.2018654 Vali Loss: 0.2112495 Test Loss: 1.4513346
EarlyStopping counter: 6 out of 100
Updating learning rate to 0.0025
Epoch: 17 cost time: 1.1456363201141357
Epoch: 17, Steps: 34 | Train Loss: 0.2092427 Vali Loss: 0.2449507 Test Loss: 1.7063053
EarlyStopping counter: 7 out of 100
Updating learning rate to 0.0025
Epoch: 18 cost time: 1.134213924407959
Epoch: 18, Steps: 34 | Train Loss: 0.1986124 Vali Loss: 0.2224484 Test Loss: 1.4883010
EarlyStopping counter: 8 out of 100
Updating learning rate to 0.0025
Epoch: 19 cost time: 1.1341729164123535
Epoch: 19, Steps: 34 | Train Loss: 0.1946836 Vali Loss: 0.2209097 Test Loss: 1.6128380
EarlyStopping counter: 9 out of 100
Updating learning rate to 0.0025
Epoch: 20 cost time: 1.135335922241211
Epoch: 20, Steps: 34 | Train Loss: 0.1850386 Vali Loss: 0.2293275 Test Loss: 1.6214691
EarlyStopping counter: 10 out of 100
Updating learning rate to 0.0025
Epoch: 21 cost time: 1.1392107009887695
Epoch: 21, Steps: 34 | Train Loss: 0.1783258 Vali Loss: 0.2319673 Test Loss: 1.4220374
EarlyStopping counter: 11 out of 100
Updating learning rate to 0.0025
Epoch: 22 cost time: 1.136594295501709
Epoch: 22, Steps: 34 | Train Loss: 0.1724558 Vali Loss: 0.2285858 Test Loss: 1.5014836
EarlyStopping counter: 12 out of 100
Updating learning rate to 0.0025
Epoch: 23 cost time: 1.145944595336914
Epoch: 23, Steps: 34 | Train Loss: 0.1669775 Vali Loss: 0.2265774 Test Loss: 1.4090066
EarlyStopping counter: 13 out of 100
Updating learning rate to 0.0025
Epoch: 24 cost time: 1.1400666236877441
Epoch: 24, Steps: 34 | Train Loss: 0.1593786 Vali Loss: 0.2355926 Test Loss: 1.5388603
EarlyStopping counter: 14 out of 100
Updating learning rate to 0.0025
Epoch: 25 cost time: 1.139009714126587
Epoch: 25, Steps: 34 | Train Loss: 0.1538846 Vali Loss: 0.2357146 Test Loss: 1.4928157
EarlyStopping counter: 15 out of 100
Updating learning rate to 0.0025
Epoch: 26 cost time: 1.1354689598083496
Epoch: 26, Steps: 34 | Train Loss: 0.1485236 Vali Loss: 0.2430921 Test Loss: 1.4863431
EarlyStopping counter: 16 out of 100
Updating learning rate to 0.0025
Epoch: 27 cost time: 1.134220838546753
Epoch: 27, Steps: 34 | Train Loss: 0.1538534 Vali Loss: 0.2376466 Test Loss: 1.4327751
EarlyStopping counter: 17 out of 100
Updating learning rate to 0.0025
Epoch: 28 cost time: 1.1501424312591553
Epoch: 28, Steps: 34 | Train Loss: 0.1543026 Vali Loss: 0.2247264 Test Loss: 1.4659667
EarlyStopping counter: 18 out of 100
Updating learning rate to 0.0025
Epoch: 29 cost time: 1.159799337387085
Epoch: 29, Steps: 34 | Train Loss: 0.1480677 Vali Loss: 0.2309140 Test Loss: 1.5538930
EarlyStopping counter: 19 out of 100
Updating learning rate to 0.0025
Epoch: 30 cost time: 1.1525464057922363
Epoch: 30, Steps: 34 | Train Loss: 0.1451738 Vali Loss: 0.2405961 Test Loss: 1.3755651
EarlyStopping counter: 20 out of 100
Updating learning rate to 0.0025
Epoch: 31 cost time: 1.1463508605957031
Epoch: 31, Steps: 34 | Train Loss: 0.1474669 Vali Loss: 0.2369185 Test Loss: 1.3555517
EarlyStopping counter: 21 out of 100
Updating learning rate to 0.0025
Epoch: 32 cost time: 1.167696237564087
Epoch: 32, Steps: 34 | Train Loss: 0.1390380 Vali Loss: 0.2354511 Test Loss: 1.5128831
EarlyStopping counter: 22 out of 100
Updating learning rate to 0.0025
Epoch: 33 cost time: 1.137739658355713
Epoch: 33, Steps: 34 | Train Loss: 0.1363006 Vali Loss: 0.2414123 Test Loss: 1.4029230
EarlyStopping counter: 23 out of 100
Updating learning rate to 0.0025
Epoch: 34 cost time: 1.1286370754241943
Epoch: 34, Steps: 34 | Train Loss: 0.1371933 Vali Loss: 0.2351494 Test Loss: 1.4631268
EarlyStopping counter: 24 out of 100
Updating learning rate to 0.0025
Epoch: 35 cost time: 1.141575574874878
Epoch: 35, Steps: 34 | Train Loss: 0.1437423 Vali Loss: 0.2185299 Test Loss: 1.4132713
EarlyStopping counter: 25 out of 100
Updating learning rate to 0.0025
Epoch: 36 cost time: 1.1277272701263428
Epoch: 36, Steps: 34 | Train Loss: 0.1359447 Vali Loss: 0.2315310 Test Loss: 1.3878626
EarlyStopping counter: 26 out of 100
Updating learning rate to 0.0025
Epoch: 37 cost time: 1.1321308612823486
Epoch: 37, Steps: 34 | Train Loss: 0.1288734 Vali Loss: 0.2384053 Test Loss: 1.3290341
EarlyStopping counter: 27 out of 100
Updating learning rate to 0.0025
Epoch: 38 cost time: 1.13511061668396
Epoch: 38, Steps: 34 | Train Loss: 0.1285127 Vali Loss: 0.2557083 Test Loss: 1.2872418
EarlyStopping counter: 28 out of 100
Updating learning rate to 0.0025
Epoch: 39 cost time: 1.1473290920257568
Epoch: 39, Steps: 34 | Train Loss: 0.1235309 Vali Loss: 0.2607535 Test Loss: 1.3518581
EarlyStopping counter: 29 out of 100
Updating learning rate to 0.0025
Epoch: 40 cost time: 1.1378889083862305
Epoch: 40, Steps: 34 | Train Loss: 0.1276727 Vali Loss: 0.2544384 Test Loss: 1.4003417
EarlyStopping counter: 30 out of 100
Updating learning rate to 0.0025
Epoch: 41 cost time: 1.1345462799072266
Epoch: 41, Steps: 34 | Train Loss: 0.1213145 Vali Loss: 0.2567874 Test Loss: 1.3688490
EarlyStopping counter: 31 out of 100
Updating learning rate to 0.0025
Epoch: 42 cost time: 1.1269025802612305
Epoch: 42, Steps: 34 | Train Loss: 0.1196233 Vali Loss: 0.2487593 Test Loss: 1.3773894
EarlyStopping counter: 32 out of 100
Updating learning rate to 0.0025
Epoch: 43 cost time: 1.127025842666626
Epoch: 43, Steps: 34 | Train Loss: 0.1212794 Vali Loss: 0.2777890 Test Loss: 1.7081540
EarlyStopping counter: 33 out of 100
Updating learning rate to 0.0025
Epoch: 44 cost time: 1.1192317008972168
Epoch: 44, Steps: 34 | Train Loss: 0.1214813 Vali Loss: 0.2593206 Test Loss: 1.3668810
EarlyStopping counter: 34 out of 100
Updating learning rate to 0.0025
Epoch: 45 cost time: 1.1302776336669922
Epoch: 45, Steps: 34 | Train Loss: 0.1179182 Vali Loss: 0.2636656 Test Loss: 1.3640774
EarlyStopping counter: 35 out of 100
Updating learning rate to 0.0025
Epoch: 46 cost time: 1.1440694332122803
Epoch: 46, Steps: 34 | Train Loss: 0.1124345 Vali Loss: 0.2661326 Test Loss: 1.4524261
EarlyStopping counter: 36 out of 100
Updating learning rate to 0.0025
Epoch: 47 cost time: 1.1376824378967285
Epoch: 47, Steps: 34 | Train Loss: 0.1149623 Vali Loss: 0.2693341 Test Loss: 1.2730217
EarlyStopping counter: 37 out of 100
Updating learning rate to 0.0025
Epoch: 48 cost time: 1.1349191665649414
Epoch: 48, Steps: 34 | Train Loss: 0.1142920 Vali Loss: 0.2871211 Test Loss: 1.4212511
EarlyStopping counter: 38 out of 100
Updating learning rate to 0.0025
Epoch: 49 cost time: 1.140608549118042
Epoch: 49, Steps: 34 | Train Loss: 0.1087205 Vali Loss: 0.2413434 Test Loss: 1.3412594
EarlyStopping counter: 39 out of 100
Updating learning rate to 0.0025
Epoch: 50 cost time: 1.1334195137023926
Epoch: 50, Steps: 34 | Train Loss: 0.1083850 Vali Loss: 0.2808131 Test Loss: 1.3218588
EarlyStopping counter: 40 out of 100
Updating learning rate to 0.0025
Epoch: 51 cost time: 1.136017084121704
Epoch: 51, Steps: 34 | Train Loss: 0.1081181 Vali Loss: 0.2891124 Test Loss: 1.3433422
EarlyStopping counter: 41 out of 100
Updating learning rate to 0.0025
Epoch: 52 cost time: 1.1357650756835938
Epoch: 52, Steps: 34 | Train Loss: 0.1087452 Vali Loss: 0.2861450 Test Loss: 1.4822272
EarlyStopping counter: 42 out of 100
Updating learning rate to 0.0025
Epoch: 53 cost time: 1.1403617858886719
Epoch: 53, Steps: 34 | Train Loss: 0.1103702 Vali Loss: 0.3033955 Test Loss: 1.3497964
EarlyStopping counter: 43 out of 100
Updating learning rate to 0.0025
Epoch: 54 cost time: 1.137202262878418
Epoch: 54, Steps: 34 | Train Loss: 0.1080770 Vali Loss: 0.2813136 Test Loss: 1.3575319
EarlyStopping counter: 44 out of 100
Updating learning rate to 0.0025
Epoch: 55 cost time: 1.1268479824066162
Epoch: 55, Steps: 34 | Train Loss: 0.1028557 Vali Loss: 0.2700079 Test Loss: 1.3816607
EarlyStopping counter: 45 out of 100
Updating learning rate to 0.0025
Epoch: 56 cost time: 1.1326355934143066
Epoch: 56, Steps: 34 | Train Loss: 0.1025878 Vali Loss: 0.2720179 Test Loss: 1.4344852
EarlyStopping counter: 46 out of 100
Updating learning rate to 0.0025
Epoch: 57 cost time: 1.14339017868042
Epoch: 57, Steps: 34 | Train Loss: 0.0999346 Vali Loss: 0.2533470 Test Loss: 1.3114079
EarlyStopping counter: 47 out of 100
Updating learning rate to 0.0025
Epoch: 58 cost time: 1.1339914798736572
Epoch: 58, Steps: 34 | Train Loss: 0.1011624 Vali Loss: 0.2724602 Test Loss: 1.4080745
EarlyStopping counter: 48 out of 100
Updating learning rate to 0.0025
Epoch: 59 cost time: 1.1360962390899658
Epoch: 59, Steps: 34 | Train Loss: 0.1031960 Vali Loss: 0.2678359 Test Loss: 1.3048618
EarlyStopping counter: 49 out of 100
Updating learning rate to 0.0025
Epoch: 60 cost time: 1.1423935890197754
Epoch: 60, Steps: 34 | Train Loss: 0.1006687 Vali Loss: 0.2628794 Test Loss: 1.3824983
EarlyStopping counter: 50 out of 100
Updating learning rate to 0.0025
Epoch: 61 cost time: 1.1391303539276123
Epoch: 61, Steps: 34 | Train Loss: 0.1020452 Vali Loss: 0.2918743 Test Loss: 1.2572166
EarlyStopping counter: 51 out of 100
Updating learning rate to 0.0025
Epoch: 62 cost time: 1.1396727561950684
Epoch: 62, Steps: 34 | Train Loss: 0.0947482 Vali Loss: 0.2932920 Test Loss: 1.3197348
EarlyStopping counter: 52 out of 100
Updating learning rate to 0.0025
Epoch: 63 cost time: 1.1478748321533203
Epoch: 63, Steps: 34 | Train Loss: 0.1029275 Vali Loss: 0.2619365 Test Loss: 1.3954898
EarlyStopping counter: 53 out of 100
Updating learning rate to 0.0025
Epoch: 64 cost time: 1.1442201137542725
Epoch: 64, Steps: 34 | Train Loss: 0.1006550 Vali Loss: 0.3018280 Test Loss: 1.3757370
EarlyStopping counter: 54 out of 100
Updating learning rate to 0.0025
Epoch: 65 cost time: 1.137601375579834
Epoch: 65, Steps: 34 | Train Loss: 0.0946699 Vali Loss: 0.2737655 Test Loss: 1.4054124
EarlyStopping counter: 55 out of 100
Updating learning rate to 0.0025
Epoch: 66 cost time: 1.1352572441101074
Epoch: 66, Steps: 34 | Train Loss: 0.0937000 Vali Loss: 0.2775536 Test Loss: 1.3285824
EarlyStopping counter: 56 out of 100
Updating learning rate to 0.0025
Epoch: 67 cost time: 1.1366615295410156
Epoch: 67, Steps: 34 | Train Loss: 0.0926567 Vali Loss: 0.2895397 Test Loss: 1.4622412
EarlyStopping counter: 57 out of 100
Updating learning rate to 0.0025
Epoch: 68 cost time: 1.1395933628082275
Epoch: 68, Steps: 34 | Train Loss: 0.0921568 Vali Loss: 0.2951891 Test Loss: 1.3245220
EarlyStopping counter: 58 out of 100
Updating learning rate to 0.0025
Epoch: 69 cost time: 1.1303222179412842
Epoch: 69, Steps: 34 | Train Loss: 0.0954763 Vali Loss: 0.2963800 Test Loss: 1.4783262
EarlyStopping counter: 59 out of 100
Updating learning rate to 0.0025
Epoch: 70 cost time: 1.1368229389190674
Epoch: 70, Steps: 34 | Train Loss: 0.1011479 Vali Loss: 0.3052385 Test Loss: 1.3931422
EarlyStopping counter: 60 out of 100
Updating learning rate to 0.0025
Epoch: 71 cost time: 1.1405982971191406
Epoch: 71, Steps: 34 | Train Loss: 0.0920345 Vali Loss: 0.3036698 Test Loss: 1.3454186
EarlyStopping counter: 61 out of 100
Updating learning rate to 0.0025
Epoch: 72 cost time: 1.1342051029205322
Epoch: 72, Steps: 34 | Train Loss: 0.0921274 Vali Loss: 0.3073571 Test Loss: 1.5268729
EarlyStopping counter: 62 out of 100
Updating learning rate to 0.0025
Epoch: 73 cost time: 1.1367518901824951
Epoch: 73, Steps: 34 | Train Loss: 0.0991920 Vali Loss: 0.3199673 Test Loss: 1.3288387
EarlyStopping counter: 63 out of 100
Updating learning rate to 0.0025
Epoch: 74 cost time: 1.1278660297393799
Epoch: 74, Steps: 34 | Train Loss: 0.0906739 Vali Loss: 0.2953864 Test Loss: 1.3850559
EarlyStopping counter: 64 out of 100
Updating learning rate to 0.0025
Epoch: 75 cost time: 1.1287505626678467
Epoch: 75, Steps: 34 | Train Loss: 0.0884931 Vali Loss: 0.2976959 Test Loss: 1.4559324
EarlyStopping counter: 65 out of 100
Updating learning rate to 0.0025
Epoch: 76 cost time: 1.1745245456695557
Epoch: 76, Steps: 34 | Train Loss: 0.0906627 Vali Loss: 0.2890088 Test Loss: 1.2473967
EarlyStopping counter: 66 out of 100
Updating learning rate to 0.0025
Epoch: 77 cost time: 1.1443455219268799
Epoch: 77, Steps: 34 | Train Loss: 0.0909428 Vali Loss: 0.3073710 Test Loss: 1.4478879
EarlyStopping counter: 67 out of 100
Updating learning rate to 0.0025
Epoch: 78 cost time: 1.1665050983428955
Epoch: 78, Steps: 34 | Train Loss: 0.0852158 Vali Loss: 0.3119562 Test Loss: 1.4739511
EarlyStopping counter: 68 out of 100
Updating learning rate to 0.0025
Epoch: 79 cost time: 1.1558613777160645
Epoch: 79, Steps: 34 | Train Loss: 0.0889527 Vali Loss: 0.2950914 Test Loss: 1.2954001
EarlyStopping counter: 69 out of 100
Updating learning rate to 0.0025
Epoch: 80 cost time: 1.160341739654541
Epoch: 80, Steps: 34 | Train Loss: 0.0873342 Vali Loss: 0.2857324 Test Loss: 1.4341654
EarlyStopping counter: 70 out of 100
Updating learning rate to 0.0025
Epoch: 81 cost time: 1.1510899066925049
Epoch: 81, Steps: 34 | Train Loss: 0.0879681 Vali Loss: 0.2827916 Test Loss: 1.3797656
EarlyStopping counter: 71 out of 100
Updating learning rate to 0.0025
Epoch: 82 cost time: 1.1426019668579102
Epoch: 82, Steps: 34 | Train Loss: 0.0884945 Vali Loss: 0.3113439 Test Loss: 1.4509648
EarlyStopping counter: 72 out of 100
Updating learning rate to 0.0025
Epoch: 83 cost time: 1.1363277435302734
Epoch: 83, Steps: 34 | Train Loss: 0.0884060 Vali Loss: 0.3283966 Test Loss: 1.2869257
EarlyStopping counter: 73 out of 100
Updating learning rate to 0.0025
Epoch: 84 cost time: 1.124617338180542
Epoch: 84, Steps: 34 | Train Loss: 0.0837972 Vali Loss: 0.3096583 Test Loss: 1.5259604
EarlyStopping counter: 74 out of 100
Updating learning rate to 0.0025
Epoch: 85 cost time: 1.143596887588501
Epoch: 85, Steps: 34 | Train Loss: 0.0835350 Vali Loss: 0.3554973 Test Loss: 1.4294970
EarlyStopping counter: 75 out of 100
Updating learning rate to 0.0025
Epoch: 86 cost time: 1.139869213104248
Epoch: 86, Steps: 34 | Train Loss: 0.0879964 Vali Loss: 0.3030351 Test Loss: 1.3718950
EarlyStopping counter: 76 out of 100
Updating learning rate to 0.0025
Epoch: 87 cost time: 1.1373393535614014
Epoch: 87, Steps: 34 | Train Loss: 0.0904324 Vali Loss: 0.2912774 Test Loss: 1.4528265
EarlyStopping counter: 77 out of 100
Updating learning rate to 0.0025
Epoch: 88 cost time: 1.139087438583374
Epoch: 88, Steps: 34 | Train Loss: 0.0861058 Vali Loss: 0.2770754 Test Loss: 1.5381525
EarlyStopping counter: 78 out of 100
Updating learning rate to 0.0025
Epoch: 89 cost time: 1.1358015537261963
Epoch: 89, Steps: 34 | Train Loss: 0.0825637 Vali Loss: 0.3286722 Test Loss: 1.4365782
EarlyStopping counter: 79 out of 100
Updating learning rate to 0.0025
Epoch: 90 cost time: 1.1428239345550537
Epoch: 90, Steps: 34 | Train Loss: 0.0821423 Vali Loss: 0.3113207 Test Loss: 1.4539123
EarlyStopping counter: 80 out of 100
Updating learning rate to 0.0025
Epoch: 91 cost time: 1.1206417083740234
Epoch: 91, Steps: 34 | Train Loss: 0.0839928 Vali Loss: 0.2843444 Test Loss: 1.4326491
EarlyStopping counter: 81 out of 100
Updating learning rate to 0.0025
Epoch: 92 cost time: 1.137434959411621
Epoch: 92, Steps: 34 | Train Loss: 0.0807176 Vali Loss: 0.2790285 Test Loss: 1.3849393
EarlyStopping counter: 82 out of 100
Updating learning rate to 0.0025
Epoch: 93 cost time: 1.1298866271972656
Epoch: 93, Steps: 34 | Train Loss: 0.0853935 Vali Loss: 0.2967473 Test Loss: 1.4806770
EarlyStopping counter: 83 out of 100
Updating learning rate to 0.0025
Epoch: 94 cost time: 1.1282939910888672
Epoch: 94, Steps: 34 | Train Loss: 0.0824523 Vali Loss: 0.3251719 Test Loss: 1.4683729
EarlyStopping counter: 84 out of 100
Updating learning rate to 0.0025
Epoch: 95 cost time: 1.1271286010742188
Epoch: 95, Steps: 34 | Train Loss: 0.0799456 Vali Loss: 0.2929686 Test Loss: 1.3306677
EarlyStopping counter: 85 out of 100
Updating learning rate to 0.0025
Epoch: 96 cost time: 1.142528772354126
Epoch: 96, Steps: 34 | Train Loss: 0.0794361 Vali Loss: 0.3332705 Test Loss: 1.4907750
EarlyStopping counter: 86 out of 100
Updating learning rate to 0.0025
Epoch: 97 cost time: 1.1212193965911865
Epoch: 97, Steps: 34 | Train Loss: 0.0780151 Vali Loss: 0.3222064 Test Loss: 1.5268428
EarlyStopping counter: 87 out of 100
Updating learning rate to 0.0025
Epoch: 98 cost time: 1.1324172019958496
Epoch: 98, Steps: 34 | Train Loss: 0.0785542 Vali Loss: 0.3030623 Test Loss: 1.3883009
EarlyStopping counter: 88 out of 100
Updating learning rate to 0.0025
Epoch: 99 cost time: 1.135772466659546
Epoch: 99, Steps: 34 | Train Loss: 0.0804228 Vali Loss: 0.3237860 Test Loss: 1.4587369
EarlyStopping counter: 89 out of 100
Updating learning rate to 0.0025
Epoch: 100 cost time: 1.1392385959625244
Epoch: 100, Steps: 34 | Train Loss: 0.0801972 Vali Loss: 0.2971412 Test Loss: 1.3801390
EarlyStopping counter: 90 out of 100
Updating learning rate to 0.0025
>>>>>>>testing : NL_illness_flatten_lr0.0001_always_104_24_PatchTST_custom_ftM_sl104_ll48_pl24_dm16_nh4_el3_dl1_df128_fc1_ebtimeF_dtTruelr0.0001_pol_always_Nested_Learning_0<<<<<<<<<<<<<<<<<<<<<<<<<<<<<<<<<
test 170
 Ejecutando Inferencia DINÁMICA (Nested Learning con flatten)
  -> Política: always | LR: 0.0001 | Target: head

RESUMEN: El CMS se actualizó 10 veces de 10 posibles.

mse:1.68753981590271, mae:0.8527039885520935, rse:0.6269009709358215
Args in experiment:
Namespace(random_seed=2021, is_training=1, model_id='NL_illness_flatten_lr0.0001_always_104_36', model='PatchTST', data='custom', root_path='./dataset/', data_path='national_illness.csv', features='M', target='OT', freq='h', checkpoints='./checkpoints/', seq_len=104, label_len=48, pred_len=36, head_type='flatten', cms_lr=0.0001, update_policy='always', fc_dropout=0.3, head_dropout=0.0, patch_len=24, stride=2, padding_patch='end', revin=1, affine=0, subtract_last=0, decomposition=0, kernel_size=25, individual=1, embed_type=0, enc_in=7, dec_in=7, c_out=7, d_model=16, n_heads=4, e_layers=3, d_layers=1, d_ff=128, moving_avg=25, factor=1, distil=True, dropout=0.3, embed='timeF', activation='gelu', output_attention=False, do_predict=False, num_workers=0, itr=1, train_epochs=100, batch_size=16, patience=100, learning_rate=0.0025, des='Nested_Learning', loss='mse', lradj='constant', pct_start=0.3, use_amp=False, use_gpu=True, gpu=0, use_multi_gpu=False, devices='0,1,2,3', test_flop=False)
Use GPU: cuda:0
>>>>>>>start training : NL_illness_flatten_lr0.0001_always_104_36_PatchTST_custom_ftM_sl104_ll48_pl36_dm16_nh4_el3_dl1_df128_fc1_ebtimeF_dtTruelr0.0001_pol_always_Nested_Learning_0>>>>>>>>>>>>>>>>>>>>>>>>>>
train 537
val 62
test 158
Epoch: 1 cost time: 1.4356961250305176
Epoch: 1, Steps: 33 | Train Loss: 0.9941866 Vali Loss: 0.4177272 Test Loss: 3.1797676
Validation loss decreased (inf --> 0.417727).  Saving model ...
Updating learning rate to 0.0025
Epoch: 2 cost time: 1.1491124629974365
Epoch: 2, Steps: 33 | Train Loss: 0.8118776 Vali Loss: 0.4717833 Test Loss: 2.0122290
EarlyStopping counter: 1 out of 100
Updating learning rate to 0.0025
Epoch: 3 cost time: 1.120272159576416
Epoch: 3, Steps: 33 | Train Loss: 0.5723790 Vali Loss: 0.2530867 Test Loss: 1.7224648
Validation loss decreased (0.417727 --> 0.253087).  Saving model ...
Updating learning rate to 0.0025
Epoch: 4 cost time: 1.142462968826294
Epoch: 4, Steps: 33 | Train Loss: 0.4845411 Vali Loss: 0.2678213 Test Loss: 1.6823297
EarlyStopping counter: 1 out of 100
Updating learning rate to 0.0025
Epoch: 5 cost time: 1.134387731552124
Epoch: 5, Steps: 33 | Train Loss: 0.4275102 Vali Loss: 0.3155703 Test Loss: 2.0262020
EarlyStopping counter: 2 out of 100
Updating learning rate to 0.0025
Epoch: 6 cost time: 1.1254448890686035
Epoch: 6, Steps: 33 | Train Loss: 0.3966231 Vali Loss: 0.2808603 Test Loss: 1.6874838
EarlyStopping counter: 3 out of 100
Updating learning rate to 0.0025
Epoch: 7 cost time: 1.0966098308563232
Epoch: 7, Steps: 33 | Train Loss: 0.3662845 Vali Loss: 0.2463207 Test Loss: 1.5606709
Validation loss decreased (0.253087 --> 0.246321).  Saving model ...
Updating learning rate to 0.0025
Epoch: 8 cost time: 1.1292927265167236
Epoch: 8, Steps: 33 | Train Loss: 0.3416062 Vali Loss: 0.1990063 Test Loss: 1.4365560
Validation loss decreased (0.246321 --> 0.199006).  Saving model ...
Updating learning rate to 0.0025
Epoch: 9 cost time: 1.123878002166748
Epoch: 9, Steps: 33 | Train Loss: 0.3172392 Vali Loss: 0.2611418 Test Loss: 1.6519997
EarlyStopping counter: 1 out of 100
Updating learning rate to 0.0025
Epoch: 10 cost time: 1.0994179248809814
Epoch: 10, Steps: 33 | Train Loss: 0.2988035 Vali Loss: 0.2791240 Test Loss: 1.6483749
EarlyStopping counter: 2 out of 100
Updating learning rate to 0.0025
Epoch: 11 cost time: 1.0967066287994385
Epoch: 11, Steps: 33 | Train Loss: 0.2725085 Vali Loss: 0.2578403 Test Loss: 1.4013759
EarlyStopping counter: 3 out of 100
Updating learning rate to 0.0025
Epoch: 12 cost time: 1.102975845336914
Epoch: 12, Steps: 33 | Train Loss: 0.2534457 Vali Loss: 0.2610579 Test Loss: 1.6206293
EarlyStopping counter: 4 out of 100
Updating learning rate to 0.0025
Epoch: 13 cost time: 1.0984430313110352
Epoch: 13, Steps: 33 | Train Loss: 0.2569684 Vali Loss: 0.2340345 Test Loss: 1.2241176
EarlyStopping counter: 5 out of 100
Updating learning rate to 0.0025
Epoch: 14 cost time: 1.0945501327514648
Epoch: 14, Steps: 33 | Train Loss: 0.2519191 Vali Loss: 0.2165971 Test Loss: 1.2554511
EarlyStopping counter: 6 out of 100
Updating learning rate to 0.0025
Epoch: 15 cost time: 1.0958294868469238
Epoch: 15, Steps: 33 | Train Loss: 0.2346178 Vali Loss: 0.2507505 Test Loss: 1.3427896
EarlyStopping counter: 7 out of 100
Updating learning rate to 0.0025
Epoch: 16 cost time: 1.1016919612884521
Epoch: 16, Steps: 33 | Train Loss: 0.2243330 Vali Loss: 0.2335029 Test Loss: 1.2201710
EarlyStopping counter: 8 out of 100
Updating learning rate to 0.0025
Epoch: 17 cost time: 1.1028409004211426
Epoch: 17, Steps: 33 | Train Loss: 0.2118170 Vali Loss: 0.2338941 Test Loss: 1.2446945
EarlyStopping counter: 9 out of 100
Updating learning rate to 0.0025
Epoch: 18 cost time: 1.096877098083496
Epoch: 18, Steps: 33 | Train Loss: 0.2063594 Vali Loss: 0.2347625 Test Loss: 1.3644994
EarlyStopping counter: 10 out of 100
Updating learning rate to 0.0025
Epoch: 19 cost time: 1.1035377979278564
Epoch: 19, Steps: 33 | Train Loss: 0.1993795 Vali Loss: 0.2207394 Test Loss: 1.2804488
EarlyStopping counter: 11 out of 100
Updating learning rate to 0.0025
Epoch: 20 cost time: 1.0938465595245361
Epoch: 20, Steps: 33 | Train Loss: 0.1877166 Vali Loss: 0.2340815 Test Loss: 1.2149423
EarlyStopping counter: 12 out of 100
Updating learning rate to 0.0025
Epoch: 21 cost time: 1.1014330387115479
Epoch: 21, Steps: 33 | Train Loss: 0.1930014 Vali Loss: 0.2460594 Test Loss: 1.1572533
EarlyStopping counter: 13 out of 100
Updating learning rate to 0.0025
Epoch: 22 cost time: 1.0974090099334717
Epoch: 22, Steps: 33 | Train Loss: 0.1866094 Vali Loss: 0.2215209 Test Loss: 1.2439870
EarlyStopping counter: 14 out of 100
Updating learning rate to 0.0025
Epoch: 23 cost time: 1.1036784648895264
Epoch: 23, Steps: 33 | Train Loss: 0.1735805 Vali Loss: 0.2585205 Test Loss: 1.3369725
EarlyStopping counter: 15 out of 100
Updating learning rate to 0.0025
Epoch: 24 cost time: 1.0925471782684326
Epoch: 24, Steps: 33 | Train Loss: 0.1644173 Vali Loss: 0.2370993 Test Loss: 1.2318439
EarlyStopping counter: 16 out of 100
Updating learning rate to 0.0025
Epoch: 25 cost time: 1.0952198505401611
Epoch: 25, Steps: 33 | Train Loss: 0.1704830 Vali Loss: 0.2675206 Test Loss: 1.3298873
EarlyStopping counter: 17 out of 100
Updating learning rate to 0.0025
Epoch: 26 cost time: 1.1030526161193848
Epoch: 26, Steps: 33 | Train Loss: 0.1819794 Vali Loss: 0.2551830 Test Loss: 1.1029428
EarlyStopping counter: 18 out of 100
Updating learning rate to 0.0025
Epoch: 27 cost time: 1.1007401943206787
Epoch: 27, Steps: 33 | Train Loss: 0.1590115 Vali Loss: 0.2816135 Test Loss: 0.9659388
EarlyStopping counter: 19 out of 100
Updating learning rate to 0.0025
Epoch: 28 cost time: 1.1011247634887695
Epoch: 28, Steps: 33 | Train Loss: 0.1581853 Vali Loss: 0.2520067 Test Loss: 1.1232708
EarlyStopping counter: 20 out of 100
Updating learning rate to 0.0025
Epoch: 29 cost time: 1.1015422344207764
Epoch: 29, Steps: 33 | Train Loss: 0.1522717 Vali Loss: 0.2721144 Test Loss: 1.0712627
EarlyStopping counter: 21 out of 100
Updating learning rate to 0.0025
Epoch: 30 cost time: 1.1063525676727295
Epoch: 30, Steps: 33 | Train Loss: 0.1529138 Vali Loss: 0.2477665 Test Loss: 1.1015543
EarlyStopping counter: 22 out of 100
Updating learning rate to 0.0025
Epoch: 31 cost time: 1.094996452331543
Epoch: 31, Steps: 33 | Train Loss: 0.1528396 Vali Loss: 0.2668847 Test Loss: 1.0380371
EarlyStopping counter: 23 out of 100
Updating learning rate to 0.0025
Epoch: 32 cost time: 1.0989880561828613
Epoch: 32, Steps: 33 | Train Loss: 0.1495534 Vali Loss: 0.2813300 Test Loss: 1.1270661
EarlyStopping counter: 24 out of 100
Updating learning rate to 0.0025
Epoch: 33 cost time: 1.0995280742645264
Epoch: 33, Steps: 33 | Train Loss: 0.1435277 Vali Loss: 0.2733870 Test Loss: 1.1644784
EarlyStopping counter: 25 out of 100
Updating learning rate to 0.0025
Epoch: 34 cost time: 1.1003940105438232
Epoch: 34, Steps: 33 | Train Loss: 0.1548263 Vali Loss: 0.2466186 Test Loss: 1.1511340
EarlyStopping counter: 26 out of 100
Updating learning rate to 0.0025
Epoch: 35 cost time: 1.0936880111694336
Epoch: 35, Steps: 33 | Train Loss: 0.1563058 Vali Loss: 0.2330368 Test Loss: 1.2355475
EarlyStopping counter: 27 out of 100
Updating learning rate to 0.0025
Epoch: 36 cost time: 1.106189489364624
Epoch: 36, Steps: 33 | Train Loss: 0.1483568 Vali Loss: 0.2621638 Test Loss: 1.1267400
EarlyStopping counter: 28 out of 100
Updating learning rate to 0.0025
Epoch: 37 cost time: 1.1066806316375732
Epoch: 37, Steps: 33 | Train Loss: 0.1453592 Vali Loss: 0.2387446 Test Loss: 1.3128139
EarlyStopping counter: 29 out of 100
Updating learning rate to 0.0025
Epoch: 38 cost time: 1.095172643661499
Epoch: 38, Steps: 33 | Train Loss: 0.1351194 Vali Loss: 0.2690017 Test Loss: 1.0803922
EarlyStopping counter: 30 out of 100
Updating learning rate to 0.0025
Epoch: 39 cost time: 1.1013405323028564
Epoch: 39, Steps: 33 | Train Loss: 0.1370095 Vali Loss: 0.2230761 Test Loss: 1.2730242
EarlyStopping counter: 31 out of 100
Updating learning rate to 0.0025
Epoch: 40 cost time: 1.1011083126068115
Epoch: 40, Steps: 33 | Train Loss: 0.1326002 Vali Loss: 0.2663920 Test Loss: 1.1039619
EarlyStopping counter: 32 out of 100
Updating learning rate to 0.0025
Epoch: 41 cost time: 1.087432861328125
Epoch: 41, Steps: 33 | Train Loss: 0.1292698 Vali Loss: 0.2835593 Test Loss: 1.0684785
EarlyStopping counter: 33 out of 100
Updating learning rate to 0.0025
Epoch: 42 cost time: 1.1008360385894775
Epoch: 42, Steps: 33 | Train Loss: 0.1248234 Vali Loss: 0.2991086 Test Loss: 1.0638434
EarlyStopping counter: 34 out of 100
Updating learning rate to 0.0025
Epoch: 43 cost time: 1.0960447788238525
Epoch: 43, Steps: 33 | Train Loss: 0.1258870 Vali Loss: 0.2374788 Test Loss: 1.1676648
EarlyStopping counter: 35 out of 100
Updating learning rate to 0.0025
Epoch: 44 cost time: 1.0939137935638428
Epoch: 44, Steps: 33 | Train Loss: 0.1301002 Vali Loss: 0.2789561 Test Loss: 1.0699260
EarlyStopping counter: 36 out of 100
Updating learning rate to 0.0025
Epoch: 45 cost time: 1.0928144454956055
Epoch: 45, Steps: 33 | Train Loss: 0.1235600 Vali Loss: 0.2728926 Test Loss: 1.2449155
EarlyStopping counter: 37 out of 100
Updating learning rate to 0.0025
Epoch: 46 cost time: 1.1043658256530762
Epoch: 46, Steps: 33 | Train Loss: 0.1228057 Vali Loss: 0.2595095 Test Loss: 1.1244214
EarlyStopping counter: 38 out of 100
Updating learning rate to 0.0025
Epoch: 47 cost time: 1.1096272468566895
Epoch: 47, Steps: 33 | Train Loss: 0.1249128 Vali Loss: 0.2726627 Test Loss: 1.1818243
EarlyStopping counter: 39 out of 100
Updating learning rate to 0.0025
Epoch: 48 cost time: 1.1037094593048096
Epoch: 48, Steps: 33 | Train Loss: 0.1269971 Vali Loss: 0.2604821 Test Loss: 1.2074764
EarlyStopping counter: 40 out of 100
Updating learning rate to 0.0025
Epoch: 49 cost time: 1.0929896831512451
Epoch: 49, Steps: 33 | Train Loss: 0.1243910 Vali Loss: 0.2792809 Test Loss: 1.1055036
EarlyStopping counter: 41 out of 100
Updating learning rate to 0.0025
Epoch: 50 cost time: 1.1116652488708496
Epoch: 50, Steps: 33 | Train Loss: 0.1318852 Vali Loss: 0.2575609 Test Loss: 0.9898075
EarlyStopping counter: 42 out of 100
Updating learning rate to 0.0025
Epoch: 51 cost time: 1.1311306953430176
Epoch: 51, Steps: 33 | Train Loss: 0.1200161 Vali Loss: 0.2736351 Test Loss: 1.0123537
EarlyStopping counter: 43 out of 100
Updating learning rate to 0.0025
Epoch: 52 cost time: 1.1205389499664307
Epoch: 52, Steps: 33 | Train Loss: 0.1189720 Vali Loss: 0.2615131 Test Loss: 1.1267569
EarlyStopping counter: 44 out of 100
Updating learning rate to 0.0025
Epoch: 53 cost time: 1.1219112873077393
Epoch: 53, Steps: 33 | Train Loss: 0.1146676 Vali Loss: 0.2732818 Test Loss: 1.2194397
EarlyStopping counter: 45 out of 100
Updating learning rate to 0.0025
Epoch: 54 cost time: 1.1215603351593018
Epoch: 54, Steps: 33 | Train Loss: 0.1092372 Vali Loss: 0.2658314 Test Loss: 1.1429241
EarlyStopping counter: 46 out of 100
Updating learning rate to 0.0025
Epoch: 55 cost time: 1.1260535717010498
Epoch: 55, Steps: 33 | Train Loss: 0.1204229 Vali Loss: 0.3244086 Test Loss: 1.2442876
EarlyStopping counter: 47 out of 100
Updating learning rate to 0.0025
Epoch: 56 cost time: 1.1081275939941406
Epoch: 56, Steps: 33 | Train Loss: 0.1182087 Vali Loss: 0.2583305 Test Loss: 1.1108879
EarlyStopping counter: 48 out of 100
Updating learning rate to 0.0025
Epoch: 57 cost time: 1.0944957733154297
Epoch: 57, Steps: 33 | Train Loss: 0.1120530 Vali Loss: 0.2799973 Test Loss: 1.2342829
EarlyStopping counter: 49 out of 100
Updating learning rate to 0.0025
Epoch: 58 cost time: 1.0877187252044678
Epoch: 58, Steps: 33 | Train Loss: 0.1137698 Vali Loss: 0.3039250 Test Loss: 1.0165721
EarlyStopping counter: 50 out of 100
Updating learning rate to 0.0025
Epoch: 59 cost time: 1.1003029346466064
Epoch: 59, Steps: 33 | Train Loss: 0.1095258 Vali Loss: 0.2946433 Test Loss: 0.9922807
EarlyStopping counter: 51 out of 100
Updating learning rate to 0.0025
Epoch: 60 cost time: 1.094778299331665
Epoch: 60, Steps: 33 | Train Loss: 0.1124669 Vali Loss: 0.2786889 Test Loss: 1.0895692
EarlyStopping counter: 52 out of 100
Updating learning rate to 0.0025
Epoch: 61 cost time: 1.1019396781921387
Epoch: 61, Steps: 33 | Train Loss: 0.1128553 Vali Loss: 0.2676247 Test Loss: 1.1769117
EarlyStopping counter: 53 out of 100
Updating learning rate to 0.0025
Epoch: 62 cost time: 1.100294828414917
Epoch: 62, Steps: 33 | Train Loss: 0.1091411 Vali Loss: 0.2748151 Test Loss: 1.2770345
EarlyStopping counter: 54 out of 100
Updating learning rate to 0.0025
Epoch: 63 cost time: 1.0916767120361328
Epoch: 63, Steps: 33 | Train Loss: 0.1056694 Vali Loss: 0.2770738 Test Loss: 1.1303716
EarlyStopping counter: 55 out of 100
Updating learning rate to 0.0025
Epoch: 64 cost time: 1.0951216220855713
Epoch: 64, Steps: 33 | Train Loss: 0.1028041 Vali Loss: 0.2982720 Test Loss: 1.1358421
EarlyStopping counter: 56 out of 100
Updating learning rate to 0.0025
Epoch: 65 cost time: 1.0952227115631104
Epoch: 65, Steps: 33 | Train Loss: 0.1006448 Vali Loss: 0.2626950 Test Loss: 1.2044806
EarlyStopping counter: 57 out of 100
Updating learning rate to 0.0025
Epoch: 66 cost time: 1.0966167449951172
Epoch: 66, Steps: 33 | Train Loss: 0.1056531 Vali Loss: 0.2849152 Test Loss: 1.3017447
EarlyStopping counter: 58 out of 100
Updating learning rate to 0.0025
Epoch: 67 cost time: 1.0966365337371826
Epoch: 67, Steps: 33 | Train Loss: 0.1028340 Vali Loss: 0.2672902 Test Loss: 1.1068003
EarlyStopping counter: 59 out of 100
Updating learning rate to 0.0025
Epoch: 68 cost time: 1.0925486087799072
Epoch: 68, Steps: 33 | Train Loss: 0.1028831 Vali Loss: 0.3413328 Test Loss: 1.1758586
EarlyStopping counter: 60 out of 100
Updating learning rate to 0.0025
Epoch: 69 cost time: 1.1065700054168701
Epoch: 69, Steps: 33 | Train Loss: 0.1086465 Vali Loss: 0.3018829 Test Loss: 1.3240895
EarlyStopping counter: 61 out of 100
Updating learning rate to 0.0025
Epoch: 70 cost time: 1.0959243774414062
Epoch: 70, Steps: 33 | Train Loss: 0.1098122 Vali Loss: 0.2635136 Test Loss: 1.1870637
EarlyStopping counter: 62 out of 100
Updating learning rate to 0.0025
Epoch: 71 cost time: 1.0973129272460938
Epoch: 71, Steps: 33 | Train Loss: 0.1011139 Vali Loss: 0.3075540 Test Loss: 1.1076037
EarlyStopping counter: 63 out of 100
Updating learning rate to 0.0025
Epoch: 72 cost time: 1.1005804538726807
Epoch: 72, Steps: 33 | Train Loss: 0.0959751 Vali Loss: 0.2746895 Test Loss: 1.1391464
EarlyStopping counter: 64 out of 100
Updating learning rate to 0.0025
Epoch: 73 cost time: 1.0965027809143066
Epoch: 73, Steps: 33 | Train Loss: 0.1038288 Vali Loss: 0.3065928 Test Loss: 1.0634272
EarlyStopping counter: 65 out of 100
Updating learning rate to 0.0025
Epoch: 74 cost time: 1.0935173034667969
Epoch: 74, Steps: 33 | Train Loss: 0.1013751 Vali Loss: 0.3028395 Test Loss: 1.2950794
EarlyStopping counter: 66 out of 100
Updating learning rate to 0.0025
Epoch: 75 cost time: 1.1033058166503906
Epoch: 75, Steps: 33 | Train Loss: 0.0959955 Vali Loss: 0.2612530 Test Loss: 1.1461123
EarlyStopping counter: 67 out of 100
Updating learning rate to 0.0025
Epoch: 76 cost time: 1.1004981994628906
Epoch: 76, Steps: 33 | Train Loss: 0.0989688 Vali Loss: 0.2848195 Test Loss: 1.3031571
EarlyStopping counter: 68 out of 100
Updating learning rate to 0.0025
Epoch: 77 cost time: 1.1084306240081787
Epoch: 77, Steps: 33 | Train Loss: 0.1068234 Vali Loss: 0.3526062 Test Loss: 1.0077724
EarlyStopping counter: 69 out of 100
Updating learning rate to 0.0025
Epoch: 78 cost time: 1.0951416492462158
Epoch: 78, Steps: 33 | Train Loss: 0.1046273 Vali Loss: 0.2783847 Test Loss: 1.2048577
EarlyStopping counter: 70 out of 100
Updating learning rate to 0.0025
Epoch: 79 cost time: 1.0941805839538574
Epoch: 79, Steps: 33 | Train Loss: 0.0987465 Vali Loss: 0.2956439 Test Loss: 1.3025651
EarlyStopping counter: 71 out of 100
Updating learning rate to 0.0025
Epoch: 80 cost time: 1.0964620113372803
Epoch: 80, Steps: 33 | Train Loss: 0.0967454 Vali Loss: 0.2677426 Test Loss: 1.3147588
EarlyStopping counter: 72 out of 100
Updating learning rate to 0.0025
Epoch: 81 cost time: 1.0921692848205566
Epoch: 81, Steps: 33 | Train Loss: 0.0918168 Vali Loss: 0.3272670 Test Loss: 1.1548681
EarlyStopping counter: 73 out of 100
Updating learning rate to 0.0025
Epoch: 82 cost time: 1.0952963829040527
Epoch: 82, Steps: 33 | Train Loss: 0.0941794 Vali Loss: 0.2908013 Test Loss: 1.2979370
EarlyStopping counter: 74 out of 100
Updating learning rate to 0.0025
Epoch: 83 cost time: 1.1006417274475098
Epoch: 83, Steps: 33 | Train Loss: 0.0992722 Vali Loss: 0.2371678 Test Loss: 1.2623811
EarlyStopping counter: 75 out of 100
Updating learning rate to 0.0025
Epoch: 84 cost time: 1.0996527671813965
Epoch: 84, Steps: 33 | Train Loss: 0.0984552 Vali Loss: 0.2993306 Test Loss: 1.0821000
EarlyStopping counter: 76 out of 100
Updating learning rate to 0.0025
Epoch: 85 cost time: 1.0938153266906738
Epoch: 85, Steps: 33 | Train Loss: 0.0926399 Vali Loss: 0.2646556 Test Loss: 1.2384180
EarlyStopping counter: 77 out of 100
Updating learning rate to 0.0025
Epoch: 86 cost time: 1.094858169555664
Epoch: 86, Steps: 33 | Train Loss: 0.0943818 Vali Loss: 0.2667688 Test Loss: 1.1991582
EarlyStopping counter: 78 out of 100
Updating learning rate to 0.0025
Epoch: 87 cost time: 1.090399980545044
Epoch: 87, Steps: 33 | Train Loss: 0.0874036 Vali Loss: 0.3117286 Test Loss: 1.1944760
EarlyStopping counter: 79 out of 100
Updating learning rate to 0.0025
Epoch: 88 cost time: 1.1051862239837646
Epoch: 88, Steps: 33 | Train Loss: 0.0899248 Vali Loss: 0.2653515 Test Loss: 1.2714648
EarlyStopping counter: 80 out of 100
Updating learning rate to 0.0025
Epoch: 89 cost time: 1.0953738689422607
Epoch: 89, Steps: 33 | Train Loss: 0.0882127 Vali Loss: 0.2812898 Test Loss: 1.2102758
EarlyStopping counter: 81 out of 100
Updating learning rate to 0.0025
Epoch: 90 cost time: 1.0963833332061768
Epoch: 90, Steps: 33 | Train Loss: 0.0915887 Vali Loss: 0.2987410 Test Loss: 1.2286369
EarlyStopping counter: 82 out of 100
Updating learning rate to 0.0025
Epoch: 91 cost time: 1.1028611660003662
Epoch: 91, Steps: 33 | Train Loss: 0.0908406 Vali Loss: 0.3108664 Test Loss: 1.2206993
EarlyStopping counter: 83 out of 100
Updating learning rate to 0.0025
Epoch: 92 cost time: 1.092925786972046
Epoch: 92, Steps: 33 | Train Loss: 0.0895533 Vali Loss: 0.2828885 Test Loss: 1.2117354
EarlyStopping counter: 84 out of 100
Updating learning rate to 0.0025
Epoch: 93 cost time: 1.0964696407318115
Epoch: 93, Steps: 33 | Train Loss: 0.0915992 Vali Loss: 0.2948668 Test Loss: 1.1862619
EarlyStopping counter: 85 out of 100
Updating learning rate to 0.0025
Epoch: 94 cost time: 1.1015565395355225
Epoch: 94, Steps: 33 | Train Loss: 0.0924694 Vali Loss: 0.2860183 Test Loss: 1.3311162
EarlyStopping counter: 86 out of 100
Updating learning rate to 0.0025
Epoch: 95 cost time: 1.1059255599975586
Epoch: 95, Steps: 33 | Train Loss: 0.0887020 Vali Loss: 0.3033585 Test Loss: 1.1634938
EarlyStopping counter: 87 out of 100
Updating learning rate to 0.0025
Epoch: 96 cost time: 1.095346450805664
Epoch: 96, Steps: 33 | Train Loss: 0.0901449 Vali Loss: 0.2878505 Test Loss: 1.3183861
EarlyStopping counter: 88 out of 100
Updating learning rate to 0.0025
Epoch: 97 cost time: 1.1039891242980957
Epoch: 97, Steps: 33 | Train Loss: 0.0838396 Vali Loss: 0.3188751 Test Loss: 1.2682734
EarlyStopping counter: 89 out of 100
Updating learning rate to 0.0025
Epoch: 98 cost time: 1.0960760116577148
Epoch: 98, Steps: 33 | Train Loss: 0.0850071 Vali Loss: 0.2753980 Test Loss: 1.3109210
EarlyStopping counter: 90 out of 100
Updating learning rate to 0.0025
Epoch: 99 cost time: 1.0963642597198486
Epoch: 99, Steps: 33 | Train Loss: 0.0840435 Vali Loss: 0.2812118 Test Loss: 1.2513334
EarlyStopping counter: 91 out of 100
Updating learning rate to 0.0025
Epoch: 100 cost time: 1.117039442062378
Epoch: 100, Steps: 33 | Train Loss: 0.0968182 Vali Loss: 0.2964448 Test Loss: 1.4456817
EarlyStopping counter: 92 out of 100
Updating learning rate to 0.0025
>>>>>>>testing : NL_illness_flatten_lr0.0001_always_104_36_PatchTST_custom_ftM_sl104_ll48_pl36_dm16_nh4_el3_dl1_df128_fc1_ebtimeF_dtTruelr0.0001_pol_always_Nested_Learning_0<<<<<<<<<<<<<<<<<<<<<<<<<<<<<<<<<
test 158
 Ejecutando Inferencia DINÁMICA (Nested Learning con flatten)
  -> Política: always | LR: 0.0001 | Target: head

RESUMEN: El CMS se actualizó 9 veces de 9 posibles.

mse:1.3800398111343384, mae:0.7817854285240173, rse:0.5634194612503052
Args in experiment:
Namespace(random_seed=2021, is_training=1, model_id='NL_illness_flatten_lr0.0001_always_104_48', model='PatchTST', data='custom', root_path='./dataset/', data_path='national_illness.csv', features='M', target='OT', freq='h', checkpoints='./checkpoints/', seq_len=104, label_len=48, pred_len=48, head_type='flatten', cms_lr=0.0001, update_policy='always', fc_dropout=0.3, head_dropout=0.0, patch_len=24, stride=2, padding_patch='end', revin=1, affine=0, subtract_last=0, decomposition=0, kernel_size=25, individual=1, embed_type=0, enc_in=7, dec_in=7, c_out=7, d_model=16, n_heads=4, e_layers=3, d_layers=1, d_ff=128, moving_avg=25, factor=1, distil=True, dropout=0.3, embed='timeF', activation='gelu', output_attention=False, do_predict=False, num_workers=0, itr=1, train_epochs=100, batch_size=16, patience=100, learning_rate=0.0025, des='Nested_Learning', loss='mse', lradj='constant', pct_start=0.3, use_amp=False, use_gpu=True, gpu=0, use_multi_gpu=False, devices='0,1,2,3', test_flop=False)
Use GPU: cuda:0
>>>>>>>start training : NL_illness_flatten_lr0.0001_always_104_48_PatchTST_custom_ftM_sl104_ll48_pl48_dm16_nh4_el3_dl1_df128_fc1_ebtimeF_dtTruelr0.0001_pol_always_Nested_Learning_0>>>>>>>>>>>>>>>>>>>>>>>>>>
train 525
val 50
test 146
Epoch: 1 cost time: 1.3688318729400635
Epoch: 1, Steps: 32 | Train Loss: 0.9859069 Vali Loss: 0.4086867 Test Loss: 3.2245126
Validation loss decreased (inf --> 0.408687).  Saving model ...
Updating learning rate to 0.0025
Epoch: 2 cost time: 1.0969135761260986
Epoch: 2, Steps: 32 | Train Loss: 0.8555110 Vali Loss: 0.5598945 Test Loss: 2.4043541
EarlyStopping counter: 1 out of 100
Updating learning rate to 0.0025
Epoch: 3 cost time: 1.062276840209961
Epoch: 3, Steps: 32 | Train Loss: 0.5958072 Vali Loss: 0.2757714 Test Loss: 1.7066454
Validation loss decreased (0.408687 --> 0.275771).  Saving model ...
Updating learning rate to 0.0025
Epoch: 4 cost time: 1.0861072540283203
Epoch: 4, Steps: 32 | Train Loss: 0.4709805 Vali Loss: 0.2595015 Test Loss: 1.8840446
Validation loss decreased (0.275771 --> 0.259502).  Saving model ...
Updating learning rate to 0.0025
Epoch: 5 cost time: 1.0807585716247559
Epoch: 5, Steps: 32 | Train Loss: 0.4178241 Vali Loss: 0.2254255 Test Loss: 2.0077677
Validation loss decreased (0.259502 --> 0.225425).  Saving model ...
Updating learning rate to 0.0025
Epoch: 6 cost time: 1.0807061195373535
Epoch: 6, Steps: 32 | Train Loss: 0.4042928 Vali Loss: 0.2324560 Test Loss: 1.7179809
EarlyStopping counter: 1 out of 100
Updating learning rate to 0.0025
Epoch: 7 cost time: 1.0567786693572998
Epoch: 7, Steps: 32 | Train Loss: 0.3727784 Vali Loss: 0.2197655 Test Loss: 1.6736629
Validation loss decreased (0.225425 --> 0.219766).  Saving model ...
Updating learning rate to 0.0025
Epoch: 8 cost time: 1.0830340385437012
Epoch: 8, Steps: 32 | Train Loss: 0.3531530 Vali Loss: 0.2311926 Test Loss: 1.9159875
EarlyStopping counter: 1 out of 100
Updating learning rate to 0.0025
Epoch: 9 cost time: 1.0586533546447754
Epoch: 9, Steps: 32 | Train Loss: 0.3203013 Vali Loss: 0.2427946 Test Loss: 1.7593751
EarlyStopping counter: 2 out of 100
Updating learning rate to 0.0025
Epoch: 10 cost time: 1.0609264373779297
Epoch: 10, Steps: 32 | Train Loss: 0.2967382 Vali Loss: 0.2761239 Test Loss: 1.9014405
EarlyStopping counter: 3 out of 100
Updating learning rate to 0.0025
Epoch: 11 cost time: 1.0510649681091309
Epoch: 11, Steps: 32 | Train Loss: 0.2831598 Vali Loss: 0.2541355 Test Loss: 1.5747497
EarlyStopping counter: 4 out of 100
Updating learning rate to 0.0025
Epoch: 12 cost time: 1.052952766418457
Epoch: 12, Steps: 32 | Train Loss: 0.2770133 Vali Loss: 0.2854654 Test Loss: 1.4161772
EarlyStopping counter: 5 out of 100
Updating learning rate to 0.0025
Epoch: 13 cost time: 1.0577178001403809
Epoch: 13, Steps: 32 | Train Loss: 0.2416725 Vali Loss: 0.2638972 Test Loss: 1.6522088
EarlyStopping counter: 6 out of 100
Updating learning rate to 0.0025
Epoch: 14 cost time: 1.0616850852966309
Epoch: 14, Steps: 32 | Train Loss: 0.2309811 Vali Loss: 0.2795214 Test Loss: 1.6819711
EarlyStopping counter: 7 out of 100
Updating learning rate to 0.0025
Epoch: 15 cost time: 1.057997703552246
Epoch: 15, Steps: 32 | Train Loss: 0.2350279 Vali Loss: 0.2168772 Test Loss: 1.4461869
Validation loss decreased (0.219766 --> 0.216877).  Saving model ...
Updating learning rate to 0.0025
Epoch: 16 cost time: 1.0789971351623535
Epoch: 16, Steps: 32 | Train Loss: 0.2187443 Vali Loss: 0.2452437 Test Loss: 1.5293088
EarlyStopping counter: 1 out of 100
Updating learning rate to 0.0025
Epoch: 17 cost time: 1.068690299987793
Epoch: 17, Steps: 32 | Train Loss: 0.2005850 Vali Loss: 0.2656898 Test Loss: 1.4931967
EarlyStopping counter: 2 out of 100
Updating learning rate to 0.0025
Epoch: 18 cost time: 1.0660333633422852
Epoch: 18, Steps: 32 | Train Loss: 0.2016692 Vali Loss: 0.2276413 Test Loss: 1.4299181
EarlyStopping counter: 3 out of 100
Updating learning rate to 0.0025
Epoch: 19 cost time: 1.058091163635254
Epoch: 19, Steps: 32 | Train Loss: 0.1912155 Vali Loss: 0.3028707 Test Loss: 1.3666815
EarlyStopping counter: 4 out of 100
Updating learning rate to 0.0025
Epoch: 20 cost time: 1.0705125331878662
Epoch: 20, Steps: 32 | Train Loss: 0.1966472 Vali Loss: 0.2510686 Test Loss: 1.4462178
EarlyStopping counter: 5 out of 100
Updating learning rate to 0.0025
Epoch: 21 cost time: 1.0619161128997803
Epoch: 21, Steps: 32 | Train Loss: 0.1866369 Vali Loss: 0.2729738 Test Loss: 1.4738969
EarlyStopping counter: 6 out of 100
Updating learning rate to 0.0025
Epoch: 22 cost time: 1.0548982620239258
Epoch: 22, Steps: 32 | Train Loss: 0.1776412 Vali Loss: 0.2781866 Test Loss: 1.5423577
EarlyStopping counter: 7 out of 100
Updating learning rate to 0.0025
Epoch: 23 cost time: 1.067328929901123
Epoch: 23, Steps: 32 | Train Loss: 0.1800094 Vali Loss: 0.2692577 Test Loss: 1.4369202
EarlyStopping counter: 8 out of 100
Updating learning rate to 0.0025
Epoch: 24 cost time: 1.0623645782470703
Epoch: 24, Steps: 32 | Train Loss: 0.1772953 Vali Loss: 0.2450548 Test Loss: 1.5183187
EarlyStopping counter: 9 out of 100
Updating learning rate to 0.0025
Epoch: 25 cost time: 1.0625836849212646
Epoch: 25, Steps: 32 | Train Loss: 0.1879256 Vali Loss: 0.3223988 Test Loss: 1.7373723
EarlyStopping counter: 10 out of 100
Updating learning rate to 0.0025
Epoch: 26 cost time: 1.0559310913085938
Epoch: 26, Steps: 32 | Train Loss: 0.1912286 Vali Loss: 0.2438316 Test Loss: 1.5896050
EarlyStopping counter: 11 out of 100
Updating learning rate to 0.0025
Epoch: 27 cost time: 1.0582525730133057
Epoch: 27, Steps: 32 | Train Loss: 0.1649558 Vali Loss: 0.3163423 Test Loss: 1.4481227
EarlyStopping counter: 12 out of 100
Updating learning rate to 0.0025
Epoch: 28 cost time: 1.0583999156951904
Epoch: 28, Steps: 32 | Train Loss: 0.1588453 Vali Loss: 0.3088641 Test Loss: 1.4877045
EarlyStopping counter: 13 out of 100
Updating learning rate to 0.0025
Epoch: 29 cost time: 1.055431842803955
Epoch: 29, Steps: 32 | Train Loss: 0.1645498 Vali Loss: 0.2497126 Test Loss: 1.4194556
EarlyStopping counter: 14 out of 100
Updating learning rate to 0.0025
Epoch: 30 cost time: 1.0683465003967285
Epoch: 30, Steps: 32 | Train Loss: 0.1546135 Vali Loss: 0.3084310 Test Loss: 1.4503115
EarlyStopping counter: 15 out of 100
Updating learning rate to 0.0025
Epoch: 31 cost time: 1.0917410850524902
Epoch: 31, Steps: 32 | Train Loss: 0.1497179 Vali Loss: 0.3016145 Test Loss: 1.4432871
EarlyStopping counter: 16 out of 100
Updating learning rate to 0.0025
Epoch: 32 cost time: 1.0919454097747803
Epoch: 32, Steps: 32 | Train Loss: 0.1663603 Vali Loss: 0.2411325 Test Loss: 1.4940711
EarlyStopping counter: 17 out of 100
Updating learning rate to 0.0025
Epoch: 33 cost time: 1.0714101791381836
Epoch: 33, Steps: 32 | Train Loss: 0.1532035 Vali Loss: 0.3361928 Test Loss: 1.3662237
EarlyStopping counter: 18 out of 100
Updating learning rate to 0.0025
Epoch: 34 cost time: 1.0756945610046387
Epoch: 34, Steps: 32 | Train Loss: 0.1519190 Vali Loss: 0.2722674 Test Loss: 1.4041432
EarlyStopping counter: 19 out of 100
Updating learning rate to 0.0025
Epoch: 35 cost time: 1.0847465991973877
Epoch: 35, Steps: 32 | Train Loss: 0.1413401 Vali Loss: 0.3374779 Test Loss: 1.3640800
EarlyStopping counter: 20 out of 100
Updating learning rate to 0.0025
Epoch: 36 cost time: 1.0833077430725098
Epoch: 36, Steps: 32 | Train Loss: 0.1347209 Vali Loss: 0.3052394 Test Loss: 1.4311581
EarlyStopping counter: 21 out of 100
Updating learning rate to 0.0025
Epoch: 37 cost time: 1.0650696754455566
Epoch: 37, Steps: 32 | Train Loss: 0.1396268 Vali Loss: 0.2826951 Test Loss: 1.4707623
EarlyStopping counter: 22 out of 100
Updating learning rate to 0.0025
Epoch: 38 cost time: 1.0567865371704102
Epoch: 38, Steps: 32 | Train Loss: 0.1255508 Vali Loss: 0.2958203 Test Loss: 1.4723104
EarlyStopping counter: 23 out of 100
Updating learning rate to 0.0025
Epoch: 39 cost time: 1.0553815364837646
Epoch: 39, Steps: 32 | Train Loss: 0.1258603 Vali Loss: 0.3112695 Test Loss: 1.4245878
EarlyStopping counter: 24 out of 100
Updating learning rate to 0.0025
Epoch: 40 cost time: 1.0587773323059082
Epoch: 40, Steps: 32 | Train Loss: 0.1295749 Vali Loss: 0.3246427 Test Loss: 1.4618155
EarlyStopping counter: 25 out of 100
Updating learning rate to 0.0025
Epoch: 41 cost time: 1.0541679859161377
Epoch: 41, Steps: 32 | Train Loss: 0.1375779 Vali Loss: 0.2944105 Test Loss: 1.4711018
EarlyStopping counter: 26 out of 100
Updating learning rate to 0.0025
Epoch: 42 cost time: 1.0598065853118896
Epoch: 42, Steps: 32 | Train Loss: 0.1333541 Vali Loss: 0.3460269 Test Loss: 1.4028808
EarlyStopping counter: 27 out of 100
Updating learning rate to 0.0025
Epoch: 43 cost time: 1.0570342540740967
Epoch: 43, Steps: 32 | Train Loss: 0.1278008 Vali Loss: 0.3365510 Test Loss: 1.4458398
EarlyStopping counter: 28 out of 100
Updating learning rate to 0.0025
Epoch: 44 cost time: 1.0548498630523682
Epoch: 44, Steps: 32 | Train Loss: 0.1229507 Vali Loss: 0.3062707 Test Loss: 1.3989336
EarlyStopping counter: 29 out of 100
Updating learning rate to 0.0025
Epoch: 45 cost time: 1.0509147644042969
Epoch: 45, Steps: 32 | Train Loss: 0.1217736 Vali Loss: 0.3544619 Test Loss: 1.4805140
EarlyStopping counter: 30 out of 100
Updating learning rate to 0.0025
Epoch: 46 cost time: 1.0568351745605469
Epoch: 46, Steps: 32 | Train Loss: 0.1220601 Vali Loss: 0.3113862 Test Loss: 1.4986063
EarlyStopping counter: 31 out of 100
Updating learning rate to 0.0025
Epoch: 47 cost time: 1.0560674667358398
Epoch: 47, Steps: 32 | Train Loss: 0.1191291 Vali Loss: 0.3207755 Test Loss: 1.4138956
EarlyStopping counter: 32 out of 100
Updating learning rate to 0.0025
Epoch: 48 cost time: 1.058574914932251
Epoch: 48, Steps: 32 | Train Loss: 0.1181049 Vali Loss: 0.3277962 Test Loss: 1.4145999
EarlyStopping counter: 33 out of 100
Updating learning rate to 0.0025
Epoch: 49 cost time: 1.0571019649505615
Epoch: 49, Steps: 32 | Train Loss: 0.1277292 Vali Loss: 0.3371476 Test Loss: 1.3601042
EarlyStopping counter: 34 out of 100
Updating learning rate to 0.0025
Epoch: 50 cost time: 1.0642480850219727
Epoch: 50, Steps: 32 | Train Loss: 0.1353243 Vali Loss: 0.2748341 Test Loss: 1.6028306
EarlyStopping counter: 35 out of 100
Updating learning rate to 0.0025
Epoch: 51 cost time: 1.057410478591919
Epoch: 51, Steps: 32 | Train Loss: 0.1342446 Vali Loss: 0.3390470 Test Loss: 1.3648480
EarlyStopping counter: 36 out of 100
Updating learning rate to 0.0025
Epoch: 52 cost time: 1.0566391944885254
Epoch: 52, Steps: 32 | Train Loss: 0.1172390 Vali Loss: 0.3128326 Test Loss: 1.4269980
EarlyStopping counter: 37 out of 100
Updating learning rate to 0.0025
Epoch: 53 cost time: 1.0618126392364502
Epoch: 53, Steps: 32 | Train Loss: 0.1108768 Vali Loss: 0.3147809 Test Loss: 1.5236348
EarlyStopping counter: 38 out of 100
Updating learning rate to 0.0025
Epoch: 54 cost time: 1.0613131523132324
Epoch: 54, Steps: 32 | Train Loss: 0.1130631 Vali Loss: 0.3058347 Test Loss: 1.4441782
EarlyStopping counter: 39 out of 100
Updating learning rate to 0.0025
Epoch: 55 cost time: 1.049088954925537
Epoch: 55, Steps: 32 | Train Loss: 0.1070209 Vali Loss: 0.3428682 Test Loss: 1.5032105
EarlyStopping counter: 40 out of 100
Updating learning rate to 0.0025
Epoch: 56 cost time: 1.0554797649383545
Epoch: 56, Steps: 32 | Train Loss: 0.1071833 Vali Loss: 0.3414465 Test Loss: 1.4174681
EarlyStopping counter: 41 out of 100
Updating learning rate to 0.0025
Epoch: 57 cost time: 1.0542519092559814
Epoch: 57, Steps: 32 | Train Loss: 0.1118946 Vali Loss: 0.3072519 Test Loss: 1.5169638
EarlyStopping counter: 42 out of 100
Updating learning rate to 0.0025
Epoch: 58 cost time: 1.0566647052764893
Epoch: 58, Steps: 32 | Train Loss: 0.1065188 Vali Loss: 0.3166679 Test Loss: 1.4246560
EarlyStopping counter: 43 out of 100
Updating learning rate to 0.0025
Epoch: 59 cost time: 1.053758144378662
Epoch: 59, Steps: 32 | Train Loss: 0.1083229 Vali Loss: 0.2973578 Test Loss: 1.4612818
EarlyStopping counter: 44 out of 100
Updating learning rate to 0.0025
Epoch: 60 cost time: 1.0554707050323486
Epoch: 60, Steps: 32 | Train Loss: 0.1061591 Vali Loss: 0.3111406 Test Loss: 1.4328880
EarlyStopping counter: 45 out of 100
Updating learning rate to 0.0025
Epoch: 61 cost time: 1.0671956539154053
Epoch: 61, Steps: 32 | Train Loss: 0.1043353 Vali Loss: 0.3168892 Test Loss: 1.4416702
EarlyStopping counter: 46 out of 100
Updating learning rate to 0.0025
Epoch: 62 cost time: 1.0632860660552979
Epoch: 62, Steps: 32 | Train Loss: 0.1097384 Vali Loss: 0.2950804 Test Loss: 1.6254888
EarlyStopping counter: 47 out of 100
Updating learning rate to 0.0025
Epoch: 63 cost time: 1.0482640266418457
Epoch: 63, Steps: 32 | Train Loss: 0.1079676 Vali Loss: 0.3268766 Test Loss: 1.4035820
EarlyStopping counter: 48 out of 100
Updating learning rate to 0.0025
Epoch: 64 cost time: 1.0576233863830566
Epoch: 64, Steps: 32 | Train Loss: 0.1033297 Vali Loss: 0.3090937 Test Loss: 1.4525458
EarlyStopping counter: 49 out of 100
Updating learning rate to 0.0025
Epoch: 65 cost time: 1.055835485458374
Epoch: 65, Steps: 32 | Train Loss: 0.1065158 Vali Loss: 0.3338116 Test Loss: 1.4745952
EarlyStopping counter: 50 out of 100
Updating learning rate to 0.0025
Epoch: 66 cost time: 1.0589478015899658
Epoch: 66, Steps: 32 | Train Loss: 0.1042523 Vali Loss: 0.2830665 Test Loss: 1.4678619
EarlyStopping counter: 51 out of 100
Updating learning rate to 0.0025
Epoch: 67 cost time: 1.0708823204040527
Epoch: 67, Steps: 32 | Train Loss: 0.1019206 Vali Loss: 0.3378340 Test Loss: 1.4132079
EarlyStopping counter: 52 out of 100
Updating learning rate to 0.0025
Epoch: 68 cost time: 1.0606956481933594
Epoch: 68, Steps: 32 | Train Loss: 0.0974550 Vali Loss: 0.3142165 Test Loss: 1.5623913
EarlyStopping counter: 53 out of 100
Updating learning rate to 0.0025
Epoch: 69 cost time: 1.0554592609405518
Epoch: 69, Steps: 32 | Train Loss: 0.0998320 Vali Loss: 0.2878600 Test Loss: 1.5307688
EarlyStopping counter: 54 out of 100
Updating learning rate to 0.0025
Epoch: 70 cost time: 1.0588593482971191
Epoch: 70, Steps: 32 | Train Loss: 0.1027385 Vali Loss: 0.3628925 Test Loss: 1.4706192
EarlyStopping counter: 55 out of 100
Updating learning rate to 0.0025
Epoch: 71 cost time: 1.0633623600006104
Epoch: 71, Steps: 32 | Train Loss: 0.1062299 Vali Loss: 0.2810695 Test Loss: 1.5815774
EarlyStopping counter: 56 out of 100
Updating learning rate to 0.0025
Epoch: 72 cost time: 1.0553441047668457
Epoch: 72, Steps: 32 | Train Loss: 0.1006456 Vali Loss: 0.3193165 Test Loss: 1.4450032
EarlyStopping counter: 57 out of 100
Updating learning rate to 0.0025
Epoch: 73 cost time: 1.05983304977417
Epoch: 73, Steps: 32 | Train Loss: 0.0981868 Vali Loss: 0.3054713 Test Loss: 1.4612849
EarlyStopping counter: 58 out of 100
Updating learning rate to 0.0025
Epoch: 74 cost time: 1.0615410804748535
Epoch: 74, Steps: 32 | Train Loss: 0.0954123 Vali Loss: 0.3312165 Test Loss: 1.4749684
EarlyStopping counter: 59 out of 100
Updating learning rate to 0.0025
Epoch: 75 cost time: 1.051191806793213
Epoch: 75, Steps: 32 | Train Loss: 0.0935866 Vali Loss: 0.3148654 Test Loss: 1.4892254
EarlyStopping counter: 60 out of 100
Updating learning rate to 0.0025
Epoch: 76 cost time: 1.0543968677520752
Epoch: 76, Steps: 32 | Train Loss: 0.0971659 Vali Loss: 0.3462688 Test Loss: 1.4178605
EarlyStopping counter: 61 out of 100
Updating learning rate to 0.0025
Epoch: 77 cost time: 1.0582969188690186
Epoch: 77, Steps: 32 | Train Loss: 0.0923494 Vali Loss: 0.3110304 Test Loss: 1.4409341
EarlyStopping counter: 62 out of 100
Updating learning rate to 0.0025
Epoch: 78 cost time: 1.0603511333465576
Epoch: 78, Steps: 32 | Train Loss: 0.0937595 Vali Loss: 0.2884362 Test Loss: 1.5133479
EarlyStopping counter: 63 out of 100
Updating learning rate to 0.0025
Epoch: 79 cost time: 1.0622410774230957
Epoch: 79, Steps: 32 | Train Loss: 0.0925677 Vali Loss: 0.3235158 Test Loss: 1.4914536
EarlyStopping counter: 64 out of 100
Updating learning rate to 0.0025
Epoch: 80 cost time: 1.049403190612793
Epoch: 80, Steps: 32 | Train Loss: 0.0937066 Vali Loss: 0.3234836 Test Loss: 1.4414450
EarlyStopping counter: 65 out of 100
Updating learning rate to 0.0025
Epoch: 81 cost time: 1.0564849376678467
Epoch: 81, Steps: 32 | Train Loss: 0.0907849 Vali Loss: 0.2783026 Test Loss: 1.5498893
EarlyStopping counter: 66 out of 100
Updating learning rate to 0.0025
Epoch: 82 cost time: 1.0675444602966309
Epoch: 82, Steps: 32 | Train Loss: 0.0882876 Vali Loss: 0.3226880 Test Loss: 1.5165213
EarlyStopping counter: 67 out of 100
Updating learning rate to 0.0025
Epoch: 83 cost time: 1.069779634475708
Epoch: 83, Steps: 32 | Train Loss: 0.0893614 Vali Loss: 0.3041644 Test Loss: 1.4245188
EarlyStopping counter: 68 out of 100
Updating learning rate to 0.0025
Epoch: 84 cost time: 1.0875537395477295
Epoch: 84, Steps: 32 | Train Loss: 0.0945561 Vali Loss: 0.3199940 Test Loss: 1.4754189
EarlyStopping counter: 69 out of 100
Updating learning rate to 0.0025
Epoch: 85 cost time: 1.0847656726837158
Epoch: 85, Steps: 32 | Train Loss: 0.0900925 Vali Loss: 0.3002369 Test Loss: 1.5983173
EarlyStopping counter: 70 out of 100
Updating learning rate to 0.0025
Epoch: 86 cost time: 1.0909523963928223
Epoch: 86, Steps: 32 | Train Loss: 0.0868411 Vali Loss: 0.3142901 Test Loss: 1.3832204
EarlyStopping counter: 71 out of 100
Updating learning rate to 0.0025
Epoch: 87 cost time: 1.068589687347412
Epoch: 87, Steps: 32 | Train Loss: 0.0913353 Vali Loss: 0.3125021 Test Loss: 1.5849637
EarlyStopping counter: 72 out of 100
Updating learning rate to 0.0025
Epoch: 88 cost time: 1.0626609325408936
Epoch: 88, Steps: 32 | Train Loss: 0.0927854 Vali Loss: 0.3295432 Test Loss: 1.5502982
EarlyStopping counter: 73 out of 100
Updating learning rate to 0.0025
Epoch: 89 cost time: 1.067995548248291
Epoch: 89, Steps: 32 | Train Loss: 0.1057187 Vali Loss: 0.2856195 Test Loss: 1.5959985
EarlyStopping counter: 74 out of 100
Updating learning rate to 0.0025
Epoch: 90 cost time: 1.053553819656372
Epoch: 90, Steps: 32 | Train Loss: 0.0935951 Vali Loss: 0.3327411 Test Loss: 1.4676386
EarlyStopping counter: 75 out of 100
Updating learning rate to 0.0025
Epoch: 91 cost time: 1.0592217445373535
Epoch: 91, Steps: 32 | Train Loss: 0.0907049 Vali Loss: 0.3075554 Test Loss: 1.5688167
EarlyStopping counter: 76 out of 100
Updating learning rate to 0.0025
Epoch: 92 cost time: 1.0553247928619385
Epoch: 92, Steps: 32 | Train Loss: 0.0933395 Vali Loss: 0.3354323 Test Loss: 1.5745744
EarlyStopping counter: 77 out of 100
Updating learning rate to 0.0025
Epoch: 93 cost time: 1.058103084564209
Epoch: 93, Steps: 32 | Train Loss: 0.0904688 Vali Loss: 0.2736427 Test Loss: 1.5629812
EarlyStopping counter: 78 out of 100
Updating learning rate to 0.0025
Epoch: 94 cost time: 1.0586986541748047
Epoch: 94, Steps: 32 | Train Loss: 0.0903919 Vali Loss: 0.3047157 Test Loss: 1.6142608
EarlyStopping counter: 79 out of 100
Updating learning rate to 0.0025
Epoch: 95 cost time: 1.0540854930877686
Epoch: 95, Steps: 32 | Train Loss: 0.0946736 Vali Loss: 0.3099164 Test Loss: 1.5694623
EarlyStopping counter: 80 out of 100
Updating learning rate to 0.0025
Epoch: 96 cost time: 1.0629949569702148
Epoch: 96, Steps: 32 | Train Loss: 0.0929821 Vali Loss: 0.3133310 Test Loss: 1.5369867
EarlyStopping counter: 81 out of 100
Updating learning rate to 0.0025
Epoch: 97 cost time: 1.0608108043670654
Epoch: 97, Steps: 32 | Train Loss: 0.0909355 Vali Loss: 0.3075272 Test Loss: 1.5021839
EarlyStopping counter: 82 out of 100
Updating learning rate to 0.0025
Epoch: 98 cost time: 1.0628235340118408
Epoch: 98, Steps: 32 | Train Loss: 0.0897874 Vali Loss: 0.3290098 Test Loss: 1.4029725
EarlyStopping counter: 83 out of 100
Updating learning rate to 0.0025
Epoch: 99 cost time: 1.0633065700531006
Epoch: 99, Steps: 32 | Train Loss: 0.0872048 Vali Loss: 0.3193738 Test Loss: 1.5245782
EarlyStopping counter: 84 out of 100
Updating learning rate to 0.0025
Epoch: 100 cost time: 1.056405782699585
Epoch: 100, Steps: 32 | Train Loss: 0.0825887 Vali Loss: 0.3053807 Test Loss: 1.4890074
EarlyStopping counter: 85 out of 100
Updating learning rate to 0.0025
>>>>>>>testing : NL_illness_flatten_lr0.0001_always_104_48_PatchTST_custom_ftM_sl104_ll48_pl48_dm16_nh4_el3_dl1_df128_fc1_ebtimeF_dtTruelr0.0001_pol_always_Nested_Learning_0<<<<<<<<<<<<<<<<<<<<<<<<<<<<<<<<<
test 146
 Ejecutando Inferencia DINÁMICA (Nested Learning con flatten)
  -> Política: always | LR: 0.0001 | Target: head

RESUMEN: El CMS se actualizó 9 veces de 9 posibles.

mse:1.4250383377075195, mae:0.7978016138076782, rse:0.5710409283638
Args in experiment:
Namespace(random_seed=2021, is_training=1, model_id='NL_illness_flatten_lr0.0001_always_104_60', model='PatchTST', data='custom', root_path='./dataset/', data_path='national_illness.csv', features='M', target='OT', freq='h', checkpoints='./checkpoints/', seq_len=104, label_len=48, pred_len=60, head_type='flatten', cms_lr=0.0001, update_policy='always', fc_dropout=0.3, head_dropout=0.0, patch_len=24, stride=2, padding_patch='end', revin=1, affine=0, subtract_last=0, decomposition=0, kernel_size=25, individual=1, embed_type=0, enc_in=7, dec_in=7, c_out=7, d_model=16, n_heads=4, e_layers=3, d_layers=1, d_ff=128, moving_avg=25, factor=1, distil=True, dropout=0.3, embed='timeF', activation='gelu', output_attention=False, do_predict=False, num_workers=0, itr=1, train_epochs=100, batch_size=16, patience=100, learning_rate=0.0025, des='Nested_Learning', loss='mse', lradj='constant', pct_start=0.3, use_amp=False, use_gpu=True, gpu=0, use_multi_gpu=False, devices='0,1,2,3', test_flop=False)
Use GPU: cuda:0
>>>>>>>start training : NL_illness_flatten_lr0.0001_always_104_60_PatchTST_custom_ftM_sl104_ll48_pl60_dm16_nh4_el3_dl1_df128_fc1_ebtimeF_dtTruelr0.0001_pol_always_Nested_Learning_0>>>>>>>>>>>>>>>>>>>>>>>>>>
train 513
val 38
test 134
Epoch: 1 cost time: 1.3641560077667236
Epoch: 1, Steps: 32 | Train Loss: 1.0146223 Vali Loss: 0.4266700 Test Loss: 3.2908242
Validation loss decreased (inf --> 0.426670).  Saving model ...
Updating learning rate to 0.0025
Epoch: 2 cost time: 1.0954477787017822
Epoch: 2, Steps: 32 | Train Loss: 0.8810594 Vali Loss: 0.6660913 Test Loss: 2.0124485
EarlyStopping counter: 1 out of 100
Updating learning rate to 0.0025
Epoch: 3 cost time: 1.0717639923095703
Epoch: 3, Steps: 32 | Train Loss: 0.5864427 Vali Loss: 0.3180855 Test Loss: 1.7641838
Validation loss decreased (0.426670 --> 0.318086).  Saving model ...
Updating learning rate to 0.0025
Epoch: 4 cost time: 1.1009643077850342
Epoch: 4, Steps: 32 | Train Loss: 0.4847976 Vali Loss: 0.2374289 Test Loss: 1.8022709
Validation loss decreased (0.318086 --> 0.237429).  Saving model ...
Updating learning rate to 0.0025
Epoch: 5 cost time: 1.0908386707305908
Epoch: 5, Steps: 32 | Train Loss: 0.4274722 Vali Loss: 0.2911010 Test Loss: 2.1414671
EarlyStopping counter: 1 out of 100
Updating learning rate to 0.0025
Epoch: 6 cost time: 1.053438663482666
Epoch: 6, Steps: 32 | Train Loss: 0.4134964 Vali Loss: 0.2809366 Test Loss: 2.1403761
EarlyStopping counter: 2 out of 100
Updating learning rate to 0.0025
Epoch: 7 cost time: 1.0693583488464355
Epoch: 7, Steps: 32 | Train Loss: 0.3881361 Vali Loss: 0.2394336 Test Loss: 1.6211787
EarlyStopping counter: 3 out of 100
Updating learning rate to 0.0025
Epoch: 8 cost time: 1.0800542831420898
Epoch: 8, Steps: 32 | Train Loss: 0.3744765 Vali Loss: 0.2748115 Test Loss: 1.7301658
EarlyStopping counter: 4 out of 100
Updating learning rate to 0.0025
Epoch: 9 cost time: 1.0916244983673096
Epoch: 9, Steps: 32 | Train Loss: 0.3478950 Vali Loss: 0.2554700 Test Loss: 1.6962628
EarlyStopping counter: 5 out of 100
Updating learning rate to 0.0025
Epoch: 10 cost time: 1.0907442569732666
Epoch: 10, Steps: 32 | Train Loss: 0.3401247 Vali Loss: 0.2462383 Test Loss: 1.8641012
EarlyStopping counter: 6 out of 100
Updating learning rate to 0.0025
Epoch: 11 cost time: 1.0918505191802979
Epoch: 11, Steps: 32 | Train Loss: 0.3132061 Vali Loss: 0.2474895 Test Loss: 1.6850159
EarlyStopping counter: 7 out of 100
Updating learning rate to 0.0025
Epoch: 12 cost time: 1.0769777297973633
Epoch: 12, Steps: 32 | Train Loss: 0.2841488 Vali Loss: 0.2848543 Test Loss: 1.4154112
EarlyStopping counter: 8 out of 100
Updating learning rate to 0.0025
Epoch: 13 cost time: 1.0948820114135742
Epoch: 13, Steps: 32 | Train Loss: 0.2740547 Vali Loss: 0.2760120 Test Loss: 1.6556567
EarlyStopping counter: 9 out of 100
Updating learning rate to 0.0025
Epoch: 14 cost time: 1.0912344455718994
Epoch: 14, Steps: 32 | Train Loss: 0.2502207 Vali Loss: 0.2372477 Test Loss: 1.5321503
Validation loss decreased (0.237429 --> 0.237248).  Saving model ...
Updating learning rate to 0.0025
Epoch: 15 cost time: 1.109544038772583
Epoch: 15, Steps: 32 | Train Loss: 0.2343086 Vali Loss: 0.2776297 Test Loss: 1.4628890
EarlyStopping counter: 1 out of 100
Updating learning rate to 0.0025
Epoch: 16 cost time: 1.0710914134979248
Epoch: 16, Steps: 32 | Train Loss: 0.2151601 Vali Loss: 0.2665470 Test Loss: 1.4704032
EarlyStopping counter: 2 out of 100
Updating learning rate to 0.0025
Epoch: 17 cost time: 1.0735845565795898
Epoch: 17, Steps: 32 | Train Loss: 0.2150433 Vali Loss: 0.2445295 Test Loss: 1.6335560
EarlyStopping counter: 3 out of 100
Updating learning rate to 0.0025
Epoch: 18 cost time: 1.07261061668396
Epoch: 18, Steps: 32 | Train Loss: 0.2149606 Vali Loss: 0.3504851 Test Loss: 1.5107075
EarlyStopping counter: 4 out of 100
Updating learning rate to 0.0025
Epoch: 19 cost time: 1.063842535018921
Epoch: 19, Steps: 32 | Train Loss: 0.1996642 Vali Loss: 0.2720248 Test Loss: 1.4329696
EarlyStopping counter: 5 out of 100
Updating learning rate to 0.0025
Epoch: 20 cost time: 1.0700194835662842
Epoch: 20, Steps: 32 | Train Loss: 0.1898200 Vali Loss: 0.2581821 Test Loss: 1.4000765
EarlyStopping counter: 6 out of 100
Updating learning rate to 0.0025
Epoch: 21 cost time: 1.0635037422180176
Epoch: 21, Steps: 32 | Train Loss: 0.1845926 Vali Loss: 0.2510219 Test Loss: 1.4964134
EarlyStopping counter: 7 out of 100
Updating learning rate to 0.0025
Epoch: 22 cost time: 1.0643081665039062
Epoch: 22, Steps: 32 | Train Loss: 0.1808280 Vali Loss: 0.2882837 Test Loss: 1.3653624
EarlyStopping counter: 8 out of 100
Updating learning rate to 0.0025
Epoch: 23 cost time: 1.066796064376831
Epoch: 23, Steps: 32 | Train Loss: 0.1784218 Vali Loss: 0.2627553 Test Loss: 1.5452940
EarlyStopping counter: 9 out of 100
Updating learning rate to 0.0025
Epoch: 24 cost time: 1.0723650455474854
Epoch: 24, Steps: 32 | Train Loss: 0.1778957 Vali Loss: 0.2829671 Test Loss: 1.4100347
EarlyStopping counter: 10 out of 100
Updating learning rate to 0.0025
Epoch: 25 cost time: 1.0641815662384033
Epoch: 25, Steps: 32 | Train Loss: 0.1673270 Vali Loss: 0.2688199 Test Loss: 1.5058628
EarlyStopping counter: 11 out of 100
Updating learning rate to 0.0025
Epoch: 26 cost time: 1.070862054824829
Epoch: 26, Steps: 32 | Train Loss: 0.1641471 Vali Loss: 0.2965682 Test Loss: 1.3752172
EarlyStopping counter: 12 out of 100
Updating learning rate to 0.0025
Epoch: 27 cost time: 1.0740180015563965
Epoch: 27, Steps: 32 | Train Loss: 0.1553555 Vali Loss: 0.2893873 Test Loss: 1.4320207
EarlyStopping counter: 13 out of 100
Updating learning rate to 0.0025
Epoch: 28 cost time: 1.0733871459960938
Epoch: 28, Steps: 32 | Train Loss: 0.1528359 Vali Loss: 0.2898967 Test Loss: 1.4124928
EarlyStopping counter: 14 out of 100
Updating learning rate to 0.0025
Epoch: 29 cost time: 1.0807254314422607
Epoch: 29, Steps: 32 | Train Loss: 0.1475099 Vali Loss: 0.2911811 Test Loss: 1.4618731
EarlyStopping counter: 15 out of 100
Updating learning rate to 0.0025
Epoch: 30 cost time: 1.0844173431396484
Epoch: 30, Steps: 32 | Train Loss: 0.1485053 Vali Loss: 0.2865460 Test Loss: 1.5615568
EarlyStopping counter: 16 out of 100
Updating learning rate to 0.0025
Epoch: 31 cost time: 1.0710980892181396
Epoch: 31, Steps: 32 | Train Loss: 0.1488736 Vali Loss: 0.2912632 Test Loss: 1.4250017
EarlyStopping counter: 17 out of 100
Updating learning rate to 0.0025
Epoch: 32 cost time: 1.0686426162719727
Epoch: 32, Steps: 32 | Train Loss: 0.1444798 Vali Loss: 0.2892098 Test Loss: 1.4227784
EarlyStopping counter: 18 out of 100
Updating learning rate to 0.0025
Epoch: 33 cost time: 1.0697102546691895
Epoch: 33, Steps: 32 | Train Loss: 0.1403745 Vali Loss: 0.2700667 Test Loss: 1.5256602
EarlyStopping counter: 19 out of 100
Updating learning rate to 0.0025
Epoch: 34 cost time: 1.067195177078247
Epoch: 34, Steps: 32 | Train Loss: 0.1508382 Vali Loss: 0.3159227 Test Loss: 1.3941246
EarlyStopping counter: 20 out of 100
Updating learning rate to 0.0025
Epoch: 35 cost time: 1.067617654800415
Epoch: 35, Steps: 32 | Train Loss: 0.1403536 Vali Loss: 0.2981938 Test Loss: 1.5433258
EarlyStopping counter: 21 out of 100
Updating learning rate to 0.0025
Epoch: 36 cost time: 1.0749030113220215
Epoch: 36, Steps: 32 | Train Loss: 0.1364384 Vali Loss: 0.3108357 Test Loss: 1.4785590
EarlyStopping counter: 22 out of 100
Updating learning rate to 0.0025
Epoch: 37 cost time: 1.077458381652832
Epoch: 37, Steps: 32 | Train Loss: 0.1358502 Vali Loss: 0.3218310 Test Loss: 1.3339102
EarlyStopping counter: 23 out of 100
Updating learning rate to 0.0025
Epoch: 38 cost time: 1.0706677436828613
Epoch: 38, Steps: 32 | Train Loss: 0.1333017 Vali Loss: 0.3016964 Test Loss: 1.3595059
EarlyStopping counter: 24 out of 100
Updating learning rate to 0.0025
Epoch: 39 cost time: 1.0641467571258545
Epoch: 39, Steps: 32 | Train Loss: 0.1314170 Vali Loss: 0.3180173 Test Loss: 1.3624533
EarlyStopping counter: 25 out of 100
Updating learning rate to 0.0025
Epoch: 40 cost time: 1.0726408958435059
Epoch: 40, Steps: 32 | Train Loss: 0.1294613 Vali Loss: 0.2885904 Test Loss: 1.4497981
EarlyStopping counter: 26 out of 100
Updating learning rate to 0.0025
Epoch: 41 cost time: 1.0702099800109863
Epoch: 41, Steps: 32 | Train Loss: 0.1280767 Vali Loss: 0.3057288 Test Loss: 1.5022911
EarlyStopping counter: 27 out of 100
Updating learning rate to 0.0025
Epoch: 42 cost time: 1.0731406211853027
Epoch: 42, Steps: 32 | Train Loss: 0.1246932 Vali Loss: 0.3058884 Test Loss: 1.3486392
EarlyStopping counter: 28 out of 100
Updating learning rate to 0.0025
Epoch: 43 cost time: 1.0738446712493896
Epoch: 43, Steps: 32 | Train Loss: 0.1303286 Vali Loss: 0.3182044 Test Loss: 1.4850408
EarlyStopping counter: 29 out of 100
Updating learning rate to 0.0025
Epoch: 44 cost time: 1.0836997032165527
Epoch: 44, Steps: 32 | Train Loss: 0.1254090 Vali Loss: 0.3002368 Test Loss: 1.4852339
EarlyStopping counter: 30 out of 100
Updating learning rate to 0.0025
Epoch: 45 cost time: 1.0686311721801758
Epoch: 45, Steps: 32 | Train Loss: 0.1253443 Vali Loss: 0.3116378 Test Loss: 1.3592067
EarlyStopping counter: 31 out of 100
Updating learning rate to 0.0025
Epoch: 46 cost time: 1.072371482849121
Epoch: 46, Steps: 32 | Train Loss: 0.1257586 Vali Loss: 0.3017753 Test Loss: 1.5112419
EarlyStopping counter: 32 out of 100
Updating learning rate to 0.0025
Epoch: 47 cost time: 1.0694663524627686
Epoch: 47, Steps: 32 | Train Loss: 0.1223684 Vali Loss: 0.3475996 Test Loss: 1.4645580
EarlyStopping counter: 33 out of 100
Updating learning rate to 0.0025
Epoch: 48 cost time: 1.0649781227111816
Epoch: 48, Steps: 32 | Train Loss: 0.1199138 Vali Loss: 0.3307869 Test Loss: 1.3652158
EarlyStopping counter: 34 out of 100
Updating learning rate to 0.0025
Epoch: 49 cost time: 1.068875789642334
Epoch: 49, Steps: 32 | Train Loss: 0.1195620 Vali Loss: 0.3590226 Test Loss: 1.4386752
EarlyStopping counter: 35 out of 100
Updating learning rate to 0.0025
Epoch: 50 cost time: 1.0644783973693848
Epoch: 50, Steps: 32 | Train Loss: 0.1194201 Vali Loss: 0.3324908 Test Loss: 1.4479465
EarlyStopping counter: 36 out of 100
Updating learning rate to 0.0025
Epoch: 51 cost time: 1.0674631595611572
Epoch: 51, Steps: 32 | Train Loss: 0.1173609 Vali Loss: 0.3039480 Test Loss: 1.4342036
EarlyStopping counter: 37 out of 100
Updating learning rate to 0.0025
Epoch: 52 cost time: 1.0640358924865723
Epoch: 52, Steps: 32 | Train Loss: 0.1160747 Vali Loss: 0.3517188 Test Loss: 1.3868169
EarlyStopping counter: 38 out of 100
Updating learning rate to 0.0025
Epoch: 53 cost time: 1.0584585666656494
Epoch: 53, Steps: 32 | Train Loss: 0.1131548 Vali Loss: 0.3856208 Test Loss: 1.2389503
EarlyStopping counter: 39 out of 100
Updating learning rate to 0.0025
Epoch: 54 cost time: 1.067885160446167
Epoch: 54, Steps: 32 | Train Loss: 0.1144313 Vali Loss: 0.2881133 Test Loss: 1.5072680
EarlyStopping counter: 40 out of 100
Updating learning rate to 0.0025
Epoch: 55 cost time: 1.0698058605194092
Epoch: 55, Steps: 32 | Train Loss: 0.1140786 Vali Loss: 0.3448827 Test Loss: 1.3487204
EarlyStopping counter: 41 out of 100
Updating learning rate to 0.0025
Epoch: 56 cost time: 1.064877986907959
Epoch: 56, Steps: 32 | Train Loss: 0.1124017 Vali Loss: 0.3348248 Test Loss: 1.3593651
EarlyStopping counter: 42 out of 100
Updating learning rate to 0.0025
Epoch: 57 cost time: 1.0697479248046875
Epoch: 57, Steps: 32 | Train Loss: 0.1093402 Vali Loss: 0.3285696 Test Loss: 1.4407344
EarlyStopping counter: 43 out of 100
Updating learning rate to 0.0025
Epoch: 58 cost time: 1.0807530879974365
Epoch: 58, Steps: 32 | Train Loss: 0.1078333 Vali Loss: 0.3115039 Test Loss: 1.4265678
EarlyStopping counter: 44 out of 100
Updating learning rate to 0.0025
Epoch: 59 cost time: 1.0904605388641357
Epoch: 59, Steps: 32 | Train Loss: 0.1038349 Vali Loss: 0.3569496 Test Loss: 1.3446828
EarlyStopping counter: 45 out of 100
Updating learning rate to 0.0025
Epoch: 60 cost time: 1.0956571102142334
Epoch: 60, Steps: 32 | Train Loss: 0.1079012 Vali Loss: 0.3123753 Test Loss: 1.4403598
EarlyStopping counter: 46 out of 100
Updating learning rate to 0.0025
Epoch: 61 cost time: 1.1016559600830078
Epoch: 61, Steps: 32 | Train Loss: 0.1080675 Vali Loss: 0.3751443 Test Loss: 1.3026915
EarlyStopping counter: 47 out of 100
Updating learning rate to 0.0025
Epoch: 62 cost time: 1.0949199199676514
Epoch: 62, Steps: 32 | Train Loss: 0.1071726 Vali Loss: 0.2965426 Test Loss: 1.5025470
EarlyStopping counter: 48 out of 100
Updating learning rate to 0.0025
Epoch: 63 cost time: 1.0997331142425537
Epoch: 63, Steps: 32 | Train Loss: 0.1100156 Vali Loss: 0.3400735 Test Loss: 1.3964829
EarlyStopping counter: 49 out of 100
Updating learning rate to 0.0025
Epoch: 64 cost time: 1.0914950370788574
Epoch: 64, Steps: 32 | Train Loss: 0.1080737 Vali Loss: 0.3765438 Test Loss: 1.3516823
EarlyStopping counter: 50 out of 100
Updating learning rate to 0.0025
Epoch: 65 cost time: 1.0743868350982666
Epoch: 65, Steps: 32 | Train Loss: 0.1041977 Vali Loss: 0.3222151 Test Loss: 1.3893371
EarlyStopping counter: 51 out of 100
Updating learning rate to 0.0025
Epoch: 66 cost time: 1.0793793201446533
Epoch: 66, Steps: 32 | Train Loss: 0.1005776 Vali Loss: 0.3644494 Test Loss: 1.3493495
EarlyStopping counter: 52 out of 100
Updating learning rate to 0.0025
Epoch: 67 cost time: 1.058866024017334
Epoch: 67, Steps: 32 | Train Loss: 0.1021469 Vali Loss: 0.3176654 Test Loss: 1.4597254
EarlyStopping counter: 53 out of 100
Updating learning rate to 0.0025
Epoch: 68 cost time: 1.0760869979858398
Epoch: 68, Steps: 32 | Train Loss: 0.0986053 Vali Loss: 0.3480238 Test Loss: 1.4197255
EarlyStopping counter: 54 out of 100
Updating learning rate to 0.0025
Epoch: 69 cost time: 1.0712103843688965
Epoch: 69, Steps: 32 | Train Loss: 0.0982794 Vali Loss: 0.3676516 Test Loss: 1.3308259
EarlyStopping counter: 55 out of 100
Updating learning rate to 0.0025
Epoch: 70 cost time: 1.077754259109497
Epoch: 70, Steps: 32 | Train Loss: 0.0969277 Vali Loss: 0.3364017 Test Loss: 1.4480900
EarlyStopping counter: 56 out of 100
Updating learning rate to 0.0025
Epoch: 71 cost time: 1.0703473091125488
Epoch: 71, Steps: 32 | Train Loss: 0.0976136 Vali Loss: 0.3252595 Test Loss: 1.4951913
EarlyStopping counter: 57 out of 100
Updating learning rate to 0.0025
Epoch: 72 cost time: 1.067702054977417
Epoch: 72, Steps: 32 | Train Loss: 0.0954991 Vali Loss: 0.3495137 Test Loss: 1.4418163
EarlyStopping counter: 58 out of 100
Updating learning rate to 0.0025
Epoch: 73 cost time: 1.0744998455047607
Epoch: 73, Steps: 32 | Train Loss: 0.0969608 Vali Loss: 0.3396274 Test Loss: 1.3909233
EarlyStopping counter: 59 out of 100
Updating learning rate to 0.0025
Epoch: 74 cost time: 1.0773327350616455
Epoch: 74, Steps: 32 | Train Loss: 0.1010343 Vali Loss: 0.3184130 Test Loss: 1.5209911
EarlyStopping counter: 60 out of 100
Updating learning rate to 0.0025
Epoch: 75 cost time: 1.06303071975708
Epoch: 75, Steps: 32 | Train Loss: 0.0963691 Vali Loss: 0.3550012 Test Loss: 1.2570300
EarlyStopping counter: 61 out of 100
Updating learning rate to 0.0025
Epoch: 76 cost time: 1.0616323947906494
Epoch: 76, Steps: 32 | Train Loss: 0.0983158 Vali Loss: 0.3694984 Test Loss: 1.3390737
EarlyStopping counter: 62 out of 100
Updating learning rate to 0.0025
Epoch: 77 cost time: 1.0597920417785645
Epoch: 77, Steps: 32 | Train Loss: 0.0961513 Vali Loss: 0.3271290 Test Loss: 1.4571350
EarlyStopping counter: 63 out of 100
Updating learning rate to 0.0025
Epoch: 78 cost time: 1.0696966648101807
Epoch: 78, Steps: 32 | Train Loss: 0.0956953 Vali Loss: 0.3547443 Test Loss: 1.4065564
EarlyStopping counter: 64 out of 100
Updating learning rate to 0.0025
Epoch: 79 cost time: 1.0536987781524658
Epoch: 79, Steps: 32 | Train Loss: 0.0929796 Vali Loss: 0.3445472 Test Loss: 1.4490340
EarlyStopping counter: 65 out of 100
Updating learning rate to 0.0025
Epoch: 80 cost time: 1.0738880634307861
Epoch: 80, Steps: 32 | Train Loss: 0.0923457 Vali Loss: 0.3632303 Test Loss: 1.3288671
EarlyStopping counter: 66 out of 100
Updating learning rate to 0.0025
Epoch: 81 cost time: 1.0669474601745605
Epoch: 81, Steps: 32 | Train Loss: 0.1002915 Vali Loss: 0.3863392 Test Loss: 1.3567448
EarlyStopping counter: 67 out of 100
Updating learning rate to 0.0025
Epoch: 82 cost time: 1.0759201049804688
Epoch: 82, Steps: 32 | Train Loss: 0.0973790 Vali Loss: 0.3425848 Test Loss: 1.4180819
EarlyStopping counter: 68 out of 100
Updating learning rate to 0.0025
Epoch: 83 cost time: 1.0646328926086426
Epoch: 83, Steps: 32 | Train Loss: 0.0922233 Vali Loss: 0.3304802 Test Loss: 1.4915559
EarlyStopping counter: 69 out of 100
Updating learning rate to 0.0025
Epoch: 84 cost time: 1.0645699501037598
Epoch: 84, Steps: 32 | Train Loss: 0.0943634 Vali Loss: 0.3621219 Test Loss: 1.4089499
EarlyStopping counter: 70 out of 100
Updating learning rate to 0.0025
Epoch: 85 cost time: 1.0706870555877686
Epoch: 85, Steps: 32 | Train Loss: 0.0937562 Vali Loss: 0.3383166 Test Loss: 1.4237058
EarlyStopping counter: 71 out of 100
Updating learning rate to 0.0025
Epoch: 86 cost time: 1.0712292194366455
Epoch: 86, Steps: 32 | Train Loss: 0.0894461 Vali Loss: 0.3396300 Test Loss: 1.4244378
EarlyStopping counter: 72 out of 100
Updating learning rate to 0.0025
Epoch: 87 cost time: 1.0726256370544434
Epoch: 87, Steps: 32 | Train Loss: 0.0926486 Vali Loss: 0.3414566 Test Loss: 1.3987035
EarlyStopping counter: 73 out of 100
Updating learning rate to 0.0025
Epoch: 88 cost time: 1.0705881118774414
Epoch: 88, Steps: 32 | Train Loss: 0.0948903 Vali Loss: 0.3241940 Test Loss: 1.4547501
EarlyStopping counter: 74 out of 100
Updating learning rate to 0.0025
Epoch: 89 cost time: 1.0667345523834229
Epoch: 89, Steps: 32 | Train Loss: 0.0934810 Vali Loss: 0.2771882 Test Loss: 1.4940665
EarlyStopping counter: 75 out of 100
Updating learning rate to 0.0025
Epoch: 90 cost time: 1.06801438331604
Epoch: 90, Steps: 32 | Train Loss: 0.0938679 Vali Loss: 0.3687760 Test Loss: 1.2175553
EarlyStopping counter: 76 out of 100
Updating learning rate to 0.0025
Epoch: 91 cost time: 1.0676958560943604
Epoch: 91, Steps: 32 | Train Loss: 0.0909097 Vali Loss: 0.3044937 Test Loss: 1.5743251
EarlyStopping counter: 77 out of 100
Updating learning rate to 0.0025
Epoch: 92 cost time: 1.0680749416351318
Epoch: 92, Steps: 32 | Train Loss: 0.0970254 Vali Loss: 0.3600010 Test Loss: 1.3763002
EarlyStopping counter: 78 out of 100
Updating learning rate to 0.0025
Epoch: 93 cost time: 1.0707664489746094
Epoch: 93, Steps: 32 | Train Loss: 0.0909391 Vali Loss: 0.3179186 Test Loss: 1.5780009
EarlyStopping counter: 79 out of 100
Updating learning rate to 0.0025
Epoch: 94 cost time: 1.0713388919830322
Epoch: 94, Steps: 32 | Train Loss: 0.0907652 Vali Loss: 0.3733641 Test Loss: 1.4015057
EarlyStopping counter: 80 out of 100
Updating learning rate to 0.0025
Epoch: 95 cost time: 1.0700385570526123
Epoch: 95, Steps: 32 | Train Loss: 0.0886122 Vali Loss: 0.3488245 Test Loss: 1.3131849
EarlyStopping counter: 81 out of 100
Updating learning rate to 0.0025
Epoch: 96 cost time: 1.0669748783111572
Epoch: 96, Steps: 32 | Train Loss: 0.0886727 Vali Loss: 0.3261313 Test Loss: 1.3775179
EarlyStopping counter: 82 out of 100
Updating learning rate to 0.0025
Epoch: 97 cost time: 1.0702197551727295
Epoch: 97, Steps: 32 | Train Loss: 0.0874253 Vali Loss: 0.3411486 Test Loss: 1.3460892
EarlyStopping counter: 83 out of 100
Updating learning rate to 0.0025
Epoch: 98 cost time: 1.0749828815460205
Epoch: 98, Steps: 32 | Train Loss: 0.0915908 Vali Loss: 0.2892553 Test Loss: 1.4069490
EarlyStopping counter: 84 out of 100
Updating learning rate to 0.0025
Epoch: 99 cost time: 1.0659737586975098
Epoch: 99, Steps: 32 | Train Loss: 0.0867635 Vali Loss: 0.3473882 Test Loss: 1.3561239
EarlyStopping counter: 85 out of 100
Updating learning rate to 0.0025
Epoch: 100 cost time: 1.067234754562378
Epoch: 100, Steps: 32 | Train Loss: 0.0883061 Vali Loss: 0.3151863 Test Loss: 1.4500358
EarlyStopping counter: 86 out of 100
Updating learning rate to 0.0025
>>>>>>>testing : NL_illness_flatten_lr0.0001_always_104_60_PatchTST_custom_ftM_sl104_ll48_pl60_dm16_nh4_el3_dl1_df128_fc1_ebtimeF_dtTruelr0.0001_pol_always_Nested_Learning_0<<<<<<<<<<<<<<<<<<<<<<<<<<<<<<<<<
test 134
 Ejecutando Inferencia DINÁMICA (Nested Learning con flatten)
  -> Política: always | LR: 0.0001 | Target: head

RESUMEN: El CMS se actualizó 8 veces de 8 posibles.

mse:1.490728497505188, mae:0.7843799591064453, rse:0.583423912525177
