==========================================================
SÚPER ARRAY TFG - TAREA ID: 16 / 113
Nodo: dionisio
Dataset: etth1 | Experimento: NL_etth1_cms3_lr0.00005_5steps
Cabeza: cms3 | LR: 0.00005 | Política: 5steps
==========================================================
Args in experiment:
Namespace(random_seed=2021, is_training=1, model_id='NL_etth1_cms3_lr0.00005_5steps_336_96', model='PatchTST', data='ETTh1', root_path='./dataset/', data_path='ETTh1.csv', features='M', target='OT', freq='h', checkpoints='./checkpoints/', seq_len=336, label_len=48, pred_len=96, head_type='cms3', cms_lr=5e-05, update_policy='5steps', fc_dropout=0.3, head_dropout=0.0, patch_len=16, stride=8, padding_patch='end', revin=1, affine=0, subtract_last=0, decomposition=0, kernel_size=25, individual=0, embed_type=0, enc_in=7, dec_in=7, c_out=7, d_model=16, n_heads=4, e_layers=3, d_layers=1, d_ff=128, moving_avg=25, factor=1, distil=True, dropout=0.3, embed='timeF', activation='gelu', output_attention=False, do_predict=False, num_workers=0, itr=1, train_epochs=100, batch_size=128, patience=100, learning_rate=0.0001, des='Nested_Learning', loss='mse', lradj='type3', pct_start=0.3, use_amp=False, use_gpu=True, gpu=0, use_multi_gpu=False, devices='0,1,2,3', test_flop=False)
Use GPU: cuda:0
>>>>>>>start training : NL_etth1_cms3_lr0.00005_5steps_336_96_PatchTST_ETTh1_ftM_sl336_ll48_pl96_dm16_nh4_el3_dl1_df128_fc1_ebtimeF_dtTruelr5e-05_pol5steps_Nested_Learning_0>>>>>>>>>>>>>>>>>>>>>>>>>>
train 8209
val 2785
test 2785
Epoch: 1 cost time: 2.6542186737060547
Epoch: 1, Steps: 64 | Train Loss: 0.7558829 Vali Loss: 1.5318483 Test Loss: 0.8554183
Validation loss decreased (inf --> 1.531848).  Saving model ...
Updating learning rate to 0.0001
Epoch: 2 cost time: 1.655348300933838
Epoch: 2, Steps: 64 | Train Loss: 0.7480046 Vali Loss: 1.5028216 Test Loss: 0.8335540
Validation loss decreased (1.531848 --> 1.502822).  Saving model ...
Updating learning rate to 0.0001
Epoch: 3 cost time: 2.296895980834961
Epoch: 3, Steps: 64 | Train Loss: 0.7339358 Vali Loss: 1.4692519 Test Loss: 0.8134933
Validation loss decreased (1.502822 --> 1.469252).  Saving model ...
Updating learning rate to 0.0001
Epoch: 4 cost time: 2.2933425903320312
Epoch: 4, Steps: 64 | Train Loss: 0.7204740 Vali Loss: 1.4454966 Test Loss: 0.7949257
Validation loss decreased (1.469252 --> 1.445497).  Saving model ...
Updating learning rate to 9e-05
Epoch: 5 cost time: 2.290679693222046
Epoch: 5, Steps: 64 | Train Loss: 0.7079282 Vali Loss: 1.4242758 Test Loss: 0.7798488
Validation loss decreased (1.445497 --> 1.424276).  Saving model ...
Updating learning rate to 8.1e-05
Epoch: 6 cost time: 2.2908377647399902
Epoch: 6, Steps: 64 | Train Loss: 0.6978263 Vali Loss: 1.4049191 Test Loss: 0.7666025
Validation loss decreased (1.424276 --> 1.404919).  Saving model ...
Updating learning rate to 7.290000000000001e-05
Epoch: 7 cost time: 2.2886810302734375
Epoch: 7, Steps: 64 | Train Loss: 0.6880731 Vali Loss: 1.3840125 Test Loss: 0.7554970
Validation loss decreased (1.404919 --> 1.384012).  Saving model ...
Updating learning rate to 6.561e-05
Epoch: 8 cost time: 2.2987332344055176
Epoch: 8, Steps: 64 | Train Loss: 0.6800055 Vali Loss: 1.3652277 Test Loss: 0.7460253
Validation loss decreased (1.384012 --> 1.365228).  Saving model ...
Updating learning rate to 5.904900000000001e-05
Epoch: 9 cost time: 2.292630672454834
Epoch: 9, Steps: 64 | Train Loss: 0.6732696 Vali Loss: 1.3590615 Test Loss: 0.7377796
Validation loss decreased (1.365228 --> 1.359061).  Saving model ...
Updating learning rate to 5.3144100000000005e-05
Epoch: 10 cost time: 2.2950241565704346
Epoch: 10, Steps: 64 | Train Loss: 0.6665161 Vali Loss: 1.3443961 Test Loss: 0.7304730
Validation loss decreased (1.359061 --> 1.344396).  Saving model ...
Updating learning rate to 4.782969000000001e-05
Epoch: 11 cost time: 2.2898178100585938
Epoch: 11, Steps: 64 | Train Loss: 0.6612621 Vali Loss: 1.3336241 Test Loss: 0.7244061
Validation loss decreased (1.344396 --> 1.333624).  Saving model ...
Updating learning rate to 4.304672100000001e-05
Epoch: 12 cost time: 2.2908668518066406
Epoch: 12, Steps: 64 | Train Loss: 0.6559656 Vali Loss: 1.3277258 Test Loss: 0.7188919
Validation loss decreased (1.333624 --> 1.327726).  Saving model ...
Updating learning rate to 3.874204890000001e-05
Epoch: 13 cost time: 2.287400245666504
Epoch: 13, Steps: 64 | Train Loss: 0.6518157 Vali Loss: 1.3206440 Test Loss: 0.7140899
Validation loss decreased (1.327726 --> 1.320644).  Saving model ...
Updating learning rate to 3.486784401000001e-05
Epoch: 14 cost time: 2.2941646575927734
Epoch: 14, Steps: 64 | Train Loss: 0.6478971 Vali Loss: 1.3130966 Test Loss: 0.7097036
Validation loss decreased (1.320644 --> 1.313097).  Saving model ...
Updating learning rate to 3.138105960900001e-05
Epoch: 15 cost time: 2.2934131622314453
Epoch: 15, Steps: 64 | Train Loss: 0.6442939 Vali Loss: 1.3062344 Test Loss: 0.7059009
Validation loss decreased (1.313097 --> 1.306234).  Saving model ...
Updating learning rate to 2.824295364810001e-05
Epoch: 16 cost time: 2.3030056953430176
Epoch: 16, Steps: 64 | Train Loss: 0.6412117 Vali Loss: 1.2973039 Test Loss: 0.7024560
Validation loss decreased (1.306234 --> 1.297304).  Saving model ...
Updating learning rate to 2.541865828329001e-05
Epoch: 17 cost time: 2.289658308029175
Epoch: 17, Steps: 64 | Train Loss: 0.6384908 Vali Loss: 1.2908938 Test Loss: 0.6994897
Validation loss decreased (1.297304 --> 1.290894).  Saving model ...
Updating learning rate to 2.287679245496101e-05
Epoch: 18 cost time: 2.295714855194092
Epoch: 18, Steps: 64 | Train Loss: 0.6359848 Vali Loss: 1.2886218 Test Loss: 0.6968492
Validation loss decreased (1.290894 --> 1.288622).  Saving model ...
Updating learning rate to 2.0589113209464907e-05
Epoch: 19 cost time: 2.289207935333252
Epoch: 19, Steps: 64 | Train Loss: 0.6341799 Vali Loss: 1.2886697 Test Loss: 0.6944310
EarlyStopping counter: 1 out of 100
Updating learning rate to 1.8530201888518416e-05
Epoch: 20 cost time: 2.291064500808716
Epoch: 20, Steps: 64 | Train Loss: 0.6320037 Vali Loss: 1.2825910 Test Loss: 0.6922757
Validation loss decreased (1.288622 --> 1.282591).  Saving model ...
Updating learning rate to 1.6677181699666577e-05
Epoch: 21 cost time: 2.2854814529418945
Epoch: 21, Steps: 64 | Train Loss: 0.6304362 Vali Loss: 1.2821772 Test Loss: 0.6904773
Validation loss decreased (1.282591 --> 1.282177).  Saving model ...
Updating learning rate to 1.5009463529699919e-05
Epoch: 22 cost time: 2.3057143688201904
Epoch: 22, Steps: 64 | Train Loss: 0.6284545 Vali Loss: 1.2784412 Test Loss: 0.6886644
Validation loss decreased (1.282177 --> 1.278441).  Saving model ...
Updating learning rate to 1.3508517176729929e-05
Epoch: 23 cost time: 2.290156126022339
Epoch: 23, Steps: 64 | Train Loss: 0.6270429 Vali Loss: 1.2744613 Test Loss: 0.6871058
Validation loss decreased (1.278441 --> 1.274461).  Saving model ...
Updating learning rate to 1.2157665459056936e-05
Epoch: 24 cost time: 2.289304256439209
Epoch: 24, Steps: 64 | Train Loss: 0.6254303 Vali Loss: 1.2720523 Test Loss: 0.6858151
Validation loss decreased (1.274461 --> 1.272052).  Saving model ...
Updating learning rate to 1.0941898913151242e-05
Epoch: 25 cost time: 2.290091037750244
Epoch: 25, Steps: 64 | Train Loss: 0.6250143 Vali Loss: 1.2764101 Test Loss: 0.6846415
EarlyStopping counter: 1 out of 100
Updating learning rate to 9.847709021836118e-06
Epoch: 26 cost time: 2.285233497619629
Epoch: 26, Steps: 64 | Train Loss: 0.6237641 Vali Loss: 1.2724001 Test Loss: 0.6835048
EarlyStopping counter: 2 out of 100
Updating learning rate to 8.862938119652508e-06
Epoch: 27 cost time: 2.281799554824829
Epoch: 27, Steps: 64 | Train Loss: 0.6233830 Vali Loss: 1.2673591 Test Loss: 0.6824519
Validation loss decreased (1.272052 --> 1.267359).  Saving model ...
Updating learning rate to 7.976644307687255e-06
Epoch: 28 cost time: 2.292539596557617
Epoch: 28, Steps: 64 | Train Loss: 0.6218447 Vali Loss: 1.2653425 Test Loss: 0.6816255
Validation loss decreased (1.267359 --> 1.265342).  Saving model ...
Updating learning rate to 7.178979876918531e-06
Epoch: 29 cost time: 2.2901792526245117
Epoch: 29, Steps: 64 | Train Loss: 0.6210448 Vali Loss: 1.2653704 Test Loss: 0.6809185
EarlyStopping counter: 1 out of 100
Updating learning rate to 6.4610818892266776e-06
Epoch: 30 cost time: 2.2875311374664307
Epoch: 30, Steps: 64 | Train Loss: 0.6208148 Vali Loss: 1.2617403 Test Loss: 0.6801252
Validation loss decreased (1.265342 --> 1.261740).  Saving model ...
Updating learning rate to 5.8149737003040096e-06
Epoch: 31 cost time: 2.287275552749634
Epoch: 31, Steps: 64 | Train Loss: 0.6200574 Vali Loss: 1.2648815 Test Loss: 0.6794691
EarlyStopping counter: 1 out of 100
Updating learning rate to 5.23347633027361e-06
Epoch: 32 cost time: 2.2820358276367188
Epoch: 32, Steps: 64 | Train Loss: 0.6191148 Vali Loss: 1.2647703 Test Loss: 0.6788813
EarlyStopping counter: 2 out of 100
Updating learning rate to 4.710128697246249e-06
Epoch: 33 cost time: 2.2856123447418213
Epoch: 33, Steps: 64 | Train Loss: 0.6186280 Vali Loss: 1.2641649 Test Loss: 0.6783568
EarlyStopping counter: 3 out of 100
Updating learning rate to 4.239115827521624e-06
Epoch: 34 cost time: 2.2839138507843018
Epoch: 34, Steps: 64 | Train Loss: 0.6184673 Vali Loss: 1.2602637 Test Loss: 0.6778530
Validation loss decreased (1.261740 --> 1.260264).  Saving model ...
Updating learning rate to 3.815204244769462e-06
Epoch: 35 cost time: 2.2880611419677734
Epoch: 35, Steps: 64 | Train Loss: 0.6185760 Vali Loss: 1.2614313 Test Loss: 0.6775079
EarlyStopping counter: 1 out of 100
Updating learning rate to 3.4336838202925152e-06
Epoch: 36 cost time: 2.283989191055298
Epoch: 36, Steps: 64 | Train Loss: 0.6177117 Vali Loss: 1.2594246 Test Loss: 0.6771342
Validation loss decreased (1.260264 --> 1.259425).  Saving model ...
Updating learning rate to 3.090315438263264e-06
Epoch: 37 cost time: 2.2913405895233154
Epoch: 37, Steps: 64 | Train Loss: 0.6178112 Vali Loss: 1.2584454 Test Loss: 0.6766884
Validation loss decreased (1.259425 --> 1.258445).  Saving model ...
Updating learning rate to 2.7812838944369375e-06
Epoch: 38 cost time: 2.2922027111053467
Epoch: 38, Steps: 64 | Train Loss: 0.6168015 Vali Loss: 1.2567753 Test Loss: 0.6764190
Validation loss decreased (1.258445 --> 1.256775).  Saving model ...
Updating learning rate to 2.503155504993244e-06
Epoch: 39 cost time: 2.290174961090088
Epoch: 39, Steps: 64 | Train Loss: 0.6169938 Vali Loss: 1.2555740 Test Loss: 0.6762095
Validation loss decreased (1.256775 --> 1.255574).  Saving model ...
Updating learning rate to 2.2528399544939195e-06
Epoch: 40 cost time: 2.2907919883728027
Epoch: 40, Steps: 64 | Train Loss: 0.6167136 Vali Loss: 1.2545805 Test Loss: 0.6759711
Validation loss decreased (1.255574 --> 1.254580).  Saving model ...
Updating learning rate to 2.0275559590445276e-06
Epoch: 41 cost time: 2.2909510135650635
Epoch: 41, Steps: 64 | Train Loss: 0.6165512 Vali Loss: 1.2580339 Test Loss: 0.6757325
EarlyStopping counter: 1 out of 100
Updating learning rate to 1.8248003631400751e-06
Epoch: 42 cost time: 2.2892982959747314
Epoch: 42, Steps: 64 | Train Loss: 0.6164101 Vali Loss: 1.2578890 Test Loss: 0.6756185
EarlyStopping counter: 2 out of 100
Updating learning rate to 1.6423203268260676e-06
Epoch: 43 cost time: 2.293717861175537
Epoch: 43, Steps: 64 | Train Loss: 0.6159521 Vali Loss: 1.2568444 Test Loss: 0.6753501
EarlyStopping counter: 3 out of 100
Updating learning rate to 1.4780882941434609e-06
Epoch: 44 cost time: 2.284424066543579
Epoch: 44, Steps: 64 | Train Loss: 0.6160733 Vali Loss: 1.2541151 Test Loss: 0.6752728
Validation loss decreased (1.254580 --> 1.254115).  Saving model ...
Updating learning rate to 1.3302794647291146e-06
Epoch: 45 cost time: 2.290792226791382
Epoch: 45, Steps: 64 | Train Loss: 0.6160532 Vali Loss: 1.2561221 Test Loss: 0.6750498
EarlyStopping counter: 1 out of 100
Updating learning rate to 1.1972515182562034e-06
Epoch: 46 cost time: 2.2826905250549316
Epoch: 46, Steps: 64 | Train Loss: 0.6157232 Vali Loss: 1.2542082 Test Loss: 0.6749415
EarlyStopping counter: 2 out of 100
Updating learning rate to 1.077526366430583e-06
Epoch: 47 cost time: 2.29142427444458
Epoch: 47, Steps: 64 | Train Loss: 0.6151767 Vali Loss: 1.2553357 Test Loss: 0.6747654
EarlyStopping counter: 3 out of 100
Updating learning rate to 9.697737297875248e-07
Epoch: 48 cost time: 2.288311719894409
Epoch: 48, Steps: 64 | Train Loss: 0.6150330 Vali Loss: 1.2549073 Test Loss: 0.6747310
EarlyStopping counter: 4 out of 100
Updating learning rate to 8.727963568087723e-07
Epoch: 49 cost time: 2.284484624862671
Epoch: 49, Steps: 64 | Train Loss: 0.6156647 Vali Loss: 1.2526057 Test Loss: 0.6746419
Validation loss decreased (1.254115 --> 1.252606).  Saving model ...
Updating learning rate to 7.855167211278951e-07
Epoch: 50 cost time: 2.2879698276519775
Epoch: 50, Steps: 64 | Train Loss: 0.6154444 Vali Loss: 1.2489600 Test Loss: 0.6745912
Validation loss decreased (1.252606 --> 1.248960).  Saving model ...
Updating learning rate to 7.069650490151056e-07
Epoch: 51 cost time: 2.2930397987365723
Epoch: 51, Steps: 64 | Train Loss: 0.6156058 Vali Loss: 1.2515055 Test Loss: 0.6744710
EarlyStopping counter: 1 out of 100
Updating learning rate to 6.36268544113595e-07
Epoch: 52 cost time: 2.2967185974121094
Epoch: 52, Steps: 64 | Train Loss: 0.6152896 Vali Loss: 1.2541505 Test Loss: 0.6743768
EarlyStopping counter: 2 out of 100
Updating learning rate to 5.726416897022355e-07
Epoch: 53 cost time: 2.2879910469055176
Epoch: 53, Steps: 64 | Train Loss: 0.6155492 Vali Loss: 1.2575697 Test Loss: 0.6743284
EarlyStopping counter: 3 out of 100
Updating learning rate to 5.15377520732012e-07
Epoch: 54 cost time: 2.287785768508911
Epoch: 54, Steps: 64 | Train Loss: 0.6150550 Vali Loss: 1.2528028 Test Loss: 0.6742935
EarlyStopping counter: 4 out of 100
Updating learning rate to 4.6383976865881085e-07
Epoch: 55 cost time: 2.2919628620147705
Epoch: 55, Steps: 64 | Train Loss: 0.6146349 Vali Loss: 1.2537335 Test Loss: 0.6742346
EarlyStopping counter: 5 out of 100
Updating learning rate to 4.174557917929298e-07
Epoch: 56 cost time: 2.287986993789673
Epoch: 56, Steps: 64 | Train Loss: 0.6151277 Vali Loss: 1.2569242 Test Loss: 0.6742293
EarlyStopping counter: 6 out of 100
Updating learning rate to 3.7571021261363677e-07
Epoch: 57 cost time: 2.2943484783172607
Epoch: 57, Steps: 64 | Train Loss: 0.6146844 Vali Loss: 1.2490275 Test Loss: 0.6741151
EarlyStopping counter: 7 out of 100
Updating learning rate to 3.381391913522731e-07
Epoch: 58 cost time: 2.2865428924560547
Epoch: 58, Steps: 64 | Train Loss: 0.6148149 Vali Loss: 1.2533722 Test Loss: 0.6741410
EarlyStopping counter: 8 out of 100
Updating learning rate to 3.043252722170458e-07
Epoch: 59 cost time: 2.2861568927764893
Epoch: 59, Steps: 64 | Train Loss: 0.6149896 Vali Loss: 1.2550348 Test Loss: 0.6740507
EarlyStopping counter: 9 out of 100
Updating learning rate to 2.7389274499534124e-07
Epoch: 60 cost time: 2.2941389083862305
Epoch: 60, Steps: 64 | Train Loss: 0.6150768 Vali Loss: 1.2516865 Test Loss: 0.6740672
EarlyStopping counter: 10 out of 100
Updating learning rate to 2.465034704958071e-07
Epoch: 61 cost time: 2.2885382175445557
Epoch: 61, Steps: 64 | Train Loss: 0.6150400 Vali Loss: 1.2561612 Test Loss: 0.6739891
EarlyStopping counter: 11 out of 100
Updating learning rate to 2.218531234462264e-07
Epoch: 62 cost time: 2.2921574115753174
Epoch: 62, Steps: 64 | Train Loss: 0.6149202 Vali Loss: 1.2565116 Test Loss: 0.6739736
EarlyStopping counter: 12 out of 100
Updating learning rate to 1.9966781110160376e-07
Epoch: 63 cost time: 2.288740634918213
Epoch: 63, Steps: 64 | Train Loss: 0.6151227 Vali Loss: 1.2573057 Test Loss: 0.6740146
EarlyStopping counter: 13 out of 100
Updating learning rate to 1.797010299914434e-07
Epoch: 64 cost time: 2.288118600845337
Epoch: 64, Steps: 64 | Train Loss: 0.6144655 Vali Loss: 1.2556863 Test Loss: 0.6739465
EarlyStopping counter: 14 out of 100
Updating learning rate to 1.6173092699229907e-07
Epoch: 65 cost time: 2.2895243167877197
Epoch: 65, Steps: 64 | Train Loss: 0.6148411 Vali Loss: 1.2505233 Test Loss: 0.6739718
EarlyStopping counter: 15 out of 100
Updating learning rate to 1.4555783429306916e-07
Epoch: 66 cost time: 2.2838573455810547
Epoch: 66, Steps: 64 | Train Loss: 0.6145952 Vali Loss: 1.2561438 Test Loss: 0.6739177
EarlyStopping counter: 16 out of 100
Updating learning rate to 1.3100205086376224e-07
Epoch: 67 cost time: 2.291579008102417
Epoch: 67, Steps: 64 | Train Loss: 0.6151385 Vali Loss: 1.2552179 Test Loss: 0.6739544
EarlyStopping counter: 17 out of 100
Updating learning rate to 1.1790184577738603e-07
Epoch: 68 cost time: 2.2861690521240234
Epoch: 68, Steps: 64 | Train Loss: 0.6143572 Vali Loss: 1.2494574 Test Loss: 0.6739078
EarlyStopping counter: 18 out of 100
Updating learning rate to 1.0611166119964742e-07
Epoch: 69 cost time: 2.2868075370788574
Epoch: 69, Steps: 64 | Train Loss: 0.6147260 Vali Loss: 1.2562709 Test Loss: 0.6738347
EarlyStopping counter: 19 out of 100
Updating learning rate to 9.550049507968268e-08
Epoch: 70 cost time: 2.2858550548553467
Epoch: 70, Steps: 64 | Train Loss: 0.6145586 Vali Loss: 1.2538834 Test Loss: 0.6739334
EarlyStopping counter: 20 out of 100
Updating learning rate to 8.595044557171442e-08
Epoch: 71 cost time: 2.2859573364257812
Epoch: 71, Steps: 64 | Train Loss: 0.6150848 Vali Loss: 1.2518964 Test Loss: 0.6738142
EarlyStopping counter: 21 out of 100
Updating learning rate to 7.735540101454298e-08
Epoch: 72 cost time: 2.2847366333007812
Epoch: 72, Steps: 64 | Train Loss: 0.6147900 Vali Loss: 1.2524830 Test Loss: 0.6738306
EarlyStopping counter: 22 out of 100
Updating learning rate to 6.961986091308869e-08
Epoch: 73 cost time: 2.2846734523773193
Epoch: 73, Steps: 64 | Train Loss: 0.6144905 Vali Loss: 1.2525012 Test Loss: 0.6738408
EarlyStopping counter: 23 out of 100
Updating learning rate to 6.265787482177981e-08
Epoch: 74 cost time: 2.2755401134490967
Epoch: 74, Steps: 64 | Train Loss: 0.6153438 Vali Loss: 1.2548678 Test Loss: 0.6738911
EarlyStopping counter: 24 out of 100
Updating learning rate to 5.639208733960184e-08
Epoch: 75 cost time: 2.2775702476501465
Epoch: 75, Steps: 64 | Train Loss: 0.6144002 Vali Loss: 1.2534456 Test Loss: 0.6738174
EarlyStopping counter: 25 out of 100
Updating learning rate to 5.075287860564165e-08
Epoch: 76 cost time: 2.2719149589538574
Epoch: 76, Steps: 64 | Train Loss: 0.6147343 Vali Loss: 1.2531291 Test Loss: 0.6739337
EarlyStopping counter: 26 out of 100
Updating learning rate to 4.567759074507749e-08
Epoch: 77 cost time: 2.269537925720215
Epoch: 77, Steps: 64 | Train Loss: 0.6144512 Vali Loss: 1.2527388 Test Loss: 0.6738628
EarlyStopping counter: 27 out of 100
Updating learning rate to 4.1109831670569744e-08
Epoch: 78 cost time: 2.276583433151245
Epoch: 78, Steps: 64 | Train Loss: 0.6146832 Vali Loss: 1.2544602 Test Loss: 0.6738331
EarlyStopping counter: 28 out of 100
Updating learning rate to 3.6998848503512764e-08
Epoch: 79 cost time: 2.269073009490967
Epoch: 79, Steps: 64 | Train Loss: 0.6144109 Vali Loss: 1.2540047 Test Loss: 0.6737549
EarlyStopping counter: 29 out of 100
Updating learning rate to 3.3298963653161496e-08
Epoch: 80 cost time: 2.268463373184204
Epoch: 80, Steps: 64 | Train Loss: 0.6145517 Vali Loss: 1.2544249 Test Loss: 0.6738436
EarlyStopping counter: 30 out of 100
Updating learning rate to 2.996906728784534e-08
Epoch: 81 cost time: 2.2709884643554688
Epoch: 81, Steps: 64 | Train Loss: 0.6149285 Vali Loss: 1.2534044 Test Loss: 0.6739707
EarlyStopping counter: 31 out of 100
Updating learning rate to 2.697216055906081e-08
Epoch: 82 cost time: 2.276978015899658
Epoch: 82, Steps: 64 | Train Loss: 0.6148824 Vali Loss: 1.2544546 Test Loss: 0.6738325
EarlyStopping counter: 32 out of 100
Updating learning rate to 2.427494450315473e-08
Epoch: 83 cost time: 2.272026300430298
Epoch: 83, Steps: 64 | Train Loss: 0.6148551 Vali Loss: 1.2498835 Test Loss: 0.6738549
EarlyStopping counter: 33 out of 100
Updating learning rate to 2.1847450052839257e-08
Epoch: 84 cost time: 2.2708420753479004
Epoch: 84, Steps: 64 | Train Loss: 0.6145269 Vali Loss: 1.2534540 Test Loss: 0.6737697
EarlyStopping counter: 34 out of 100
Updating learning rate to 1.9662705047555332e-08
Epoch: 85 cost time: 2.2880921363830566
Epoch: 85, Steps: 64 | Train Loss: 0.6145559 Vali Loss: 1.2507524 Test Loss: 0.6738088
EarlyStopping counter: 35 out of 100
Updating learning rate to 1.7696434542799797e-08
Epoch: 86 cost time: 2.2719383239746094
Epoch: 86, Steps: 64 | Train Loss: 0.6147471 Vali Loss: 1.2495137 Test Loss: 0.6739189
EarlyStopping counter: 36 out of 100
Updating learning rate to 1.5926791088519817e-08
Epoch: 87 cost time: 2.2773067951202393
Epoch: 87, Steps: 64 | Train Loss: 0.6148986 Vali Loss: 1.2562871 Test Loss: 0.6737638
EarlyStopping counter: 37 out of 100
Updating learning rate to 1.4334111979667836e-08
Epoch: 88 cost time: 2.2794971466064453
Epoch: 88, Steps: 64 | Train Loss: 0.6146076 Vali Loss: 1.2489229 Test Loss: 0.6737456
Validation loss decreased (1.248960 --> 1.248923).  Saving model ...
Updating learning rate to 1.2900700781701054e-08
Epoch: 89 cost time: 2.2762367725372314
Epoch: 89, Steps: 64 | Train Loss: 0.6147629 Vali Loss: 1.2550560 Test Loss: 0.6737950
EarlyStopping counter: 1 out of 100
Updating learning rate to 1.161063070353095e-08
Epoch: 90 cost time: 2.299895763397217
Epoch: 90, Steps: 64 | Train Loss: 0.6144622 Vali Loss: 1.2481760 Test Loss: 0.6738364
Validation loss decreased (1.248923 --> 1.248176).  Saving model ...
Updating learning rate to 1.0449567633177854e-08
Epoch: 91 cost time: 2.2782986164093018
Epoch: 91, Steps: 64 | Train Loss: 0.6144424 Vali Loss: 1.2546821 Test Loss: 0.6738421
EarlyStopping counter: 1 out of 100
Updating learning rate to 9.404610869860069e-09
Epoch: 92 cost time: 2.277271032333374
Epoch: 92, Steps: 64 | Train Loss: 0.6149650 Vali Loss: 1.2540077 Test Loss: 0.6738141
EarlyStopping counter: 2 out of 100
Updating learning rate to 8.464149782874063e-09
Epoch: 93 cost time: 2.2814910411834717
Epoch: 93, Steps: 64 | Train Loss: 0.6148256 Vali Loss: 1.2526224 Test Loss: 0.6737796
EarlyStopping counter: 3 out of 100
Updating learning rate to 7.617734804586658e-09
Epoch: 94 cost time: 2.280301332473755
Epoch: 94, Steps: 64 | Train Loss: 0.6145546 Vali Loss: 1.2584637 Test Loss: 0.6737678
EarlyStopping counter: 4 out of 100
Updating learning rate to 6.855961324127991e-09
Epoch: 95 cost time: 2.2818634510040283
Epoch: 95, Steps: 64 | Train Loss: 0.6147725 Vali Loss: 1.2520930 Test Loss: 0.6738611
EarlyStopping counter: 5 out of 100
Updating learning rate to 6.170365191715193e-09
Epoch: 96 cost time: 2.278369426727295
Epoch: 96, Steps: 64 | Train Loss: 0.6149656 Vali Loss: 1.2518408 Test Loss: 0.6738502
EarlyStopping counter: 6 out of 100
Updating learning rate to 5.5533286725436726e-09
Epoch: 97 cost time: 2.280991792678833
Epoch: 97, Steps: 64 | Train Loss: 0.6145950 Vali Loss: 1.2484328 Test Loss: 0.6737838
EarlyStopping counter: 7 out of 100
Updating learning rate to 4.997995805289306e-09
Epoch: 98 cost time: 2.275827407836914
Epoch: 98, Steps: 64 | Train Loss: 0.6146828 Vali Loss: 1.2547972 Test Loss: 0.6737883
EarlyStopping counter: 8 out of 100
Updating learning rate to 4.498196224760375e-09
Epoch: 99 cost time: 2.2783782482147217
Epoch: 99, Steps: 64 | Train Loss: 0.6149873 Vali Loss: 1.2529817 Test Loss: 0.6738620
EarlyStopping counter: 9 out of 100
Updating learning rate to 4.048376602284338e-09
Epoch: 100 cost time: 2.280397653579712
Epoch: 100, Steps: 64 | Train Loss: 0.6147278 Vali Loss: 1.2561221 Test Loss: 0.6738696
EarlyStopping counter: 10 out of 100
Updating learning rate to 3.643538942055904e-09
>>>>>>>testing : NL_etth1_cms3_lr0.00005_5steps_336_96_PatchTST_ETTh1_ftM_sl336_ll48_pl96_dm16_nh4_el3_dl1_df128_fc1_ebtimeF_dtTruelr5e-05_pol5steps_Nested_Learning_0<<<<<<<<<<<<<<<<<<<<<<<<<<<<<<<<<
test 2785
 Ejecutando Inferencia DINÁMICA (Nested Learning con cms3)
  -> Política: 5steps | LR: 5e-05 | Target: head

RESUMEN: El CMS se actualizó 5 veces de 21 posibles.

mse:0.6725194454193115, mae:0.5565546751022339, rse:0.7776208519935608
Args in experiment:
Namespace(random_seed=2021, is_training=1, model_id='NL_etth1_cms3_lr0.00005_5steps_336_192', model='PatchTST', data='ETTh1', root_path='./dataset/', data_path='ETTh1.csv', features='M', target='OT', freq='h', checkpoints='./checkpoints/', seq_len=336, label_len=48, pred_len=192, head_type='cms3', cms_lr=5e-05, update_policy='5steps', fc_dropout=0.3, head_dropout=0.0, patch_len=16, stride=8, padding_patch='end', revin=1, affine=0, subtract_last=0, decomposition=0, kernel_size=25, individual=0, embed_type=0, enc_in=7, dec_in=7, c_out=7, d_model=16, n_heads=4, e_layers=3, d_layers=1, d_ff=128, moving_avg=25, factor=1, distil=True, dropout=0.3, embed='timeF', activation='gelu', output_attention=False, do_predict=False, num_workers=0, itr=1, train_epochs=100, batch_size=128, patience=100, learning_rate=0.0001, des='Nested_Learning', loss='mse', lradj='type3', pct_start=0.3, use_amp=False, use_gpu=True, gpu=0, use_multi_gpu=False, devices='0,1,2,3', test_flop=False)
Use GPU: cuda:0
>>>>>>>start training : NL_etth1_cms3_lr0.00005_5steps_336_192_PatchTST_ETTh1_ftM_sl336_ll48_pl192_dm16_nh4_el3_dl1_df128_fc1_ebtimeF_dtTruelr5e-05_pol5steps_Nested_Learning_0>>>>>>>>>>>>>>>>>>>>>>>>>>
train 8113
val 2689
test 2689
Epoch: 1 cost time: 1.962357997894287
Epoch: 1, Steps: 63 | Train Loss: 0.7802134 Vali Loss: 1.6481376 Test Loss: 0.8414683
Validation loss decreased (inf --> 1.648138).  Saving model ...
Updating learning rate to 0.0001
Epoch: 2 cost time: 1.6407437324523926
Epoch: 2, Steps: 63 | Train Loss: 0.7743324 Vali Loss: 1.6281087 Test Loss: 0.8272031
Validation loss decreased (1.648138 --> 1.628109).  Saving model ...
Updating learning rate to 0.0001
Epoch: 3 cost time: 1.6442570686340332
Epoch: 3, Steps: 63 | Train Loss: 0.7634348 Vali Loss: 1.6088847 Test Loss: 0.8134800
Validation loss decreased (1.628109 --> 1.608885).  Saving model ...
Updating learning rate to 0.0001
Epoch: 4 cost time: 1.6475489139556885
Epoch: 4, Steps: 63 | Train Loss: 0.7537064 Vali Loss: 1.5898726 Test Loss: 0.8009085
Validation loss decreased (1.608885 --> 1.589873).  Saving model ...
Updating learning rate to 9e-05
Epoch: 5 cost time: 1.6497998237609863
Epoch: 5, Steps: 63 | Train Loss: 0.7442904 Vali Loss: 1.5748644 Test Loss: 0.7902871
Validation loss decreased (1.589873 --> 1.574864).  Saving model ...
Updating learning rate to 8.1e-05
Epoch: 6 cost time: 1.6473753452301025
Epoch: 6, Steps: 63 | Train Loss: 0.7360870 Vali Loss: 1.5615870 Test Loss: 0.7817944
Validation loss decreased (1.574864 --> 1.561587).  Saving model ...
Updating learning rate to 7.290000000000001e-05
Epoch: 7 cost time: 1.6480817794799805
Epoch: 7, Steps: 63 | Train Loss: 0.7297127 Vali Loss: 1.5503805 Test Loss: 0.7743773
Validation loss decreased (1.561587 --> 1.550380).  Saving model ...
Updating learning rate to 6.561e-05
Epoch: 8 cost time: 1.644364356994629
Epoch: 8, Steps: 63 | Train Loss: 0.7233600 Vali Loss: 1.5400549 Test Loss: 0.7675854
Validation loss decreased (1.550380 --> 1.540055).  Saving model ...
Updating learning rate to 5.904900000000001e-05
Epoch: 9 cost time: 1.6480069160461426
Epoch: 9, Steps: 63 | Train Loss: 0.7175974 Vali Loss: 1.5314567 Test Loss: 0.7621415
Validation loss decreased (1.540055 --> 1.531457).  Saving model ...
Updating learning rate to 5.3144100000000005e-05
Epoch: 10 cost time: 1.6439480781555176
Epoch: 10, Steps: 63 | Train Loss: 0.7131745 Vali Loss: 1.5242903 Test Loss: 0.7576081
Validation loss decreased (1.531457 --> 1.524290).  Saving model ...
Updating learning rate to 4.782969000000001e-05
Epoch: 11 cost time: 1.6471030712127686
Epoch: 11, Steps: 63 | Train Loss: 0.7091300 Vali Loss: 1.5172602 Test Loss: 0.7529681
Validation loss decreased (1.524290 --> 1.517260).  Saving model ...
Updating learning rate to 4.304672100000001e-05
Epoch: 12 cost time: 1.6447298526763916
Epoch: 12, Steps: 63 | Train Loss: 0.7052014 Vali Loss: 1.5115000 Test Loss: 0.7491811
Validation loss decreased (1.517260 --> 1.511500).  Saving model ...
Updating learning rate to 3.874204890000001e-05
Epoch: 13 cost time: 1.6446566581726074
Epoch: 13, Steps: 63 | Train Loss: 0.7021892 Vali Loss: 1.5060343 Test Loss: 0.7459213
Validation loss decreased (1.511500 --> 1.506034).  Saving model ...
Updating learning rate to 3.486784401000001e-05
Epoch: 14 cost time: 1.641326665878296
Epoch: 14, Steps: 63 | Train Loss: 0.6989509 Vali Loss: 1.5014026 Test Loss: 0.7430141
Validation loss decreased (1.506034 --> 1.501403).  Saving model ...
Updating learning rate to 3.138105960900001e-05
Epoch: 15 cost time: 1.643667459487915
Epoch: 15, Steps: 63 | Train Loss: 0.6966543 Vali Loss: 1.4973396 Test Loss: 0.7403598
Validation loss decreased (1.501403 --> 1.497340).  Saving model ...
Updating learning rate to 2.824295364810001e-05
Epoch: 16 cost time: 1.6331868171691895
Epoch: 16, Steps: 63 | Train Loss: 0.6934186 Vali Loss: 1.4939563 Test Loss: 0.7383466
Validation loss decreased (1.497340 --> 1.493956).  Saving model ...
Updating learning rate to 2.541865828329001e-05
Epoch: 17 cost time: 1.638354778289795
Epoch: 17, Steps: 63 | Train Loss: 0.6921160 Vali Loss: 1.4906452 Test Loss: 0.7361988
Validation loss decreased (1.493956 --> 1.490645).  Saving model ...
Updating learning rate to 2.287679245496101e-05
Epoch: 18 cost time: 1.6354269981384277
Epoch: 18, Steps: 63 | Train Loss: 0.6897117 Vali Loss: 1.4874697 Test Loss: 0.7343863
Validation loss decreased (1.490645 --> 1.487470).  Saving model ...
Updating learning rate to 2.0589113209464907e-05
Epoch: 19 cost time: 1.6404409408569336
Epoch: 19, Steps: 63 | Train Loss: 0.6886399 Vali Loss: 1.4847435 Test Loss: 0.7326400
Validation loss decreased (1.487470 --> 1.484743).  Saving model ...
Updating learning rate to 1.8530201888518416e-05
Epoch: 20 cost time: 1.6377344131469727
Epoch: 20, Steps: 63 | Train Loss: 0.6871046 Vali Loss: 1.4827543 Test Loss: 0.7312627
Validation loss decreased (1.484743 --> 1.482754).  Saving model ...
Updating learning rate to 1.6677181699666577e-05
Epoch: 21 cost time: 1.640554428100586
Epoch: 21, Steps: 63 | Train Loss: 0.6853108 Vali Loss: 1.4805306 Test Loss: 0.7299364
Validation loss decreased (1.482754 --> 1.480531).  Saving model ...
Updating learning rate to 1.5009463529699919e-05
Epoch: 22 cost time: 1.63545823097229
Epoch: 22, Steps: 63 | Train Loss: 0.6839002 Vali Loss: 1.4787511 Test Loss: 0.7287919
Validation loss decreased (1.480531 --> 1.478751).  Saving model ...
Updating learning rate to 1.3508517176729929e-05
Epoch: 23 cost time: 1.640620470046997
Epoch: 23, Steps: 63 | Train Loss: 0.6830775 Vali Loss: 1.4766320 Test Loss: 0.7276837
Validation loss decreased (1.478751 --> 1.476632).  Saving model ...
Updating learning rate to 1.2157665459056936e-05
Epoch: 24 cost time: 1.6387944221496582
Epoch: 24, Steps: 63 | Train Loss: 0.6822091 Vali Loss: 1.4755491 Test Loss: 0.7267062
Validation loss decreased (1.476632 --> 1.475549).  Saving model ...
Updating learning rate to 1.0941898913151242e-05
Epoch: 25 cost time: 1.634533405303955
Epoch: 25, Steps: 63 | Train Loss: 0.6811020 Vali Loss: 1.4740113 Test Loss: 0.7259333
Validation loss decreased (1.475549 --> 1.474011).  Saving model ...
Updating learning rate to 9.847709021836118e-06
Epoch: 26 cost time: 2.4998745918273926
Epoch: 26, Steps: 63 | Train Loss: 0.6804741 Vali Loss: 1.4724561 Test Loss: 0.7250608
Validation loss decreased (1.474011 --> 1.472456).  Saving model ...
Updating learning rate to 8.862938119652508e-06
Epoch: 27 cost time: 2.523637533187866
Epoch: 27, Steps: 63 | Train Loss: 0.6802478 Vali Loss: 1.4710907 Test Loss: 0.7245221
Validation loss decreased (1.472456 --> 1.471091).  Saving model ...
Updating learning rate to 7.976644307687255e-06
Epoch: 28 cost time: 2.425417900085449
Epoch: 28, Steps: 63 | Train Loss: 0.6794474 Vali Loss: 1.4703500 Test Loss: 0.7237542
Validation loss decreased (1.471091 --> 1.470350).  Saving model ...
Updating learning rate to 7.178979876918531e-06
Epoch: 29 cost time: 2.497421979904175
Epoch: 29, Steps: 63 | Train Loss: 0.6783577 Vali Loss: 1.4695761 Test Loss: 0.7232445
Validation loss decreased (1.470350 --> 1.469576).  Saving model ...
Updating learning rate to 6.4610818892266776e-06
Epoch: 30 cost time: 2.51425838470459
Epoch: 30, Steps: 63 | Train Loss: 0.6782265 Vali Loss: 1.4689517 Test Loss: 0.7229016
Validation loss decreased (1.469576 --> 1.468952).  Saving model ...
Updating learning rate to 5.8149737003040096e-06
Epoch: 31 cost time: 1.9430441856384277
Epoch: 31, Steps: 63 | Train Loss: 0.6780026 Vali Loss: 1.4680266 Test Loss: 0.7224250
Validation loss decreased (1.468952 --> 1.468027).  Saving model ...
Updating learning rate to 5.23347633027361e-06
Epoch: 32 cost time: 1.641655445098877
Epoch: 32, Steps: 63 | Train Loss: 0.6777126 Vali Loss: 1.4679819 Test Loss: 0.7220010
Validation loss decreased (1.468027 --> 1.467982).  Saving model ...
Updating learning rate to 4.710128697246249e-06
Epoch: 33 cost time: 1.6423208713531494
Epoch: 33, Steps: 63 | Train Loss: 0.6768015 Vali Loss: 1.4669157 Test Loss: 0.7215421
Validation loss decreased (1.467982 --> 1.466916).  Saving model ...
Updating learning rate to 4.239115827521624e-06
Epoch: 34 cost time: 1.6468069553375244
Epoch: 34, Steps: 63 | Train Loss: 0.6762692 Vali Loss: 1.4665307 Test Loss: 0.7211849
Validation loss decreased (1.466916 --> 1.466531).  Saving model ...
Updating learning rate to 3.815204244769462e-06
Epoch: 35 cost time: 1.8117365837097168
Epoch: 35, Steps: 63 | Train Loss: 0.6759673 Vali Loss: 1.4662286 Test Loss: 0.7211341
Validation loss decreased (1.466531 --> 1.466229).  Saving model ...
Updating learning rate to 3.4336838202925152e-06
Epoch: 36 cost time: 1.6456143856048584
Epoch: 36, Steps: 63 | Train Loss: 0.6760639 Vali Loss: 1.4650164 Test Loss: 0.7207462
Validation loss decreased (1.466229 --> 1.465016).  Saving model ...
Updating learning rate to 3.090315438263264e-06
Epoch: 37 cost time: 1.6487836837768555
Epoch: 37, Steps: 63 | Train Loss: 0.6761273 Vali Loss: 1.4654261 Test Loss: 0.7205089
EarlyStopping counter: 1 out of 100
Updating learning rate to 2.7812838944369375e-06
Epoch: 38 cost time: 1.644618272781372
Epoch: 38, Steps: 63 | Train Loss: 0.6753085 Vali Loss: 1.4651175 Test Loss: 0.7203007
EarlyStopping counter: 2 out of 100
Updating learning rate to 2.503155504993244e-06
Epoch: 39 cost time: 1.6402153968811035
Epoch: 39, Steps: 63 | Train Loss: 0.6751355 Vali Loss: 1.4649915 Test Loss: 0.7202707
Validation loss decreased (1.465016 --> 1.464991).  Saving model ...
Updating learning rate to 2.2528399544939195e-06
Epoch: 40 cost time: 1.6412091255187988
Epoch: 40, Steps: 63 | Train Loss: 0.6753176 Vali Loss: 1.4641480 Test Loss: 0.7200149
Validation loss decreased (1.464991 --> 1.464148).  Saving model ...
Updating learning rate to 2.0275559590445276e-06
Epoch: 41 cost time: 1.6537275314331055
Epoch: 41, Steps: 63 | Train Loss: 0.6746496 Vali Loss: 1.4642298 Test Loss: 0.7198611
EarlyStopping counter: 1 out of 100
Updating learning rate to 1.8248003631400751e-06
Epoch: 42 cost time: 1.6404294967651367
Epoch: 42, Steps: 63 | Train Loss: 0.6752329 Vali Loss: 1.4634501 Test Loss: 0.7195210
Validation loss decreased (1.464148 --> 1.463450).  Saving model ...
Updating learning rate to 1.6423203268260676e-06
Epoch: 43 cost time: 1.6835894584655762
Epoch: 43, Steps: 63 | Train Loss: 0.6750305 Vali Loss: 1.4635707 Test Loss: 0.7194353
EarlyStopping counter: 1 out of 100
Updating learning rate to 1.4780882941434609e-06
Epoch: 44 cost time: 1.6434245109558105
Epoch: 44, Steps: 63 | Train Loss: 0.6748453 Vali Loss: 1.4633293 Test Loss: 0.7193638
Validation loss decreased (1.463450 --> 1.463329).  Saving model ...
Updating learning rate to 1.3302794647291146e-06
Epoch: 45 cost time: 1.644214153289795
Epoch: 45, Steps: 63 | Train Loss: 0.6747716 Vali Loss: 1.4632624 Test Loss: 0.7192437
Validation loss decreased (1.463329 --> 1.463262).  Saving model ...
Updating learning rate to 1.1972515182562034e-06
Epoch: 46 cost time: 1.6500210762023926
Epoch: 46, Steps: 63 | Train Loss: 0.6739936 Vali Loss: 1.4631777 Test Loss: 0.7193573
Validation loss decreased (1.463262 --> 1.463178).  Saving model ...
Updating learning rate to 1.077526366430583e-06
Epoch: 47 cost time: 1.646317481994629
Epoch: 47, Steps: 63 | Train Loss: 0.6743658 Vali Loss: 1.4625295 Test Loss: 0.7191595
Validation loss decreased (1.463178 --> 1.462530).  Saving model ...
Updating learning rate to 9.697737297875248e-07
Epoch: 48 cost time: 1.650697946548462
Epoch: 48, Steps: 63 | Train Loss: 0.6742086 Vali Loss: 1.4623588 Test Loss: 0.7190372
Validation loss decreased (1.462530 --> 1.462359).  Saving model ...
Updating learning rate to 8.727963568087723e-07
Epoch: 49 cost time: 1.6509168148040771
Epoch: 49, Steps: 63 | Train Loss: 0.6741448 Vali Loss: 1.4627656 Test Loss: 0.7188858
EarlyStopping counter: 1 out of 100
Updating learning rate to 7.855167211278951e-07
Epoch: 50 cost time: 1.643108606338501
Epoch: 50, Steps: 63 | Train Loss: 0.6740200 Vali Loss: 1.4628557 Test Loss: 0.7189985
EarlyStopping counter: 2 out of 100
Updating learning rate to 7.069650490151056e-07
Epoch: 51 cost time: 1.6445386409759521
Epoch: 51, Steps: 63 | Train Loss: 0.6739928 Vali Loss: 1.4628675 Test Loss: 0.7189589
EarlyStopping counter: 3 out of 100
Updating learning rate to 6.36268544113595e-07
Epoch: 52 cost time: 1.6433191299438477
Epoch: 52, Steps: 63 | Train Loss: 0.6738364 Vali Loss: 1.4623976 Test Loss: 0.7188140
EarlyStopping counter: 4 out of 100
Updating learning rate to 5.726416897022355e-07
Epoch: 53 cost time: 2.263435125350952
Epoch: 53, Steps: 63 | Train Loss: 0.6735715 Vali Loss: 1.4622504 Test Loss: 0.7187189
Validation loss decreased (1.462359 --> 1.462250).  Saving model ...
Updating learning rate to 5.15377520732012e-07
Epoch: 54 cost time: 2.265552282333374
Epoch: 54, Steps: 63 | Train Loss: 0.6740205 Vali Loss: 1.4625179 Test Loss: 0.7186751
EarlyStopping counter: 1 out of 100
Updating learning rate to 4.6383976865881085e-07
Epoch: 55 cost time: 2.265613555908203
Epoch: 55, Steps: 63 | Train Loss: 0.6735756 Vali Loss: 1.4626288 Test Loss: 0.7187689
EarlyStopping counter: 2 out of 100
Updating learning rate to 4.174557917929298e-07
Epoch: 56 cost time: 2.271760940551758
Epoch: 56, Steps: 63 | Train Loss: 0.6735390 Vali Loss: 1.4619436 Test Loss: 0.7186249
Validation loss decreased (1.462250 --> 1.461944).  Saving model ...
Updating learning rate to 3.7571021261363677e-07
Epoch: 57 cost time: 2.271923780441284
Epoch: 57, Steps: 63 | Train Loss: 0.6739733 Vali Loss: 1.4623442 Test Loss: 0.7186612
EarlyStopping counter: 1 out of 100
Updating learning rate to 3.381391913522731e-07
Epoch: 58 cost time: 2.2725327014923096
Epoch: 58, Steps: 63 | Train Loss: 0.6735338 Vali Loss: 1.4622824 Test Loss: 0.7187057
EarlyStopping counter: 2 out of 100
Updating learning rate to 3.043252722170458e-07
Epoch: 59 cost time: 2.271876573562622
Epoch: 59, Steps: 63 | Train Loss: 0.6741377 Vali Loss: 1.4618146 Test Loss: 0.7187493
Validation loss decreased (1.461944 --> 1.461815).  Saving model ...
Updating learning rate to 2.7389274499534124e-07
Epoch: 60 cost time: 2.2780144214630127
Epoch: 60, Steps: 63 | Train Loss: 0.6733688 Vali Loss: 1.4624368 Test Loss: 0.7186806
EarlyStopping counter: 1 out of 100
Updating learning rate to 2.465034704958071e-07
Epoch: 61 cost time: 2.274944305419922
Epoch: 61, Steps: 63 | Train Loss: 0.6734176 Vali Loss: 1.4616716 Test Loss: 0.7187576
Validation loss decreased (1.461815 --> 1.461672).  Saving model ...
Updating learning rate to 2.218531234462264e-07
Epoch: 62 cost time: 2.261491060256958
Epoch: 62, Steps: 63 | Train Loss: 0.6737976 Vali Loss: 1.4620103 Test Loss: 0.7186744
EarlyStopping counter: 1 out of 100
Updating learning rate to 1.9966781110160376e-07
Epoch: 63 cost time: 2.254983901977539
Epoch: 63, Steps: 63 | Train Loss: 0.6738783 Vali Loss: 1.4619988 Test Loss: 0.7186694
EarlyStopping counter: 2 out of 100
Updating learning rate to 1.797010299914434e-07
Epoch: 64 cost time: 2.261599540710449
Epoch: 64, Steps: 63 | Train Loss: 0.6738152 Vali Loss: 1.4620317 Test Loss: 0.7185867
EarlyStopping counter: 3 out of 100
Updating learning rate to 1.6173092699229907e-07
Epoch: 65 cost time: 2.2572274208068848
Epoch: 65, Steps: 63 | Train Loss: 0.6737967 Vali Loss: 1.4619013 Test Loss: 0.7184930
EarlyStopping counter: 4 out of 100
Updating learning rate to 1.4555783429306916e-07
Epoch: 66 cost time: 2.260059118270874
Epoch: 66, Steps: 63 | Train Loss: 0.6739504 Vali Loss: 1.4620320 Test Loss: 0.7185485
EarlyStopping counter: 5 out of 100
Updating learning rate to 1.3100205086376224e-07
Epoch: 67 cost time: 2.2668938636779785
Epoch: 67, Steps: 63 | Train Loss: 0.6739351 Vali Loss: 1.4618381 Test Loss: 0.7184970
EarlyStopping counter: 6 out of 100
Updating learning rate to 1.1790184577738603e-07
Epoch: 68 cost time: 2.2642104625701904
Epoch: 68, Steps: 63 | Train Loss: 0.6741874 Vali Loss: 1.4622041 Test Loss: 0.7184540
EarlyStopping counter: 7 out of 100
Updating learning rate to 1.0611166119964742e-07
Epoch: 69 cost time: 2.2618978023529053
Epoch: 69, Steps: 63 | Train Loss: 0.6736178 Vali Loss: 1.4619097 Test Loss: 0.7184381
EarlyStopping counter: 8 out of 100
Updating learning rate to 9.550049507968268e-08
Epoch: 70 cost time: 2.2590065002441406
Epoch: 70, Steps: 63 | Train Loss: 0.6731001 Vali Loss: 1.4613613 Test Loss: 0.7184398
Validation loss decreased (1.461672 --> 1.461361).  Saving model ...
Updating learning rate to 8.595044557171442e-08
Epoch: 71 cost time: 2.2651073932647705
Epoch: 71, Steps: 63 | Train Loss: 0.6731790 Vali Loss: 1.4617319 Test Loss: 0.7184815
EarlyStopping counter: 1 out of 100
Updating learning rate to 7.735540101454298e-08
Epoch: 72 cost time: 2.2554430961608887
Epoch: 72, Steps: 63 | Train Loss: 0.6736776 Vali Loss: 1.4622662 Test Loss: 0.7185710
EarlyStopping counter: 2 out of 100
Updating learning rate to 6.961986091308869e-08
Epoch: 73 cost time: 2.255756139755249
Epoch: 73, Steps: 63 | Train Loss: 0.6732612 Vali Loss: 1.4621474 Test Loss: 0.7185443
EarlyStopping counter: 3 out of 100
Updating learning rate to 6.265787482177981e-08
Epoch: 74 cost time: 2.256159543991089
Epoch: 74, Steps: 63 | Train Loss: 0.6734405 Vali Loss: 1.4619417 Test Loss: 0.7183260
EarlyStopping counter: 4 out of 100
Updating learning rate to 5.639208733960184e-08
Epoch: 75 cost time: 2.257359743118286
Epoch: 75, Steps: 63 | Train Loss: 0.6739065 Vali Loss: 1.4618436 Test Loss: 0.7185491
EarlyStopping counter: 5 out of 100
Updating learning rate to 5.075287860564165e-08
Epoch: 76 cost time: 2.264714479446411
Epoch: 76, Steps: 63 | Train Loss: 0.6734384 Vali Loss: 1.4621000 Test Loss: 0.7185910
EarlyStopping counter: 6 out of 100
Updating learning rate to 4.567759074507749e-08
Epoch: 77 cost time: 2.2677652835845947
Epoch: 77, Steps: 63 | Train Loss: 0.6736786 Vali Loss: 1.4618151 Test Loss: 0.7183040
EarlyStopping counter: 7 out of 100
Updating learning rate to 4.1109831670569744e-08
Epoch: 78 cost time: 2.2979774475097656
Epoch: 78, Steps: 63 | Train Loss: 0.6737904 Vali Loss: 1.4619108 Test Loss: 0.7184935
EarlyStopping counter: 8 out of 100
Updating learning rate to 3.6998848503512764e-08
Epoch: 79 cost time: 2.2662887573242188
Epoch: 79, Steps: 63 | Train Loss: 0.6731990 Vali Loss: 1.4620534 Test Loss: 0.7183993
EarlyStopping counter: 9 out of 100
Updating learning rate to 3.3298963653161496e-08
Epoch: 80 cost time: 2.2685608863830566
Epoch: 80, Steps: 63 | Train Loss: 0.6734873 Vali Loss: 1.4617171 Test Loss: 0.7183577
EarlyStopping counter: 10 out of 100
Updating learning rate to 2.996906728784534e-08
Epoch: 81 cost time: 2.266188859939575
Epoch: 81, Steps: 63 | Train Loss: 0.6734603 Vali Loss: 1.4618094 Test Loss: 0.7184531
EarlyStopping counter: 11 out of 100
Updating learning rate to 2.697216055906081e-08
Epoch: 82 cost time: 2.282278299331665
Epoch: 82, Steps: 63 | Train Loss: 0.6737355 Vali Loss: 1.4620245 Test Loss: 0.7183588
EarlyStopping counter: 12 out of 100
Updating learning rate to 2.427494450315473e-08
Epoch: 83 cost time: 2.271090269088745
Epoch: 83, Steps: 63 | Train Loss: 0.6731664 Vali Loss: 1.4619671 Test Loss: 0.7184793
EarlyStopping counter: 13 out of 100
Updating learning rate to 2.1847450052839257e-08
Epoch: 84 cost time: 2.2630374431610107
Epoch: 84, Steps: 63 | Train Loss: 0.6735337 Vali Loss: 1.4618849 Test Loss: 0.7185143
EarlyStopping counter: 14 out of 100
Updating learning rate to 1.9662705047555332e-08
Epoch: 85 cost time: 2.2665178775787354
Epoch: 85, Steps: 63 | Train Loss: 0.6731498 Vali Loss: 1.4621809 Test Loss: 0.7184895
EarlyStopping counter: 15 out of 100
Updating learning rate to 1.7696434542799797e-08
Epoch: 86 cost time: 2.2661898136138916
Epoch: 86, Steps: 63 | Train Loss: 0.6739143 Vali Loss: 1.4620203 Test Loss: 0.7184455
EarlyStopping counter: 16 out of 100
Updating learning rate to 1.5926791088519817e-08
Epoch: 87 cost time: 2.264601469039917
Epoch: 87, Steps: 63 | Train Loss: 0.6736414 Vali Loss: 1.4623238 Test Loss: 0.7185584
EarlyStopping counter: 17 out of 100
Updating learning rate to 1.4334111979667836e-08
Epoch: 88 cost time: 2.2685437202453613
Epoch: 88, Steps: 63 | Train Loss: 0.6736381 Vali Loss: 1.4620421 Test Loss: 0.7185535
EarlyStopping counter: 18 out of 100
Updating learning rate to 1.2900700781701054e-08
Epoch: 89 cost time: 2.264665126800537
Epoch: 89, Steps: 63 | Train Loss: 0.6733155 Vali Loss: 1.4618381 Test Loss: 0.7184523
EarlyStopping counter: 19 out of 100
Updating learning rate to 1.161063070353095e-08
Epoch: 90 cost time: 2.266681671142578
Epoch: 90, Steps: 63 | Train Loss: 0.6735680 Vali Loss: 1.4618359 Test Loss: 0.7184392
EarlyStopping counter: 20 out of 100
Updating learning rate to 1.0449567633177854e-08
Epoch: 91 cost time: 2.268200635910034
Epoch: 91, Steps: 63 | Train Loss: 0.6739921 Vali Loss: 1.4614120 Test Loss: 0.7182571
EarlyStopping counter: 21 out of 100
Updating learning rate to 9.404610869860069e-09
Epoch: 92 cost time: 2.2661726474761963
Epoch: 92, Steps: 63 | Train Loss: 0.6736535 Vali Loss: 1.4620275 Test Loss: 0.7184879
EarlyStopping counter: 22 out of 100
Updating learning rate to 8.464149782874063e-09
Epoch: 93 cost time: 2.2669451236724854
Epoch: 93, Steps: 63 | Train Loss: 0.6735476 Vali Loss: 1.4614615 Test Loss: 0.7185327
EarlyStopping counter: 23 out of 100
Updating learning rate to 7.617734804586658e-09
Epoch: 94 cost time: 2.265634059906006
Epoch: 94, Steps: 63 | Train Loss: 0.6737308 Vali Loss: 1.4619032 Test Loss: 0.7185311
EarlyStopping counter: 24 out of 100
Updating learning rate to 6.855961324127991e-09
Epoch: 95 cost time: 2.262329339981079
Epoch: 95, Steps: 63 | Train Loss: 0.6733340 Vali Loss: 1.4620434 Test Loss: 0.7184949
EarlyStopping counter: 25 out of 100
Updating learning rate to 6.170365191715193e-09
Epoch: 96 cost time: 2.260779857635498
Epoch: 96, Steps: 63 | Train Loss: 0.6735453 Vali Loss: 1.4619220 Test Loss: 0.7185028
EarlyStopping counter: 26 out of 100
Updating learning rate to 5.5533286725436726e-09
Epoch: 97 cost time: 2.269810676574707
Epoch: 97, Steps: 63 | Train Loss: 0.6736708 Vali Loss: 1.4615877 Test Loss: 0.7184408
EarlyStopping counter: 27 out of 100
Updating learning rate to 4.997995805289306e-09
Epoch: 98 cost time: 2.2730445861816406
Epoch: 98, Steps: 63 | Train Loss: 0.6734503 Vali Loss: 1.4618419 Test Loss: 0.7185153
EarlyStopping counter: 28 out of 100
Updating learning rate to 4.498196224760375e-09
Epoch: 99 cost time: 2.269627094268799
Epoch: 99, Steps: 63 | Train Loss: 0.6737583 Vali Loss: 1.4616339 Test Loss: 0.7184253
EarlyStopping counter: 29 out of 100
Updating learning rate to 4.048376602284338e-09
Epoch: 100 cost time: 2.2703561782836914
Epoch: 100, Steps: 63 | Train Loss: 0.6739210 Vali Loss: 1.4618517 Test Loss: 0.7185379
EarlyStopping counter: 30 out of 100
Updating learning rate to 3.643538942055904e-09
>>>>>>>testing : NL_etth1_cms3_lr0.00005_5steps_336_192_PatchTST_ETTh1_ftM_sl336_ll48_pl192_dm16_nh4_el3_dl1_df128_fc1_ebtimeF_dtTruelr5e-05_pol5steps_Nested_Learning_0<<<<<<<<<<<<<<<<<<<<<<<<<<<<<<<<<
test 2689
 Ejecutando Inferencia DINÁMICA (Nested Learning con cms3)
  -> Política: 5steps | LR: 5e-05 | Target: head

RESUMEN: El CMS se actualizó 5 veces de 21 posibles.

mse:0.7174278497695923, mae:0.5790402889251709, rse:0.8043422102928162
Args in experiment:
Namespace(random_seed=2021, is_training=1, model_id='NL_etth1_cms3_lr0.00005_5steps_336_336', model='PatchTST', data='ETTh1', root_path='./dataset/', data_path='ETTh1.csv', features='M', target='OT', freq='h', checkpoints='./checkpoints/', seq_len=336, label_len=48, pred_len=336, head_type='cms3', cms_lr=5e-05, update_policy='5steps', fc_dropout=0.3, head_dropout=0.0, patch_len=16, stride=8, padding_patch='end', revin=1, affine=0, subtract_last=0, decomposition=0, kernel_size=25, individual=0, embed_type=0, enc_in=7, dec_in=7, c_out=7, d_model=16, n_heads=4, e_layers=3, d_layers=1, d_ff=128, moving_avg=25, factor=1, distil=True, dropout=0.3, embed='timeF', activation='gelu', output_attention=False, do_predict=False, num_workers=0, itr=1, train_epochs=100, batch_size=128, patience=100, learning_rate=0.0001, des='Nested_Learning', loss='mse', lradj='type3', pct_start=0.3, use_amp=False, use_gpu=True, gpu=0, use_multi_gpu=False, devices='0,1,2,3', test_flop=False)
Use GPU: cuda:0
>>>>>>>start training : NL_etth1_cms3_lr0.00005_5steps_336_336_PatchTST_ETTh1_ftM_sl336_ll48_pl336_dm16_nh4_el3_dl1_df128_fc1_ebtimeF_dtTruelr5e-05_pol5steps_Nested_Learning_0>>>>>>>>>>>>>>>>>>>>>>>>>>
train 7969
val 2545
test 2545
Epoch: 1 cost time: 1.9945876598358154
Epoch: 1, Steps: 62 | Train Loss: 0.8246927 Vali Loss: 1.7941025 Test Loss: 0.8203471
Validation loss decreased (inf --> 1.794103).  Saving model ...
Updating learning rate to 0.0001
Epoch: 2 cost time: 1.675002098083496
Epoch: 2, Steps: 62 | Train Loss: 0.8197841 Vali Loss: 1.7800499 Test Loss: 0.8081980
Validation loss decreased (1.794103 --> 1.780050).  Saving model ...
Updating learning rate to 0.0001
Epoch: 3 cost time: 1.6517932415008545
Epoch: 3, Steps: 62 | Train Loss: 0.8111454 Vali Loss: 1.7635598 Test Loss: 0.7971564
Validation loss decreased (1.780050 --> 1.763560).  Saving model ...
Updating learning rate to 0.0001
Epoch: 4 cost time: 1.6495094299316406
Epoch: 4, Steps: 62 | Train Loss: 0.8026889 Vali Loss: 1.7472006 Test Loss: 0.7871145
Validation loss decreased (1.763560 --> 1.747201).  Saving model ...
Updating learning rate to 9e-05
Epoch: 5 cost time: 1.6490967273712158
Epoch: 5, Steps: 62 | Train Loss: 0.7946215 Vali Loss: 1.7345061 Test Loss: 0.7784892
Validation loss decreased (1.747201 --> 1.734506).  Saving model ...
Updating learning rate to 8.1e-05
Epoch: 6 cost time: 2.4532227516174316
Epoch: 6, Steps: 62 | Train Loss: 0.7888575 Vali Loss: 1.7257998 Test Loss: 0.7715370
Validation loss decreased (1.734506 --> 1.725800).  Saving model ...
Updating learning rate to 7.290000000000001e-05
Epoch: 7 cost time: 2.372140645980835
Epoch: 7, Steps: 62 | Train Loss: 0.7824303 Vali Loss: 1.7184184 Test Loss: 0.7657038
Validation loss decreased (1.725800 --> 1.718418).  Saving model ...
Updating learning rate to 6.561e-05
Epoch: 8 cost time: 1.6519691944122314
Epoch: 8, Steps: 62 | Train Loss: 0.7775706 Vali Loss: 1.7075824 Test Loss: 0.7606950
Validation loss decreased (1.718418 --> 1.707582).  Saving model ...
Updating learning rate to 5.904900000000001e-05
Epoch: 9 cost time: 1.6438851356506348
Epoch: 9, Steps: 62 | Train Loss: 0.7730815 Vali Loss: 1.7038610 Test Loss: 0.7565269
Validation loss decreased (1.707582 --> 1.703861).  Saving model ...
Updating learning rate to 5.3144100000000005e-05
Epoch: 10 cost time: 1.6552505493164062
Epoch: 10, Steps: 62 | Train Loss: 0.7691116 Vali Loss: 1.6963093 Test Loss: 0.7525096
Validation loss decreased (1.703861 --> 1.696309).  Saving model ...
Updating learning rate to 4.782969000000001e-05
Epoch: 11 cost time: 1.6474566459655762
Epoch: 11, Steps: 62 | Train Loss: 0.7659661 Vali Loss: 1.6895872 Test Loss: 0.7493668
Validation loss decreased (1.696309 --> 1.689587).  Saving model ...
Updating learning rate to 4.304672100000001e-05
Epoch: 12 cost time: 1.6491892337799072
Epoch: 12, Steps: 62 | Train Loss: 0.7626902 Vali Loss: 1.6842270 Test Loss: 0.7464203
Validation loss decreased (1.689587 --> 1.684227).  Saving model ...
Updating learning rate to 3.874204890000001e-05
Epoch: 13 cost time: 1.653017282485962
Epoch: 13, Steps: 62 | Train Loss: 0.7601742 Vali Loss: 1.6832688 Test Loss: 0.7439249
Validation loss decreased (1.684227 --> 1.683269).  Saving model ...
Updating learning rate to 3.486784401000001e-05
Epoch: 14 cost time: 1.6461632251739502
Epoch: 14, Steps: 62 | Train Loss: 0.7577897 Vali Loss: 1.6787018 Test Loss: 0.7416723
Validation loss decreased (1.683269 --> 1.678702).  Saving model ...
Updating learning rate to 3.138105960900001e-05
Epoch: 15 cost time: 1.6500828266143799
Epoch: 15, Steps: 62 | Train Loss: 0.7557001 Vali Loss: 1.6754211 Test Loss: 0.7398052
Validation loss decreased (1.678702 --> 1.675421).  Saving model ...
Updating learning rate to 2.824295364810001e-05
Epoch: 16 cost time: 1.6433897018432617
Epoch: 16, Steps: 62 | Train Loss: 0.7537687 Vali Loss: 1.6760130 Test Loss: 0.7379730
EarlyStopping counter: 1 out of 100
Updating learning rate to 2.541865828329001e-05
Epoch: 17 cost time: 1.6412241458892822
Epoch: 17, Steps: 62 | Train Loss: 0.7517739 Vali Loss: 1.6716378 Test Loss: 0.7365502
Validation loss decreased (1.675421 --> 1.671638).  Saving model ...
Updating learning rate to 2.287679245496101e-05
Epoch: 18 cost time: 1.6453115940093994
Epoch: 18, Steps: 62 | Train Loss: 0.7504048 Vali Loss: 1.6686106 Test Loss: 0.7351387
Validation loss decreased (1.671638 --> 1.668611).  Saving model ...
Updating learning rate to 2.0589113209464907e-05
Epoch: 19 cost time: 1.6505208015441895
Epoch: 19, Steps: 62 | Train Loss: 0.7489379 Vali Loss: 1.6690586 Test Loss: 0.7338193
EarlyStopping counter: 1 out of 100
Updating learning rate to 1.8530201888518416e-05
Epoch: 20 cost time: 1.6491014957427979
Epoch: 20, Steps: 62 | Train Loss: 0.7476258 Vali Loss: 1.6649640 Test Loss: 0.7327337
Validation loss decreased (1.668611 --> 1.664964).  Saving model ...
Updating learning rate to 1.6677181699666577e-05
Epoch: 21 cost time: 1.6470966339111328
Epoch: 21, Steps: 62 | Train Loss: 0.7471354 Vali Loss: 1.6678805 Test Loss: 0.7316989
EarlyStopping counter: 1 out of 100
Updating learning rate to 1.5009463529699919e-05
Epoch: 22 cost time: 1.6853275299072266
Epoch: 22, Steps: 62 | Train Loss: 0.7456176 Vali Loss: 1.6653795 Test Loss: 0.7309639
EarlyStopping counter: 2 out of 100
Updating learning rate to 1.3508517176729929e-05
Epoch: 23 cost time: 1.6558096408843994
Epoch: 23, Steps: 62 | Train Loss: 0.7450096 Vali Loss: 1.6578429 Test Loss: 0.7301458
Validation loss decreased (1.664964 --> 1.657843).  Saving model ...
Updating learning rate to 1.2157665459056936e-05
Epoch: 24 cost time: 1.6513378620147705
Epoch: 24, Steps: 62 | Train Loss: 0.7435996 Vali Loss: 1.6599990 Test Loss: 0.7294324
EarlyStopping counter: 1 out of 100
Updating learning rate to 1.0941898913151242e-05
Epoch: 25 cost time: 2.447108507156372
Epoch: 25, Steps: 62 | Train Loss: 0.7433563 Vali Loss: 1.6605357 Test Loss: 0.7287782
EarlyStopping counter: 2 out of 100
Updating learning rate to 9.847709021836118e-06
Epoch: 26 cost time: 2.122361660003662
Epoch: 26, Steps: 62 | Train Loss: 0.7423959 Vali Loss: 1.6627145 Test Loss: 0.7281670
EarlyStopping counter: 3 out of 100
Updating learning rate to 8.862938119652508e-06
Epoch: 27 cost time: 1.6524362564086914
Epoch: 27, Steps: 62 | Train Loss: 0.7419460 Vali Loss: 1.6604147 Test Loss: 0.7276325
EarlyStopping counter: 4 out of 100
Updating learning rate to 7.976644307687255e-06
Epoch: 28 cost time: 1.6532418727874756
Epoch: 28, Steps: 62 | Train Loss: 0.7417472 Vali Loss: 1.6587888 Test Loss: 0.7271273
EarlyStopping counter: 5 out of 100
Updating learning rate to 7.178979876918531e-06
Epoch: 29 cost time: 1.649285078048706
Epoch: 29, Steps: 62 | Train Loss: 0.7418746 Vali Loss: 1.6618071 Test Loss: 0.7267346
EarlyStopping counter: 6 out of 100
Updating learning rate to 6.4610818892266776e-06
Epoch: 30 cost time: 1.6489179134368896
Epoch: 30, Steps: 62 | Train Loss: 0.7407772 Vali Loss: 1.6541313 Test Loss: 0.7265120
Validation loss decreased (1.657843 --> 1.654131).  Saving model ...
Updating learning rate to 5.8149737003040096e-06
Epoch: 31 cost time: 1.6501529216766357
Epoch: 31, Steps: 62 | Train Loss: 0.7404327 Vali Loss: 1.6589191 Test Loss: 0.7262526
EarlyStopping counter: 1 out of 100
Updating learning rate to 5.23347633027361e-06
Epoch: 32 cost time: 1.644059181213379
Epoch: 32, Steps: 62 | Train Loss: 0.7398855 Vali Loss: 1.6585705 Test Loss: 0.7259127
EarlyStopping counter: 2 out of 100
Updating learning rate to 4.710128697246249e-06
Epoch: 33 cost time: 1.645127296447754
Epoch: 33, Steps: 62 | Train Loss: 0.7398289 Vali Loss: 1.6567469 Test Loss: 0.7256259
EarlyStopping counter: 3 out of 100
Updating learning rate to 4.239115827521624e-06
Epoch: 34 cost time: 2.4397287368774414
Epoch: 34, Steps: 62 | Train Loss: 0.7392653 Vali Loss: 1.6602143 Test Loss: 0.7253906
EarlyStopping counter: 4 out of 100
Updating learning rate to 3.815204244769462e-06
Epoch: 35 cost time: 2.336594343185425
Epoch: 35, Steps: 62 | Train Loss: 0.7392240 Vali Loss: 1.6566845 Test Loss: 0.7250409
EarlyStopping counter: 5 out of 100
Updating learning rate to 3.4336838202925152e-06
Epoch: 36 cost time: 1.6524505615234375
Epoch: 36, Steps: 62 | Train Loss: 0.7392732 Vali Loss: 1.6565710 Test Loss: 0.7249390
EarlyStopping counter: 6 out of 100
Updating learning rate to 3.090315438263264e-06
Epoch: 37 cost time: 1.652634620666504
Epoch: 37, Steps: 62 | Train Loss: 0.7388944 Vali Loss: 1.6550444 Test Loss: 0.7249243
EarlyStopping counter: 7 out of 100
Updating learning rate to 2.7812838944369375e-06
Epoch: 38 cost time: 1.6619820594787598
Epoch: 38, Steps: 62 | Train Loss: 0.7387008 Vali Loss: 1.6546502 Test Loss: 0.7246221
EarlyStopping counter: 8 out of 100
Updating learning rate to 2.503155504993244e-06
Epoch: 39 cost time: 1.648055076599121
Epoch: 39, Steps: 62 | Train Loss: 0.7384915 Vali Loss: 1.6510751 Test Loss: 0.7244803
Validation loss decreased (1.654131 --> 1.651075).  Saving model ...
Updating learning rate to 2.2528399544939195e-06
Epoch: 40 cost time: 1.6579174995422363
Epoch: 40, Steps: 62 | Train Loss: 0.7384975 Vali Loss: 1.6578891 Test Loss: 0.7243501
EarlyStopping counter: 1 out of 100
Updating learning rate to 2.0275559590445276e-06
Epoch: 41 cost time: 1.6558096408843994
Epoch: 41, Steps: 62 | Train Loss: 0.7382848 Vali Loss: 1.6581026 Test Loss: 0.7243071
EarlyStopping counter: 2 out of 100
Updating learning rate to 1.8248003631400751e-06
Epoch: 42 cost time: 1.6503360271453857
Epoch: 42, Steps: 62 | Train Loss: 0.7382416 Vali Loss: 1.6571951 Test Loss: 0.7242203
EarlyStopping counter: 3 out of 100
Updating learning rate to 1.6423203268260676e-06
Epoch: 43 cost time: 2.43784761428833
Epoch: 43, Steps: 62 | Train Loss: 0.7382241 Vali Loss: 1.6528109 Test Loss: 0.7242602
EarlyStopping counter: 4 out of 100
Updating learning rate to 1.4780882941434609e-06
Epoch: 44 cost time: 2.439628839492798
Epoch: 44, Steps: 62 | Train Loss: 0.7380713 Vali Loss: 1.6481102 Test Loss: 0.7239835
Validation loss decreased (1.651075 --> 1.648110).  Saving model ...
Updating learning rate to 1.3302794647291146e-06
Epoch: 45 cost time: 1.6773803234100342
Epoch: 45, Steps: 62 | Train Loss: 0.7379242 Vali Loss: 1.6564075 Test Loss: 0.7240316
EarlyStopping counter: 1 out of 100
Updating learning rate to 1.1972515182562034e-06
Epoch: 46 cost time: 1.6637632846832275
Epoch: 46, Steps: 62 | Train Loss: 0.7378912 Vali Loss: 1.6571264 Test Loss: 0.7240798
EarlyStopping counter: 2 out of 100
Updating learning rate to 1.077526366430583e-06
Epoch: 47 cost time: 1.6544477939605713
Epoch: 47, Steps: 62 | Train Loss: 0.7374425 Vali Loss: 1.6544065 Test Loss: 0.7237716
EarlyStopping counter: 3 out of 100
Updating learning rate to 9.697737297875248e-07
Epoch: 48 cost time: 2.278294563293457
Epoch: 48, Steps: 62 | Train Loss: 0.7373805 Vali Loss: 1.6538721 Test Loss: 0.7236755
EarlyStopping counter: 4 out of 100
Updating learning rate to 8.727963568087723e-07
Epoch: 49 cost time: 2.2767491340637207
Epoch: 49, Steps: 62 | Train Loss: 0.7378724 Vali Loss: 1.6515646 Test Loss: 0.7236794
EarlyStopping counter: 5 out of 100
Updating learning rate to 7.855167211278951e-07
Epoch: 50 cost time: 2.2756004333496094
Epoch: 50, Steps: 62 | Train Loss: 0.7375838 Vali Loss: 1.6551676 Test Loss: 0.7236705
EarlyStopping counter: 6 out of 100
Updating learning rate to 7.069650490151056e-07
Epoch: 51 cost time: 2.2717506885528564
Epoch: 51, Steps: 62 | Train Loss: 0.7374409 Vali Loss: 1.6585233 Test Loss: 0.7235023
EarlyStopping counter: 7 out of 100
Updating learning rate to 6.36268544113595e-07
Epoch: 52 cost time: 2.2733712196350098
Epoch: 52, Steps: 62 | Train Loss: 0.7376856 Vali Loss: 1.6535037 Test Loss: 0.7236988
EarlyStopping counter: 8 out of 100
Updating learning rate to 5.726416897022355e-07
Epoch: 53 cost time: 2.275230646133423
Epoch: 53, Steps: 62 | Train Loss: 0.7372028 Vali Loss: 1.6574548 Test Loss: 0.7235972
EarlyStopping counter: 9 out of 100
Updating learning rate to 5.15377520732012e-07
Epoch: 54 cost time: 2.2784557342529297
Epoch: 54, Steps: 62 | Train Loss: 0.7376985 Vali Loss: 1.6535684 Test Loss: 0.7236490
EarlyStopping counter: 10 out of 100
Updating learning rate to 4.6383976865881085e-07
Epoch: 55 cost time: 2.2724642753601074
Epoch: 55, Steps: 62 | Train Loss: 0.7376499 Vali Loss: 1.6569486 Test Loss: 0.7233648
EarlyStopping counter: 11 out of 100
Updating learning rate to 4.174557917929298e-07
Epoch: 56 cost time: 2.27284574508667
Epoch: 56, Steps: 62 | Train Loss: 0.7373464 Vali Loss: 1.6499333 Test Loss: 0.7235430
EarlyStopping counter: 12 out of 100
Updating learning rate to 3.7571021261363677e-07
Epoch: 57 cost time: 2.2755203247070312
Epoch: 57, Steps: 62 | Train Loss: 0.7373220 Vali Loss: 1.6556978 Test Loss: 0.7234885
EarlyStopping counter: 13 out of 100
Updating learning rate to 3.381391913522731e-07
Epoch: 58 cost time: 2.2777438163757324
Epoch: 58, Steps: 62 | Train Loss: 0.7376202 Vali Loss: 1.6506436 Test Loss: 0.7236554
EarlyStopping counter: 14 out of 100
Updating learning rate to 3.043252722170458e-07
Epoch: 59 cost time: 2.2745563983917236
Epoch: 59, Steps: 62 | Train Loss: 0.7371593 Vali Loss: 1.6562570 Test Loss: 0.7233022
EarlyStopping counter: 15 out of 100
Updating learning rate to 2.7389274499534124e-07
Epoch: 60 cost time: 2.2916650772094727
Epoch: 60, Steps: 62 | Train Loss: 0.7371896 Vali Loss: 1.6489486 Test Loss: 0.7234877
EarlyStopping counter: 16 out of 100
Updating learning rate to 2.465034704958071e-07
Epoch: 61 cost time: 2.2832400798797607
Epoch: 61, Steps: 62 | Train Loss: 0.7372861 Vali Loss: 1.6549683 Test Loss: 0.7233055
EarlyStopping counter: 17 out of 100
Updating learning rate to 2.218531234462264e-07
Epoch: 62 cost time: 2.279223680496216
Epoch: 62, Steps: 62 | Train Loss: 0.7370560 Vali Loss: 1.6541777 Test Loss: 0.7233893
EarlyStopping counter: 18 out of 100
Updating learning rate to 1.9966781110160376e-07
Epoch: 63 cost time: 2.2787981033325195
Epoch: 63, Steps: 62 | Train Loss: 0.7373321 Vali Loss: 1.6579860 Test Loss: 0.7233207
EarlyStopping counter: 19 out of 100
Updating learning rate to 1.797010299914434e-07
Epoch: 64 cost time: 2.271836996078491
Epoch: 64, Steps: 62 | Train Loss: 0.7373588 Vali Loss: 1.6527405 Test Loss: 0.7233701
EarlyStopping counter: 20 out of 100
Updating learning rate to 1.6173092699229907e-07
Epoch: 65 cost time: 2.2821459770202637
Epoch: 65, Steps: 62 | Train Loss: 0.7370272 Vali Loss: 1.6552359 Test Loss: 0.7233152
EarlyStopping counter: 21 out of 100
Updating learning rate to 1.4555783429306916e-07
Epoch: 66 cost time: 2.2740554809570312
Epoch: 66, Steps: 62 | Train Loss: 0.7366074 Vali Loss: 1.6528915 Test Loss: 0.7233153
EarlyStopping counter: 22 out of 100
Updating learning rate to 1.3100205086376224e-07
Epoch: 67 cost time: 2.276978015899658
Epoch: 67, Steps: 62 | Train Loss: 0.7373563 Vali Loss: 1.6542348 Test Loss: 0.7232451
EarlyStopping counter: 23 out of 100
Updating learning rate to 1.1790184577738603e-07
Epoch: 68 cost time: 2.273162603378296
Epoch: 68, Steps: 62 | Train Loss: 0.7369426 Vali Loss: 1.6578447 Test Loss: 0.7233683
EarlyStopping counter: 24 out of 100
Updating learning rate to 1.0611166119964742e-07
Epoch: 69 cost time: 2.2712090015411377
Epoch: 69, Steps: 62 | Train Loss: 0.7375623 Vali Loss: 1.6571068 Test Loss: 0.7234756
EarlyStopping counter: 25 out of 100
Updating learning rate to 9.550049507968268e-08
Epoch: 70 cost time: 2.278944492340088
Epoch: 70, Steps: 62 | Train Loss: 0.7373265 Vali Loss: 1.6553183 Test Loss: 0.7232969
EarlyStopping counter: 26 out of 100
Updating learning rate to 8.595044557171442e-08
Epoch: 71 cost time: 2.273987054824829
Epoch: 71, Steps: 62 | Train Loss: 0.7368856 Vali Loss: 1.6560036 Test Loss: 0.7234788
EarlyStopping counter: 27 out of 100
Updating learning rate to 7.735540101454298e-08
Epoch: 72 cost time: 2.2724664211273193
Epoch: 72, Steps: 62 | Train Loss: 0.7371821 Vali Loss: 1.6550021 Test Loss: 0.7233450
EarlyStopping counter: 28 out of 100
Updating learning rate to 6.961986091308869e-08
Epoch: 73 cost time: 2.2775650024414062
Epoch: 73, Steps: 62 | Train Loss: 0.7365797 Vali Loss: 1.6538929 Test Loss: 0.7230899
EarlyStopping counter: 29 out of 100
Updating learning rate to 6.265787482177981e-08
Epoch: 74 cost time: 2.273332118988037
Epoch: 74, Steps: 62 | Train Loss: 0.7371508 Vali Loss: 1.6513081 Test Loss: 0.7233035
EarlyStopping counter: 30 out of 100
Updating learning rate to 5.639208733960184e-08
Epoch: 75 cost time: 2.2784423828125
Epoch: 75, Steps: 62 | Train Loss: 0.7371195 Vali Loss: 1.6529703 Test Loss: 0.7234249
EarlyStopping counter: 31 out of 100
Updating learning rate to 5.075287860564165e-08
Epoch: 76 cost time: 2.278186559677124
Epoch: 76, Steps: 62 | Train Loss: 0.7371583 Vali Loss: 1.6450492 Test Loss: 0.7232631
Validation loss decreased (1.648110 --> 1.645049).  Saving model ...
Updating learning rate to 4.567759074507749e-08
Epoch: 77 cost time: 2.2733006477355957
Epoch: 77, Steps: 62 | Train Loss: 0.7372642 Vali Loss: 1.6525646 Test Loss: 0.7233774
EarlyStopping counter: 1 out of 100
Updating learning rate to 4.1109831670569744e-08
Epoch: 78 cost time: 2.274329423904419
Epoch: 78, Steps: 62 | Train Loss: 0.7367427 Vali Loss: 1.6564586 Test Loss: 0.7233902
EarlyStopping counter: 2 out of 100
Updating learning rate to 3.6998848503512764e-08
Epoch: 79 cost time: 2.2730979919433594
Epoch: 79, Steps: 62 | Train Loss: 0.7367981 Vali Loss: 1.6517099 Test Loss: 0.7232597
EarlyStopping counter: 3 out of 100
Updating learning rate to 3.3298963653161496e-08
Epoch: 80 cost time: 2.275602340698242
Epoch: 80, Steps: 62 | Train Loss: 0.7371129 Vali Loss: 1.6488152 Test Loss: 0.7235510
EarlyStopping counter: 4 out of 100
Updating learning rate to 2.996906728784534e-08
Epoch: 81 cost time: 2.282078266143799
Epoch: 81, Steps: 62 | Train Loss: 0.7368781 Vali Loss: 1.6507816 Test Loss: 0.7231005
EarlyStopping counter: 5 out of 100
Updating learning rate to 2.697216055906081e-08
Epoch: 82 cost time: 2.275989294052124
Epoch: 82, Steps: 62 | Train Loss: 0.7371088 Vali Loss: 1.6548032 Test Loss: 0.7233919
EarlyStopping counter: 6 out of 100
Updating learning rate to 2.427494450315473e-08
Epoch: 83 cost time: 2.272163152694702
Epoch: 83, Steps: 62 | Train Loss: 0.7374771 Vali Loss: 1.6521937 Test Loss: 0.7232448
EarlyStopping counter: 7 out of 100
Updating learning rate to 2.1847450052839257e-08
Epoch: 84 cost time: 2.276273727416992
Epoch: 84, Steps: 62 | Train Loss: 0.7367696 Vali Loss: 1.6506492 Test Loss: 0.7233706
EarlyStopping counter: 8 out of 100
Updating learning rate to 1.9662705047555332e-08
Epoch: 85 cost time: 2.2737114429473877
Epoch: 85, Steps: 62 | Train Loss: 0.7372334 Vali Loss: 1.6551540 Test Loss: 0.7233839
EarlyStopping counter: 9 out of 100
Updating learning rate to 1.7696434542799797e-08
Epoch: 86 cost time: 2.2745838165283203
Epoch: 86, Steps: 62 | Train Loss: 0.7370825 Vali Loss: 1.6540537 Test Loss: 0.7234213
EarlyStopping counter: 10 out of 100
Updating learning rate to 1.5926791088519817e-08
Epoch: 87 cost time: 2.2726564407348633
Epoch: 87, Steps: 62 | Train Loss: 0.7371201 Vali Loss: 1.6539139 Test Loss: 0.7233394
EarlyStopping counter: 11 out of 100
Updating learning rate to 1.4334111979667836e-08
Epoch: 88 cost time: 2.2726941108703613
Epoch: 88, Steps: 62 | Train Loss: 0.7369480 Vali Loss: 1.6543605 Test Loss: 0.7232545
EarlyStopping counter: 12 out of 100
Updating learning rate to 1.2900700781701054e-08
Epoch: 89 cost time: 2.2763071060180664
Epoch: 89, Steps: 62 | Train Loss: 0.7371394 Vali Loss: 1.6570742 Test Loss: 0.7233115
EarlyStopping counter: 13 out of 100
Updating learning rate to 1.161063070353095e-08
Epoch: 90 cost time: 2.2709925174713135
Epoch: 90, Steps: 62 | Train Loss: 0.7371247 Vali Loss: 1.6536239 Test Loss: 0.7233850
EarlyStopping counter: 14 out of 100
Updating learning rate to 1.0449567633177854e-08
Epoch: 91 cost time: 2.271876573562622
Epoch: 91, Steps: 62 | Train Loss: 0.7374254 Vali Loss: 1.6553445 Test Loss: 0.7233869
EarlyStopping counter: 15 out of 100
Updating learning rate to 9.404610869860069e-09
Epoch: 92 cost time: 2.2696948051452637
Epoch: 92, Steps: 62 | Train Loss: 0.7371005 Vali Loss: 1.6527404 Test Loss: 0.7232518
EarlyStopping counter: 16 out of 100
Updating learning rate to 8.464149782874063e-09
Epoch: 93 cost time: 2.2752323150634766
Epoch: 93, Steps: 62 | Train Loss: 0.7372480 Vali Loss: 1.6518196 Test Loss: 0.7232099
EarlyStopping counter: 17 out of 100
Updating learning rate to 7.617734804586658e-09
Epoch: 94 cost time: 2.270801067352295
Epoch: 94, Steps: 62 | Train Loss: 0.7368585 Vali Loss: 1.6514533 Test Loss: 0.7233087
EarlyStopping counter: 18 out of 100
Updating learning rate to 6.855961324127991e-09
Epoch: 95 cost time: 2.272989273071289
Epoch: 95, Steps: 62 | Train Loss: 0.7373481 Vali Loss: 1.6570903 Test Loss: 0.7234017
EarlyStopping counter: 19 out of 100
Updating learning rate to 6.170365191715193e-09
Epoch: 96 cost time: 2.2679171562194824
Epoch: 96, Steps: 62 | Train Loss: 0.7371871 Vali Loss: 1.6489414 Test Loss: 0.7233272
EarlyStopping counter: 20 out of 100
Updating learning rate to 5.5533286725436726e-09
Epoch: 97 cost time: 2.2725987434387207
Epoch: 97, Steps: 62 | Train Loss: 0.7369599 Vali Loss: 1.6492488 Test Loss: 0.7234994
EarlyStopping counter: 21 out of 100
Updating learning rate to 4.997995805289306e-09
Epoch: 98 cost time: 2.2807130813598633
Epoch: 98, Steps: 62 | Train Loss: 0.7368616 Vali Loss: 1.6492844 Test Loss: 0.7232987
EarlyStopping counter: 22 out of 100
Updating learning rate to 4.498196224760375e-09
Epoch: 99 cost time: 2.272322654724121
Epoch: 99, Steps: 62 | Train Loss: 0.7372750 Vali Loss: 1.6568850 Test Loss: 0.7233683
EarlyStopping counter: 23 out of 100
Updating learning rate to 4.048376602284338e-09
Epoch: 100 cost time: 2.2752792835235596
Epoch: 100, Steps: 62 | Train Loss: 0.7365383 Vali Loss: 1.6544402 Test Loss: 0.7231725
EarlyStopping counter: 24 out of 100
Updating learning rate to 3.643538942055904e-09
>>>>>>>testing : NL_etth1_cms3_lr0.00005_5steps_336_336_PatchTST_ETTh1_ftM_sl336_ll48_pl336_dm16_nh4_el3_dl1_df128_fc1_ebtimeF_dtTruelr5e-05_pol5steps_Nested_Learning_0<<<<<<<<<<<<<<<<<<<<<<<<<<<<<<<<<
test 2545
 Ejecutando Inferencia DINÁMICA (Nested Learning con cms3)
  -> Política: 5steps | LR: 5e-05 | Target: head

RESUMEN: El CMS se actualizó 4 veces de 19 posibles.

mse:0.7226744890213013, mae:0.5912678837776184, rse:0.8126394152641296
Args in experiment:
Namespace(random_seed=2021, is_training=1, model_id='NL_etth1_cms3_lr0.00005_5steps_336_720', model='PatchTST', data='ETTh1', root_path='./dataset/', data_path='ETTh1.csv', features='M', target='OT', freq='h', checkpoints='./checkpoints/', seq_len=336, label_len=48, pred_len=720, head_type='cms3', cms_lr=5e-05, update_policy='5steps', fc_dropout=0.3, head_dropout=0.0, patch_len=16, stride=8, padding_patch='end', revin=1, affine=0, subtract_last=0, decomposition=0, kernel_size=25, individual=0, embed_type=0, enc_in=7, dec_in=7, c_out=7, d_model=16, n_heads=4, e_layers=3, d_layers=1, d_ff=128, moving_avg=25, factor=1, distil=True, dropout=0.3, embed='timeF', activation='gelu', output_attention=False, do_predict=False, num_workers=0, itr=1, train_epochs=100, batch_size=128, patience=100, learning_rate=0.0001, des='Nested_Learning', loss='mse', lradj='type3', pct_start=0.3, use_amp=False, use_gpu=True, gpu=0, use_multi_gpu=False, devices='0,1,2,3', test_flop=False)
Use GPU: cuda:0
>>>>>>>start training : NL_etth1_cms3_lr0.00005_5steps_336_720_PatchTST_ETTh1_ftM_sl336_ll48_pl720_dm16_nh4_el3_dl1_df128_fc1_ebtimeF_dtTruelr5e-05_pol5steps_Nested_Learning_0>>>>>>>>>>>>>>>>>>>>>>>>>>
train 7585
val 2161
test 2161
Epoch: 1 cost time: 1.9991421699523926
Epoch: 1, Steps: 59 | Train Loss: 0.9127913 Vali Loss: 2.0267267 Test Loss: 0.8301032
Validation loss decreased (inf --> 2.026727).  Saving model ...
Updating learning rate to 0.0001
Epoch: 2 cost time: 2.226735830307007
Epoch: 2, Steps: 59 | Train Loss: 0.9090008 Vali Loss: 2.0175948 Test Loss: 0.8218052
Validation loss decreased (2.026727 --> 2.017595).  Saving model ...
Updating learning rate to 0.0001
Epoch: 3 cost time: 2.24446439743042
Epoch: 3, Steps: 59 | Train Loss: 0.9026489 Vali Loss: 2.0033746 Test Loss: 0.8140038
Validation loss decreased (2.017595 --> 2.003375).  Saving model ...
Updating learning rate to 0.0001
Epoch: 4 cost time: 2.256955862045288
Epoch: 4, Steps: 59 | Train Loss: 0.8957463 Vali Loss: 1.9919196 Test Loss: 0.8071549
Validation loss decreased (2.003375 --> 1.991920).  Saving model ...
Updating learning rate to 9e-05
Epoch: 5 cost time: 2.252894163131714
Epoch: 5, Steps: 59 | Train Loss: 0.8905333 Vali Loss: 1.9848738 Test Loss: 0.8017627
Validation loss decreased (1.991920 --> 1.984874).  Saving model ...
Updating learning rate to 8.1e-05
Epoch: 6 cost time: 2.246361017227173
Epoch: 6, Steps: 59 | Train Loss: 0.8849506 Vali Loss: 1.9729459 Test Loss: 0.7968864
Validation loss decreased (1.984874 --> 1.972946).  Saving model ...
Updating learning rate to 7.290000000000001e-05
Epoch: 7 cost time: 2.251020908355713
Epoch: 7, Steps: 59 | Train Loss: 0.8803931 Vali Loss: 1.9731044 Test Loss: 0.7931713
EarlyStopping counter: 1 out of 100
Updating learning rate to 6.561e-05
Epoch: 8 cost time: 2.2451109886169434
Epoch: 8, Steps: 59 | Train Loss: 0.8765041 Vali Loss: 1.9608954 Test Loss: 0.7899427
Validation loss decreased (1.972946 --> 1.960895).  Saving model ...
Updating learning rate to 5.904900000000001e-05
Epoch: 9 cost time: 2.248469829559326
Epoch: 9, Steps: 59 | Train Loss: 0.8736526 Vali Loss: 1.9599452 Test Loss: 0.7874827
Validation loss decreased (1.960895 --> 1.959945).  Saving model ...
Updating learning rate to 5.3144100000000005e-05
Epoch: 10 cost time: 2.2470710277557373
Epoch: 10, Steps: 59 | Train Loss: 0.8701864 Vali Loss: 1.9543006 Test Loss: 0.7852049
Validation loss decreased (1.959945 --> 1.954301).  Saving model ...
Updating learning rate to 4.782969000000001e-05
Epoch: 11 cost time: 2.2422354221343994
Epoch: 11, Steps: 59 | Train Loss: 0.8675722 Vali Loss: 1.9471267 Test Loss: 0.7834570
Validation loss decreased (1.954301 --> 1.947127).  Saving model ...
Updating learning rate to 4.304672100000001e-05
Epoch: 12 cost time: 2.252685308456421
Epoch: 12, Steps: 59 | Train Loss: 0.8650446 Vali Loss: 1.9527097 Test Loss: 0.7815266
EarlyStopping counter: 1 out of 100
Updating learning rate to 3.874204890000001e-05
Epoch: 13 cost time: 2.243025064468384
Epoch: 13, Steps: 59 | Train Loss: 0.8634419 Vali Loss: 1.9486817 Test Loss: 0.7801536
EarlyStopping counter: 2 out of 100
Updating learning rate to 3.486784401000001e-05
Epoch: 14 cost time: 2.2434582710266113
Epoch: 14, Steps: 59 | Train Loss: 0.8610983 Vali Loss: 1.9457059 Test Loss: 0.7787974
Validation loss decreased (1.947127 --> 1.945706).  Saving model ...
Updating learning rate to 3.138105960900001e-05
Epoch: 15 cost time: 2.247864007949829
Epoch: 15, Steps: 59 | Train Loss: 0.8598626 Vali Loss: 1.9406462 Test Loss: 0.7776984
Validation loss decreased (1.945706 --> 1.940646).  Saving model ...
Updating learning rate to 2.824295364810001e-05
Epoch: 16 cost time: 2.2432668209075928
Epoch: 16, Steps: 59 | Train Loss: 0.8580709 Vali Loss: 1.9394295 Test Loss: 0.7767154
Validation loss decreased (1.940646 --> 1.939430).  Saving model ...
Updating learning rate to 2.541865828329001e-05
Epoch: 17 cost time: 2.247190237045288
Epoch: 17, Steps: 59 | Train Loss: 0.8570932 Vali Loss: 1.9391930 Test Loss: 0.7757745
Validation loss decreased (1.939430 --> 1.939193).  Saving model ...
Updating learning rate to 2.287679245496101e-05
Epoch: 18 cost time: 2.248648166656494
Epoch: 18, Steps: 59 | Train Loss: 0.8551713 Vali Loss: 1.9345255 Test Loss: 0.7749887
Validation loss decreased (1.939193 --> 1.934525).  Saving model ...
Updating learning rate to 2.0589113209464907e-05
Epoch: 19 cost time: 2.251983642578125
Epoch: 19, Steps: 59 | Train Loss: 0.8547756 Vali Loss: 1.9342904 Test Loss: 0.7742026
Validation loss decreased (1.934525 --> 1.934290).  Saving model ...
Updating learning rate to 1.8530201888518416e-05
Epoch: 20 cost time: 2.2459235191345215
Epoch: 20, Steps: 59 | Train Loss: 0.8535222 Vali Loss: 1.9336123 Test Loss: 0.7739068
Validation loss decreased (1.934290 --> 1.933612).  Saving model ...
Updating learning rate to 1.6677181699666577e-05
Epoch: 21 cost time: 2.2486867904663086
Epoch: 21, Steps: 59 | Train Loss: 0.8529058 Vali Loss: 1.9298368 Test Loss: 0.7731928
Validation loss decreased (1.933612 --> 1.929837).  Saving model ...
Updating learning rate to 1.5009463529699919e-05
Epoch: 22 cost time: 2.244093894958496
Epoch: 22, Steps: 59 | Train Loss: 0.8518579 Vali Loss: 1.9278065 Test Loss: 0.7727348
Validation loss decreased (1.929837 --> 1.927806).  Saving model ...
Updating learning rate to 1.3508517176729929e-05
Epoch: 23 cost time: 2.2433512210845947
Epoch: 23, Steps: 59 | Train Loss: 0.8517084 Vali Loss: 1.9367630 Test Loss: 0.7721348
EarlyStopping counter: 1 out of 100
Updating learning rate to 1.2157665459056936e-05
Epoch: 24 cost time: 2.238962173461914
Epoch: 24, Steps: 59 | Train Loss: 0.8505007 Vali Loss: 1.9331366 Test Loss: 0.7716972
EarlyStopping counter: 2 out of 100
Updating learning rate to 1.0941898913151242e-05
Epoch: 25 cost time: 2.2421023845672607
Epoch: 25, Steps: 59 | Train Loss: 0.8502247 Vali Loss: 1.9268761 Test Loss: 0.7713689
Validation loss decreased (1.927806 --> 1.926876).  Saving model ...
Updating learning rate to 9.847709021836118e-06
Epoch: 26 cost time: 2.24198579788208
Epoch: 26, Steps: 59 | Train Loss: 0.8496630 Vali Loss: 1.9314101 Test Loss: 0.7709410
EarlyStopping counter: 1 out of 100
Updating learning rate to 8.862938119652508e-06
Epoch: 27 cost time: 2.2429897785186768
Epoch: 27, Steps: 59 | Train Loss: 0.8492960 Vali Loss: 1.9322298 Test Loss: 0.7707160
EarlyStopping counter: 2 out of 100
Updating learning rate to 7.976644307687255e-06
Epoch: 28 cost time: 2.245962381362915
Epoch: 28, Steps: 59 | Train Loss: 0.8487680 Vali Loss: 1.9304821 Test Loss: 0.7703840
EarlyStopping counter: 3 out of 100
Updating learning rate to 7.178979876918531e-06
Epoch: 29 cost time: 2.234423875808716
Epoch: 29, Steps: 59 | Train Loss: 0.8484935 Vali Loss: 1.9272732 Test Loss: 0.7703773
EarlyStopping counter: 4 out of 100
Updating learning rate to 6.4610818892266776e-06
Epoch: 30 cost time: 2.232300281524658
Epoch: 30, Steps: 59 | Train Loss: 0.8479405 Vali Loss: 1.9310956 Test Loss: 0.7700746
EarlyStopping counter: 5 out of 100
Updating learning rate to 5.8149737003040096e-06
Epoch: 31 cost time: 2.2255427837371826
Epoch: 31, Steps: 59 | Train Loss: 0.8476773 Vali Loss: 1.9184091 Test Loss: 0.7699881
Validation loss decreased (1.926876 --> 1.918409).  Saving model ...
Updating learning rate to 5.23347633027361e-06
Epoch: 32 cost time: 2.2233638763427734
Epoch: 32, Steps: 59 | Train Loss: 0.8474203 Vali Loss: 1.9249790 Test Loss: 0.7698374
EarlyStopping counter: 1 out of 100
Updating learning rate to 4.710128697246249e-06
Epoch: 33 cost time: 2.2273552417755127
Epoch: 33, Steps: 59 | Train Loss: 0.8468112 Vali Loss: 1.9260936 Test Loss: 0.7695671
EarlyStopping counter: 2 out of 100
Updating learning rate to 4.239115827521624e-06
Epoch: 34 cost time: 2.227576971054077
Epoch: 34, Steps: 59 | Train Loss: 0.8471898 Vali Loss: 1.9239628 Test Loss: 0.7693660
EarlyStopping counter: 3 out of 100
Updating learning rate to 3.815204244769462e-06
Epoch: 35 cost time: 2.2246313095092773
Epoch: 35, Steps: 59 | Train Loss: 0.8471086 Vali Loss: 1.9266434 Test Loss: 0.7692428
EarlyStopping counter: 4 out of 100
Updating learning rate to 3.4336838202925152e-06
Epoch: 36 cost time: 2.2268083095550537
Epoch: 36, Steps: 59 | Train Loss: 0.8469043 Vali Loss: 1.9279568 Test Loss: 0.7692105
EarlyStopping counter: 5 out of 100
Updating learning rate to 3.090315438263264e-06
Epoch: 37 cost time: 2.2261390686035156
Epoch: 37, Steps: 59 | Train Loss: 0.8471021 Vali Loss: 1.9250548 Test Loss: 0.7689946
EarlyStopping counter: 6 out of 100
Updating learning rate to 2.7812838944369375e-06
Epoch: 38 cost time: 2.227602958679199
Epoch: 38, Steps: 59 | Train Loss: 0.8462124 Vali Loss: 1.9252510 Test Loss: 0.7687271
EarlyStopping counter: 7 out of 100
Updating learning rate to 2.503155504993244e-06
Epoch: 39 cost time: 2.228590726852417
Epoch: 39, Steps: 59 | Train Loss: 0.8464009 Vali Loss: 1.9221032 Test Loss: 0.7689240
EarlyStopping counter: 8 out of 100
Updating learning rate to 2.2528399544939195e-06
Epoch: 40 cost time: 2.2510361671447754
Epoch: 40, Steps: 59 | Train Loss: 0.8462207 Vali Loss: 1.9199891 Test Loss: 0.7688858
EarlyStopping counter: 9 out of 100
Updating learning rate to 2.0275559590445276e-06
Epoch: 41 cost time: 2.2320950031280518
Epoch: 41, Steps: 59 | Train Loss: 0.8461027 Vali Loss: 1.9226856 Test Loss: 0.7687848
EarlyStopping counter: 10 out of 100
Updating learning rate to 1.8248003631400751e-06
Epoch: 42 cost time: 2.2304859161376953
Epoch: 42, Steps: 59 | Train Loss: 0.8461807 Vali Loss: 1.9241834 Test Loss: 0.7686996
EarlyStopping counter: 11 out of 100
Updating learning rate to 1.6423203268260676e-06
Epoch: 43 cost time: 2.2552857398986816
Epoch: 43, Steps: 59 | Train Loss: 0.8460202 Vali Loss: 1.9287635 Test Loss: 0.7685789
EarlyStopping counter: 12 out of 100
Updating learning rate to 1.4780882941434609e-06
Epoch: 44 cost time: 2.23604679107666
Epoch: 44, Steps: 59 | Train Loss: 0.8457712 Vali Loss: 1.9247260 Test Loss: 0.7688009
EarlyStopping counter: 13 out of 100
Updating learning rate to 1.3302794647291146e-06
Epoch: 45 cost time: 2.235635280609131
Epoch: 45, Steps: 59 | Train Loss: 0.8455064 Vali Loss: 1.9245431 Test Loss: 0.7686596
EarlyStopping counter: 14 out of 100
Updating learning rate to 1.1972515182562034e-06
Epoch: 46 cost time: 2.240861415863037
Epoch: 46, Steps: 59 | Train Loss: 0.8457092 Vali Loss: 1.9241723 Test Loss: 0.7686318
EarlyStopping counter: 15 out of 100
Updating learning rate to 1.077526366430583e-06
Epoch: 47 cost time: 2.2392539978027344
Epoch: 47, Steps: 59 | Train Loss: 0.8454212 Vali Loss: 1.9267957 Test Loss: 0.7685794
EarlyStopping counter: 16 out of 100
Updating learning rate to 9.697737297875248e-07
Epoch: 48 cost time: 2.2302849292755127
Epoch: 48, Steps: 59 | Train Loss: 0.8453146 Vali Loss: 1.9171448 Test Loss: 0.7684990
Validation loss decreased (1.918409 --> 1.917145).  Saving model ...
Updating learning rate to 8.727963568087723e-07
Epoch: 49 cost time: 2.24233078956604
Epoch: 49, Steps: 59 | Train Loss: 0.8456257 Vali Loss: 1.9251149 Test Loss: 0.7682452
EarlyStopping counter: 1 out of 100
Updating learning rate to 7.855167211278951e-07
Epoch: 50 cost time: 2.241595506668091
Epoch: 50, Steps: 59 | Train Loss: 0.8460880 Vali Loss: 1.9229078 Test Loss: 0.7683040
EarlyStopping counter: 2 out of 100
Updating learning rate to 7.069650490151056e-07
Epoch: 51 cost time: 2.236130714416504
Epoch: 51, Steps: 59 | Train Loss: 0.8457478 Vali Loss: 1.9224446 Test Loss: 0.7682523
EarlyStopping counter: 3 out of 100
Updating learning rate to 6.36268544113595e-07
Epoch: 52 cost time: 2.236236095428467
Epoch: 52, Steps: 59 | Train Loss: 0.8453735 Vali Loss: 1.9263771 Test Loss: 0.7682459
EarlyStopping counter: 4 out of 100
Updating learning rate to 5.726416897022355e-07
Epoch: 53 cost time: 2.2644290924072266
Epoch: 53, Steps: 59 | Train Loss: 0.8456332 Vali Loss: 1.9276595 Test Loss: 0.7683054
EarlyStopping counter: 5 out of 100
Updating learning rate to 5.15377520732012e-07
Epoch: 54 cost time: 2.23660945892334
Epoch: 54, Steps: 59 | Train Loss: 0.8456169 Vali Loss: 1.9244297 Test Loss: 0.7682537
EarlyStopping counter: 6 out of 100
Updating learning rate to 4.6383976865881085e-07
Epoch: 55 cost time: 2.237666130065918
Epoch: 55, Steps: 59 | Train Loss: 0.8455608 Vali Loss: 1.9254253 Test Loss: 0.7681796
EarlyStopping counter: 7 out of 100
Updating learning rate to 4.174557917929298e-07
Epoch: 56 cost time: 2.2350592613220215
Epoch: 56, Steps: 59 | Train Loss: 0.8448227 Vali Loss: 1.9210484 Test Loss: 0.7683778
EarlyStopping counter: 8 out of 100
Updating learning rate to 3.7571021261363677e-07
Epoch: 57 cost time: 2.2335386276245117
Epoch: 57, Steps: 59 | Train Loss: 0.8456339 Vali Loss: 1.9248142 Test Loss: 0.7684711
EarlyStopping counter: 9 out of 100
Updating learning rate to 3.381391913522731e-07
Epoch: 58 cost time: 2.2353615760803223
Epoch: 58, Steps: 59 | Train Loss: 0.8452726 Vali Loss: 1.9218926 Test Loss: 0.7681378
EarlyStopping counter: 10 out of 100
Updating learning rate to 3.043252722170458e-07
Epoch: 59 cost time: 2.238416910171509
Epoch: 59, Steps: 59 | Train Loss: 0.8459363 Vali Loss: 1.9308434 Test Loss: 0.7681439
EarlyStopping counter: 11 out of 100
Updating learning rate to 2.7389274499534124e-07
Epoch: 60 cost time: 2.240892171859741
Epoch: 60, Steps: 59 | Train Loss: 0.8451399 Vali Loss: 1.9204744 Test Loss: 0.7681034
EarlyStopping counter: 12 out of 100
Updating learning rate to 2.465034704958071e-07
Epoch: 61 cost time: 2.236753225326538
Epoch: 61, Steps: 59 | Train Loss: 0.8452423 Vali Loss: 1.9223294 Test Loss: 0.7680486
EarlyStopping counter: 13 out of 100
Updating learning rate to 2.218531234462264e-07
Epoch: 62 cost time: 2.237396478652954
Epoch: 62, Steps: 59 | Train Loss: 0.8450906 Vali Loss: 1.9219351 Test Loss: 0.7684692
EarlyStopping counter: 14 out of 100
Updating learning rate to 1.9966781110160376e-07
Epoch: 63 cost time: 2.2383713722229004
Epoch: 63, Steps: 59 | Train Loss: 0.8452085 Vali Loss: 1.9249706 Test Loss: 0.7681969
EarlyStopping counter: 15 out of 100
Updating learning rate to 1.797010299914434e-07
Epoch: 64 cost time: 2.2585761547088623
Epoch: 64, Steps: 59 | Train Loss: 0.8449119 Vali Loss: 1.9186695 Test Loss: 0.7680569
EarlyStopping counter: 16 out of 100
Updating learning rate to 1.6173092699229907e-07
Epoch: 65 cost time: 2.2421960830688477
Epoch: 65, Steps: 59 | Train Loss: 0.8451607 Vali Loss: 1.9172447 Test Loss: 0.7682410
EarlyStopping counter: 17 out of 100
Updating learning rate to 1.4555783429306916e-07
Epoch: 66 cost time: 2.245819568634033
Epoch: 66, Steps: 59 | Train Loss: 0.8453094 Vali Loss: 1.9217794 Test Loss: 0.7682868
EarlyStopping counter: 18 out of 100
Updating learning rate to 1.3100205086376224e-07
Epoch: 67 cost time: 2.2424356937408447
Epoch: 67, Steps: 59 | Train Loss: 0.8456914 Vali Loss: 1.9240358 Test Loss: 0.7680092
EarlyStopping counter: 19 out of 100
Updating learning rate to 1.1790184577738603e-07
Epoch: 68 cost time: 2.244441032409668
Epoch: 68, Steps: 59 | Train Loss: 0.8454549 Vali Loss: 1.9236274 Test Loss: 0.7681905
EarlyStopping counter: 20 out of 100
Updating learning rate to 1.0611166119964742e-07
Epoch: 69 cost time: 2.243809700012207
Epoch: 69, Steps: 59 | Train Loss: 0.8451374 Vali Loss: 1.9276268 Test Loss: 0.7682263
EarlyStopping counter: 21 out of 100
Updating learning rate to 9.550049507968268e-08
Epoch: 70 cost time: 2.240142822265625
Epoch: 70, Steps: 59 | Train Loss: 0.8454254 Vali Loss: 1.9282459 Test Loss: 0.7682021
EarlyStopping counter: 22 out of 100
Updating learning rate to 8.595044557171442e-08
Epoch: 71 cost time: 2.2436764240264893
Epoch: 71, Steps: 59 | Train Loss: 0.8450993 Vali Loss: 1.9251902 Test Loss: 0.7681506
EarlyStopping counter: 23 out of 100
Updating learning rate to 7.735540101454298e-08
Epoch: 72 cost time: 2.2504825592041016
Epoch: 72, Steps: 59 | Train Loss: 0.8449459 Vali Loss: 1.9272326 Test Loss: 0.7683656
EarlyStopping counter: 24 out of 100
Updating learning rate to 6.961986091308869e-08
Epoch: 73 cost time: 2.241856813430786
Epoch: 73, Steps: 59 | Train Loss: 0.8450721 Vali Loss: 1.9240415 Test Loss: 0.7682331
EarlyStopping counter: 25 out of 100
Updating learning rate to 6.265787482177981e-08
Epoch: 74 cost time: 2.242048978805542
Epoch: 74, Steps: 59 | Train Loss: 0.8453340 Vali Loss: 1.9244134 Test Loss: 0.7680477
EarlyStopping counter: 26 out of 100
Updating learning rate to 5.639208733960184e-08
Epoch: 75 cost time: 2.238957643508911
Epoch: 75, Steps: 59 | Train Loss: 0.8455093 Vali Loss: 1.9229850 Test Loss: 0.7681133
EarlyStopping counter: 27 out of 100
Updating learning rate to 5.075287860564165e-08
Epoch: 76 cost time: 2.2448768615722656
Epoch: 76, Steps: 59 | Train Loss: 0.8452303 Vali Loss: 1.9246353 Test Loss: 0.7681342
EarlyStopping counter: 28 out of 100
Updating learning rate to 4.567759074507749e-08
Epoch: 77 cost time: 2.2433581352233887
Epoch: 77, Steps: 59 | Train Loss: 0.8453204 Vali Loss: 1.9194276 Test Loss: 0.7682920
EarlyStopping counter: 29 out of 100
Updating learning rate to 4.1109831670569744e-08
Epoch: 78 cost time: 2.2409629821777344
Epoch: 78, Steps: 59 | Train Loss: 0.8451381 Vali Loss: 1.9171119 Test Loss: 0.7682282
Validation loss decreased (1.917145 --> 1.917112).  Saving model ...
Updating learning rate to 3.6998848503512764e-08
Epoch: 79 cost time: 2.245234966278076
Epoch: 79, Steps: 59 | Train Loss: 0.8453684 Vali Loss: 1.9226007 Test Loss: 0.7682621
EarlyStopping counter: 1 out of 100
Updating learning rate to 3.3298963653161496e-08
Epoch: 80 cost time: 2.245556116104126
Epoch: 80, Steps: 59 | Train Loss: 0.8455169 Vali Loss: 1.9269636 Test Loss: 0.7680656
EarlyStopping counter: 2 out of 100
Updating learning rate to 2.996906728784534e-08
Epoch: 81 cost time: 2.2407968044281006
Epoch: 81, Steps: 59 | Train Loss: 0.8449597 Vali Loss: 1.9214345 Test Loss: 0.7681995
EarlyStopping counter: 3 out of 100
Updating learning rate to 2.697216055906081e-08
Epoch: 82 cost time: 2.2414846420288086
Epoch: 82, Steps: 59 | Train Loss: 0.8449495 Vali Loss: 1.9254156 Test Loss: 0.7682569
EarlyStopping counter: 4 out of 100
Updating learning rate to 2.427494450315473e-08
Epoch: 83 cost time: 2.2524824142456055
Epoch: 83, Steps: 59 | Train Loss: 0.8452327 Vali Loss: 1.9192851 Test Loss: 0.7681329
EarlyStopping counter: 5 out of 100
Updating learning rate to 2.1847450052839257e-08
Epoch: 84 cost time: 2.241114854812622
Epoch: 84, Steps: 59 | Train Loss: 0.8453384 Vali Loss: 1.9189173 Test Loss: 0.7682045
EarlyStopping counter: 6 out of 100
Updating learning rate to 1.9662705047555332e-08
Epoch: 85 cost time: 2.2400553226470947
Epoch: 85, Steps: 59 | Train Loss: 0.8453221 Vali Loss: 1.9234385 Test Loss: 0.7683915
EarlyStopping counter: 7 out of 100
Updating learning rate to 1.7696434542799797e-08
Epoch: 86 cost time: 2.243025779724121
Epoch: 86, Steps: 59 | Train Loss: 0.8453585 Vali Loss: 1.9181294 Test Loss: 0.7681606
EarlyStopping counter: 8 out of 100
Updating learning rate to 1.5926791088519817e-08
Epoch: 87 cost time: 2.2460997104644775
Epoch: 87, Steps: 59 | Train Loss: 0.8449539 Vali Loss: 1.9230039 Test Loss: 0.7683326
EarlyStopping counter: 9 out of 100
Updating learning rate to 1.4334111979667836e-08
Epoch: 88 cost time: 2.243950605392456
Epoch: 88, Steps: 59 | Train Loss: 0.8452315 Vali Loss: 1.9213771 Test Loss: 0.7681086
EarlyStopping counter: 10 out of 100
Updating learning rate to 1.2900700781701054e-08
Epoch: 89 cost time: 2.2399089336395264
Epoch: 89, Steps: 59 | Train Loss: 0.8454078 Vali Loss: 1.9184129 Test Loss: 0.7679293
EarlyStopping counter: 11 out of 100
Updating learning rate to 1.161063070353095e-08
Epoch: 90 cost time: 2.2441000938415527
Epoch: 90, Steps: 59 | Train Loss: 0.8455169 Vali Loss: 1.9258416 Test Loss: 0.7681759
EarlyStopping counter: 12 out of 100
Updating learning rate to 1.0449567633177854e-08
Epoch: 91 cost time: 2.248645305633545
Epoch: 91, Steps: 59 | Train Loss: 0.8451341 Vali Loss: 1.9243416 Test Loss: 0.7681590
EarlyStopping counter: 13 out of 100
Updating learning rate to 9.404610869860069e-09
Epoch: 92 cost time: 2.2405052185058594
Epoch: 92, Steps: 59 | Train Loss: 0.8455623 Vali Loss: 1.9205407 Test Loss: 0.7684351
EarlyStopping counter: 14 out of 100
Updating learning rate to 8.464149782874063e-09
Epoch: 93 cost time: 2.243931531906128
Epoch: 93, Steps: 59 | Train Loss: 0.8455565 Vali Loss: 1.9242953 Test Loss: 0.7681890
EarlyStopping counter: 15 out of 100
Updating learning rate to 7.617734804586658e-09
Epoch: 94 cost time: 2.244509696960449
Epoch: 94, Steps: 59 | Train Loss: 0.8454290 Vali Loss: 1.9230678 Test Loss: 0.7682694
EarlyStopping counter: 16 out of 100
Updating learning rate to 6.855961324127991e-09
Epoch: 95 cost time: 2.2433900833129883
Epoch: 95, Steps: 59 | Train Loss: 0.8452716 Vali Loss: 1.9275631 Test Loss: 0.7680929
EarlyStopping counter: 17 out of 100
Updating learning rate to 6.170365191715193e-09
Epoch: 96 cost time: 2.2443196773529053
Epoch: 96, Steps: 59 | Train Loss: 0.8456766 Vali Loss: 1.9222691 Test Loss: 0.7682263
EarlyStopping counter: 18 out of 100
Updating learning rate to 5.5533286725436726e-09
Epoch: 97 cost time: 2.2418298721313477
Epoch: 97, Steps: 59 | Train Loss: 0.8454420 Vali Loss: 1.9221376 Test Loss: 0.7680953
EarlyStopping counter: 19 out of 100
Updating learning rate to 4.997995805289306e-09
Epoch: 98 cost time: 2.2459805011749268
Epoch: 98, Steps: 59 | Train Loss: 0.8449012 Vali Loss: 1.9251573 Test Loss: 0.7683378
EarlyStopping counter: 20 out of 100
Updating learning rate to 4.498196224760375e-09
Epoch: 99 cost time: 2.244368076324463
Epoch: 99, Steps: 59 | Train Loss: 0.8451251 Vali Loss: 1.9255228 Test Loss: 0.7682944
EarlyStopping counter: 21 out of 100
Updating learning rate to 4.048376602284338e-09
Epoch: 100 cost time: 2.2478249073028564
Epoch: 100, Steps: 59 | Train Loss: 0.8452810 Vali Loss: 1.9239378 Test Loss: 0.7682667
EarlyStopping counter: 22 out of 100
Updating learning rate to 3.643538942055904e-09
>>>>>>>testing : NL_etth1_cms3_lr0.00005_5steps_336_720_PatchTST_ETTh1_ftM_sl336_ll48_pl720_dm16_nh4_el3_dl1_df128_fc1_ebtimeF_dtTruelr5e-05_pol5steps_Nested_Learning_0<<<<<<<<<<<<<<<<<<<<<<<<<<<<<<<<<
test 2161
 Ejecutando Inferencia DINÁMICA (Nested Learning con cms3)
  -> Política: 5steps | LR: 5e-05 | Target: head

RESUMEN: El CMS se actualizó 4 veces de 16 posibles.

mse:0.7677414417266846, mae:0.6234561800956726, rse:0.8415742516517639
