==========================================================
SÚPER ARRAY TFG - TAREA ID: 54 / 113
Nodo: dionisio
Dataset: ettm2 | Experimento: NL_ettm2_flatten_lr0.0001_always
Cabeza: flatten | LR: 0.0001 | Política: always
==========================================================
Args in experiment:
Namespace(random_seed=2021, is_training=1, model_id='NL_ettm2_flatten_lr0.0001_always_336_96', model='PatchTST', data='ETTm2', root_path='./dataset/', data_path='ETTm2.csv', features='M', target='OT', freq='h', checkpoints='./checkpoints/', seq_len=336, label_len=48, pred_len=96, head_type='flatten', cms_lr=0.0001, update_policy='always', fc_dropout=0.2, head_dropout=0.0, patch_len=16, stride=8, padding_patch='end', revin=1, affine=0, subtract_last=0, decomposition=0, kernel_size=25, individual=0, embed_type=0, enc_in=7, dec_in=7, c_out=7, d_model=128, n_heads=16, e_layers=3, d_layers=1, d_ff=256, moving_avg=25, factor=1, distil=True, dropout=0.2, embed='timeF', activation='gelu', output_attention=False, do_predict=False, num_workers=0, itr=1, train_epochs=100, batch_size=128, patience=20, learning_rate=0.0001, des='Nested_Learning', loss='mse', lradj='TST', pct_start=0.4, use_amp=False, use_gpu=True, gpu=0, use_multi_gpu=False, devices='0,1,2,3', test_flop=False)
Use GPU: cuda:0
>>>>>>>start training : NL_ettm2_flatten_lr0.0001_always_336_96_PatchTST_ETTm2_ftM_sl336_ll48_pl96_dm128_nh16_el3_dl1_df256_fc1_ebtimeF_dtTruelr0.0001_polalways_Nested_Learning_0>>>>>>>>>>>>>>>>>>>>>>>>>>
train 34129
val 11425
test 11425
	iters: 100, epoch: 1 | loss: 0.4127609
	speed: 0.1275s/iter; left time: 3378.1864s
	iters: 200, epoch: 1 | loss: 0.4015767
	speed: 0.0406s/iter; left time: 1072.1689s
Epoch: 1 cost time: 12.982438325881958
Epoch: 1, Steps: 266 | Train Loss: 0.3407021 Vali Loss: 0.1469527 Test Loss: 0.2059385
Validation loss decreased (inf --> 0.146953).  Saving model ...
Updating learning rate to 4.147995783958166e-06
	iters: 100, epoch: 2 | loss: 0.2727954
	speed: 0.1032s/iter; left time: 2706.7840s
	iters: 200, epoch: 2 | loss: 0.2888114
	speed: 0.0408s/iter; left time: 1066.6251s
Epoch: 2 cost time: 10.849239349365234
Epoch: 2, Steps: 266 | Train Loss: 0.2696049 Vali Loss: 0.1316157 Test Loss: 0.1851533
Validation loss decreased (0.146953 --> 0.131616).  Saving model ...
Updating learning rate to 4.591070521163098e-06
	iters: 100, epoch: 3 | loss: 0.2423143
	speed: 0.1029s/iter; left time: 2673.1310s
	iters: 200, epoch: 3 | loss: 0.1712193
	speed: 0.0409s/iter; left time: 1057.9943s
Epoch: 3 cost time: 10.875650644302368
Epoch: 3, Steps: 266 | Train Loss: 0.2484754 Vali Loss: 0.1258639 Test Loss: 0.1765779
Validation loss decreased (0.131616 --> 0.125864).  Saving model ...
Updating learning rate to 5.326491995236255e-06
	iters: 100, epoch: 4 | loss: 0.2283866
	speed: 0.1028s/iter; left time: 2642.4003s
	iters: 200, epoch: 4 | loss: 0.2457883
	speed: 0.0409s/iter; left time: 1048.1834s
Epoch: 4 cost time: 10.89139461517334
Epoch: 4, Steps: 266 | Train Loss: 0.2367433 Vali Loss: 0.1227361 Test Loss: 0.1711265
Validation loss decreased (0.125864 --> 0.122736).  Saving model ...
Updating learning rate to 6.349725236277868e-06
	iters: 100, epoch: 5 | loss: 0.2024785
	speed: 0.1028s/iter; left time: 2614.0369s
	iters: 200, epoch: 5 | loss: 0.2403185
	speed: 0.0410s/iter; left time: 1039.8208s
Epoch: 5 cost time: 10.921092987060547
Epoch: 5, Steps: 266 | Train Loss: 0.2291189 Vali Loss: 0.1206155 Test Loss: 0.1676848
Validation loss decreased (0.122736 --> 0.120616).  Saving model ...
Updating learning rate to 7.654460485717921e-06
	iters: 100, epoch: 6 | loss: 0.2368822
	speed: 0.1028s/iter; left time: 2586.4760s
	iters: 200, epoch: 6 | loss: 0.1533413
	speed: 0.0411s/iter; left time: 1030.4541s
Epoch: 6 cost time: 10.929683446884155
Epoch: 6, Steps: 266 | Train Loss: 0.2247487 Vali Loss: 0.1196214 Test Loss: 0.1670902
Validation loss decreased (0.120616 --> 0.119621).  Saving model ...
Updating learning rate to 9.232652105385623e-06
	iters: 100, epoch: 7 | loss: 0.2438721
	speed: 0.1022s/iter; left time: 2545.8853s
	iters: 200, epoch: 7 | loss: 0.2790194
	speed: 0.0412s/iter; left time: 1021.7411s
Epoch: 7 cost time: 10.930257081985474
Epoch: 7, Steps: 266 | Train Loss: 0.2214608 Vali Loss: 0.1198727 Test Loss: 0.1648708
EarlyStopping counter: 1 out of 20
Updating learning rate to 1.1074568190864783e-05
	iters: 100, epoch: 8 | loss: 0.1950936
	speed: 0.1017s/iter; left time: 2504.9798s
	iters: 200, epoch: 8 | loss: 0.2195110
	speed: 0.0412s/iter; left time: 1010.7926s
Epoch: 8 cost time: 10.930399179458618
Epoch: 8, Steps: 266 | Train Loss: 0.2189713 Vali Loss: 0.1184812 Test Loss: 0.1648702
Validation loss decreased (0.119621 --> 0.118481).  Saving model ...
Updating learning rate to 1.316885058319476e-05
	iters: 100, epoch: 9 | loss: 0.1847612
	speed: 0.1030s/iter; left time: 2511.2099s
	iters: 200, epoch: 9 | loss: 0.1670655
	speed: 0.0411s/iter; left time: 997.7047s
Epoch: 9 cost time: 10.928996562957764
Epoch: 9, Steps: 266 | Train Loss: 0.2169483 Vali Loss: 0.1184594 Test Loss: 0.1642111
Validation loss decreased (0.118481 --> 0.118459).  Saving model ...
Updating learning rate to 1.5502584908855415e-05
	iters: 100, epoch: 10 | loss: 0.1514176
	speed: 0.1026s/iter; left time: 2474.4925s
	iters: 200, epoch: 10 | loss: 0.2029159
	speed: 0.0411s/iter; left time: 985.4935s
Epoch: 10 cost time: 10.923672676086426
Epoch: 10, Steps: 266 | Train Loss: 0.2149705 Vali Loss: 0.1192066 Test Loss: 0.1645304
EarlyStopping counter: 1 out of 20
Updating learning rate to 1.806138021613527e-05
	iters: 100, epoch: 11 | loss: 0.2014494
	speed: 0.1021s/iter; left time: 2434.0389s
	iters: 200, epoch: 11 | loss: 0.2238273
	speed: 0.0410s/iter; left time: 974.3068s
Epoch: 11 cost time: 10.917057991027832
Epoch: 11, Steps: 266 | Train Loss: 0.2126602 Vali Loss: 0.1189714 Test Loss: 0.1651985
EarlyStopping counter: 2 out of 20
Updating learning rate to 2.0829457716805565e-05
	iters: 100, epoch: 12 | loss: 0.1947732
	speed: 0.1024s/iter; left time: 2413.4667s
	iters: 200, epoch: 12 | loss: 0.1553759
	speed: 0.0410s/iter; left time: 963.6034s
Epoch: 12 cost time: 10.906890630722046
Epoch: 12, Steps: 266 | Train Loss: 0.2098552 Vali Loss: 0.1192910 Test Loss: 0.1652940
EarlyStopping counter: 3 out of 20
Updating learning rate to 2.3789748085875986e-05
	iters: 100, epoch: 13 | loss: 0.1695323
	speed: 0.1023s/iter; left time: 2384.8369s
	iters: 200, epoch: 13 | loss: 0.1922936
	speed: 0.0411s/iter; left time: 953.0155s
Epoch: 13 cost time: 10.936227560043335
Epoch: 13, Steps: 266 | Train Loss: 0.2062000 Vali Loss: 0.1189899 Test Loss: 0.1643010
EarlyStopping counter: 4 out of 20
Updating learning rate to 2.6923996719433387e-05
	iters: 100, epoch: 14 | loss: 0.2314561
	speed: 0.1051s/iter; left time: 2422.6512s
	iters: 200, epoch: 14 | loss: 0.1793541
	speed: 0.0412s/iter; left time: 945.7328s
Epoch: 14 cost time: 10.969451904296875
Epoch: 14, Steps: 266 | Train Loss: 0.2038908 Vali Loss: 0.1206846 Test Loss: 0.1687672
EarlyStopping counter: 5 out of 20
Updating learning rate to 3.021287630149266e-05
	iters: 100, epoch: 15 | loss: 0.1608140
	speed: 0.1049s/iter; left time: 2390.3249s
	iters: 200, epoch: 15 | loss: 0.2092583
	speed: 0.0412s/iter; left time: 934.7990s
Epoch: 15 cost time: 10.977010488510132
Epoch: 15, Steps: 266 | Train Loss: 0.1998783 Vali Loss: 0.1214172 Test Loss: 0.1672632
EarlyStopping counter: 6 out of 20
Updating learning rate to 3.363610598571669e-05
	iters: 100, epoch: 16 | loss: 0.2054916
	speed: 0.1021s/iter; left time: 2299.0355s
	iters: 200, epoch: 16 | loss: 0.1608830
	speed: 0.0414s/iter; left time: 927.1077s
Epoch: 16 cost time: 10.984906435012817
Epoch: 16, Steps: 266 | Train Loss: 0.1970282 Vali Loss: 0.1248689 Test Loss: 0.1704001
EarlyStopping counter: 7 out of 20
Updating learning rate to 3.717257645707274e-05
	iters: 100, epoch: 17 | loss: 0.2063112
	speed: 0.1020s/iter; left time: 2269.8155s
	iters: 200, epoch: 17 | loss: 0.1759084
	speed: 0.0414s/iter; left time: 916.1095s
Epoch: 17 cost time: 10.971195220947266
Epoch: 17, Steps: 266 | Train Loss: 0.1936029 Vali Loss: 0.1237708 Test Loss: 0.1704487
EarlyStopping counter: 8 out of 20
Updating learning rate to 4.08004801022336e-05
	iters: 100, epoch: 18 | loss: 0.1847400
	speed: 0.1020s/iter; left time: 2241.7258s
	iters: 200, epoch: 18 | loss: 0.1583176
	speed: 0.0413s/iter; left time: 903.8622s
Epoch: 18 cost time: 10.97150182723999
Epoch: 18, Steps: 266 | Train Loss: 0.1903357 Vali Loss: 0.1234371 Test Loss: 0.1678547
EarlyStopping counter: 9 out of 20
Updating learning rate to 4.4497445486028815e-05
	iters: 100, epoch: 19 | loss: 0.1926991
	speed: 0.1024s/iter; left time: 2224.4784s
	iters: 200, epoch: 19 | loss: 0.1701993
	speed: 0.0511s/iter; left time: 1104.3991s
Epoch: 19 cost time: 11.943212747573853
Epoch: 19, Steps: 266 | Train Loss: 0.1879333 Vali Loss: 0.1271692 Test Loss: 0.1714254
EarlyStopping counter: 10 out of 20
Updating learning rate to 4.8240675304698384e-05
	iters: 100, epoch: 20 | loss: 0.2137464
	speed: 0.1018s/iter; left time: 2184.3123s
	iters: 200, epoch: 20 | loss: 0.1958274
	speed: 0.0410s/iter; left time: 875.2302s
Epoch: 20 cost time: 10.905491352081299
Epoch: 20, Steps: 266 | Train Loss: 0.1853359 Vali Loss: 0.1253617 Test Loss: 0.1718567
EarlyStopping counter: 11 out of 20
Updating learning rate to 5.2007086965261054e-05
	iters: 100, epoch: 21 | loss: 0.1649138
	speed: 0.1016s/iter; left time: 2152.4579s
	iters: 200, epoch: 21 | loss: 0.1687294
	speed: 0.0411s/iter; left time: 866.3062s
Epoch: 21 cost time: 10.924100160598755
Epoch: 21, Steps: 266 | Train Loss: 0.1831181 Vali Loss: 0.1277826 Test Loss: 0.1716986
EarlyStopping counter: 12 out of 20
Updating learning rate to 5.5773454924116216e-05
	iters: 100, epoch: 22 | loss: 0.2417015
	speed: 0.1019s/iter; left time: 2131.8949s
	iters: 200, epoch: 22 | loss: 0.1936246
	speed: 0.0412s/iter; left time: 857.5867s
Epoch: 22 cost time: 10.945295810699463
Epoch: 22, Steps: 266 | Train Loss: 0.1807740 Vali Loss: 0.1281073 Test Loss: 0.1723954
EarlyStopping counter: 13 out of 20
Updating learning rate to 5.95165539071495e-05
	iters: 100, epoch: 23 | loss: 0.1786840
	speed: 0.1020s/iter; left time: 2106.5674s
	iters: 200, epoch: 23 | loss: 0.1870392
	speed: 0.0412s/iter; left time: 846.2933s
Epoch: 23 cost time: 10.950412034988403
Epoch: 23, Steps: 266 | Train Loss: 0.1785321 Vali Loss: 0.1271629 Test Loss: 0.1734469
EarlyStopping counter: 14 out of 20
Updating learning rate to 6.321330212817643e-05
	iters: 100, epoch: 24 | loss: 0.1521962
	speed: 0.1019s/iter; left time: 2077.8893s
	iters: 200, epoch: 24 | loss: 0.1817215
	speed: 0.0412s/iter; left time: 835.0953s
Epoch: 24 cost time: 10.945249080657959
Epoch: 24, Steps: 266 | Train Loss: 0.1757950 Vali Loss: 0.1277229 Test Loss: 0.1785898
EarlyStopping counter: 15 out of 20
Updating learning rate to 6.684090362256924e-05
	iters: 100, epoch: 25 | loss: 0.2448638
	speed: 0.1020s/iter; left time: 2051.0161s
	iters: 200, epoch: 25 | loss: 0.1637426
	speed: 0.0412s/iter; left time: 823.9530s
Epoch: 25 cost time: 10.94432806968689
Epoch: 25, Steps: 266 | Train Loss: 0.1744002 Vali Loss: 0.1292549 Test Loss: 0.1790964
EarlyStopping counter: 16 out of 20
Updating learning rate to 7.037698881836747e-05
	iters: 100, epoch: 26 | loss: 0.1739969
	speed: 0.1020s/iter; left time: 2024.1829s
	iters: 200, epoch: 26 | loss: 0.1454972
	speed: 0.0412s/iter; left time: 812.7569s
Epoch: 26 cost time: 10.944631814956665
Epoch: 26, Steps: 266 | Train Loss: 0.1718645 Vali Loss: 0.1276480 Test Loss: 0.1792814
EarlyStopping counter: 17 out of 20
Updating learning rate to 7.379975247804219e-05
	iters: 100, epoch: 27 | loss: 0.1536439
	speed: 0.1018s/iter; left time: 1993.8761s
	iters: 200, epoch: 27 | loss: 0.1397351
	speed: 0.0412s/iter; left time: 801.8852s
Epoch: 27 cost time: 10.941101551055908
Epoch: 27, Steps: 266 | Train Loss: 0.1702758 Vali Loss: 0.1258773 Test Loss: 0.1760273
EarlyStopping counter: 18 out of 20
Updating learning rate to 7.70880881602968e-05
	iters: 100, epoch: 28 | loss: 0.1567634
	speed: 0.1018s/iter; left time: 1966.2537s
	iters: 200, epoch: 28 | loss: 0.1792537
	speed: 0.0412s/iter; left time: 791.1836s
Epoch: 28 cost time: 10.94405722618103
Epoch: 28, Steps: 266 | Train Loss: 0.1682318 Vali Loss: 0.1276358 Test Loss: 0.1775832
EarlyStopping counter: 19 out of 20
Updating learning rate to 8.02217183727475e-05
	iters: 100, epoch: 29 | loss: 0.1735659
	speed: 0.1019s/iter; left time: 1941.4557s
	iters: 200, epoch: 29 | loss: 0.1350620
	speed: 0.0412s/iter; left time: 779.9276s
Epoch: 29 cost time: 10.94342827796936
Epoch: 29, Steps: 266 | Train Loss: 0.1659397 Vali Loss: 0.1268031 Test Loss: 0.1806649
EarlyStopping counter: 20 out of 20
Early stopping
>>>>>>>testing : NL_ettm2_flatten_lr0.0001_always_336_96_PatchTST_ETTm2_ftM_sl336_ll48_pl96_dm128_nh16_el3_dl1_df256_fc1_ebtimeF_dtTruelr0.0001_polalways_Nested_Learning_0<<<<<<<<<<<<<<<<<<<<<<<<<<<<<<<<<
test 11425
 Ejecutando Inferencia DINÁMICA (Nested Learning con flatten)
  -> Política: always | LR: 0.0001 | Target: head

RESUMEN: El CMS se actualizó 89 veces de 89 posibles.

mse:0.17552489042282104, mae:0.26094016432762146, rse:0.3394024968147278
Args in experiment:
Namespace(random_seed=2021, is_training=1, model_id='NL_ettm2_flatten_lr0.0001_always_336_192', model='PatchTST', data='ETTm2', root_path='./dataset/', data_path='ETTm2.csv', features='M', target='OT', freq='h', checkpoints='./checkpoints/', seq_len=336, label_len=48, pred_len=192, head_type='flatten', cms_lr=0.0001, update_policy='always', fc_dropout=0.2, head_dropout=0.0, patch_len=16, stride=8, padding_patch='end', revin=1, affine=0, subtract_last=0, decomposition=0, kernel_size=25, individual=0, embed_type=0, enc_in=7, dec_in=7, c_out=7, d_model=128, n_heads=16, e_layers=3, d_layers=1, d_ff=256, moving_avg=25, factor=1, distil=True, dropout=0.2, embed='timeF', activation='gelu', output_attention=False, do_predict=False, num_workers=0, itr=1, train_epochs=100, batch_size=128, patience=20, learning_rate=0.0001, des='Nested_Learning', loss='mse', lradj='TST', pct_start=0.4, use_amp=False, use_gpu=True, gpu=0, use_multi_gpu=False, devices='0,1,2,3', test_flop=False)
Use GPU: cuda:0
>>>>>>>start training : NL_ettm2_flatten_lr0.0001_always_336_192_PatchTST_ETTm2_ftM_sl336_ll48_pl192_dm128_nh16_el3_dl1_df256_fc1_ebtimeF_dtTruelr0.0001_polalways_Nested_Learning_0>>>>>>>>>>>>>>>>>>>>>>>>>>
train 34033
val 11329
test 11329
	iters: 100, epoch: 1 | loss: 0.3320694
	speed: 0.0604s/iter; left time: 1594.5677s
	iters: 200, epoch: 1 | loss: 0.4405365
	speed: 0.0412s/iter; left time: 1083.7220s
Epoch: 1 cost time: 11.262763500213623
Epoch: 1, Steps: 265 | Train Loss: 0.4114095 Vali Loss: 0.1839585 Test Loss: 0.2538230
Validation loss decreased (inf --> 0.183959).  Saving model ...
Updating learning rate to 4.147995888890545e-06
	iters: 100, epoch: 2 | loss: 0.2375859
	speed: 0.1081s/iter; left time: 2826.0821s
	iters: 200, epoch: 2 | loss: 0.2509089
	speed: 0.0413s/iter; left time: 1075.0688s
Epoch: 2 cost time: 10.93690824508667
Epoch: 2, Steps: 265 | Train Loss: 0.3487044 Vali Loss: 0.1711481 Test Loss: 0.2380223
Validation loss decreased (0.183959 --> 0.171148).  Saving model ...
Updating learning rate to 4.591070939598485e-06
	iters: 100, epoch: 3 | loss: 0.4678335
	speed: 0.1033s/iter; left time: 2673.6979s
	iters: 200, epoch: 3 | loss: 0.4232489
	speed: 0.0414s/iter; left time: 1067.4283s
Epoch: 3 cost time: 10.961636543273926
Epoch: 3, Steps: 265 | Train Loss: 0.3309612 Vali Loss: 0.1651707 Test Loss: 0.2306160
Validation loss decreased (0.171148 --> 0.165171).  Saving model ...
Updating learning rate to 5.326492931874866e-06
	iters: 100, epoch: 4 | loss: 0.3343582
	speed: 0.1042s/iter; left time: 2667.6308s
	iters: 200, epoch: 4 | loss: 0.4618599
	speed: 0.0414s/iter; left time: 1056.9027s
Epoch: 4 cost time: 10.973798036575317
Epoch: 4, Steps: 265 | Train Loss: 0.3208110 Vali Loss: 0.1625980 Test Loss: 0.2266450
Validation loss decreased (0.165171 --> 0.162598).  Saving model ...
Updating learning rate to 6.349726889409005e-06
	iters: 100, epoch: 5 | loss: 0.3718282
	speed: 0.1040s/iter; left time: 2636.1903s
	iters: 200, epoch: 5 | loss: 0.3621072
	speed: 0.0414s/iter; left time: 1045.5778s
Epoch: 5 cost time: 10.969597578048706
Epoch: 5, Steps: 265 | Train Loss: 0.3145001 Vali Loss: 0.1615920 Test Loss: 0.2250416
Validation loss decreased (0.162598 --> 0.161592).  Saving model ...
Updating learning rate to 7.654463044738896e-06
	iters: 100, epoch: 6 | loss: 0.3044055
	speed: 0.1354s/iter; left time: 3394.7947s
	iters: 200, epoch: 6 | loss: 0.2355869
	speed: 0.0415s/iter; left time: 1035.9353s
Epoch: 6 cost time: 10.98767375946045
Epoch: 6, Steps: 265 | Train Loss: 0.3099543 Vali Loss: 0.1595697 Test Loss: 0.2232336
Validation loss decreased (0.161592 --> 0.159570).  Saving model ...
Updating learning rate to 9.232655748403029e-06
	iters: 100, epoch: 7 | loss: 0.2476378
	speed: 0.1036s/iter; left time: 2570.1181s
	iters: 200, epoch: 7 | loss: 0.3761913
	speed: 0.0414s/iter; left time: 1022.9164s
Epoch: 7 cost time: 10.96707558631897
Epoch: 7, Steps: 265 | Train Loss: 0.3066312 Vali Loss: 0.1586854 Test Loss: 0.2213751
Validation loss decreased (0.159570 --> 0.158685).  Saving model ...
Updating learning rate to 1.107457308240065e-05
	iters: 100, epoch: 8 | loss: 0.2400985
	speed: 0.1034s/iter; left time: 2538.7159s
	iters: 200, epoch: 8 | loss: 0.4084656
	speed: 0.0414s/iter; left time: 1012.6428s
Epoch: 8 cost time: 10.97213339805603
Epoch: 8, Steps: 265 | Train Loss: 0.3043105 Vali Loss: 0.1594131 Test Loss: 0.2200546
EarlyStopping counter: 1 out of 20
Updating learning rate to 1.3168856872018862e-05
	iters: 100, epoch: 9 | loss: 0.2926466
	speed: 0.1029s/iter; left time: 2497.6204s
	iters: 200, epoch: 9 | loss: 0.2063353
	speed: 0.0414s/iter; left time: 1001.8304s
Epoch: 9 cost time: 10.970860004425049
Epoch: 9, Steps: 265 | Train Loss: 0.3008623 Vali Loss: 0.1586004 Test Loss: 0.2205720
Validation loss decreased (0.158685 --> 0.158600).  Saving model ...
Updating learning rate to 1.550259272596464e-05
	iters: 100, epoch: 10 | loss: 0.2377795
	speed: 0.1034s/iter; left time: 2484.3055s
	iters: 200, epoch: 10 | loss: 0.3088773
	speed: 0.0414s/iter; left time: 990.5420s
Epoch: 10 cost time: 10.970201969146729
Epoch: 10, Steps: 265 | Train Loss: 0.2973804 Vali Loss: 0.1595421 Test Loss: 0.2223043
EarlyStopping counter: 1 out of 20
Updating learning rate to 1.806138967289881e-05
	iters: 100, epoch: 11 | loss: 0.2029297
	speed: 0.1029s/iter; left time: 2445.1018s
	iters: 200, epoch: 11 | loss: 0.2732246
	speed: 0.0414s/iter; left time: 979.6845s
Epoch: 11 cost time: 10.968998193740845
Epoch: 11, Steps: 265 | Train Loss: 0.2931558 Vali Loss: 0.1606265 Test Loss: 0.2225831
EarlyStopping counter: 2 out of 20
Updating learning rate to 2.0829468903294163e-05
	iters: 100, epoch: 12 | loss: 0.3668698
	speed: 0.1028s/iter; left time: 2415.4827s
	iters: 200, epoch: 12 | loss: 0.2384648
	speed: 0.0416s/iter; left time: 972.4608s
Epoch: 12 cost time: 11.000159978866577
Epoch: 12, Steps: 265 | Train Loss: 0.2874458 Vali Loss: 0.1632759 Test Loss: 0.2229277
EarlyStopping counter: 3 out of 20
Updating learning rate to 2.3789761069391508e-05
	iters: 100, epoch: 13 | loss: 0.2817138
	speed: 0.1059s/iter; left time: 2458.5901s
	iters: 200, epoch: 13 | loss: 0.2440715
	speed: 0.0415s/iter; left time: 960.6540s
Epoch: 13 cost time: 11.005709171295166
Epoch: 13, Steps: 265 | Train Loss: 0.2815569 Vali Loss: 0.1644256 Test Loss: 0.2263895
EarlyStopping counter: 4 out of 20
Updating learning rate to 2.692401154325343e-05
	iters: 100, epoch: 14 | loss: 0.3872976
	speed: 0.1059s/iter; left time: 2430.2061s
	iters: 200, epoch: 14 | loss: 0.2590050
	speed: 0.0416s/iter; left time: 950.1424s
Epoch: 14 cost time: 11.00853419303894
Epoch: 14, Steps: 265 | Train Loss: 0.2746870 Vali Loss: 0.1643195 Test Loss: 0.2295336
EarlyStopping counter: 5 out of 20
Updating learning rate to 3.0212892983843068e-05
	iters: 100, epoch: 15 | loss: 0.3086987
	speed: 0.1031s/iter; left time: 2339.4407s
	iters: 200, epoch: 15 | loss: 0.2365928
	speed: 0.0414s/iter; left time: 935.6274s
Epoch: 15 cost time: 10.970029354095459
Epoch: 15, Steps: 265 | Train Loss: 0.2685808 Vali Loss: 0.1695655 Test Loss: 0.2355472
EarlyStopping counter: 6 out of 20
Updating learning rate to 3.3636124518983084e-05
	iters: 100, epoch: 16 | loss: 0.3000350
	speed: 0.1030s/iter; left time: 2310.8485s
	iters: 200, epoch: 16 | loss: 0.2202087
	speed: 0.0415s/iter; left time: 925.4803s
Epoch: 16 cost time: 10.977503061294556
Epoch: 16, Steps: 265 | Train Loss: 0.2620950 Vali Loss: 0.1702930 Test Loss: 0.2338946
EarlyStopping counter: 7 out of 20
Updating learning rate to 3.717259680726015e-05
	iters: 100, epoch: 17 | loss: 0.3054119
	speed: 0.1028s/iter; left time: 2279.0065s
	iters: 200, epoch: 17 | loss: 0.3405830
	speed: 0.0414s/iter; left time: 914.2623s
Epoch: 17 cost time: 10.974869966506958
Epoch: 17, Steps: 265 | Train Loss: 0.2571711 Vali Loss: 0.1686559 Test Loss: 0.2358226
EarlyStopping counter: 8 out of 20
Updating learning rate to 4.080050220868085e-05
	iters: 100, epoch: 18 | loss: 0.2923521
	speed: 0.1028s/iter; left time: 2251.9624s
	iters: 200, epoch: 18 | loss: 0.2419812
	speed: 0.0415s/iter; left time: 903.4591s
Epoch: 18 cost time: 10.97024154663086
Epoch: 18, Steps: 265 | Train Loss: 0.2521380 Vali Loss: 0.1685770 Test Loss: 0.2413175
EarlyStopping counter: 9 out of 20
Updating learning rate to 4.449746926138297e-05
	iters: 100, epoch: 19 | loss: 0.2698910
	speed: 0.1028s/iter; left time: 2223.9803s
	iters: 200, epoch: 19 | loss: 0.3418232
	speed: 0.0414s/iter; left time: 892.3957s
Epoch: 19 cost time: 10.971917629241943
Epoch: 19, Steps: 265 | Train Loss: 0.2481257 Vali Loss: 0.1695864 Test Loss: 0.2374246
EarlyStopping counter: 10 out of 20
Updating learning rate to 4.824070063515135e-05
	iters: 100, epoch: 20 | loss: 0.2924412
	speed: 0.1030s/iter; left time: 2200.0249s
	iters: 200, epoch: 20 | loss: 0.2249013
	speed: 0.0415s/iter; left time: 882.7241s
Epoch: 20 cost time: 10.994339942932129
Epoch: 20, Steps: 265 | Train Loss: 0.2445912 Vali Loss: 0.1699110 Test Loss: 0.2398805
EarlyStopping counter: 11 out of 20
Updating learning rate to 5.200711371104918e-05
	iters: 100, epoch: 21 | loss: 0.2208082
	speed: 0.1027s/iter; left time: 2167.7140s
	iters: 200, epoch: 21 | loss: 0.2899674
	speed: 0.0415s/iter; left time: 871.4653s
Epoch: 21 cost time: 10.987498760223389
Epoch: 21, Steps: 265 | Train Loss: 0.2407157 Vali Loss: 0.1743478 Test Loss: 0.2434377
EarlyStopping counter: 12 out of 20
Updating learning rate to 5.577348292028073e-05
	iters: 100, epoch: 22 | loss: 0.1816121
	speed: 0.1029s/iter; left time: 2143.3189s
	iters: 200, epoch: 22 | loss: 0.2419474
	speed: 0.0415s/iter; left time: 860.1876s
Epoch: 22 cost time: 10.989559888839722
Epoch: 22, Steps: 265 | Train Loss: 0.2384817 Vali Loss: 0.1734184 Test Loss: 0.2393384
EarlyStopping counter: 13 out of 20
Updating learning rate to 5.9516582964553954e-05
	iters: 100, epoch: 23 | loss: 0.2486411
	speed: 0.1028s/iter; left time: 2114.6303s
	iters: 200, epoch: 23 | loss: 0.2038303
	speed: 0.0415s/iter; left time: 848.7468s
Epoch: 23 cost time: 10.981690883636475
Epoch: 23, Steps: 265 | Train Loss: 0.2347048 Vali Loss: 0.1724307 Test Loss: 0.2366025
EarlyStopping counter: 14 out of 20
Updating learning rate to 6.321333203477474e-05
	iters: 100, epoch: 24 | loss: 0.2347434
	speed: 0.1028s/iter; left time: 2087.4722s
	iters: 200, epoch: 24 | loss: 0.2807840
	speed: 0.0415s/iter; left time: 837.7013s
Epoch: 24 cost time: 10.97518539428711
Epoch: 24, Steps: 265 | Train Loss: 0.2325895 Vali Loss: 0.1734206 Test Loss: 0.2405659
EarlyStopping counter: 15 out of 20
Updating learning rate to 6.684093414491588e-05
	iters: 100, epoch: 25 | loss: 0.2385702
	speed: 0.1028s/iter; left time: 2059.3636s
	iters: 200, epoch: 25 | loss: 0.2538748
	speed: 0.0415s/iter; left time: 827.4744s
Epoch: 25 cost time: 10.980589151382446
Epoch: 25, Steps: 265 | Train Loss: 0.2288947 Vali Loss: 0.1753936 Test Loss: 0.2449565
EarlyStopping counter: 16 out of 20
Updating learning rate to 7.037701970335941e-05
	iters: 100, epoch: 26 | loss: 0.1854233
	speed: 0.1027s/iter; left time: 2031.5372s
	iters: 200, epoch: 26 | loss: 0.2335546
	speed: 0.0415s/iter; left time: 816.4457s
Epoch: 26 cost time: 10.982606172561646
Epoch: 26, Steps: 265 | Train Loss: 0.2272158 Vali Loss: 0.1731818 Test Loss: 0.2396304
EarlyStopping counter: 17 out of 20
Updating learning rate to 7.379978345487968e-05
	iters: 100, epoch: 27 | loss: 0.2453750
	speed: 0.1028s/iter; left time: 2006.3151s
	iters: 200, epoch: 27 | loss: 0.1848626
	speed: 0.0415s/iter; left time: 805.8757s
Epoch: 27 cost time: 10.982094049453735
Epoch: 27, Steps: 265 | Train Loss: 0.2239694 Vali Loss: 0.1718734 Test Loss: 0.2372931
EarlyStopping counter: 18 out of 20
Updating learning rate to 7.70881189426489e-05
	iters: 100, epoch: 28 | loss: 0.2202315
	speed: 0.1028s/iter; left time: 1978.3979s
	iters: 200, epoch: 28 | loss: 0.2379767
	speed: 0.0415s/iter; left time: 794.9825s
Epoch: 28 cost time: 10.98331069946289
Epoch: 28, Steps: 265 | Train Loss: 0.2207330 Vali Loss: 0.1703652 Test Loss: 0.2465740
EarlyStopping counter: 19 out of 20
Updating learning rate to 8.022174866110521e-05
	iters: 100, epoch: 29 | loss: 0.1767094
	speed: 0.1028s/iter; left time: 1950.5281s
	iters: 200, epoch: 29 | loss: 0.1873759
	speed: 0.0415s/iter; left time: 783.6689s
Epoch: 29 cost time: 10.988691329956055
Epoch: 29, Steps: 265 | Train Loss: 0.2181987 Vali Loss: 0.1728561 Test Loss: 0.2401397
EarlyStopping counter: 20 out of 20
Early stopping
>>>>>>>testing : NL_ettm2_flatten_lr0.0001_always_336_192_PatchTST_ETTm2_ftM_sl336_ll48_pl192_dm128_nh16_el3_dl1_df256_fc1_ebtimeF_dtTruelr0.0001_polalways_Nested_Learning_0<<<<<<<<<<<<<<<<<<<<<<<<<<<<<<<<<
test 11329
 Ejecutando Inferencia DINÁMICA (Nested Learning con flatten)
  -> Política: always | LR: 0.0001 | Target: head

RESUMEN: El CMS se actualizó 88 veces de 88 posibles.

mse:0.23289872705936432, mae:0.2989552915096283, rse:0.3900246322154999
Args in experiment:
Namespace(random_seed=2021, is_training=1, model_id='NL_ettm2_flatten_lr0.0001_always_336_336', model='PatchTST', data='ETTm2', root_path='./dataset/', data_path='ETTm2.csv', features='M', target='OT', freq='h', checkpoints='./checkpoints/', seq_len=336, label_len=48, pred_len=336, head_type='flatten', cms_lr=0.0001, update_policy='always', fc_dropout=0.2, head_dropout=0.0, patch_len=16, stride=8, padding_patch='end', revin=1, affine=0, subtract_last=0, decomposition=0, kernel_size=25, individual=0, embed_type=0, enc_in=7, dec_in=7, c_out=7, d_model=128, n_heads=16, e_layers=3, d_layers=1, d_ff=256, moving_avg=25, factor=1, distil=True, dropout=0.2, embed='timeF', activation='gelu', output_attention=False, do_predict=False, num_workers=0, itr=1, train_epochs=100, batch_size=128, patience=20, learning_rate=0.0001, des='Nested_Learning', loss='mse', lradj='TST', pct_start=0.4, use_amp=False, use_gpu=True, gpu=0, use_multi_gpu=False, devices='0,1,2,3', test_flop=False)
Use GPU: cuda:0
>>>>>>>start training : NL_ettm2_flatten_lr0.0001_always_336_336_PatchTST_ETTm2_ftM_sl336_ll48_pl336_dm128_nh16_el3_dl1_df256_fc1_ebtimeF_dtTruelr0.0001_polalways_Nested_Learning_0>>>>>>>>>>>>>>>>>>>>>>>>>>
train 33889
val 11185
test 11185
	iters: 100, epoch: 1 | loss: 0.3680319
	speed: 0.0703s/iter; left time: 1849.4909s
	iters: 200, epoch: 1 | loss: 0.7377603
	speed: 0.0419s/iter; left time: 1098.2644s
Epoch: 1 cost time: 11.37893533706665
Epoch: 1, Steps: 264 | Train Loss: 0.4878830 Vali Loss: 0.2250702 Test Loss: 0.3038669
Validation loss decreased (inf --> 0.225070).  Saving model ...
Updating learning rate to 4.147995994617984e-06
	iters: 100, epoch: 2 | loss: 0.3862306
	speed: 0.1125s/iter; left time: 2929.2279s
	iters: 200, epoch: 2 | loss: 0.4803863
	speed: 0.0421s/iter; left time: 1091.8015s
Epoch: 2 cost time: 11.102068424224854
Epoch: 2, Steps: 264 | Train Loss: 0.4355663 Vali Loss: 0.2131573 Test Loss: 0.2906727
Validation loss decreased (0.225070 --> 0.213157).  Saving model ...
Updating learning rate to 4.591071361204269e-06
	iters: 100, epoch: 3 | loss: 0.4806994
	speed: 0.1066s/iter; left time: 2746.9315s
	iters: 200, epoch: 3 | loss: 0.5022652
	speed: 0.0422s/iter; left time: 1082.9065s
Epoch: 3 cost time: 11.130571126937866
Epoch: 3, Steps: 264 | Train Loss: 0.4209222 Vali Loss: 0.2085426 Test Loss: 0.2836373
Validation loss decreased (0.213157 --> 0.208543).  Saving model ...
Updating learning rate to 5.3264938756102174e-06
	iters: 100, epoch: 4 | loss: 0.3745322
	speed: 0.1066s/iter; left time: 2718.7402s
	iters: 200, epoch: 4 | loss: 0.3874515
	speed: 0.0422s/iter; left time: 1072.3577s
Epoch: 4 cost time: 11.141815185546875
Epoch: 4, Steps: 264 | Train Loss: 0.4114955 Vali Loss: 0.2058998 Test Loss: 0.2803485
Validation loss decreased (0.208543 --> 0.205900).  Saving model ...
Updating learning rate to 6.349728555065631e-06
	iters: 100, epoch: 5 | loss: 0.3452420
	speed: 0.1067s/iter; left time: 2694.3705s
	iters: 200, epoch: 5 | loss: 0.4541777
	speed: 0.0422s/iter; left time: 1061.5288s
Epoch: 5 cost time: 11.13676381111145
Epoch: 5, Steps: 264 | Train Loss: 0.4058223 Vali Loss: 0.2034718 Test Loss: 0.2786148
Validation loss decreased (0.205900 --> 0.203472).  Saving model ...
Updating learning rate to 7.654465623149092e-06
	iters: 100, epoch: 6 | loss: 0.2611217
	speed: 0.1067s/iter; left time: 2664.6868s
	iters: 200, epoch: 6 | loss: 0.5399648
	speed: 0.0421s/iter; left time: 1048.0050s
Epoch: 6 cost time: 11.11374831199646
Epoch: 6, Steps: 264 | Train Loss: 0.4008824 Vali Loss: 0.2033103 Test Loss: 0.2778322
Validation loss decreased (0.203472 --> 0.203310).  Saving model ...
Updating learning rate to 9.232659419022894e-06
	iters: 100, epoch: 7 | loss: 0.3695619
	speed: 0.1072s/iter; left time: 2649.3542s
	iters: 200, epoch: 7 | loss: 0.3267276
	speed: 0.0421s/iter; left time: 1037.5111s
Epoch: 7 cost time: 11.120080471038818
Epoch: 7, Steps: 264 | Train Loss: 0.3976832 Vali Loss: 0.2014402 Test Loss: 0.2776929
Validation loss decreased (0.203310 --> 0.201440).  Saving model ...
Updating learning rate to 1.1074578010998666e-05
	iters: 100, epoch: 8 | loss: 0.3884718
	speed: 0.1062s/iter; left time: 2597.0758s
	iters: 200, epoch: 8 | loss: 0.6469340
	speed: 0.0421s/iter; left time: 1026.4205s
Epoch: 8 cost time: 11.122961521148682
Epoch: 8, Steps: 264 | Train Loss: 0.3941777 Vali Loss: 0.2021033 Test Loss: 0.2753454
EarlyStopping counter: 1 out of 20
Updating learning rate to 1.3168863208492038e-05
	iters: 100, epoch: 9 | loss: 0.5819013
	speed: 0.1049s/iter; left time: 2538.3335s
	iters: 200, epoch: 9 | loss: 0.3908259
	speed: 0.0423s/iter; left time: 1017.9999s
Epoch: 9 cost time: 11.138633728027344
Epoch: 9, Steps: 264 | Train Loss: 0.3894611 Vali Loss: 0.2036545 Test Loss: 0.2754832
EarlyStopping counter: 2 out of 20
Updating learning rate to 1.5502600602302323e-05
	iters: 100, epoch: 10 | loss: 0.4197114
	speed: 0.1078s/iter; left time: 2578.4606s
	iters: 200, epoch: 10 | loss: 0.3747660
	speed: 0.0423s/iter; left time: 1007.0507s
Epoch: 10 cost time: 11.153970956802368
Epoch: 10, Steps: 264 | Train Loss: 0.3828896 Vali Loss: 0.2064069 Test Loss: 0.2745245
EarlyStopping counter: 3 out of 20
Updating learning rate to 1.8061399201313948e-05
	iters: 100, epoch: 11 | loss: 0.3040191
	speed: 0.1078s/iter; left time: 2550.0842s
	iters: 200, epoch: 11 | loss: 0.3853008
	speed: 0.0421s/iter; left time: 992.4427s
Epoch: 11 cost time: 11.116405248641968
Epoch: 11, Steps: 264 | Train Loss: 0.3747716 Vali Loss: 0.2066142 Test Loss: 0.2783703
EarlyStopping counter: 4 out of 20
Updating learning rate to 2.08294801745399e-05
	iters: 100, epoch: 12 | loss: 0.5537434
	speed: 0.1049s/iter; left time: 2454.2632s
	iters: 200, epoch: 12 | loss: 0.4036232
	speed: 0.0421s/iter; left time: 981.6542s
Epoch: 12 cost time: 11.118500709533691
Epoch: 12, Steps: 264 | Train Loss: 0.3642956 Vali Loss: 0.2130927 Test Loss: 0.2786707
EarlyStopping counter: 5 out of 20
Updating learning rate to 2.378977415127951e-05
	iters: 100, epoch: 13 | loss: 0.3786044
	speed: 0.1048s/iter; left time: 2424.4768s
	iters: 200, epoch: 13 | loss: 0.3829477
	speed: 0.0421s/iter; left time: 970.7088s
Epoch: 13 cost time: 11.117226362228394
Epoch: 13, Steps: 264 | Train Loss: 0.3514932 Vali Loss: 0.2134391 Test Loss: 0.2873150
EarlyStopping counter: 6 out of 20
Updating learning rate to 2.6924026479389104e-05
	iters: 100, epoch: 14 | loss: 0.3514712
	speed: 0.1050s/iter; left time: 2402.3180s
	iters: 200, epoch: 14 | loss: 0.3546832
	speed: 0.0422s/iter; left time: 960.6225s
Epoch: 14 cost time: 11.131635904312134
Epoch: 14, Steps: 264 | Train Loss: 0.3388674 Vali Loss: 0.2137507 Test Loss: 0.2858015
EarlyStopping counter: 7 out of 20
Updating learning rate to 3.0212909792590238e-05
	iters: 100, epoch: 15 | loss: 0.2576615
	speed: 0.1078s/iter; left time: 2437.4796s
	iters: 200, epoch: 15 | loss: 0.3637887
	speed: 0.0423s/iter; left time: 951.4949s
Epoch: 15 cost time: 11.156668901443481
Epoch: 15, Steps: 264 | Train Loss: 0.3282991 Vali Loss: 0.2207597 Test Loss: 0.2916072
EarlyStopping counter: 8 out of 20
Updating learning rate to 3.363614319266957e-05
	iters: 100, epoch: 16 | loss: 0.3283830
	speed: 0.1080s/iter; left time: 2411.7177s
	iters: 200, epoch: 16 | loss: 0.2865520
	speed: 0.0423s/iter; left time: 940.1747s
Epoch: 16 cost time: 11.15947937965393
Epoch: 16, Steps: 264 | Train Loss: 0.3208567 Vali Loss: 0.2247721 Test Loss: 0.2899227
EarlyStopping counter: 9 out of 20
Updating learning rate to 3.7172617311633196e-05
	iters: 100, epoch: 17 | loss: 0.3795636
	speed: 0.1080s/iter; left time: 2383.3229s
	iters: 200, epoch: 17 | loss: 0.2777193
	speed: 0.0423s/iter; left time: 929.2909s
Epoch: 17 cost time: 11.159985542297363
Epoch: 17, Steps: 264 | Train Loss: 0.3147642 Vali Loss: 0.2199988 Test Loss: 0.3014247
EarlyStopping counter: 10 out of 20
Updating learning rate to 4.0800524482619576e-05
	iters: 100, epoch: 18 | loss: 0.3349763
	speed: 0.1088s/iter; left time: 2373.6428s
	iters: 200, epoch: 18 | loss: 0.4018911
	speed: 0.0423s/iter; left time: 917.7365s
Epoch: 18 cost time: 11.159793853759766
Epoch: 18, Steps: 264 | Train Loss: 0.3083224 Vali Loss: 0.2273232 Test Loss: 0.2992520
EarlyStopping counter: 11 out of 20
Updating learning rate to 4.449749321687241e-05
	iters: 100, epoch: 19 | loss: 0.2294661
	speed: 0.1078s/iter; left time: 2322.4438s
	iters: 200, epoch: 19 | loss: 0.3153757
	speed: 0.0423s/iter; left time: 906.2985s
Epoch: 19 cost time: 11.158122062683105
Epoch: 19, Steps: 264 | Train Loss: 0.3038499 Vali Loss: 0.2291385 Test Loss: 0.2988952
EarlyStopping counter: 12 out of 20
Updating learning rate to 4.824072615752094e-05
	iters: 100, epoch: 20 | loss: 0.3317463
	speed: 0.1080s/iter; left time: 2298.2689s
	iters: 200, epoch: 20 | loss: 0.2375493
	speed: 0.0423s/iter; left time: 896.6169s
Epoch: 20 cost time: 11.166011571884155
Epoch: 20, Steps: 264 | Train Loss: 0.2993856 Vali Loss: 0.2224075 Test Loss: 0.3017284
EarlyStopping counter: 13 out of 20
Updating learning rate to 5.200714065947608e-05
	iters: 100, epoch: 21 | loss: 0.3216677
	speed: 0.1077s/iter; left time: 2264.2079s
	iters: 200, epoch: 21 | loss: 0.3054647
	speed: 0.0423s/iter; left time: 885.1197s
Epoch: 21 cost time: 11.15705943107605
Epoch: 21, Steps: 264 | Train Loss: 0.2961944 Vali Loss: 0.2263211 Test Loss: 0.3029068
EarlyStopping counter: 14 out of 20
Updating learning rate to 5.577351112855618e-05
	iters: 100, epoch: 22 | loss: 0.3886960
	speed: 0.1080s/iter; left time: 2241.2943s
	iters: 200, epoch: 22 | loss: 0.2696542
	speed: 0.0425s/iter; left time: 877.1140s
Epoch: 22 cost time: 11.182029008865356
Epoch: 22, Steps: 264 | Train Loss: 0.2914309 Vali Loss: 0.2260305 Test Loss: 0.3103181
EarlyStopping counter: 15 out of 20
Updating learning rate to 5.951661224210828e-05
	iters: 100, epoch: 23 | loss: 0.2834443
	speed: 0.1081s/iter; left time: 2215.0959s
	iters: 200, epoch: 23 | loss: 0.2453198
	speed: 0.0424s/iter; left time: 864.7944s
Epoch: 23 cost time: 11.174475908279419
Epoch: 23, Steps: 264 | Train Loss: 0.2880965 Vali Loss: 0.2253246 Test Loss: 0.3019400
EarlyStopping counter: 16 out of 20
Updating learning rate to 6.321336216795497e-05
	iters: 100, epoch: 24 | loss: 0.2494493
	speed: 0.1080s/iter; left time: 2184.4809s
	iters: 200, epoch: 24 | loss: 0.2410499
	speed: 0.0424s/iter; left time: 853.2568s
Epoch: 24 cost time: 11.1654634475708
Epoch: 24, Steps: 264 | Train Loss: 0.2845621 Vali Loss: 0.2293355 Test Loss: 0.3058919
EarlyStopping counter: 17 out of 20
Updating learning rate to 6.684096489850761e-05
	iters: 100, epoch: 25 | loss: 0.2625467
	speed: 0.1054s/iter; left time: 2104.7925s
	iters: 200, epoch: 25 | loss: 0.2549899
	speed: 0.0422s/iter; left time: 839.0796s
Epoch: 25 cost time: 11.130064249038696
Epoch: 25, Steps: 264 | Train Loss: 0.2814301 Vali Loss: 0.2236674 Test Loss: 0.3078165
EarlyStopping counter: 18 out of 20
Updating learning rate to 7.03770508223417e-05
	iters: 100, epoch: 26 | loss: 0.2948768
	speed: 0.1049s/iter; left time: 2066.3541s
	iters: 200, epoch: 26 | loss: 0.3474190
	speed: 0.0422s/iter; left time: 827.1102s
Epoch: 26 cost time: 11.12765097618103
Epoch: 26, Steps: 264 | Train Loss: 0.2776594 Vali Loss: 0.2267811 Test Loss: 0.3098907
EarlyStopping counter: 19 out of 20
Updating learning rate to 7.379981466640088e-05
	iters: 100, epoch: 27 | loss: 0.2747236
	speed: 0.1050s/iter; left time: 2041.4765s
	iters: 200, epoch: 27 | loss: 0.2964498
	speed: 0.0422s/iter; left time: 815.7058s
Epoch: 27 cost time: 11.126881122589111
Epoch: 27, Steps: 264 | Train Loss: 0.2736619 Vali Loss: 0.2258485 Test Loss: 0.3108806
EarlyStopping counter: 20 out of 20
Early stopping
>>>>>>>testing : NL_ettm2_flatten_lr0.0001_always_336_336_PatchTST_ETTm2_ftM_sl336_ll48_pl336_dm128_nh16_el3_dl1_df256_fc1_ebtimeF_dtTruelr0.0001_polalways_Nested_Learning_0<<<<<<<<<<<<<<<<<<<<<<<<<<<<<<<<<
test 11185
 Ejecutando Inferencia DINÁMICA (Nested Learning con flatten)
  -> Política: always | LR: 0.0001 | Target: head

RESUMEN: El CMS se actualizó 87 veces de 87 posibles.

mse:0.2888295650482178, mae:0.3352564573287964, rse:0.4335957169532776
Args in experiment:
Namespace(random_seed=2021, is_training=1, model_id='NL_ettm2_flatten_lr0.0001_always_336_720', model='PatchTST', data='ETTm2', root_path='./dataset/', data_path='ETTm2.csv', features='M', target='OT', freq='h', checkpoints='./checkpoints/', seq_len=336, label_len=48, pred_len=720, head_type='flatten', cms_lr=0.0001, update_policy='always', fc_dropout=0.2, head_dropout=0.0, patch_len=16, stride=8, padding_patch='end', revin=1, affine=0, subtract_last=0, decomposition=0, kernel_size=25, individual=0, embed_type=0, enc_in=7, dec_in=7, c_out=7, d_model=128, n_heads=16, e_layers=3, d_layers=1, d_ff=256, moving_avg=25, factor=1, distil=True, dropout=0.2, embed='timeF', activation='gelu', output_attention=False, do_predict=False, num_workers=0, itr=1, train_epochs=100, batch_size=128, patience=20, learning_rate=0.0001, des='Nested_Learning', loss='mse', lradj='TST', pct_start=0.4, use_amp=False, use_gpu=True, gpu=0, use_multi_gpu=False, devices='0,1,2,3', test_flop=False)
Use GPU: cuda:0
>>>>>>>start training : NL_ettm2_flatten_lr0.0001_always_336_720_PatchTST_ETTm2_ftM_sl336_ll48_pl720_dm128_nh16_el3_dl1_df256_fc1_ebtimeF_dtTruelr0.0001_polalways_Nested_Learning_0>>>>>>>>>>>>>>>>>>>>>>>>>>
train 33505
val 10801
test 10801
	iters: 100, epoch: 1 | loss: 0.5368689
	speed: 0.0749s/iter; left time: 1948.4818s
	iters: 200, epoch: 1 | loss: 0.6406400
	speed: 0.0438s/iter; left time: 1135.5858s
Epoch: 1 cost time: 11.752616167068481
Epoch: 1, Steps: 261 | Train Loss: 0.6042241 Vali Loss: 0.2892524 Test Loss: 0.3928503
Validation loss decreased (inf --> 0.289252).  Saving model ...
Updating learning rate to 4.147996316662011e-06
	iters: 100, epoch: 2 | loss: 0.5492494
	speed: 0.1130s/iter; left time: 2909.7201s
	iters: 200, epoch: 2 | loss: 0.4032914
	speed: 0.0441s/iter; left time: 1131.0286s
Epoch: 2 cost time: 11.476281642913818
Epoch: 2, Steps: 261 | Train Loss: 0.5597240 Vali Loss: 0.2796804 Test Loss: 0.3811488
Validation loss decreased (0.289252 --> 0.279680).  Saving model ...
Updating learning rate to 4.591072645408634e-06
	iters: 100, epoch: 3 | loss: 0.4768669
	speed: 0.1160s/iter; left time: 2955.1037s
	iters: 200, epoch: 3 | loss: 0.6253552
	speed: 0.0440s/iter; left time: 1117.2005s
Epoch: 3 cost time: 11.504209041595459
Epoch: 3, Steps: 261 | Train Loss: 0.5477358 Vali Loss: 0.2748564 Test Loss: 0.3743569
Validation loss decreased (0.279680 --> 0.274856).  Saving model ...
Updating learning rate to 5.326496750212602e-06
	iters: 100, epoch: 4 | loss: 0.4886611
	speed: 0.1133s/iter; left time: 2857.2765s
	iters: 200, epoch: 4 | loss: 0.5135925
	speed: 0.0440s/iter; left time: 1105.6012s
Epoch: 4 cost time: 11.482058048248291
Epoch: 4, Steps: 261 | Train Loss: 0.5395182 Vali Loss: 0.2726577 Test Loss: 0.3710518
Validation loss decreased (0.274856 --> 0.272658).  Saving model ...
Updating learning rate to 6.349733628628268e-06
	iters: 100, epoch: 5 | loss: 0.7134376
	speed: 0.1135s/iter; left time: 2832.4539s
	iters: 200, epoch: 5 | loss: 0.5725800
	speed: 0.0440s/iter; left time: 1093.7074s
Epoch: 5 cost time: 11.481688976287842
Epoch: 5, Steps: 261 | Train Loss: 0.5334973 Vali Loss: 0.2710455 Test Loss: 0.3680970
Validation loss decreased (0.272658 --> 0.271046).  Saving model ...
Updating learning rate to 7.654473476944045e-06
	iters: 100, epoch: 6 | loss: 0.5212644
	speed: 0.1145s/iter; left time: 2826.6554s
	iters: 200, epoch: 6 | loss: 0.5594522
	speed: 0.0440s/iter; left time: 1081.8373s
Epoch: 6 cost time: 11.48426103591919
Epoch: 6, Steps: 261 | Train Loss: 0.5286543 Vali Loss: 0.2696052 Test Loss: 0.3674258
Validation loss decreased (0.271046 --> 0.269605).  Saving model ...
Updating learning rate to 9.232670599670218e-06
	iters: 100, epoch: 7 | loss: 0.5668843
	speed: 0.1133s/iter; left time: 2767.3426s
	iters: 200, epoch: 7 | loss: 0.6212389
	speed: 0.0440s/iter; left time: 1069.9702s
Epoch: 7 cost time: 11.483058214187622
Epoch: 7, Steps: 261 | Train Loss: 0.5246360 Vali Loss: 0.2697416 Test Loss: 0.3645064
EarlyStopping counter: 1 out of 20
Updating learning rate to 1.1074593023426382e-05
	iters: 100, epoch: 8 | loss: 0.4366150
	speed: 0.1102s/iter; left time: 2663.0637s
	iters: 200, epoch: 8 | loss: 0.4769289
	speed: 0.0440s/iter; left time: 1059.5554s
Epoch: 8 cost time: 11.481568813323975
Epoch: 8, Steps: 261 | Train Loss: 0.5203731 Vali Loss: 0.2706948 Test Loss: 0.3630230
EarlyStopping counter: 2 out of 20
Updating learning rate to 1.3168882509283648e-05
	iters: 100, epoch: 9 | loss: 0.4430582
	speed: 0.1102s/iter; left time: 2634.1219s
	iters: 200, epoch: 9 | loss: 0.5902506
	speed: 0.0440s/iter; left time: 1048.4396s
Epoch: 9 cost time: 11.48395848274231
Epoch: 9, Steps: 261 | Train Loss: 0.5138826 Vali Loss: 0.2709549 Test Loss: 0.3616512
EarlyStopping counter: 3 out of 20
Updating learning rate to 1.5502624593494887e-05
	iters: 100, epoch: 10 | loss: 0.4526711
	speed: 0.1123s/iter; left time: 2657.2624s
	iters: 200, epoch: 10 | loss: 0.5194089
	speed: 0.0441s/iter; left time: 1039.6878s
Epoch: 10 cost time: 11.528981924057007
Epoch: 10, Steps: 261 | Train Loss: 0.5072056 Vali Loss: 0.2720373 Test Loss: 0.3599697
EarlyStopping counter: 4 out of 20
Updating learning rate to 1.806142822470586e-05
	iters: 100, epoch: 11 | loss: 0.5475191
	speed: 0.1130s/iter; left time: 2642.3618s
	iters: 200, epoch: 11 | loss: 0.5439035
	speed: 0.0438s/iter; left time: 1020.4696s
Epoch: 11 cost time: 11.452477931976318
Epoch: 11, Steps: 261 | Train Loss: 0.4997109 Vali Loss: 0.2744676 Test Loss: 0.3560629
EarlyStopping counter: 5 out of 20
Updating learning rate to 2.0829514506563195e-05
	iters: 100, epoch: 12 | loss: 0.4851884
	speed: 0.1108s/iter; left time: 2563.8862s
	iters: 200, epoch: 12 | loss: 0.6221183
	speed: 0.0441s/iter; left time: 1015.8905s
Epoch: 12 cost time: 11.51244831085205
Epoch: 12, Steps: 261 | Train Loss: 0.4942036 Vali Loss: 0.2758796 Test Loss: 0.3581183
EarlyStopping counter: 6 out of 20
Updating learning rate to 2.3789813998487008e-05
	iters: 100, epoch: 13 | loss: 0.3941562
	speed: 0.1106s/iter; left time: 2530.0761s
	iters: 200, epoch: 13 | loss: 0.4911888
	speed: 0.0441s/iter; left time: 1004.1065s
Epoch: 13 cost time: 11.507187128067017
Epoch: 13, Steps: 261 | Train Loss: 0.4856248 Vali Loss: 0.2808531 Test Loss: 0.3563778
EarlyStopping counter: 7 out of 20
Updating learning rate to 2.6924071974601397e-05
	iters: 100, epoch: 14 | loss: 0.4382253
	speed: 0.1111s/iter; left time: 2510.6658s
	iters: 200, epoch: 14 | loss: 0.7190341
	speed: 0.0441s/iter; left time: 992.9642s
Epoch: 14 cost time: 11.514079809188843
Epoch: 14, Steps: 261 | Train Loss: 0.4759702 Vali Loss: 0.2801285 Test Loss: 0.3620708
EarlyStopping counter: 8 out of 20
Updating learning rate to 3.0212960991742456e-05
	iters: 100, epoch: 15 | loss: 0.5284608
	speed: 0.1134s/iter; left time: 2534.3747s
	iters: 200, epoch: 15 | loss: 0.5619191
	speed: 0.0441s/iter; left time: 982.1092s
Epoch: 15 cost time: 11.517037868499756
Epoch: 15, Steps: 261 | Train Loss: 0.4672107 Vali Loss: 0.2837230 Test Loss: 0.3653453
EarlyStopping counter: 9 out of 20
Updating learning rate to 3.363620007239161e-05
	iters: 100, epoch: 16 | loss: 0.4164384
	speed: 0.1138s/iter; left time: 2512.7549s
	iters: 200, epoch: 16 | loss: 0.4972459
	speed: 0.0442s/iter; left time: 970.7890s
Epoch: 16 cost time: 11.516204595565796
Epoch: 16, Steps: 261 | Train Loss: 0.4576724 Vali Loss: 0.2880679 Test Loss: 0.3716552
EarlyStopping counter: 10 out of 20
Updating learning rate to 3.717267976759092e-05
	iters: 100, epoch: 17 | loss: 0.3332337
	speed: 0.1134s/iter; left time: 2474.3163s
	iters: 200, epoch: 17 | loss: 0.5360267
	speed: 0.0441s/iter; left time: 958.9686s
Epoch: 17 cost time: 11.514618158340454
Epoch: 17, Steps: 261 | Train Loss: 0.4497990 Vali Loss: 0.2886770 Test Loss: 0.3740449
EarlyStopping counter: 11 out of 20
Updating learning rate to 4.0800592328638756e-05
	iters: 100, epoch: 18 | loss: 0.4089355
	speed: 0.1133s/iter; left time: 2443.8774s
	iters: 200, epoch: 18 | loss: 0.5246834
	speed: 0.0441s/iter; left time: 947.6218s
Epoch: 18 cost time: 11.51921272277832
Epoch: 18, Steps: 261 | Train Loss: 0.4418343 Vali Loss: 0.2941304 Test Loss: 0.3769282
EarlyStopping counter: 12 out of 20
Updating learning rate to 4.449756618485984e-05
	iters: 100, epoch: 19 | loss: 0.4254605
	speed: 0.1137s/iter; left time: 2421.2020s
	iters: 200, epoch: 19 | loss: 0.4562173
	speed: 0.0441s/iter; left time: 935.8675s
Epoch: 19 cost time: 11.5220046043396
Epoch: 19, Steps: 261 | Train Loss: 0.4350494 Vali Loss: 0.2970144 Test Loss: 0.3812468
EarlyStopping counter: 13 out of 20
Updating learning rate to 4.824080389819096e-05
	iters: 100, epoch: 20 | loss: 0.4968561
	speed: 0.1134s/iter; left time: 2385.2854s
	iters: 200, epoch: 20 | loss: 0.3971733
	speed: 0.0441s/iter; left time: 924.0959s
Epoch: 20 cost time: 11.52247667312622
Epoch: 20, Steps: 261 | Train Loss: 0.4295662 Vali Loss: 0.3011456 Test Loss: 0.3889154
EarlyStopping counter: 14 out of 20
Updating learning rate to 5.2007222743883666e-05
	iters: 100, epoch: 21 | loss: 0.4811497
	speed: 0.1129s/iter; left time: 2347.0629s
	iters: 200, epoch: 21 | loss: 0.4319192
	speed: 0.0442s/iter; left time: 914.2296s
Epoch: 21 cost time: 11.531559944152832
Epoch: 21, Steps: 261 | Train Loss: 0.4232949 Vali Loss: 0.2975796 Test Loss: 0.3952757
EarlyStopping counter: 15 out of 20
Updating learning rate to 5.577359705043091e-05
	iters: 100, epoch: 22 | loss: 0.3751720
	speed: 0.1137s/iter; left time: 2334.1322s
	iters: 200, epoch: 22 | loss: 0.4593040
	speed: 0.0442s/iter; left time: 903.1948s
Epoch: 22 cost time: 11.555702209472656
Epoch: 22, Steps: 261 | Train Loss: 0.4183729 Vali Loss: 0.2985550 Test Loss: 0.3907543
EarlyStopping counter: 16 out of 20
Updating learning rate to 5.951670142097692e-05
	iters: 100, epoch: 23 | loss: 0.4249243
	speed: 0.1139s/iter; left time: 2307.5510s
	iters: 200, epoch: 23 | loss: 0.4830801
	speed: 0.0442s/iter; left time: 890.8771s
Epoch: 23 cost time: 11.538972616195679
Epoch: 23, Steps: 261 | Train Loss: 0.4137969 Vali Loss: 0.3006918 Test Loss: 0.3909795
EarlyStopping counter: 17 out of 20
Updating learning rate to 6.321345395303321e-05
	iters: 100, epoch: 24 | loss: 0.3975627
	speed: 0.1105s/iter; left time: 2208.9453s
	iters: 200, epoch: 24 | loss: 0.3679205
	speed: 0.0440s/iter; left time: 875.4751s
Epoch: 24 cost time: 11.497241497039795
Epoch: 24, Steps: 261 | Train Loss: 0.4069280 Vali Loss: 0.3029205 Test Loss: 0.3876585
EarlyStopping counter: 18 out of 20
Updating learning rate to 6.6841058573335e-05
	iters: 100, epoch: 25 | loss: 0.3218440
	speed: 0.1107s/iter; left time: 2184.3770s
	iters: 200, epoch: 25 | loss: 0.3904726
	speed: 0.0441s/iter; left time: 866.7387s
Epoch: 25 cost time: 11.537166357040405
Epoch: 25, Steps: 261 | Train Loss: 0.4014491 Vali Loss: 0.3038528 Test Loss: 0.3866873
EarlyStopping counter: 19 out of 20
Updating learning rate to 7.037714561012768e-05
	iters: 100, epoch: 26 | loss: 0.3807881
	speed: 0.1106s/iter; left time: 2154.8177s
	iters: 200, epoch: 26 | loss: 0.4920718
	speed: 0.0442s/iter; left time: 855.5821s
Epoch: 26 cost time: 11.531562328338623
Epoch: 26, Steps: 261 | Train Loss: 0.3960634 Vali Loss: 0.2994874 Test Loss: 0.3929287
EarlyStopping counter: 20 out of 20
Early stopping
>>>>>>>testing : NL_ettm2_flatten_lr0.0001_always_336_720_PatchTST_ETTm2_ftM_sl336_ll48_pl720_dm128_nh16_el3_dl1_df256_fc1_ebtimeF_dtTruelr0.0001_polalways_Nested_Learning_0<<<<<<<<<<<<<<<<<<<<<<<<<<<<<<<<<
test 10801
 Ejecutando Inferencia DINÁMICA (Nested Learning con flatten)
  -> Política: always | LR: 0.0001 | Target: head

RESUMEN: El CMS se actualizó 84 veces de 84 posibles.

mse:0.39147520065307617, mae:0.39459314942359924, rse:0.5023446679115295
