==========================================================
SÚPER ARRAY TFG - TAREA ID: 78 / 113
Nodo: dionisio
Dataset: illness | Experimento: NL_illness_cms_lr0.001_always
Cabeza: cms | LR: 0.001 | Política: always
==========================================================
Args in experiment:
Namespace(random_seed=2021, is_training=1, model_id='NL_illness_cms_lr0.001_always_104_24', model='PatchTST', data='custom', root_path='./dataset/', data_path='national_illness.csv', features='M', target='OT', freq='h', checkpoints='./checkpoints/', seq_len=104, label_len=48, pred_len=24, head_type='cms', cms_lr=0.001, update_policy='always', fc_dropout=0.3, head_dropout=0.0, patch_len=24, stride=2, padding_patch='end', revin=1, affine=0, subtract_last=0, decomposition=0, kernel_size=25, individual=0, embed_type=0, enc_in=7, dec_in=7, c_out=7, d_model=16, n_heads=4, e_layers=3, d_layers=1, d_ff=128, moving_avg=25, factor=1, distil=True, dropout=0.3, embed='timeF', activation='gelu', output_attention=False, do_predict=False, num_workers=0, itr=1, train_epochs=100, batch_size=16, patience=100, learning_rate=0.0025, des='Nested_Learning', loss='mse', lradj='constant', pct_start=0.3, use_amp=False, use_gpu=True, gpu=0, use_multi_gpu=False, devices='0,1,2,3', test_flop=False)
Use GPU: cuda:0
>>>>>>>start training : NL_illness_cms_lr0.001_always_104_24_PatchTST_custom_ftM_sl104_ll48_pl24_dm16_nh4_el3_dl1_df128_fc1_ebtimeF_dtTruelr0.001_polalways_Nested_Learning_0>>>>>>>>>>>>>>>>>>>>>>>>>>
train 549
val 74
test 170
Epoch: 1 cost time: 1.4577486515045166
Epoch: 1, Steps: 34 | Train Loss: 0.8790040 Vali Loss: 0.7316020 Test Loss: 4.1760950
Validation loss decreased (inf --> 0.731602).  Saving model ...
Updating learning rate to 0.0025
Epoch: 2 cost time: 1.1859722137451172
Epoch: 2, Steps: 34 | Train Loss: 0.8108082 Vali Loss: 0.5241010 Test Loss: 3.4246402
Validation loss decreased (0.731602 --> 0.524101).  Saving model ...
Updating learning rate to 0.0025
Epoch: 3 cost time: 1.2090628147125244
Epoch: 3, Steps: 34 | Train Loss: 0.6851035 Vali Loss: 0.3554977 Test Loss: 2.5546432
Validation loss decreased (0.524101 --> 0.355498).  Saving model ...
Updating learning rate to 0.0025
Epoch: 4 cost time: 1.200336217880249
Epoch: 4, Steps: 34 | Train Loss: 0.5827299 Vali Loss: 0.2655311 Test Loss: 1.9440155
Validation loss decreased (0.355498 --> 0.265531).  Saving model ...
Updating learning rate to 0.0025
Epoch: 5 cost time: 1.1947133541107178
Epoch: 5, Steps: 34 | Train Loss: 0.5149211 Vali Loss: 0.2538606 Test Loss: 1.7995689
Validation loss decreased (0.265531 --> 0.253861).  Saving model ...
Updating learning rate to 0.0025
Epoch: 6 cost time: 1.2042148113250732
Epoch: 6, Steps: 34 | Train Loss: 0.4473631 Vali Loss: 0.3053975 Test Loss: 1.7639595
EarlyStopping counter: 1 out of 100
Updating learning rate to 0.0025
Epoch: 7 cost time: 1.1986432075500488
Epoch: 7, Steps: 34 | Train Loss: 0.4066549 Vali Loss: 0.2655293 Test Loss: 1.6634258
EarlyStopping counter: 2 out of 100
Updating learning rate to 0.0025
Epoch: 8 cost time: 1.2021660804748535
Epoch: 8, Steps: 34 | Train Loss: 0.3711694 Vali Loss: 0.2899598 Test Loss: 1.5587704
EarlyStopping counter: 3 out of 100
Updating learning rate to 0.0025
Epoch: 9 cost time: 1.2014334201812744
Epoch: 9, Steps: 34 | Train Loss: 0.3361234 Vali Loss: 0.2614253 Test Loss: 1.5608509
EarlyStopping counter: 4 out of 100
Updating learning rate to 0.0025
Epoch: 10 cost time: 1.1973998546600342
Epoch: 10, Steps: 34 | Train Loss: 0.3046539 Vali Loss: 0.2652264 Test Loss: 1.5143139
EarlyStopping counter: 5 out of 100
Updating learning rate to 0.0025
Epoch: 11 cost time: 1.1889421939849854
Epoch: 11, Steps: 34 | Train Loss: 0.2829593 Vali Loss: 0.2518766 Test Loss: 1.4273661
Validation loss decreased (0.253861 --> 0.251877).  Saving model ...
Updating learning rate to 0.0025
Epoch: 12 cost time: 1.9203882217407227
Epoch: 12, Steps: 34 | Train Loss: 0.2563846 Vali Loss: 0.2473537 Test Loss: 1.3893325
Validation loss decreased (0.251877 --> 0.247354).  Saving model ...
Updating learning rate to 0.0025
Epoch: 13 cost time: 0.7038226127624512
Epoch: 13, Steps: 34 | Train Loss: 0.2318549 Vali Loss: 0.2367510 Test Loss: 1.2975593
Validation loss decreased (0.247354 --> 0.236751).  Saving model ...
Updating learning rate to 0.0025
Epoch: 14 cost time: 0.698314905166626
Epoch: 14, Steps: 34 | Train Loss: 0.2126645 Vali Loss: 0.2723176 Test Loss: 1.3466556
EarlyStopping counter: 1 out of 100
Updating learning rate to 0.0025
Epoch: 15 cost time: 0.7059133052825928
Epoch: 15, Steps: 34 | Train Loss: 0.1958108 Vali Loss: 0.2846753 Test Loss: 1.3995285
EarlyStopping counter: 2 out of 100
Updating learning rate to 0.0025
Epoch: 16 cost time: 0.7004873752593994
Epoch: 16, Steps: 34 | Train Loss: 0.1759693 Vali Loss: 0.2824078 Test Loss: 1.3751915
EarlyStopping counter: 3 out of 100
Updating learning rate to 0.0025
Epoch: 17 cost time: 0.7008702754974365
Epoch: 17, Steps: 34 | Train Loss: 0.1705412 Vali Loss: 0.2784022 Test Loss: 1.4142234
EarlyStopping counter: 4 out of 100
Updating learning rate to 0.0025
Epoch: 18 cost time: 0.7013990879058838
Epoch: 18, Steps: 34 | Train Loss: 0.1637383 Vali Loss: 0.2870138 Test Loss: 1.3471720
EarlyStopping counter: 5 out of 100
Updating learning rate to 0.0025
Epoch: 19 cost time: 0.6963136196136475
Epoch: 19, Steps: 34 | Train Loss: 0.1530679 Vali Loss: 0.3013659 Test Loss: 1.3798894
EarlyStopping counter: 6 out of 100
Updating learning rate to 0.0025
Epoch: 20 cost time: 0.6806430816650391
Epoch: 20, Steps: 34 | Train Loss: 0.1426640 Vali Loss: 0.3156507 Test Loss: 1.2581010
EarlyStopping counter: 7 out of 100
Updating learning rate to 0.0025
Epoch: 21 cost time: 0.6974503993988037
Epoch: 21, Steps: 34 | Train Loss: 0.1385448 Vali Loss: 0.3096586 Test Loss: 1.2813679
EarlyStopping counter: 8 out of 100
Updating learning rate to 0.0025
Epoch: 22 cost time: 0.6879372596740723
Epoch: 22, Steps: 34 | Train Loss: 0.1338387 Vali Loss: 0.2873848 Test Loss: 1.3674631
EarlyStopping counter: 9 out of 100
Updating learning rate to 0.0025
Epoch: 23 cost time: 0.6957492828369141
Epoch: 23, Steps: 34 | Train Loss: 0.1276698 Vali Loss: 0.3063754 Test Loss: 1.3350871
EarlyStopping counter: 10 out of 100
Updating learning rate to 0.0025
Epoch: 24 cost time: 0.699228048324585
Epoch: 24, Steps: 34 | Train Loss: 0.1234931 Vali Loss: 0.2929676 Test Loss: 1.3449248
EarlyStopping counter: 11 out of 100
Updating learning rate to 0.0025
Epoch: 25 cost time: 0.6995089054107666
Epoch: 25, Steps: 34 | Train Loss: 0.1225425 Vali Loss: 0.3145664 Test Loss: 1.3413144
EarlyStopping counter: 12 out of 100
Updating learning rate to 0.0025
Epoch: 26 cost time: 0.6964399814605713
Epoch: 26, Steps: 34 | Train Loss: 0.1161136 Vali Loss: 0.3124362 Test Loss: 1.2626606
EarlyStopping counter: 13 out of 100
Updating learning rate to 0.0025
Epoch: 27 cost time: 0.6910674571990967
Epoch: 27, Steps: 34 | Train Loss: 0.1128933 Vali Loss: 0.3347463 Test Loss: 1.2497619
EarlyStopping counter: 14 out of 100
Updating learning rate to 0.0025
Epoch: 28 cost time: 0.6724274158477783
Epoch: 28, Steps: 34 | Train Loss: 0.1077949 Vali Loss: 0.3052396 Test Loss: 1.3106519
EarlyStopping counter: 15 out of 100
Updating learning rate to 0.0025
Epoch: 29 cost time: 0.6713118553161621
Epoch: 29, Steps: 34 | Train Loss: 0.1026111 Vali Loss: 0.3312178 Test Loss: 1.3076080
EarlyStopping counter: 16 out of 100
Updating learning rate to 0.0025
Epoch: 30 cost time: 0.6693131923675537
Epoch: 30, Steps: 34 | Train Loss: 0.0998089 Vali Loss: 0.3488712 Test Loss: 1.2727404
EarlyStopping counter: 17 out of 100
Updating learning rate to 0.0025
Epoch: 31 cost time: 0.6707820892333984
Epoch: 31, Steps: 34 | Train Loss: 0.0970552 Vali Loss: 0.3337363 Test Loss: 1.2789264
EarlyStopping counter: 18 out of 100
Updating learning rate to 0.0025
Epoch: 32 cost time: 0.6679770946502686
Epoch: 32, Steps: 34 | Train Loss: 0.0977592 Vali Loss: 0.3219621 Test Loss: 1.3049889
EarlyStopping counter: 19 out of 100
Updating learning rate to 0.0025
Epoch: 33 cost time: 0.6749973297119141
Epoch: 33, Steps: 34 | Train Loss: 0.0910892 Vali Loss: 0.3512027 Test Loss: 1.2894915
EarlyStopping counter: 20 out of 100
Updating learning rate to 0.0025
Epoch: 34 cost time: 0.6686031818389893
Epoch: 34, Steps: 34 | Train Loss: 0.0903278 Vali Loss: 0.3595086 Test Loss: 1.2715691
EarlyStopping counter: 21 out of 100
Updating learning rate to 0.0025
Epoch: 35 cost time: 0.6706271171569824
Epoch: 35, Steps: 34 | Train Loss: 0.0879500 Vali Loss: 0.3270587 Test Loss: 1.2592294
EarlyStopping counter: 22 out of 100
Updating learning rate to 0.0025
Epoch: 36 cost time: 0.6688311100006104
Epoch: 36, Steps: 34 | Train Loss: 0.0853472 Vali Loss: 0.3294113 Test Loss: 1.3684806
EarlyStopping counter: 23 out of 100
Updating learning rate to 0.0025
Epoch: 37 cost time: 0.673703670501709
Epoch: 37, Steps: 34 | Train Loss: 0.0838803 Vali Loss: 0.3491308 Test Loss: 1.3180885
EarlyStopping counter: 24 out of 100
Updating learning rate to 0.0025
Epoch: 38 cost time: 0.6719770431518555
Epoch: 38, Steps: 34 | Train Loss: 0.0794661 Vali Loss: 0.3476827 Test Loss: 1.3669112
EarlyStopping counter: 25 out of 100
Updating learning rate to 0.0025
Epoch: 39 cost time: 0.6702606678009033
Epoch: 39, Steps: 34 | Train Loss: 0.0800612 Vali Loss: 0.3430550 Test Loss: 1.3479201
EarlyStopping counter: 26 out of 100
Updating learning rate to 0.0025
Epoch: 40 cost time: 0.6702041625976562
Epoch: 40, Steps: 34 | Train Loss: 0.0770328 Vali Loss: 0.3664134 Test Loss: 1.3556026
EarlyStopping counter: 27 out of 100
Updating learning rate to 0.0025
Epoch: 41 cost time: 0.6686208248138428
Epoch: 41, Steps: 34 | Train Loss: 0.0755739 Vali Loss: 0.3485644 Test Loss: 1.3364407
EarlyStopping counter: 28 out of 100
Updating learning rate to 0.0025
Epoch: 42 cost time: 0.6690168380737305
Epoch: 42, Steps: 34 | Train Loss: 0.0763933 Vali Loss: 0.3381120 Test Loss: 1.3544614
EarlyStopping counter: 29 out of 100
Updating learning rate to 0.0025
Epoch: 43 cost time: 0.6690220832824707
Epoch: 43, Steps: 34 | Train Loss: 0.0729976 Vali Loss: 0.3657925 Test Loss: 1.2949926
EarlyStopping counter: 30 out of 100
Updating learning rate to 0.0025
Epoch: 44 cost time: 0.6723775863647461
Epoch: 44, Steps: 34 | Train Loss: 0.0707111 Vali Loss: 0.3601035 Test Loss: 1.3583332
EarlyStopping counter: 31 out of 100
Updating learning rate to 0.0025
Epoch: 45 cost time: 0.6689507961273193
Epoch: 45, Steps: 34 | Train Loss: 0.0688219 Vali Loss: 0.3790957 Test Loss: 1.2943496
EarlyStopping counter: 32 out of 100
Updating learning rate to 0.0025
Epoch: 46 cost time: 0.6781928539276123
Epoch: 46, Steps: 34 | Train Loss: 0.0673406 Vali Loss: 0.3592511 Test Loss: 1.3319423
EarlyStopping counter: 33 out of 100
Updating learning rate to 0.0025
Epoch: 47 cost time: 0.6679072380065918
Epoch: 47, Steps: 34 | Train Loss: 0.0693633 Vali Loss: 0.3167928 Test Loss: 1.3826579
EarlyStopping counter: 34 out of 100
Updating learning rate to 0.0025
Epoch: 48 cost time: 0.6689589023590088
Epoch: 48, Steps: 34 | Train Loss: 0.0648840 Vali Loss: 0.3658634 Test Loss: 1.3265909
EarlyStopping counter: 35 out of 100
Updating learning rate to 0.0025
Epoch: 49 cost time: 0.6656060218811035
Epoch: 49, Steps: 34 | Train Loss: 0.0644738 Vali Loss: 0.3483281 Test Loss: 1.3551222
EarlyStopping counter: 36 out of 100
Updating learning rate to 0.0025
Epoch: 50 cost time: 0.6763112545013428
Epoch: 50, Steps: 34 | Train Loss: 0.0627664 Vali Loss: 0.3655096 Test Loss: 1.3233068
EarlyStopping counter: 37 out of 100
Updating learning rate to 0.0025
Epoch: 51 cost time: 0.6694819927215576
Epoch: 51, Steps: 34 | Train Loss: 0.0635721 Vali Loss: 0.3381838 Test Loss: 1.3532906
EarlyStopping counter: 38 out of 100
Updating learning rate to 0.0025
Epoch: 52 cost time: 0.671654224395752
Epoch: 52, Steps: 34 | Train Loss: 0.0612225 Vali Loss: 0.3511432 Test Loss: 1.3733518
EarlyStopping counter: 39 out of 100
Updating learning rate to 0.0025
Epoch: 53 cost time: 0.6694276332855225
Epoch: 53, Steps: 34 | Train Loss: 0.0597553 Vali Loss: 0.3516971 Test Loss: 1.3088553
EarlyStopping counter: 40 out of 100
Updating learning rate to 0.0025
Epoch: 54 cost time: 0.6712725162506104
Epoch: 54, Steps: 34 | Train Loss: 0.0577835 Vali Loss: 0.3602384 Test Loss: 1.3637058
EarlyStopping counter: 41 out of 100
Updating learning rate to 0.0025
Epoch: 55 cost time: 0.6711225509643555
Epoch: 55, Steps: 34 | Train Loss: 0.0583319 Vali Loss: 0.3554084 Test Loss: 1.2857454
EarlyStopping counter: 42 out of 100
Updating learning rate to 0.0025
Epoch: 56 cost time: 0.6711161136627197
Epoch: 56, Steps: 34 | Train Loss: 0.0568274 Vali Loss: 0.3180468 Test Loss: 1.3952385
EarlyStopping counter: 43 out of 100
Updating learning rate to 0.0025
Epoch: 57 cost time: 0.6685800552368164
Epoch: 57, Steps: 34 | Train Loss: 0.0564439 Vali Loss: 0.3528656 Test Loss: 1.3247447
EarlyStopping counter: 44 out of 100
Updating learning rate to 0.0025
Epoch: 58 cost time: 0.6696314811706543
Epoch: 58, Steps: 34 | Train Loss: 0.0552818 Vali Loss: 0.3474611 Test Loss: 1.3466344
EarlyStopping counter: 45 out of 100
Updating learning rate to 0.0025
Epoch: 59 cost time: 0.6682970523834229
Epoch: 59, Steps: 34 | Train Loss: 0.0566678 Vali Loss: 0.3722358 Test Loss: 1.3270005
EarlyStopping counter: 46 out of 100
Updating learning rate to 0.0025
Epoch: 60 cost time: 0.6699581146240234
Epoch: 60, Steps: 34 | Train Loss: 0.0547684 Vali Loss: 0.3185622 Test Loss: 1.3079841
EarlyStopping counter: 47 out of 100
Updating learning rate to 0.0025
Epoch: 61 cost time: 0.6740851402282715
Epoch: 61, Steps: 34 | Train Loss: 0.0526256 Vali Loss: 0.3425944 Test Loss: 1.3247980
EarlyStopping counter: 48 out of 100
Updating learning rate to 0.0025
Epoch: 62 cost time: 0.6703183650970459
Epoch: 62, Steps: 34 | Train Loss: 0.0534916 Vali Loss: 0.3543188 Test Loss: 1.3539033
EarlyStopping counter: 49 out of 100
Updating learning rate to 0.0025
Epoch: 63 cost time: 0.6722238063812256
Epoch: 63, Steps: 34 | Train Loss: 0.0552621 Vali Loss: 0.3564896 Test Loss: 1.3029406
EarlyStopping counter: 50 out of 100
Updating learning rate to 0.0025
Epoch: 64 cost time: 0.6685662269592285
Epoch: 64, Steps: 34 | Train Loss: 0.0522859 Vali Loss: 0.3428738 Test Loss: 1.3497835
EarlyStopping counter: 51 out of 100
Updating learning rate to 0.0025
Epoch: 65 cost time: 0.6720378398895264
Epoch: 65, Steps: 34 | Train Loss: 0.0523715 Vali Loss: 0.3255125 Test Loss: 1.3090703
EarlyStopping counter: 52 out of 100
Updating learning rate to 0.0025
Epoch: 66 cost time: 0.6741635799407959
Epoch: 66, Steps: 34 | Train Loss: 0.0504190 Vali Loss: 0.3494087 Test Loss: 1.3974065
EarlyStopping counter: 53 out of 100
Updating learning rate to 0.0025
Epoch: 67 cost time: 0.6756081581115723
Epoch: 67, Steps: 34 | Train Loss: 0.0516574 Vali Loss: 0.3679491 Test Loss: 1.3281654
EarlyStopping counter: 54 out of 100
Updating learning rate to 0.0025
Epoch: 68 cost time: 0.6700201034545898
Epoch: 68, Steps: 34 | Train Loss: 0.0493790 Vali Loss: 0.3599235 Test Loss: 1.3511389
EarlyStopping counter: 55 out of 100
Updating learning rate to 0.0025
Epoch: 69 cost time: 0.6680560111999512
Epoch: 69, Steps: 34 | Train Loss: 0.0478089 Vali Loss: 0.3461046 Test Loss: 1.3167171
EarlyStopping counter: 56 out of 100
Updating learning rate to 0.0025
Epoch: 70 cost time: 0.6694638729095459
Epoch: 70, Steps: 34 | Train Loss: 0.0465858 Vali Loss: 0.3494533 Test Loss: 1.4011700
EarlyStopping counter: 57 out of 100
Updating learning rate to 0.0025
Epoch: 71 cost time: 0.6684279441833496
Epoch: 71, Steps: 34 | Train Loss: 0.0474816 Vali Loss: 0.3268971 Test Loss: 1.3608124
EarlyStopping counter: 58 out of 100
Updating learning rate to 0.0025
Epoch: 72 cost time: 0.6718356609344482
Epoch: 72, Steps: 34 | Train Loss: 0.0462597 Vali Loss: 0.3508078 Test Loss: 1.3370726
EarlyStopping counter: 59 out of 100
Updating learning rate to 0.0025
Epoch: 73 cost time: 0.6679308414459229
Epoch: 73, Steps: 34 | Train Loss: 0.0458083 Vali Loss: 0.3413631 Test Loss: 1.4099813
EarlyStopping counter: 60 out of 100
Updating learning rate to 0.0025
Epoch: 74 cost time: 0.6696221828460693
Epoch: 74, Steps: 34 | Train Loss: 0.0470426 Vali Loss: 0.3569242 Test Loss: 1.3473971
EarlyStopping counter: 61 out of 100
Updating learning rate to 0.0025
Epoch: 75 cost time: 0.6720445156097412
Epoch: 75, Steps: 34 | Train Loss: 0.0485778 Vali Loss: 0.3365374 Test Loss: 1.4133360
EarlyStopping counter: 62 out of 100
Updating learning rate to 0.0025
Epoch: 76 cost time: 0.6716623306274414
Epoch: 76, Steps: 34 | Train Loss: 0.0465034 Vali Loss: 0.3223096 Test Loss: 1.3217719
EarlyStopping counter: 63 out of 100
Updating learning rate to 0.0025
Epoch: 77 cost time: 0.6730420589447021
Epoch: 77, Steps: 34 | Train Loss: 0.0456438 Vali Loss: 0.3181482 Test Loss: 1.2861885
EarlyStopping counter: 64 out of 100
Updating learning rate to 0.0025
Epoch: 78 cost time: 0.672046422958374
Epoch: 78, Steps: 34 | Train Loss: 0.0438719 Vali Loss: 0.3348118 Test Loss: 1.3655219
EarlyStopping counter: 65 out of 100
Updating learning rate to 0.0025
Epoch: 79 cost time: 0.6724910736083984
Epoch: 79, Steps: 34 | Train Loss: 0.0440052 Vali Loss: 0.3268140 Test Loss: 1.4313996
EarlyStopping counter: 66 out of 100
Updating learning rate to 0.0025
Epoch: 80 cost time: 0.6697649955749512
Epoch: 80, Steps: 34 | Train Loss: 0.0436206 Vali Loss: 0.3245670 Test Loss: 1.3642061
EarlyStopping counter: 67 out of 100
Updating learning rate to 0.0025
Epoch: 81 cost time: 0.670579195022583
Epoch: 81, Steps: 34 | Train Loss: 0.0429960 Vali Loss: 0.3572040 Test Loss: 1.3199584
EarlyStopping counter: 68 out of 100
Updating learning rate to 0.0025
Epoch: 82 cost time: 0.6690850257873535
Epoch: 82, Steps: 34 | Train Loss: 0.0424861 Vali Loss: 0.3368948 Test Loss: 1.3551753
EarlyStopping counter: 69 out of 100
Updating learning rate to 0.0025
Epoch: 83 cost time: 0.6697957515716553
Epoch: 83, Steps: 34 | Train Loss: 0.0434655 Vali Loss: 0.3430004 Test Loss: 1.3815072
EarlyStopping counter: 70 out of 100
Updating learning rate to 0.0025
Epoch: 84 cost time: 0.6714146137237549
Epoch: 84, Steps: 34 | Train Loss: 0.0431437 Vali Loss: 0.3089158 Test Loss: 1.4482813
EarlyStopping counter: 71 out of 100
Updating learning rate to 0.0025
Epoch: 85 cost time: 0.6728415489196777
Epoch: 85, Steps: 34 | Train Loss: 0.0438244 Vali Loss: 0.3491711 Test Loss: 1.4296114
EarlyStopping counter: 72 out of 100
Updating learning rate to 0.0025
Epoch: 86 cost time: 0.6702044010162354
Epoch: 86, Steps: 34 | Train Loss: 0.0419533 Vali Loss: 0.3407708 Test Loss: 1.3666838
EarlyStopping counter: 73 out of 100
Updating learning rate to 0.0025
Epoch: 87 cost time: 0.6682634353637695
Epoch: 87, Steps: 34 | Train Loss: 0.0406234 Vali Loss: 0.3223704 Test Loss: 1.3568558
EarlyStopping counter: 74 out of 100
Updating learning rate to 0.0025
Epoch: 88 cost time: 0.6736431121826172
Epoch: 88, Steps: 34 | Train Loss: 0.0398951 Vali Loss: 0.3348029 Test Loss: 1.3862481
EarlyStopping counter: 75 out of 100
Updating learning rate to 0.0025
Epoch: 89 cost time: 0.6709308624267578
Epoch: 89, Steps: 34 | Train Loss: 0.0401425 Vali Loss: 0.3455372 Test Loss: 1.3695855
EarlyStopping counter: 76 out of 100
Updating learning rate to 0.0025
Epoch: 90 cost time: 0.668708086013794
Epoch: 90, Steps: 34 | Train Loss: 0.0430657 Vali Loss: 0.3212972 Test Loss: 1.4223117
EarlyStopping counter: 77 out of 100
Updating learning rate to 0.0025
Epoch: 91 cost time: 0.6674726009368896
Epoch: 91, Steps: 34 | Train Loss: 0.0406906 Vali Loss: 0.3443310 Test Loss: 1.3971666
EarlyStopping counter: 78 out of 100
Updating learning rate to 0.0025
Epoch: 92 cost time: 0.6692500114440918
Epoch: 92, Steps: 34 | Train Loss: 0.0406349 Vali Loss: 0.3384140 Test Loss: 1.3946618
EarlyStopping counter: 79 out of 100
Updating learning rate to 0.0025
Epoch: 93 cost time: 0.6700270175933838
Epoch: 93, Steps: 34 | Train Loss: 0.0405624 Vali Loss: 0.3204164 Test Loss: 1.3644712
EarlyStopping counter: 80 out of 100
Updating learning rate to 0.0025
Epoch: 94 cost time: 0.6693756580352783
Epoch: 94, Steps: 34 | Train Loss: 0.0402870 Vali Loss: 0.3539899 Test Loss: 1.3850060
EarlyStopping counter: 81 out of 100
Updating learning rate to 0.0025
Epoch: 95 cost time: 0.6705360412597656
Epoch: 95, Steps: 34 | Train Loss: 0.0399587 Vali Loss: 0.3451424 Test Loss: 1.3668308
EarlyStopping counter: 82 out of 100
Updating learning rate to 0.0025
Epoch: 96 cost time: 0.6693737506866455
Epoch: 96, Steps: 34 | Train Loss: 0.0378012 Vali Loss: 0.3586970 Test Loss: 1.4156249
EarlyStopping counter: 83 out of 100
Updating learning rate to 0.0025
Epoch: 97 cost time: 0.6672952175140381
Epoch: 97, Steps: 34 | Train Loss: 0.0387714 Vali Loss: 0.3186737 Test Loss: 1.3885324
EarlyStopping counter: 84 out of 100
Updating learning rate to 0.0025
Epoch: 98 cost time: 0.6716275215148926
Epoch: 98, Steps: 34 | Train Loss: 0.0385378 Vali Loss: 0.3426543 Test Loss: 1.3759428
EarlyStopping counter: 85 out of 100
Updating learning rate to 0.0025
Epoch: 99 cost time: 0.6688666343688965
Epoch: 99, Steps: 34 | Train Loss: 0.0386004 Vali Loss: 0.3460192 Test Loss: 1.3774467
EarlyStopping counter: 86 out of 100
Updating learning rate to 0.0025
Epoch: 100 cost time: 0.6749098300933838
Epoch: 100, Steps: 34 | Train Loss: 0.0380497 Vali Loss: 0.3373555 Test Loss: 1.4661810
EarlyStopping counter: 87 out of 100
Updating learning rate to 0.0025
>>>>>>>testing : NL_illness_cms_lr0.001_always_104_24_PatchTST_custom_ftM_sl104_ll48_pl24_dm16_nh4_el3_dl1_df128_fc1_ebtimeF_dtTruelr0.001_polalways_Nested_Learning_0<<<<<<<<<<<<<<<<<<<<<<<<<<<<<<<<<
test 170
 Ejecutando Inferencia DINÁMICA (Nested Learning con cms)
  -> Política: always | LR: 0.001 | Target: head

RESUMEN: El CMS se actualizó 10 veces de 10 posibles.

mse:1.278320550918579, mae:0.7414196133613586, rse:0.5456219911575317
Args in experiment:
Namespace(random_seed=2021, is_training=1, model_id='NL_illness_cms_lr0.001_always_104_36', model='PatchTST', data='custom', root_path='./dataset/', data_path='national_illness.csv', features='M', target='OT', freq='h', checkpoints='./checkpoints/', seq_len=104, label_len=48, pred_len=36, head_type='cms', cms_lr=0.001, update_policy='always', fc_dropout=0.3, head_dropout=0.0, patch_len=24, stride=2, padding_patch='end', revin=1, affine=0, subtract_last=0, decomposition=0, kernel_size=25, individual=0, embed_type=0, enc_in=7, dec_in=7, c_out=7, d_model=16, n_heads=4, e_layers=3, d_layers=1, d_ff=128, moving_avg=25, factor=1, distil=True, dropout=0.3, embed='timeF', activation='gelu', output_attention=False, do_predict=False, num_workers=0, itr=1, train_epochs=100, batch_size=16, patience=100, learning_rate=0.0025, des='Nested_Learning', loss='mse', lradj='constant', pct_start=0.3, use_amp=False, use_gpu=True, gpu=0, use_multi_gpu=False, devices='0,1,2,3', test_flop=False)
Use GPU: cuda:0
>>>>>>>start training : NL_illness_cms_lr0.001_always_104_36_PatchTST_custom_ftM_sl104_ll48_pl36_dm16_nh4_el3_dl1_df128_fc1_ebtimeF_dtTruelr0.001_polalways_Nested_Learning_0>>>>>>>>>>>>>>>>>>>>>>>>>>
train 537
val 62
test 158
Epoch: 1 cost time: 1.4124751091003418
Epoch: 1, Steps: 33 | Train Loss: 0.8856769 Vali Loss: 0.6020562 Test Loss: 4.1991749
Validation loss decreased (inf --> 0.602056).  Saving model ...
Updating learning rate to 0.0025
Epoch: 2 cost time: 1.148327350616455
Epoch: 2, Steps: 33 | Train Loss: 0.8388060 Vali Loss: 0.4946043 Test Loss: 3.5595737
Validation loss decreased (0.602056 --> 0.494604).  Saving model ...
Updating learning rate to 0.0025
Epoch: 3 cost time: 1.147221565246582
Epoch: 3, Steps: 33 | Train Loss: 0.7384329 Vali Loss: 0.3649423 Test Loss: 2.7894742
Validation loss decreased (0.494604 --> 0.364942).  Saving model ...
Updating learning rate to 0.0025
Epoch: 4 cost time: 1.1647167205810547
Epoch: 4, Steps: 33 | Train Loss: 0.6361279 Vali Loss: 0.2561175 Test Loss: 2.1691444
Validation loss decreased (0.364942 --> 0.256117).  Saving model ...
Updating learning rate to 0.0025
Epoch: 5 cost time: 1.1391100883483887
Epoch: 5, Steps: 33 | Train Loss: 0.5539562 Vali Loss: 0.2354754 Test Loss: 1.8400446
Validation loss decreased (0.256117 --> 0.235475).  Saving model ...
Updating learning rate to 0.0025
Epoch: 6 cost time: 1.1673765182495117
Epoch: 6, Steps: 33 | Train Loss: 0.5040138 Vali Loss: 0.2266384 Test Loss: 1.6455606
Validation loss decreased (0.235475 --> 0.226638).  Saving model ...
Updating learning rate to 0.0025
Epoch: 7 cost time: 1.173874855041504
Epoch: 7, Steps: 33 | Train Loss: 0.4570332 Vali Loss: 0.2609810 Test Loss: 1.6094757
EarlyStopping counter: 1 out of 100
Updating learning rate to 0.0025
Epoch: 8 cost time: 1.1604292392730713
Epoch: 8, Steps: 33 | Train Loss: 0.4094403 Vali Loss: 0.2788130 Test Loss: 1.5909417
EarlyStopping counter: 2 out of 100
Updating learning rate to 0.0025
Epoch: 9 cost time: 1.1556193828582764
Epoch: 9, Steps: 33 | Train Loss: 0.3827357 Vali Loss: 0.2686509 Test Loss: 1.6768409
EarlyStopping counter: 3 out of 100
Updating learning rate to 0.0025
Epoch: 10 cost time: 1.1462748050689697
Epoch: 10, Steps: 33 | Train Loss: 0.3435583 Vali Loss: 0.2547805 Test Loss: 1.5976456
EarlyStopping counter: 4 out of 100
Updating learning rate to 0.0025
Epoch: 11 cost time: 1.1346218585968018
Epoch: 11, Steps: 33 | Train Loss: 0.3242403 Vali Loss: 0.2767356 Test Loss: 1.5288645
EarlyStopping counter: 5 out of 100
Updating learning rate to 0.0025
Epoch: 12 cost time: 1.1565651893615723
Epoch: 12, Steps: 33 | Train Loss: 0.2971362 Vali Loss: 0.2167381 Test Loss: 1.5514442
Validation loss decreased (0.226638 --> 0.216738).  Saving model ...
Updating learning rate to 0.0025
Epoch: 13 cost time: 1.153716802597046
Epoch: 13, Steps: 33 | Train Loss: 0.2670896 Vali Loss: 0.2429012 Test Loss: 1.4040129
EarlyStopping counter: 1 out of 100
Updating learning rate to 0.0025
Epoch: 14 cost time: 1.1455950736999512
Epoch: 14, Steps: 33 | Train Loss: 0.2521252 Vali Loss: 0.2783341 Test Loss: 1.2844683
EarlyStopping counter: 2 out of 100
Updating learning rate to 0.0025
Epoch: 15 cost time: 1.1507856845855713
Epoch: 15, Steps: 33 | Train Loss: 0.2330818 Vali Loss: 0.2354426 Test Loss: 1.2624021
EarlyStopping counter: 3 out of 100
Updating learning rate to 0.0025
Epoch: 16 cost time: 1.1633269786834717
Epoch: 16, Steps: 33 | Train Loss: 0.2153390 Vali Loss: 0.2338969 Test Loss: 1.3705635
EarlyStopping counter: 4 out of 100
Updating learning rate to 0.0025
Epoch: 17 cost time: 1.1394433975219727
Epoch: 17, Steps: 33 | Train Loss: 0.2064548 Vali Loss: 0.2810207 Test Loss: 1.5653633
EarlyStopping counter: 5 out of 100
Updating learning rate to 0.0025
Epoch: 18 cost time: 1.1592090129852295
Epoch: 18, Steps: 33 | Train Loss: 0.1945604 Vali Loss: 0.2831572 Test Loss: 1.4120835
EarlyStopping counter: 6 out of 100
Updating learning rate to 0.0025
Epoch: 19 cost time: 1.157196283340454
Epoch: 19, Steps: 33 | Train Loss: 0.1923873 Vali Loss: 0.2847767 Test Loss: 1.3635455
EarlyStopping counter: 7 out of 100
Updating learning rate to 0.0025
Epoch: 20 cost time: 1.1508309841156006
Epoch: 20, Steps: 33 | Train Loss: 0.1834006 Vali Loss: 0.2559673 Test Loss: 1.1803750
EarlyStopping counter: 8 out of 100
Updating learning rate to 0.0025
Epoch: 21 cost time: 1.1601183414459229
Epoch: 21, Steps: 33 | Train Loss: 0.1827745 Vali Loss: 0.2510353 Test Loss: 1.1657262
EarlyStopping counter: 9 out of 100
Updating learning rate to 0.0025
Epoch: 22 cost time: 1.148937463760376
Epoch: 22, Steps: 33 | Train Loss: 0.1650574 Vali Loss: 0.2871567 Test Loss: 1.1863736
EarlyStopping counter: 10 out of 100
Updating learning rate to 0.0025
Epoch: 23 cost time: 1.1540262699127197
Epoch: 23, Steps: 33 | Train Loss: 0.1587717 Vali Loss: 0.2663445 Test Loss: 1.1771288
EarlyStopping counter: 11 out of 100
Updating learning rate to 0.0025
Epoch: 24 cost time: 1.1656370162963867
Epoch: 24, Steps: 33 | Train Loss: 0.1560249 Vali Loss: 0.2517608 Test Loss: 1.1855999
EarlyStopping counter: 12 out of 100
Updating learning rate to 0.0025
Epoch: 25 cost time: 1.1518042087554932
Epoch: 25, Steps: 33 | Train Loss: 0.1508383 Vali Loss: 0.2738944 Test Loss: 1.2417197
EarlyStopping counter: 13 out of 100
Updating learning rate to 0.0025
Epoch: 26 cost time: 1.1498711109161377
Epoch: 26, Steps: 33 | Train Loss: 0.1440110 Vali Loss: 0.2577133 Test Loss: 1.2909476
EarlyStopping counter: 14 out of 100
Updating learning rate to 0.0025
Epoch: 27 cost time: 1.1483337879180908
Epoch: 27, Steps: 33 | Train Loss: 0.1428444 Vali Loss: 0.2836815 Test Loss: 1.1164923
EarlyStopping counter: 15 out of 100
Updating learning rate to 0.0025
Epoch: 28 cost time: 1.150895595550537
Epoch: 28, Steps: 33 | Train Loss: 0.1438520 Vali Loss: 0.2450960 Test Loss: 1.2194911
EarlyStopping counter: 16 out of 100
Updating learning rate to 0.0025
Epoch: 29 cost time: 1.1550874710083008
Epoch: 29, Steps: 33 | Train Loss: 0.1367725 Vali Loss: 0.2926307 Test Loss: 1.2821010
EarlyStopping counter: 17 out of 100
Updating learning rate to 0.0025
Epoch: 30 cost time: 1.1541152000427246
Epoch: 30, Steps: 33 | Train Loss: 0.1337465 Vali Loss: 0.3067517 Test Loss: 1.2113733
EarlyStopping counter: 18 out of 100
Updating learning rate to 0.0025
Epoch: 31 cost time: 1.1598784923553467
Epoch: 31, Steps: 33 | Train Loss: 0.1299339 Vali Loss: 0.3146611 Test Loss: 1.1252290
EarlyStopping counter: 19 out of 100
Updating learning rate to 0.0025
Epoch: 32 cost time: 1.1401088237762451
Epoch: 32, Steps: 33 | Train Loss: 0.1223291 Vali Loss: 0.2703848 Test Loss: 1.2107310
EarlyStopping counter: 20 out of 100
Updating learning rate to 0.0025
Epoch: 33 cost time: 1.1567156314849854
Epoch: 33, Steps: 33 | Train Loss: 0.1174096 Vali Loss: 0.2902644 Test Loss: 1.1301730
EarlyStopping counter: 21 out of 100
Updating learning rate to 0.0025
Epoch: 34 cost time: 1.1475739479064941
Epoch: 34, Steps: 33 | Train Loss: 0.1153286 Vali Loss: 0.2948183 Test Loss: 1.1455722
EarlyStopping counter: 22 out of 100
Updating learning rate to 0.0025
Epoch: 35 cost time: 1.146857738494873
Epoch: 35, Steps: 33 | Train Loss: 0.1106861 Vali Loss: 0.2827685 Test Loss: 1.1404849
EarlyStopping counter: 23 out of 100
Updating learning rate to 0.0025
Epoch: 36 cost time: 1.1460397243499756
Epoch: 36, Steps: 33 | Train Loss: 0.1136489 Vali Loss: 0.3121851 Test Loss: 1.3045098
EarlyStopping counter: 24 out of 100
Updating learning rate to 0.0025
Epoch: 37 cost time: 1.1395049095153809
Epoch: 37, Steps: 33 | Train Loss: 0.1110082 Vali Loss: 0.2976576 Test Loss: 1.2653936
EarlyStopping counter: 25 out of 100
Updating learning rate to 0.0025
Epoch: 38 cost time: 1.1549475193023682
Epoch: 38, Steps: 33 | Train Loss: 0.1027942 Vali Loss: 0.3026246 Test Loss: 1.2307423
EarlyStopping counter: 26 out of 100
Updating learning rate to 0.0025
Epoch: 39 cost time: 1.1517279148101807
Epoch: 39, Steps: 33 | Train Loss: 0.1038399 Vali Loss: 0.3028629 Test Loss: 1.0949156
EarlyStopping counter: 27 out of 100
Updating learning rate to 0.0025
Epoch: 40 cost time: 1.1434879302978516
Epoch: 40, Steps: 33 | Train Loss: 0.1022327 Vali Loss: 0.2962532 Test Loss: 1.1107271
EarlyStopping counter: 28 out of 100
Updating learning rate to 0.0025
Epoch: 41 cost time: 1.1507880687713623
Epoch: 41, Steps: 33 | Train Loss: 0.1004552 Vali Loss: 0.3413348 Test Loss: 1.0786620
EarlyStopping counter: 29 out of 100
Updating learning rate to 0.0025
Epoch: 42 cost time: 1.136418342590332
Epoch: 42, Steps: 33 | Train Loss: 0.1010837 Vali Loss: 0.2922847 Test Loss: 1.1153119
EarlyStopping counter: 30 out of 100
Updating learning rate to 0.0025
Epoch: 43 cost time: 1.1587252616882324
Epoch: 43, Steps: 33 | Train Loss: 0.0967155 Vali Loss: 0.2892520 Test Loss: 1.1225147
EarlyStopping counter: 31 out of 100
Updating learning rate to 0.0025
Epoch: 44 cost time: 1.1587817668914795
Epoch: 44, Steps: 33 | Train Loss: 0.0932549 Vali Loss: 0.2934027 Test Loss: 1.1495869
EarlyStopping counter: 32 out of 100
Updating learning rate to 0.0025
Epoch: 45 cost time: 1.149911880493164
Epoch: 45, Steps: 33 | Train Loss: 0.0917432 Vali Loss: 0.3044099 Test Loss: 1.1151969
EarlyStopping counter: 33 out of 100
Updating learning rate to 0.0025
Epoch: 46 cost time: 1.162827730178833
Epoch: 46, Steps: 33 | Train Loss: 0.0872905 Vali Loss: 0.2898377 Test Loss: 1.0974079
EarlyStopping counter: 34 out of 100
Updating learning rate to 0.0025
Epoch: 47 cost time: 1.1534321308135986
Epoch: 47, Steps: 33 | Train Loss: 0.0894698 Vali Loss: 0.2967275 Test Loss: 1.1008922
EarlyStopping counter: 35 out of 100
Updating learning rate to 0.0025
Epoch: 48 cost time: 1.1526577472686768
Epoch: 48, Steps: 33 | Train Loss: 0.0852930 Vali Loss: 0.2774071 Test Loss: 1.1748366
EarlyStopping counter: 36 out of 100
Updating learning rate to 0.0025
Epoch: 49 cost time: 1.1644980907440186
Epoch: 49, Steps: 33 | Train Loss: 0.0853104 Vali Loss: 0.2918442 Test Loss: 1.1824722
EarlyStopping counter: 37 out of 100
Updating learning rate to 0.0025
Epoch: 50 cost time: 1.144819736480713
Epoch: 50, Steps: 33 | Train Loss: 0.0844891 Vali Loss: 0.3074729 Test Loss: 1.1445559
EarlyStopping counter: 38 out of 100
Updating learning rate to 0.0025
Epoch: 51 cost time: 1.1568968296051025
Epoch: 51, Steps: 33 | Train Loss: 0.0814949 Vali Loss: 0.3126116 Test Loss: 1.2130058
EarlyStopping counter: 39 out of 100
Updating learning rate to 0.0025
Epoch: 52 cost time: 1.1478404998779297
Epoch: 52, Steps: 33 | Train Loss: 0.0807969 Vali Loss: 0.2853283 Test Loss: 1.1049895
EarlyStopping counter: 40 out of 100
Updating learning rate to 0.0025
Epoch: 53 cost time: 1.16286301612854
Epoch: 53, Steps: 33 | Train Loss: 0.0790440 Vali Loss: 0.2836212 Test Loss: 1.1261328
EarlyStopping counter: 41 out of 100
Updating learning rate to 0.0025
Epoch: 54 cost time: 1.15517258644104
Epoch: 54, Steps: 33 | Train Loss: 0.0774358 Vali Loss: 0.3046087 Test Loss: 1.1329983
EarlyStopping counter: 42 out of 100
Updating learning rate to 0.0025
Epoch: 55 cost time: 1.1367847919464111
Epoch: 55, Steps: 33 | Train Loss: 0.0745670 Vali Loss: 0.2977004 Test Loss: 1.1888000
EarlyStopping counter: 43 out of 100
Updating learning rate to 0.0025
Epoch: 56 cost time: 1.1528949737548828
Epoch: 56, Steps: 33 | Train Loss: 0.0767826 Vali Loss: 0.2949424 Test Loss: 1.1366057
EarlyStopping counter: 44 out of 100
Updating learning rate to 0.0025
Epoch: 57 cost time: 1.1564528942108154
Epoch: 57, Steps: 33 | Train Loss: 0.0787346 Vali Loss: 0.2690959 Test Loss: 1.1559415
EarlyStopping counter: 45 out of 100
Updating learning rate to 0.0025
Epoch: 58 cost time: 1.1398582458496094
Epoch: 58, Steps: 33 | Train Loss: 0.0732391 Vali Loss: 0.2746512 Test Loss: 1.2048737
EarlyStopping counter: 46 out of 100
Updating learning rate to 0.0025
Epoch: 59 cost time: 1.1658551692962646
Epoch: 59, Steps: 33 | Train Loss: 0.0708410 Vali Loss: 0.2741028 Test Loss: 1.2315030
EarlyStopping counter: 47 out of 100
Updating learning rate to 0.0025
Epoch: 60 cost time: 1.1586151123046875
Epoch: 60, Steps: 33 | Train Loss: 0.0706349 Vali Loss: 0.3154694 Test Loss: 1.1719916
EarlyStopping counter: 48 out of 100
Updating learning rate to 0.0025
Epoch: 61 cost time: 1.1434283256530762
Epoch: 61, Steps: 33 | Train Loss: 0.0698202 Vali Loss: 0.3014994 Test Loss: 1.1866908
EarlyStopping counter: 49 out of 100
Updating learning rate to 0.0025
Epoch: 62 cost time: 1.1575489044189453
Epoch: 62, Steps: 33 | Train Loss: 0.0673095 Vali Loss: 0.2712585 Test Loss: 1.1662011
EarlyStopping counter: 50 out of 100
Updating learning rate to 0.0025
Epoch: 63 cost time: 1.1602954864501953
Epoch: 63, Steps: 33 | Train Loss: 0.0662935 Vali Loss: 0.2848108 Test Loss: 1.1811595
EarlyStopping counter: 51 out of 100
Updating learning rate to 0.0025
Epoch: 64 cost time: 1.1661431789398193
Epoch: 64, Steps: 33 | Train Loss: 0.0674836 Vali Loss: 0.2808362 Test Loss: 1.2489854
EarlyStopping counter: 52 out of 100
Updating learning rate to 0.0025
Epoch: 65 cost time: 1.1579387187957764
Epoch: 65, Steps: 33 | Train Loss: 0.0684954 Vali Loss: 0.2835031 Test Loss: 1.2137051
EarlyStopping counter: 53 out of 100
Updating learning rate to 0.0025
Epoch: 66 cost time: 1.1557443141937256
Epoch: 66, Steps: 33 | Train Loss: 0.0643020 Vali Loss: 0.2764910 Test Loss: 1.2356156
EarlyStopping counter: 54 out of 100
Updating learning rate to 0.0025
Epoch: 67 cost time: 1.1476359367370605
Epoch: 67, Steps: 33 | Train Loss: 0.0640360 Vali Loss: 0.2660803 Test Loss: 1.2221503
EarlyStopping counter: 55 out of 100
Updating learning rate to 0.0025
Epoch: 68 cost time: 1.1481680870056152
Epoch: 68, Steps: 33 | Train Loss: 0.0628049 Vali Loss: 0.2664418 Test Loss: 1.2074188
EarlyStopping counter: 56 out of 100
Updating learning rate to 0.0025
Epoch: 69 cost time: 1.152968406677246
Epoch: 69, Steps: 33 | Train Loss: 0.0641270 Vali Loss: 0.2769801 Test Loss: 1.1712892
EarlyStopping counter: 57 out of 100
Updating learning rate to 0.0025
Epoch: 70 cost time: 1.1713483333587646
Epoch: 70, Steps: 33 | Train Loss: 0.0658787 Vali Loss: 0.2938959 Test Loss: 1.2094606
EarlyStopping counter: 58 out of 100
Updating learning rate to 0.0025
Epoch: 71 cost time: 1.153724193572998
Epoch: 71, Steps: 33 | Train Loss: 0.0629704 Vali Loss: 0.2992757 Test Loss: 1.1759439
EarlyStopping counter: 59 out of 100
Updating learning rate to 0.0025
Epoch: 72 cost time: 1.1746745109558105
Epoch: 72, Steps: 33 | Train Loss: 0.0608943 Vali Loss: 0.2949798 Test Loss: 1.1765720
EarlyStopping counter: 60 out of 100
Updating learning rate to 0.0025
Epoch: 73 cost time: 1.1747522354125977
Epoch: 73, Steps: 33 | Train Loss: 0.0612424 Vali Loss: 0.2947811 Test Loss: 1.2240222
EarlyStopping counter: 61 out of 100
Updating learning rate to 0.0025
Epoch: 74 cost time: 1.172325849533081
Epoch: 74, Steps: 33 | Train Loss: 0.0598083 Vali Loss: 0.2910165 Test Loss: 1.1790237
EarlyStopping counter: 62 out of 100
Updating learning rate to 0.0025
Epoch: 75 cost time: 1.1624481678009033
Epoch: 75, Steps: 33 | Train Loss: 0.0570711 Vali Loss: 0.2790820 Test Loss: 1.2196776
EarlyStopping counter: 63 out of 100
Updating learning rate to 0.0025
Epoch: 76 cost time: 1.1428534984588623
Epoch: 76, Steps: 33 | Train Loss: 0.0589334 Vali Loss: 0.2892908 Test Loss: 1.2255702
EarlyStopping counter: 64 out of 100
Updating learning rate to 0.0025
Epoch: 77 cost time: 1.1542906761169434
Epoch: 77, Steps: 33 | Train Loss: 0.0587566 Vali Loss: 0.2603083 Test Loss: 1.2269127
EarlyStopping counter: 65 out of 100
Updating learning rate to 0.0025
Epoch: 78 cost time: 1.1402263641357422
Epoch: 78, Steps: 33 | Train Loss: 0.0571800 Vali Loss: 0.2644764 Test Loss: 1.2416406
EarlyStopping counter: 66 out of 100
Updating learning rate to 0.0025
Epoch: 79 cost time: 1.1671206951141357
Epoch: 79, Steps: 33 | Train Loss: 0.0580184 Vali Loss: 0.2701354 Test Loss: 1.2077252
EarlyStopping counter: 67 out of 100
Updating learning rate to 0.0025
Epoch: 80 cost time: 1.1551072597503662
Epoch: 80, Steps: 33 | Train Loss: 0.0577069 Vali Loss: 0.2624776 Test Loss: 1.1891695
EarlyStopping counter: 68 out of 100
Updating learning rate to 0.0025
Epoch: 81 cost time: 1.1486937999725342
Epoch: 81, Steps: 33 | Train Loss: 0.0578059 Vali Loss: 0.2802797 Test Loss: 1.2386137
EarlyStopping counter: 69 out of 100
Updating learning rate to 0.0025
Epoch: 82 cost time: 1.141244888305664
Epoch: 82, Steps: 33 | Train Loss: 0.0589009 Vali Loss: 0.2773950 Test Loss: 1.2869523
EarlyStopping counter: 70 out of 100
Updating learning rate to 0.0025
Epoch: 83 cost time: 1.1633625030517578
Epoch: 83, Steps: 33 | Train Loss: 0.0595065 Vali Loss: 0.2797621 Test Loss: 1.2070861
EarlyStopping counter: 71 out of 100
Updating learning rate to 0.0025
Epoch: 84 cost time: 1.1590123176574707
Epoch: 84, Steps: 33 | Train Loss: 0.0557508 Vali Loss: 0.2974654 Test Loss: 1.2006186
EarlyStopping counter: 72 out of 100
Updating learning rate to 0.0025
Epoch: 85 cost time: 1.136246919631958
Epoch: 85, Steps: 33 | Train Loss: 0.0556731 Vali Loss: 0.2818345 Test Loss: 1.2082305
EarlyStopping counter: 73 out of 100
Updating learning rate to 0.0025
Epoch: 86 cost time: 1.1654999256134033
Epoch: 86, Steps: 33 | Train Loss: 0.0567283 Vali Loss: 0.2905438 Test Loss: 1.2704128
EarlyStopping counter: 74 out of 100
Updating learning rate to 0.0025
Epoch: 87 cost time: 1.164388656616211
Epoch: 87, Steps: 33 | Train Loss: 0.0550973 Vali Loss: 0.2701842 Test Loss: 1.2416759
EarlyStopping counter: 75 out of 100
Updating learning rate to 0.0025
Epoch: 88 cost time: 1.1587965488433838
Epoch: 88, Steps: 33 | Train Loss: 0.0530033 Vali Loss: 0.2907545 Test Loss: 1.2342255
EarlyStopping counter: 76 out of 100
Updating learning rate to 0.0025
Epoch: 89 cost time: 1.1431429386138916
Epoch: 89, Steps: 33 | Train Loss: 0.0532867 Vali Loss: 0.2696786 Test Loss: 1.2839198
EarlyStopping counter: 77 out of 100
Updating learning rate to 0.0025
Epoch: 90 cost time: 1.1552915573120117
Epoch: 90, Steps: 33 | Train Loss: 0.0532652 Vali Loss: 0.2673270 Test Loss: 1.3232477
EarlyStopping counter: 78 out of 100
Updating learning rate to 0.0025
Epoch: 91 cost time: 1.147874116897583
Epoch: 91, Steps: 33 | Train Loss: 0.0528699 Vali Loss: 0.2807038 Test Loss: 1.2608367
EarlyStopping counter: 79 out of 100
Updating learning rate to 0.0025
Epoch: 92 cost time: 1.159179925918579
Epoch: 92, Steps: 33 | Train Loss: 0.0554972 Vali Loss: 0.2799780 Test Loss: 1.2606684
EarlyStopping counter: 80 out of 100
Updating learning rate to 0.0025
Epoch: 93 cost time: 1.1525802612304688
Epoch: 93, Steps: 33 | Train Loss: 0.0535823 Vali Loss: 0.2849337 Test Loss: 1.2425494
EarlyStopping counter: 81 out of 100
Updating learning rate to 0.0025
Epoch: 94 cost time: 1.15134859085083
Epoch: 94, Steps: 33 | Train Loss: 0.0525038 Vali Loss: 0.2788866 Test Loss: 1.2115396
EarlyStopping counter: 82 out of 100
Updating learning rate to 0.0025
Epoch: 95 cost time: 1.1378378868103027
Epoch: 95, Steps: 33 | Train Loss: 0.0512663 Vali Loss: 0.2596377 Test Loss: 1.2662586
EarlyStopping counter: 83 out of 100
Updating learning rate to 0.0025
Epoch: 96 cost time: 1.1719670295715332
Epoch: 96, Steps: 33 | Train Loss: 0.0523158 Vali Loss: 0.2770306 Test Loss: 1.2771887
EarlyStopping counter: 84 out of 100
Updating learning rate to 0.0025
Epoch: 97 cost time: 1.1476500034332275
Epoch: 97, Steps: 33 | Train Loss: 0.0564432 Vali Loss: 0.2422169 Test Loss: 1.2884876
EarlyStopping counter: 85 out of 100
Updating learning rate to 0.0025
Epoch: 98 cost time: 1.1528916358947754
Epoch: 98, Steps: 33 | Train Loss: 0.0534308 Vali Loss: 0.2718138 Test Loss: 1.2989669
EarlyStopping counter: 86 out of 100
Updating learning rate to 0.0025
Epoch: 99 cost time: 1.1520724296569824
Epoch: 99, Steps: 33 | Train Loss: 0.0525352 Vali Loss: 0.2713492 Test Loss: 1.2619708
EarlyStopping counter: 87 out of 100
Updating learning rate to 0.0025
Epoch: 100 cost time: 1.1556084156036377
Epoch: 100, Steps: 33 | Train Loss: 0.0506489 Vali Loss: 0.2853054 Test Loss: 1.2711302
EarlyStopping counter: 88 out of 100
Updating learning rate to 0.0025
>>>>>>>testing : NL_illness_cms_lr0.001_always_104_36_PatchTST_custom_ftM_sl104_ll48_pl36_dm16_nh4_el3_dl1_df128_fc1_ebtimeF_dtTruelr0.001_polalways_Nested_Learning_0<<<<<<<<<<<<<<<<<<<<<<<<<<<<<<<<<
test 158
 Ejecutando Inferencia DINÁMICA (Nested Learning con cms)
  -> Política: always | LR: 0.001 | Target: head

RESUMEN: El CMS se actualizó 9 veces de 9 posibles.

mse:1.4524058103561401, mae:0.8174447417259216, rse:0.5780029296875
Args in experiment:
Namespace(random_seed=2021, is_training=1, model_id='NL_illness_cms_lr0.001_always_104_48', model='PatchTST', data='custom', root_path='./dataset/', data_path='national_illness.csv', features='M', target='OT', freq='h', checkpoints='./checkpoints/', seq_len=104, label_len=48, pred_len=48, head_type='cms', cms_lr=0.001, update_policy='always', fc_dropout=0.3, head_dropout=0.0, patch_len=24, stride=2, padding_patch='end', revin=1, affine=0, subtract_last=0, decomposition=0, kernel_size=25, individual=0, embed_type=0, enc_in=7, dec_in=7, c_out=7, d_model=16, n_heads=4, e_layers=3, d_layers=1, d_ff=128, moving_avg=25, factor=1, distil=True, dropout=0.3, embed='timeF', activation='gelu', output_attention=False, do_predict=False, num_workers=0, itr=1, train_epochs=100, batch_size=16, patience=100, learning_rate=0.0025, des='Nested_Learning', loss='mse', lradj='constant', pct_start=0.3, use_amp=False, use_gpu=True, gpu=0, use_multi_gpu=False, devices='0,1,2,3', test_flop=False)
Use GPU: cuda:0
>>>>>>>start training : NL_illness_cms_lr0.001_always_104_48_PatchTST_custom_ftM_sl104_ll48_pl48_dm16_nh4_el3_dl1_df128_fc1_ebtimeF_dtTruelr0.001_polalways_Nested_Learning_0>>>>>>>>>>>>>>>>>>>>>>>>>>
train 525
val 50
test 146
Epoch: 1 cost time: 1.372037410736084
Epoch: 1, Steps: 32 | Train Loss: 0.9025275 Vali Loss: 0.6530611 Test Loss: 4.1468496
Validation loss decreased (inf --> 0.653061).  Saving model ...
Updating learning rate to 0.0025
Epoch: 2 cost time: 1.1196510791778564
Epoch: 2, Steps: 32 | Train Loss: 0.8585589 Vali Loss: 0.5389442 Test Loss: 3.6650865
Validation loss decreased (0.653061 --> 0.538944).  Saving model ...
Updating learning rate to 0.0025
Epoch: 3 cost time: 1.112084150314331
Epoch: 3, Steps: 32 | Train Loss: 0.7803702 Vali Loss: 0.4201035 Test Loss: 3.0942202
Validation loss decreased (0.538944 --> 0.420103).  Saving model ...
Updating learning rate to 0.0025
Epoch: 4 cost time: 1.109100103378296
Epoch: 4, Steps: 32 | Train Loss: 0.6728449 Vali Loss: 0.3205237 Test Loss: 2.5525217
Validation loss decreased (0.420103 --> 0.320524).  Saving model ...
Updating learning rate to 0.0025
Epoch: 5 cost time: 1.1132409572601318
Epoch: 5, Steps: 32 | Train Loss: 0.6116396 Vali Loss: 0.2629015 Test Loss: 2.1914227
Validation loss decreased (0.320524 --> 0.262902).  Saving model ...
Updating learning rate to 0.0025
Epoch: 6 cost time: 1.1268136501312256
Epoch: 6, Steps: 32 | Train Loss: 0.5407027 Vali Loss: 0.2482227 Test Loss: 1.9755505
Validation loss decreased (0.262902 --> 0.248223).  Saving model ...
Updating learning rate to 0.0025
Epoch: 7 cost time: 1.1023824214935303
Epoch: 7, Steps: 32 | Train Loss: 0.4946162 Vali Loss: 0.2334921 Test Loss: 1.8986295
Validation loss decreased (0.248223 --> 0.233492).  Saving model ...
Updating learning rate to 0.0025
Epoch: 8 cost time: 1.1292178630828857
Epoch: 8, Steps: 32 | Train Loss: 0.4641117 Vali Loss: 0.2232516 Test Loss: 1.9317678
Validation loss decreased (0.233492 --> 0.223252).  Saving model ...
Updating learning rate to 0.0025
Epoch: 9 cost time: 1.1143944263458252
Epoch: 9, Steps: 32 | Train Loss: 0.4256047 Vali Loss: 0.2396614 Test Loss: 1.8854836
EarlyStopping counter: 1 out of 100
Updating learning rate to 0.0025
Epoch: 10 cost time: 1.1181683540344238
Epoch: 10, Steps: 32 | Train Loss: 0.3860269 Vali Loss: 0.2508766 Test Loss: 1.8774523
EarlyStopping counter: 2 out of 100
Updating learning rate to 0.0025
Epoch: 11 cost time: 1.1261863708496094
Epoch: 11, Steps: 32 | Train Loss: 0.3640116 Vali Loss: 0.2555060 Test Loss: 1.8793035
EarlyStopping counter: 3 out of 100
Updating learning rate to 0.0025
Epoch: 12 cost time: 1.121819257736206
Epoch: 12, Steps: 32 | Train Loss: 0.3403401 Vali Loss: 0.1969009 Test Loss: 1.7153372
Validation loss decreased (0.223252 --> 0.196901).  Saving model ...
Updating learning rate to 0.0025
Epoch: 13 cost time: 1.1265144348144531
Epoch: 13, Steps: 32 | Train Loss: 0.3090004 Vali Loss: 0.2114852 Test Loss: 1.7156262
EarlyStopping counter: 1 out of 100
Updating learning rate to 0.0025
Epoch: 14 cost time: 1.125126600265503
Epoch: 14, Steps: 32 | Train Loss: 0.2868539 Vali Loss: 0.2065601 Test Loss: 1.7484378
EarlyStopping counter: 2 out of 100
Updating learning rate to 0.0025
Epoch: 15 cost time: 1.118497371673584
Epoch: 15, Steps: 32 | Train Loss: 0.2748811 Vali Loss: 0.2148246 Test Loss: 1.6837549
EarlyStopping counter: 3 out of 100
Updating learning rate to 0.0025
Epoch: 16 cost time: 1.1181542873382568
Epoch: 16, Steps: 32 | Train Loss: 0.2558765 Vali Loss: 0.2432497 Test Loss: 1.6601682
EarlyStopping counter: 4 out of 100
Updating learning rate to 0.0025
Epoch: 17 cost time: 1.091400146484375
Epoch: 17, Steps: 32 | Train Loss: 0.2450436 Vali Loss: 0.2355346 Test Loss: 1.5844631
EarlyStopping counter: 5 out of 100
Updating learning rate to 0.0025
Epoch: 18 cost time: 1.114605188369751
Epoch: 18, Steps: 32 | Train Loss: 0.2297528 Vali Loss: 0.2251022 Test Loss: 1.6150461
EarlyStopping counter: 6 out of 100
Updating learning rate to 0.0025
Epoch: 19 cost time: 1.1170997619628906
Epoch: 19, Steps: 32 | Train Loss: 0.2130820 Vali Loss: 0.2400723 Test Loss: 1.6874410
EarlyStopping counter: 7 out of 100
Updating learning rate to 0.0025
Epoch: 20 cost time: 1.0999393463134766
Epoch: 20, Steps: 32 | Train Loss: 0.2118936 Vali Loss: 0.2430327 Test Loss: 1.5628222
EarlyStopping counter: 8 out of 100
Updating learning rate to 0.0025
Epoch: 21 cost time: 1.1259596347808838
Epoch: 21, Steps: 32 | Train Loss: 0.1988462 Vali Loss: 0.2665114 Test Loss: 1.5686277
EarlyStopping counter: 9 out of 100
Updating learning rate to 0.0025
Epoch: 22 cost time: 1.1050944328308105
Epoch: 22, Steps: 32 | Train Loss: 0.1865629 Vali Loss: 0.2588545 Test Loss: 1.4889665
EarlyStopping counter: 10 out of 100
Updating learning rate to 0.0025
Epoch: 23 cost time: 1.1039249897003174
Epoch: 23, Steps: 32 | Train Loss: 0.1817935 Vali Loss: 0.2438452 Test Loss: 1.4859968
EarlyStopping counter: 11 out of 100
Updating learning rate to 0.0025
Epoch: 24 cost time: 1.134343147277832
Epoch: 24, Steps: 32 | Train Loss: 0.1788723 Vali Loss: 0.2688006 Test Loss: 1.6135716
EarlyStopping counter: 12 out of 100
Updating learning rate to 0.0025
Epoch: 25 cost time: 1.1253836154937744
Epoch: 25, Steps: 32 | Train Loss: 0.1760169 Vali Loss: 0.2520143 Test Loss: 1.5174637
EarlyStopping counter: 13 out of 100
Updating learning rate to 0.0025
Epoch: 26 cost time: 1.112367868423462
Epoch: 26, Steps: 32 | Train Loss: 0.1622489 Vali Loss: 0.2837099 Test Loss: 1.6033156
EarlyStopping counter: 14 out of 100
Updating learning rate to 0.0025
Epoch: 27 cost time: 1.121319055557251
Epoch: 27, Steps: 32 | Train Loss: 0.1559167 Vali Loss: 0.2654021 Test Loss: 1.5703474
EarlyStopping counter: 15 out of 100
Updating learning rate to 0.0025
Epoch: 28 cost time: 1.1270108222961426
Epoch: 28, Steps: 32 | Train Loss: 0.1518925 Vali Loss: 0.2682647 Test Loss: 1.6114287
EarlyStopping counter: 16 out of 100
Updating learning rate to 0.0025
Epoch: 29 cost time: 1.0947282314300537
Epoch: 29, Steps: 32 | Train Loss: 0.1526733 Vali Loss: 0.2822770 Test Loss: 1.5746191
EarlyStopping counter: 17 out of 100
Updating learning rate to 0.0025
Epoch: 30 cost time: 1.1087489128112793
Epoch: 30, Steps: 32 | Train Loss: 0.1467050 Vali Loss: 0.2749890 Test Loss: 1.5315610
EarlyStopping counter: 18 out of 100
Updating learning rate to 0.0025
Epoch: 31 cost time: 1.1175768375396729
Epoch: 31, Steps: 32 | Train Loss: 0.1412368 Vali Loss: 0.2831649 Test Loss: 1.6302452
EarlyStopping counter: 19 out of 100
Updating learning rate to 0.0025
Epoch: 32 cost time: 1.105306625366211
Epoch: 32, Steps: 32 | Train Loss: 0.1412134 Vali Loss: 0.2918089 Test Loss: 1.6215962
EarlyStopping counter: 20 out of 100
Updating learning rate to 0.0025
Epoch: 33 cost time: 1.107804775238037
Epoch: 33, Steps: 32 | Train Loss: 0.1332742 Vali Loss: 0.2742986 Test Loss: 1.5667081
EarlyStopping counter: 21 out of 100
Updating learning rate to 0.0025
Epoch: 34 cost time: 1.0996816158294678
Epoch: 34, Steps: 32 | Train Loss: 0.1304576 Vali Loss: 0.3253355 Test Loss: 1.5019010
EarlyStopping counter: 22 out of 100
Updating learning rate to 0.0025
Epoch: 35 cost time: 1.102994680404663
Epoch: 35, Steps: 32 | Train Loss: 0.1233241 Vali Loss: 0.3293147 Test Loss: 1.5902190
EarlyStopping counter: 23 out of 100
Updating learning rate to 0.0025
Epoch: 36 cost time: 1.1035888195037842
Epoch: 36, Steps: 32 | Train Loss: 0.1259141 Vali Loss: 0.3045980 Test Loss: 1.5083364
EarlyStopping counter: 24 out of 100
Updating learning rate to 0.0025
Epoch: 37 cost time: 1.1165571212768555
Epoch: 37, Steps: 32 | Train Loss: 0.1196619 Vali Loss: 0.3172072 Test Loss: 1.6066167
EarlyStopping counter: 25 out of 100
Updating learning rate to 0.0025
Epoch: 38 cost time: 1.1245813369750977
Epoch: 38, Steps: 32 | Train Loss: 0.1163840 Vali Loss: 0.3011040 Test Loss: 1.5643883
EarlyStopping counter: 26 out of 100
Updating learning rate to 0.0025
Epoch: 39 cost time: 1.1203083992004395
Epoch: 39, Steps: 32 | Train Loss: 0.1107539 Vali Loss: 0.2895412 Test Loss: 1.5467262
EarlyStopping counter: 27 out of 100
Updating learning rate to 0.0025
Epoch: 40 cost time: 1.1200404167175293
Epoch: 40, Steps: 32 | Train Loss: 0.1138437 Vali Loss: 0.3061830 Test Loss: 1.5669367
EarlyStopping counter: 28 out of 100
Updating learning rate to 0.0025
Epoch: 41 cost time: 1.1279702186584473
Epoch: 41, Steps: 32 | Train Loss: 0.1104856 Vali Loss: 0.2786684 Test Loss: 1.5620270
EarlyStopping counter: 29 out of 100
Updating learning rate to 0.0025
Epoch: 42 cost time: 1.1017835140228271
Epoch: 42, Steps: 32 | Train Loss: 0.1095599 Vali Loss: 0.3137216 Test Loss: 1.6694942
EarlyStopping counter: 30 out of 100
Updating learning rate to 0.0025
Epoch: 43 cost time: 1.1101343631744385
Epoch: 43, Steps: 32 | Train Loss: 0.1101679 Vali Loss: 0.3152483 Test Loss: 1.5351663
EarlyStopping counter: 31 out of 100
Updating learning rate to 0.0025
Epoch: 44 cost time: 1.107832431793213
Epoch: 44, Steps: 32 | Train Loss: 0.1036022 Vali Loss: 0.3021038 Test Loss: 1.5383260
EarlyStopping counter: 32 out of 100
Updating learning rate to 0.0025
Epoch: 45 cost time: 1.120847463607788
Epoch: 45, Steps: 32 | Train Loss: 0.1006958 Vali Loss: 0.2660462 Test Loss: 1.6513734
EarlyStopping counter: 33 out of 100
Updating learning rate to 0.0025
Epoch: 46 cost time: 1.0979633331298828
Epoch: 46, Steps: 32 | Train Loss: 0.1040163 Vali Loss: 0.2820464 Test Loss: 1.5895184
EarlyStopping counter: 34 out of 100
Updating learning rate to 0.0025
Epoch: 47 cost time: 1.104102373123169
Epoch: 47, Steps: 32 | Train Loss: 0.1050539 Vali Loss: 0.2663639 Test Loss: 1.6355257
EarlyStopping counter: 35 out of 100
Updating learning rate to 0.0025
Epoch: 48 cost time: 1.1202199459075928
Epoch: 48, Steps: 32 | Train Loss: 0.0996929 Vali Loss: 0.2794494 Test Loss: 1.4912649
EarlyStopping counter: 36 out of 100
Updating learning rate to 0.0025
Epoch: 49 cost time: 1.1059393882751465
Epoch: 49, Steps: 32 | Train Loss: 0.0982697 Vali Loss: 0.2857102 Test Loss: 1.5278100
EarlyStopping counter: 37 out of 100
Updating learning rate to 0.0025
Epoch: 50 cost time: 1.1136481761932373
Epoch: 50, Steps: 32 | Train Loss: 0.0935460 Vali Loss: 0.3121701 Test Loss: 1.5528997
EarlyStopping counter: 38 out of 100
Updating learning rate to 0.0025
Epoch: 51 cost time: 1.114927053451538
Epoch: 51, Steps: 32 | Train Loss: 0.0925147 Vali Loss: 0.3095016 Test Loss: 1.5749960
EarlyStopping counter: 39 out of 100
Updating learning rate to 0.0025
Epoch: 52 cost time: 1.0874881744384766
Epoch: 52, Steps: 32 | Train Loss: 0.0905156 Vali Loss: 0.3269070 Test Loss: 1.6197642
EarlyStopping counter: 40 out of 100
Updating learning rate to 0.0025
Epoch: 53 cost time: 1.1170508861541748
Epoch: 53, Steps: 32 | Train Loss: 0.0875480 Vali Loss: 0.2871123 Test Loss: 1.5992351
EarlyStopping counter: 41 out of 100
Updating learning rate to 0.0025
Epoch: 54 cost time: 1.1266546249389648
Epoch: 54, Steps: 32 | Train Loss: 0.0855975 Vali Loss: 0.2983170 Test Loss: 1.6270392
EarlyStopping counter: 42 out of 100
Updating learning rate to 0.0025
Epoch: 55 cost time: 1.1168558597564697
Epoch: 55, Steps: 32 | Train Loss: 0.0819743 Vali Loss: 0.2834014 Test Loss: 1.5675547
EarlyStopping counter: 43 out of 100
Updating learning rate to 0.0025
Epoch: 56 cost time: 1.1139798164367676
Epoch: 56, Steps: 32 | Train Loss: 0.0827921 Vali Loss: 0.2863767 Test Loss: 1.5827676
EarlyStopping counter: 44 out of 100
Updating learning rate to 0.0025
Epoch: 57 cost time: 1.1022276878356934
Epoch: 57, Steps: 32 | Train Loss: 0.0815686 Vali Loss: 0.2945849 Test Loss: 1.6230160
EarlyStopping counter: 45 out of 100
Updating learning rate to 0.0025
Epoch: 58 cost time: 1.1063923835754395
Epoch: 58, Steps: 32 | Train Loss: 0.0817427 Vali Loss: 0.2827021 Test Loss: 1.5986382
EarlyStopping counter: 46 out of 100
Updating learning rate to 0.0025
Epoch: 59 cost time: 1.120741605758667
Epoch: 59, Steps: 32 | Train Loss: 0.0804659 Vali Loss: 0.3029737 Test Loss: 1.6367121
EarlyStopping counter: 47 out of 100
Updating learning rate to 0.0025
Epoch: 60 cost time: 1.0981879234313965
Epoch: 60, Steps: 32 | Train Loss: 0.0780659 Vali Loss: 0.2828066 Test Loss: 1.5571582
EarlyStopping counter: 48 out of 100
Updating learning rate to 0.0025
Epoch: 61 cost time: 1.1030189990997314
Epoch: 61, Steps: 32 | Train Loss: 0.0799600 Vali Loss: 0.3057726 Test Loss: 1.6072050
EarlyStopping counter: 49 out of 100
Updating learning rate to 0.0025
Epoch: 62 cost time: 1.1164445877075195
Epoch: 62, Steps: 32 | Train Loss: 0.0769873 Vali Loss: 0.2644621 Test Loss: 1.6258043
EarlyStopping counter: 50 out of 100
Updating learning rate to 0.0025
Epoch: 63 cost time: 1.1179375648498535
Epoch: 63, Steps: 32 | Train Loss: 0.0766923 Vali Loss: 0.2885690 Test Loss: 1.6125264
EarlyStopping counter: 51 out of 100
Updating learning rate to 0.0025
Epoch: 64 cost time: 1.0936121940612793
Epoch: 64, Steps: 32 | Train Loss: 0.0746166 Vali Loss: 0.3042404 Test Loss: 1.6070100
EarlyStopping counter: 52 out of 100
Updating learning rate to 0.0025
Epoch: 65 cost time: 1.1073415279388428
Epoch: 65, Steps: 32 | Train Loss: 0.0742766 Vali Loss: 0.2902395 Test Loss: 1.6368965
EarlyStopping counter: 53 out of 100
Updating learning rate to 0.0025
Epoch: 66 cost time: 1.1173372268676758
Epoch: 66, Steps: 32 | Train Loss: 0.0702160 Vali Loss: 0.2883509 Test Loss: 1.6442059
EarlyStopping counter: 54 out of 100
Updating learning rate to 0.0025
Epoch: 67 cost time: 1.103553295135498
Epoch: 67, Steps: 32 | Train Loss: 0.0734664 Vali Loss: 0.3002057 Test Loss: 1.5845848
EarlyStopping counter: 55 out of 100
Updating learning rate to 0.0025
Epoch: 68 cost time: 1.1108453273773193
Epoch: 68, Steps: 32 | Train Loss: 0.0709702 Vali Loss: 0.2833232 Test Loss: 1.6580132
EarlyStopping counter: 56 out of 100
Updating learning rate to 0.0025
Epoch: 69 cost time: 1.1162457466125488
Epoch: 69, Steps: 32 | Train Loss: 0.0712955 Vali Loss: 0.2630289 Test Loss: 1.6682231
EarlyStopping counter: 57 out of 100
Updating learning rate to 0.0025
Epoch: 70 cost time: 1.114229679107666
Epoch: 70, Steps: 32 | Train Loss: 0.0699319 Vali Loss: 0.2880060 Test Loss: 1.5993911
EarlyStopping counter: 58 out of 100
Updating learning rate to 0.0025
Epoch: 71 cost time: 1.1140906810760498
Epoch: 71, Steps: 32 | Train Loss: 0.0683471 Vali Loss: 0.2896198 Test Loss: 1.6239295
EarlyStopping counter: 59 out of 100
Updating learning rate to 0.0025
Epoch: 72 cost time: 1.1328661441802979
Epoch: 72, Steps: 32 | Train Loss: 0.0676245 Vali Loss: 0.2692150 Test Loss: 1.6356325
EarlyStopping counter: 60 out of 100
Updating learning rate to 0.0025
Epoch: 73 cost time: 1.1256728172302246
Epoch: 73, Steps: 32 | Train Loss: 0.0672225 Vali Loss: 0.2828332 Test Loss: 1.6012554
EarlyStopping counter: 61 out of 100
Updating learning rate to 0.0025
Epoch: 74 cost time: 1.111992597579956
Epoch: 74, Steps: 32 | Train Loss: 0.0671192 Vali Loss: 0.2842557 Test Loss: 1.6144183
EarlyStopping counter: 62 out of 100
Updating learning rate to 0.0025
Epoch: 75 cost time: 1.1293458938598633
Epoch: 75, Steps: 32 | Train Loss: 0.0673269 Vali Loss: 0.2873032 Test Loss: 1.6051053
EarlyStopping counter: 63 out of 100
Updating learning rate to 0.0025
Epoch: 76 cost time: 1.115070104598999
Epoch: 76, Steps: 32 | Train Loss: 0.0664135 Vali Loss: 0.2807496 Test Loss: 1.6196570
EarlyStopping counter: 64 out of 100
Updating learning rate to 0.0025
Epoch: 77 cost time: 1.1070547103881836
Epoch: 77, Steps: 32 | Train Loss: 0.0634660 Vali Loss: 0.2754596 Test Loss: 1.6532663
EarlyStopping counter: 65 out of 100
Updating learning rate to 0.0025
Epoch: 78 cost time: 1.1199002265930176
Epoch: 78, Steps: 32 | Train Loss: 0.0659729 Vali Loss: 0.3209010 Test Loss: 1.5746137
EarlyStopping counter: 66 out of 100
Updating learning rate to 0.0025
Epoch: 79 cost time: 1.1097278594970703
Epoch: 79, Steps: 32 | Train Loss: 0.0672094 Vali Loss: 0.3002638 Test Loss: 1.6669647
EarlyStopping counter: 67 out of 100
Updating learning rate to 0.0025
Epoch: 80 cost time: 1.117887258529663
Epoch: 80, Steps: 32 | Train Loss: 0.0645064 Vali Loss: 0.2814896 Test Loss: 1.7059939
EarlyStopping counter: 68 out of 100
Updating learning rate to 0.0025
Epoch: 81 cost time: 1.118422508239746
Epoch: 81, Steps: 32 | Train Loss: 0.0646217 Vali Loss: 0.2851068 Test Loss: 1.5894271
EarlyStopping counter: 69 out of 100
Updating learning rate to 0.0025
Epoch: 82 cost time: 1.1116385459899902
Epoch: 82, Steps: 32 | Train Loss: 0.0639684 Vali Loss: 0.2858557 Test Loss: 1.6470028
EarlyStopping counter: 70 out of 100
Updating learning rate to 0.0025
Epoch: 83 cost time: 1.1230149269104004
Epoch: 83, Steps: 32 | Train Loss: 0.0634929 Vali Loss: 0.2834813 Test Loss: 1.6682305
EarlyStopping counter: 71 out of 100
Updating learning rate to 0.0025
Epoch: 84 cost time: 1.1096217632293701
Epoch: 84, Steps: 32 | Train Loss: 0.0629576 Vali Loss: 0.2960919 Test Loss: 1.6176580
EarlyStopping counter: 72 out of 100
Updating learning rate to 0.0025
Epoch: 85 cost time: 1.1184344291687012
Epoch: 85, Steps: 32 | Train Loss: 0.0627471 Vali Loss: 0.2759328 Test Loss: 1.5912950
EarlyStopping counter: 73 out of 100
Updating learning rate to 0.0025
Epoch: 86 cost time: 1.1205005645751953
Epoch: 86, Steps: 32 | Train Loss: 0.0624025 Vali Loss: 0.2676528 Test Loss: 1.6460524
EarlyStopping counter: 74 out of 100
Updating learning rate to 0.0025
Epoch: 87 cost time: 1.1109468936920166
Epoch: 87, Steps: 32 | Train Loss: 0.0601260 Vali Loss: 0.2694334 Test Loss: 1.6486855
EarlyStopping counter: 75 out of 100
Updating learning rate to 0.0025
Epoch: 88 cost time: 1.125903606414795
Epoch: 88, Steps: 32 | Train Loss: 0.0593587 Vali Loss: 0.3059431 Test Loss: 1.6532323
EarlyStopping counter: 76 out of 100
Updating learning rate to 0.0025
Epoch: 89 cost time: 1.1194419860839844
Epoch: 89, Steps: 32 | Train Loss: 0.0602500 Vali Loss: 0.2820700 Test Loss: 1.6642361
EarlyStopping counter: 77 out of 100
Updating learning rate to 0.0025
Epoch: 90 cost time: 1.1222681999206543
Epoch: 90, Steps: 32 | Train Loss: 0.0580682 Vali Loss: 0.2949308 Test Loss: 1.6350740
EarlyStopping counter: 78 out of 100
Updating learning rate to 0.0025
Epoch: 91 cost time: 1.1039960384368896
Epoch: 91, Steps: 32 | Train Loss: 0.0591139 Vali Loss: 0.3003480 Test Loss: 1.6149776
EarlyStopping counter: 79 out of 100
Updating learning rate to 0.0025
Epoch: 92 cost time: 1.1153180599212646
Epoch: 92, Steps: 32 | Train Loss: 0.0578578 Vali Loss: 0.2758115 Test Loss: 1.7018081
EarlyStopping counter: 80 out of 100
Updating learning rate to 0.0025
Epoch: 93 cost time: 1.1202619075775146
Epoch: 93, Steps: 32 | Train Loss: 0.0575358 Vali Loss: 0.2810835 Test Loss: 1.6398771
EarlyStopping counter: 81 out of 100
Updating learning rate to 0.0025
Epoch: 94 cost time: 1.1149520874023438
Epoch: 94, Steps: 32 | Train Loss: 0.0565744 Vali Loss: 0.2878624 Test Loss: 1.6942539
EarlyStopping counter: 82 out of 100
Updating learning rate to 0.0025
Epoch: 95 cost time: 1.089582920074463
Epoch: 95, Steps: 32 | Train Loss: 0.0567548 Vali Loss: 0.2857876 Test Loss: 1.6697881
EarlyStopping counter: 83 out of 100
Updating learning rate to 0.0025
Epoch: 96 cost time: 1.1170401573181152
Epoch: 96, Steps: 32 | Train Loss: 0.0580384 Vali Loss: 0.3017190 Test Loss: 1.6438445
EarlyStopping counter: 84 out of 100
Updating learning rate to 0.0025
Epoch: 97 cost time: 1.1133568286895752
Epoch: 97, Steps: 32 | Train Loss: 0.0557840 Vali Loss: 0.2836084 Test Loss: 1.6661944
EarlyStopping counter: 85 out of 100
Updating learning rate to 0.0025
Epoch: 98 cost time: 1.1226167678833008
Epoch: 98, Steps: 32 | Train Loss: 0.0565931 Vali Loss: 0.2968979 Test Loss: 1.6801070
EarlyStopping counter: 86 out of 100
Updating learning rate to 0.0025
Epoch: 99 cost time: 1.1250436305999756
Epoch: 99, Steps: 32 | Train Loss: 0.0561781 Vali Loss: 0.2874011 Test Loss: 1.6648860
EarlyStopping counter: 87 out of 100
Updating learning rate to 0.0025
Epoch: 100 cost time: 1.1028945446014404
Epoch: 100, Steps: 32 | Train Loss: 0.0552267 Vali Loss: 0.2985476 Test Loss: 1.6619148
EarlyStopping counter: 88 out of 100
Updating learning rate to 0.0025
>>>>>>>testing : NL_illness_cms_lr0.001_always_104_48_PatchTST_custom_ftM_sl104_ll48_pl48_dm16_nh4_el3_dl1_df128_fc1_ebtimeF_dtTruelr0.001_polalways_Nested_Learning_0<<<<<<<<<<<<<<<<<<<<<<<<<<<<<<<<<
test 146
 Ejecutando Inferencia DINÁMICA (Nested Learning con cms)
  -> Política: always | LR: 0.001 | Target: head

RESUMEN: El CMS se actualizó 9 veces de 9 posibles.

mse:1.698596715927124, mae:0.8730291128158569, rse:0.6234464049339294
Args in experiment:
Namespace(random_seed=2021, is_training=1, model_id='NL_illness_cms_lr0.001_always_104_60', model='PatchTST', data='custom', root_path='./dataset/', data_path='national_illness.csv', features='M', target='OT', freq='h', checkpoints='./checkpoints/', seq_len=104, label_len=48, pred_len=60, head_type='cms', cms_lr=0.001, update_policy='always', fc_dropout=0.3, head_dropout=0.0, patch_len=24, stride=2, padding_patch='end', revin=1, affine=0, subtract_last=0, decomposition=0, kernel_size=25, individual=0, embed_type=0, enc_in=7, dec_in=7, c_out=7, d_model=16, n_heads=4, e_layers=3, d_layers=1, d_ff=128, moving_avg=25, factor=1, distil=True, dropout=0.3, embed='timeF', activation='gelu', output_attention=False, do_predict=False, num_workers=0, itr=1, train_epochs=100, batch_size=16, patience=100, learning_rate=0.0025, des='Nested_Learning', loss='mse', lradj='constant', pct_start=0.3, use_amp=False, use_gpu=True, gpu=0, use_multi_gpu=False, devices='0,1,2,3', test_flop=False)
Use GPU: cuda:0
>>>>>>>start training : NL_illness_cms_lr0.001_always_104_60_PatchTST_custom_ftM_sl104_ll48_pl60_dm16_nh4_el3_dl1_df128_fc1_ebtimeF_dtTruelr0.001_polalways_Nested_Learning_0>>>>>>>>>>>>>>>>>>>>>>>>>>
train 513
val 38
test 134
Epoch: 1 cost time: 1.3678183555603027
Epoch: 1, Steps: 32 | Train Loss: 0.9142600 Vali Loss: 0.6656727 Test Loss: 4.2635169
Validation loss decreased (inf --> 0.665673).  Saving model ...
Updating learning rate to 0.0025
Epoch: 2 cost time: 1.1110203266143799
Epoch: 2, Steps: 32 | Train Loss: 0.8711215 Vali Loss: 0.5710941 Test Loss: 3.7881038
Validation loss decreased (0.665673 --> 0.571094).  Saving model ...
Updating learning rate to 0.0025
Epoch: 3 cost time: 1.127199411392212
Epoch: 3, Steps: 32 | Train Loss: 0.7881296 Vali Loss: 0.4516739 Test Loss: 3.2447844
Validation loss decreased (0.571094 --> 0.451674).  Saving model ...
Updating learning rate to 0.0025
Epoch: 4 cost time: 1.121131181716919
Epoch: 4, Steps: 32 | Train Loss: 0.7113847 Vali Loss: 0.3670738 Test Loss: 2.7016716
Validation loss decreased (0.451674 --> 0.367074).  Saving model ...
Updating learning rate to 0.0025
Epoch: 5 cost time: 1.1173429489135742
Epoch: 5, Steps: 32 | Train Loss: 0.6315516 Vali Loss: 0.2950349 Test Loss: 2.2946324
Validation loss decreased (0.367074 --> 0.295035).  Saving model ...
Updating learning rate to 0.0025
Epoch: 6 cost time: 1.1207919120788574
Epoch: 6, Steps: 32 | Train Loss: 0.5683345 Vali Loss: 0.2679643 Test Loss: 2.0115616
Validation loss decreased (0.295035 --> 0.267964).  Saving model ...
Updating learning rate to 0.0025
Epoch: 7 cost time: 1.1199860572814941
Epoch: 7, Steps: 32 | Train Loss: 0.5163229 Vali Loss: 0.2645930 Test Loss: 1.9440635
Validation loss decreased (0.267964 --> 0.264593).  Saving model ...
Updating learning rate to 0.0025
Epoch: 8 cost time: 1.124007225036621
Epoch: 8, Steps: 32 | Train Loss: 0.4767191 Vali Loss: 0.2733856 Test Loss: 1.9906509
EarlyStopping counter: 1 out of 100
Updating learning rate to 0.0025
Epoch: 9 cost time: 1.1230261325836182
Epoch: 9, Steps: 32 | Train Loss: 0.4351317 Vali Loss: 0.2330244 Test Loss: 1.9229757
Validation loss decreased (0.264593 --> 0.233024).  Saving model ...
Updating learning rate to 0.0025
Epoch: 10 cost time: 1.129178524017334
Epoch: 10, Steps: 32 | Train Loss: 0.4047424 Vali Loss: 0.2575166 Test Loss: 1.9480305
EarlyStopping counter: 1 out of 100
Updating learning rate to 0.0025
Epoch: 11 cost time: 1.1070127487182617
Epoch: 11, Steps: 32 | Train Loss: 0.3795030 Vali Loss: 0.2258689 Test Loss: 1.9561878
Validation loss decreased (0.233024 --> 0.225869).  Saving model ...
Updating learning rate to 0.0025
Epoch: 12 cost time: 1.1168155670166016
Epoch: 12, Steps: 32 | Train Loss: 0.3551992 Vali Loss: 0.2320897 Test Loss: 1.7944689
EarlyStopping counter: 1 out of 100
Updating learning rate to 0.0025
Epoch: 13 cost time: 1.12093186378479
Epoch: 13, Steps: 32 | Train Loss: 0.3315841 Vali Loss: 0.1989168 Test Loss: 1.9339483
Validation loss decreased (0.225869 --> 0.198917).  Saving model ...
Updating learning rate to 0.0025
Epoch: 14 cost time: 1.1271212100982666
Epoch: 14, Steps: 32 | Train Loss: 0.3091887 Vali Loss: 0.2393725 Test Loss: 1.6584246
EarlyStopping counter: 1 out of 100
Updating learning rate to 0.0025
Epoch: 15 cost time: 1.1259219646453857
Epoch: 15, Steps: 32 | Train Loss: 0.2887325 Vali Loss: 0.2390553 Test Loss: 1.7425624
EarlyStopping counter: 2 out of 100
Updating learning rate to 0.0025
Epoch: 16 cost time: 1.1162562370300293
Epoch: 16, Steps: 32 | Train Loss: 0.2762965 Vali Loss: 0.2486320 Test Loss: 1.6186937
EarlyStopping counter: 3 out of 100
Updating learning rate to 0.0025
Epoch: 17 cost time: 1.1180672645568848
Epoch: 17, Steps: 32 | Train Loss: 0.2521611 Vali Loss: 0.2344245 Test Loss: 1.6846516
EarlyStopping counter: 4 out of 100
Updating learning rate to 0.0025
Epoch: 18 cost time: 1.1356136798858643
Epoch: 18, Steps: 32 | Train Loss: 0.2436111 Vali Loss: 0.2274208 Test Loss: 1.7473837
EarlyStopping counter: 5 out of 100
Updating learning rate to 0.0025
Epoch: 19 cost time: 1.1406240463256836
Epoch: 19, Steps: 32 | Train Loss: 0.2320224 Vali Loss: 0.2359019 Test Loss: 1.6765361
EarlyStopping counter: 6 out of 100
Updating learning rate to 0.0025
Epoch: 20 cost time: 1.120046615600586
Epoch: 20, Steps: 32 | Train Loss: 0.2283040 Vali Loss: 0.2317342 Test Loss: 1.6137538
EarlyStopping counter: 7 out of 100
Updating learning rate to 0.0025
Epoch: 21 cost time: 1.103564977645874
Epoch: 21, Steps: 32 | Train Loss: 0.2108956 Vali Loss: 0.2195531 Test Loss: 1.6526721
EarlyStopping counter: 8 out of 100
Updating learning rate to 0.0025
Epoch: 22 cost time: 1.1295406818389893
Epoch: 22, Steps: 32 | Train Loss: 0.2041728 Vali Loss: 0.2682806 Test Loss: 1.5066906
EarlyStopping counter: 9 out of 100
Updating learning rate to 0.0025
Epoch: 23 cost time: 1.1114492416381836
Epoch: 23, Steps: 32 | Train Loss: 0.1958371 Vali Loss: 0.2790259 Test Loss: 1.4311725
EarlyStopping counter: 10 out of 100
Updating learning rate to 0.0025
Epoch: 24 cost time: 1.1295855045318604
Epoch: 24, Steps: 32 | Train Loss: 0.2012511 Vali Loss: 0.2797143 Test Loss: 1.5867972
EarlyStopping counter: 11 out of 100
Updating learning rate to 0.0025
Epoch: 25 cost time: 1.126234531402588
Epoch: 25, Steps: 32 | Train Loss: 0.1899841 Vali Loss: 0.2493110 Test Loss: 1.5573930
EarlyStopping counter: 12 out of 100
Updating learning rate to 0.0025
Epoch: 26 cost time: 1.1088876724243164
Epoch: 26, Steps: 32 | Train Loss: 0.1807813 Vali Loss: 0.2765838 Test Loss: 1.4959898
EarlyStopping counter: 13 out of 100
Updating learning rate to 0.0025
Epoch: 27 cost time: 1.1305949687957764
Epoch: 27, Steps: 32 | Train Loss: 0.1761773 Vali Loss: 0.2675377 Test Loss: 1.4825243
EarlyStopping counter: 14 out of 100
Updating learning rate to 0.0025
Epoch: 28 cost time: 1.118650197982788
Epoch: 28, Steps: 32 | Train Loss: 0.1732826 Vali Loss: 0.2859518 Test Loss: 1.4965849
EarlyStopping counter: 15 out of 100
Updating learning rate to 0.0025
Epoch: 29 cost time: 1.1260221004486084
Epoch: 29, Steps: 32 | Train Loss: 0.1655429 Vali Loss: 0.2964130 Test Loss: 1.4787799
EarlyStopping counter: 16 out of 100
Updating learning rate to 0.0025
Epoch: 30 cost time: 1.116137981414795
Epoch: 30, Steps: 32 | Train Loss: 0.1635760 Vali Loss: 0.2853463 Test Loss: 1.4561744
EarlyStopping counter: 17 out of 100
Updating learning rate to 0.0025
Epoch: 31 cost time: 1.1331560611724854
Epoch: 31, Steps: 32 | Train Loss: 0.1589722 Vali Loss: 0.2628428 Test Loss: 1.3927377
EarlyStopping counter: 18 out of 100
Updating learning rate to 0.0025
Epoch: 32 cost time: 1.1336069107055664
Epoch: 32, Steps: 32 | Train Loss: 0.1528603 Vali Loss: 0.2804803 Test Loss: 1.4528364
EarlyStopping counter: 19 out of 100
Updating learning rate to 0.0025
Epoch: 33 cost time: 1.1124131679534912
Epoch: 33, Steps: 32 | Train Loss: 0.1516920 Vali Loss: 0.2667621 Test Loss: 1.4282334
EarlyStopping counter: 20 out of 100
Updating learning rate to 0.0025
Epoch: 34 cost time: 1.1142864227294922
Epoch: 34, Steps: 32 | Train Loss: 0.1443086 Vali Loss: 0.2745972 Test Loss: 1.3475935
EarlyStopping counter: 21 out of 100
Updating learning rate to 0.0025
Epoch: 35 cost time: 1.1110038757324219
Epoch: 35, Steps: 32 | Train Loss: 0.1446658 Vali Loss: 0.2749338 Test Loss: 1.3749154
EarlyStopping counter: 22 out of 100
Updating learning rate to 0.0025
Epoch: 36 cost time: 1.1285088062286377
Epoch: 36, Steps: 32 | Train Loss: 0.1390518 Vali Loss: 0.2960067 Test Loss: 1.3593528
EarlyStopping counter: 23 out of 100
Updating learning rate to 0.0025
Epoch: 37 cost time: 1.1163067817687988
Epoch: 37, Steps: 32 | Train Loss: 0.1365905 Vali Loss: 0.2923218 Test Loss: 1.3591669
EarlyStopping counter: 24 out of 100
Updating learning rate to 0.0025
Epoch: 38 cost time: 1.1000537872314453
Epoch: 38, Steps: 32 | Train Loss: 0.1320916 Vali Loss: 0.2775345 Test Loss: 1.3944921
EarlyStopping counter: 25 out of 100
Updating learning rate to 0.0025
Epoch: 39 cost time: 1.1109402179718018
Epoch: 39, Steps: 32 | Train Loss: 0.1329613 Vali Loss: 0.2750985 Test Loss: 1.4506166
EarlyStopping counter: 26 out of 100
Updating learning rate to 0.0025
Epoch: 40 cost time: 1.1151678562164307
Epoch: 40, Steps: 32 | Train Loss: 0.1236948 Vali Loss: 0.3208442 Test Loss: 1.4081967
EarlyStopping counter: 27 out of 100
Updating learning rate to 0.0025
Epoch: 41 cost time: 1.1208994388580322
Epoch: 41, Steps: 32 | Train Loss: 0.1236052 Vali Loss: 0.2795911 Test Loss: 1.4157476
EarlyStopping counter: 28 out of 100
Updating learning rate to 0.0025
Epoch: 42 cost time: 1.1147546768188477
Epoch: 42, Steps: 32 | Train Loss: 0.1253262 Vali Loss: 0.2954981 Test Loss: 1.4434808
EarlyStopping counter: 29 out of 100
Updating learning rate to 0.0025
Epoch: 43 cost time: 1.1167609691619873
Epoch: 43, Steps: 32 | Train Loss: 0.1163696 Vali Loss: 0.2650993 Test Loss: 1.4078950
EarlyStopping counter: 30 out of 100
Updating learning rate to 0.0025
Epoch: 44 cost time: 1.1072254180908203
Epoch: 44, Steps: 32 | Train Loss: 0.1163176 Vali Loss: 0.3012452 Test Loss: 1.3278646
EarlyStopping counter: 31 out of 100
Updating learning rate to 0.0025
Epoch: 45 cost time: 1.109053611755371
Epoch: 45, Steps: 32 | Train Loss: 0.1125862 Vali Loss: 0.2756529 Test Loss: 1.4472362
EarlyStopping counter: 32 out of 100
Updating learning rate to 0.0025
Epoch: 46 cost time: 1.110943078994751
Epoch: 46, Steps: 32 | Train Loss: 0.1117472 Vali Loss: 0.3110600 Test Loss: 1.3627285
EarlyStopping counter: 33 out of 100
Updating learning rate to 0.0025
Epoch: 47 cost time: 1.1158626079559326
Epoch: 47, Steps: 32 | Train Loss: 0.1095675 Vali Loss: 0.2850838 Test Loss: 1.4046320
EarlyStopping counter: 34 out of 100
Updating learning rate to 0.0025
Epoch: 48 cost time: 1.112705945968628
Epoch: 48, Steps: 32 | Train Loss: 0.1075842 Vali Loss: 0.3017523 Test Loss: 1.4413004
EarlyStopping counter: 35 out of 100
Updating learning rate to 0.0025
Epoch: 49 cost time: 1.1210153102874756
Epoch: 49, Steps: 32 | Train Loss: 0.1060411 Vali Loss: 0.2725879 Test Loss: 1.4836363
EarlyStopping counter: 36 out of 100
Updating learning rate to 0.0025
Epoch: 50 cost time: 1.111607551574707
Epoch: 50, Steps: 32 | Train Loss: 0.1028616 Vali Loss: 0.3231000 Test Loss: 1.3561375
EarlyStopping counter: 37 out of 100
Updating learning rate to 0.0025
Epoch: 51 cost time: 1.099863052368164
Epoch: 51, Steps: 32 | Train Loss: 0.1001060 Vali Loss: 0.2774617 Test Loss: 1.4798837
EarlyStopping counter: 38 out of 100
Updating learning rate to 0.0025
Epoch: 52 cost time: 1.1109936237335205
Epoch: 52, Steps: 32 | Train Loss: 0.0989654 Vali Loss: 0.3003270 Test Loss: 1.3795252
EarlyStopping counter: 39 out of 100
Updating learning rate to 0.0025
Epoch: 53 cost time: 1.1305911540985107
Epoch: 53, Steps: 32 | Train Loss: 0.0975885 Vali Loss: 0.3069437 Test Loss: 1.4734511
EarlyStopping counter: 40 out of 100
Updating learning rate to 0.0025
Epoch: 54 cost time: 1.112823724746704
Epoch: 54, Steps: 32 | Train Loss: 0.0987694 Vali Loss: 0.2932222 Test Loss: 1.4301236
EarlyStopping counter: 41 out of 100
Updating learning rate to 0.0025
Epoch: 55 cost time: 1.1252098083496094
Epoch: 55, Steps: 32 | Train Loss: 0.0973968 Vali Loss: 0.3034120 Test Loss: 1.4230807
EarlyStopping counter: 42 out of 100
Updating learning rate to 0.0025
Epoch: 56 cost time: 1.1145436763763428
Epoch: 56, Steps: 32 | Train Loss: 0.0926283 Vali Loss: 0.3079268 Test Loss: 1.4080746
EarlyStopping counter: 43 out of 100
Updating learning rate to 0.0025
Epoch: 57 cost time: 1.1254627704620361
Epoch: 57, Steps: 32 | Train Loss: 0.0939830 Vali Loss: 0.3014868 Test Loss: 1.4538106
EarlyStopping counter: 44 out of 100
Updating learning rate to 0.0025
Epoch: 58 cost time: 1.1221990585327148
Epoch: 58, Steps: 32 | Train Loss: 0.0909498 Vali Loss: 0.3065693 Test Loss: 1.4435009
EarlyStopping counter: 45 out of 100
Updating learning rate to 0.0025
Epoch: 59 cost time: 1.1214826107025146
Epoch: 59, Steps: 32 | Train Loss: 0.0911079 Vali Loss: 0.3034415 Test Loss: 1.4524964
EarlyStopping counter: 46 out of 100
Updating learning rate to 0.0025
Epoch: 60 cost time: 1.1281867027282715
Epoch: 60, Steps: 32 | Train Loss: 0.0889173 Vali Loss: 0.3062547 Test Loss: 1.4097378
EarlyStopping counter: 47 out of 100
Updating learning rate to 0.0025
Epoch: 61 cost time: 1.1234724521636963
Epoch: 61, Steps: 32 | Train Loss: 0.0884691 Vali Loss: 0.3293659 Test Loss: 1.5180657
EarlyStopping counter: 48 out of 100
Updating learning rate to 0.0025
Epoch: 62 cost time: 1.124971866607666
Epoch: 62, Steps: 32 | Train Loss: 0.0877921 Vali Loss: 0.2742498 Test Loss: 1.5512853
EarlyStopping counter: 49 out of 100
Updating learning rate to 0.0025
Epoch: 63 cost time: 1.1351492404937744
Epoch: 63, Steps: 32 | Train Loss: 0.0854308 Vali Loss: 0.3188868 Test Loss: 1.4323388
EarlyStopping counter: 50 out of 100
Updating learning rate to 0.0025
Epoch: 64 cost time: 1.1252379417419434
Epoch: 64, Steps: 32 | Train Loss: 0.0837199 Vali Loss: 0.3092963 Test Loss: 1.4739175
EarlyStopping counter: 51 out of 100
Updating learning rate to 0.0025
Epoch: 65 cost time: 1.1247448921203613
Epoch: 65, Steps: 32 | Train Loss: 0.0835116 Vali Loss: 0.3149036 Test Loss: 1.4225504
EarlyStopping counter: 52 out of 100
Updating learning rate to 0.0025
Epoch: 66 cost time: 1.1272544860839844
Epoch: 66, Steps: 32 | Train Loss: 0.0815710 Vali Loss: 0.3350306 Test Loss: 1.4727013
EarlyStopping counter: 53 out of 100
Updating learning rate to 0.0025
Epoch: 67 cost time: 1.1237084865570068
Epoch: 67, Steps: 32 | Train Loss: 0.0810514 Vali Loss: 0.3154598 Test Loss: 1.4695282
EarlyStopping counter: 54 out of 100
Updating learning rate to 0.0025
Epoch: 68 cost time: 1.1213099956512451
Epoch: 68, Steps: 32 | Train Loss: 0.0802747 Vali Loss: 0.3289181 Test Loss: 1.4715981
EarlyStopping counter: 55 out of 100
Updating learning rate to 0.0025
Epoch: 69 cost time: 1.133986234664917
Epoch: 69, Steps: 32 | Train Loss: 0.0782972 Vali Loss: 0.3367788 Test Loss: 1.4471509
EarlyStopping counter: 56 out of 100
Updating learning rate to 0.0025
Epoch: 70 cost time: 1.1266109943389893
Epoch: 70, Steps: 32 | Train Loss: 0.0768477 Vali Loss: 0.3254628 Test Loss: 1.4343714
EarlyStopping counter: 57 out of 100
Updating learning rate to 0.0025
Epoch: 71 cost time: 1.1185050010681152
Epoch: 71, Steps: 32 | Train Loss: 0.0757722 Vali Loss: 0.3214683 Test Loss: 1.4351021
EarlyStopping counter: 58 out of 100
Updating learning rate to 0.0025
Epoch: 72 cost time: 1.1155357360839844
Epoch: 72, Steps: 32 | Train Loss: 0.0762532 Vali Loss: 0.3478224 Test Loss: 1.4541850
EarlyStopping counter: 59 out of 100
Updating learning rate to 0.0025
Epoch: 73 cost time: 1.115347146987915
Epoch: 73, Steps: 32 | Train Loss: 0.0752396 Vali Loss: 0.3371329 Test Loss: 1.4409590
EarlyStopping counter: 60 out of 100
Updating learning rate to 0.0025
Epoch: 74 cost time: 1.1130704879760742
Epoch: 74, Steps: 32 | Train Loss: 0.0737732 Vali Loss: 0.3513486 Test Loss: 1.3970814
EarlyStopping counter: 61 out of 100
Updating learning rate to 0.0025
Epoch: 75 cost time: 1.1092839241027832
Epoch: 75, Steps: 32 | Train Loss: 0.0732039 Vali Loss: 0.3551801 Test Loss: 1.3755858
EarlyStopping counter: 62 out of 100
Updating learning rate to 0.0025
Epoch: 76 cost time: 1.1319518089294434
Epoch: 76, Steps: 32 | Train Loss: 0.0748356 Vali Loss: 0.3335349 Test Loss: 1.3476931
EarlyStopping counter: 63 out of 100
Updating learning rate to 0.0025
Epoch: 77 cost time: 1.1219897270202637
Epoch: 77, Steps: 32 | Train Loss: 0.0720193 Vali Loss: 0.3204868 Test Loss: 1.4334458
EarlyStopping counter: 64 out of 100
Updating learning rate to 0.0025
Epoch: 78 cost time: 1.127755880355835
Epoch: 78, Steps: 32 | Train Loss: 0.0745921 Vali Loss: 0.3157014 Test Loss: 1.4283878
EarlyStopping counter: 65 out of 100
Updating learning rate to 0.0025
Epoch: 79 cost time: 1.1220438480377197
Epoch: 79, Steps: 32 | Train Loss: 0.0709467 Vali Loss: 0.3191851 Test Loss: 1.5103544
EarlyStopping counter: 66 out of 100
Updating learning rate to 0.0025
Epoch: 80 cost time: 1.1219518184661865
Epoch: 80, Steps: 32 | Train Loss: 0.0703225 Vali Loss: 0.3236550 Test Loss: 1.3996477
EarlyStopping counter: 67 out of 100
Updating learning rate to 0.0025
Epoch: 81 cost time: 1.11287260055542
Epoch: 81, Steps: 32 | Train Loss: 0.0686373 Vali Loss: 0.2993276 Test Loss: 1.4655857
EarlyStopping counter: 68 out of 100
Updating learning rate to 0.0025
Epoch: 82 cost time: 1.1110825538635254
Epoch: 82, Steps: 32 | Train Loss: 0.0695905 Vali Loss: 0.3228033 Test Loss: 1.4798790
EarlyStopping counter: 69 out of 100
Updating learning rate to 0.0025
Epoch: 83 cost time: 1.130429744720459
Epoch: 83, Steps: 32 | Train Loss: 0.0701081 Vali Loss: 0.3635275 Test Loss: 1.3827262
EarlyStopping counter: 70 out of 100
Updating learning rate to 0.0025
Epoch: 84 cost time: 1.1235840320587158
Epoch: 84, Steps: 32 | Train Loss: 0.0685966 Vali Loss: 0.3168284 Test Loss: 1.5246851
EarlyStopping counter: 71 out of 100
Updating learning rate to 0.0025
Epoch: 85 cost time: 1.107619047164917
Epoch: 85, Steps: 32 | Train Loss: 0.0679284 Vali Loss: 0.3322335 Test Loss: 1.4685595
EarlyStopping counter: 72 out of 100
Updating learning rate to 0.0025
Epoch: 86 cost time: 1.110684871673584
Epoch: 86, Steps: 32 | Train Loss: 0.0683948 Vali Loss: 0.3169668 Test Loss: 1.4765668
EarlyStopping counter: 73 out of 100
Updating learning rate to 0.0025
Epoch: 87 cost time: 1.1128273010253906
Epoch: 87, Steps: 32 | Train Loss: 0.0663462 Vali Loss: 0.3348040 Test Loss: 1.4360065
EarlyStopping counter: 74 out of 100
Updating learning rate to 0.0025
Epoch: 88 cost time: 1.104741096496582
Epoch: 88, Steps: 32 | Train Loss: 0.0657573 Vali Loss: 0.3200317 Test Loss: 1.5120158
EarlyStopping counter: 75 out of 100
Updating learning rate to 0.0025
Epoch: 89 cost time: 1.1300082206726074
Epoch: 89, Steps: 32 | Train Loss: 0.0655295 Vali Loss: 0.3083409 Test Loss: 1.5090170
EarlyStopping counter: 76 out of 100
Updating learning rate to 0.0025
Epoch: 90 cost time: 1.1217353343963623
Epoch: 90, Steps: 32 | Train Loss: 0.0674004 Vali Loss: 0.3751359 Test Loss: 1.4368907
EarlyStopping counter: 77 out of 100
Updating learning rate to 0.0025
Epoch: 91 cost time: 1.115180253982544
Epoch: 91, Steps: 32 | Train Loss: 0.0661802 Vali Loss: 0.3377675 Test Loss: 1.4763747
EarlyStopping counter: 78 out of 100
Updating learning rate to 0.0025
Epoch: 92 cost time: 1.1154978275299072
Epoch: 92, Steps: 32 | Train Loss: 0.0645329 Vali Loss: 0.3275309 Test Loss: 1.4663945
EarlyStopping counter: 79 out of 100
Updating learning rate to 0.0025
Epoch: 93 cost time: 1.120779275894165
Epoch: 93, Steps: 32 | Train Loss: 0.0644760 Vali Loss: 0.3413764 Test Loss: 1.4933990
EarlyStopping counter: 80 out of 100
Updating learning rate to 0.0025
Epoch: 94 cost time: 1.13923978805542
Epoch: 94, Steps: 32 | Train Loss: 0.0628794 Vali Loss: 0.3186749 Test Loss: 1.4996841
EarlyStopping counter: 81 out of 100
Updating learning rate to 0.0025
Epoch: 95 cost time: 1.131481647491455
Epoch: 95, Steps: 32 | Train Loss: 0.0635441 Vali Loss: 0.3258368 Test Loss: 1.5451393
EarlyStopping counter: 82 out of 100
Updating learning rate to 0.0025
Epoch: 96 cost time: 1.0994746685028076
Epoch: 96, Steps: 32 | Train Loss: 0.0647229 Vali Loss: 0.3217900 Test Loss: 1.4770257
EarlyStopping counter: 83 out of 100
Updating learning rate to 0.0025
Epoch: 97 cost time: 1.1288414001464844
Epoch: 97, Steps: 32 | Train Loss: 0.0621111 Vali Loss: 0.3213882 Test Loss: 1.5741509
EarlyStopping counter: 84 out of 100
Updating learning rate to 0.0025
Epoch: 98 cost time: 1.1250932216644287
Epoch: 98, Steps: 32 | Train Loss: 0.0617906 Vali Loss: 0.3459901 Test Loss: 1.5238081
EarlyStopping counter: 85 out of 100
Updating learning rate to 0.0025
Epoch: 99 cost time: 1.110959529876709
Epoch: 99, Steps: 32 | Train Loss: 0.0628652 Vali Loss: 0.3384821 Test Loss: 1.5231099
EarlyStopping counter: 86 out of 100
Updating learning rate to 0.0025
Epoch: 100 cost time: 1.1202113628387451
Epoch: 100, Steps: 32 | Train Loss: 0.0609247 Vali Loss: 0.3129944 Test Loss: 1.5470855
EarlyStopping counter: 87 out of 100
Updating learning rate to 0.0025
>>>>>>>testing : NL_illness_cms_lr0.001_always_104_60_PatchTST_custom_ftM_sl104_ll48_pl60_dm16_nh4_el3_dl1_df128_fc1_ebtimeF_dtTruelr0.001_polalways_Nested_Learning_0<<<<<<<<<<<<<<<<<<<<<<<<<<<<<<<<<
test 134
 Ejecutando Inferencia DINÁMICA (Nested Learning con cms)
  -> Política: always | LR: 0.001 | Target: head

RESUMEN: El CMS se actualizó 8 veces de 8 posibles.

mse:1.8684897422790527, mae:0.9448836445808411, rse:0.6531761288642883
