==========================================================
SÚPER ARRAY TFG - TAREA ID: 99 / 113
Nodo: dionisio
Dataset: weather | Experimento: NL_weather_cms_lr0.00005_always
Cabeza: cms | LR: 0.00005 | Política: always
==========================================================
Args in experiment:
Namespace(random_seed=2021, is_training=1, model_id='NL_weather_cms_lr0.00005_always_336_96', model='PatchTST', data='custom', root_path='./dataset/', data_path='weather.csv', features='M', target='OT', freq='h', checkpoints='./checkpoints/', seq_len=336, label_len=48, pred_len=96, head_type='cms', cms_lr=5e-05, update_policy='always', fc_dropout=0.2, head_dropout=0.0, patch_len=16, stride=8, padding_patch='end', revin=1, affine=0, subtract_last=0, decomposition=0, kernel_size=25, individual=0, embed_type=0, enc_in=21, dec_in=7, c_out=7, d_model=128, n_heads=16, e_layers=3, d_layers=1, d_ff=256, moving_avg=25, factor=1, distil=True, dropout=0.2, embed='timeF', activation='gelu', output_attention=False, do_predict=False, num_workers=0, itr=1, train_epochs=100, batch_size=128, patience=20, learning_rate=0.0001, des='Nested_Learning', loss='mse', lradj='type3', pct_start=0.3, use_amp=False, use_gpu=True, gpu=0, use_multi_gpu=False, devices='0,1,2,3', test_flop=False)
Use GPU: cuda:0
>>>>>>>start training : NL_weather_cms_lr0.00005_always_336_96_PatchTST_custom_ftM_sl336_ll48_pl96_dm128_nh16_el3_dl1_df256_fc1_ebtimeF_dtTruelr5e-05_polalways_Nested_Learning_0>>>>>>>>>>>>>>>>>>>>>>>>>>
train 36456
val 5175
test 10444
	iters: 100, epoch: 1 | loss: 1.0756071
	speed: 0.2947s/iter; left time: 8339.1233s
	iters: 200, epoch: 1 | loss: 0.9250806
	speed: 0.1212s/iter; left time: 3418.4057s
Epoch: 1 cost time: 37.021798849105835
Epoch: 1, Steps: 284 | Train Loss: 0.7641449 Vali Loss: 0.5406643 Test Loss: 0.2201258
Validation loss decreased (inf --> 0.540664).  Saving model ...
Updating learning rate to 0.0001
	iters: 100, epoch: 2 | loss: 0.4305262
	speed: 0.2885s/iter; left time: 8083.2744s
	iters: 200, epoch: 2 | loss: 0.3940581
	speed: 0.1230s/iter; left time: 3433.9038s
Epoch: 2 cost time: 34.88084959983826
Epoch: 2, Steps: 284 | Train Loss: 0.4923551 Vali Loss: 0.4167400 Test Loss: 0.1682253
Validation loss decreased (0.540664 --> 0.416740).  Saving model ...
Updating learning rate to 0.0001
	iters: 100, epoch: 3 | loss: 0.6232986
	speed: 0.2938s/iter; left time: 8147.1180s
	iters: 200, epoch: 3 | loss: 0.9456813
	speed: 0.1239s/iter; left time: 3422.8426s
Epoch: 3 cost time: 35.09874892234802
Epoch: 3, Steps: 284 | Train Loss: 0.4475649 Vali Loss: 0.4004507 Test Loss: 0.1626089
Validation loss decreased (0.416740 --> 0.400451).  Saving model ...
Updating learning rate to 0.0001
	iters: 100, epoch: 4 | loss: 0.3472896
	speed: 0.2926s/iter; left time: 8031.9573s
	iters: 200, epoch: 4 | loss: 0.2941729
	speed: 0.1240s/iter; left time: 3390.9116s
Epoch: 4 cost time: 35.12941265106201
Epoch: 4, Steps: 284 | Train Loss: 0.4376341 Vali Loss: 0.3951751 Test Loss: 0.1565641
Validation loss decreased (0.400451 --> 0.395175).  Saving model ...
Updating learning rate to 9e-05
	iters: 100, epoch: 5 | loss: 0.5339595
	speed: 0.2907s/iter; left time: 7896.2658s
	iters: 200, epoch: 5 | loss: 0.5484512
	speed: 0.1241s/iter; left time: 3357.4332s
Epoch: 5 cost time: 35.15441131591797
Epoch: 5, Steps: 284 | Train Loss: 0.4312682 Vali Loss: 0.3933277 Test Loss: 0.1551004
Validation loss decreased (0.395175 --> 0.393328).  Saving model ...
Updating learning rate to 8.1e-05
	iters: 100, epoch: 6 | loss: 0.2891732
	speed: 0.2897s/iter; left time: 7788.0317s
	iters: 200, epoch: 6 | loss: 0.5575863
	speed: 0.1241s/iter; left time: 3322.7187s
Epoch: 6 cost time: 35.17287349700928
Epoch: 6, Steps: 284 | Train Loss: 0.4271701 Vali Loss: 0.3909981 Test Loss: 0.1541640
Validation loss decreased (0.393328 --> 0.390998).  Saving model ...
Updating learning rate to 7.290000000000001e-05
	iters: 100, epoch: 7 | loss: 0.3637385
	speed: 0.2904s/iter; left time: 7724.5809s
	iters: 200, epoch: 7 | loss: 0.2696415
	speed: 0.1240s/iter; left time: 3286.7662s
Epoch: 7 cost time: 35.152188539505005
Epoch: 7, Steps: 284 | Train Loss: 0.4220939 Vali Loss: 0.3906872 Test Loss: 0.1536730
Validation loss decreased (0.390998 --> 0.390687).  Saving model ...
Updating learning rate to 6.561e-05
	iters: 100, epoch: 8 | loss: 0.3254477
	speed: 0.2891s/iter; left time: 7607.5331s
	iters: 200, epoch: 8 | loss: 0.2887816
	speed: 0.1238s/iter; left time: 3245.9231s
Epoch: 8 cost time: 35.10247492790222
Epoch: 8, Steps: 284 | Train Loss: 0.4197126 Vali Loss: 0.3927860 Test Loss: 0.1542125
EarlyStopping counter: 1 out of 20
Updating learning rate to 5.904900000000001e-05
	iters: 100, epoch: 9 | loss: 0.7972197
	speed: 0.2878s/iter; left time: 7489.8969s
	iters: 200, epoch: 9 | loss: 0.9855005
	speed: 0.1236s/iter; left time: 3205.1871s
Epoch: 9 cost time: 35.060553789138794
Epoch: 9, Steps: 284 | Train Loss: 0.4169356 Vali Loss: 0.3928913 Test Loss: 0.1525263
EarlyStopping counter: 2 out of 20
Updating learning rate to 5.3144100000000005e-05
	iters: 100, epoch: 10 | loss: 0.5660009
	speed: 0.2874s/iter; left time: 7399.6720s
	iters: 200, epoch: 10 | loss: 0.4299694
	speed: 0.1235s/iter; left time: 3166.3254s
Epoch: 10 cost time: 35.016085386276245
Epoch: 10, Steps: 284 | Train Loss: 0.4140694 Vali Loss: 0.3906708 Test Loss: 0.1514568
Validation loss decreased (0.390687 --> 0.390671).  Saving model ...
Updating learning rate to 4.782969000000001e-05
	iters: 100, epoch: 11 | loss: 0.3024661
	speed: 0.2882s/iter; left time: 7338.2457s
	iters: 200, epoch: 11 | loss: 0.3427253
	speed: 0.1233s/iter; left time: 3127.6066s
Epoch: 11 cost time: 34.97435903549194
Epoch: 11, Steps: 284 | Train Loss: 0.4119764 Vali Loss: 0.3911602 Test Loss: 0.1519844
EarlyStopping counter: 1 out of 20
Updating learning rate to 4.304672100000001e-05
	iters: 100, epoch: 12 | loss: 0.4482265
	speed: 0.2868s/iter; left time: 7221.0859s
	iters: 200, epoch: 12 | loss: 0.7427265
	speed: 0.1234s/iter; left time: 3095.0358s
Epoch: 12 cost time: 34.99298858642578
Epoch: 12, Steps: 284 | Train Loss: 0.4101333 Vali Loss: 0.3894705 Test Loss: 0.1507148
Validation loss decreased (0.390671 --> 0.389471).  Saving model ...
Updating learning rate to 3.874204890000001e-05
	iters: 100, epoch: 13 | loss: 0.2985912
	speed: 0.2894s/iter; left time: 7203.9174s
	iters: 200, epoch: 13 | loss: 0.5768145
	speed: 0.1234s/iter; left time: 3060.5414s
Epoch: 13 cost time: 35.007468461990356
Epoch: 13, Steps: 284 | Train Loss: 0.4081965 Vali Loss: 0.3927425 Test Loss: 0.1521623
EarlyStopping counter: 1 out of 20
Updating learning rate to 3.486784401000001e-05
	iters: 100, epoch: 14 | loss: 0.2729103
	speed: 0.2872s/iter; left time: 7068.2803s
	iters: 200, epoch: 14 | loss: 0.4215297
	speed: 0.1233s/iter; left time: 3020.7734s
Epoch: 14 cost time: 34.9650399684906
Epoch: 14, Steps: 284 | Train Loss: 0.4068933 Vali Loss: 0.3919720 Test Loss: 0.1508455
EarlyStopping counter: 2 out of 20
Updating learning rate to 3.138105960900001e-05
	iters: 100, epoch: 15 | loss: 0.3078943
	speed: 0.2868s/iter; left time: 6977.5656s
	iters: 200, epoch: 15 | loss: 0.2881009
	speed: 0.1232s/iter; left time: 2984.2736s
Epoch: 15 cost time: 34.9390811920166
Epoch: 15, Steps: 284 | Train Loss: 0.4052568 Vali Loss: 0.3911283 Test Loss: 0.1509047
EarlyStopping counter: 3 out of 20
Updating learning rate to 2.824295364810001e-05
	iters: 100, epoch: 16 | loss: 0.3654614
	speed: 0.2867s/iter; left time: 6892.5743s
	iters: 200, epoch: 16 | loss: 0.2937406
	speed: 0.1232s/iter; left time: 2950.2316s
Epoch: 16 cost time: 34.9523663520813
Epoch: 16, Steps: 284 | Train Loss: 0.4040979 Vali Loss: 0.3935032 Test Loss: 0.1512120
EarlyStopping counter: 4 out of 20
Updating learning rate to 2.541865828329001e-05
	iters: 100, epoch: 17 | loss: 0.5622711
	speed: 0.2868s/iter; left time: 6812.9372s
	iters: 200, epoch: 17 | loss: 0.3594532
	speed: 0.1231s/iter; left time: 2911.8158s
Epoch: 17 cost time: 34.92132544517517
Epoch: 17, Steps: 284 | Train Loss: 0.4024078 Vali Loss: 0.3889255 Test Loss: 0.1508305
Validation loss decreased (0.389471 --> 0.388925).  Saving model ...
Updating learning rate to 2.287679245496101e-05
	iters: 100, epoch: 18 | loss: 0.7760783
	speed: 0.2881s/iter; left time: 6762.3595s
	iters: 200, epoch: 18 | loss: 0.5167604
	speed: 0.1231s/iter; left time: 2877.5828s
Epoch: 18 cost time: 34.91756629943848
Epoch: 18, Steps: 284 | Train Loss: 0.4021573 Vali Loss: 0.3953694 Test Loss: 0.1511665
EarlyStopping counter: 1 out of 20
Updating learning rate to 2.0589113209464907e-05
	iters: 100, epoch: 19 | loss: 0.3100633
	speed: 0.2867s/iter; left time: 6647.4557s
	iters: 200, epoch: 19 | loss: 0.3117963
	speed: 0.1231s/iter; left time: 2842.9306s
Epoch: 19 cost time: 34.92345881462097
Epoch: 19, Steps: 284 | Train Loss: 0.4013505 Vali Loss: 0.3915628 Test Loss: 0.1503566
EarlyStopping counter: 2 out of 20
Updating learning rate to 1.8530201888518416e-05
	iters: 100, epoch: 20 | loss: 0.3092506
	speed: 0.2866s/iter; left time: 6565.0134s
	iters: 200, epoch: 20 | loss: 0.3201496
	speed: 0.1231s/iter; left time: 2807.8979s
Epoch: 20 cost time: 34.931339740753174
Epoch: 20, Steps: 284 | Train Loss: 0.4001093 Vali Loss: 0.3923898 Test Loss: 0.1508179
EarlyStopping counter: 3 out of 20
Updating learning rate to 1.6677181699666577e-05
	iters: 100, epoch: 21 | loss: 0.5030808
	speed: 0.2868s/iter; left time: 6486.6647s
	iters: 200, epoch: 21 | loss: 0.5430626
	speed: 0.1231s/iter; left time: 2772.0789s
Epoch: 21 cost time: 34.91782879829407
Epoch: 21, Steps: 284 | Train Loss: 0.3995118 Vali Loss: 0.3897692 Test Loss: 0.1513678
EarlyStopping counter: 4 out of 20
Updating learning rate to 1.5009463529699919e-05
	iters: 100, epoch: 22 | loss: 0.2962600
	speed: 0.2866s/iter; left time: 6401.5069s
	iters: 200, epoch: 22 | loss: 0.2769341
	speed: 0.1230s/iter; left time: 2736.1869s
Epoch: 22 cost time: 34.90836024284363
Epoch: 22, Steps: 284 | Train Loss: 0.3986563 Vali Loss: 0.3922189 Test Loss: 0.1503592
EarlyStopping counter: 5 out of 20
Updating learning rate to 1.3508517176729929e-05
	iters: 100, epoch: 23 | loss: 0.3399889
	speed: 0.2864s/iter; left time: 6314.9922s
	iters: 200, epoch: 23 | loss: 0.2841536
	speed: 0.1231s/iter; left time: 2701.8193s
Epoch: 23 cost time: 34.91067719459534
Epoch: 23, Steps: 284 | Train Loss: 0.3973746 Vali Loss: 0.3932194 Test Loss: 0.1509525
EarlyStopping counter: 6 out of 20
Updating learning rate to 1.2157665459056936e-05
	iters: 100, epoch: 24 | loss: 0.2629359
	speed: 0.2865s/iter; left time: 6236.0677s
	iters: 200, epoch: 24 | loss: 0.5742161
	speed: 0.1231s/iter; left time: 2667.5793s
Epoch: 24 cost time: 34.913029193878174
Epoch: 24, Steps: 284 | Train Loss: 0.3961891 Vali Loss: 0.3928051 Test Loss: 0.1506932
EarlyStopping counter: 7 out of 20
Updating learning rate to 1.0941898913151242e-05
	iters: 100, epoch: 25 | loss: 0.3133431
	speed: 0.2866s/iter; left time: 6157.0636s
	iters: 200, epoch: 25 | loss: 0.2929834
	speed: 0.1231s/iter; left time: 2631.8862s
Epoch: 25 cost time: 34.91434144973755
Epoch: 25, Steps: 284 | Train Loss: 0.3970392 Vali Loss: 0.3937760 Test Loss: 0.1500914
EarlyStopping counter: 8 out of 20
Updating learning rate to 9.847709021836118e-06
	iters: 100, epoch: 26 | loss: 0.7070009
	speed: 0.2866s/iter; left time: 6075.6264s
	iters: 200, epoch: 26 | loss: 0.3074130
	speed: 0.1230s/iter; left time: 2596.0951s
Epoch: 26 cost time: 34.89895701408386
Epoch: 26, Steps: 284 | Train Loss: 0.3959860 Vali Loss: 0.3929475 Test Loss: 0.1507188
EarlyStopping counter: 9 out of 20
Updating learning rate to 8.862938119652508e-06
	iters: 100, epoch: 27 | loss: 0.3250089
	speed: 0.2866s/iter; left time: 5994.7229s
	iters: 200, epoch: 27 | loss: 0.2667636
	speed: 0.1232s/iter; left time: 2563.6267s
Epoch: 27 cost time: 34.925758600234985
Epoch: 27, Steps: 284 | Train Loss: 0.3961084 Vali Loss: 0.3922594 Test Loss: 0.1507789
EarlyStopping counter: 10 out of 20
Updating learning rate to 7.976644307687255e-06
	iters: 100, epoch: 28 | loss: 0.2780215
	speed: 0.2866s/iter; left time: 5913.5112s
	iters: 200, epoch: 28 | loss: 0.2933274
	speed: 0.1231s/iter; left time: 2528.0686s
Epoch: 28 cost time: 34.92709159851074
Epoch: 28, Steps: 284 | Train Loss: 0.3960597 Vali Loss: 0.3907438 Test Loss: 0.1505115
EarlyStopping counter: 11 out of 20
Updating learning rate to 7.178979876918531e-06
	iters: 100, epoch: 29 | loss: 0.8367532
	speed: 0.2863s/iter; left time: 5826.7998s
	iters: 200, epoch: 29 | loss: 0.6536505
	speed: 0.1231s/iter; left time: 2493.1003s
Epoch: 29 cost time: 34.917890548706055
Epoch: 29, Steps: 284 | Train Loss: 0.3955214 Vali Loss: 0.3929739 Test Loss: 0.1510810
EarlyStopping counter: 12 out of 20
Updating learning rate to 6.4610818892266776e-06
	iters: 100, epoch: 30 | loss: 0.8017138
	speed: 0.2868s/iter; left time: 5753.6667s
	iters: 200, epoch: 30 | loss: 0.6795834
	speed: 0.1231s/iter; left time: 2457.8321s
Epoch: 30 cost time: 34.92390179634094
Epoch: 30, Steps: 284 | Train Loss: 0.3953602 Vali Loss: 0.3940797 Test Loss: 0.1507587
EarlyStopping counter: 13 out of 20
Updating learning rate to 5.8149737003040096e-06
	iters: 100, epoch: 31 | loss: 0.3282558
	speed: 0.2866s/iter; left time: 5670.0482s
	iters: 200, epoch: 31 | loss: 0.2985395
	speed: 0.1231s/iter; left time: 2423.3224s
Epoch: 31 cost time: 34.928889989852905
Epoch: 31, Steps: 284 | Train Loss: 0.3939394 Vali Loss: 0.3931529 Test Loss: 0.1505087
EarlyStopping counter: 14 out of 20
Updating learning rate to 5.23347633027361e-06
	iters: 100, epoch: 32 | loss: 0.3167169
	speed: 0.2865s/iter; left time: 5585.8988s
	iters: 200, epoch: 32 | loss: 0.2990379
	speed: 0.1231s/iter; left time: 2387.7502s
Epoch: 32 cost time: 34.9248263835907
Epoch: 32, Steps: 284 | Train Loss: 0.3947633 Vali Loss: 0.3930119 Test Loss: 0.1505962
EarlyStopping counter: 15 out of 20
Updating learning rate to 4.710128697246249e-06
	iters: 100, epoch: 33 | loss: 0.5188829
	speed: 0.2866s/iter; left time: 5505.6320s
	iters: 200, epoch: 33 | loss: 0.5518079
	speed: 0.1231s/iter; left time: 2352.6548s
Epoch: 33 cost time: 34.9183988571167
Epoch: 33, Steps: 284 | Train Loss: 0.3944871 Vali Loss: 0.3931556 Test Loss: 0.1505325
EarlyStopping counter: 16 out of 20
Updating learning rate to 4.239115827521624e-06
	iters: 100, epoch: 34 | loss: 0.2987677
	speed: 0.2864s/iter; left time: 5421.3599s
	iters: 200, epoch: 34 | loss: 0.4521185
	speed: 0.1231s/iter; left time: 2317.7678s
Epoch: 34 cost time: 34.910902976989746
Epoch: 34, Steps: 284 | Train Loss: 0.3941550 Vali Loss: 0.3892488 Test Loss: 0.1506566
EarlyStopping counter: 17 out of 20
Updating learning rate to 3.815204244769462e-06
	iters: 100, epoch: 35 | loss: 0.4585034
	speed: 0.2863s/iter; left time: 5338.2625s
	iters: 200, epoch: 35 | loss: 0.2792494
	speed: 0.1231s/iter; left time: 2282.7658s
Epoch: 35 cost time: 34.91517496109009
Epoch: 35, Steps: 284 | Train Loss: 0.3939882 Vali Loss: 0.3938170 Test Loss: 0.1506143
EarlyStopping counter: 18 out of 20
Updating learning rate to 3.4336838202925152e-06
	iters: 100, epoch: 36 | loss: 0.3347815
	speed: 0.2865s/iter; left time: 5260.4829s
	iters: 200, epoch: 36 | loss: 0.5885738
	speed: 0.1231s/iter; left time: 2248.1147s
Epoch: 36 cost time: 34.92086720466614
Epoch: 36, Steps: 284 | Train Loss: 0.3930522 Vali Loss: 0.3919058 Test Loss: 0.1506461
EarlyStopping counter: 19 out of 20
Updating learning rate to 3.090315438263264e-06
	iters: 100, epoch: 37 | loss: 0.3567522
	speed: 0.2868s/iter; left time: 5183.7154s
	iters: 200, epoch: 37 | loss: 0.3545524
	speed: 0.1231s/iter; left time: 2213.6648s
Epoch: 37 cost time: 34.92273211479187
Epoch: 37, Steps: 284 | Train Loss: 0.3927212 Vali Loss: 0.3938402 Test Loss: 0.1506233
EarlyStopping counter: 20 out of 20
Early stopping
>>>>>>>testing : NL_weather_cms_lr0.00005_always_336_96_PatchTST_custom_ftM_sl336_ll48_pl96_dm128_nh16_el3_dl1_df256_fc1_ebtimeF_dtTruelr5e-05_polalways_Nested_Learning_0<<<<<<<<<<<<<<<<<<<<<<<<<<<<<<<<<
test 10444
 Ejecutando Inferencia DINÁMICA (Nested Learning con cms)
  -> Política: always | LR: 5e-05 | Target: head

RESUMEN: El CMS se actualizó 81 veces de 81 posibles.

mse:0.1527801901102066, mae:0.20144271850585938, rse:0.5149244666099548
Args in experiment:
Namespace(random_seed=2021, is_training=1, model_id='NL_weather_cms_lr0.00005_always_336_192', model='PatchTST', data='custom', root_path='./dataset/', data_path='weather.csv', features='M', target='OT', freq='h', checkpoints='./checkpoints/', seq_len=336, label_len=48, pred_len=192, head_type='cms', cms_lr=5e-05, update_policy='always', fc_dropout=0.2, head_dropout=0.0, patch_len=16, stride=8, padding_patch='end', revin=1, affine=0, subtract_last=0, decomposition=0, kernel_size=25, individual=0, embed_type=0, enc_in=21, dec_in=7, c_out=7, d_model=128, n_heads=16, e_layers=3, d_layers=1, d_ff=256, moving_avg=25, factor=1, distil=True, dropout=0.2, embed='timeF', activation='gelu', output_attention=False, do_predict=False, num_workers=0, itr=1, train_epochs=100, batch_size=128, patience=20, learning_rate=0.0001, des='Nested_Learning', loss='mse', lradj='type3', pct_start=0.3, use_amp=False, use_gpu=True, gpu=0, use_multi_gpu=False, devices='0,1,2,3', test_flop=False)
Use GPU: cuda:0
>>>>>>>start training : NL_weather_cms_lr0.00005_always_336_192_PatchTST_custom_ftM_sl336_ll48_pl192_dm128_nh16_el3_dl1_df256_fc1_ebtimeF_dtTruelr5e-05_polalways_Nested_Learning_0>>>>>>>>>>>>>>>>>>>>>>>>>>
train 36360
val 5079
test 10348
	iters: 100, epoch: 1 | loss: 0.7605795
	speed: 0.1670s/iter; left time: 4726.7802s
	iters: 200, epoch: 1 | loss: 0.7626203
	speed: 0.1232s/iter; left time: 3474.8021s
Epoch: 1 cost time: 35.1685733795166
Epoch: 1, Steps: 284 | Train Loss: 0.7978390 Vali Loss: 0.6010661 Test Loss: 0.2586734
Validation loss decreased (inf --> 0.601066).  Saving model ...
Updating learning rate to 0.0001
	iters: 100, epoch: 2 | loss: 0.6285502
	speed: 0.2907s/iter; left time: 8145.2972s
	iters: 200, epoch: 2 | loss: 0.5511873
	speed: 0.1243s/iter; left time: 3469.8751s
Epoch: 2 cost time: 35.24427604675293
Epoch: 2, Steps: 284 | Train Loss: 0.5431806 Vali Loss: 0.4902048 Test Loss: 0.2119901
Validation loss decreased (0.601066 --> 0.490205).  Saving model ...
Updating learning rate to 0.0001
	iters: 100, epoch: 3 | loss: 0.5437799
	speed: 0.2915s/iter; left time: 8083.7202s
	iters: 200, epoch: 3 | loss: 0.5639623
	speed: 0.1246s/iter; left time: 3442.2313s
Epoch: 3 cost time: 35.33848023414612
Epoch: 3, Steps: 284 | Train Loss: 0.5035292 Vali Loss: 0.4760732 Test Loss: 0.2074783
Validation loss decreased (0.490205 --> 0.476073).  Saving model ...
Updating learning rate to 0.0001
	iters: 100, epoch: 4 | loss: 0.3981386
	speed: 0.2916s/iter; left time: 8005.3300s
	iters: 200, epoch: 4 | loss: 0.4436519
	speed: 0.1246s/iter; left time: 3408.7269s
Epoch: 4 cost time: 35.3502995967865
Epoch: 4, Steps: 284 | Train Loss: 0.4950469 Vali Loss: 0.4655598 Test Loss: 0.2032475
Validation loss decreased (0.476073 --> 0.465560).  Saving model ...
Updating learning rate to 9e-05
	iters: 100, epoch: 5 | loss: 0.3881810
	speed: 0.2920s/iter; left time: 7931.2546s
	iters: 200, epoch: 5 | loss: 0.4901460
	speed: 0.1247s/iter; left time: 3375.3702s
Epoch: 5 cost time: 35.365025997161865
Epoch: 5, Steps: 284 | Train Loss: 0.4883820 Vali Loss: 0.4615292 Test Loss: 0.2010587
Validation loss decreased (0.465560 --> 0.461529).  Saving model ...
Updating learning rate to 8.1e-05
	iters: 100, epoch: 6 | loss: 0.5545547
	speed: 0.2927s/iter; left time: 7867.8108s
	iters: 200, epoch: 6 | loss: 0.4619397
	speed: 0.1247s/iter; left time: 3340.3618s
Epoch: 6 cost time: 35.36701583862305
Epoch: 6, Steps: 284 | Train Loss: 0.4845570 Vali Loss: 0.4638873 Test Loss: 0.2003767
EarlyStopping counter: 1 out of 20
Updating learning rate to 7.290000000000001e-05
	iters: 100, epoch: 7 | loss: 0.4741324
	speed: 0.2905s/iter; left time: 7727.4712s
	iters: 200, epoch: 7 | loss: 0.5668082
	speed: 0.1245s/iter; left time: 3300.1967s
Epoch: 7 cost time: 35.33379578590393
Epoch: 7, Steps: 284 | Train Loss: 0.4810986 Vali Loss: 0.4616655 Test Loss: 0.1981412
EarlyStopping counter: 2 out of 20
Updating learning rate to 6.561e-05
	iters: 100, epoch: 8 | loss: 0.3942074
	speed: 0.2905s/iter; left time: 7645.1355s
	iters: 200, epoch: 8 | loss: 0.3953713
	speed: 0.1245s/iter; left time: 3264.4052s
Epoch: 8 cost time: 35.32499980926514
Epoch: 8, Steps: 284 | Train Loss: 0.4785283 Vali Loss: 0.4619915 Test Loss: 0.1981022
EarlyStopping counter: 3 out of 20
Updating learning rate to 5.904900000000001e-05
	iters: 100, epoch: 9 | loss: 0.4389027
	speed: 0.2910s/iter; left time: 7575.5129s
	iters: 200, epoch: 9 | loss: 0.5421060
	speed: 0.1246s/iter; left time: 3229.6429s
Epoch: 9 cost time: 35.320090770721436
Epoch: 9, Steps: 284 | Train Loss: 0.4758456 Vali Loss: 0.4593288 Test Loss: 0.1974621
Validation loss decreased (0.461529 --> 0.459329).  Saving model ...
Updating learning rate to 5.3144100000000005e-05
	iters: 100, epoch: 10 | loss: 0.3674418
	speed: 0.2914s/iter; left time: 7501.2363s
	iters: 200, epoch: 10 | loss: 0.4710453
	speed: 0.1246s/iter; left time: 3196.6202s
Epoch: 10 cost time: 35.321516275405884
Epoch: 10, Steps: 284 | Train Loss: 0.4736623 Vali Loss: 0.4613708 Test Loss: 0.1964730
EarlyStopping counter: 1 out of 20
Updating learning rate to 4.782969000000001e-05
	iters: 100, epoch: 11 | loss: 0.4469442
	speed: 0.2902s/iter; left time: 7388.3157s
	iters: 200, epoch: 11 | loss: 0.6141330
	speed: 0.1244s/iter; left time: 3156.0833s
Epoch: 11 cost time: 35.2819926738739
Epoch: 11, Steps: 284 | Train Loss: 0.4713288 Vali Loss: 0.4569753 Test Loss: 0.1969281
Validation loss decreased (0.459329 --> 0.456975).  Saving model ...
Updating learning rate to 4.304672100000001e-05
	iters: 100, epoch: 12 | loss: 0.6067379
	speed: 0.2921s/iter; left time: 7353.3056s
	iters: 200, epoch: 12 | loss: 0.4443844
	speed: 0.1243s/iter; left time: 3117.3525s
Epoch: 12 cost time: 35.247068881988525
Epoch: 12, Steps: 284 | Train Loss: 0.4701536 Vali Loss: 0.4559367 Test Loss: 0.1968473
Validation loss decreased (0.456975 --> 0.455937).  Saving model ...
Updating learning rate to 3.874204890000001e-05
	iters: 100, epoch: 13 | loss: 0.3901685
	speed: 0.2923s/iter; left time: 7277.4228s
	iters: 200, epoch: 13 | loss: 0.3456700
	speed: 0.1244s/iter; left time: 3083.0179s
Epoch: 13 cost time: 35.254236459732056
Epoch: 13, Steps: 284 | Train Loss: 0.4681017 Vali Loss: 0.4579555 Test Loss: 0.1957574
EarlyStopping counter: 1 out of 20
Updating learning rate to 3.486784401000001e-05
	iters: 100, epoch: 14 | loss: 0.5956039
	speed: 0.2899s/iter; left time: 7134.7600s
	iters: 200, epoch: 14 | loss: 0.4928445
	speed: 0.1244s/iter; left time: 3047.7301s
Epoch: 14 cost time: 35.25709819793701
Epoch: 14, Steps: 284 | Train Loss: 0.4665532 Vali Loss: 0.4549030 Test Loss: 0.1960760
Validation loss decreased (0.455937 --> 0.454903).  Saving model ...
Updating learning rate to 3.138105960900001e-05
	iters: 100, epoch: 15 | loss: 0.4098918
	speed: 0.2965s/iter; left time: 7213.0397s
	iters: 200, epoch: 15 | loss: 0.4855522
	speed: 0.1242s/iter; left time: 3009.2034s
Epoch: 15 cost time: 35.22093749046326
Epoch: 15, Steps: 284 | Train Loss: 0.4647812 Vali Loss: 0.4563523 Test Loss: 0.1953555
EarlyStopping counter: 1 out of 20
Updating learning rate to 2.824295364810001e-05
	iters: 100, epoch: 16 | loss: 0.3997674
	speed: 0.2896s/iter; left time: 6961.1446s
	iters: 200, epoch: 16 | loss: 0.4219499
	speed: 0.1243s/iter; left time: 2974.8621s
Epoch: 16 cost time: 35.23600220680237
Epoch: 16, Steps: 284 | Train Loss: 0.4637152 Vali Loss: 0.4574850 Test Loss: 0.1964346
EarlyStopping counter: 2 out of 20
Updating learning rate to 2.541865828329001e-05
	iters: 100, epoch: 17 | loss: 0.4132002
	speed: 0.2898s/iter; left time: 6883.9524s
	iters: 200, epoch: 17 | loss: 0.6591505
	speed: 0.1243s/iter; left time: 2940.6027s
Epoch: 17 cost time: 35.2540647983551
Epoch: 17, Steps: 284 | Train Loss: 0.4625300 Vali Loss: 0.4573452 Test Loss: 0.1957150
EarlyStopping counter: 3 out of 20
Updating learning rate to 2.287679245496101e-05
	iters: 100, epoch: 18 | loss: 0.5163224
	speed: 0.2895s/iter; left time: 6796.0690s
	iters: 200, epoch: 18 | loss: 0.6131611
	speed: 0.1243s/iter; left time: 2905.1792s
Epoch: 18 cost time: 35.24683332443237
Epoch: 18, Steps: 284 | Train Loss: 0.4615362 Vali Loss: 0.4599379 Test Loss: 0.1958452
EarlyStopping counter: 4 out of 20
Updating learning rate to 2.0589113209464907e-05
	iters: 100, epoch: 19 | loss: 0.4951732
	speed: 0.2897s/iter; left time: 6717.8175s
	iters: 200, epoch: 19 | loss: 0.5043663
	speed: 0.1242s/iter; left time: 2868.2004s
Epoch: 19 cost time: 35.24305081367493
Epoch: 19, Steps: 284 | Train Loss: 0.4603704 Vali Loss: 0.4592800 Test Loss: 0.1953301
EarlyStopping counter: 5 out of 20
Updating learning rate to 1.8530201888518416e-05
	iters: 100, epoch: 20 | loss: 0.3873273
	speed: 0.2897s/iter; left time: 6635.6930s
	iters: 200, epoch: 20 | loss: 0.3875256
	speed: 0.1242s/iter; left time: 2833.1242s
Epoch: 20 cost time: 35.24148154258728
Epoch: 20, Steps: 284 | Train Loss: 0.4597438 Vali Loss: 0.4578464 Test Loss: 0.1958925
EarlyStopping counter: 6 out of 20
Updating learning rate to 1.6677181699666577e-05
	iters: 100, epoch: 21 | loss: 0.4219065
	speed: 0.2895s/iter; left time: 6548.5948s
	iters: 200, epoch: 21 | loss: 0.3468179
	speed: 0.1242s/iter; left time: 2797.5481s
Epoch: 21 cost time: 35.23727083206177
Epoch: 21, Steps: 284 | Train Loss: 0.4585370 Vali Loss: 0.4570488 Test Loss: 0.1961115
EarlyStopping counter: 7 out of 20
Updating learning rate to 1.5009463529699919e-05
	iters: 100, epoch: 22 | loss: 0.8507205
	speed: 0.2897s/iter; left time: 6470.4990s
	iters: 200, epoch: 22 | loss: 0.5852240
	speed: 0.1243s/iter; left time: 2763.1516s
Epoch: 22 cost time: 35.24465799331665
Epoch: 22, Steps: 284 | Train Loss: 0.4578349 Vali Loss: 0.4595162 Test Loss: 0.1959672
EarlyStopping counter: 8 out of 20
Updating learning rate to 1.3508517176729929e-05
	iters: 100, epoch: 23 | loss: 0.5468497
	speed: 0.2896s/iter; left time: 6386.5003s
	iters: 200, epoch: 23 | loss: 0.3987628
	speed: 0.1242s/iter; left time: 2727.3757s
Epoch: 23 cost time: 35.235708236694336
Epoch: 23, Steps: 284 | Train Loss: 0.4570486 Vali Loss: 0.4607908 Test Loss: 0.1962736
EarlyStopping counter: 9 out of 20
Updating learning rate to 1.2157665459056936e-05
	iters: 100, epoch: 24 | loss: 0.3868753
	speed: 0.2896s/iter; left time: 6304.5240s
	iters: 200, epoch: 24 | loss: 0.6522509
	speed: 0.1242s/iter; left time: 2691.2952s
Epoch: 24 cost time: 35.23326873779297
Epoch: 24, Steps: 284 | Train Loss: 0.4565529 Vali Loss: 0.4609635 Test Loss: 0.1961912
EarlyStopping counter: 10 out of 20
Updating learning rate to 1.0941898913151242e-05
	iters: 100, epoch: 25 | loss: 0.3584695
	speed: 0.2895s/iter; left time: 6220.8998s
	iters: 200, epoch: 25 | loss: 0.3827380
	speed: 0.1242s/iter; left time: 2656.1203s
Epoch: 25 cost time: 35.233652114868164
Epoch: 25, Steps: 284 | Train Loss: 0.4558982 Vali Loss: 0.4588911 Test Loss: 0.1959809
EarlyStopping counter: 11 out of 20
Updating learning rate to 9.847709021836118e-06
	iters: 100, epoch: 26 | loss: 0.3525389
	speed: 0.2895s/iter; left time: 6137.7651s
	iters: 200, epoch: 26 | loss: 0.4963922
	speed: 0.1242s/iter; left time: 2620.7591s
Epoch: 26 cost time: 35.23596668243408
Epoch: 26, Steps: 284 | Train Loss: 0.4552486 Vali Loss: 0.4570898 Test Loss: 0.1965016
EarlyStopping counter: 12 out of 20
Updating learning rate to 8.862938119652508e-06
	iters: 100, epoch: 27 | loss: 0.3339310
	speed: 0.2898s/iter; left time: 6061.1505s
	iters: 200, epoch: 27 | loss: 0.3966660
	speed: 0.1242s/iter; left time: 2586.3742s
Epoch: 27 cost time: 35.24780774116516
Epoch: 27, Steps: 284 | Train Loss: 0.4547800 Vali Loss: 0.4602050 Test Loss: 0.1962638
EarlyStopping counter: 13 out of 20
Updating learning rate to 7.976644307687255e-06
	iters: 100, epoch: 28 | loss: 0.4893143
	speed: 0.2894s/iter; left time: 5971.2722s
	iters: 200, epoch: 28 | loss: 0.7088116
	speed: 0.1242s/iter; left time: 2550.2133s
Epoch: 28 cost time: 35.235058069229126
Epoch: 28, Steps: 284 | Train Loss: 0.4544581 Vali Loss: 0.4581870 Test Loss: 0.1966662
EarlyStopping counter: 14 out of 20
Updating learning rate to 7.178979876918531e-06
	iters: 100, epoch: 29 | loss: 0.3869068
	speed: 0.2897s/iter; left time: 5895.4237s
	iters: 200, epoch: 29 | loss: 0.4597990
	speed: 0.1242s/iter; left time: 2514.9209s
Epoch: 29 cost time: 35.23603963851929
Epoch: 29, Steps: 284 | Train Loss: 0.4541504 Vali Loss: 0.4576567 Test Loss: 0.1964583
EarlyStopping counter: 15 out of 20
Updating learning rate to 6.4610818892266776e-06
	iters: 100, epoch: 30 | loss: 0.3717227
	speed: 0.2899s/iter; left time: 5815.9306s
	iters: 200, epoch: 30 | loss: 0.3750758
	speed: 0.1242s/iter; left time: 2479.8476s
Epoch: 30 cost time: 35.23540139198303
Epoch: 30, Steps: 284 | Train Loss: 0.4535970 Vali Loss: 0.4566899 Test Loss: 0.1965351
EarlyStopping counter: 16 out of 20
Updating learning rate to 5.8149737003040096e-06
	iters: 100, epoch: 31 | loss: 0.3851937
	speed: 0.2895s/iter; left time: 5726.9358s
	iters: 200, epoch: 31 | loss: 0.3775005
	speed: 0.1242s/iter; left time: 2444.7721s
Epoch: 31 cost time: 35.25035095214844
Epoch: 31, Steps: 284 | Train Loss: 0.4532923 Vali Loss: 0.4564324 Test Loss: 0.1965140
EarlyStopping counter: 17 out of 20
Updating learning rate to 5.23347633027361e-06
	iters: 100, epoch: 32 | loss: 0.5153137
	speed: 0.2898s/iter; left time: 5649.8592s
	iters: 200, epoch: 32 | loss: 0.3818898
	speed: 0.1242s/iter; left time: 2409.3927s
Epoch: 32 cost time: 35.2547767162323
Epoch: 32, Steps: 284 | Train Loss: 0.4530292 Vali Loss: 0.4582623 Test Loss: 0.1964690
EarlyStopping counter: 18 out of 20
Updating learning rate to 4.710128697246249e-06
	iters: 100, epoch: 33 | loss: 0.4327157
	speed: 0.2898s/iter; left time: 5567.4322s
	iters: 200, epoch: 33 | loss: 0.5197076
	speed: 0.1242s/iter; left time: 2374.0739s
Epoch: 33 cost time: 35.249653816223145
Epoch: 33, Steps: 284 | Train Loss: 0.4526990 Vali Loss: 0.4580755 Test Loss: 0.1968659
EarlyStopping counter: 19 out of 20
Updating learning rate to 4.239115827521624e-06
	iters: 100, epoch: 34 | loss: 0.7341996
	speed: 0.2898s/iter; left time: 5486.3778s
	iters: 200, epoch: 34 | loss: 0.4600856
	speed: 0.1242s/iter; left time: 2339.2493s
Epoch: 34 cost time: 35.24627876281738
Epoch: 34, Steps: 284 | Train Loss: 0.4526169 Vali Loss: 0.4579212 Test Loss: 0.1965134
EarlyStopping counter: 20 out of 20
Early stopping
>>>>>>>testing : NL_weather_cms_lr0.00005_always_336_192_PatchTST_custom_ftM_sl336_ll48_pl192_dm128_nh16_el3_dl1_df256_fc1_ebtimeF_dtTruelr5e-05_polalways_Nested_Learning_0<<<<<<<<<<<<<<<<<<<<<<<<<<<<<<<<<
test 10348
 Ejecutando Inferencia DINÁMICA (Nested Learning con cms)
  -> Política: always | LR: 5e-05 | Target: head

RESUMEN: El CMS se actualizó 80 veces de 80 posibles.

mse:0.19872993230819702, mae:0.24461042881011963, rse:0.5864719748497009
Args in experiment:
Namespace(random_seed=2021, is_training=1, model_id='NL_weather_cms_lr0.00005_always_336_336', model='PatchTST', data='custom', root_path='./dataset/', data_path='weather.csv', features='M', target='OT', freq='h', checkpoints='./checkpoints/', seq_len=336, label_len=48, pred_len=336, head_type='cms', cms_lr=5e-05, update_policy='always', fc_dropout=0.2, head_dropout=0.0, patch_len=16, stride=8, padding_patch='end', revin=1, affine=0, subtract_last=0, decomposition=0, kernel_size=25, individual=0, embed_type=0, enc_in=21, dec_in=7, c_out=7, d_model=128, n_heads=16, e_layers=3, d_layers=1, d_ff=256, moving_avg=25, factor=1, distil=True, dropout=0.2, embed='timeF', activation='gelu', output_attention=False, do_predict=False, num_workers=0, itr=1, train_epochs=100, batch_size=128, patience=20, learning_rate=0.0001, des='Nested_Learning', loss='mse', lradj='type3', pct_start=0.3, use_amp=False, use_gpu=True, gpu=0, use_multi_gpu=False, devices='0,1,2,3', test_flop=False)
Use GPU: cuda:0
>>>>>>>start training : NL_weather_cms_lr0.00005_always_336_336_PatchTST_custom_ftM_sl336_ll48_pl336_dm128_nh16_el3_dl1_df256_fc1_ebtimeF_dtTruelr5e-05_polalways_Nested_Learning_0>>>>>>>>>>>>>>>>>>>>>>>>>>
train 36216
val 4935
test 10204
	iters: 100, epoch: 1 | loss: 0.6451118
	speed: 0.1474s/iter; left time: 4143.0598s
	iters: 200, epoch: 1 | loss: 0.6618904
	speed: 0.1254s/iter; left time: 3511.0337s
Epoch: 1 cost time: 35.54467511177063
Epoch: 1, Steps: 282 | Train Loss: 0.8464199 Vali Loss: 0.6804070 Test Loss: 0.3036823
Validation loss decreased (inf --> 0.680407).  Saving model ...
Updating learning rate to 0.0001
	iters: 100, epoch: 2 | loss: 0.5678357
	speed: 0.2965s/iter; left time: 8249.1684s
	iters: 200, epoch: 2 | loss: 0.5717933
	speed: 0.1262s/iter; left time: 3497.7488s
Epoch: 2 cost time: 35.510822772979736
Epoch: 2, Steps: 282 | Train Loss: 0.5936597 Vali Loss: 0.5710152 Test Loss: 0.2609113
Validation loss decreased (0.680407 --> 0.571015).  Saving model ...
Updating learning rate to 0.0001
	iters: 100, epoch: 3 | loss: 0.5085119
	speed: 0.2959s/iter; left time: 8149.1726s
	iters: 200, epoch: 3 | loss: 0.4526539
	speed: 0.1265s/iter; left time: 3470.3925s
Epoch: 3 cost time: 35.58312487602234
Epoch: 3, Steps: 282 | Train Loss: 0.5589990 Vali Loss: 0.5600125 Test Loss: 0.2562708
Validation loss decreased (0.571015 --> 0.560012).  Saving model ...
Updating learning rate to 0.0001
	iters: 100, epoch: 4 | loss: 0.5083391
	speed: 0.2954s/iter; left time: 8051.1514s
	iters: 200, epoch: 4 | loss: 0.5047826
	speed: 0.1265s/iter; left time: 3436.0244s
Epoch: 4 cost time: 35.59161138534546
Epoch: 4, Steps: 282 | Train Loss: 0.5513659 Vali Loss: 0.5528817 Test Loss: 0.2533291
Validation loss decreased (0.560012 --> 0.552882).  Saving model ...
Updating learning rate to 9e-05
	iters: 100, epoch: 5 | loss: 0.5235826
	speed: 0.2956s/iter; left time: 7974.4803s
	iters: 200, epoch: 5 | loss: 0.5266737
	speed: 0.1266s/iter; left time: 3401.1029s
Epoch: 5 cost time: 35.59579396247864
Epoch: 5, Steps: 282 | Train Loss: 0.5459550 Vali Loss: 0.5476789 Test Loss: 0.2522240
Validation loss decreased (0.552882 --> 0.547679).  Saving model ...
Updating learning rate to 8.1e-05
	iters: 100, epoch: 6 | loss: 0.5385953
	speed: 0.2954s/iter; left time: 7883.3002s
	iters: 200, epoch: 6 | loss: 0.6234462
	speed: 0.1265s/iter; left time: 3363.7774s
Epoch: 6 cost time: 35.59522342681885
Epoch: 6, Steps: 282 | Train Loss: 0.5423693 Vali Loss: 0.5470588 Test Loss: 0.2510498
Validation loss decreased (0.547679 --> 0.547059).  Saving model ...
Updating learning rate to 7.290000000000001e-05
	iters: 100, epoch: 7 | loss: 0.5662509
	speed: 0.2957s/iter; left time: 7809.8699s
	iters: 200, epoch: 7 | loss: 0.4266042
	speed: 0.1265s/iter; left time: 3327.6471s
Epoch: 7 cost time: 35.586966037750244
Epoch: 7, Steps: 282 | Train Loss: 0.5393617 Vali Loss: 0.5449938 Test Loss: 0.2492228
Validation loss decreased (0.547059 --> 0.544994).  Saving model ...
Updating learning rate to 6.561e-05
	iters: 100, epoch: 8 | loss: 0.4727749
	speed: 0.2967s/iter; left time: 7750.6477s
	iters: 200, epoch: 8 | loss: 0.4137730
	speed: 0.1263s/iter; left time: 3287.9159s
Epoch: 8 cost time: 35.54398775100708
Epoch: 8, Steps: 282 | Train Loss: 0.5358419 Vali Loss: 0.5475769 Test Loss: 0.2480558
EarlyStopping counter: 1 out of 20
Updating learning rate to 5.904900000000001e-05
	iters: 100, epoch: 9 | loss: 0.4659030
	speed: 0.2938s/iter; left time: 7593.9266s
	iters: 200, epoch: 9 | loss: 0.4725205
	speed: 0.1262s/iter; left time: 3250.2354s
Epoch: 9 cost time: 35.52561545372009
Epoch: 9, Steps: 282 | Train Loss: 0.5325445 Vali Loss: 0.5471134 Test Loss: 0.2484271
EarlyStopping counter: 2 out of 20
Updating learning rate to 5.3144100000000005e-05
	iters: 100, epoch: 10 | loss: 0.5586472
	speed: 0.2937s/iter; left time: 7507.0597s
	iters: 200, epoch: 10 | loss: 0.4395385
	speed: 0.1262s/iter; left time: 3214.5806s
Epoch: 10 cost time: 35.523600339889526
Epoch: 10, Steps: 282 | Train Loss: 0.5309821 Vali Loss: 0.5488976 Test Loss: 0.2477691
EarlyStopping counter: 3 out of 20
Updating learning rate to 4.782969000000001e-05
	iters: 100, epoch: 11 | loss: 0.6345166
	speed: 0.2934s/iter; left time: 7418.3156s
	iters: 200, epoch: 11 | loss: 0.5737454
	speed: 0.1262s/iter; left time: 3176.7038s
Epoch: 11 cost time: 35.514771938323975
Epoch: 11, Steps: 282 | Train Loss: 0.5286086 Vali Loss: 0.5518417 Test Loss: 0.2485230
EarlyStopping counter: 4 out of 20
Updating learning rate to 4.304672100000001e-05
	iters: 100, epoch: 12 | loss: 0.5195091
	speed: 0.2931s/iter; left time: 7328.0227s
	iters: 200, epoch: 12 | loss: 0.5178811
	speed: 0.1261s/iter; left time: 3139.1487s
Epoch: 12 cost time: 35.50001859664917
Epoch: 12, Steps: 282 | Train Loss: 0.5268979 Vali Loss: 0.5514252 Test Loss: 0.2478960
EarlyStopping counter: 5 out of 20
Updating learning rate to 3.874204890000001e-05
	iters: 100, epoch: 13 | loss: 0.4682119
	speed: 0.2938s/iter; left time: 7260.9547s
	iters: 200, epoch: 13 | loss: 0.4796974
	speed: 0.1261s/iter; left time: 3103.3998s
Epoch: 13 cost time: 35.49920082092285
Epoch: 13, Steps: 282 | Train Loss: 0.5246224 Vali Loss: 0.5460846 Test Loss: 0.2470998
EarlyStopping counter: 6 out of 20
Updating learning rate to 3.486784401000001e-05
	iters: 100, epoch: 14 | loss: 0.4743875
	speed: 0.2931s/iter; left time: 7162.8339s
	iters: 200, epoch: 14 | loss: 0.5230420
	speed: 0.1260s/iter; left time: 3066.5576s
Epoch: 14 cost time: 35.48586320877075
Epoch: 14, Steps: 282 | Train Loss: 0.5226707 Vali Loss: 0.5488470 Test Loss: 0.2475771
EarlyStopping counter: 7 out of 20
Updating learning rate to 3.138105960900001e-05
	iters: 100, epoch: 15 | loss: 0.7657234
	speed: 0.2935s/iter; left time: 7089.7751s
	iters: 200, epoch: 15 | loss: 0.4767208
	speed: 0.1260s/iter; left time: 3030.2718s
Epoch: 15 cost time: 35.489394664764404
Epoch: 15, Steps: 282 | Train Loss: 0.5213940 Vali Loss: 0.5467091 Test Loss: 0.2466511
EarlyStopping counter: 8 out of 20
Updating learning rate to 2.824295364810001e-05
	iters: 100, epoch: 16 | loss: 0.4146173
	speed: 0.2933s/iter; left time: 7001.6337s
	iters: 200, epoch: 16 | loss: 0.6812128
	speed: 0.1260s/iter; left time: 2996.2910s
Epoch: 16 cost time: 35.50450015068054
Epoch: 16, Steps: 282 | Train Loss: 0.5201454 Vali Loss: 0.5474693 Test Loss: 0.2480206
EarlyStopping counter: 9 out of 20
Updating learning rate to 2.541865828329001e-05
	iters: 100, epoch: 17 | loss: 0.4930940
	speed: 0.2936s/iter; left time: 6926.1252s
	iters: 200, epoch: 17 | loss: 0.4604178
	speed: 0.1260s/iter; left time: 2959.6078s
Epoch: 17 cost time: 35.49259305000305
Epoch: 17, Steps: 282 | Train Loss: 0.5188697 Vali Loss: 0.5482624 Test Loss: 0.2474621
EarlyStopping counter: 10 out of 20
Updating learning rate to 2.287679245496101e-05
	iters: 100, epoch: 18 | loss: 0.4557008
	speed: 0.2932s/iter; left time: 6834.2587s
	iters: 200, epoch: 18 | loss: 0.4938023
	speed: 0.1260s/iter; left time: 2923.9318s
Epoch: 18 cost time: 35.49125695228577
Epoch: 18, Steps: 282 | Train Loss: 0.5174099 Vali Loss: 0.5444818 Test Loss: 0.2472706
Validation loss decreased (0.544994 --> 0.544482).  Saving model ...
Updating learning rate to 2.0589113209464907e-05
	iters: 100, epoch: 19 | loss: 0.6395438
	speed: 0.2951s/iter; left time: 6795.2545s
	iters: 200, epoch: 19 | loss: 0.5393783
	speed: 0.1262s/iter; left time: 2892.0945s
Epoch: 19 cost time: 35.52872037887573
Epoch: 19, Steps: 282 | Train Loss: 0.5160199 Vali Loss: 0.5441489 Test Loss: 0.2472588
Validation loss decreased (0.544482 --> 0.544149).  Saving model ...
Updating learning rate to 1.8530201888518416e-05
	iters: 100, epoch: 20 | loss: 0.4886045
	speed: 0.2953s/iter; left time: 6715.7927s
	iters: 200, epoch: 20 | loss: 0.5180597
	speed: 0.1262s/iter; left time: 2858.5791s
Epoch: 20 cost time: 35.54284405708313
Epoch: 20, Steps: 282 | Train Loss: 0.5151471 Vali Loss: 0.5455085 Test Loss: 0.2478419
EarlyStopping counter: 1 out of 20
Updating learning rate to 1.6677181699666577e-05
	iters: 100, epoch: 21 | loss: 0.5279770
	speed: 0.2932s/iter; left time: 6585.9244s
	iters: 200, epoch: 21 | loss: 0.4660265
	speed: 0.1261s/iter; left time: 2819.7354s
Epoch: 21 cost time: 35.5148720741272
Epoch: 21, Steps: 282 | Train Loss: 0.5142818 Vali Loss: 0.5494199 Test Loss: 0.2482679
EarlyStopping counter: 2 out of 20
Updating learning rate to 1.5009463529699919e-05
	iters: 100, epoch: 22 | loss: 0.5177367
	speed: 0.2936s/iter; left time: 6511.4787s
	iters: 200, epoch: 22 | loss: 0.5153990
	speed: 0.1261s/iter; left time: 2784.3556s
Epoch: 22 cost time: 35.51133704185486
Epoch: 22, Steps: 282 | Train Loss: 0.5137406 Vali Loss: 0.5462963 Test Loss: 0.2478555
EarlyStopping counter: 3 out of 20
Updating learning rate to 1.3508517176729929e-05
	iters: 100, epoch: 23 | loss: 0.5217395
	speed: 0.2936s/iter; left time: 6428.8063s
	iters: 200, epoch: 23 | loss: 0.4221743
	speed: 0.1260s/iter; left time: 2746.7619s
Epoch: 23 cost time: 35.51922106742859
Epoch: 23, Steps: 282 | Train Loss: 0.5129031 Vali Loss: 0.5477199 Test Loss: 0.2477556
EarlyStopping counter: 4 out of 20
Updating learning rate to 1.2157665459056936e-05
	iters: 100, epoch: 24 | loss: 0.4875624
	speed: 0.2937s/iter; left time: 6349.2512s
	iters: 200, epoch: 24 | loss: 0.5158960
	speed: 0.1260s/iter; left time: 2711.6202s
Epoch: 24 cost time: 35.516549587249756
Epoch: 24, Steps: 282 | Train Loss: 0.5116797 Vali Loss: 0.5459665 Test Loss: 0.2478530
EarlyStopping counter: 5 out of 20
Updating learning rate to 1.0941898913151242e-05
	iters: 100, epoch: 25 | loss: 0.5218802
	speed: 0.2936s/iter; left time: 6263.0870s
	iters: 200, epoch: 25 | loss: 0.5806423
	speed: 0.1261s/iter; left time: 2677.8232s
Epoch: 25 cost time: 35.52441096305847
Epoch: 25, Steps: 282 | Train Loss: 0.5112267 Vali Loss: 0.5439677 Test Loss: 0.2481099
Validation loss decreased (0.544149 --> 0.543968).  Saving model ...
Updating learning rate to 9.847709021836118e-06
	iters: 100, epoch: 26 | loss: 0.5679340
	speed: 0.2957s/iter; left time: 6224.2782s
	iters: 200, epoch: 26 | loss: 0.6255423
	speed: 0.1261s/iter; left time: 2641.2856s
Epoch: 26 cost time: 35.51774764060974
Epoch: 26, Steps: 282 | Train Loss: 0.5104566 Vali Loss: 0.5462359 Test Loss: 0.2479414
EarlyStopping counter: 1 out of 20
Updating learning rate to 8.862938119652508e-06
	iters: 100, epoch: 27 | loss: 0.5519194
	speed: 0.2937s/iter; left time: 6099.1520s
	iters: 200, epoch: 27 | loss: 0.5265415
	speed: 0.1261s/iter; left time: 2605.8963s
Epoch: 27 cost time: 35.520352602005005
Epoch: 27, Steps: 282 | Train Loss: 0.5103123 Vali Loss: 0.5451602 Test Loss: 0.2481375
EarlyStopping counter: 2 out of 20
Updating learning rate to 7.976644307687255e-06
	iters: 100, epoch: 28 | loss: 0.4124566
	speed: 0.2934s/iter; left time: 6011.5460s
	iters: 200, epoch: 28 | loss: 0.4563441
	speed: 0.1261s/iter; left time: 2569.9842s
Epoch: 28 cost time: 35.521687269210815
Epoch: 28, Steps: 282 | Train Loss: 0.5097468 Vali Loss: 0.5455540 Test Loss: 0.2484654
EarlyStopping counter: 3 out of 20
Updating learning rate to 7.178979876918531e-06
	iters: 100, epoch: 29 | loss: 0.4555725
	speed: 0.2935s/iter; left time: 5929.8456s
	iters: 200, epoch: 29 | loss: 0.4947207
	speed: 0.1260s/iter; left time: 2533.3161s
Epoch: 29 cost time: 35.51045513153076
Epoch: 29, Steps: 282 | Train Loss: 0.5093249 Vali Loss: 0.5476989 Test Loss: 0.2486053
EarlyStopping counter: 4 out of 20
Updating learning rate to 6.4610818892266776e-06
	iters: 100, epoch: 30 | loss: 0.4815993
	speed: 0.2934s/iter; left time: 5845.2788s
	iters: 200, epoch: 30 | loss: 0.4204749
	speed: 0.1260s/iter; left time: 2497.9580s
Epoch: 30 cost time: 35.50749349594116
Epoch: 30, Steps: 282 | Train Loss: 0.5082384 Vali Loss: 0.5450185 Test Loss: 0.2483186
EarlyStopping counter: 5 out of 20
Updating learning rate to 5.8149737003040096e-06
	iters: 100, epoch: 31 | loss: 0.4327323
	speed: 0.2936s/iter; left time: 5765.8430s
	iters: 200, epoch: 31 | loss: 0.5294279
	speed: 0.1260s/iter; left time: 2462.9102s
Epoch: 31 cost time: 35.506484031677246
Epoch: 31, Steps: 282 | Train Loss: 0.5079142 Vali Loss: 0.5460037 Test Loss: 0.2481717
EarlyStopping counter: 6 out of 20
Updating learning rate to 5.23347633027361e-06
	iters: 100, epoch: 32 | loss: 0.4620542
	speed: 0.2938s/iter; left time: 5688.0770s
	iters: 200, epoch: 32 | loss: 0.4329364
	speed: 0.1261s/iter; left time: 2428.5841s
Epoch: 32 cost time: 35.518367290496826
Epoch: 32, Steps: 282 | Train Loss: 0.5075112 Vali Loss: 0.5455621 Test Loss: 0.2487906
EarlyStopping counter: 7 out of 20
Updating learning rate to 4.710128697246249e-06
	iters: 100, epoch: 33 | loss: 0.4463930
	speed: 0.2938s/iter; left time: 5605.5939s
	iters: 200, epoch: 33 | loss: 0.4878926
	speed: 0.1260s/iter; left time: 2391.6127s
Epoch: 33 cost time: 35.513195276260376
Epoch: 33, Steps: 282 | Train Loss: 0.5072965 Vali Loss: 0.5449600 Test Loss: 0.2486764
EarlyStopping counter: 8 out of 20
Updating learning rate to 4.239115827521624e-06
	iters: 100, epoch: 34 | loss: 0.5033525
	speed: 0.2939s/iter; left time: 5523.4159s
	iters: 200, epoch: 34 | loss: 0.5861756
	speed: 0.1260s/iter; left time: 2356.4042s
Epoch: 34 cost time: 35.51470994949341
Epoch: 34, Steps: 282 | Train Loss: 0.5073638 Vali Loss: 0.5449325 Test Loss: 0.2487353
EarlyStopping counter: 9 out of 20
Updating learning rate to 3.815204244769462e-06
	iters: 100, epoch: 35 | loss: 0.5848219
	speed: 0.2941s/iter; left time: 5445.0125s
	iters: 200, epoch: 35 | loss: 0.3984287
	speed: 0.1260s/iter; left time: 2320.4411s
Epoch: 35 cost time: 35.51102089881897
Epoch: 35, Steps: 282 | Train Loss: 0.5068069 Vali Loss: 0.5444548 Test Loss: 0.2486360
EarlyStopping counter: 10 out of 20
Updating learning rate to 3.4336838202925152e-06
	iters: 100, epoch: 36 | loss: 0.4556623
	speed: 0.2940s/iter; left time: 5360.3182s
	iters: 200, epoch: 36 | loss: 0.4547043
	speed: 0.1261s/iter; left time: 2285.5939s
Epoch: 36 cost time: 35.51017212867737
Epoch: 36, Steps: 282 | Train Loss: 0.5066711 Vali Loss: 0.5457540 Test Loss: 0.2486869
EarlyStopping counter: 11 out of 20
Updating learning rate to 3.090315438263264e-06
	iters: 100, epoch: 37 | loss: 0.4361328
	speed: 0.2941s/iter; left time: 5278.2395s
	iters: 200, epoch: 37 | loss: 0.4937859
	speed: 0.1261s/iter; left time: 2249.8714s
Epoch: 37 cost time: 35.510902404785156
Epoch: 37, Steps: 282 | Train Loss: 0.5064449 Vali Loss: 0.5444170 Test Loss: 0.2486552
EarlyStopping counter: 12 out of 20
Updating learning rate to 2.7812838944369375e-06
	iters: 100, epoch: 38 | loss: 0.4927434
	speed: 0.2942s/iter; left time: 5197.2360s
	iters: 200, epoch: 38 | loss: 0.7635086
	speed: 0.1261s/iter; left time: 2214.9971s
Epoch: 38 cost time: 35.51965689659119
Epoch: 38, Steps: 282 | Train Loss: 0.5064666 Vali Loss: 0.5457940 Test Loss: 0.2487928
EarlyStopping counter: 13 out of 20
Updating learning rate to 2.503155504993244e-06
	iters: 100, epoch: 39 | loss: 0.4099080
	speed: 0.2945s/iter; left time: 5119.3942s
	iters: 200, epoch: 39 | loss: 0.4660391
	speed: 0.1261s/iter; left time: 2179.3507s
Epoch: 39 cost time: 35.51161551475525
Epoch: 39, Steps: 282 | Train Loss: 0.5062181 Vali Loss: 0.5462829 Test Loss: 0.2487476
EarlyStopping counter: 14 out of 20
Updating learning rate to 2.2528399544939195e-06
	iters: 100, epoch: 40 | loss: 0.5051265
	speed: 0.2939s/iter; left time: 5027.0183s
	iters: 200, epoch: 40 | loss: 0.4856710
	speed: 0.1261s/iter; left time: 2144.4062s
Epoch: 40 cost time: 35.51505661010742
Epoch: 40, Steps: 282 | Train Loss: 0.5064689 Vali Loss: 0.5442774 Test Loss: 0.2489552
EarlyStopping counter: 15 out of 20
Updating learning rate to 2.0275559590445276e-06
	iters: 100, epoch: 41 | loss: 0.4219776
	speed: 0.2945s/iter; left time: 4953.8528s
	iters: 200, epoch: 41 | loss: 0.5790313
	speed: 0.1261s/iter; left time: 2108.1759s
Epoch: 41 cost time: 35.50883650779724
Epoch: 41, Steps: 282 | Train Loss: 0.5061822 Vali Loss: 0.5443380 Test Loss: 0.2487851
EarlyStopping counter: 16 out of 20
Updating learning rate to 1.8248003631400751e-06
	iters: 100, epoch: 42 | loss: 0.7327622
	speed: 0.2943s/iter; left time: 4867.0450s
	iters: 200, epoch: 42 | loss: 0.4955122
	speed: 0.1261s/iter; left time: 2072.6882s
Epoch: 42 cost time: 35.504836082458496
Epoch: 42, Steps: 282 | Train Loss: 0.5055624 Vali Loss: 0.5449752 Test Loss: 0.2488879
EarlyStopping counter: 17 out of 20
Updating learning rate to 1.6423203268260676e-06
	iters: 100, epoch: 43 | loss: 0.4918367
	speed: 0.2944s/iter; left time: 4785.8455s
	iters: 200, epoch: 43 | loss: 0.4499653
	speed: 0.1261s/iter; left time: 2037.5111s
Epoch: 43 cost time: 35.50946497917175
Epoch: 43, Steps: 282 | Train Loss: 0.5058086 Vali Loss: 0.5440353 Test Loss: 0.2488812
EarlyStopping counter: 18 out of 20
Updating learning rate to 1.4780882941434609e-06
	iters: 100, epoch: 44 | loss: 0.7251403
	speed: 0.2947s/iter; left time: 4707.3292s
	iters: 200, epoch: 44 | loss: 0.5169835
	speed: 0.1261s/iter; left time: 2001.4929s
Epoch: 44 cost time: 35.508673667907715
Epoch: 44, Steps: 282 | Train Loss: 0.5055989 Vali Loss: 0.5456160 Test Loss: 0.2488341
EarlyStopping counter: 19 out of 20
Updating learning rate to 1.3302794647291146e-06
	iters: 100, epoch: 45 | loss: 0.5152988
	speed: 0.2944s/iter; left time: 4619.4187s
	iters: 200, epoch: 45 | loss: 0.5036913
	speed: 0.1260s/iter; left time: 1965.4498s
Epoch: 45 cost time: 35.49912214279175
Epoch: 45, Steps: 282 | Train Loss: 0.5057588 Vali Loss: 0.5452421 Test Loss: 0.2488171
EarlyStopping counter: 20 out of 20
Early stopping
>>>>>>>testing : NL_weather_cms_lr0.00005_always_336_336_PatchTST_custom_ftM_sl336_ll48_pl336_dm128_nh16_el3_dl1_df256_fc1_ebtimeF_dtTruelr5e-05_polalways_Nested_Learning_0<<<<<<<<<<<<<<<<<<<<<<<<<<<<<<<<<
test 10204
 Ejecutando Inferencia DINÁMICA (Nested Learning con cms)
  -> Política: always | LR: 5e-05 | Target: head

RESUMEN: El CMS se actualizó 79 veces de 79 posibles.

mse:0.2515519857406616, mae:0.28576749563217163, rse:0.658833920955658
Args in experiment:
Namespace(random_seed=2021, is_training=1, model_id='NL_weather_cms_lr0.00005_always_336_720', model='PatchTST', data='custom', root_path='./dataset/', data_path='weather.csv', features='M', target='OT', freq='h', checkpoints='./checkpoints/', seq_len=336, label_len=48, pred_len=720, head_type='cms', cms_lr=5e-05, update_policy='always', fc_dropout=0.2, head_dropout=0.0, patch_len=16, stride=8, padding_patch='end', revin=1, affine=0, subtract_last=0, decomposition=0, kernel_size=25, individual=0, embed_type=0, enc_in=21, dec_in=7, c_out=7, d_model=128, n_heads=16, e_layers=3, d_layers=1, d_ff=256, moving_avg=25, factor=1, distil=True, dropout=0.2, embed='timeF', activation='gelu', output_attention=False, do_predict=False, num_workers=0, itr=1, train_epochs=100, batch_size=128, patience=20, learning_rate=0.0001, des='Nested_Learning', loss='mse', lradj='type3', pct_start=0.3, use_amp=False, use_gpu=True, gpu=0, use_multi_gpu=False, devices='0,1,2,3', test_flop=False)
Use GPU: cuda:0
>>>>>>>start training : NL_weather_cms_lr0.00005_always_336_720_PatchTST_custom_ftM_sl336_ll48_pl720_dm128_nh16_el3_dl1_df256_fc1_ebtimeF_dtTruelr5e-05_polalways_Nested_Learning_0>>>>>>>>>>>>>>>>>>>>>>>>>>
train 35832
val 4551
test 9820
	iters: 100, epoch: 1 | loss: 0.8567510
	speed: 0.1553s/iter; left time: 4316.3336s
	iters: 200, epoch: 1 | loss: 1.0178210
	speed: 0.1295s/iter; left time: 3587.4824s
Epoch: 1 cost time: 36.28758692741394
Epoch: 1, Steps: 279 | Train Loss: 0.9007175 Vali Loss: 0.7689992 Test Loss: 0.3631122
Validation loss decreased (inf --> 0.768999).  Saving model ...
Updating learning rate to 0.0001
	iters: 100, epoch: 2 | loss: 0.6452322
	speed: 0.3134s/iter; left time: 8624.0216s
	iters: 200, epoch: 2 | loss: 0.5332697
	speed: 0.1305s/iter; left time: 3578.2781s
Epoch: 2 cost time: 36.349311113357544
Epoch: 2, Steps: 279 | Train Loss: 0.6599312 Vali Loss: 0.6764603 Test Loss: 0.3295931
Validation loss decreased (0.768999 --> 0.676460).  Saving model ...
Updating learning rate to 0.0001
	iters: 100, epoch: 3 | loss: 0.5653090
	speed: 0.3050s/iter; left time: 8310.0144s
	iters: 200, epoch: 3 | loss: 0.6637672
	speed: 0.1308s/iter; left time: 3549.1888s
Epoch: 3 cost time: 36.439274311065674
Epoch: 3, Steps: 279 | Train Loss: 0.6308065 Vali Loss: 0.6651807 Test Loss: 0.3248446
Validation loss decreased (0.676460 --> 0.665181).  Saving model ...
Updating learning rate to 0.0001
	iters: 100, epoch: 4 | loss: 0.6076540
	speed: 0.3063s/iter; left time: 8258.1522s
	iters: 200, epoch: 4 | loss: 0.5826278
	speed: 0.1309s/iter; left time: 3517.3620s
Epoch: 4 cost time: 36.47958493232727
Epoch: 4, Steps: 279 | Train Loss: 0.6237211 Vali Loss: 0.6630188 Test Loss: 0.3228976
Validation loss decreased (0.665181 --> 0.663019).  Saving model ...
Updating learning rate to 9e-05
	iters: 100, epoch: 5 | loss: 0.6013344
	speed: 0.3076s/iter; left time: 8208.3620s
	iters: 200, epoch: 5 | loss: 0.5747322
	speed: 0.1309s/iter; left time: 3478.9256s
Epoch: 5 cost time: 36.45641803741455
Epoch: 5, Steps: 279 | Train Loss: 0.6178402 Vali Loss: 0.6569442 Test Loss: 0.3206118
Validation loss decreased (0.663019 --> 0.656944).  Saving model ...
Updating learning rate to 8.1e-05
	iters: 100, epoch: 6 | loss: 0.5634611
	speed: 0.3158s/iter; left time: 8338.7171s
	iters: 200, epoch: 6 | loss: 0.6118262
	speed: 0.1307s/iter; left time: 3439.4467s
Epoch: 6 cost time: 36.406749963760376
Epoch: 6, Steps: 279 | Train Loss: 0.6135556 Vali Loss: 0.6574439 Test Loss: 0.3201379
EarlyStopping counter: 1 out of 20
Updating learning rate to 7.290000000000001e-05
	iters: 100, epoch: 7 | loss: 0.6136913
	speed: 0.3037s/iter; left time: 7935.0508s
	iters: 200, epoch: 7 | loss: 0.6475252
	speed: 0.1309s/iter; left time: 3406.9413s
Epoch: 7 cost time: 36.44628071784973
Epoch: 7, Steps: 279 | Train Loss: 0.6104538 Vali Loss: 0.6608583 Test Loss: 0.3209337
EarlyStopping counter: 2 out of 20
Updating learning rate to 6.561e-05
	iters: 100, epoch: 8 | loss: 0.5489387
	speed: 0.3031s/iter; left time: 7834.8320s
	iters: 200, epoch: 8 | loss: 0.6020409
	speed: 0.1308s/iter; left time: 3368.7539s
Epoch: 8 cost time: 36.44999432563782
Epoch: 8, Steps: 279 | Train Loss: 0.6080834 Vali Loss: 0.6565068 Test Loss: 0.3194085
Validation loss decreased (0.656944 --> 0.656507).  Saving model ...
Updating learning rate to 5.904900000000001e-05
	iters: 100, epoch: 9 | loss: 0.7168085
	speed: 0.3059s/iter; left time: 7820.3611s
	iters: 200, epoch: 9 | loss: 0.5353356
	speed: 0.1309s/iter; left time: 3332.7370s
Epoch: 9 cost time: 36.448158502578735
Epoch: 9, Steps: 279 | Train Loss: 0.6057356 Vali Loss: 0.6596124 Test Loss: 0.3199018
EarlyStopping counter: 1 out of 20
Updating learning rate to 5.3144100000000005e-05
	iters: 100, epoch: 10 | loss: 0.6315333
	speed: 0.3027s/iter; left time: 7655.7298s
	iters: 200, epoch: 10 | loss: 0.6047042
	speed: 0.1308s/iter; left time: 3293.9635s
Epoch: 10 cost time: 36.43647646903992
Epoch: 10, Steps: 279 | Train Loss: 0.6036246 Vali Loss: 0.6519613 Test Loss: 0.3178310
Validation loss decreased (0.656507 --> 0.651961).  Saving model ...
Updating learning rate to 4.782969000000001e-05
	iters: 100, epoch: 11 | loss: 0.5938101
	speed: 0.3045s/iter; left time: 7616.2272s
	iters: 200, epoch: 11 | loss: 0.5919430
	speed: 0.1307s/iter; left time: 3256.2012s
Epoch: 11 cost time: 36.430203914642334
Epoch: 11, Steps: 279 | Train Loss: 0.6018160 Vali Loss: 0.6527916 Test Loss: 0.3181338
EarlyStopping counter: 1 out of 20
Updating learning rate to 4.304672100000001e-05
	iters: 100, epoch: 12 | loss: 0.5321482
	speed: 0.3024s/iter; left time: 7480.0659s
	iters: 200, epoch: 12 | loss: 0.6559197
	speed: 0.1306s/iter; left time: 3217.8402s
Epoch: 12 cost time: 36.423049211502075
Epoch: 12, Steps: 279 | Train Loss: 0.5999646 Vali Loss: 0.6523746 Test Loss: 0.3183669
EarlyStopping counter: 2 out of 20
Updating learning rate to 3.874204890000001e-05
	iters: 100, epoch: 13 | loss: 0.6261429
	speed: 0.3018s/iter; left time: 7379.9640s
	iters: 200, epoch: 13 | loss: 0.5919848
	speed: 0.1306s/iter; left time: 3181.7131s
Epoch: 13 cost time: 36.42278456687927
Epoch: 13, Steps: 279 | Train Loss: 0.5977721 Vali Loss: 0.6511773 Test Loss: 0.3190480
Validation loss decreased (0.651961 --> 0.651177).  Saving model ...
Updating learning rate to 3.486784401000001e-05
	iters: 100, epoch: 14 | loss: 0.5603982
	speed: 0.3064s/iter; left time: 7407.5855s
	iters: 200, epoch: 14 | loss: 0.6035601
	speed: 0.1306s/iter; left time: 3144.1279s
Epoch: 14 cost time: 36.39985918998718
Epoch: 14, Steps: 279 | Train Loss: 0.5963860 Vali Loss: 0.6527293 Test Loss: 0.3184206
EarlyStopping counter: 1 out of 20
Updating learning rate to 3.138105960900001e-05
	iters: 100, epoch: 15 | loss: 0.5861006
	speed: 0.3018s/iter; left time: 7211.2128s
	iters: 200, epoch: 15 | loss: 0.4928121
	speed: 0.1307s/iter; left time: 3108.9619s
Epoch: 15 cost time: 36.42936158180237
Epoch: 15, Steps: 279 | Train Loss: 0.5944492 Vali Loss: 0.6525270 Test Loss: 0.3187709
EarlyStopping counter: 2 out of 20
Updating learning rate to 2.824295364810001e-05
	iters: 100, epoch: 16 | loss: 0.6653823
	speed: 0.3017s/iter; left time: 7125.3468s
	iters: 200, epoch: 16 | loss: 0.6644181
	speed: 0.1306s/iter; left time: 3072.0485s
Epoch: 16 cost time: 36.41047191619873
Epoch: 16, Steps: 279 | Train Loss: 0.5927745 Vali Loss: 0.6539751 Test Loss: 0.3197857
EarlyStopping counter: 3 out of 20
Updating learning rate to 2.541865828329001e-05
	iters: 100, epoch: 17 | loss: 0.5707241
	speed: 0.3019s/iter; left time: 7046.4384s
	iters: 200, epoch: 17 | loss: 0.5412943
	speed: 0.1307s/iter; left time: 3037.2658s
Epoch: 17 cost time: 36.41066527366638
Epoch: 17, Steps: 279 | Train Loss: 0.5915730 Vali Loss: 0.6529912 Test Loss: 0.3197358
EarlyStopping counter: 4 out of 20
Updating learning rate to 2.287679245496101e-05
	iters: 100, epoch: 18 | loss: 0.6312916
	speed: 0.3013s/iter; left time: 6947.9621s
	iters: 200, epoch: 18 | loss: 0.5987927
	speed: 0.1307s/iter; left time: 3000.3081s
Epoch: 18 cost time: 36.407015323638916
Epoch: 18, Steps: 279 | Train Loss: 0.5905348 Vali Loss: 0.6511490 Test Loss: 0.3196850
Validation loss decreased (0.651177 --> 0.651149).  Saving model ...
Updating learning rate to 2.0589113209464907e-05
	iters: 100, epoch: 19 | loss: 0.5720219
	speed: 0.3045s/iter; left time: 6936.1451s
	iters: 200, epoch: 19 | loss: 0.4964847
	speed: 0.1307s/iter; left time: 2964.6092s
Epoch: 19 cost time: 36.40668869018555
Epoch: 19, Steps: 279 | Train Loss: 0.5890686 Vali Loss: 0.6516514 Test Loss: 0.3209826
EarlyStopping counter: 1 out of 20
Updating learning rate to 1.8530201888518416e-05
	iters: 100, epoch: 20 | loss: 0.5878513
	speed: 0.3266s/iter; left time: 7349.2035s
	iters: 200, epoch: 20 | loss: 0.6317976
	speed: 0.1305s/iter; left time: 2922.8039s
Epoch: 20 cost time: 38.74342346191406
Epoch: 20, Steps: 279 | Train Loss: 0.5879763 Vali Loss: 0.6488490 Test Loss: 0.3200220
Validation loss decreased (0.651149 --> 0.648849).  Saving model ...
Updating learning rate to 1.6677181699666577e-05
	iters: 100, epoch: 21 | loss: 0.6703098
	speed: 0.3080s/iter; left time: 6844.3149s
	iters: 200, epoch: 21 | loss: 0.5107343
	speed: 0.1309s/iter; left time: 2894.5785s
Epoch: 21 cost time: 36.435097217559814
Epoch: 21, Steps: 279 | Train Loss: 0.5866156 Vali Loss: 0.6489308 Test Loss: 0.3209258
EarlyStopping counter: 1 out of 20
Updating learning rate to 1.5009463529699919e-05
	iters: 100, epoch: 22 | loss: 0.5718581
	speed: 0.3025s/iter; left time: 6637.1225s
	iters: 200, epoch: 22 | loss: 0.5385593
	speed: 0.1307s/iter; left time: 2855.4170s
Epoch: 22 cost time: 36.4279682636261
Epoch: 22, Steps: 279 | Train Loss: 0.5855628 Vali Loss: 0.6505010 Test Loss: 0.3214734
EarlyStopping counter: 2 out of 20
Updating learning rate to 1.3508517176729929e-05
	iters: 100, epoch: 23 | loss: 0.6616409
	speed: 0.3019s/iter; left time: 6539.2365s
	iters: 200, epoch: 23 | loss: 0.5132583
	speed: 0.1307s/iter; left time: 2817.5768s
Epoch: 23 cost time: 36.413432359695435
Epoch: 23, Steps: 279 | Train Loss: 0.5848637 Vali Loss: 0.6485969 Test Loss: 0.3212513
Validation loss decreased (0.648849 --> 0.648597).  Saving model ...
Updating learning rate to 1.2157665459056936e-05
	iters: 100, epoch: 24 | loss: 0.6118536
	speed: 0.3094s/iter; left time: 6616.7681s
	iters: 200, epoch: 24 | loss: 0.5799056
	speed: 0.1306s/iter; left time: 2779.3188s
Epoch: 24 cost time: 36.37239623069763
Epoch: 24, Steps: 279 | Train Loss: 0.5842760 Vali Loss: 0.6488905 Test Loss: 0.3215871
EarlyStopping counter: 1 out of 20
Updating learning rate to 1.0941898913151242e-05
	iters: 100, epoch: 25 | loss: 0.5451117
	speed: 0.3024s/iter; left time: 6381.9631s
	iters: 200, epoch: 25 | loss: 0.5253447
	speed: 0.1307s/iter; left time: 2745.2318s
Epoch: 25 cost time: 36.4007625579834
Epoch: 25, Steps: 279 | Train Loss: 0.5833839 Vali Loss: 0.6482069 Test Loss: 0.3213658
Validation loss decreased (0.648597 --> 0.648207).  Saving model ...
Updating learning rate to 9.847709021836118e-06
	iters: 100, epoch: 26 | loss: 0.5617304
	speed: 0.3041s/iter; left time: 6333.5900s
	iters: 200, epoch: 26 | loss: 0.5236903
	speed: 0.1306s/iter; left time: 2706.9471s
Epoch: 26 cost time: 36.387622356414795
Epoch: 26, Steps: 279 | Train Loss: 0.5822546 Vali Loss: 0.6466054 Test Loss: 0.3217069
Validation loss decreased (0.648207 --> 0.646605).  Saving model ...
Updating learning rate to 8.862938119652508e-06
	iters: 100, epoch: 27 | loss: 0.5752906
	speed: 0.3043s/iter; left time: 6252.3491s
	iters: 200, epoch: 27 | loss: 0.6946600
	speed: 0.1306s/iter; left time: 2670.0660s
Epoch: 27 cost time: 36.383559465408325
Epoch: 27, Steps: 279 | Train Loss: 0.5822683 Vali Loss: 0.6482326 Test Loss: 0.3220465
EarlyStopping counter: 1 out of 20
Updating learning rate to 7.976644307687255e-06
	iters: 100, epoch: 28 | loss: 0.5743506
	speed: 0.3022s/iter; left time: 6124.7391s
	iters: 200, epoch: 28 | loss: 0.5811918
	speed: 0.1306s/iter; left time: 2633.6298s
Epoch: 28 cost time: 36.390540599823
Epoch: 28, Steps: 279 | Train Loss: 0.5818837 Vali Loss: 0.6470383 Test Loss: 0.3220677
EarlyStopping counter: 2 out of 20
Updating learning rate to 7.178979876918531e-06
	iters: 100, epoch: 29 | loss: 0.6530656
	speed: 0.3018s/iter; left time: 6031.9975s
	iters: 200, epoch: 29 | loss: 0.5902078
	speed: 0.1306s/iter; left time: 2597.5763s
Epoch: 29 cost time: 36.38865423202515
Epoch: 29, Steps: 279 | Train Loss: 0.5811688 Vali Loss: 0.6481481 Test Loss: 0.3225503
EarlyStopping counter: 3 out of 20
Updating learning rate to 6.4610818892266776e-06
	iters: 100, epoch: 30 | loss: 0.6114689
	speed: 0.3020s/iter; left time: 5952.9194s
	iters: 200, epoch: 30 | loss: 0.5754698
	speed: 0.1307s/iter; left time: 2563.1849s
Epoch: 30 cost time: 36.39919066429138
Epoch: 30, Steps: 279 | Train Loss: 0.5805798 Vali Loss: 0.6473797 Test Loss: 0.3222347
EarlyStopping counter: 4 out of 20
Updating learning rate to 5.8149737003040096e-06
	iters: 100, epoch: 31 | loss: 0.5921752
	speed: 0.3022s/iter; left time: 5872.0074s
	iters: 200, epoch: 31 | loss: 0.6165388
	speed: 0.1307s/iter; left time: 2526.3159s
Epoch: 31 cost time: 36.38857436180115
Epoch: 31, Steps: 279 | Train Loss: 0.5799888 Vali Loss: 0.6486830 Test Loss: 0.3225706
EarlyStopping counter: 5 out of 20
Updating learning rate to 5.23347633027361e-06
	iters: 100, epoch: 32 | loss: 0.5721067
	speed: 0.3016s/iter; left time: 5777.0077s
	iters: 200, epoch: 32 | loss: 0.6613214
	speed: 0.1307s/iter; left time: 2489.7356s
Epoch: 32 cost time: 36.3986120223999
Epoch: 32, Steps: 279 | Train Loss: 0.5799190 Vali Loss: 0.6499893 Test Loss: 0.3225825
EarlyStopping counter: 6 out of 20
Updating learning rate to 4.710128697246249e-06
	iters: 100, epoch: 33 | loss: 0.5553782
	speed: 0.3019s/iter; left time: 5697.6490s
	iters: 200, epoch: 33 | loss: 0.5937752
	speed: 0.1307s/iter; left time: 2453.1893s
Epoch: 33 cost time: 36.39798331260681
Epoch: 33, Steps: 279 | Train Loss: 0.5797276 Vali Loss: 0.6480857 Test Loss: 0.3230599
EarlyStopping counter: 7 out of 20
Updating learning rate to 4.239115827521624e-06
	iters: 100, epoch: 34 | loss: 0.5533228
	speed: 0.3022s/iter; left time: 5618.1892s
	iters: 200, epoch: 34 | loss: 0.5641802
	speed: 0.1306s/iter; left time: 2415.8289s
Epoch: 34 cost time: 36.39242386817932
Epoch: 34, Steps: 279 | Train Loss: 0.5791767 Vali Loss: 0.6486774 Test Loss: 0.3231621
EarlyStopping counter: 8 out of 20
Updating learning rate to 3.815204244769462e-06
	iters: 100, epoch: 35 | loss: 0.6084074
	speed: 0.3019s/iter; left time: 5529.7557s
	iters: 200, epoch: 35 | loss: 0.6670067
	speed: 0.1306s/iter; left time: 2379.6593s
Epoch: 35 cost time: 36.4065637588501
Epoch: 35, Steps: 279 | Train Loss: 0.5787698 Vali Loss: 0.6494516 Test Loss: 0.3231058
EarlyStopping counter: 9 out of 20
Updating learning rate to 3.4336838202925152e-06
	iters: 100, epoch: 36 | loss: 0.5555200
	speed: 0.3019s/iter; left time: 5444.4870s
	iters: 200, epoch: 36 | loss: 0.6197478
	speed: 0.1307s/iter; left time: 2343.9391s
Epoch: 36 cost time: 36.40938448905945
Epoch: 36, Steps: 279 | Train Loss: 0.5786168 Vali Loss: 0.6481158 Test Loss: 0.3231321
EarlyStopping counter: 10 out of 20
Updating learning rate to 3.090315438263264e-06
	iters: 100, epoch: 37 | loss: 0.5444947
	speed: 0.3022s/iter; left time: 5366.0961s
	iters: 200, epoch: 37 | loss: 0.5569171
	speed: 0.1307s/iter; left time: 2307.2444s
Epoch: 37 cost time: 36.403074741363525
Epoch: 37, Steps: 279 | Train Loss: 0.5785649 Vali Loss: 0.6487215 Test Loss: 0.3229994
EarlyStopping counter: 11 out of 20
Updating learning rate to 2.7812838944369375e-06
	iters: 100, epoch: 38 | loss: 0.5828525
	speed: 0.3022s/iter; left time: 5282.2637s
	iters: 200, epoch: 38 | loss: 0.6108834
	speed: 0.1307s/iter; left time: 2271.0669s
Epoch: 38 cost time: 36.405895948410034
Epoch: 38, Steps: 279 | Train Loss: 0.5782576 Vali Loss: 0.6469774 Test Loss: 0.3231440
EarlyStopping counter: 12 out of 20
Updating learning rate to 2.503155504993244e-06
	iters: 100, epoch: 39 | loss: 0.4844258
	speed: 0.3021s/iter; left time: 5196.5082s
	iters: 200, epoch: 39 | loss: 0.5979170
	speed: 0.1306s/iter; left time: 2233.7999s
Epoch: 39 cost time: 36.40364456176758
Epoch: 39, Steps: 279 | Train Loss: 0.5778846 Vali Loss: 0.6476450 Test Loss: 0.3229871
EarlyStopping counter: 13 out of 20
Updating learning rate to 2.2528399544939195e-06
	iters: 100, epoch: 40 | loss: 0.5828446
	speed: 0.3020s/iter; left time: 5110.3375s
	iters: 200, epoch: 40 | loss: 0.5910603
	speed: 0.1307s/iter; left time: 2197.8949s
Epoch: 40 cost time: 36.410276889801025
Epoch: 40, Steps: 279 | Train Loss: 0.5777155 Vali Loss: 0.6486749 Test Loss: 0.3231235
EarlyStopping counter: 14 out of 20
Updating learning rate to 2.0275559590445276e-06
	iters: 100, epoch: 41 | loss: 0.5502180
	speed: 0.3023s/iter; left time: 5030.3911s
	iters: 200, epoch: 41 | loss: 0.6164643
	speed: 0.1307s/iter; left time: 2161.5690s
Epoch: 41 cost time: 36.40943646430969
Epoch: 41, Steps: 279 | Train Loss: 0.5778111 Vali Loss: 0.6477956 Test Loss: 0.3232758
EarlyStopping counter: 15 out of 20
Updating learning rate to 1.8248003631400751e-06
	iters: 100, epoch: 42 | loss: 0.5589474
	speed: 0.3024s/iter; left time: 4947.1811s
	iters: 200, epoch: 42 | loss: 0.6154951
	speed: 0.1307s/iter; left time: 2125.0542s
Epoch: 42 cost time: 36.4031457901001
Epoch: 42, Steps: 279 | Train Loss: 0.5775950 Vali Loss: 0.6476494 Test Loss: 0.3233418
EarlyStopping counter: 16 out of 20
Updating learning rate to 1.6423203268260676e-06
	iters: 100, epoch: 43 | loss: 0.5663336
	speed: 0.3019s/iter; left time: 4855.8886s
	iters: 200, epoch: 43 | loss: 0.6079180
	speed: 0.1307s/iter; left time: 2089.4441s
Epoch: 43 cost time: 36.407089710235596
Epoch: 43, Steps: 279 | Train Loss: 0.5774658 Vali Loss: 0.6483638 Test Loss: 0.3232461
EarlyStopping counter: 17 out of 20
Updating learning rate to 1.4780882941434609e-06
	iters: 100, epoch: 44 | loss: 0.5068808
	speed: 0.3016s/iter; left time: 4766.4347s
	iters: 200, epoch: 44 | loss: 0.6199472
	speed: 0.1307s/iter; left time: 2053.1891s
Epoch: 44 cost time: 36.411412954330444
Epoch: 44, Steps: 279 | Train Loss: 0.5777100 Vali Loss: 0.6480125 Test Loss: 0.3232864
EarlyStopping counter: 18 out of 20
Updating learning rate to 1.3302794647291146e-06
	iters: 100, epoch: 45 | loss: 0.5572054
	speed: 0.3020s/iter; left time: 4688.3522s
	iters: 200, epoch: 45 | loss: 0.6555039
	speed: 0.1307s/iter; left time: 2016.5686s
Epoch: 45 cost time: 36.411773681640625
Epoch: 45, Steps: 279 | Train Loss: 0.5772763 Vali Loss: 0.6470700 Test Loss: 0.3232560
EarlyStopping counter: 19 out of 20
Updating learning rate to 1.1972515182562034e-06
	iters: 100, epoch: 46 | loss: 0.5438973
	speed: 0.3022s/iter; left time: 4607.2608s
	iters: 200, epoch: 46 | loss: 0.5355116
	speed: 0.1307s/iter; left time: 1979.3163s
Epoch: 46 cost time: 36.39562487602234
Epoch: 46, Steps: 279 | Train Loss: 0.5770823 Vali Loss: 0.6484253 Test Loss: 0.3234389
EarlyStopping counter: 20 out of 20
Early stopping
>>>>>>>testing : NL_weather_cms_lr0.00005_always_336_720_PatchTST_custom_ftM_sl336_ll48_pl720_dm128_nh16_el3_dl1_df256_fc1_ebtimeF_dtTruelr5e-05_polalways_Nested_Learning_0<<<<<<<<<<<<<<<<<<<<<<<<<<<<<<<<<
test 9820
 Ejecutando Inferencia DINÁMICA (Nested Learning con cms)
  -> Política: always | LR: 5e-05 | Target: head

RESUMEN: El CMS se actualizó 76 veces de 76 posibles.

mse:0.32687413692474365, mae:0.3389647603034973, rse:0.7542385458946228
