==========================================================
SÚPER ARRAY TFG - TAREA ID: 53 / 113
Nodo: dionisio
Dataset: ettm1 | Experimento: NL_ettm1_cms3_lr0.00005_spc
Cabeza: cms3 | LR: 0.00005 | Política: spc
==========================================================
Args in experiment:
Namespace(random_seed=2021, is_training=1, model_id='NL_ettm1_cms3_lr0.00005_spc_336_96', model='PatchTST', data='ETTm1', root_path='./dataset/', data_path='ETTm1.csv', features='M', target='OT', freq='h', checkpoints='./checkpoints/', seq_len=336, label_len=48, pred_len=96, head_type='cms3', cms_lr=5e-05, update_policy='spc', fc_dropout=0.2, head_dropout=0.0, patch_len=16, stride=8, padding_patch='end', revin=1, affine=0, subtract_last=0, decomposition=0, kernel_size=25, individual=0, embed_type=0, enc_in=7, dec_in=7, c_out=7, d_model=128, n_heads=16, e_layers=3, d_layers=1, d_ff=256, moving_avg=25, factor=1, distil=True, dropout=0.2, embed='timeF', activation='gelu', output_attention=False, do_predict=False, num_workers=0, itr=1, train_epochs=100, batch_size=128, patience=20, learning_rate=0.0001, des='Nested_Learning', loss='mse', lradj='TST', pct_start=0.4, use_amp=False, use_gpu=True, gpu=0, use_multi_gpu=False, devices='0,1,2,3', test_flop=False)
Use GPU: cuda:0
>>>>>>>start training : NL_ettm1_cms3_lr0.00005_spc_336_96_PatchTST_ETTm1_ftM_sl336_ll48_pl96_dm128_nh16_el3_dl1_df256_fc1_ebtimeF_dtTruelr5e-05_polspc_Nested_Learning_0>>>>>>>>>>>>>>>>>>>>>>>>>>
train 34129
val 11425
test 11425
	iters: 100, epoch: 1 | loss: 0.4796717
	speed: 0.0877s/iter; left time: 2324.8824s
	iters: 200, epoch: 1 | loss: 0.3594051
	speed: 0.0420s/iter; left time: 1110.1227s
Epoch: 1 cost time: 11.512830018997192
Epoch: 1, Steps: 266 | Train Loss: 0.4401946 Vali Loss: 0.4715150 Test Loss: 0.3726744
Validation loss decreased (inf --> 0.471515).  Saving model ...
Updating learning rate to 4.147995783958166e-06
	iters: 100, epoch: 2 | loss: 0.3392146
	speed: 0.1060s/iter; left time: 2781.9198s
	iters: 200, epoch: 2 | loss: 0.3267416
	speed: 0.0427s/iter; left time: 1115.0270s
Epoch: 2 cost time: 11.341330766677856
Epoch: 2, Steps: 266 | Train Loss: 0.3424630 Vali Loss: 0.4219761 Test Loss: 0.3334742
Validation loss decreased (0.471515 --> 0.421976).  Saving model ...
Updating learning rate to 4.591070521163098e-06
	iters: 100, epoch: 3 | loss: 0.2931240
	speed: 0.1068s/iter; left time: 2774.3874s
	iters: 200, epoch: 3 | loss: 0.3031800
	speed: 0.0429s/iter; left time: 1108.6520s
Epoch: 3 cost time: 11.397314071655273
Epoch: 3, Steps: 266 | Train Loss: 0.3137748 Vali Loss: 0.4016664 Test Loss: 0.3192052
Validation loss decreased (0.421976 --> 0.401666).  Saving model ...
Updating learning rate to 5.326491995236255e-06
	iters: 100, epoch: 4 | loss: 0.3103077
	speed: 0.1067s/iter; left time: 2741.3821s
	iters: 200, epoch: 4 | loss: 0.2960282
	speed: 0.0430s/iter; left time: 1100.2213s
Epoch: 4 cost time: 11.420628786087036
Epoch: 4, Steps: 266 | Train Loss: 0.2970109 Vali Loss: 0.3929327 Test Loss: 0.3098838
Validation loss decreased (0.401666 --> 0.392933).  Saving model ...
Updating learning rate to 6.349725236277868e-06
	iters: 100, epoch: 5 | loss: 0.3063047
	speed: 0.1077s/iter; left time: 2739.8259s
	iters: 200, epoch: 5 | loss: 0.2782305
	speed: 0.0430s/iter; left time: 1088.7875s
Epoch: 5 cost time: 11.426964282989502
Epoch: 5, Steps: 266 | Train Loss: 0.2865722 Vali Loss: 0.3876454 Test Loss: 0.3045627
Validation loss decreased (0.392933 --> 0.387645).  Saving model ...
Updating learning rate to 7.654460485717921e-06
	iters: 100, epoch: 6 | loss: 0.2903101
	speed: 0.1068s/iter; left time: 2687.7466s
	iters: 200, epoch: 6 | loss: 0.2812746
	speed: 0.0430s/iter; left time: 1079.0814s
Epoch: 6 cost time: 11.437902212142944
Epoch: 6, Steps: 266 | Train Loss: 0.2789304 Vali Loss: 0.3822890 Test Loss: 0.3021632
Validation loss decreased (0.387645 --> 0.382289).  Saving model ...
Updating learning rate to 9.232652105385623e-06
	iters: 100, epoch: 7 | loss: 0.2639793
	speed: 0.1073s/iter; left time: 2671.5261s
	iters: 200, epoch: 7 | loss: 0.2653437
	speed: 0.0431s/iter; left time: 1068.6594s
Epoch: 7 cost time: 11.442551851272583
Epoch: 7, Steps: 266 | Train Loss: 0.2723662 Vali Loss: 0.3781089 Test Loss: 0.2982059
Validation loss decreased (0.382289 --> 0.378109).  Saving model ...
Updating learning rate to 1.1074568190864783e-05
	iters: 100, epoch: 8 | loss: 0.2609544
	speed: 0.1072s/iter; left time: 2641.5865s
	iters: 200, epoch: 8 | loss: 0.2661174
	speed: 0.0431s/iter; left time: 1057.1262s
Epoch: 8 cost time: 11.449247360229492
Epoch: 8, Steps: 266 | Train Loss: 0.2656991 Vali Loss: 0.3760700 Test Loss: 0.2943895
Validation loss decreased (0.378109 --> 0.376070).  Saving model ...
Updating learning rate to 1.316885058319476e-05
	iters: 100, epoch: 9 | loss: 0.2851028
	speed: 0.1079s/iter; left time: 2629.1213s
	iters: 200, epoch: 9 | loss: 0.2644639
	speed: 0.0431s/iter; left time: 1045.9214s
Epoch: 9 cost time: 11.45285964012146
Epoch: 9, Steps: 266 | Train Loss: 0.2595595 Vali Loss: 0.3729402 Test Loss: 0.2934076
Validation loss decreased (0.376070 --> 0.372940).  Saving model ...
Updating learning rate to 1.5502584908855415e-05
	iters: 100, epoch: 10 | loss: 0.2701433
	speed: 0.1077s/iter; left time: 2596.2225s
	iters: 200, epoch: 10 | loss: 0.2545325
	speed: 0.0431s/iter; left time: 1033.6114s
Epoch: 10 cost time: 11.448242902755737
Epoch: 10, Steps: 266 | Train Loss: 0.2543045 Vali Loss: 0.3701697 Test Loss: 0.2933251
Validation loss decreased (0.372940 --> 0.370170).  Saving model ...
Updating learning rate to 1.806138021613527e-05
	iters: 100, epoch: 11 | loss: 0.2976583
	speed: 0.1068s/iter; left time: 2545.3441s
	iters: 200, epoch: 11 | loss: 0.2503153
	speed: 0.0431s/iter; left time: 1023.1079s
Epoch: 11 cost time: 11.45135498046875
Epoch: 11, Steps: 266 | Train Loss: 0.2495344 Vali Loss: 0.3722818 Test Loss: 0.2903517
EarlyStopping counter: 1 out of 20
Updating learning rate to 2.0829457716805565e-05
	iters: 100, epoch: 12 | loss: 0.2792970
	speed: 0.1060s/iter; left time: 2500.0583s
	iters: 200, epoch: 12 | loss: 0.2592321
	speed: 0.0431s/iter; left time: 1011.7850s
Epoch: 12 cost time: 11.459864377975464
Epoch: 12, Steps: 266 | Train Loss: 0.2451276 Vali Loss: 0.3661344 Test Loss: 0.2883174
Validation loss decreased (0.370170 --> 0.366134).  Saving model ...
Updating learning rate to 2.3789748085875986e-05
	iters: 100, epoch: 13 | loss: 0.2441714
	speed: 0.1094s/iter; left time: 2549.9300s
	iters: 200, epoch: 13 | loss: 0.2432143
	speed: 0.0431s/iter; left time: 999.8987s
Epoch: 13 cost time: 11.447128295898438
Epoch: 13, Steps: 266 | Train Loss: 0.2412490 Vali Loss: 0.3655726 Test Loss: 0.2891479
Validation loss decreased (0.366134 --> 0.365573).  Saving model ...
Updating learning rate to 2.6923996719433387e-05
	iters: 100, epoch: 14 | loss: 0.2541046
	speed: 0.1086s/iter; left time: 2502.4722s
	iters: 200, epoch: 14 | loss: 0.2345934
	speed: 0.0431s/iter; left time: 989.0102s
Epoch: 14 cost time: 11.454925775527954
Epoch: 14, Steps: 266 | Train Loss: 0.2374851 Vali Loss: 0.3641361 Test Loss: 0.2887103
Validation loss decreased (0.365573 --> 0.364136).  Saving model ...
Updating learning rate to 3.021287630149266e-05
	iters: 100, epoch: 15 | loss: 0.2426916
	speed: 0.1080s/iter; left time: 2460.2922s
	iters: 200, epoch: 15 | loss: 0.2342125
	speed: 0.0431s/iter; left time: 976.9969s
Epoch: 15 cost time: 11.45750880241394
Epoch: 15, Steps: 266 | Train Loss: 0.2339356 Vali Loss: 0.3720646 Test Loss: 0.2898046
EarlyStopping counter: 1 out of 20
Updating learning rate to 3.363610598571669e-05
	iters: 100, epoch: 16 | loss: 0.2122989
	speed: 0.1063s/iter; left time: 2392.1472s
	iters: 200, epoch: 16 | loss: 0.2061374
	speed: 0.0432s/iter; left time: 967.6710s
Epoch: 16 cost time: 11.473293781280518
Epoch: 16, Steps: 266 | Train Loss: 0.2302232 Vali Loss: 0.3642918 Test Loss: 0.2926693
EarlyStopping counter: 2 out of 20
Updating learning rate to 3.717257645707274e-05
	iters: 100, epoch: 17 | loss: 0.2139065
	speed: 0.1062s/iter; left time: 2361.5085s
	iters: 200, epoch: 17 | loss: 0.2317450
	speed: 0.0436s/iter; left time: 966.4992s
Epoch: 17 cost time: 11.510817527770996
Epoch: 17, Steps: 266 | Train Loss: 0.2264077 Vali Loss: 0.3688520 Test Loss: 0.2902142
EarlyStopping counter: 3 out of 20
Updating learning rate to 4.08004801022336e-05
	iters: 100, epoch: 18 | loss: 0.2222462
	speed: 0.1063s/iter; left time: 2336.1707s
	iters: 200, epoch: 18 | loss: 0.2425101
	speed: 0.0432s/iter; left time: 945.5267s
Epoch: 18 cost time: 11.488177061080933
Epoch: 18, Steps: 266 | Train Loss: 0.2227771 Vali Loss: 0.3680048 Test Loss: 0.2923270
EarlyStopping counter: 4 out of 20
Updating learning rate to 4.4497445486028815e-05
	iters: 100, epoch: 19 | loss: 0.2054471
	speed: 0.1062s/iter; left time: 2305.9701s
	iters: 200, epoch: 19 | loss: 0.2222247
	speed: 0.0432s/iter; left time: 934.3401s
Epoch: 19 cost time: 11.48204755783081
Epoch: 19, Steps: 266 | Train Loss: 0.2188426 Vali Loss: 0.3756668 Test Loss: 0.2953673
EarlyStopping counter: 5 out of 20
Updating learning rate to 4.8240675304698384e-05
	iters: 100, epoch: 20 | loss: 0.1953901
	speed: 0.1063s/iter; left time: 2280.8549s
	iters: 200, epoch: 20 | loss: 0.1961825
	speed: 0.0433s/iter; left time: 923.8445s
Epoch: 20 cost time: 11.491470336914062
Epoch: 20, Steps: 266 | Train Loss: 0.2149354 Vali Loss: 0.3760049 Test Loss: 0.2973919
EarlyStopping counter: 6 out of 20
Updating learning rate to 5.2007086965261054e-05
	iters: 100, epoch: 21 | loss: 0.2190494
	speed: 0.1064s/iter; left time: 2254.0483s
	iters: 200, epoch: 21 | loss: 0.2128365
	speed: 0.0432s/iter; left time: 911.6815s
Epoch: 21 cost time: 11.492835760116577
Epoch: 21, Steps: 266 | Train Loss: 0.2106328 Vali Loss: 0.3751776 Test Loss: 0.3004366
EarlyStopping counter: 7 out of 20
Updating learning rate to 5.5773454924116216e-05
	iters: 100, epoch: 22 | loss: 0.1930444
	speed: 0.1063s/iter; left time: 2223.5479s
	iters: 200, epoch: 22 | loss: 0.2011271
	speed: 0.0432s/iter; left time: 899.5069s
Epoch: 22 cost time: 11.478250741958618
Epoch: 22, Steps: 266 | Train Loss: 0.2059760 Vali Loss: 0.3824465 Test Loss: 0.3087983
EarlyStopping counter: 8 out of 20
Updating learning rate to 5.95165539071495e-05
	iters: 100, epoch: 23 | loss: 0.2023578
	speed: 0.1062s/iter; left time: 2192.3771s
	iters: 200, epoch: 23 | loss: 0.2147145
	speed: 0.0432s/iter; left time: 886.9988s
Epoch: 23 cost time: 11.472397327423096
Epoch: 23, Steps: 266 | Train Loss: 0.2020220 Vali Loss: 0.3920457 Test Loss: 0.3043138
EarlyStopping counter: 9 out of 20
Updating learning rate to 6.321330212817643e-05
	iters: 100, epoch: 24 | loss: 0.1966062
	speed: 0.1062s/iter; left time: 2163.8602s
	iters: 200, epoch: 24 | loss: 0.2022286
	speed: 0.0432s/iter; left time: 875.9753s
Epoch: 24 cost time: 11.469436645507812
Epoch: 24, Steps: 266 | Train Loss: 0.1974355 Vali Loss: 0.3810165 Test Loss: 0.3050508
EarlyStopping counter: 10 out of 20
Updating learning rate to 6.684090362256924e-05
	iters: 100, epoch: 25 | loss: 0.2009205
	speed: 0.1062s/iter; left time: 2135.8739s
	iters: 200, epoch: 25 | loss: 0.1795714
	speed: 0.0432s/iter; left time: 864.3290s
Epoch: 25 cost time: 11.470752716064453
Epoch: 25, Steps: 266 | Train Loss: 0.1931844 Vali Loss: 0.3852915 Test Loss: 0.3136676
EarlyStopping counter: 11 out of 20
Updating learning rate to 7.037698881836747e-05
	iters: 100, epoch: 26 | loss: 0.2009132
	speed: 0.1062s/iter; left time: 2108.9526s
	iters: 200, epoch: 26 | loss: 0.1937908
	speed: 0.0432s/iter; left time: 853.2139s
Epoch: 26 cost time: 11.475155115127563
Epoch: 26, Steps: 266 | Train Loss: 0.1885077 Vali Loss: 0.3911925 Test Loss: 0.3142267
EarlyStopping counter: 12 out of 20
Updating learning rate to 7.379975247804219e-05
	iters: 100, epoch: 27 | loss: 0.1777649
	speed: 0.1062s/iter; left time: 2079.7329s
	iters: 200, epoch: 27 | loss: 0.1740790
	speed: 0.0431s/iter; left time: 840.4781s
Epoch: 27 cost time: 11.458804845809937
Epoch: 27, Steps: 266 | Train Loss: 0.1843775 Vali Loss: 0.3942931 Test Loss: 0.3126132
EarlyStopping counter: 13 out of 20
Updating learning rate to 7.70880881602968e-05
	iters: 100, epoch: 28 | loss: 0.2053615
	speed: 0.1061s/iter; left time: 2050.4164s
	iters: 200, epoch: 28 | loss: 0.1731512
	speed: 0.0459s/iter; left time: 881.4259s
Epoch: 28 cost time: 11.724953174591064
Epoch: 28, Steps: 266 | Train Loss: 0.1796070 Vali Loss: 0.4069726 Test Loss: 0.3151396
EarlyStopping counter: 14 out of 20
Updating learning rate to 8.02217183727475e-05
	iters: 100, epoch: 29 | loss: 0.1797051
	speed: 0.1060s/iter; left time: 2018.8355s
	iters: 200, epoch: 29 | loss: 0.1643886
	speed: 0.0431s/iter; left time: 817.6340s
Epoch: 29 cost time: 11.454380989074707
Epoch: 29, Steps: 266 | Train Loss: 0.1749744 Vali Loss: 0.4041002 Test Loss: 0.3219062
EarlyStopping counter: 15 out of 20
Updating learning rate to 8.318131961289731e-05
	iters: 100, epoch: 30 | loss: 0.1786218
	speed: 0.1060s/iter; left time: 1992.1113s
	iters: 200, epoch: 30 | loss: 0.1795990
	speed: 0.0431s/iter; left time: 805.7305s
Epoch: 30 cost time: 11.44728136062622
Epoch: 30, Steps: 266 | Train Loss: 0.1703479 Vali Loss: 0.4129858 Test Loss: 0.3261727
EarlyStopping counter: 16 out of 20
Updating learning rate to 8.59486415263404e-05
	iters: 100, epoch: 31 | loss: 0.1571616
	speed: 0.1060s/iter; left time: 1963.6786s
	iters: 200, epoch: 31 | loss: 0.1616704
	speed: 0.0431s/iter; left time: 794.2065s
Epoch: 31 cost time: 11.449314594268799
Epoch: 31, Steps: 266 | Train Loss: 0.1663331 Vali Loss: 0.4256298 Test Loss: 0.3270199
EarlyStopping counter: 17 out of 20
Updating learning rate to 8.850661944740828e-05
	iters: 100, epoch: 32 | loss: 0.1497362
	speed: 0.1061s/iter; left time: 1936.9223s
	iters: 200, epoch: 32 | loss: 0.1581289
	speed: 0.0431s/iter; left time: 783.0654s
Epoch: 32 cost time: 11.45229721069336
Epoch: 32, Steps: 266 | Train Loss: 0.1619641 Vali Loss: 0.4179178 Test Loss: 0.3294758
EarlyStopping counter: 18 out of 20
Updating learning rate to 9.083947962827694e-05
	iters: 100, epoch: 33 | loss: 0.1616120
	speed: 0.1060s/iter; left time: 1906.1472s
	iters: 200, epoch: 33 | loss: 0.1508935
	speed: 0.0431s/iter; left time: 771.6771s
Epoch: 33 cost time: 11.453129053115845
Epoch: 33, Steps: 266 | Train Loss: 0.1576321 Vali Loss: 0.4322406 Test Loss: 0.3302462
EarlyStopping counter: 19 out of 20
Updating learning rate to 9.293283650764084e-05
	iters: 100, epoch: 34 | loss: 0.1695958
	speed: 0.1060s/iter; left time: 1878.6225s
	iters: 200, epoch: 34 | loss: 0.1645898
	speed: 0.0431s/iter; left time: 759.6509s
Epoch: 34 cost time: 11.444594860076904
Epoch: 34, Steps: 266 | Train Loss: 0.1534469 Vali Loss: 0.4306788 Test Loss: 0.3372715
EarlyStopping counter: 20 out of 20
Early stopping
>>>>>>>testing : NL_ettm1_cms3_lr0.00005_spc_336_96_PatchTST_ETTm1_ftM_sl336_ll48_pl96_dm128_nh16_el3_dl1_df256_fc1_ebtimeF_dtTruelr5e-05_polspc_Nested_Learning_0<<<<<<<<<<<<<<<<<<<<<<<<<<<<<<<<<
test 11425
 Ejecutando Inferencia DINÁMICA (Nested Learning con cms3)
  -> Política: spc | LR: 5e-05 | Target: head

RESUMEN: El CMS se actualizó 0 veces de 89 posibles.

mse:0.2887103259563446, mae:0.34337547421455383, rse:0.5111150741577148
Args in experiment:
Namespace(random_seed=2021, is_training=1, model_id='NL_ettm1_cms3_lr0.00005_spc_336_192', model='PatchTST', data='ETTm1', root_path='./dataset/', data_path='ETTm1.csv', features='M', target='OT', freq='h', checkpoints='./checkpoints/', seq_len=336, label_len=48, pred_len=192, head_type='cms3', cms_lr=5e-05, update_policy='spc', fc_dropout=0.2, head_dropout=0.0, patch_len=16, stride=8, padding_patch='end', revin=1, affine=0, subtract_last=0, decomposition=0, kernel_size=25, individual=0, embed_type=0, enc_in=7, dec_in=7, c_out=7, d_model=128, n_heads=16, e_layers=3, d_layers=1, d_ff=256, moving_avg=25, factor=1, distil=True, dropout=0.2, embed='timeF', activation='gelu', output_attention=False, do_predict=False, num_workers=0, itr=1, train_epochs=100, batch_size=128, patience=20, learning_rate=0.0001, des='Nested_Learning', loss='mse', lradj='TST', pct_start=0.4, use_amp=False, use_gpu=True, gpu=0, use_multi_gpu=False, devices='0,1,2,3', test_flop=False)
Use GPU: cuda:0
>>>>>>>start training : NL_ettm1_cms3_lr0.00005_spc_336_192_PatchTST_ETTm1_ftM_sl336_ll48_pl192_dm128_nh16_el3_dl1_df256_fc1_ebtimeF_dtTruelr5e-05_polspc_Nested_Learning_0>>>>>>>>>>>>>>>>>>>>>>>>>>
train 34033
val 11329
test 11329
	iters: 100, epoch: 1 | loss: 0.4506711
	speed: 0.0836s/iter; left time: 2207.1580s
	iters: 200, epoch: 1 | loss: 0.3937093
	speed: 0.0429s/iter; left time: 1128.8599s
Epoch: 1 cost time: 11.69754409790039
Epoch: 1, Steps: 265 | Train Loss: 0.4648885 Vali Loss: 0.5774979 Test Loss: 0.4019476
Validation loss decreased (inf --> 0.577498).  Saving model ...
Updating learning rate to 4.147995888890545e-06
	iters: 100, epoch: 2 | loss: 0.3657438
	speed: 0.1168s/iter; left time: 3053.3043s
	iters: 200, epoch: 2 | loss: 0.3558531
	speed: 0.0433s/iter; left time: 1127.0300s
Epoch: 2 cost time: 11.459948301315308
Epoch: 2, Steps: 265 | Train Loss: 0.3726311 Vali Loss: 0.5337191 Test Loss: 0.3673704
Validation loss decreased (0.577498 --> 0.533719).  Saving model ...
Updating learning rate to 4.591070939598485e-06
	iters: 100, epoch: 3 | loss: 0.3586042
	speed: 0.1084s/iter; left time: 2805.2705s
	iters: 200, epoch: 3 | loss: 0.3462822
	speed: 0.0435s/iter; left time: 1120.0535s
Epoch: 3 cost time: 11.514889240264893
Epoch: 3, Steps: 265 | Train Loss: 0.3469251 Vali Loss: 0.5180517 Test Loss: 0.3546921
Validation loss decreased (0.533719 --> 0.518052).  Saving model ...
Updating learning rate to 5.326492931874866e-06
	iters: 100, epoch: 4 | loss: 0.3655663
	speed: 0.1087s/iter; left time: 2783.1670s
	iters: 200, epoch: 4 | loss: 0.3508619
	speed: 0.0435s/iter; left time: 1109.6640s
Epoch: 4 cost time: 11.524081230163574
Epoch: 4, Steps: 265 | Train Loss: 0.3329972 Vali Loss: 0.5112925 Test Loss: 0.3467820
Validation loss decreased (0.518052 --> 0.511293).  Saving model ...
Updating learning rate to 6.349726889409005e-06
	iters: 100, epoch: 5 | loss: 0.3154499
	speed: 0.1101s/iter; left time: 2788.8783s
	iters: 200, epoch: 5 | loss: 0.3053218
	speed: 0.0435s/iter; left time: 1098.7205s
Epoch: 5 cost time: 11.533243417739868
Epoch: 5, Steps: 265 | Train Loss: 0.3248509 Vali Loss: 0.5071132 Test Loss: 0.3437988
Validation loss decreased (0.511293 --> 0.507113).  Saving model ...
Updating learning rate to 7.654463044738896e-06
	iters: 100, epoch: 6 | loss: 0.3467458
	speed: 0.1086s/iter; left time: 2722.6655s
	iters: 200, epoch: 6 | loss: 0.3299186
	speed: 0.0436s/iter; left time: 1089.2754s
Epoch: 6 cost time: 11.544820070266724
Epoch: 6, Steps: 265 | Train Loss: 0.3190995 Vali Loss: 0.5035132 Test Loss: 0.3404150
Validation loss decreased (0.507113 --> 0.503513).  Saving model ...
Updating learning rate to 9.232655748403029e-06
	iters: 100, epoch: 7 | loss: 0.2958563
	speed: 0.1084s/iter; left time: 2690.0871s
	iters: 200, epoch: 7 | loss: 0.3006550
	speed: 0.0436s/iter; left time: 1077.4088s
Epoch: 7 cost time: 11.544227361679077
Epoch: 7, Steps: 265 | Train Loss: 0.3143922 Vali Loss: 0.5012373 Test Loss: 0.3370318
Validation loss decreased (0.503513 --> 0.501237).  Saving model ...
Updating learning rate to 1.107457308240065e-05
	iters: 100, epoch: 8 | loss: 0.3225713
	speed: 0.1086s/iter; left time: 2665.2375s
	iters: 200, epoch: 8 | loss: 0.3192253
	speed: 0.0436s/iter; left time: 1065.2783s
Epoch: 8 cost time: 11.53572964668274
Epoch: 8, Steps: 265 | Train Loss: 0.3095070 Vali Loss: 0.5007778 Test Loss: 0.3360505
Validation loss decreased (0.501237 --> 0.500778).  Saving model ...
Updating learning rate to 1.3168856872018862e-05
	iters: 100, epoch: 9 | loss: 0.2711228
	speed: 0.1091s/iter; left time: 2649.8565s
	iters: 200, epoch: 9 | loss: 0.3110910
	speed: 0.0435s/iter; left time: 1052.8869s
Epoch: 9 cost time: 11.535573720932007
Epoch: 9, Steps: 265 | Train Loss: 0.3049020 Vali Loss: 0.4941268 Test Loss: 0.3350413
Validation loss decreased (0.500778 --> 0.494127).  Saving model ...
Updating learning rate to 1.550259272596464e-05
	iters: 100, epoch: 10 | loss: 0.3023959
	speed: 0.1089s/iter; left time: 2615.7259s
	iters: 200, epoch: 10 | loss: 0.3050468
	speed: 0.0436s/iter; left time: 1041.7096s
Epoch: 10 cost time: 11.535072088241577
Epoch: 10, Steps: 265 | Train Loss: 0.3003236 Vali Loss: 0.4917324 Test Loss: 0.3317919
Validation loss decreased (0.494127 --> 0.491732).  Saving model ...
Updating learning rate to 1.806138967289881e-05
	iters: 100, epoch: 11 | loss: 0.2820722
	speed: 0.1089s/iter; left time: 2586.3881s
	iters: 200, epoch: 11 | loss: 0.3097670
	speed: 0.0436s/iter; left time: 1031.7969s
Epoch: 11 cost time: 11.54562520980835
Epoch: 11, Steps: 265 | Train Loss: 0.2954088 Vali Loss: 0.4868875 Test Loss: 0.3321212
Validation loss decreased (0.491732 --> 0.486887).  Saving model ...
Updating learning rate to 2.0829468903294163e-05
	iters: 100, epoch: 12 | loss: 0.2975336
	speed: 0.1093s/iter; left time: 2566.2959s
	iters: 200, epoch: 12 | loss: 0.2998197
	speed: 0.0437s/iter; left time: 1021.1597s
Epoch: 12 cost time: 11.550375699996948
Epoch: 12, Steps: 265 | Train Loss: 0.2912951 Vali Loss: 0.4862186 Test Loss: 0.3312507
Validation loss decreased (0.486887 --> 0.486219).  Saving model ...
Updating learning rate to 2.3789761069391508e-05
	iters: 100, epoch: 13 | loss: 0.3010364
	speed: 0.1095s/iter; left time: 2543.7545s
	iters: 200, epoch: 13 | loss: 0.2669314
	speed: 0.0437s/iter; left time: 1010.9306s
Epoch: 13 cost time: 11.566482543945312
Epoch: 13, Steps: 265 | Train Loss: 0.2873721 Vali Loss: 0.4840961 Test Loss: 0.3325612
Validation loss decreased (0.486219 --> 0.484096).  Saving model ...
Updating learning rate to 2.692401154325343e-05
	iters: 100, epoch: 14 | loss: 0.2617524
	speed: 0.1092s/iter; left time: 2507.0807s
	iters: 200, epoch: 14 | loss: 0.2983500
	speed: 0.0438s/iter; left time: 1000.3553s
Epoch: 14 cost time: 11.580204486846924
Epoch: 14, Steps: 265 | Train Loss: 0.2837866 Vali Loss: 0.4853282 Test Loss: 0.3329181
EarlyStopping counter: 1 out of 20
Updating learning rate to 3.0212892983843068e-05
	iters: 100, epoch: 15 | loss: 0.2568742
	speed: 0.1077s/iter; left time: 2443.6708s
	iters: 200, epoch: 15 | loss: 0.2920174
	speed: 0.0438s/iter; left time: 989.3290s
Epoch: 15 cost time: 11.5974440574646
Epoch: 15, Steps: 265 | Train Loss: 0.2801785 Vali Loss: 0.4844773 Test Loss: 0.3309889
EarlyStopping counter: 2 out of 20
Updating learning rate to 3.3636124518983084e-05
	iters: 100, epoch: 16 | loss: 0.3039158
	speed: 0.1078s/iter; left time: 2417.1741s
	iters: 200, epoch: 16 | loss: 0.2872305
	speed: 0.0439s/iter; left time: 979.7291s
Epoch: 16 cost time: 11.619327306747437
Epoch: 16, Steps: 265 | Train Loss: 0.2769038 Vali Loss: 0.4866788 Test Loss: 0.3328045
EarlyStopping counter: 3 out of 20
Updating learning rate to 3.717259680726015e-05
	iters: 100, epoch: 17 | loss: 0.3011688
	speed: 0.1078s/iter; left time: 2389.0883s
	iters: 200, epoch: 17 | loss: 0.2931720
	speed: 0.0439s/iter; left time: 968.0439s
Epoch: 17 cost time: 11.613238096237183
Epoch: 17, Steps: 265 | Train Loss: 0.2734468 Vali Loss: 0.4807405 Test Loss: 0.3334963
Validation loss decreased (0.484096 --> 0.480741).  Saving model ...
Updating learning rate to 4.080050220868085e-05
	iters: 100, epoch: 18 | loss: 0.2481918
	speed: 0.1096s/iter; left time: 2398.7893s
	iters: 200, epoch: 18 | loss: 0.2679939
	speed: 0.0439s/iter; left time: 957.2507s
Epoch: 18 cost time: 11.617470502853394
Epoch: 18, Steps: 265 | Train Loss: 0.2699145 Vali Loss: 0.4855880 Test Loss: 0.3362143
EarlyStopping counter: 1 out of 20
Updating learning rate to 4.449746926138297e-05
	iters: 100, epoch: 19 | loss: 0.2772221
	speed: 0.1080s/iter; left time: 2335.8017s
	iters: 200, epoch: 19 | loss: 0.2442447
	speed: 0.0439s/iter; left time: 945.9703s
Epoch: 19 cost time: 11.632123947143555
Epoch: 19, Steps: 265 | Train Loss: 0.2659265 Vali Loss: 0.4877026 Test Loss: 0.3386972
EarlyStopping counter: 2 out of 20
Updating learning rate to 4.824070063515135e-05
	iters: 100, epoch: 20 | loss: 0.2637188
	speed: 0.1080s/iter; left time: 2307.1307s
	iters: 200, epoch: 20 | loss: 0.2801964
	speed: 0.0439s/iter; left time: 934.0123s
Epoch: 20 cost time: 11.630170345306396
Epoch: 20, Steps: 265 | Train Loss: 0.2614800 Vali Loss: 0.4962242 Test Loss: 0.3396150
EarlyStopping counter: 3 out of 20
Updating learning rate to 5.200711371104918e-05
	iters: 100, epoch: 21 | loss: 0.2583793
	speed: 0.1083s/iter; left time: 2284.6297s
	iters: 200, epoch: 21 | loss: 0.2487683
	speed: 0.0440s/iter; left time: 924.9975s
Epoch: 21 cost time: 11.651333570480347
Epoch: 21, Steps: 265 | Train Loss: 0.2570923 Vali Loss: 0.5008554 Test Loss: 0.3451206
EarlyStopping counter: 4 out of 20
Updating learning rate to 5.577348292028073e-05
	iters: 100, epoch: 22 | loss: 0.2593271
	speed: 0.1080s/iter; left time: 2251.0484s
	iters: 200, epoch: 22 | loss: 0.2534383
	speed: 0.0441s/iter; left time: 914.2032s
Epoch: 22 cost time: 11.659487247467041
Epoch: 22, Steps: 265 | Train Loss: 0.2523639 Vali Loss: 0.5068136 Test Loss: 0.3451052
EarlyStopping counter: 5 out of 20
Updating learning rate to 5.9516582964553954e-05
	iters: 100, epoch: 23 | loss: 0.2392184
	speed: 0.1083s/iter; left time: 2228.1559s
	iters: 200, epoch: 23 | loss: 0.2440168
	speed: 0.0441s/iter; left time: 903.5919s
Epoch: 23 cost time: 11.680560827255249
Epoch: 23, Steps: 265 | Train Loss: 0.2475881 Vali Loss: 0.5056377 Test Loss: 0.3460480
EarlyStopping counter: 6 out of 20
Updating learning rate to 6.321333203477474e-05
	iters: 100, epoch: 24 | loss: 0.2462858
	speed: 0.1083s/iter; left time: 2199.4882s
	iters: 200, epoch: 24 | loss: 0.2617551
	speed: 0.0441s/iter; left time: 891.6767s
Epoch: 24 cost time: 11.677250862121582
Epoch: 24, Steps: 265 | Train Loss: 0.2428315 Vali Loss: 0.5103140 Test Loss: 0.3493099
EarlyStopping counter: 7 out of 20
Updating learning rate to 6.684093414491588e-05
	iters: 100, epoch: 25 | loss: 0.2373638
	speed: 0.1084s/iter; left time: 2171.7606s
	iters: 200, epoch: 25 | loss: 0.2298780
	speed: 0.0440s/iter; left time: 877.6081s
Epoch: 25 cost time: 11.666876792907715
Epoch: 25, Steps: 265 | Train Loss: 0.2378612 Vali Loss: 0.5205917 Test Loss: 0.3533576
EarlyStopping counter: 8 out of 20
Updating learning rate to 7.037701970335941e-05
	iters: 100, epoch: 26 | loss: 0.2196989
	speed: 0.1083s/iter; left time: 2142.3526s
	iters: 200, epoch: 26 | loss: 0.2450961
	speed: 0.0441s/iter; left time: 867.2290s
Epoch: 26 cost time: 11.67514967918396
Epoch: 26, Steps: 265 | Train Loss: 0.2326296 Vali Loss: 0.5118794 Test Loss: 0.3543920
EarlyStopping counter: 9 out of 20
Updating learning rate to 7.379978345487968e-05
	iters: 100, epoch: 27 | loss: 0.2308557
	speed: 0.1083s/iter; left time: 2112.7404s
	iters: 200, epoch: 27 | loss: 0.2279686
	speed: 0.0441s/iter; left time: 855.7663s
Epoch: 27 cost time: 11.67308259010315
Epoch: 27, Steps: 265 | Train Loss: 0.2276379 Vali Loss: 0.5150563 Test Loss: 0.3623902
EarlyStopping counter: 10 out of 20
Updating learning rate to 7.70881189426489e-05
	iters: 100, epoch: 28 | loss: 0.2213905
	speed: 0.1083s/iter; left time: 2084.5330s
	iters: 200, epoch: 28 | loss: 0.2204787
	speed: 0.0441s/iter; left time: 844.4070s
Epoch: 28 cost time: 11.674947023391724
Epoch: 28, Steps: 265 | Train Loss: 0.2227309 Vali Loss: 0.5365312 Test Loss: 0.3619728
EarlyStopping counter: 11 out of 20
Updating learning rate to 8.022174866110521e-05
	iters: 100, epoch: 29 | loss: 0.2147179
	speed: 0.1084s/iter; left time: 2057.8005s
	iters: 200, epoch: 29 | loss: 0.2140011
	speed: 0.0441s/iter; left time: 832.1609s
Epoch: 29 cost time: 11.67623519897461
Epoch: 29, Steps: 265 | Train Loss: 0.2176559 Vali Loss: 0.5372401 Test Loss: 0.3697598
EarlyStopping counter: 12 out of 20
Updating learning rate to 8.318134909709714e-05
	iters: 100, epoch: 30 | loss: 0.2459686
	speed: 0.1083s/iter; left time: 2027.1397s
	iters: 200, epoch: 30 | loss: 0.2018583
	speed: 0.0441s/iter; left time: 821.7497s
Epoch: 30 cost time: 11.678561210632324
Epoch: 30, Steps: 265 | Train Loss: 0.2124619 Vali Loss: 0.5365576 Test Loss: 0.3665060
EarlyStopping counter: 13 out of 20
Updating learning rate to 8.594866988823775e-05
	iters: 100, epoch: 31 | loss: 0.2213918
	speed: 0.1083s/iter; left time: 1998.3958s
	iters: 200, epoch: 31 | loss: 0.2222194
	speed: 0.0441s/iter; left time: 809.1497s
Epoch: 31 cost time: 11.67685341835022
Epoch: 31, Steps: 265 | Train Loss: 0.2075957 Vali Loss: 0.5394548 Test Loss: 0.3683824
EarlyStopping counter: 14 out of 20
Updating learning rate to 8.850664636367998e-05
	iters: 100, epoch: 32 | loss: 0.1945277
	speed: 0.1083s/iter; left time: 1969.9697s
	iters: 200, epoch: 32 | loss: 0.2001410
	speed: 0.0442s/iter; left time: 798.9666s
Epoch: 32 cost time: 11.687267541885376
Epoch: 32, Steps: 265 | Train Loss: 0.2028300 Vali Loss: 0.5561162 Test Loss: 0.3736819
EarlyStopping counter: 15 out of 20
Updating learning rate to 9.083950477333033e-05
	iters: 100, epoch: 33 | loss: 0.1946202
	speed: 0.1083s/iter; left time: 1941.6237s
	iters: 200, epoch: 33 | loss: 0.2027978
	speed: 0.0441s/iter; left time: 786.0240s
Epoch: 33 cost time: 11.682372570037842
Epoch: 33, Steps: 265 | Train Loss: 0.1980585 Vali Loss: 0.5483499 Test Loss: 0.3735138
EarlyStopping counter: 16 out of 20
Updating learning rate to 9.293285955660577e-05
	iters: 100, epoch: 34 | loss: 0.1932260
	speed: 0.1085s/iter; left time: 1915.9076s
	iters: 200, epoch: 34 | loss: 0.1938974
	speed: 0.0442s/iter; left time: 775.1479s
Epoch: 34 cost time: 11.689504384994507
Epoch: 34, Steps: 265 | Train Loss: 0.1934094 Vali Loss: 0.5536993 Test Loss: 0.3830780
EarlyStopping counter: 17 out of 20
Updating learning rate to 9.477380205092656e-05
	iters: 100, epoch: 35 | loss: 0.1979233
	speed: 0.1083s/iter; left time: 1883.7600s
	iters: 200, epoch: 35 | loss: 0.1871115
	speed: 0.0441s/iter; left time: 762.4197s
Epoch: 35 cost time: 11.67659592628479
Epoch: 35, Steps: 265 | Train Loss: 0.1890648 Vali Loss: 0.5670332 Test Loss: 0.3784617
EarlyStopping counter: 18 out of 20
Updating learning rate to 9.635098009292423e-05
	iters: 100, epoch: 36 | loss: 0.1767437
	speed: 0.1082s/iter; left time: 1852.8174s
	iters: 200, epoch: 36 | loss: 0.1861810
	speed: 0.0441s/iter; left time: 750.6748s
Epoch: 36 cost time: 11.666988372802734
Epoch: 36, Steps: 265 | Train Loss: 0.1845974 Vali Loss: 0.5710477 Test Loss: 0.3854485
EarlyStopping counter: 19 out of 20
Updating learning rate to 9.765466802150444e-05
	iters: 100, epoch: 37 | loss: 0.1785082
	speed: 0.1083s/iter; left time: 1826.6055s
	iters: 200, epoch: 37 | loss: 0.1784738
	speed: 0.0441s/iter; left time: 739.6250s
Epoch: 37 cost time: 11.679156064987183
Epoch: 37, Steps: 265 | Train Loss: 0.1807035 Vali Loss: 0.5761102 Test Loss: 0.3855290
EarlyStopping counter: 20 out of 20
Early stopping
>>>>>>>testing : NL_ettm1_cms3_lr0.00005_spc_336_192_PatchTST_ETTm1_ftM_sl336_ll48_pl192_dm128_nh16_el3_dl1_df256_fc1_ebtimeF_dtTruelr5e-05_polspc_Nested_Learning_0<<<<<<<<<<<<<<<<<<<<<<<<<<<<<<<<<
test 11329
 Ejecutando Inferencia DINÁMICA (Nested Learning con cms3)
  -> Política: spc | LR: 5e-05 | Target: head

RESUMEN: El CMS se actualizó 0 veces de 88 posibles.

mse:0.3334963023662567, mae:0.372709721326828, rse:0.5492751598358154
Args in experiment:
Namespace(random_seed=2021, is_training=1, model_id='NL_ettm1_cms3_lr0.00005_spc_336_336', model='PatchTST', data='ETTm1', root_path='./dataset/', data_path='ETTm1.csv', features='M', target='OT', freq='h', checkpoints='./checkpoints/', seq_len=336, label_len=48, pred_len=336, head_type='cms3', cms_lr=5e-05, update_policy='spc', fc_dropout=0.2, head_dropout=0.0, patch_len=16, stride=8, padding_patch='end', revin=1, affine=0, subtract_last=0, decomposition=0, kernel_size=25, individual=0, embed_type=0, enc_in=7, dec_in=7, c_out=7, d_model=128, n_heads=16, e_layers=3, d_layers=1, d_ff=256, moving_avg=25, factor=1, distil=True, dropout=0.2, embed='timeF', activation='gelu', output_attention=False, do_predict=False, num_workers=0, itr=1, train_epochs=100, batch_size=128, patience=20, learning_rate=0.0001, des='Nested_Learning', loss='mse', lradj='TST', pct_start=0.4, use_amp=False, use_gpu=True, gpu=0, use_multi_gpu=False, devices='0,1,2,3', test_flop=False)
Use GPU: cuda:0
>>>>>>>start training : NL_ettm1_cms3_lr0.00005_spc_336_336_PatchTST_ETTm1_ftM_sl336_ll48_pl336_dm128_nh16_el3_dl1_df256_fc1_ebtimeF_dtTruelr5e-05_polspc_Nested_Learning_0>>>>>>>>>>>>>>>>>>>>>>>>>>
train 33889
val 11185
test 11185
	iters: 100, epoch: 1 | loss: 0.5140425
	speed: 0.0854s/iter; left time: 2247.0513s
	iters: 200, epoch: 1 | loss: 0.4381870
	speed: 0.0439s/iter; left time: 1151.1361s
Epoch: 1 cost time: 11.922045946121216
Epoch: 1, Steps: 264 | Train Loss: 0.4974382 Vali Loss: 0.7166215 Test Loss: 0.4313312
Validation loss decreased (inf --> 0.716622).  Saving model ...
Updating learning rate to 4.147995994617984e-06
	iters: 100, epoch: 2 | loss: 0.4020090
	speed: 0.1118s/iter; left time: 2910.8100s
	iters: 200, epoch: 2 | loss: 0.4121056
	speed: 0.0446s/iter; left time: 1156.5953s
Epoch: 2 cost time: 11.745336294174194
Epoch: 2, Steps: 264 | Train Loss: 0.4106663 Vali Loss: 0.6774726 Test Loss: 0.3995948
Validation loss decreased (0.716622 --> 0.677473).  Saving model ...
Updating learning rate to 4.591071361204269e-06
	iters: 100, epoch: 3 | loss: 0.3853256
	speed: 0.1127s/iter; left time: 2905.7265s
	iters: 200, epoch: 3 | loss: 0.3804908
	speed: 0.0450s/iter; left time: 1155.7130s
Epoch: 3 cost time: 11.84817385673523
Epoch: 3, Steps: 264 | Train Loss: 0.3868276 Vali Loss: 0.6640519 Test Loss: 0.3872305
Validation loss decreased (0.677473 --> 0.664052).  Saving model ...
Updating learning rate to 5.3264938756102174e-06
	iters: 100, epoch: 4 | loss: 0.3141984
	speed: 0.1136s/iter; left time: 2896.9704s
	iters: 200, epoch: 4 | loss: 0.3777660
	speed: 0.0450s/iter; left time: 1143.8387s
Epoch: 4 cost time: 11.870153188705444
Epoch: 4, Steps: 264 | Train Loss: 0.3743066 Vali Loss: 0.6582824 Test Loss: 0.3819722
Validation loss decreased (0.664052 --> 0.658282).  Saving model ...
Updating learning rate to 6.349728555065631e-06
	iters: 100, epoch: 5 | loss: 0.4001753
	speed: 0.1135s/iter; left time: 2865.9489s
	iters: 200, epoch: 5 | loss: 0.3608743
	speed: 0.0451s/iter; left time: 1133.2693s
Epoch: 5 cost time: 11.874791622161865
Epoch: 5, Steps: 264 | Train Loss: 0.3674707 Vali Loss: 0.6539101 Test Loss: 0.3774575
Validation loss decreased (0.658282 --> 0.653910).  Saving model ...
Updating learning rate to 7.654465623149092e-06
	iters: 100, epoch: 6 | loss: 0.3362351
	speed: 0.1132s/iter; left time: 2827.3162s
	iters: 200, epoch: 6 | loss: 0.3469288
	speed: 0.0450s/iter; left time: 1120.2961s
Epoch: 6 cost time: 11.868692636489868
Epoch: 6, Steps: 264 | Train Loss: 0.3628424 Vali Loss: 0.6520472 Test Loss: 0.3750446
Validation loss decreased (0.653910 --> 0.652047).  Saving model ...
Updating learning rate to 9.232659419022894e-06
	iters: 100, epoch: 7 | loss: 0.3734627
	speed: 0.1133s/iter; left time: 2799.5135s
	iters: 200, epoch: 7 | loss: 0.3751354
	speed: 0.0450s/iter; left time: 1106.9212s
Epoch: 7 cost time: 11.858871221542358
Epoch: 7, Steps: 264 | Train Loss: 0.3592151 Vali Loss: 0.6498386 Test Loss: 0.3728930
Validation loss decreased (0.652047 --> 0.649839).  Saving model ...
Updating learning rate to 1.1074578010998666e-05
	iters: 100, epoch: 8 | loss: 0.3456098
	speed: 0.1156s/iter; left time: 2827.1100s
	iters: 200, epoch: 8 | loss: 0.3662007
	speed: 0.0449s/iter; left time: 1094.2854s
Epoch: 8 cost time: 11.837707757949829
Epoch: 8, Steps: 264 | Train Loss: 0.3555515 Vali Loss: 0.6442784 Test Loss: 0.3703885
Validation loss decreased (0.649839 --> 0.644278).  Saving model ...
Updating learning rate to 1.3168863208492038e-05
	iters: 100, epoch: 9 | loss: 0.3530010
	speed: 0.1123s/iter; left time: 2717.3255s
	iters: 200, epoch: 9 | loss: 0.3301583
	speed: 0.0449s/iter; left time: 1082.5982s
Epoch: 9 cost time: 11.844802379608154
Epoch: 9, Steps: 264 | Train Loss: 0.3512254 Vali Loss: 0.6388066 Test Loss: 0.3682497
Validation loss decreased (0.644278 --> 0.638807).  Saving model ...
Updating learning rate to 1.5502600602302323e-05
	iters: 100, epoch: 10 | loss: 0.3324361
	speed: 0.1139s/iter; left time: 2725.9185s
	iters: 200, epoch: 10 | loss: 0.3710380
	speed: 0.0449s/iter; left time: 1070.7270s
Epoch: 10 cost time: 11.827387809753418
Epoch: 10, Steps: 264 | Train Loss: 0.3464473 Vali Loss: 0.6420273 Test Loss: 0.3661721
EarlyStopping counter: 1 out of 20
Updating learning rate to 1.8061399201313948e-05
	iters: 100, epoch: 11 | loss: 0.3604747
	speed: 0.1106s/iter; left time: 2617.2508s
	iters: 200, epoch: 11 | loss: 0.3560478
	speed: 0.0449s/iter; left time: 1058.5657s
Epoch: 11 cost time: 11.839046955108643
Epoch: 11, Steps: 264 | Train Loss: 0.3415889 Vali Loss: 0.6417990 Test Loss: 0.3662030
EarlyStopping counter: 2 out of 20
Updating learning rate to 2.08294801745399e-05
	iters: 100, epoch: 12 | loss: 0.3298075
	speed: 0.1104s/iter; left time: 2583.0796s
	iters: 200, epoch: 12 | loss: 0.3304015
	speed: 0.0449s/iter; left time: 1046.9153s
Epoch: 12 cost time: 11.841126441955566
Epoch: 12, Steps: 264 | Train Loss: 0.3371959 Vali Loss: 0.6354758 Test Loss: 0.3657495
Validation loss decreased (0.638807 --> 0.635476).  Saving model ...
Updating learning rate to 2.378977415127951e-05
	iters: 100, epoch: 13 | loss: 0.3503948
	speed: 0.1131s/iter; left time: 2616.7603s
	iters: 200, epoch: 13 | loss: 0.3269839
	speed: 0.0449s/iter; left time: 1033.5809s
Epoch: 13 cost time: 11.811574459075928
Epoch: 13, Steps: 264 | Train Loss: 0.3329773 Vali Loss: 0.6358024 Test Loss: 0.3643768
EarlyStopping counter: 1 out of 20
Updating learning rate to 2.6924026479389104e-05
	iters: 100, epoch: 14 | loss: 0.3064129
	speed: 0.1104s/iter; left time: 2525.0088s
	iters: 200, epoch: 14 | loss: 0.3577953
	speed: 0.0449s/iter; left time: 1021.9856s
Epoch: 14 cost time: 11.82479453086853
Epoch: 14, Steps: 264 | Train Loss: 0.3291495 Vali Loss: 0.6325254 Test Loss: 0.3660085
Validation loss decreased (0.635476 --> 0.632525).  Saving model ...
Updating learning rate to 3.0212909792590238e-05
	iters: 100, epoch: 15 | loss: 0.3190315
	speed: 0.1116s/iter; left time: 2522.1129s
	iters: 200, epoch: 15 | loss: 0.3398869
	speed: 0.0449s/iter; left time: 1009.4000s
Epoch: 15 cost time: 11.81642770767212
Epoch: 15, Steps: 264 | Train Loss: 0.3255375 Vali Loss: 0.6284474 Test Loss: 0.3664186
Validation loss decreased (0.632525 --> 0.628447).  Saving model ...
Updating learning rate to 3.363614319266957e-05
	iters: 100, epoch: 16 | loss: 0.2974609
	speed: 0.1116s/iter; left time: 2492.1667s
	iters: 200, epoch: 16 | loss: 0.3288579
	speed: 0.0448s/iter; left time: 995.9534s
Epoch: 16 cost time: 11.808230638504028
Epoch: 16, Steps: 264 | Train Loss: 0.3221598 Vali Loss: 0.6364385 Test Loss: 0.3663281
EarlyStopping counter: 1 out of 20
Updating learning rate to 3.7172617311633196e-05
	iters: 100, epoch: 17 | loss: 0.3052123
	speed: 0.1101s/iter; left time: 2431.6873s
	iters: 200, epoch: 17 | loss: 0.2841989
	speed: 0.0448s/iter; left time: 983.5939s
Epoch: 17 cost time: 11.799378395080566
Epoch: 17, Steps: 264 | Train Loss: 0.3184898 Vali Loss: 0.6400172 Test Loss: 0.3659348
EarlyStopping counter: 2 out of 20
Updating learning rate to 4.0800524482619576e-05
	iters: 100, epoch: 18 | loss: 0.3392167
	speed: 0.1104s/iter; left time: 2407.3461s
	iters: 200, epoch: 18 | loss: 0.3085625
	speed: 0.0447s/iter; left time: 971.2603s
Epoch: 18 cost time: 11.809425354003906
Epoch: 18, Steps: 264 | Train Loss: 0.3146315 Vali Loss: 0.6341311 Test Loss: 0.3669105
EarlyStopping counter: 3 out of 20
Updating learning rate to 4.449749321687241e-05
	iters: 100, epoch: 19 | loss: 0.3052885
	speed: 0.1101s/iter; left time: 2371.9292s
	iters: 200, epoch: 19 | loss: 0.2883812
	speed: 0.0447s/iter; left time: 959.7873s
Epoch: 19 cost time: 11.793673992156982
Epoch: 19, Steps: 264 | Train Loss: 0.3106009 Vali Loss: 0.6387613 Test Loss: 0.3678509
EarlyStopping counter: 4 out of 20
Updating learning rate to 4.824072615752094e-05
	iters: 100, epoch: 20 | loss: 0.3110998
	speed: 0.1103s/iter; left time: 2347.6472s
	iters: 200, epoch: 20 | loss: 0.2792461
	speed: 0.0448s/iter; left time: 949.0766s
Epoch: 20 cost time: 11.811233520507812
Epoch: 20, Steps: 264 | Train Loss: 0.3059278 Vali Loss: 0.6428567 Test Loss: 0.3723176
EarlyStopping counter: 5 out of 20
Updating learning rate to 5.200714065947608e-05
	iters: 100, epoch: 21 | loss: 0.2870832
	speed: 0.1103s/iter; left time: 2318.5477s
	iters: 200, epoch: 21 | loss: 0.2840159
	speed: 0.0447s/iter; left time: 935.0293s
Epoch: 21 cost time: 11.782192707061768
Epoch: 21, Steps: 264 | Train Loss: 0.3014886 Vali Loss: 0.6456565 Test Loss: 0.3721954
EarlyStopping counter: 6 out of 20
Updating learning rate to 5.577351112855618e-05
	iters: 100, epoch: 22 | loss: 0.3257782
	speed: 0.1102s/iter; left time: 2286.8550s
	iters: 200, epoch: 22 | loss: 0.3127911
	speed: 0.0447s/iter; left time: 922.4268s
Epoch: 22 cost time: 11.778136014938354
Epoch: 22, Steps: 264 | Train Loss: 0.2966226 Vali Loss: 0.6628487 Test Loss: 0.3758409
EarlyStopping counter: 7 out of 20
Updating learning rate to 5.951661224210828e-05
	iters: 100, epoch: 23 | loss: 0.2974775
	speed: 0.1101s/iter; left time: 2257.0004s
	iters: 200, epoch: 23 | loss: 0.3074388
	speed: 0.0446s/iter; left time: 908.9725s
Epoch: 23 cost time: 11.763855457305908
Epoch: 23, Steps: 264 | Train Loss: 0.2912251 Vali Loss: 0.6549745 Test Loss: 0.3778044
EarlyStopping counter: 8 out of 20
Updating learning rate to 6.321336216795497e-05
	iters: 100, epoch: 24 | loss: 0.2866672
	speed: 0.1103s/iter; left time: 2230.5176s
	iters: 200, epoch: 24 | loss: 0.2812451
	speed: 0.0446s/iter; left time: 897.0288s
Epoch: 24 cost time: 11.76409387588501
Epoch: 24, Steps: 264 | Train Loss: 0.2860218 Vali Loss: 0.6665000 Test Loss: 0.3792843
EarlyStopping counter: 9 out of 20
Updating learning rate to 6.684096489850761e-05
	iters: 100, epoch: 25 | loss: 0.2826577
	speed: 0.1104s/iter; left time: 2203.3400s
	iters: 200, epoch: 25 | loss: 0.2763319
	speed: 0.0446s/iter; left time: 885.5352s
Epoch: 25 cost time: 11.763859987258911
Epoch: 25, Steps: 264 | Train Loss: 0.2804853 Vali Loss: 0.6723743 Test Loss: 0.3836620
EarlyStopping counter: 10 out of 20
Updating learning rate to 7.03770508223417e-05
	iters: 100, epoch: 26 | loss: 0.2712215
	speed: 0.1102s/iter; left time: 2171.7351s
	iters: 200, epoch: 26 | loss: 0.2732687
	speed: 0.0445s/iter; left time: 872.9390s
Epoch: 26 cost time: 11.755456686019897
Epoch: 26, Steps: 264 | Train Loss: 0.2748096 Vali Loss: 0.6743149 Test Loss: 0.3863305
EarlyStopping counter: 11 out of 20
Updating learning rate to 7.379981466640088e-05
	iters: 100, epoch: 27 | loss: 0.2943933
	speed: 0.1102s/iter; left time: 2141.6613s
	iters: 200, epoch: 27 | loss: 0.2823547
	speed: 0.0445s/iter; left time: 860.4968s
Epoch: 27 cost time: 11.744646787643433
Epoch: 27, Steps: 264 | Train Loss: 0.2690848 Vali Loss: 0.6732273 Test Loss: 0.3862240
EarlyStopping counter: 12 out of 20
Updating learning rate to 7.708814995820833e-05
	iters: 100, epoch: 28 | loss: 0.2644499
	speed: 0.1101s/iter; left time: 2111.8516s
	iters: 200, epoch: 28 | loss: 0.2854124
	speed: 0.0445s/iter; left time: 848.8271s
Epoch: 28 cost time: 11.73724102973938
Epoch: 28, Steps: 264 | Train Loss: 0.2632050 Vali Loss: 0.6811266 Test Loss: 0.3884213
EarlyStopping counter: 13 out of 20
Updating learning rate to 8.022177917892456e-05
	iters: 100, epoch: 29 | loss: 0.2693190
	speed: 0.1104s/iter; left time: 2086.7755s
	iters: 200, epoch: 29 | loss: 0.2591575
	speed: 0.0445s/iter; left time: 836.7197s
Epoch: 29 cost time: 11.730844736099243
Epoch: 29, Steps: 264 | Train Loss: 0.2574806 Vali Loss: 0.6887010 Test Loss: 0.3959471
EarlyStopping counter: 14 out of 20
Updating learning rate to 8.318137880466269e-05
	iters: 100, epoch: 30 | loss: 0.2443371
	speed: 0.1103s/iter; left time: 2055.9795s
	iters: 200, epoch: 30 | loss: 0.2525443
	speed: 0.0445s/iter; left time: 824.3356s
Epoch: 30 cost time: 11.730621099472046
Epoch: 30, Steps: 264 | Train Loss: 0.2512300 Vali Loss: 0.6993247 Test Loss: 0.3977489
EarlyStopping counter: 15 out of 20
Updating learning rate to 8.594869846499432e-05
	iters: 100, epoch: 31 | loss: 0.2480498
	speed: 0.1100s/iter; left time: 2022.6982s
	iters: 200, epoch: 31 | loss: 0.2469048
	speed: 0.0444s/iter; left time: 812.5892s
Epoch: 31 cost time: 11.725463151931763
Epoch: 31, Steps: 264 | Train Loss: 0.2455728 Vali Loss: 0.7055146 Test Loss: 0.4004251
EarlyStopping counter: 16 out of 20
Updating learning rate to 8.85066734838546e-05
	iters: 100, epoch: 32 | loss: 0.2481217
	speed: 0.1101s/iter; left time: 1993.8718s
	iters: 200, epoch: 32 | loss: 0.2399655
	speed: 0.0445s/iter; left time: 801.1105s
Epoch: 32 cost time: 11.729430913925171
Epoch: 32, Steps: 264 | Train Loss: 0.2397779 Vali Loss: 0.7271916 Test Loss: 0.4096538
EarlyStopping counter: 17 out of 20
Updating learning rate to 9.083953010886336e-05
	iters: 100, epoch: 33 | loss: 0.2374781
	speed: 0.1101s/iter; left time: 1965.0316s
	iters: 200, epoch: 33 | loss: 0.2252879
	speed: 0.0445s/iter; left time: 789.1462s
Epoch: 33 cost time: 11.727457284927368
Epoch: 33, Steps: 264 | Train Loss: 0.2347988 Vali Loss: 0.7229127 Test Loss: 0.4072369
EarlyStopping counter: 18 out of 20
Updating learning rate to 9.29328827801656e-05
	iters: 100, epoch: 34 | loss: 0.2316307
	speed: 0.1100s/iter; left time: 1934.8417s
	iters: 200, epoch: 34 | loss: 0.2367827
	speed: 0.0445s/iter; left time: 777.5155s
Epoch: 34 cost time: 11.738253116607666
Epoch: 34, Steps: 264 | Train Loss: 0.2293822 Vali Loss: 0.7274212 Test Loss: 0.4106053
EarlyStopping counter: 19 out of 20
Updating learning rate to 9.477382283898318e-05
	iters: 100, epoch: 35 | loss: 0.2230400
	speed: 0.1099s/iter; left time: 1903.7228s
	iters: 200, epoch: 35 | loss: 0.2231588
	speed: 0.0444s/iter; left time: 765.1032s
Epoch: 35 cost time: 11.728182554244995
Epoch: 35, Steps: 264 | Train Loss: 0.2241344 Vali Loss: 0.7361569 Test Loss: 0.4159793
EarlyStopping counter: 20 out of 20
Early stopping
>>>>>>>testing : NL_ettm1_cms3_lr0.00005_spc_336_336_PatchTST_ETTm1_ftM_sl336_ll48_pl336_dm128_nh16_el3_dl1_df256_fc1_ebtimeF_dtTruelr5e-05_polspc_Nested_Learning_0<<<<<<<<<<<<<<<<<<<<<<<<<<<<<<<<<
test 11185
 Ejecutando Inferencia DINÁMICA (Nested Learning con cms3)
  -> Política: spc | LR: 5e-05 | Target: head

RESUMEN: El CMS se actualizó 0 veces de 87 posibles.

mse:0.3664185702800751, mae:0.3926161527633667, rse:0.5759506225585938
Args in experiment:
Namespace(random_seed=2021, is_training=1, model_id='NL_ettm1_cms3_lr0.00005_spc_336_720', model='PatchTST', data='ETTm1', root_path='./dataset/', data_path='ETTm1.csv', features='M', target='OT', freq='h', checkpoints='./checkpoints/', seq_len=336, label_len=48, pred_len=720, head_type='cms3', cms_lr=5e-05, update_policy='spc', fc_dropout=0.2, head_dropout=0.0, patch_len=16, stride=8, padding_patch='end', revin=1, affine=0, subtract_last=0, decomposition=0, kernel_size=25, individual=0, embed_type=0, enc_in=7, dec_in=7, c_out=7, d_model=128, n_heads=16, e_layers=3, d_layers=1, d_ff=256, moving_avg=25, factor=1, distil=True, dropout=0.2, embed='timeF', activation='gelu', output_attention=False, do_predict=False, num_workers=0, itr=1, train_epochs=100, batch_size=128, patience=20, learning_rate=0.0001, des='Nested_Learning', loss='mse', lradj='TST', pct_start=0.4, use_amp=False, use_gpu=True, gpu=0, use_multi_gpu=False, devices='0,1,2,3', test_flop=False)
Use GPU: cuda:0
>>>>>>>start training : NL_ettm1_cms3_lr0.00005_spc_336_720_PatchTST_ETTm1_ftM_sl336_ll48_pl720_dm128_nh16_el3_dl1_df256_fc1_ebtimeF_dtTruelr5e-05_polspc_Nested_Learning_0>>>>>>>>>>>>>>>>>>>>>>>>>>
train 33505
val 10801
test 10801
	iters: 100, epoch: 1 | loss: 0.5657522
	speed: 0.0897s/iter; left time: 2332.8003s
	iters: 200, epoch: 1 | loss: 0.5286862
	speed: 0.0455s/iter; left time: 1177.3088s
Epoch: 1 cost time: 12.206199645996094
Epoch: 1, Steps: 261 | Train Loss: 0.5569253 Vali Loss: 1.0190253 Test Loss: 0.4828321
Validation loss decreased (inf --> 1.019025).  Saving model ...
Updating learning rate to 4.147996316662011e-06
	iters: 100, epoch: 2 | loss: 0.4632853
	speed: 0.1173s/iter; left time: 3018.6826s
	iters: 200, epoch: 2 | loss: 0.4782733
	speed: 0.0461s/iter; left time: 1181.0862s
Epoch: 2 cost time: 12.016227006912231
Epoch: 2, Steps: 261 | Train Loss: 0.4734975 Vali Loss: 0.9839689 Test Loss: 0.4533505
Validation loss decreased (1.019025 --> 0.983969).  Saving model ...
Updating learning rate to 4.591072645408634e-06
	iters: 100, epoch: 3 | loss: 0.4274264
	speed: 0.1182s/iter; left time: 3011.2843s
	iters: 200, epoch: 3 | loss: 0.4374021
	speed: 0.0462s/iter; left time: 1173.2461s
Epoch: 3 cost time: 12.061748504638672
Epoch: 3, Steps: 261 | Train Loss: 0.4509007 Vali Loss: 0.9697737 Test Loss: 0.4432286
Validation loss decreased (0.983969 --> 0.969774).  Saving model ...
Updating learning rate to 5.326496750212602e-06
	iters: 100, epoch: 4 | loss: 0.4060591
	speed: 0.1202s/iter; left time: 3030.9419s
	iters: 200, epoch: 4 | loss: 0.4603112
	speed: 0.0464s/iter; left time: 1165.4746s
Epoch: 4 cost time: 12.083435535430908
Epoch: 4, Steps: 261 | Train Loss: 0.4396956 Vali Loss: 0.9663354 Test Loss: 0.4377854
Validation loss decreased (0.969774 --> 0.966335).  Saving model ...
Updating learning rate to 6.349733628628268e-06
	iters: 100, epoch: 5 | loss: 0.4552526
	speed: 0.1225s/iter; left time: 3057.1308s
	iters: 200, epoch: 5 | loss: 0.4111670
	speed: 0.0464s/iter; left time: 1153.9618s
Epoch: 5 cost time: 12.090737104415894
Epoch: 5, Steps: 261 | Train Loss: 0.4336978 Vali Loss: 0.9612712 Test Loss: 0.4351561
Validation loss decreased (0.966335 --> 0.961271).  Saving model ...
Updating learning rate to 7.654473476944045e-06
	iters: 100, epoch: 6 | loss: 0.4424360
	speed: 0.1187s/iter; left time: 2930.6862s
	iters: 200, epoch: 6 | loss: 0.4277909
	speed: 0.0465s/iter; left time: 1143.9417s
Epoch: 6 cost time: 12.087889909744263
Epoch: 6, Steps: 261 | Train Loss: 0.4295709 Vali Loss: 0.9653291 Test Loss: 0.4318916
EarlyStopping counter: 1 out of 20
Updating learning rate to 9.232670599670218e-06
	iters: 100, epoch: 7 | loss: 0.4233383
	speed: 0.1152s/iter; left time: 2815.4508s
	iters: 200, epoch: 7 | loss: 0.4436229
	speed: 0.0466s/iter; left time: 1133.9343s
Epoch: 7 cost time: 12.111585140228271
Epoch: 7, Steps: 261 | Train Loss: 0.4263942 Vali Loss: 0.9604543 Test Loss: 0.4304048
Validation loss decreased (0.961271 --> 0.960454).  Saving model ...
Updating learning rate to 1.1074593023426382e-05
	iters: 100, epoch: 8 | loss: 0.4204925
	speed: 0.1207s/iter; left time: 2918.6412s
	iters: 200, epoch: 8 | loss: 0.4370568
	speed: 0.0461s/iter; left time: 1110.5561s
Epoch: 8 cost time: 11.99923300743103
Epoch: 8, Steps: 261 | Train Loss: 0.4232148 Vali Loss: 0.9589362 Test Loss: 0.4266868
Validation loss decreased (0.960454 --> 0.958936).  Saving model ...
Updating learning rate to 1.3168882509283648e-05
	iters: 100, epoch: 9 | loss: 0.3975535
	speed: 0.1188s/iter; left time: 2840.8718s
	iters: 200, epoch: 9 | loss: 0.4474081
	speed: 0.0464s/iter; left time: 1105.6481s
Epoch: 9 cost time: 12.072144985198975
Epoch: 9, Steps: 261 | Train Loss: 0.4195863 Vali Loss: 0.9471377 Test Loss: 0.4241528
Validation loss decreased (0.958936 --> 0.947138).  Saving model ...
Updating learning rate to 1.5502624593494887e-05
	iters: 100, epoch: 10 | loss: 0.4383065
	speed: 0.1199s/iter; left time: 2835.0440s
	iters: 200, epoch: 10 | loss: 0.4477116
	speed: 0.0464s/iter; left time: 1092.2908s
Epoch: 10 cost time: 12.087286472320557
Epoch: 10, Steps: 261 | Train Loss: 0.4149196 Vali Loss: 0.9497659 Test Loss: 0.4204977
EarlyStopping counter: 1 out of 20
Updating learning rate to 1.806142822470586e-05
	iters: 100, epoch: 11 | loss: 0.4342016
	speed: 0.1152s/iter; left time: 2695.5096s
	iters: 200, epoch: 11 | loss: 0.4326516
	speed: 0.0464s/iter; left time: 1080.3426s
Epoch: 11 cost time: 12.09141755104065
Epoch: 11, Steps: 261 | Train Loss: 0.4099715 Vali Loss: 0.9470142 Test Loss: 0.4170183
Validation loss decreased (0.947138 --> 0.947014).  Saving model ...
Updating learning rate to 2.0829514506563195e-05
	iters: 100, epoch: 12 | loss: 0.4407998
	speed: 0.1182s/iter; left time: 2735.0634s
	iters: 200, epoch: 12 | loss: 0.4036828
	speed: 0.0464s/iter; left time: 1067.7221s
Epoch: 12 cost time: 12.092020273208618
Epoch: 12, Steps: 261 | Train Loss: 0.4054497 Vali Loss: 0.9465249 Test Loss: 0.4167202
Validation loss decreased (0.947014 --> 0.946525).  Saving model ...
Updating learning rate to 2.3789813998487008e-05
	iters: 100, epoch: 13 | loss: 0.3888220
	speed: 0.1210s/iter; left time: 2767.8752s
	iters: 200, epoch: 13 | loss: 0.3510585
	speed: 0.0463s/iter; left time: 1053.2310s
Epoch: 13 cost time: 12.071613550186157
Epoch: 13, Steps: 261 | Train Loss: 0.4010569 Vali Loss: 0.9390961 Test Loss: 0.4188513
Validation loss decreased (0.946525 --> 0.939096).  Saving model ...
Updating learning rate to 2.6924071974601397e-05
	iters: 100, epoch: 14 | loss: 0.3837061
	speed: 0.1187s/iter; left time: 2683.1565s
	iters: 200, epoch: 14 | loss: 0.4029744
	speed: 0.0463s/iter; left time: 1042.3164s
Epoch: 14 cost time: 12.08620309829712
Epoch: 14, Steps: 261 | Train Loss: 0.3967624 Vali Loss: 0.9403989 Test Loss: 0.4182021
EarlyStopping counter: 1 out of 20
Updating learning rate to 3.0212960991742456e-05
	iters: 100, epoch: 15 | loss: 0.3959798
	speed: 0.1152s/iter; left time: 2573.9986s
	iters: 200, epoch: 15 | loss: 0.3974673
	speed: 0.0464s/iter; left time: 1031.2541s
Epoch: 15 cost time: 12.094339609146118
Epoch: 15, Steps: 261 | Train Loss: 0.3926124 Vali Loss: 0.9452628 Test Loss: 0.4204957
EarlyStopping counter: 2 out of 20
Updating learning rate to 3.363620007239161e-05
	iters: 100, epoch: 16 | loss: 0.4117776
	speed: 0.1157s/iter; left time: 2555.6013s
	iters: 200, epoch: 16 | loss: 0.3982230
	speed: 0.0466s/iter; left time: 1024.4998s
Epoch: 16 cost time: 12.107626676559448
Epoch: 16, Steps: 261 | Train Loss: 0.3882886 Vali Loss: 0.9465858 Test Loss: 0.4220435
EarlyStopping counter: 3 out of 20
Updating learning rate to 3.717267976759092e-05
	iters: 100, epoch: 17 | loss: 0.3899999
	speed: 0.1304s/iter; left time: 2845.2555s
	iters: 200, epoch: 17 | loss: 0.3686696
	speed: 0.0459s/iter; left time: 997.0420s
Epoch: 17 cost time: 12.136005878448486
Epoch: 17, Steps: 261 | Train Loss: 0.3833669 Vali Loss: 0.9651309 Test Loss: 0.4269327
EarlyStopping counter: 4 out of 20
Updating learning rate to 4.0800592328638756e-05
	iters: 100, epoch: 18 | loss: 0.3633805
	speed: 0.1138s/iter; left time: 2454.6487s
	iters: 200, epoch: 18 | loss: 0.3598451
	speed: 0.0461s/iter; left time: 988.7342s
Epoch: 18 cost time: 11.999794244766235
Epoch: 18, Steps: 261 | Train Loss: 0.3777127 Vali Loss: 0.9633292 Test Loss: 0.4267353
EarlyStopping counter: 5 out of 20
Updating learning rate to 4.449756618485984e-05
	iters: 100, epoch: 19 | loss: 0.3928628
	speed: 0.1143s/iter; left time: 2435.5055s
	iters: 200, epoch: 19 | loss: 0.3780118
	speed: 0.0461s/iter; left time: 977.7570s
Epoch: 19 cost time: 12.01641058921814
Epoch: 19, Steps: 261 | Train Loss: 0.3717219 Vali Loss: 0.9977334 Test Loss: 0.4282911
EarlyStopping counter: 6 out of 20
Updating learning rate to 4.824080389819096e-05
	iters: 100, epoch: 20 | loss: 0.3985348
	speed: 0.1151s/iter; left time: 2420.8916s
	iters: 200, epoch: 20 | loss: 0.3566655
	speed: 0.0464s/iter; left time: 970.8646s
Epoch: 20 cost time: 12.07413363456726
Epoch: 20, Steps: 261 | Train Loss: 0.3654120 Vali Loss: 0.9695739 Test Loss: 0.4323519
EarlyStopping counter: 7 out of 20
Updating learning rate to 5.2007222743883666e-05
	iters: 100, epoch: 21 | loss: 0.3631428
	speed: 0.1147s/iter; left time: 2383.2631s
	iters: 200, epoch: 21 | loss: 0.3620318
	speed: 0.0463s/iter; left time: 958.3300s
Epoch: 21 cost time: 12.08133602142334
Epoch: 21, Steps: 261 | Train Loss: 0.3586983 Vali Loss: 0.9794359 Test Loss: 0.4339804
EarlyStopping counter: 8 out of 20
Updating learning rate to 5.577359705043091e-05
	iters: 100, epoch: 22 | loss: 0.3470989
	speed: 0.1145s/iter; left time: 2350.1903s
	iters: 200, epoch: 22 | loss: 0.3761407
	speed: 0.0463s/iter; left time: 946.4380s
Epoch: 22 cost time: 12.07960033416748
Epoch: 22, Steps: 261 | Train Loss: 0.3523453 Vali Loss: 0.9860793 Test Loss: 0.4335953
EarlyStopping counter: 9 out of 20
Updating learning rate to 5.951670142097692e-05
	iters: 100, epoch: 23 | loss: 0.3245976
	speed: 0.1147s/iter; left time: 2323.7714s
	iters: 200, epoch: 23 | loss: 0.3297508
	speed: 0.0464s/iter; left time: 934.7582s
Epoch: 23 cost time: 12.078261852264404
Epoch: 23, Steps: 261 | Train Loss: 0.3460762 Vali Loss: 0.9884368 Test Loss: 0.4375873
EarlyStopping counter: 10 out of 20
Updating learning rate to 6.321345395303321e-05
	iters: 100, epoch: 24 | loss: 0.3431972
	speed: 0.1148s/iter; left time: 2295.2083s
	iters: 200, epoch: 24 | loss: 0.3367630
	speed: 0.0463s/iter; left time: 921.9849s
Epoch: 24 cost time: 12.0746328830719
Epoch: 24, Steps: 261 | Train Loss: 0.3397614 Vali Loss: 0.9980522 Test Loss: 0.4363651
EarlyStopping counter: 11 out of 20
Updating learning rate to 6.6841058573335e-05
	iters: 100, epoch: 25 | loss: 0.3290007
	speed: 0.1144s/iter; left time: 2258.4425s
	iters: 200, epoch: 25 | loss: 0.3502928
	speed: 0.0462s/iter; left time: 908.1342s
Epoch: 25 cost time: 12.060965776443481
Epoch: 25, Steps: 261 | Train Loss: 0.3328889 Vali Loss: 0.9993829 Test Loss: 0.4425601
EarlyStopping counter: 12 out of 20
Updating learning rate to 7.037714561012768e-05
	iters: 100, epoch: 26 | loss: 0.3066803
	speed: 0.1146s/iter; left time: 2231.0499s
	iters: 200, epoch: 26 | loss: 0.3410178
	speed: 0.0463s/iter; left time: 896.5286s
Epoch: 26 cost time: 12.065211057662964
Epoch: 26, Steps: 261 | Train Loss: 0.3265853 Vali Loss: 1.0256922 Test Loss: 0.4396867
EarlyStopping counter: 13 out of 20
Updating learning rate to 7.379990973604285e-05
	iters: 100, epoch: 27 | loss: 0.3051402
	speed: 0.1144s/iter; left time: 2199.1171s
	iters: 200, epoch: 27 | loss: 0.3178846
	speed: 0.0462s/iter; left time: 883.2166s
Epoch: 27 cost time: 12.054717779159546
Epoch: 27, Steps: 261 | Train Loss: 0.3197852 Vali Loss: 1.0180655 Test Loss: 0.4481863
EarlyStopping counter: 14 out of 20
Updating learning rate to 7.708824443093723e-05
	iters: 100, epoch: 28 | loss: 0.3223018
	speed: 0.1150s/iter; left time: 2180.4804s
	iters: 200, epoch: 28 | loss: 0.2927829
	speed: 0.0462s/iter; left time: 871.9731s
Epoch: 28 cost time: 12.054943799972534
Epoch: 28, Steps: 261 | Train Loss: 0.3133371 Vali Loss: 1.0222582 Test Loss: 0.4486604
EarlyStopping counter: 15 out of 20
Updating learning rate to 8.022187213552767e-05
	iters: 100, epoch: 29 | loss: 0.3116577
	speed: 0.1145s/iter; left time: 2141.2255s
	iters: 200, epoch: 29 | loss: 0.3091383
	speed: 0.0462s/iter; left time: 859.6958s
Epoch: 29 cost time: 12.0580735206604
Epoch: 29, Steps: 261 | Train Loss: 0.3071130 Vali Loss: 1.0347754 Test Loss: 0.4520032
EarlyStopping counter: 16 out of 20
Updating learning rate to 8.318146929322795e-05
	iters: 100, epoch: 30 | loss: 0.2815113
	speed: 0.1144s/iter; left time: 2109.4770s
	iters: 200, epoch: 30 | loss: 0.2970940
	speed: 0.0463s/iter; left time: 848.0322s
Epoch: 30 cost time: 12.059674978256226
Epoch: 30, Steps: 261 | Train Loss: 0.3010121 Vali Loss: 1.0390331 Test Loss: 0.4586771
EarlyStopping counter: 17 out of 20
Updating learning rate to 8.59487855091154e-05
	iters: 100, epoch: 31 | loss: 0.3023833
	speed: 0.1144s/iter; left time: 2078.5480s
	iters: 200, epoch: 31 | loss: 0.2839783
	speed: 0.0463s/iter; left time: 836.4529s
Epoch: 31 cost time: 12.059694290161133
Epoch: 31, Steps: 261 | Train Loss: 0.2950308 Vali Loss: 1.0408310 Test Loss: 0.4592667
EarlyStopping counter: 18 out of 20
Updating learning rate to 8.850675609123214e-05
	iters: 100, epoch: 32 | loss: 0.3002984
	speed: 0.1148s/iter; left time: 2056.6176s
	iters: 200, epoch: 32 | loss: 0.2866797
	speed: 0.0463s/iter; left time: 824.6081s
Epoch: 32 cost time: 12.059200763702393
Epoch: 32, Steps: 261 | Train Loss: 0.2897183 Vali Loss: 1.0456754 Test Loss: 0.4641203
EarlyStopping counter: 19 out of 20
Updating learning rate to 9.083960728023302e-05
	iters: 100, epoch: 33 | loss: 0.2766419
	speed: 0.1143s/iter; left time: 2017.3416s
	iters: 200, epoch: 33 | loss: 0.2981786
	speed: 0.0462s/iter; left time: 811.4660s
Epoch: 33 cost time: 12.052571296691895
Epoch: 33, Steps: 261 | Train Loss: 0.2846836 Vali Loss: 1.0367593 Test Loss: 0.4652100
EarlyStopping counter: 20 out of 20
Early stopping
>>>>>>>testing : NL_ettm1_cms3_lr0.00005_spc_336_720_PatchTST_ETTm1_ftM_sl336_ll48_pl720_dm128_nh16_el3_dl1_df256_fc1_ebtimeF_dtTruelr5e-05_polspc_Nested_Learning_0<<<<<<<<<<<<<<<<<<<<<<<<<<<<<<<<<
test 10801
 Ejecutando Inferencia DINÁMICA (Nested Learning con cms3)
  -> Política: spc | LR: 5e-05 | Target: head

RESUMEN: El CMS se actualizó 0 veces de 84 posibles.

mse:0.41885119676589966, mae:0.42351189255714417, rse:0.6156258583068848
