==========================================================
SÚPER ARRAY TFG FIX - TAREA ID: 7 / 7
Nodo: dionisio
Dataset: weather | Experimento: NL_weather_cms3_lr0.00005_spc
Cabeza: cms3 | LR: 0.00005 | Política: spc
==========================================================
Args in experiment:
Namespace(random_seed=2021, is_training=1, model_id='NL_weather_cms3_lr0.00005_spc_336_96', model='PatchTST', data='custom', root_path='./dataset/', data_path='weather.csv', features='M', target='OT', freq='h', checkpoints='./checkpoints/', seq_len=336, label_len=48, pred_len=96, head_type='cms3', cms_lr=5e-05, update_policy='spc', fc_dropout=0.2, head_dropout=0.0, patch_len=16, stride=8, padding_patch='end', revin=1, affine=0, subtract_last=0, decomposition=0, kernel_size=25, individual=0, embed_type=0, enc_in=21, dec_in=7, c_out=7, d_model=128, n_heads=16, e_layers=3, d_layers=1, d_ff=256, moving_avg=25, factor=1, distil=True, dropout=0.2, embed='timeF', activation='gelu', output_attention=False, do_predict=False, num_workers=0, itr=1, train_epochs=100, batch_size=128, patience=20, learning_rate=0.0001, des='Nested_Learning', loss='mse', lradj='type3', pct_start=0.3, use_amp=False, use_gpu=True, gpu=0, use_multi_gpu=False, devices='0,1,2,3', test_flop=False)
Use GPU: cuda:0
>>>>>>>start training : NL_weather_cms3_lr0.00005_spc_336_96_PatchTST_custom_ftM_sl336_ll48_pl96_dm128_nh16_el3_dl1_df256_fc1_ebtimeF_dtTruelr5e-05_polspc_Nested_Learning_0>>>>>>>>>>>>>>>>>>>>>>>>>>
train 36456
val 5175
test 10444
	iters: 100, epoch: 1 | loss: 0.9288023
	speed: 0.2641s/iter; left time: 7473.2909s
	iters: 200, epoch: 1 | loss: 0.5639289
	speed: 0.1223s/iter; left time: 3448.8795s
Epoch: 1 cost time: 36.20687913894653
Epoch: 1, Steps: 284 | Train Loss: 0.7478167 Vali Loss: 0.5420380 Test Loss: 0.2216017
Validation loss decreased (inf --> 0.542038).  Saving model ...
Updating learning rate to 0.0001
	iters: 100, epoch: 2 | loss: 0.6260168
	speed: 0.2894s/iter; left time: 8108.2904s
	iters: 200, epoch: 2 | loss: 1.0512569
	speed: 0.1246s/iter; left time: 3477.3733s
Epoch: 2 cost time: 35.294902086257935
Epoch: 2, Steps: 284 | Train Loss: 0.4886013 Vali Loss: 0.4155077 Test Loss: 0.1676839
Validation loss decreased (0.542038 --> 0.415508).  Saving model ...
Updating learning rate to 0.0001
	iters: 100, epoch: 3 | loss: 0.3207501
	speed: 0.2915s/iter; left time: 8084.9101s
	iters: 200, epoch: 3 | loss: 0.3600695
	speed: 0.1252s/iter; left time: 3460.9582s
Epoch: 3 cost time: 35.50236248970032
Epoch: 3, Steps: 284 | Train Loss: 0.4430440 Vali Loss: 0.3952236 Test Loss: 0.1577853
Validation loss decreased (0.415508 --> 0.395224).  Saving model ...
Updating learning rate to 0.0001
	iters: 100, epoch: 4 | loss: 0.3148705
	speed: 0.2920s/iter; left time: 8015.6286s
	iters: 200, epoch: 4 | loss: 0.3837351
	speed: 0.1254s/iter; left time: 3428.2539s
Epoch: 4 cost time: 35.5491418838501
Epoch: 4, Steps: 284 | Train Loss: 0.4294019 Vali Loss: 0.3874470 Test Loss: 0.1550677
Validation loss decreased (0.395224 --> 0.387447).  Saving model ...
Updating learning rate to 9e-05
	iters: 100, epoch: 5 | loss: 0.4126193
	speed: 0.2930s/iter; left time: 7958.6556s
	iters: 200, epoch: 5 | loss: 0.5839527
	speed: 0.1255s/iter; left time: 3396.3365s
Epoch: 5 cost time: 35.58756732940674
Epoch: 5, Steps: 284 | Train Loss: 0.4207935 Vali Loss: 0.3867800 Test Loss: 0.1523002
Validation loss decreased (0.387447 --> 0.386780).  Saving model ...
Updating learning rate to 8.1e-05
	iters: 100, epoch: 6 | loss: 0.3228823
	speed: 0.2925s/iter; left time: 7863.7115s
	iters: 200, epoch: 6 | loss: 0.3161246
	speed: 0.1256s/iter; left time: 3363.0453s
Epoch: 6 cost time: 35.60901069641113
Epoch: 6, Steps: 284 | Train Loss: 0.4142674 Vali Loss: 0.3908548 Test Loss: 0.1513458
EarlyStopping counter: 1 out of 20
Updating learning rate to 7.290000000000001e-05
	iters: 100, epoch: 7 | loss: 0.2983215
	speed: 0.2917s/iter; left time: 7759.3415s
	iters: 200, epoch: 7 | loss: 0.6211589
	speed: 0.1255s/iter; left time: 3324.4645s
Epoch: 7 cost time: 35.57984185218811
Epoch: 7, Steps: 284 | Train Loss: 0.4086314 Vali Loss: 0.3921570 Test Loss: 0.1514317
EarlyStopping counter: 2 out of 20
Updating learning rate to 6.561e-05
	iters: 100, epoch: 8 | loss: 0.3120937
	speed: 0.2915s/iter; left time: 7670.8888s
	iters: 200, epoch: 8 | loss: 0.3150832
	speed: 0.1254s/iter; left time: 3288.3357s
Epoch: 8 cost time: 35.58911418914795
Epoch: 8, Steps: 284 | Train Loss: 0.4064732 Vali Loss: 0.3936870 Test Loss: 0.1515514
EarlyStopping counter: 3 out of 20
Updating learning rate to 5.904900000000001e-05
	iters: 100, epoch: 9 | loss: 0.7155070
	speed: 0.2911s/iter; left time: 7576.4617s
	iters: 200, epoch: 9 | loss: 0.3909078
	speed: 0.1250s/iter; left time: 3240.0127s
Epoch: 9 cost time: 35.4438750743866
Epoch: 9, Steps: 284 | Train Loss: 0.4020247 Vali Loss: 0.3947164 Test Loss: 0.1517474
EarlyStopping counter: 4 out of 20
Updating learning rate to 5.3144100000000005e-05
	iters: 100, epoch: 10 | loss: 0.3108461
	speed: 0.2903s/iter; left time: 7473.4026s
	iters: 200, epoch: 10 | loss: 0.3621790
	speed: 0.1246s/iter; left time: 3196.0972s
Epoch: 10 cost time: 35.35471963882446
Epoch: 10, Steps: 284 | Train Loss: 0.3996676 Vali Loss: 0.3926259 Test Loss: 0.1508727
EarlyStopping counter: 5 out of 20
Updating learning rate to 4.782969000000001e-05
	iters: 100, epoch: 11 | loss: 0.3051164
	speed: 0.2895s/iter; left time: 7371.5120s
	iters: 200, epoch: 11 | loss: 0.5300623
	speed: 0.1243s/iter; left time: 3152.7433s
Epoch: 11 cost time: 35.269041776657104
Epoch: 11, Steps: 284 | Train Loss: 0.3975870 Vali Loss: 0.3949066 Test Loss: 0.1519817
EarlyStopping counter: 6 out of 20
Updating learning rate to 4.304672100000001e-05
	iters: 100, epoch: 12 | loss: 0.3131270
	speed: 0.2891s/iter; left time: 7277.7267s
	iters: 200, epoch: 12 | loss: 0.4268467
	speed: 0.1242s/iter; left time: 3115.1862s
Epoch: 12 cost time: 35.21955394744873
Epoch: 12, Steps: 284 | Train Loss: 0.3940525 Vali Loss: 0.3972660 Test Loss: 0.1520372
EarlyStopping counter: 7 out of 20
Updating learning rate to 3.874204890000001e-05
	iters: 100, epoch: 13 | loss: 0.4802721
	speed: 0.2887s/iter; left time: 7186.4263s
	iters: 200, epoch: 13 | loss: 0.2999673
	speed: 0.1240s/iter; left time: 3075.3279s
Epoch: 13 cost time: 35.18422818183899
Epoch: 13, Steps: 284 | Train Loss: 0.3927589 Vali Loss: 0.3947499 Test Loss: 0.1513371
EarlyStopping counter: 8 out of 20
Updating learning rate to 3.486784401000001e-05
	iters: 100, epoch: 14 | loss: 0.2970751
	speed: 0.2886s/iter; left time: 7103.2471s
	iters: 200, epoch: 14 | loss: 0.5862887
	speed: 0.1240s/iter; left time: 3038.9446s
Epoch: 14 cost time: 35.15652942657471
Epoch: 14, Steps: 284 | Train Loss: 0.3908740 Vali Loss: 0.3965078 Test Loss: 0.1507814
EarlyStopping counter: 9 out of 20
Updating learning rate to 3.138105960900001e-05
	iters: 100, epoch: 15 | loss: 0.5821763
	speed: 0.2882s/iter; left time: 7010.6705s
	iters: 200, epoch: 15 | loss: 0.3857427
	speed: 0.1238s/iter; left time: 3000.2436s
Epoch: 15 cost time: 35.124260902404785
Epoch: 15, Steps: 284 | Train Loss: 0.3887680 Vali Loss: 0.3996854 Test Loss: 0.1524434
EarlyStopping counter: 10 out of 20
Updating learning rate to 2.824295364810001e-05
	iters: 100, epoch: 16 | loss: 0.3374013
	speed: 0.2884s/iter; left time: 6932.4850s
	iters: 200, epoch: 16 | loss: 0.2758410
	speed: 0.1238s/iter; left time: 2962.9444s
Epoch: 16 cost time: 35.107481241226196
Epoch: 16, Steps: 284 | Train Loss: 0.3881915 Vali Loss: 0.3990935 Test Loss: 0.1517631
EarlyStopping counter: 11 out of 20
Updating learning rate to 2.541865828329001e-05
	iters: 100, epoch: 17 | loss: 0.3032613
	speed: 0.2878s/iter; left time: 6837.8654s
	iters: 200, epoch: 17 | loss: 0.2927380
	speed: 0.1238s/iter; left time: 2928.2195s
Epoch: 17 cost time: 35.069936990737915
Epoch: 17, Steps: 284 | Train Loss: 0.3852839 Vali Loss: 0.3994993 Test Loss: 0.1521807
EarlyStopping counter: 12 out of 20
Updating learning rate to 2.287679245496101e-05
	iters: 100, epoch: 18 | loss: 0.5571820
	speed: 0.2866s/iter; left time: 6727.8425s
	iters: 200, epoch: 18 | loss: 0.3309010
	speed: 0.1226s/iter; left time: 2865.7707s
Epoch: 18 cost time: 34.76442193984985
Epoch: 18, Steps: 284 | Train Loss: 0.3835786 Vali Loss: 0.4000959 Test Loss: 0.1525141
EarlyStopping counter: 13 out of 20
Updating learning rate to 2.0589113209464907e-05
	iters: 100, epoch: 19 | loss: 0.5183622
	speed: 0.2860s/iter; left time: 6632.0569s
	iters: 200, epoch: 19 | loss: 0.2801189
	speed: 0.1226s/iter; left time: 2830.9800s
Epoch: 19 cost time: 34.77232885360718
Epoch: 19, Steps: 284 | Train Loss: 0.3844533 Vali Loss: 0.4023927 Test Loss: 0.1536447
EarlyStopping counter: 14 out of 20
Updating learning rate to 1.8530201888518416e-05
	iters: 100, epoch: 20 | loss: 0.5739717
	speed: 0.2859s/iter; left time: 6549.3874s
	iters: 200, epoch: 20 | loss: 0.2977522
	speed: 0.1235s/iter; left time: 2817.3099s
Epoch: 20 cost time: 34.9814727306366
Epoch: 20, Steps: 284 | Train Loss: 0.3833880 Vali Loss: 0.3995461 Test Loss: 0.1523368
EarlyStopping counter: 15 out of 20
Updating learning rate to 1.6677181699666577e-05
	iters: 100, epoch: 21 | loss: 0.5368787
	speed: 0.2879s/iter; left time: 6511.5902s
	iters: 200, epoch: 21 | loss: 0.3006922
	speed: 0.1239s/iter; left time: 2789.8190s
Epoch: 21 cost time: 35.1075701713562
Epoch: 21, Steps: 284 | Train Loss: 0.3816996 Vali Loss: 0.3998669 Test Loss: 0.1524733
EarlyStopping counter: 16 out of 20
Updating learning rate to 1.5009463529699919e-05
	iters: 100, epoch: 22 | loss: 0.4478764
	speed: 0.2878s/iter; left time: 6428.4029s
	iters: 200, epoch: 22 | loss: 0.3521307
	speed: 0.1238s/iter; left time: 2752.0509s
Epoch: 22 cost time: 35.07882738113403
Epoch: 22, Steps: 284 | Train Loss: 0.3815760 Vali Loss: 0.4010620 Test Loss: 0.1529321
EarlyStopping counter: 17 out of 20
Updating learning rate to 1.3508517176729929e-05
	iters: 100, epoch: 23 | loss: 0.6068288
	speed: 0.2874s/iter; left time: 6337.1435s
	iters: 200, epoch: 23 | loss: 0.2772351
	speed: 0.1237s/iter; left time: 2714.7489s
Epoch: 23 cost time: 35.06459355354309
Epoch: 23, Steps: 284 | Train Loss: 0.3810764 Vali Loss: 0.4011596 Test Loss: 0.1526749
EarlyStopping counter: 18 out of 20
Updating learning rate to 1.2157665459056936e-05
	iters: 100, epoch: 24 | loss: 0.3054010
	speed: 0.2875s/iter; left time: 6258.5826s
	iters: 200, epoch: 24 | loss: 0.5366153
	speed: 0.1236s/iter; left time: 2678.6222s
Epoch: 24 cost time: 35.046621561050415
Epoch: 24, Steps: 284 | Train Loss: 0.3801119 Vali Loss: 0.4012145 Test Loss: 0.1531788
EarlyStopping counter: 19 out of 20
Updating learning rate to 1.0941898913151242e-05
	iters: 100, epoch: 25 | loss: 0.2738278
	speed: 0.2874s/iter; left time: 6174.0172s
	iters: 200, epoch: 25 | loss: 0.5015758
	speed: 0.1237s/iter; left time: 2645.4937s
Epoch: 25 cost time: 35.05537271499634
Epoch: 25, Steps: 284 | Train Loss: 0.3797421 Vali Loss: 0.4015982 Test Loss: 0.1529542
EarlyStopping counter: 20 out of 20
Early stopping
>>>>>>>testing : NL_weather_cms3_lr0.00005_spc_336_96_PatchTST_custom_ftM_sl336_ll48_pl96_dm128_nh16_el3_dl1_df256_fc1_ebtimeF_dtTruelr5e-05_polspc_Nested_Learning_0<<<<<<<<<<<<<<<<<<<<<<<<<<<<<<<<<
test 10444
 Ejecutando Inferencia DINÁMICA (Nested Learning con cms3)
  -> Política: spc | LR: 5e-05 | Target: head

RESUMEN: El CMS se actualizó 0 veces de 81 posibles.

mse:0.15230019390583038, mae:0.20061567425727844, rse:0.5141149759292603
Args in experiment:
Namespace(random_seed=2021, is_training=1, model_id='NL_weather_cms3_lr0.00005_spc_336_192', model='PatchTST', data='custom', root_path='./dataset/', data_path='weather.csv', features='M', target='OT', freq='h', checkpoints='./checkpoints/', seq_len=336, label_len=48, pred_len=192, head_type='cms3', cms_lr=5e-05, update_policy='spc', fc_dropout=0.2, head_dropout=0.0, patch_len=16, stride=8, padding_patch='end', revin=1, affine=0, subtract_last=0, decomposition=0, kernel_size=25, individual=0, embed_type=0, enc_in=21, dec_in=7, c_out=7, d_model=128, n_heads=16, e_layers=3, d_layers=1, d_ff=256, moving_avg=25, factor=1, distil=True, dropout=0.2, embed='timeF', activation='gelu', output_attention=False, do_predict=False, num_workers=0, itr=1, train_epochs=100, batch_size=128, patience=20, learning_rate=0.0001, des='Nested_Learning', loss='mse', lradj='type3', pct_start=0.3, use_amp=False, use_gpu=True, gpu=0, use_multi_gpu=False, devices='0,1,2,3', test_flop=False)
Use GPU: cuda:0
>>>>>>>start training : NL_weather_cms3_lr0.00005_spc_336_192_PatchTST_custom_ftM_sl336_ll48_pl192_dm128_nh16_el3_dl1_df256_fc1_ebtimeF_dtTruelr5e-05_polspc_Nested_Learning_0>>>>>>>>>>>>>>>>>>>>>>>>>>
train 36360
val 5079
test 10348
	iters: 100, epoch: 1 | loss: 0.7610692
	speed: 0.1475s/iter; left time: 4173.6107s
	iters: 200, epoch: 1 | loss: 0.6225628
	speed: 0.1240s/iter; left time: 3495.6795s
Epoch: 1 cost time: 35.36186170578003
Epoch: 1, Steps: 284 | Train Loss: 0.7835623 Vali Loss: 0.5987979 Test Loss: 0.2582970
Validation loss decreased (inf --> 0.598798).  Saving model ...
Updating learning rate to 0.0001
	iters: 100, epoch: 2 | loss: 0.4382181
	speed: 0.2918s/iter; left time: 8175.7955s
	iters: 200, epoch: 2 | loss: 0.4423844
	speed: 0.1250s/iter; left time: 3489.3640s
Epoch: 2 cost time: 35.43350267410278
Epoch: 2, Steps: 284 | Train Loss: 0.5393729 Vali Loss: 0.4829839 Test Loss: 0.2108339
Validation loss decreased (0.598798 --> 0.482984).  Saving model ...
Updating learning rate to 0.0001
	iters: 100, epoch: 3 | loss: 0.5798455
	speed: 0.2936s/iter; left time: 8143.4862s
	iters: 200, epoch: 3 | loss: 0.5295562
	speed: 0.1251s/iter; left time: 3456.1599s
Epoch: 3 cost time: 35.476624727249146
Epoch: 3, Steps: 284 | Train Loss: 0.4998905 Vali Loss: 0.4721342 Test Loss: 0.2033586
Validation loss decreased (0.482984 --> 0.472134).  Saving model ...
Updating learning rate to 0.0001
	iters: 100, epoch: 4 | loss: 0.5246767
	speed: 0.2937s/iter; left time: 8062.7529s
	iters: 200, epoch: 4 | loss: 0.7670692
	speed: 0.1251s/iter; left time: 3422.5215s
Epoch: 4 cost time: 35.47558403015137
Epoch: 4, Steps: 284 | Train Loss: 0.4885557 Vali Loss: 0.4600765 Test Loss: 0.1994413
Validation loss decreased (0.472134 --> 0.460077).  Saving model ...
Updating learning rate to 9e-05
	iters: 100, epoch: 5 | loss: 0.4283978
	speed: 0.2930s/iter; left time: 7959.0722s
	iters: 200, epoch: 5 | loss: 0.3844834
	speed: 0.1250s/iter; left time: 3383.1027s
Epoch: 5 cost time: 35.4519476890564
Epoch: 5, Steps: 284 | Train Loss: 0.4806462 Vali Loss: 0.4571414 Test Loss: 0.1979162
Validation loss decreased (0.460077 --> 0.457141).  Saving model ...
Updating learning rate to 8.1e-05
	iters: 100, epoch: 6 | loss: 0.6404281
	speed: 0.2941s/iter; left time: 7906.9386s
	iters: 200, epoch: 6 | loss: 0.3969756
	speed: 0.1250s/iter; left time: 3348.7044s
Epoch: 6 cost time: 35.45008873939514
Epoch: 6, Steps: 284 | Train Loss: 0.4746432 Vali Loss: 0.4577738 Test Loss: 0.1967791
EarlyStopping counter: 1 out of 20
Updating learning rate to 7.290000000000001e-05
	iters: 100, epoch: 7 | loss: 0.5344083
	speed: 0.2918s/iter; left time: 7760.2933s
	iters: 200, epoch: 7 | loss: 0.5237998
	speed: 0.1249s/iter; left time: 3310.2070s
Epoch: 7 cost time: 35.42694711685181
Epoch: 7, Steps: 284 | Train Loss: 0.4700496 Vali Loss: 0.4603394 Test Loss: 0.1960653
EarlyStopping counter: 2 out of 20
Updating learning rate to 6.561e-05
	iters: 100, epoch: 8 | loss: 0.5869374
	speed: 0.2913s/iter; left time: 7664.0163s
	iters: 200, epoch: 8 | loss: 0.3691950
	speed: 0.1248s/iter; left time: 3270.3475s
Epoch: 8 cost time: 35.386677980422974
Epoch: 8, Steps: 284 | Train Loss: 0.4661791 Vali Loss: 0.4627976 Test Loss: 0.1963764
EarlyStopping counter: 3 out of 20
Updating learning rate to 5.904900000000001e-05
	iters: 100, epoch: 9 | loss: 0.3837702
	speed: 0.2910s/iter; left time: 7575.5475s
	iters: 200, epoch: 9 | loss: 0.3880117
	speed: 0.1248s/iter; left time: 3235.3236s
Epoch: 9 cost time: 35.39236497879028
Epoch: 9, Steps: 284 | Train Loss: 0.4628328 Vali Loss: 0.4605966 Test Loss: 0.1964609
EarlyStopping counter: 4 out of 20
Updating learning rate to 5.3144100000000005e-05
	iters: 100, epoch: 10 | loss: 0.6766372
	speed: 0.2909s/iter; left time: 7488.9913s
	iters: 200, epoch: 10 | loss: 0.4885053
	speed: 0.1246s/iter; left time: 3196.4267s
Epoch: 10 cost time: 35.35865139961243
Epoch: 10, Steps: 284 | Train Loss: 0.4595784 Vali Loss: 0.4624000 Test Loss: 0.1970761
EarlyStopping counter: 5 out of 20
Updating learning rate to 4.782969000000001e-05
	iters: 100, epoch: 11 | loss: 0.4522836
	speed: 0.2907s/iter; left time: 7402.2788s
	iters: 200, epoch: 11 | loss: 0.4735628
	speed: 0.1245s/iter; left time: 3157.9173s
Epoch: 11 cost time: 35.32267093658447
Epoch: 11, Steps: 284 | Train Loss: 0.4575254 Vali Loss: 0.4619428 Test Loss: 0.1965745
EarlyStopping counter: 6 out of 20
Updating learning rate to 4.304672100000001e-05
	iters: 100, epoch: 12 | loss: 0.3392558
	speed: 0.2906s/iter; left time: 7316.4080s
	iters: 200, epoch: 12 | loss: 0.5227941
	speed: 0.1245s/iter; left time: 3122.0242s
Epoch: 12 cost time: 35.320162773132324
Epoch: 12, Steps: 284 | Train Loss: 0.4551486 Vali Loss: 0.4647479 Test Loss: 0.1967286
EarlyStopping counter: 7 out of 20
Updating learning rate to 3.874204890000001e-05
	iters: 100, epoch: 13 | loss: 0.4737312
	speed: 0.2906s/iter; left time: 7232.8936s
	iters: 200, epoch: 13 | loss: 0.4948811
	speed: 0.1244s/iter; left time: 3084.6782s
Epoch: 13 cost time: 35.31886911392212
Epoch: 13, Steps: 284 | Train Loss: 0.4528770 Vali Loss: 0.4620093 Test Loss: 0.1972722
EarlyStopping counter: 8 out of 20
Updating learning rate to 3.486784401000001e-05
	iters: 100, epoch: 14 | loss: 0.4249410
	speed: 0.2907s/iter; left time: 7152.7558s
	iters: 200, epoch: 14 | loss: 0.5855793
	speed: 0.1245s/iter; left time: 3050.4483s
Epoch: 14 cost time: 35.31009554862976
Epoch: 14, Steps: 284 | Train Loss: 0.4506414 Vali Loss: 0.4627201 Test Loss: 0.1979125
EarlyStopping counter: 9 out of 20
Updating learning rate to 3.138105960900001e-05
	iters: 100, epoch: 15 | loss: 0.4422402
	speed: 0.2905s/iter; left time: 7065.2807s
	iters: 200, epoch: 15 | loss: 0.4003506
	speed: 0.1245s/iter; left time: 3015.0342s
Epoch: 15 cost time: 35.309584856033325
Epoch: 15, Steps: 284 | Train Loss: 0.4488248 Vali Loss: 0.4654861 Test Loss: 0.1982413
EarlyStopping counter: 10 out of 20
Updating learning rate to 2.824295364810001e-05
	iters: 100, epoch: 16 | loss: 0.3668301
	speed: 0.2904s/iter; left time: 6980.5821s
	iters: 200, epoch: 16 | loss: 0.4652145
	speed: 0.1245s/iter; left time: 2980.4757s
Epoch: 16 cost time: 35.306058406829834
Epoch: 16, Steps: 284 | Train Loss: 0.4472431 Vali Loss: 0.4629662 Test Loss: 0.1981324
EarlyStopping counter: 11 out of 20
Updating learning rate to 2.541865828329001e-05
	iters: 100, epoch: 17 | loss: 0.4226035
	speed: 0.2906s/iter; left time: 6903.3423s
	iters: 200, epoch: 17 | loss: 0.3560654
	speed: 0.1245s/iter; left time: 2945.4438s
Epoch: 17 cost time: 35.30801463127136
Epoch: 17, Steps: 284 | Train Loss: 0.4455484 Vali Loss: 0.4670785 Test Loss: 0.1981559
EarlyStopping counter: 12 out of 20
Updating learning rate to 2.287679245496101e-05
	iters: 100, epoch: 18 | loss: 0.3629916
	speed: 0.2903s/iter; left time: 6815.3397s
	iters: 200, epoch: 18 | loss: 0.4694759
	speed: 0.1245s/iter; left time: 2910.2231s
Epoch: 18 cost time: 35.30303072929382
Epoch: 18, Steps: 284 | Train Loss: 0.4443727 Vali Loss: 0.4667578 Test Loss: 0.1990689
EarlyStopping counter: 13 out of 20
Updating learning rate to 2.0589113209464907e-05
	iters: 100, epoch: 19 | loss: 0.5161457
	speed: 0.2904s/iter; left time: 6733.5457s
	iters: 200, epoch: 19 | loss: 0.3549795
	speed: 0.1246s/iter; left time: 2876.4179s
Epoch: 19 cost time: 35.327091455459595
Epoch: 19, Steps: 284 | Train Loss: 0.4430115 Vali Loss: 0.4695634 Test Loss: 0.1986623
EarlyStopping counter: 14 out of 20
Updating learning rate to 1.8530201888518416e-05
	iters: 100, epoch: 20 | loss: 0.4432735
	speed: 0.2907s/iter; left time: 6658.2573s
	iters: 200, epoch: 20 | loss: 0.3742554
	speed: 0.1247s/iter; left time: 2842.9312s
Epoch: 20 cost time: 35.329344034194946
Epoch: 20, Steps: 284 | Train Loss: 0.4418063 Vali Loss: 0.4684814 Test Loss: 0.1994658
EarlyStopping counter: 15 out of 20
Updating learning rate to 1.6677181699666577e-05
	iters: 100, epoch: 21 | loss: 0.6391309
	speed: 0.2905s/iter; left time: 6571.6472s
	iters: 200, epoch: 21 | loss: 0.5132702
	speed: 0.1244s/iter; left time: 2802.2542s
Epoch: 21 cost time: 35.302308559417725
Epoch: 21, Steps: 284 | Train Loss: 0.4408419 Vali Loss: 0.4682900 Test Loss: 0.1999870
EarlyStopping counter: 16 out of 20
Updating learning rate to 1.5009463529699919e-05
	iters: 100, epoch: 22 | loss: 0.5037921
	speed: 0.2905s/iter; left time: 6488.8405s
	iters: 200, epoch: 22 | loss: 0.8560862
	speed: 0.1245s/iter; left time: 2767.4986s
Epoch: 22 cost time: 35.30883026123047
Epoch: 22, Steps: 284 | Train Loss: 0.4397931 Vali Loss: 0.4721070 Test Loss: 0.1991114
EarlyStopping counter: 17 out of 20
Updating learning rate to 1.3508517176729929e-05
	iters: 100, epoch: 23 | loss: 0.4325560
	speed: 0.2906s/iter; left time: 6409.2943s
	iters: 200, epoch: 23 | loss: 0.3400260
	speed: 0.1244s/iter; left time: 2731.7343s
Epoch: 23 cost time: 35.302698373794556
Epoch: 23, Steps: 284 | Train Loss: 0.4389866 Vali Loss: 0.4698415 Test Loss: 0.1997161
EarlyStopping counter: 18 out of 20
Updating learning rate to 1.2157665459056936e-05
	iters: 100, epoch: 24 | loss: 0.3726797
	speed: 0.2904s/iter; left time: 6322.2099s
	iters: 200, epoch: 24 | loss: 0.4024431
	speed: 0.1244s/iter; left time: 2696.6664s
Epoch: 24 cost time: 35.305222272872925
Epoch: 24, Steps: 284 | Train Loss: 0.4384105 Vali Loss: 0.4673072 Test Loss: 0.2002252
EarlyStopping counter: 19 out of 20
Updating learning rate to 1.0941898913151242e-05
	iters: 100, epoch: 25 | loss: 0.4954227
	speed: 0.2906s/iter; left time: 6243.5338s
	iters: 200, epoch: 25 | loss: 0.3981011
	speed: 0.1244s/iter; left time: 2661.2611s
Epoch: 25 cost time: 35.305402994155884
Epoch: 25, Steps: 284 | Train Loss: 0.4374403 Vali Loss: 0.4692795 Test Loss: 0.1996281
EarlyStopping counter: 20 out of 20
Early stopping
>>>>>>>testing : NL_weather_cms3_lr0.00005_spc_336_192_PatchTST_custom_ftM_sl336_ll48_pl192_dm128_nh16_el3_dl1_df256_fc1_ebtimeF_dtTruelr5e-05_polspc_Nested_Learning_0<<<<<<<<<<<<<<<<<<<<<<<<<<<<<<<<<
test 10348
 Ejecutando Inferencia DINÁMICA (Nested Learning con cms3)
  -> Política: spc | LR: 5e-05 | Target: head

RESUMEN: El CMS se actualizó 0 veces de 80 posibles.

mse:0.197916179895401, mae:0.24334751069545746, rse:0.5852699875831604
Args in experiment:
Namespace(random_seed=2021, is_training=1, model_id='NL_weather_cms3_lr0.00005_spc_336_336', model='PatchTST', data='custom', root_path='./dataset/', data_path='weather.csv', features='M', target='OT', freq='h', checkpoints='./checkpoints/', seq_len=336, label_len=48, pred_len=336, head_type='cms3', cms_lr=5e-05, update_policy='spc', fc_dropout=0.2, head_dropout=0.0, patch_len=16, stride=8, padding_patch='end', revin=1, affine=0, subtract_last=0, decomposition=0, kernel_size=25, individual=0, embed_type=0, enc_in=21, dec_in=7, c_out=7, d_model=128, n_heads=16, e_layers=3, d_layers=1, d_ff=256, moving_avg=25, factor=1, distil=True, dropout=0.2, embed='timeF', activation='gelu', output_attention=False, do_predict=False, num_workers=0, itr=1, train_epochs=100, batch_size=128, patience=20, learning_rate=0.0001, des='Nested_Learning', loss='mse', lradj='type3', pct_start=0.3, use_amp=False, use_gpu=True, gpu=0, use_multi_gpu=False, devices='0,1,2,3', test_flop=False)
Use GPU: cuda:0
>>>>>>>start training : NL_weather_cms3_lr0.00005_spc_336_336_PatchTST_custom_ftM_sl336_ll48_pl336_dm128_nh16_el3_dl1_df256_fc1_ebtimeF_dtTruelr5e-05_polspc_Nested_Learning_0>>>>>>>>>>>>>>>>>>>>>>>>>>
train 36216
val 4935
test 10204
	iters: 100, epoch: 1 | loss: 0.7839569
	speed: 0.1529s/iter; left time: 4296.6912s
	iters: 200, epoch: 1 | loss: 0.8624343
	speed: 0.1257s/iter; left time: 3520.4815s
Epoch: 1 cost time: 35.612308740615845
Epoch: 1, Steps: 282 | Train Loss: 0.8244044 Vali Loss: 0.6741259 Test Loss: 0.3021441
Validation loss decreased (inf --> 0.674126).  Saving model ...
Updating learning rate to 0.0001
	iters: 100, epoch: 2 | loss: 0.5734395
	speed: 0.2971s/iter; left time: 8264.1102s
	iters: 200, epoch: 2 | loss: 0.4761204
	speed: 0.1266s/iter; left time: 3508.1105s
Epoch: 2 cost time: 35.62241816520691
Epoch: 2, Steps: 282 | Train Loss: 0.5919356 Vali Loss: 0.5712075 Test Loss: 0.2608930
Validation loss decreased (0.674126 --> 0.571208).  Saving model ...
Updating learning rate to 0.0001
	iters: 100, epoch: 3 | loss: 0.5631306
	speed: 0.2968s/iter; left time: 8172.1926s
	iters: 200, epoch: 3 | loss: 0.4655921
	speed: 0.1267s/iter; left time: 3477.6002s
Epoch: 3 cost time: 35.67849612236023
Epoch: 3, Steps: 282 | Train Loss: 0.5556105 Vali Loss: 0.5530772 Test Loss: 0.2542449
Validation loss decreased (0.571208 --> 0.553077).  Saving model ...
Updating learning rate to 0.0001
	iters: 100, epoch: 4 | loss: 0.6822688
	speed: 0.2963s/iter; left time: 8075.7893s
	iters: 200, epoch: 4 | loss: 0.5995265
	speed: 0.1268s/iter; left time: 3443.1658s
Epoch: 4 cost time: 35.67274498939514
Epoch: 4, Steps: 282 | Train Loss: 0.5455601 Vali Loss: 0.5435153 Test Loss: 0.2502871
Validation loss decreased (0.553077 --> 0.543515).  Saving model ...
Updating learning rate to 9e-05
	iters: 100, epoch: 5 | loss: 0.5040773
	speed: 0.2962s/iter; left time: 7989.9622s
	iters: 200, epoch: 5 | loss: 0.5891061
	speed: 0.1268s/iter; left time: 3408.0096s
Epoch: 5 cost time: 35.679845571517944
Epoch: 5, Steps: 282 | Train Loss: 0.5375240 Vali Loss: 0.5434483 Test Loss: 0.2485072
Validation loss decreased (0.543515 --> 0.543448).  Saving model ...
Updating learning rate to 8.1e-05
	iters: 100, epoch: 6 | loss: 0.6520075
	speed: 0.2951s/iter; left time: 7877.7759s
	iters: 200, epoch: 6 | loss: 0.4482224
	speed: 0.1268s/iter; left time: 3372.3924s
Epoch: 6 cost time: 35.68097639083862
Epoch: 6, Steps: 282 | Train Loss: 0.5318010 Vali Loss: 0.5421219 Test Loss: 0.2481122
Validation loss decreased (0.543448 --> 0.542122).  Saving model ...
Updating learning rate to 7.290000000000001e-05
	iters: 100, epoch: 7 | loss: 0.5204163
	speed: 0.2966s/iter; left time: 7831.8606s
	iters: 200, epoch: 7 | loss: 0.5510277
	speed: 0.1268s/iter; left time: 3335.1607s
Epoch: 7 cost time: 35.66688799858093
Epoch: 7, Steps: 282 | Train Loss: 0.5265635 Vali Loss: 0.5450261 Test Loss: 0.2481092
EarlyStopping counter: 1 out of 20
Updating learning rate to 6.561e-05
	iters: 100, epoch: 8 | loss: 0.5363511
	speed: 0.2941s/iter; left time: 7683.1004s
	iters: 200, epoch: 8 | loss: 0.6257433
	speed: 0.1267s/iter; left time: 3297.5502s
Epoch: 8 cost time: 35.650962591171265
Epoch: 8, Steps: 282 | Train Loss: 0.5228353 Vali Loss: 0.5429310 Test Loss: 0.2477764
EarlyStopping counter: 2 out of 20
Updating learning rate to 5.904900000000001e-05
	iters: 100, epoch: 9 | loss: 0.4607071
	speed: 0.2940s/iter; left time: 7599.3622s
	iters: 200, epoch: 9 | loss: 0.5187268
	speed: 0.1267s/iter; left time: 3260.6233s
Epoch: 9 cost time: 35.636401891708374
Epoch: 9, Steps: 282 | Train Loss: 0.5191048 Vali Loss: 0.5429001 Test Loss: 0.2475833
EarlyStopping counter: 3 out of 20
Updating learning rate to 5.3144100000000005e-05
	iters: 100, epoch: 10 | loss: 0.4865082
	speed: 0.2936s/iter; left time: 7506.3881s
	iters: 200, epoch: 10 | loss: 0.5620679
	speed: 0.1266s/iter; left time: 3223.6274s
Epoch: 10 cost time: 35.620278120040894
Epoch: 10, Steps: 282 | Train Loss: 0.5157480 Vali Loss: 0.5382318 Test Loss: 0.2477351
Validation loss decreased (0.542122 --> 0.538232).  Saving model ...
Updating learning rate to 4.782969000000001e-05
	iters: 100, epoch: 11 | loss: 0.4497303
	speed: 0.2956s/iter; left time: 7472.0282s
	iters: 200, epoch: 11 | loss: 0.4769673
	speed: 0.1265s/iter; left time: 3186.0957s
Epoch: 11 cost time: 35.59805178642273
Epoch: 11, Steps: 282 | Train Loss: 0.5129014 Vali Loss: 0.5435591 Test Loss: 0.2477599
EarlyStopping counter: 1 out of 20
Updating learning rate to 4.304672100000001e-05
	iters: 100, epoch: 12 | loss: 0.5231844
	speed: 0.2936s/iter; left time: 7339.2909s
	iters: 200, epoch: 12 | loss: 0.6036282
	speed: 0.1265s/iter; left time: 3150.8644s
Epoch: 12 cost time: 35.607274770736694
Epoch: 12, Steps: 282 | Train Loss: 0.5098846 Vali Loss: 0.5426908 Test Loss: 0.2489377
EarlyStopping counter: 2 out of 20
Updating learning rate to 3.874204890000001e-05
	iters: 100, epoch: 13 | loss: 0.6405133
	speed: 0.2937s/iter; left time: 7259.6817s
	iters: 200, epoch: 13 | loss: 0.4668495
	speed: 0.1266s/iter; left time: 3115.7185s
Epoch: 13 cost time: 35.6142201423645
Epoch: 13, Steps: 282 | Train Loss: 0.5076884 Vali Loss: 0.5457514 Test Loss: 0.2489652
EarlyStopping counter: 3 out of 20
Updating learning rate to 3.486784401000001e-05
	iters: 100, epoch: 14 | loss: 0.4741754
	speed: 0.2934s/iter; left time: 7170.3896s
	iters: 200, epoch: 14 | loss: 0.5083042
	speed: 0.1265s/iter; left time: 3078.6048s
Epoch: 14 cost time: 35.61438250541687
Epoch: 14, Steps: 282 | Train Loss: 0.5051694 Vali Loss: 0.5455303 Test Loss: 0.2496946
EarlyStopping counter: 4 out of 20
Updating learning rate to 3.138105960900001e-05
	iters: 100, epoch: 15 | loss: 0.4962051
	speed: 0.2938s/iter; left time: 7096.7334s
	iters: 200, epoch: 15 | loss: 0.5042729
	speed: 0.1265s/iter; left time: 3042.9319s
Epoch: 15 cost time: 35.61564230918884
Epoch: 15, Steps: 282 | Train Loss: 0.5031682 Vali Loss: 0.5454793 Test Loss: 0.2505925
EarlyStopping counter: 5 out of 20
Updating learning rate to 2.824295364810001e-05
	iters: 100, epoch: 16 | loss: 0.5227672
	speed: 0.2939s/iter; left time: 7014.8618s
	iters: 200, epoch: 16 | loss: 0.5857629
	speed: 0.1265s/iter; left time: 3006.7190s
Epoch: 16 cost time: 35.61083197593689
Epoch: 16, Steps: 282 | Train Loss: 0.5010186 Vali Loss: 0.5477115 Test Loss: 0.2503884
EarlyStopping counter: 6 out of 20
Updating learning rate to 2.541865828329001e-05
	iters: 100, epoch: 17 | loss: 0.4390412
	speed: 0.2934s/iter; left time: 6921.7790s
	iters: 200, epoch: 17 | loss: 0.5268258
	speed: 0.1265s/iter; left time: 2970.8910s
Epoch: 17 cost time: 35.61816120147705
Epoch: 17, Steps: 282 | Train Loss: 0.4997700 Vali Loss: 0.5485676 Test Loss: 0.2505281
EarlyStopping counter: 7 out of 20
Updating learning rate to 2.287679245496101e-05
	iters: 100, epoch: 18 | loss: 0.4054214
	speed: 0.2938s/iter; left time: 6847.5264s
	iters: 200, epoch: 18 | loss: 0.4141215
	speed: 0.1265s/iter; left time: 2934.8567s
Epoch: 18 cost time: 35.60824012756348
Epoch: 18, Steps: 282 | Train Loss: 0.4982972 Vali Loss: 0.5456828 Test Loss: 0.2501868
EarlyStopping counter: 8 out of 20
Updating learning rate to 2.0589113209464907e-05
	iters: 100, epoch: 19 | loss: 0.4955888
	speed: 0.2937s/iter; left time: 6761.3305s
	iters: 200, epoch: 19 | loss: 0.6028153
	speed: 0.1264s/iter; left time: 2898.0426s
Epoch: 19 cost time: 35.604292154312134
Epoch: 19, Steps: 282 | Train Loss: 0.4968816 Vali Loss: 0.5483496 Test Loss: 0.2508156
EarlyStopping counter: 9 out of 20
Updating learning rate to 1.8530201888518416e-05
	iters: 100, epoch: 20 | loss: 0.4914372
	speed: 0.2935s/iter; left time: 6676.1481s
	iters: 200, epoch: 20 | loss: 0.4798059
	speed: 0.1264s/iter; left time: 2861.6047s
Epoch: 20 cost time: 35.60595417022705
Epoch: 20, Steps: 282 | Train Loss: 0.4960630 Vali Loss: 0.5492575 Test Loss: 0.2512557
EarlyStopping counter: 10 out of 20
Updating learning rate to 1.6677181699666577e-05
	iters: 100, epoch: 21 | loss: 0.4899999
	speed: 0.2939s/iter; left time: 6601.7159s
	iters: 200, epoch: 21 | loss: 0.4066003
	speed: 0.1263s/iter; left time: 2825.1346s
Epoch: 21 cost time: 35.598267793655396
Epoch: 21, Steps: 282 | Train Loss: 0.4947825 Vali Loss: 0.5503588 Test Loss: 0.2517479
EarlyStopping counter: 11 out of 20
Updating learning rate to 1.5009463529699919e-05
	iters: 100, epoch: 22 | loss: 0.5190467
	speed: 0.2936s/iter; left time: 6512.7216s
	iters: 200, epoch: 22 | loss: 0.4052590
	speed: 0.1263s/iter; left time: 2789.1890s
Epoch: 22 cost time: 35.59475374221802
Epoch: 22, Steps: 282 | Train Loss: 0.4931508 Vali Loss: 0.5492830 Test Loss: 0.2520986
EarlyStopping counter: 12 out of 20
Updating learning rate to 1.3508517176729929e-05
	iters: 100, epoch: 23 | loss: 0.5159097
	speed: 0.2934s/iter; left time: 6425.2343s
	iters: 200, epoch: 23 | loss: 0.4050175
	speed: 0.1264s/iter; left time: 2754.2506s
Epoch: 23 cost time: 35.60342025756836
Epoch: 23, Steps: 282 | Train Loss: 0.4924061 Vali Loss: 0.5490252 Test Loss: 0.2526607
EarlyStopping counter: 13 out of 20
Updating learning rate to 1.2157665459056936e-05
	iters: 100, epoch: 24 | loss: 0.6805442
	speed: 0.2939s/iter; left time: 6352.2234s
	iters: 200, epoch: 24 | loss: 0.5922251
	speed: 0.1266s/iter; left time: 2722.8883s
Epoch: 24 cost time: 35.6303653717041
Epoch: 24, Steps: 282 | Train Loss: 0.4918154 Vali Loss: 0.5502343 Test Loss: 0.2527438
EarlyStopping counter: 14 out of 20
Updating learning rate to 1.0941898913151242e-05
	iters: 100, epoch: 25 | loss: 0.6097689
	speed: 0.2937s/iter; left time: 6266.5278s
	iters: 200, epoch: 25 | loss: 0.4195168
	speed: 0.1267s/iter; left time: 2689.7294s
Epoch: 25 cost time: 35.64771103858948
Epoch: 25, Steps: 282 | Train Loss: 0.4910918 Vali Loss: 0.5514286 Test Loss: 0.2530095
EarlyStopping counter: 15 out of 20
Updating learning rate to 9.847709021836118e-06
	iters: 100, epoch: 26 | loss: 0.5442188
	speed: 0.2948s/iter; left time: 6205.1903s
	iters: 200, epoch: 26 | loss: 0.6029475
	speed: 0.1264s/iter; left time: 2648.1661s
Epoch: 26 cost time: 35.59841847419739
Epoch: 26, Steps: 282 | Train Loss: 0.4899703 Vali Loss: 0.5502102 Test Loss: 0.2526029
EarlyStopping counter: 16 out of 20
Updating learning rate to 8.862938119652508e-06
	iters: 100, epoch: 27 | loss: 0.4585902
	speed: 0.2950s/iter; left time: 6126.4060s
	iters: 200, epoch: 27 | loss: 0.4908970
	speed: 0.1264s/iter; left time: 2612.6759s
Epoch: 27 cost time: 35.60267972946167
Epoch: 27, Steps: 282 | Train Loss: 0.4890527 Vali Loss: 0.5501579 Test Loss: 0.2530550
EarlyStopping counter: 17 out of 20
Updating learning rate to 7.976644307687255e-06
	iters: 100, epoch: 28 | loss: 0.4663301
	speed: 0.2948s/iter; left time: 6039.7537s
	iters: 200, epoch: 28 | loss: 0.5461676
	speed: 0.1264s/iter; left time: 2577.2110s
Epoch: 28 cost time: 35.60139775276184
Epoch: 28, Steps: 282 | Train Loss: 0.4891491 Vali Loss: 0.5509816 Test Loss: 0.2536226
EarlyStopping counter: 18 out of 20
Updating learning rate to 7.178979876918531e-06
	iters: 100, epoch: 29 | loss: 0.4230745
	speed: 0.2944s/iter; left time: 5947.8616s
	iters: 200, epoch: 29 | loss: 0.4749390
	speed: 0.1264s/iter; left time: 2540.6333s
Epoch: 29 cost time: 35.59927463531494
Epoch: 29, Steps: 282 | Train Loss: 0.4884920 Vali Loss: 0.5515236 Test Loss: 0.2534730
EarlyStopping counter: 19 out of 20
Updating learning rate to 6.4610818892266776e-06
	iters: 100, epoch: 30 | loss: 0.6427481
	speed: 0.2944s/iter; left time: 5864.9479s
	iters: 200, epoch: 30 | loss: 0.4372992
	speed: 0.1264s/iter; left time: 2505.1513s
Epoch: 30 cost time: 35.59681844711304
Epoch: 30, Steps: 282 | Train Loss: 0.4877756 Vali Loss: 0.5504907 Test Loss: 0.2535969
EarlyStopping counter: 20 out of 20
Early stopping
>>>>>>>testing : NL_weather_cms3_lr0.00005_spc_336_336_PatchTST_custom_ftM_sl336_ll48_pl336_dm128_nh16_el3_dl1_df256_fc1_ebtimeF_dtTruelr5e-05_polspc_Nested_Learning_0<<<<<<<<<<<<<<<<<<<<<<<<<<<<<<<<<
test 10204
 Ejecutando Inferencia DINÁMICA (Nested Learning con cms3)
  -> Política: spc | LR: 5e-05 | Target: head

RESUMEN: El CMS se actualizó 0 veces de 79 posibles.

mse:0.2477351427078247, mae:0.2833959758281708, rse:0.6538165211677551
Args in experiment:
Namespace(random_seed=2021, is_training=1, model_id='NL_weather_cms3_lr0.00005_spc_336_720', model='PatchTST', data='custom', root_path='./dataset/', data_path='weather.csv', features='M', target='OT', freq='h', checkpoints='./checkpoints/', seq_len=336, label_len=48, pred_len=720, head_type='cms3', cms_lr=5e-05, update_policy='spc', fc_dropout=0.2, head_dropout=0.0, patch_len=16, stride=8, padding_patch='end', revin=1, affine=0, subtract_last=0, decomposition=0, kernel_size=25, individual=0, embed_type=0, enc_in=21, dec_in=7, c_out=7, d_model=128, n_heads=16, e_layers=3, d_layers=1, d_ff=256, moving_avg=25, factor=1, distil=True, dropout=0.2, embed='timeF', activation='gelu', output_attention=False, do_predict=False, num_workers=0, itr=1, train_epochs=100, batch_size=128, patience=20, learning_rate=0.0001, des='Nested_Learning', loss='mse', lradj='type3', pct_start=0.3, use_amp=False, use_gpu=True, gpu=0, use_multi_gpu=False, devices='0,1,2,3', test_flop=False)
Use GPU: cuda:0
>>>>>>>start training : NL_weather_cms3_lr0.00005_spc_336_720_PatchTST_custom_ftM_sl336_ll48_pl720_dm128_nh16_el3_dl1_df256_fc1_ebtimeF_dtTruelr5e-05_polspc_Nested_Learning_0>>>>>>>>>>>>>>>>>>>>>>>>>>
train 35832
val 4551
test 9820
	iters: 100, epoch: 1 | loss: 0.9242840
	speed: 0.1588s/iter; left time: 4415.5356s
	iters: 200, epoch: 1 | loss: 0.8468294
	speed: 0.1302s/iter; left time: 3608.0204s
Epoch: 1 cost time: 36.43720865249634
Epoch: 1, Steps: 279 | Train Loss: 0.8874427 Vali Loss: 0.7691332 Test Loss: 0.3642900
Validation loss decreased (inf --> 0.769133).  Saving model ...
Updating learning rate to 0.0001
	iters: 100, epoch: 2 | loss: 0.6481710
	speed: 0.3088s/iter; left time: 8498.9795s
	iters: 200, epoch: 2 | loss: 0.5913509
	speed: 0.1310s/iter; left time: 3591.4391s
Epoch: 2 cost time: 36.45617341995239
Epoch: 2, Steps: 279 | Train Loss: 0.6587625 Vali Loss: 0.6776016 Test Loss: 0.3286676
Validation loss decreased (0.769133 --> 0.677602).  Saving model ...
Updating learning rate to 0.0001
	iters: 100, epoch: 3 | loss: 0.6168431
	speed: 0.3069s/iter; left time: 8361.4432s
	iters: 200, epoch: 3 | loss: 0.6304581
	speed: 0.1311s/iter; left time: 3558.3466s
Epoch: 3 cost time: 36.504939794540405
Epoch: 3, Steps: 279 | Train Loss: 0.6284759 Vali Loss: 0.6629533 Test Loss: 0.3241434
Validation loss decreased (0.677602 --> 0.662953).  Saving model ...
Updating learning rate to 0.0001
	iters: 100, epoch: 4 | loss: 0.5500982
	speed: 0.3066s/iter; left time: 8266.3902s
	iters: 200, epoch: 4 | loss: 0.6327307
	speed: 0.1312s/iter; left time: 3523.3489s
Epoch: 4 cost time: 36.53086185455322
Epoch: 4, Steps: 279 | Train Loss: 0.6192925 Vali Loss: 0.6579798 Test Loss: 0.3211741
Validation loss decreased (0.662953 --> 0.657980).  Saving model ...
Updating learning rate to 9e-05
	iters: 100, epoch: 5 | loss: 0.5647088
	speed: 0.3091s/iter; left time: 8247.4543s
	iters: 200, epoch: 5 | loss: 0.6027450
	speed: 0.1313s/iter; left time: 3489.5515s
Epoch: 5 cost time: 36.58844614028931
Epoch: 5, Steps: 279 | Train Loss: 0.6118076 Vali Loss: 0.6535727 Test Loss: 0.3184283
Validation loss decreased (0.657980 --> 0.653573).  Saving model ...
Updating learning rate to 8.1e-05
	iters: 100, epoch: 6 | loss: 0.5370469
	speed: 0.3081s/iter; left time: 8135.0153s
	iters: 200, epoch: 6 | loss: 0.6652892
	speed: 0.1316s/iter; left time: 3462.3689s
Epoch: 6 cost time: 36.68034029006958
Epoch: 6, Steps: 279 | Train Loss: 0.6062557 Vali Loss: 0.6481058 Test Loss: 0.3188952
Validation loss decreased (0.653573 --> 0.648106).  Saving model ...
Updating learning rate to 7.290000000000001e-05
	iters: 100, epoch: 7 | loss: 0.5653243
	speed: 0.3076s/iter; left time: 8035.4982s
	iters: 200, epoch: 7 | loss: 0.5563662
	speed: 0.1319s/iter; left time: 3433.9051s
Epoch: 7 cost time: 36.767324924468994
Epoch: 7, Steps: 279 | Train Loss: 0.6015853 Vali Loss: 0.6508909 Test Loss: 0.3203091
EarlyStopping counter: 1 out of 20
Updating learning rate to 6.561e-05
	iters: 100, epoch: 8 | loss: 0.5808027
	speed: 0.3062s/iter; left time: 7915.6565s
	iters: 200, epoch: 8 | loss: 0.6611136
	speed: 0.1321s/iter; left time: 3402.0111s
Epoch: 8 cost time: 36.832159757614136
Epoch: 8, Steps: 279 | Train Loss: 0.5972820 Vali Loss: 0.6504577 Test Loss: 0.3206756
EarlyStopping counter: 2 out of 20
Updating learning rate to 5.904900000000001e-05
	iters: 100, epoch: 9 | loss: 0.5659326
	speed: 0.3060s/iter; left time: 7824.7737s
	iters: 200, epoch: 9 | loss: 0.7414435
	speed: 0.1322s/iter; left time: 3365.8468s
Epoch: 9 cost time: 36.844181299209595
Epoch: 9, Steps: 279 | Train Loss: 0.5940312 Vali Loss: 0.6503428 Test Loss: 0.3236780
EarlyStopping counter: 3 out of 20
Updating learning rate to 5.3144100000000005e-05
	iters: 100, epoch: 10 | loss: 0.5234253
	speed: 0.3065s/iter; left time: 7752.1401s
	iters: 200, epoch: 10 | loss: 0.5452352
	speed: 0.1322s/iter; left time: 3330.5582s
Epoch: 10 cost time: 36.83987998962402
Epoch: 10, Steps: 279 | Train Loss: 0.5900095 Vali Loss: 0.6492208 Test Loss: 0.3223716
EarlyStopping counter: 4 out of 20
Updating learning rate to 4.782969000000001e-05
	iters: 100, epoch: 11 | loss: 0.5502084
	speed: 0.3055s/iter; left time: 7640.9528s
	iters: 200, epoch: 11 | loss: 0.6661574
	speed: 0.1322s/iter; left time: 3293.7347s
Epoch: 11 cost time: 36.86751985549927
Epoch: 11, Steps: 279 | Train Loss: 0.5871999 Vali Loss: 0.6454315 Test Loss: 0.3227996
Validation loss decreased (0.648106 --> 0.645431).  Saving model ...
Updating learning rate to 4.304672100000001e-05
	iters: 100, epoch: 12 | loss: 0.5265032
	speed: 0.3100s/iter; left time: 7665.7892s
	iters: 200, epoch: 12 | loss: 0.5658761
	speed: 0.1323s/iter; left time: 3258.8207s
Epoch: 12 cost time: 36.87933921813965
Epoch: 12, Steps: 279 | Train Loss: 0.5841643 Vali Loss: 0.6464969 Test Loss: 0.3238669
EarlyStopping counter: 1 out of 20
Updating learning rate to 3.874204890000001e-05
	iters: 100, epoch: 13 | loss: 0.5391126
	speed: 0.3071s/iter; left time: 7508.5119s
	iters: 200, epoch: 13 | loss: 0.6235311
	speed: 0.1323s/iter; left time: 3222.9629s
Epoch: 13 cost time: 36.87150549888611
Epoch: 13, Steps: 279 | Train Loss: 0.5812663 Vali Loss: 0.6459292 Test Loss: 0.3254050
EarlyStopping counter: 2 out of 20
Updating learning rate to 3.486784401000001e-05
	iters: 100, epoch: 14 | loss: 0.6573258
	speed: 0.3071s/iter; left time: 7422.6380s
	iters: 200, epoch: 14 | loss: 0.5854486
	speed: 0.1325s/iter; left time: 3189.0160s
Epoch: 14 cost time: 36.906795501708984
Epoch: 14, Steps: 279 | Train Loss: 0.5784157 Vali Loss: 0.6473836 Test Loss: 0.3270020
EarlyStopping counter: 3 out of 20
Updating learning rate to 3.138105960900001e-05
	iters: 100, epoch: 15 | loss: 0.6177021
	speed: 0.3073s/iter; left time: 7342.7888s
	iters: 200, epoch: 15 | loss: 0.5182837
	speed: 0.1325s/iter; left time: 3152.1337s
Epoch: 15 cost time: 36.89835715293884
Epoch: 15, Steps: 279 | Train Loss: 0.5765238 Vali Loss: 0.6474721 Test Loss: 0.3268740
EarlyStopping counter: 4 out of 20
Updating learning rate to 2.824295364810001e-05
	iters: 100, epoch: 16 | loss: 0.5366486
	speed: 0.3072s/iter; left time: 7253.8829s
	iters: 200, epoch: 16 | loss: 0.5689888
	speed: 0.1320s/iter; left time: 3105.1855s
Epoch: 16 cost time: 36.80286884307861
Epoch: 16, Steps: 279 | Train Loss: 0.5745214 Vali Loss: 0.6478947 Test Loss: 0.3278846
EarlyStopping counter: 5 out of 20
Updating learning rate to 2.541865828329001e-05
	iters: 100, epoch: 17 | loss: 0.5705228
	speed: 0.3066s/iter; left time: 7155.2421s
	iters: 200, epoch: 17 | loss: 0.6256207
	speed: 0.1318s/iter; left time: 3062.7781s
Epoch: 17 cost time: 36.7192816734314
Epoch: 17, Steps: 279 | Train Loss: 0.5722830 Vali Loss: 0.6468783 Test Loss: 0.3273009
EarlyStopping counter: 6 out of 20
Updating learning rate to 2.287679245496101e-05
	iters: 100, epoch: 18 | loss: 0.5194137
	speed: 0.3061s/iter; left time: 7057.9519s
	iters: 200, epoch: 18 | loss: 0.6318030
	speed: 0.1316s/iter; left time: 3020.4470s
Epoch: 18 cost time: 36.64349699020386
Epoch: 18, Steps: 279 | Train Loss: 0.5707836 Vali Loss: 0.6490360 Test Loss: 0.3283426
EarlyStopping counter: 7 out of 20
Updating learning rate to 2.0589113209464907e-05
	iters: 100, epoch: 19 | loss: 0.6530386
	speed: 0.3051s/iter; left time: 6950.1008s
	iters: 200, epoch: 19 | loss: 0.5595668
	speed: 0.1313s/iter; left time: 2978.4291s
Epoch: 19 cost time: 36.63435769081116
Epoch: 19, Steps: 279 | Train Loss: 0.5689030 Vali Loss: 0.6503701 Test Loss: 0.3287478
EarlyStopping counter: 8 out of 20
Updating learning rate to 1.8530201888518416e-05
	iters: 100, epoch: 20 | loss: 0.5689099
	speed: 0.3053s/iter; left time: 6869.2404s
	iters: 200, epoch: 20 | loss: 0.6509598
	speed: 0.1312s/iter; left time: 2939.9512s
Epoch: 20 cost time: 36.600327014923096
Epoch: 20, Steps: 279 | Train Loss: 0.5675164 Vali Loss: 0.6484911 Test Loss: 0.3295225
EarlyStopping counter: 9 out of 20
Updating learning rate to 1.6677181699666577e-05
	iters: 100, epoch: 21 | loss: 0.5345840
	speed: 0.3049s/iter; left time: 6776.2429s
	iters: 200, epoch: 21 | loss: 0.5639750
	speed: 0.1312s/iter; left time: 2901.7014s
Epoch: 21 cost time: 36.594969034194946
Epoch: 21, Steps: 279 | Train Loss: 0.5664123 Vali Loss: 0.6476856 Test Loss: 0.3293677
EarlyStopping counter: 10 out of 20
Updating learning rate to 1.5009463529699919e-05
	iters: 100, epoch: 22 | loss: 0.6077795
	speed: 0.3047s/iter; left time: 6684.9197s
	iters: 200, epoch: 22 | loss: 0.5219406
	speed: 0.1311s/iter; left time: 2864.0146s
Epoch: 22 cost time: 36.55636668205261
Epoch: 22, Steps: 279 | Train Loss: 0.5647986 Vali Loss: 0.6515250 Test Loss: 0.3298761
EarlyStopping counter: 11 out of 20
Updating learning rate to 1.3508517176729929e-05
	iters: 100, epoch: 23 | loss: 0.6551836
	speed: 0.3032s/iter; left time: 6568.1589s
	iters: 200, epoch: 23 | loss: 0.5902746
	speed: 0.1311s/iter; left time: 2826.4920s
Epoch: 23 cost time: 36.56061244010925
Epoch: 23, Steps: 279 | Train Loss: 0.5636325 Vali Loss: 0.6506121 Test Loss: 0.3299522
EarlyStopping counter: 12 out of 20
Updating learning rate to 1.2157665459056936e-05
	iters: 100, epoch: 24 | loss: 0.5764533
	speed: 0.3043s/iter; left time: 6506.4016s
	iters: 200, epoch: 24 | loss: 0.4738278
	speed: 0.1311s/iter; left time: 2790.3695s
Epoch: 24 cost time: 36.54590606689453
Epoch: 24, Steps: 279 | Train Loss: 0.5625754 Vali Loss: 0.6488766 Test Loss: 0.3298545
EarlyStopping counter: 13 out of 20
Updating learning rate to 1.0941898913151242e-05
	iters: 100, epoch: 25 | loss: 0.5480271
	speed: 0.3190s/iter; left time: 6733.3074s
	iters: 200, epoch: 25 | loss: 0.5665057
	speed: 0.1309s/iter; left time: 2749.9787s
Epoch: 25 cost time: 37.947526931762695
Epoch: 25, Steps: 279 | Train Loss: 0.5613492 Vali Loss: 0.6526235 Test Loss: 0.3305932
EarlyStopping counter: 14 out of 20
Updating learning rate to 9.847709021836118e-06
	iters: 100, epoch: 26 | loss: 0.5844133
	speed: 0.3035s/iter; left time: 6320.5212s
	iters: 200, epoch: 26 | loss: 0.5314445
	speed: 0.1311s/iter; left time: 2717.2165s
Epoch: 26 cost time: 36.51652216911316
Epoch: 26, Steps: 279 | Train Loss: 0.5610705 Vali Loss: 0.6515375 Test Loss: 0.3312035
EarlyStopping counter: 15 out of 20
Updating learning rate to 8.862938119652508e-06
	iters: 100, epoch: 27 | loss: 0.5733660
	speed: 0.3031s/iter; left time: 6227.8199s
	iters: 200, epoch: 27 | loss: 0.5203940
	speed: 0.1311s/iter; left time: 2679.7177s
Epoch: 27 cost time: 36.50694489479065
Epoch: 27, Steps: 279 | Train Loss: 0.5601117 Vali Loss: 0.6513624 Test Loss: 0.3309440
EarlyStopping counter: 16 out of 20
Updating learning rate to 7.976644307687255e-06
	iters: 100, epoch: 28 | loss: 0.5567256
	speed: 0.3031s/iter; left time: 6142.5209s
	iters: 200, epoch: 28 | loss: 0.5536868
	speed: 0.1309s/iter; left time: 2639.8583s
Epoch: 28 cost time: 36.47272253036499
Epoch: 28, Steps: 279 | Train Loss: 0.5593581 Vali Loss: 0.6522812 Test Loss: 0.3315588
EarlyStopping counter: 17 out of 20
Updating learning rate to 7.178979876918531e-06
	iters: 100, epoch: 29 | loss: 0.5601981
	speed: 0.3031s/iter; left time: 6058.2875s
	iters: 200, epoch: 29 | loss: 0.5345249
	speed: 0.1310s/iter; left time: 2604.9992s
Epoch: 29 cost time: 36.487860679626465
Epoch: 29, Steps: 279 | Train Loss: 0.5589178 Vali Loss: 0.6513532 Test Loss: 0.3311973
EarlyStopping counter: 18 out of 20
Updating learning rate to 6.4610818892266776e-06
	iters: 100, epoch: 30 | loss: 0.4846306
	speed: 0.3035s/iter; left time: 5982.0481s
	iters: 200, epoch: 30 | loss: 0.6273806
	speed: 0.1310s/iter; left time: 2569.6932s
Epoch: 30 cost time: 36.50451183319092
Epoch: 30, Steps: 279 | Train Loss: 0.5581838 Vali Loss: 0.6519008 Test Loss: 0.3317082
EarlyStopping counter: 19 out of 20
Updating learning rate to 5.8149737003040096e-06
	iters: 100, epoch: 31 | loss: 0.5840920
	speed: 0.3033s/iter; left time: 5893.3556s
	iters: 200, epoch: 31 | loss: 0.6030701
	speed: 0.1310s/iter; left time: 2532.3789s
Epoch: 31 cost time: 36.489662647247314
Epoch: 31, Steps: 279 | Train Loss: 0.5577132 Vali Loss: 0.6538444 Test Loss: 0.3318697
EarlyStopping counter: 20 out of 20
Early stopping
>>>>>>>testing : NL_weather_cms3_lr0.00005_spc_336_720_PatchTST_custom_ftM_sl336_ll48_pl720_dm128_nh16_el3_dl1_df256_fc1_ebtimeF_dtTruelr5e-05_polspc_Nested_Learning_0<<<<<<<<<<<<<<<<<<<<<<<<<<<<<<<<<
test 9820
 Ejecutando Inferencia DINÁMICA (Nested Learning con cms3)
  -> Política: spc | LR: 5e-05 | Target: head

RESUMEN: El CMS se actualizó 0 veces de 76 posibles.

mse:0.3227996230125427, mae:0.3363170623779297, rse:0.7495229244232178
