==========================================================
SÚPER ARRAY TFG FIX - TAREA ID: 4 / 7
Nodo: dionisio
Dataset: weather | Experimento: NL_weather_cms3_lr0.0001_spc
Cabeza: cms3 | LR: 0.0001 | Política: spc
==========================================================
Args in experiment:
Namespace(random_seed=2021, is_training=1, model_id='NL_weather_cms3_lr0.0001_spc_336_96', model='PatchTST', data='custom', root_path='./dataset/', data_path='weather.csv', features='M', target='OT', freq='h', checkpoints='./checkpoints/', seq_len=336, label_len=48, pred_len=96, head_type='cms3', cms_lr=0.0001, update_policy='spc', fc_dropout=0.2, head_dropout=0.0, patch_len=16, stride=8, padding_patch='end', revin=1, affine=0, subtract_last=0, decomposition=0, kernel_size=25, individual=0, embed_type=0, enc_in=21, dec_in=7, c_out=7, d_model=128, n_heads=16, e_layers=3, d_layers=1, d_ff=256, moving_avg=25, factor=1, distil=True, dropout=0.2, embed='timeF', activation='gelu', output_attention=False, do_predict=False, num_workers=0, itr=1, train_epochs=100, batch_size=128, patience=20, learning_rate=0.0001, des='Nested_Learning', loss='mse', lradj='type3', pct_start=0.3, use_amp=False, use_gpu=True, gpu=0, use_multi_gpu=False, devices='0,1,2,3', test_flop=False)
Use GPU: cuda:0
>>>>>>>start training : NL_weather_cms3_lr0.0001_spc_336_96_PatchTST_custom_ftM_sl336_ll48_pl96_dm128_nh16_el3_dl1_df256_fc1_ebtimeF_dtTruelr0.0001_polspc_Nested_Learning_0>>>>>>>>>>>>>>>>>>>>>>>>>>
train 36456
val 5175
test 10444
	iters: 100, epoch: 1 | loss: 0.9288023
	speed: 0.1688s/iter; left time: 4778.3000s
	iters: 200, epoch: 1 | loss: 0.5639289
	speed: 0.1200s/iter; left time: 3383.1692s
Epoch: 1 cost time: 34.385409355163574
Epoch: 1, Steps: 284 | Train Loss: 0.7478167 Vali Loss: 0.5420380 Test Loss: 0.2216017
Validation loss decreased (inf --> 0.542038).  Saving model ...
Updating learning rate to 0.0001
	iters: 100, epoch: 2 | loss: 0.6260168
	speed: 0.2845s/iter; left time: 7971.2430s
	iters: 200, epoch: 2 | loss: 1.0512569
	speed: 0.1208s/iter; left time: 3371.1633s
Epoch: 2 cost time: 35.6459903717041
Epoch: 2, Steps: 284 | Train Loss: 0.4886013 Vali Loss: 0.4155077 Test Loss: 0.1676839
Validation loss decreased (0.542038 --> 0.415508).  Saving model ...
Updating learning rate to 0.0001
	iters: 100, epoch: 3 | loss: 0.3207501
	speed: 0.2971s/iter; left time: 8238.6335s
	iters: 200, epoch: 3 | loss: 0.3600695
	speed: 0.1207s/iter; left time: 3334.1432s
Epoch: 3 cost time: 34.23741292953491
Epoch: 3, Steps: 284 | Train Loss: 0.4430440 Vali Loss: 0.3952236 Test Loss: 0.1577853
Validation loss decreased (0.415508 --> 0.395224).  Saving model ...
Updating learning rate to 0.0001
	iters: 100, epoch: 4 | loss: 0.3148705
	speed: 0.2824s/iter; left time: 7751.7060s
	iters: 200, epoch: 4 | loss: 0.3837351
	speed: 0.1206s/iter; left time: 3298.8561s
Epoch: 4 cost time: 34.21891736984253
Epoch: 4, Steps: 284 | Train Loss: 0.4294019 Vali Loss: 0.3874470 Test Loss: 0.1550677
Validation loss decreased (0.395224 --> 0.387447).  Saving model ...
Updating learning rate to 9e-05
	iters: 100, epoch: 5 | loss: 0.4126193
	speed: 0.2822s/iter; left time: 7665.5605s
	iters: 200, epoch: 5 | loss: 0.5839527
	speed: 0.1206s/iter; left time: 3263.3356s
Epoch: 5 cost time: 34.19958448410034
Epoch: 5, Steps: 284 | Train Loss: 0.4207935 Vali Loss: 0.3867800 Test Loss: 0.1523002
Validation loss decreased (0.387447 --> 0.386780).  Saving model ...
Updating learning rate to 8.1e-05
	iters: 100, epoch: 6 | loss: 0.3228823
	speed: 0.2820s/iter; left time: 7579.6291s
	iters: 200, epoch: 6 | loss: 0.3161246
	speed: 0.1206s/iter; left time: 3229.6903s
Epoch: 6 cost time: 34.20363736152649
Epoch: 6, Steps: 284 | Train Loss: 0.4142674 Vali Loss: 0.3908548 Test Loss: 0.1513458
EarlyStopping counter: 1 out of 20
Updating learning rate to 7.290000000000001e-05
	iters: 100, epoch: 7 | loss: 0.2983215
	speed: 0.2805s/iter; left time: 7460.9768s
	iters: 200, epoch: 7 | loss: 0.6211589
	speed: 0.1206s/iter; left time: 3195.2844s
Epoch: 7 cost time: 34.1906521320343
Epoch: 7, Steps: 284 | Train Loss: 0.4086314 Vali Loss: 0.3921570 Test Loss: 0.1514317
EarlyStopping counter: 2 out of 20
Updating learning rate to 6.561e-05
	iters: 100, epoch: 8 | loss: 0.3120937
	speed: 0.2805s/iter; left time: 7381.1206s
	iters: 200, epoch: 8 | loss: 0.3150832
	speed: 0.1206s/iter; left time: 3162.5287s
Epoch: 8 cost time: 34.19757390022278
Epoch: 8, Steps: 284 | Train Loss: 0.4064732 Vali Loss: 0.3936870 Test Loss: 0.1515514
EarlyStopping counter: 3 out of 20
Updating learning rate to 5.904900000000001e-05
	iters: 100, epoch: 9 | loss: 0.7155070
	speed: 0.2805s/iter; left time: 7301.8297s
	iters: 200, epoch: 9 | loss: 0.3909078
	speed: 0.1206s/iter; left time: 3127.1270s
Epoch: 9 cost time: 34.202720165252686
Epoch: 9, Steps: 284 | Train Loss: 0.4020247 Vali Loss: 0.3947164 Test Loss: 0.1517474
EarlyStopping counter: 4 out of 20
Updating learning rate to 5.3144100000000005e-05
	iters: 100, epoch: 10 | loss: 0.3108461
	speed: 0.2803s/iter; left time: 7216.8704s
	iters: 200, epoch: 10 | loss: 0.3621790
	speed: 0.1206s/iter; left time: 3093.5167s
Epoch: 10 cost time: 34.195000648498535
Epoch: 10, Steps: 284 | Train Loss: 0.3996676 Vali Loss: 0.3926259 Test Loss: 0.1508727
EarlyStopping counter: 5 out of 20
Updating learning rate to 4.782969000000001e-05
	iters: 100, epoch: 11 | loss: 0.3051164
	speed: 0.2803s/iter; left time: 7135.9117s
	iters: 200, epoch: 11 | loss: 0.5300623
	speed: 0.1206s/iter; left time: 3058.4950s
Epoch: 11 cost time: 34.18164396286011
Epoch: 11, Steps: 284 | Train Loss: 0.3975870 Vali Loss: 0.3949066 Test Loss: 0.1519817
EarlyStopping counter: 6 out of 20
Updating learning rate to 4.304672100000001e-05
	iters: 100, epoch: 12 | loss: 0.3131270
	speed: 0.2804s/iter; left time: 7059.6164s
	iters: 200, epoch: 12 | loss: 0.4268467
	speed: 0.1206s/iter; left time: 3023.2034s
Epoch: 12 cost time: 34.1840443611145
Epoch: 12, Steps: 284 | Train Loss: 0.3940525 Vali Loss: 0.3972660 Test Loss: 0.1520372
EarlyStopping counter: 7 out of 20
Updating learning rate to 3.874204890000001e-05
	iters: 100, epoch: 13 | loss: 0.4802721
	speed: 0.2804s/iter; left time: 6980.8040s
	iters: 200, epoch: 13 | loss: 0.2999673
	speed: 0.1206s/iter; left time: 2990.1590s
Epoch: 13 cost time: 34.19057583808899
Epoch: 13, Steps: 284 | Train Loss: 0.3927589 Vali Loss: 0.3947499 Test Loss: 0.1513371
EarlyStopping counter: 8 out of 20
Updating learning rate to 3.486784401000001e-05
	iters: 100, epoch: 14 | loss: 0.2970751
	speed: 0.2803s/iter; left time: 6898.2905s
	iters: 200, epoch: 14 | loss: 0.5862887
	speed: 0.1206s/iter; left time: 2954.9119s
Epoch: 14 cost time: 34.183924198150635
Epoch: 14, Steps: 284 | Train Loss: 0.3908740 Vali Loss: 0.3965078 Test Loss: 0.1507814
EarlyStopping counter: 9 out of 20
Updating learning rate to 3.138105960900001e-05
	iters: 100, epoch: 15 | loss: 0.5821763
	speed: 0.2804s/iter; left time: 6821.8161s
	iters: 200, epoch: 15 | loss: 0.3857427
	speed: 0.1206s/iter; left time: 2920.8051s
Epoch: 15 cost time: 34.1906213760376
Epoch: 15, Steps: 284 | Train Loss: 0.3887680 Vali Loss: 0.3996854 Test Loss: 0.1524434
EarlyStopping counter: 10 out of 20
Updating learning rate to 2.824295364810001e-05
	iters: 100, epoch: 16 | loss: 0.3374013
	speed: 0.2804s/iter; left time: 6741.0270s
	iters: 200, epoch: 16 | loss: 0.2758410
	speed: 0.1206s/iter; left time: 2887.6193s
Epoch: 16 cost time: 34.21503806114197
Epoch: 16, Steps: 284 | Train Loss: 0.3881915 Vali Loss: 0.3990935 Test Loss: 0.1517631
EarlyStopping counter: 11 out of 20
Updating learning rate to 2.541865828329001e-05
	iters: 100, epoch: 17 | loss: 0.3032613
	speed: 0.2826s/iter; left time: 6713.4026s
	iters: 200, epoch: 17 | loss: 0.2927380
	speed: 0.1207s/iter; left time: 2856.3601s
Epoch: 17 cost time: 34.23712158203125
Epoch: 17, Steps: 284 | Train Loss: 0.3852839 Vali Loss: 0.3994993 Test Loss: 0.1521807
EarlyStopping counter: 12 out of 20
Updating learning rate to 2.287679245496101e-05
	iters: 100, epoch: 18 | loss: 0.5571820
	speed: 0.2826s/iter; left time: 6633.4152s
	iters: 200, epoch: 18 | loss: 0.3309010
	speed: 0.1208s/iter; left time: 2822.6917s
Epoch: 18 cost time: 34.25126385688782
Epoch: 18, Steps: 284 | Train Loss: 0.3835786 Vali Loss: 0.4000959 Test Loss: 0.1525141
EarlyStopping counter: 13 out of 20
Updating learning rate to 2.0589113209464907e-05
	iters: 100, epoch: 19 | loss: 0.5183622
	speed: 0.2826s/iter; left time: 6552.1290s
	iters: 200, epoch: 19 | loss: 0.2801189
	speed: 0.1208s/iter; left time: 2788.8239s
Epoch: 19 cost time: 34.25849795341492
Epoch: 19, Steps: 284 | Train Loss: 0.3844533 Vali Loss: 0.4023927 Test Loss: 0.1536447
EarlyStopping counter: 14 out of 20
Updating learning rate to 1.8530201888518416e-05
	iters: 100, epoch: 20 | loss: 0.5739717
	speed: 0.2828s/iter; left time: 6477.8277s
	iters: 200, epoch: 20 | loss: 0.2977522
	speed: 0.1208s/iter; left time: 2754.4607s
Epoch: 20 cost time: 34.255579233169556
Epoch: 20, Steps: 284 | Train Loss: 0.3833880 Vali Loss: 0.3995461 Test Loss: 0.1523368
EarlyStopping counter: 15 out of 20
Updating learning rate to 1.6677181699666577e-05
	iters: 100, epoch: 21 | loss: 0.5368787
	speed: 0.2826s/iter; left time: 6393.2206s
	iters: 200, epoch: 21 | loss: 0.3006922
	speed: 0.1207s/iter; left time: 2717.7066s
Epoch: 21 cost time: 34.234379291534424
Epoch: 21, Steps: 284 | Train Loss: 0.3816996 Vali Loss: 0.3998669 Test Loss: 0.1524733
EarlyStopping counter: 16 out of 20
Updating learning rate to 1.5009463529699919e-05
	iters: 100, epoch: 22 | loss: 0.4478764
	speed: 0.2806s/iter; left time: 6267.5238s
	iters: 200, epoch: 22 | loss: 0.3521307
	speed: 0.1206s/iter; left time: 2680.8829s
Epoch: 22 cost time: 34.198498249053955
Epoch: 22, Steps: 284 | Train Loss: 0.3815760 Vali Loss: 0.4010620 Test Loss: 0.1529321
EarlyStopping counter: 17 out of 20
Updating learning rate to 1.3508517176729929e-05
	iters: 100, epoch: 23 | loss: 0.6068288
	speed: 0.2805s/iter; left time: 6185.7329s
	iters: 200, epoch: 23 | loss: 0.2772351
	speed: 0.1205s/iter; left time: 2646.3733s
Epoch: 23 cost time: 34.19445180892944
Epoch: 23, Steps: 284 | Train Loss: 0.3810764 Vali Loss: 0.4011596 Test Loss: 0.1526749
EarlyStopping counter: 18 out of 20
Updating learning rate to 1.2157665459056936e-05
	iters: 100, epoch: 24 | loss: 0.3054010
	speed: 0.2805s/iter; left time: 6105.7241s
	iters: 200, epoch: 24 | loss: 0.5366153
	speed: 0.1206s/iter; left time: 2612.4522s
Epoch: 24 cost time: 34.20243787765503
Epoch: 24, Steps: 284 | Train Loss: 0.3801119 Vali Loss: 0.4012145 Test Loss: 0.1531788
EarlyStopping counter: 19 out of 20
Updating learning rate to 1.0941898913151242e-05
	iters: 100, epoch: 25 | loss: 0.2738278
	speed: 0.2807s/iter; left time: 6030.5313s
	iters: 200, epoch: 25 | loss: 0.5015758
	speed: 0.1205s/iter; left time: 2577.8039s
Epoch: 25 cost time: 34.19604301452637
Epoch: 25, Steps: 284 | Train Loss: 0.3797421 Vali Loss: 0.4015982 Test Loss: 0.1529542
EarlyStopping counter: 20 out of 20
Early stopping
>>>>>>>testing : NL_weather_cms3_lr0.0001_spc_336_96_PatchTST_custom_ftM_sl336_ll48_pl96_dm128_nh16_el3_dl1_df256_fc1_ebtimeF_dtTruelr0.0001_polspc_Nested_Learning_0<<<<<<<<<<<<<<<<<<<<<<<<<<<<<<<<<
test 10444
 Ejecutando Inferencia DINÁMICA (Nested Learning con cms3)
  -> Política: spc | LR: 0.0001 | Target: head

RESUMEN: El CMS se actualizó 0 veces de 81 posibles.

mse:0.15230019390583038, mae:0.20061567425727844, rse:0.5141149759292603
Args in experiment:
Namespace(random_seed=2021, is_training=1, model_id='NL_weather_cms3_lr0.0001_spc_336_192', model='PatchTST', data='custom', root_path='./dataset/', data_path='weather.csv', features='M', target='OT', freq='h', checkpoints='./checkpoints/', seq_len=336, label_len=48, pred_len=192, head_type='cms3', cms_lr=0.0001, update_policy='spc', fc_dropout=0.2, head_dropout=0.0, patch_len=16, stride=8, padding_patch='end', revin=1, affine=0, subtract_last=0, decomposition=0, kernel_size=25, individual=0, embed_type=0, enc_in=21, dec_in=7, c_out=7, d_model=128, n_heads=16, e_layers=3, d_layers=1, d_ff=256, moving_avg=25, factor=1, distil=True, dropout=0.2, embed='timeF', activation='gelu', output_attention=False, do_predict=False, num_workers=0, itr=1, train_epochs=100, batch_size=128, patience=20, learning_rate=0.0001, des='Nested_Learning', loss='mse', lradj='type3', pct_start=0.3, use_amp=False, use_gpu=True, gpu=0, use_multi_gpu=False, devices='0,1,2,3', test_flop=False)
Use GPU: cuda:0
>>>>>>>start training : NL_weather_cms3_lr0.0001_spc_336_192_PatchTST_custom_ftM_sl336_ll48_pl192_dm128_nh16_el3_dl1_df256_fc1_ebtimeF_dtTruelr0.0001_polspc_Nested_Learning_0>>>>>>>>>>>>>>>>>>>>>>>>>>
train 36360
val 5079
test 10348
	iters: 100, epoch: 1 | loss: 0.7610692
	speed: 0.1515s/iter; left time: 4286.6334s
	iters: 200, epoch: 1 | loss: 0.6225628
	speed: 0.1210s/iter; left time: 3411.3110s
Epoch: 1 cost time: 34.65815091133118
Epoch: 1, Steps: 284 | Train Loss: 0.7835623 Vali Loss: 0.5987979 Test Loss: 0.2582970
Validation loss decreased (inf --> 0.598798).  Saving model ...
Updating learning rate to 0.0001
	iters: 100, epoch: 2 | loss: 0.4382181
	speed: 0.2851s/iter; left time: 7986.3077s
	iters: 200, epoch: 2 | loss: 0.4423844
	speed: 0.1214s/iter; left time: 3389.2209s
Epoch: 2 cost time: 34.43207120895386
Epoch: 2, Steps: 284 | Train Loss: 0.5393729 Vali Loss: 0.4829839 Test Loss: 0.2108339
Validation loss decreased (0.598798 --> 0.482984).  Saving model ...
Updating learning rate to 0.0001
	iters: 100, epoch: 3 | loss: 0.5798455
	speed: 0.2871s/iter; left time: 7962.3577s
	iters: 200, epoch: 3 | loss: 0.5295562
	speed: 0.1216s/iter; left time: 3360.5341s
Epoch: 3 cost time: 34.49927115440369
Epoch: 3, Steps: 284 | Train Loss: 0.4998905 Vali Loss: 0.4721342 Test Loss: 0.2033586
Validation loss decreased (0.482984 --> 0.472134).  Saving model ...
Updating learning rate to 0.0001
	iters: 100, epoch: 4 | loss: 0.5246767
	speed: 0.2862s/iter; left time: 7856.2688s
	iters: 200, epoch: 4 | loss: 0.7670692
	speed: 0.1218s/iter; left time: 3330.2679s
Epoch: 4 cost time: 34.54746627807617
Epoch: 4, Steps: 284 | Train Loss: 0.4885557 Vali Loss: 0.4600765 Test Loss: 0.1994413
Validation loss decreased (0.472134 --> 0.460077).  Saving model ...
Updating learning rate to 9e-05
	iters: 100, epoch: 5 | loss: 0.4283978
	speed: 0.2853s/iter; left time: 7748.8406s
	iters: 200, epoch: 5 | loss: 0.3844834
	speed: 0.1218s/iter; left time: 3295.1642s
Epoch: 5 cost time: 34.54195785522461
Epoch: 5, Steps: 284 | Train Loss: 0.4806462 Vali Loss: 0.4571414 Test Loss: 0.1979162
Validation loss decreased (0.460077 --> 0.457141).  Saving model ...
Updating learning rate to 8.1e-05
	iters: 100, epoch: 6 | loss: 0.6404281
	speed: 0.2858s/iter; left time: 7681.2888s
	iters: 200, epoch: 6 | loss: 0.3969756
	speed: 0.1217s/iter; left time: 3259.6843s
Epoch: 6 cost time: 34.53416419029236
Epoch: 6, Steps: 284 | Train Loss: 0.4746432 Vali Loss: 0.4577738 Test Loss: 0.1967791
EarlyStopping counter: 1 out of 20
Updating learning rate to 7.290000000000001e-05
	iters: 100, epoch: 7 | loss: 0.5344083
	speed: 0.2843s/iter; left time: 7562.0084s
	iters: 200, epoch: 7 | loss: 0.5237998
	speed: 0.1217s/iter; left time: 3225.1285s
Epoch: 7 cost time: 34.52773118019104
Epoch: 7, Steps: 284 | Train Loss: 0.4700496 Vali Loss: 0.4603394 Test Loss: 0.1960653
EarlyStopping counter: 2 out of 20
Updating learning rate to 6.561e-05
	iters: 100, epoch: 8 | loss: 0.5869374
	speed: 0.2847s/iter; left time: 7491.3955s
	iters: 200, epoch: 8 | loss: 0.3691950
	speed: 0.1218s/iter; left time: 3191.9023s
Epoch: 8 cost time: 34.53932166099548
Epoch: 8, Steps: 284 | Train Loss: 0.4661791 Vali Loss: 0.4627976 Test Loss: 0.1963764
EarlyStopping counter: 3 out of 20
Updating learning rate to 5.904900000000001e-05
	iters: 100, epoch: 9 | loss: 0.3837702
	speed: 0.2848s/iter; left time: 7411.8614s
	iters: 200, epoch: 9 | loss: 0.3880117
	speed: 0.1217s/iter; left time: 3156.8536s
Epoch: 9 cost time: 34.53212881088257
Epoch: 9, Steps: 284 | Train Loss: 0.4628328 Vali Loss: 0.4605966 Test Loss: 0.1964609
EarlyStopping counter: 4 out of 20
Updating learning rate to 5.3144100000000005e-05
	iters: 100, epoch: 10 | loss: 0.6766372
	speed: 0.2849s/iter; left time: 7334.3903s
	iters: 200, epoch: 10 | loss: 0.4885053
	speed: 0.1218s/iter; left time: 3122.5066s
Epoch: 10 cost time: 34.536683797836304
Epoch: 10, Steps: 284 | Train Loss: 0.4595784 Vali Loss: 0.4624000 Test Loss: 0.1970761
EarlyStopping counter: 5 out of 20
Updating learning rate to 4.782969000000001e-05
	iters: 100, epoch: 11 | loss: 0.4522836
	speed: 0.2849s/iter; left time: 7253.8727s
	iters: 200, epoch: 11 | loss: 0.4735628
	speed: 0.1217s/iter; left time: 3087.3477s
Epoch: 11 cost time: 34.54609942436218
Epoch: 11, Steps: 284 | Train Loss: 0.4575254 Vali Loss: 0.4619428 Test Loss: 0.1965745
EarlyStopping counter: 6 out of 20
Updating learning rate to 4.304672100000001e-05
	iters: 100, epoch: 12 | loss: 0.3392558
	speed: 0.2848s/iter; left time: 7170.9006s
	iters: 200, epoch: 12 | loss: 0.5227941
	speed: 0.1218s/iter; left time: 3054.6317s
Epoch: 12 cost time: 34.550954818725586
Epoch: 12, Steps: 284 | Train Loss: 0.4551486 Vali Loss: 0.4647479 Test Loss: 0.1967286
EarlyStopping counter: 7 out of 20
Updating learning rate to 3.874204890000001e-05
	iters: 100, epoch: 13 | loss: 0.4737312
	speed: 0.2847s/iter; left time: 7087.4505s
	iters: 200, epoch: 13 | loss: 0.4948811
	speed: 0.1218s/iter; left time: 3020.3165s
Epoch: 13 cost time: 34.5589325428009
Epoch: 13, Steps: 284 | Train Loss: 0.4528770 Vali Loss: 0.4620093 Test Loss: 0.1972722
EarlyStopping counter: 8 out of 20
Updating learning rate to 3.486784401000001e-05
	iters: 100, epoch: 14 | loss: 0.4249410
	speed: 0.2845s/iter; left time: 7002.2336s
	iters: 200, epoch: 14 | loss: 0.5855793
	speed: 0.1218s/iter; left time: 2985.0406s
Epoch: 14 cost time: 34.55466294288635
Epoch: 14, Steps: 284 | Train Loss: 0.4506414 Vali Loss: 0.4627201 Test Loss: 0.1979125
EarlyStopping counter: 9 out of 20
Updating learning rate to 3.138105960900001e-05
	iters: 100, epoch: 15 | loss: 0.4422402
	speed: 0.2843s/iter; left time: 6914.7600s
	iters: 200, epoch: 15 | loss: 0.4003506
	speed: 0.1218s/iter; left time: 2949.9725s
Epoch: 15 cost time: 34.55166530609131
Epoch: 15, Steps: 284 | Train Loss: 0.4488248 Vali Loss: 0.4654861 Test Loss: 0.1982413
EarlyStopping counter: 10 out of 20
Updating learning rate to 2.824295364810001e-05
	iters: 100, epoch: 16 | loss: 0.3668301
	speed: 0.2846s/iter; left time: 6841.2308s
	iters: 200, epoch: 16 | loss: 0.4652145
	speed: 0.1218s/iter; left time: 2916.1344s
Epoch: 16 cost time: 34.55763268470764
Epoch: 16, Steps: 284 | Train Loss: 0.4472431 Vali Loss: 0.4629662 Test Loss: 0.1981324
EarlyStopping counter: 11 out of 20
Updating learning rate to 2.541865828329001e-05
	iters: 100, epoch: 17 | loss: 0.4226035
	speed: 0.2844s/iter; left time: 6756.7635s
	iters: 200, epoch: 17 | loss: 0.3560654
	speed: 0.1217s/iter; left time: 2879.9903s
Epoch: 17 cost time: 34.54266405105591
Epoch: 17, Steps: 284 | Train Loss: 0.4455484 Vali Loss: 0.4670785 Test Loss: 0.1981559
EarlyStopping counter: 12 out of 20
Updating learning rate to 2.287679245496101e-05
	iters: 100, epoch: 18 | loss: 0.3629916
	speed: 0.2846s/iter; left time: 6679.5558s
	iters: 200, epoch: 18 | loss: 0.4694759
	speed: 0.1218s/iter; left time: 2846.0763s
Epoch: 18 cost time: 34.55301475524902
Epoch: 18, Steps: 284 | Train Loss: 0.4443727 Vali Loss: 0.4667578 Test Loss: 0.1990689
EarlyStopping counter: 13 out of 20
Updating learning rate to 2.0589113209464907e-05
	iters: 100, epoch: 19 | loss: 0.5161457
	speed: 0.2843s/iter; left time: 6591.5911s
	iters: 200, epoch: 19 | loss: 0.3549795
	speed: 0.1217s/iter; left time: 2811.0422s
Epoch: 19 cost time: 34.54427409172058
Epoch: 19, Steps: 284 | Train Loss: 0.4430115 Vali Loss: 0.4695634 Test Loss: 0.1986623
EarlyStopping counter: 14 out of 20
Updating learning rate to 1.8530201888518416e-05
	iters: 100, epoch: 20 | loss: 0.4432735
	speed: 0.2844s/iter; left time: 6513.2868s
	iters: 200, epoch: 20 | loss: 0.3742554
	speed: 0.1217s/iter; left time: 2776.3749s
Epoch: 20 cost time: 34.531264543533325
Epoch: 20, Steps: 284 | Train Loss: 0.4418063 Vali Loss: 0.4684814 Test Loss: 0.1994658
EarlyStopping counter: 15 out of 20
Updating learning rate to 1.6677181699666577e-05
	iters: 100, epoch: 21 | loss: 0.6391309
	speed: 0.2842s/iter; left time: 6428.9462s
	iters: 200, epoch: 21 | loss: 0.5132702
	speed: 0.1217s/iter; left time: 2741.8846s
Epoch: 21 cost time: 34.53249406814575
Epoch: 21, Steps: 284 | Train Loss: 0.4408419 Vali Loss: 0.4682900 Test Loss: 0.1999870
EarlyStopping counter: 16 out of 20
Updating learning rate to 1.5009463529699919e-05
	iters: 100, epoch: 22 | loss: 0.5037921
	speed: 0.2843s/iter; left time: 6350.2401s
	iters: 200, epoch: 22 | loss: 0.8560862
	speed: 0.1218s/iter; left time: 2707.4891s
Epoch: 22 cost time: 34.52807116508484
Epoch: 22, Steps: 284 | Train Loss: 0.4397931 Vali Loss: 0.4721070 Test Loss: 0.1991114
EarlyStopping counter: 17 out of 20
Updating learning rate to 1.3508517176729929e-05
	iters: 100, epoch: 23 | loss: 0.4325560
	speed: 0.2843s/iter; left time: 6268.5976s
	iters: 200, epoch: 23 | loss: 0.3400260
	speed: 0.1218s/iter; left time: 2673.8135s
Epoch: 23 cost time: 34.53352093696594
Epoch: 23, Steps: 284 | Train Loss: 0.4389866 Vali Loss: 0.4698415 Test Loss: 0.1997161
EarlyStopping counter: 18 out of 20
Updating learning rate to 1.2157665459056936e-05
	iters: 100, epoch: 24 | loss: 0.3726797
	speed: 0.2842s/iter; left time: 6187.4569s
	iters: 200, epoch: 24 | loss: 0.4024431
	speed: 0.1218s/iter; left time: 2638.7497s
Epoch: 24 cost time: 34.528801679611206
Epoch: 24, Steps: 284 | Train Loss: 0.4384105 Vali Loss: 0.4673072 Test Loss: 0.2002252
EarlyStopping counter: 19 out of 20
Updating learning rate to 1.0941898913151242e-05
	iters: 100, epoch: 25 | loss: 0.4954227
	speed: 0.2841s/iter; left time: 6103.6610s
	iters: 200, epoch: 25 | loss: 0.3981011
	speed: 0.1218s/iter; left time: 2604.4464s
Epoch: 25 cost time: 34.529752254486084
Epoch: 25, Steps: 284 | Train Loss: 0.4374403 Vali Loss: 0.4692795 Test Loss: 0.1996281
EarlyStopping counter: 20 out of 20
Early stopping
>>>>>>>testing : NL_weather_cms3_lr0.0001_spc_336_192_PatchTST_custom_ftM_sl336_ll48_pl192_dm128_nh16_el3_dl1_df256_fc1_ebtimeF_dtTruelr0.0001_polspc_Nested_Learning_0<<<<<<<<<<<<<<<<<<<<<<<<<<<<<<<<<
test 10348
 Ejecutando Inferencia DINÁMICA (Nested Learning con cms3)
  -> Política: spc | LR: 0.0001 | Target: head

RESUMEN: El CMS se actualizó 0 veces de 80 posibles.

mse:0.197916179895401, mae:0.24334751069545746, rse:0.5852699875831604
Args in experiment:
Namespace(random_seed=2021, is_training=1, model_id='NL_weather_cms3_lr0.0001_spc_336_336', model='PatchTST', data='custom', root_path='./dataset/', data_path='weather.csv', features='M', target='OT', freq='h', checkpoints='./checkpoints/', seq_len=336, label_len=48, pred_len=336, head_type='cms3', cms_lr=0.0001, update_policy='spc', fc_dropout=0.2, head_dropout=0.0, patch_len=16, stride=8, padding_patch='end', revin=1, affine=0, subtract_last=0, decomposition=0, kernel_size=25, individual=0, embed_type=0, enc_in=21, dec_in=7, c_out=7, d_model=128, n_heads=16, e_layers=3, d_layers=1, d_ff=256, moving_avg=25, factor=1, distil=True, dropout=0.2, embed='timeF', activation='gelu', output_attention=False, do_predict=False, num_workers=0, itr=1, train_epochs=100, batch_size=128, patience=20, learning_rate=0.0001, des='Nested_Learning', loss='mse', lradj='type3', pct_start=0.3, use_amp=False, use_gpu=True, gpu=0, use_multi_gpu=False, devices='0,1,2,3', test_flop=False)
Use GPU: cuda:0
>>>>>>>start training : NL_weather_cms3_lr0.0001_spc_336_336_PatchTST_custom_ftM_sl336_ll48_pl336_dm128_nh16_el3_dl1_df256_fc1_ebtimeF_dtTruelr0.0001_polspc_Nested_Learning_0>>>>>>>>>>>>>>>>>>>>>>>>>>
train 36216
val 4935
test 10204
	iters: 100, epoch: 1 | loss: 0.7839569
	speed: 0.1591s/iter; left time: 4471.5229s
	iters: 200, epoch: 1 | loss: 0.8624343
	speed: 0.1229s/iter; left time: 3440.9607s
Epoch: 1 cost time: 34.936094760894775
Epoch: 1, Steps: 282 | Train Loss: 0.8244044 Vali Loss: 0.6741259 Test Loss: 0.3021441
Validation loss decreased (inf --> 0.674126).  Saving model ...
Updating learning rate to 0.0001
	iters: 100, epoch: 2 | loss: 0.5734395
	speed: 0.2893s/iter; left time: 8049.3519s
	iters: 200, epoch: 2 | loss: 0.4761204
	speed: 0.1232s/iter; left time: 3415.3663s
Epoch: 2 cost time: 34.718416929244995
Epoch: 2, Steps: 282 | Train Loss: 0.5919356 Vali Loss: 0.5712075 Test Loss: 0.2608930
Validation loss decreased (0.674126 --> 0.571208).  Saving model ...
Updating learning rate to 0.0001
	iters: 100, epoch: 3 | loss: 0.5631306
	speed: 0.2888s/iter; left time: 7953.0677s
	iters: 200, epoch: 3 | loss: 0.4655921
	speed: 0.1233s/iter; left time: 3383.1363s
Epoch: 3 cost time: 34.744667053222656
Epoch: 3, Steps: 282 | Train Loss: 0.5556105 Vali Loss: 0.5530772 Test Loss: 0.2542449
Validation loss decreased (0.571208 --> 0.553077).  Saving model ...
Updating learning rate to 0.0001
	iters: 100, epoch: 4 | loss: 0.6822688
	speed: 0.2912s/iter; left time: 7935.8749s
	iters: 200, epoch: 4 | loss: 0.5995265
	speed: 0.1238s/iter; left time: 3360.6193s
Epoch: 4 cost time: 34.85289764404297
Epoch: 4, Steps: 282 | Train Loss: 0.5455601 Vali Loss: 0.5435153 Test Loss: 0.2502871
Validation loss decreased (0.553077 --> 0.543515).  Saving model ...
Updating learning rate to 9e-05
	iters: 100, epoch: 5 | loss: 0.5040773
	speed: 0.2922s/iter; left time: 7882.6483s
	iters: 200, epoch: 5 | loss: 0.5891061
	speed: 0.1239s/iter; left time: 3330.8706s
Epoch: 5 cost time: 34.88110399246216
Epoch: 5, Steps: 282 | Train Loss: 0.5375240 Vali Loss: 0.5434483 Test Loss: 0.2485072
Validation loss decreased (0.543515 --> 0.543448).  Saving model ...
Updating learning rate to 8.1e-05
	iters: 100, epoch: 6 | loss: 0.6520075
	speed: 0.2921s/iter; left time: 7797.0425s
	iters: 200, epoch: 6 | loss: 0.4482224
	speed: 0.1238s/iter; left time: 3292.7669s
Epoch: 6 cost time: 34.851054668426514
Epoch: 6, Steps: 282 | Train Loss: 0.5318010 Vali Loss: 0.5421219 Test Loss: 0.2481122
Validation loss decreased (0.543448 --> 0.542122).  Saving model ...
Updating learning rate to 7.290000000000001e-05
	iters: 100, epoch: 7 | loss: 0.5204163
	speed: 0.2907s/iter; left time: 7676.4182s
	iters: 200, epoch: 7 | loss: 0.5510277
	speed: 0.1238s/iter; left time: 3257.4623s
Epoch: 7 cost time: 34.84396171569824
Epoch: 7, Steps: 282 | Train Loss: 0.5265635 Vali Loss: 0.5450261 Test Loss: 0.2481092
EarlyStopping counter: 1 out of 20
Updating learning rate to 6.561e-05
	iters: 100, epoch: 8 | loss: 0.5363511
	speed: 0.2888s/iter; left time: 7546.5034s
	iters: 200, epoch: 8 | loss: 0.6257433
	speed: 0.1238s/iter; left time: 3222.6896s
Epoch: 8 cost time: 34.837453842163086
Epoch: 8, Steps: 282 | Train Loss: 0.5228353 Vali Loss: 0.5429310 Test Loss: 0.2477764
EarlyStopping counter: 2 out of 20
Updating learning rate to 5.904900000000001e-05
	iters: 100, epoch: 9 | loss: 0.4607071
	speed: 0.2892s/iter; left time: 7473.7085s
	iters: 200, epoch: 9 | loss: 0.5187268
	speed: 0.1238s/iter; left time: 3187.6894s
Epoch: 9 cost time: 34.8380401134491
Epoch: 9, Steps: 282 | Train Loss: 0.5191048 Vali Loss: 0.5429001 Test Loss: 0.2475833
EarlyStopping counter: 3 out of 20
Updating learning rate to 5.3144100000000005e-05
	iters: 100, epoch: 10 | loss: 0.4865082
	speed: 0.2891s/iter; left time: 7389.7581s
	iters: 200, epoch: 10 | loss: 0.5620679
	speed: 0.1238s/iter; left time: 3152.0932s
Epoch: 10 cost time: 34.83081531524658
Epoch: 10, Steps: 282 | Train Loss: 0.5157480 Vali Loss: 0.5382318 Test Loss: 0.2477351
Validation loss decreased (0.542122 --> 0.538232).  Saving model ...
Updating learning rate to 4.782969000000001e-05
	iters: 100, epoch: 11 | loss: 0.4497303
	speed: 0.2903s/iter; left time: 7339.5013s
	iters: 200, epoch: 11 | loss: 0.4769673
	speed: 0.1238s/iter; left time: 3116.7085s
Epoch: 11 cost time: 34.84374976158142
Epoch: 11, Steps: 282 | Train Loss: 0.5129014 Vali Loss: 0.5435591 Test Loss: 0.2477599
EarlyStopping counter: 1 out of 20
Updating learning rate to 4.304672100000001e-05
	iters: 100, epoch: 12 | loss: 0.5231844
	speed: 0.2893s/iter; left time: 7231.5885s
	iters: 200, epoch: 12 | loss: 0.6036282
	speed: 0.1238s/iter; left time: 3081.6827s
Epoch: 12 cost time: 34.835458517074585
Epoch: 12, Steps: 282 | Train Loss: 0.5098846 Vali Loss: 0.5426908 Test Loss: 0.2489377
EarlyStopping counter: 2 out of 20
Updating learning rate to 3.874204890000001e-05
	iters: 100, epoch: 13 | loss: 0.6405133
	speed: 0.2892s/iter; left time: 7147.4745s
	iters: 200, epoch: 13 | loss: 0.4668495
	speed: 0.1237s/iter; left time: 3045.5094s
Epoch: 13 cost time: 34.834744453430176
Epoch: 13, Steps: 282 | Train Loss: 0.5076884 Vali Loss: 0.5457514 Test Loss: 0.2489652
EarlyStopping counter: 3 out of 20
Updating learning rate to 3.486784401000001e-05
	iters: 100, epoch: 14 | loss: 0.4741754
	speed: 0.2893s/iter; left time: 7068.6005s
	iters: 200, epoch: 14 | loss: 0.5083042
	speed: 0.1237s/iter; left time: 3011.1187s
Epoch: 14 cost time: 34.839534521102905
Epoch: 14, Steps: 282 | Train Loss: 0.5051694 Vali Loss: 0.5455303 Test Loss: 0.2496946
EarlyStopping counter: 4 out of 20
Updating learning rate to 3.138105960900001e-05
	iters: 100, epoch: 15 | loss: 0.4962051
	speed: 0.2891s/iter; left time: 6983.5688s
	iters: 200, epoch: 15 | loss: 0.5042729
	speed: 0.1237s/iter; left time: 2976.0301s
Epoch: 15 cost time: 34.8491108417511
Epoch: 15, Steps: 282 | Train Loss: 0.5031682 Vali Loss: 0.5454793 Test Loss: 0.2505925
EarlyStopping counter: 5 out of 20
Updating learning rate to 2.824295364810001e-05
	iters: 100, epoch: 16 | loss: 0.5227672
	speed: 0.2893s/iter; left time: 6906.0170s
	iters: 200, epoch: 16 | loss: 0.5857629
	speed: 0.1237s/iter; left time: 2940.4608s
Epoch: 16 cost time: 34.847867488861084
Epoch: 16, Steps: 282 | Train Loss: 0.5010186 Vali Loss: 0.5477115 Test Loss: 0.2503884
EarlyStopping counter: 6 out of 20
Updating learning rate to 2.541865828329001e-05
	iters: 100, epoch: 17 | loss: 0.4390412
	speed: 0.2894s/iter; left time: 6826.6160s
	iters: 200, epoch: 17 | loss: 0.5268258
	speed: 0.1236s/iter; left time: 2904.0417s
Epoch: 17 cost time: 34.83708715438843
Epoch: 17, Steps: 282 | Train Loss: 0.4997700 Vali Loss: 0.5485676 Test Loss: 0.2505281
EarlyStopping counter: 7 out of 20
Updating learning rate to 2.287679245496101e-05
	iters: 100, epoch: 18 | loss: 0.4054214
	speed: 0.2891s/iter; left time: 6738.6753s
	iters: 200, epoch: 18 | loss: 0.4141215
	speed: 0.1236s/iter; left time: 2868.8977s
Epoch: 18 cost time: 34.84007215499878
Epoch: 18, Steps: 282 | Train Loss: 0.4982972 Vali Loss: 0.5456828 Test Loss: 0.2501868
EarlyStopping counter: 8 out of 20
Updating learning rate to 2.0589113209464907e-05
	iters: 100, epoch: 19 | loss: 0.4955888
	speed: 0.2893s/iter; left time: 6661.8910s
	iters: 200, epoch: 19 | loss: 0.6028153
	speed: 0.1237s/iter; left time: 2834.8778s
Epoch: 19 cost time: 34.844987630844116
Epoch: 19, Steps: 282 | Train Loss: 0.4968816 Vali Loss: 0.5483496 Test Loss: 0.2508156
EarlyStopping counter: 9 out of 20
Updating learning rate to 1.8530201888518416e-05
	iters: 100, epoch: 20 | loss: 0.4914372
	speed: 0.2893s/iter; left time: 6579.7409s
	iters: 200, epoch: 20 | loss: 0.4798059
	speed: 0.1236s/iter; left time: 2799.3194s
Epoch: 20 cost time: 34.839240074157715
Epoch: 20, Steps: 282 | Train Loss: 0.4960630 Vali Loss: 0.5492575 Test Loss: 0.2512557
EarlyStopping counter: 10 out of 20
Updating learning rate to 1.6677181699666577e-05
	iters: 100, epoch: 21 | loss: 0.4899999
	speed: 0.2896s/iter; left time: 6504.4519s
	iters: 200, epoch: 21 | loss: 0.4066003
	speed: 0.1240s/iter; left time: 2771.6668s
Epoch: 21 cost time: 34.9235315322876
Epoch: 21, Steps: 282 | Train Loss: 0.4947825 Vali Loss: 0.5503588 Test Loss: 0.2517479
EarlyStopping counter: 11 out of 20
Updating learning rate to 1.5009463529699919e-05
	iters: 100, epoch: 22 | loss: 0.5190467
	speed: 0.2879s/iter; left time: 6386.1969s
	iters: 200, epoch: 22 | loss: 0.4052590
	speed: 0.1239s/iter; left time: 2735.1140s
Epoch: 22 cost time: 34.91210889816284
Epoch: 22, Steps: 282 | Train Loss: 0.4931508 Vali Loss: 0.5492830 Test Loss: 0.2520986
EarlyStopping counter: 12 out of 20
Updating learning rate to 1.3508517176729929e-05
	iters: 100, epoch: 23 | loss: 0.5159097
	speed: 0.2883s/iter; left time: 6312.2214s
	iters: 200, epoch: 23 | loss: 0.4050175
	speed: 0.1240s/iter; left time: 2701.8479s
Epoch: 23 cost time: 34.92216444015503
Epoch: 23, Steps: 282 | Train Loss: 0.4924061 Vali Loss: 0.5490252 Test Loss: 0.2526607
EarlyStopping counter: 13 out of 20
Updating learning rate to 1.2157665459056936e-05
	iters: 100, epoch: 24 | loss: 0.6805442
	speed: 0.2886s/iter; left time: 6238.4964s
	iters: 200, epoch: 24 | loss: 0.5922251
	speed: 0.1239s/iter; left time: 2666.7834s
Epoch: 24 cost time: 34.92040252685547
Epoch: 24, Steps: 282 | Train Loss: 0.4918154 Vali Loss: 0.5502343 Test Loss: 0.2527438
EarlyStopping counter: 14 out of 20
Updating learning rate to 1.0941898913151242e-05
	iters: 100, epoch: 25 | loss: 0.6097689
	speed: 0.2885s/iter; left time: 6154.5896s
	iters: 200, epoch: 25 | loss: 0.4195168
	speed: 0.1239s/iter; left time: 2631.7058s
Epoch: 25 cost time: 34.92673468589783
Epoch: 25, Steps: 282 | Train Loss: 0.4910918 Vali Loss: 0.5514286 Test Loss: 0.2530095
EarlyStopping counter: 15 out of 20
Updating learning rate to 9.847709021836118e-06
	iters: 100, epoch: 26 | loss: 0.5442188
	speed: 0.2888s/iter; left time: 6078.7704s
	iters: 200, epoch: 26 | loss: 0.6029475
	speed: 0.1240s/iter; left time: 2597.5974s
Epoch: 26 cost time: 34.92733359336853
Epoch: 26, Steps: 282 | Train Loss: 0.4899703 Vali Loss: 0.5502102 Test Loss: 0.2526029
EarlyStopping counter: 16 out of 20
Updating learning rate to 8.862938119652508e-06
	iters: 100, epoch: 27 | loss: 0.4585902
	speed: 0.2887s/iter; left time: 5995.0874s
	iters: 200, epoch: 27 | loss: 0.4908970
	speed: 0.1240s/iter; left time: 2562.1898s
Epoch: 27 cost time: 34.919172286987305
Epoch: 27, Steps: 282 | Train Loss: 0.4890527 Vali Loss: 0.5501579 Test Loss: 0.2530550
EarlyStopping counter: 17 out of 20
Updating learning rate to 7.976644307687255e-06
	iters: 100, epoch: 28 | loss: 0.4663301
	speed: 0.2888s/iter; left time: 5915.6503s
	iters: 200, epoch: 28 | loss: 0.5461676
	speed: 0.1241s/iter; left time: 2529.2036s
Epoch: 28 cost time: 34.9243586063385
Epoch: 28, Steps: 282 | Train Loss: 0.4891491 Vali Loss: 0.5509816 Test Loss: 0.2536226
EarlyStopping counter: 18 out of 20
Updating learning rate to 7.178979876918531e-06
	iters: 100, epoch: 29 | loss: 0.4230745
	speed: 0.2887s/iter; left time: 5832.6901s
	iters: 200, epoch: 29 | loss: 0.4749390
	speed: 0.1239s/iter; left time: 2491.3212s
Epoch: 29 cost time: 34.90633535385132
Epoch: 29, Steps: 282 | Train Loss: 0.4884920 Vali Loss: 0.5515236 Test Loss: 0.2534730
EarlyStopping counter: 19 out of 20
Updating learning rate to 6.4610818892266776e-06
	iters: 100, epoch: 30 | loss: 0.6427481
	speed: 0.2890s/iter; left time: 5758.5710s
	iters: 200, epoch: 30 | loss: 0.4372992
	speed: 0.1239s/iter; left time: 2456.3783s
Epoch: 30 cost time: 34.90438914299011
Epoch: 30, Steps: 282 | Train Loss: 0.4877756 Vali Loss: 0.5504907 Test Loss: 0.2535969
EarlyStopping counter: 20 out of 20
Early stopping
>>>>>>>testing : NL_weather_cms3_lr0.0001_spc_336_336_PatchTST_custom_ftM_sl336_ll48_pl336_dm128_nh16_el3_dl1_df256_fc1_ebtimeF_dtTruelr0.0001_polspc_Nested_Learning_0<<<<<<<<<<<<<<<<<<<<<<<<<<<<<<<<<
test 10204
 Ejecutando Inferencia DINÁMICA (Nested Learning con cms3)
  -> Política: spc | LR: 0.0001 | Target: head

RESUMEN: El CMS se actualizó 0 veces de 79 posibles.

mse:0.2477351427078247, mae:0.2833959758281708, rse:0.6538165211677551
Args in experiment:
Namespace(random_seed=2021, is_training=1, model_id='NL_weather_cms3_lr0.0001_spc_336_720', model='PatchTST', data='custom', root_path='./dataset/', data_path='weather.csv', features='M', target='OT', freq='h', checkpoints='./checkpoints/', seq_len=336, label_len=48, pred_len=720, head_type='cms3', cms_lr=0.0001, update_policy='spc', fc_dropout=0.2, head_dropout=0.0, patch_len=16, stride=8, padding_patch='end', revin=1, affine=0, subtract_last=0, decomposition=0, kernel_size=25, individual=0, embed_type=0, enc_in=21, dec_in=7, c_out=7, d_model=128, n_heads=16, e_layers=3, d_layers=1, d_ff=256, moving_avg=25, factor=1, distil=True, dropout=0.2, embed='timeF', activation='gelu', output_attention=False, do_predict=False, num_workers=0, itr=1, train_epochs=100, batch_size=128, patience=20, learning_rate=0.0001, des='Nested_Learning', loss='mse', lradj='type3', pct_start=0.3, use_amp=False, use_gpu=True, gpu=0, use_multi_gpu=False, devices='0,1,2,3', test_flop=False)
Use GPU: cuda:0
>>>>>>>start training : NL_weather_cms3_lr0.0001_spc_336_720_PatchTST_custom_ftM_sl336_ll48_pl720_dm128_nh16_el3_dl1_df256_fc1_ebtimeF_dtTruelr0.0001_polspc_Nested_Learning_0>>>>>>>>>>>>>>>>>>>>>>>>>>
train 35832
val 4551
test 9820
	iters: 100, epoch: 1 | loss: 0.9242840
	speed: 0.1557s/iter; left time: 4328.4361s
	iters: 200, epoch: 1 | loss: 0.8468294
	speed: 0.1274s/iter; left time: 3529.5739s
Epoch: 1 cost time: 35.85521650314331
Epoch: 1, Steps: 279 | Train Loss: 0.8874427 Vali Loss: 0.7691332 Test Loss: 0.3642900
Validation loss decreased (inf --> 0.769133).  Saving model ...
Updating learning rate to 0.0001
	iters: 100, epoch: 2 | loss: 0.6481710
	speed: 0.3040s/iter; left time: 8365.9803s
	iters: 200, epoch: 2 | loss: 0.5913509
	speed: 0.1278s/iter; left time: 3504.2480s
Epoch: 2 cost time: 35.61275863647461
Epoch: 2, Steps: 279 | Train Loss: 0.6587625 Vali Loss: 0.6776016 Test Loss: 0.3286676
Validation loss decreased (0.769133 --> 0.677602).  Saving model ...
Updating learning rate to 0.0001
	iters: 100, epoch: 3 | loss: 0.6168431
	speed: 0.3028s/iter; left time: 8248.6068s
	iters: 200, epoch: 3 | loss: 0.6304581
	speed: 0.1278s/iter; left time: 3469.8718s
Epoch: 3 cost time: 35.63214325904846
Epoch: 3, Steps: 279 | Train Loss: 0.6284759 Vali Loss: 0.6629533 Test Loss: 0.3241434
Validation loss decreased (0.677602 --> 0.662953).  Saving model ...
Updating learning rate to 0.0001
	iters: 100, epoch: 4 | loss: 0.5500982
	speed: 0.3016s/iter; left time: 8132.0132s
	iters: 200, epoch: 4 | loss: 0.6327307
	speed: 0.1280s/iter; left time: 3439.0545s
Epoch: 4 cost time: 35.665637254714966
Epoch: 4, Steps: 279 | Train Loss: 0.6192925 Vali Loss: 0.6579798 Test Loss: 0.3211741
Validation loss decreased (0.662953 --> 0.657980).  Saving model ...
Updating learning rate to 9e-05
	iters: 100, epoch: 5 | loss: 0.5647088
	speed: 0.3018s/iter; left time: 8053.8286s
	iters: 200, epoch: 5 | loss: 0.6027450
	speed: 0.1282s/iter; left time: 3406.9872s
Epoch: 5 cost time: 35.762956380844116
Epoch: 5, Steps: 279 | Train Loss: 0.6118076 Vali Loss: 0.6535727 Test Loss: 0.3184283
Validation loss decreased (0.657980 --> 0.653573).  Saving model ...
Updating learning rate to 8.1e-05
	iters: 100, epoch: 6 | loss: 0.5370469
	speed: 0.3020s/iter; left time: 7975.5185s
	iters: 200, epoch: 6 | loss: 0.6652892
	speed: 0.1281s/iter; left time: 3369.0341s
Epoch: 6 cost time: 35.690287828445435
Epoch: 6, Steps: 279 | Train Loss: 0.6062557 Vali Loss: 0.6481058 Test Loss: 0.3188952
Validation loss decreased (0.653573 --> 0.648106).  Saving model ...
Updating learning rate to 7.290000000000001e-05
	iters: 100, epoch: 7 | loss: 0.5653243
	speed: 0.3048s/iter; left time: 7963.0686s
	iters: 200, epoch: 7 | loss: 0.5563662
	speed: 0.1278s/iter; left time: 3327.0714s
Epoch: 7 cost time: 35.63414120674133
Epoch: 7, Steps: 279 | Train Loss: 0.6015853 Vali Loss: 0.6508909 Test Loss: 0.3203091
EarlyStopping counter: 1 out of 20
Updating learning rate to 6.561e-05
	iters: 100, epoch: 8 | loss: 0.5808027
	speed: 0.3003s/iter; left time: 7763.4368s
	iters: 200, epoch: 8 | loss: 0.6611136
	speed: 0.1278s/iter; left time: 3291.5866s
Epoch: 8 cost time: 35.62333965301514
Epoch: 8, Steps: 279 | Train Loss: 0.5972820 Vali Loss: 0.6504577 Test Loss: 0.3206756
EarlyStopping counter: 2 out of 20
Updating learning rate to 5.904900000000001e-05
	iters: 100, epoch: 9 | loss: 0.5659326
	speed: 0.2995s/iter; left time: 7657.2098s
	iters: 200, epoch: 9 | loss: 0.7414435
	speed: 0.1278s/iter; left time: 3256.0328s
Epoch: 9 cost time: 35.6292040348053
Epoch: 9, Steps: 279 | Train Loss: 0.5940312 Vali Loss: 0.6503428 Test Loss: 0.3236780
EarlyStopping counter: 3 out of 20
Updating learning rate to 5.3144100000000005e-05
	iters: 100, epoch: 10 | loss: 0.5234253
	speed: 0.2997s/iter; left time: 7579.6052s
	iters: 200, epoch: 10 | loss: 0.5452352
	speed: 0.1278s/iter; left time: 3220.4474s
Epoch: 10 cost time: 35.632954359054565
Epoch: 10, Steps: 279 | Train Loss: 0.5900095 Vali Loss: 0.6492208 Test Loss: 0.3223716
EarlyStopping counter: 4 out of 20
Updating learning rate to 4.782969000000001e-05
	iters: 100, epoch: 11 | loss: 0.5502084
	speed: 0.2991s/iter; left time: 7479.7633s
	iters: 200, epoch: 11 | loss: 0.6661574
	speed: 0.1278s/iter; left time: 3184.0800s
Epoch: 11 cost time: 35.6296489238739
Epoch: 11, Steps: 279 | Train Loss: 0.5871999 Vali Loss: 0.6454315 Test Loss: 0.3227996
Validation loss decreased (0.648106 --> 0.645431).  Saving model ...
Updating learning rate to 4.304672100000001e-05
	iters: 100, epoch: 12 | loss: 0.5265032
	speed: 0.3009s/iter; left time: 7442.4090s
	iters: 200, epoch: 12 | loss: 0.5658761
	speed: 0.1278s/iter; left time: 3148.9468s
Epoch: 12 cost time: 35.647637605667114
Epoch: 12, Steps: 279 | Train Loss: 0.5841643 Vali Loss: 0.6464969 Test Loss: 0.3238669
EarlyStopping counter: 1 out of 20
Updating learning rate to 3.874204890000001e-05
	iters: 100, epoch: 13 | loss: 0.5391126
	speed: 0.2991s/iter; left time: 7314.8477s
	iters: 200, epoch: 13 | loss: 0.6235311
	speed: 0.1278s/iter; left time: 3112.5951s
Epoch: 13 cost time: 35.642165184020996
Epoch: 13, Steps: 279 | Train Loss: 0.5812663 Vali Loss: 0.6459292 Test Loss: 0.3254050
EarlyStopping counter: 2 out of 20
Updating learning rate to 3.486784401000001e-05
	iters: 100, epoch: 14 | loss: 0.6573258
	speed: 0.2980s/iter; left time: 7203.3401s
	iters: 200, epoch: 14 | loss: 0.5854486
	speed: 0.1278s/iter; left time: 3076.7246s
Epoch: 14 cost time: 35.639347314834595
Epoch: 14, Steps: 279 | Train Loss: 0.5784157 Vali Loss: 0.6473836 Test Loss: 0.3270020
EarlyStopping counter: 3 out of 20
Updating learning rate to 3.138105960900001e-05
	iters: 100, epoch: 15 | loss: 0.6177021
	speed: 0.2984s/iter; left time: 7131.2234s
	iters: 200, epoch: 15 | loss: 0.5182837
	speed: 0.1279s/iter; left time: 3043.4220s
Epoch: 15 cost time: 35.65356636047363
Epoch: 15, Steps: 279 | Train Loss: 0.5765238 Vali Loss: 0.6474721 Test Loss: 0.3268740
EarlyStopping counter: 4 out of 20
Updating learning rate to 2.824295364810001e-05
	iters: 100, epoch: 16 | loss: 0.5366486
	speed: 0.2978s/iter; left time: 7033.5142s
	iters: 200, epoch: 16 | loss: 0.5689888
	speed: 0.1279s/iter; left time: 3007.3819s
Epoch: 16 cost time: 35.64792490005493
Epoch: 16, Steps: 279 | Train Loss: 0.5745214 Vali Loss: 0.6478947 Test Loss: 0.3278846
EarlyStopping counter: 5 out of 20
Updating learning rate to 2.541865828329001e-05
	iters: 100, epoch: 17 | loss: 0.5705228
	speed: 0.2984s/iter; left time: 6962.9871s
	iters: 200, epoch: 17 | loss: 0.6256207
	speed: 0.1279s/iter; left time: 2972.2821s
Epoch: 17 cost time: 35.65938138961792
Epoch: 17, Steps: 279 | Train Loss: 0.5722830 Vali Loss: 0.6468783 Test Loss: 0.3273009
EarlyStopping counter: 6 out of 20
Updating learning rate to 2.287679245496101e-05
	iters: 100, epoch: 18 | loss: 0.5194137
	speed: 0.2983s/iter; left time: 6878.8321s
	iters: 200, epoch: 18 | loss: 0.6318030
	speed: 0.1279s/iter; left time: 2935.9740s
Epoch: 18 cost time: 35.66904282569885
Epoch: 18, Steps: 279 | Train Loss: 0.5707836 Vali Loss: 0.6490360 Test Loss: 0.3283426
EarlyStopping counter: 7 out of 20
Updating learning rate to 2.0589113209464907e-05
	iters: 100, epoch: 19 | loss: 0.6530386
	speed: 0.2986s/iter; left time: 6802.5446s
	iters: 200, epoch: 19 | loss: 0.5595668
	speed: 0.1279s/iter; left time: 2899.6907s
Epoch: 19 cost time: 35.65310192108154
Epoch: 19, Steps: 279 | Train Loss: 0.5689030 Vali Loss: 0.6503701 Test Loss: 0.3287478
EarlyStopping counter: 8 out of 20
Updating learning rate to 1.8530201888518416e-05
	iters: 100, epoch: 20 | loss: 0.5689099
	speed: 0.2978s/iter; left time: 6700.5758s
	iters: 200, epoch: 20 | loss: 0.6509598
	speed: 0.1279s/iter; left time: 2864.9620s
Epoch: 20 cost time: 35.652841567993164
Epoch: 20, Steps: 279 | Train Loss: 0.5675164 Vali Loss: 0.6484911 Test Loss: 0.3295225
EarlyStopping counter: 9 out of 20
Updating learning rate to 1.6677181699666577e-05
	iters: 100, epoch: 21 | loss: 0.5345840
	speed: 0.2984s/iter; left time: 6630.5620s
	iters: 200, epoch: 21 | loss: 0.5639750
	speed: 0.1279s/iter; left time: 2828.2126s
Epoch: 21 cost time: 35.65792798995972
Epoch: 21, Steps: 279 | Train Loss: 0.5664123 Vali Loss: 0.6476856 Test Loss: 0.3293677
EarlyStopping counter: 10 out of 20
Updating learning rate to 1.5009463529699919e-05
	iters: 100, epoch: 22 | loss: 0.6077795
	speed: 0.2981s/iter; left time: 6540.8527s
	iters: 200, epoch: 22 | loss: 0.5219406
	speed: 0.1279s/iter; left time: 2792.6781s
Epoch: 22 cost time: 35.655630588531494
Epoch: 22, Steps: 279 | Train Loss: 0.5647986 Vali Loss: 0.6515250 Test Loss: 0.3298761
EarlyStopping counter: 11 out of 20
Updating learning rate to 1.3508517176729929e-05
	iters: 100, epoch: 23 | loss: 0.6551836
	speed: 0.2975s/iter; left time: 6444.2938s
	iters: 200, epoch: 23 | loss: 0.5902746
	speed: 0.1280s/iter; left time: 2759.0316s
Epoch: 23 cost time: 35.65220856666565
Epoch: 23, Steps: 279 | Train Loss: 0.5636325 Vali Loss: 0.6506121 Test Loss: 0.3299522
EarlyStopping counter: 12 out of 20
Updating learning rate to 1.2157665459056936e-05
	iters: 100, epoch: 24 | loss: 0.5764533
	speed: 0.2978s/iter; left time: 6367.4351s
	iters: 200, epoch: 24 | loss: 0.4738278
	speed: 0.1279s/iter; left time: 2721.4197s
Epoch: 24 cost time: 35.63303899765015
Epoch: 24, Steps: 279 | Train Loss: 0.5625754 Vali Loss: 0.6488766 Test Loss: 0.3298545
EarlyStopping counter: 13 out of 20
Updating learning rate to 1.0941898913151242e-05
	iters: 100, epoch: 25 | loss: 0.5480271
	speed: 0.2980s/iter; left time: 6290.2497s
	iters: 200, epoch: 25 | loss: 0.5665057
	speed: 0.1279s/iter; left time: 2686.4185s
Epoch: 25 cost time: 35.638508796691895
Epoch: 25, Steps: 279 | Train Loss: 0.5613492 Vali Loss: 0.6526235 Test Loss: 0.3305932
EarlyStopping counter: 14 out of 20
Updating learning rate to 9.847709021836118e-06
	iters: 100, epoch: 26 | loss: 0.5844133
	speed: 0.2978s/iter; left time: 6201.6140s
	iters: 200, epoch: 26 | loss: 0.5314445
	speed: 0.1280s/iter; left time: 2652.4112s
Epoch: 26 cost time: 35.65080809593201
Epoch: 26, Steps: 279 | Train Loss: 0.5610705 Vali Loss: 0.6515375 Test Loss: 0.3312035
EarlyStopping counter: 15 out of 20
Updating learning rate to 8.862938119652508e-06
	iters: 100, epoch: 27 | loss: 0.5733660
	speed: 0.2978s/iter; left time: 6118.8328s
	iters: 200, epoch: 27 | loss: 0.5203940
	speed: 0.1280s/iter; left time: 2617.6657s
Epoch: 27 cost time: 35.64920997619629
Epoch: 27, Steps: 279 | Train Loss: 0.5601117 Vali Loss: 0.6513624 Test Loss: 0.3309440
EarlyStopping counter: 16 out of 20
Updating learning rate to 7.976644307687255e-06
	iters: 100, epoch: 28 | loss: 0.5567256
	speed: 0.2979s/iter; left time: 6036.8334s
	iters: 200, epoch: 28 | loss: 0.5536868
	speed: 0.1280s/iter; left time: 2582.2972s
Epoch: 28 cost time: 35.65609812736511
Epoch: 28, Steps: 279 | Train Loss: 0.5593581 Vali Loss: 0.6522812 Test Loss: 0.3315588
EarlyStopping counter: 17 out of 20
Updating learning rate to 7.178979876918531e-06
	iters: 100, epoch: 29 | loss: 0.5601981
	speed: 0.2975s/iter; left time: 5947.5003s
	iters: 200, epoch: 29 | loss: 0.5345249
	speed: 0.1281s/iter; left time: 2546.7977s
Epoch: 29 cost time: 35.6390860080719
Epoch: 29, Steps: 279 | Train Loss: 0.5589178 Vali Loss: 0.6513532 Test Loss: 0.3311973
EarlyStopping counter: 18 out of 20
Updating learning rate to 6.4610818892266776e-06
	iters: 100, epoch: 30 | loss: 0.4846306
	speed: 0.2975s/iter; left time: 5864.1341s
	iters: 200, epoch: 30 | loss: 0.6273806
	speed: 0.1281s/iter; left time: 2512.7587s
Epoch: 30 cost time: 35.658886194229126
Epoch: 30, Steps: 279 | Train Loss: 0.5581838 Vali Loss: 0.6519008 Test Loss: 0.3317082
EarlyStopping counter: 19 out of 20
Updating learning rate to 5.8149737003040096e-06
	iters: 100, epoch: 31 | loss: 0.5840920
	speed: 0.2982s/iter; left time: 5793.4771s
	iters: 200, epoch: 31 | loss: 0.6030701
	speed: 0.1281s/iter; left time: 2476.6317s
Epoch: 31 cost time: 35.6497278213501
Epoch: 31, Steps: 279 | Train Loss: 0.5577132 Vali Loss: 0.6538444 Test Loss: 0.3318697
EarlyStopping counter: 20 out of 20
Early stopping
>>>>>>>testing : NL_weather_cms3_lr0.0001_spc_336_720_PatchTST_custom_ftM_sl336_ll48_pl720_dm128_nh16_el3_dl1_df256_fc1_ebtimeF_dtTruelr0.0001_polspc_Nested_Learning_0<<<<<<<<<<<<<<<<<<<<<<<<<<<<<<<<<
test 9820
 Ejecutando Inferencia DINÁMICA (Nested Learning con cms3)
  -> Política: spc | LR: 0.0001 | Target: head

RESUMEN: El CMS se actualizó 0 veces de 76 posibles.

mse:0.3227996230125427, mae:0.3363170623779297, rse:0.7495229244232178
