==========================================================
SÚPER ARRAY TFG - TAREA ID: 21 / 113
Nodo: dionisio
Dataset: etth2 | Experimento: NL_etth2_flatten_lr0.001_always
Cabeza: flatten | LR: 0.001 | Política: always
==========================================================
Args in experiment:
Namespace(random_seed=2021, is_training=1, model_id='NL_etth2_flatten_lr0.001_always_336_96', model='PatchTST', data='ETTh2', root_path='./dataset/', data_path='ETTh2.csv', features='M', target='OT', freq='h', checkpoints='./checkpoints/', seq_len=336, label_len=48, pred_len=96, head_type='flatten', cms_lr=0.001, update_policy='always', fc_dropout=0.3, head_dropout=0.0, patch_len=16, stride=8, padding_patch='end', revin=1, affine=0, subtract_last=0, decomposition=0, kernel_size=25, individual=1, embed_type=0, enc_in=7, dec_in=7, c_out=7, d_model=16, n_heads=4, e_layers=3, d_layers=1, d_ff=128, moving_avg=25, factor=1, distil=True, dropout=0.3, embed='timeF', activation='gelu', output_attention=False, do_predict=False, num_workers=0, itr=1, train_epochs=100, batch_size=128, patience=100, learning_rate=0.0001, des='Nested_Learning', loss='mse', lradj='type3', pct_start=0.3, use_amp=False, use_gpu=True, gpu=0, use_multi_gpu=False, devices='0,1,2,3', test_flop=False)
Use GPU: cuda:0
>>>>>>>start training : NL_etth2_flatten_lr0.001_always_336_96_PatchTST_ETTh2_ftM_sl336_ll48_pl96_dm16_nh4_el3_dl1_df128_fc1_ebtimeF_dtTruelr0.001_pol_always_Nested_Learning_0>>>>>>>>>>>>>>>>>>>>>>>>>>
train 8209
val 2785
test 2785
Epoch: 1 cost time: 2.1514697074890137
Epoch: 1, Steps: 64 | Train Loss: 0.6735285 Vali Loss: 0.3613509 Test Loss: 0.4027146
Validation loss decreased (inf --> 0.361351).  Saving model ...
Updating learning rate to 0.0001
Epoch: 2 cost time: 1.2645554542541504
Epoch: 2, Steps: 64 | Train Loss: 0.5858407 Vali Loss: 0.2835836 Test Loss: 0.3372236
Validation loss decreased (0.361351 --> 0.283584).  Saving model ...
Updating learning rate to 0.0001
Epoch: 3 cost time: 1.2244315147399902
Epoch: 3, Steps: 64 | Train Loss: 0.4885769 Vali Loss: 0.2591662 Test Loss: 0.3108557
Validation loss decreased (0.283584 --> 0.259166).  Saving model ...
Updating learning rate to 0.0001
Epoch: 4 cost time: 1.2034759521484375
Epoch: 4, Steps: 64 | Train Loss: 0.4447171 Vali Loss: 0.2506774 Test Loss: 0.3026672
Validation loss decreased (0.259166 --> 0.250677).  Saving model ...
Updating learning rate to 9e-05
Epoch: 5 cost time: 1.2332966327667236
Epoch: 5, Steps: 64 | Train Loss: 0.4209248 Vali Loss: 0.2450514 Test Loss: 0.2999235
Validation loss decreased (0.250677 --> 0.245051).  Saving model ...
Updating learning rate to 8.1e-05
Epoch: 6 cost time: 1.2644531726837158
Epoch: 6, Steps: 64 | Train Loss: 0.4068999 Vali Loss: 0.2435518 Test Loss: 0.2984226
Validation loss decreased (0.245051 --> 0.243552).  Saving model ...
Updating learning rate to 7.290000000000001e-05
Epoch: 7 cost time: 1.2809257507324219
Epoch: 7, Steps: 64 | Train Loss: 0.3967759 Vali Loss: 0.2415357 Test Loss: 0.2971887
Validation loss decreased (0.243552 --> 0.241536).  Saving model ...
Updating learning rate to 6.561e-05
Epoch: 8 cost time: 1.2396905422210693
Epoch: 8, Steps: 64 | Train Loss: 0.3895799 Vali Loss: 0.2436195 Test Loss: 0.2963592
EarlyStopping counter: 1 out of 100
Updating learning rate to 5.904900000000001e-05
Epoch: 9 cost time: 1.0527851581573486
Epoch: 9, Steps: 64 | Train Loss: 0.3857037 Vali Loss: 0.2440922 Test Loss: 0.2965559
EarlyStopping counter: 2 out of 100
Updating learning rate to 5.3144100000000005e-05
Epoch: 10 cost time: 1.1865923404693604
Epoch: 10, Steps: 64 | Train Loss: 0.3809286 Vali Loss: 0.2414207 Test Loss: 0.2952418
Validation loss decreased (0.241536 --> 0.241421).  Saving model ...
Updating learning rate to 4.782969000000001e-05
Epoch: 11 cost time: 1.213322401046753
Epoch: 11, Steps: 64 | Train Loss: 0.3760106 Vali Loss: 0.2435127 Test Loss: 0.2959133
EarlyStopping counter: 1 out of 100
Updating learning rate to 4.304672100000001e-05
Epoch: 12 cost time: 1.1819040775299072
Epoch: 12, Steps: 64 | Train Loss: 0.3743958 Vali Loss: 0.2439657 Test Loss: 0.2957579
EarlyStopping counter: 2 out of 100
Updating learning rate to 3.874204890000001e-05
Epoch: 13 cost time: 1.1435182094573975
Epoch: 13, Steps: 64 | Train Loss: 0.3705519 Vali Loss: 0.2426234 Test Loss: 0.2952446
EarlyStopping counter: 3 out of 100
Updating learning rate to 3.486784401000001e-05
Epoch: 14 cost time: 1.2239277362823486
Epoch: 14, Steps: 64 | Train Loss: 0.3674886 Vali Loss: 0.2432369 Test Loss: 0.2956963
EarlyStopping counter: 4 out of 100
Updating learning rate to 3.138105960900001e-05
Epoch: 15 cost time: 1.1956367492675781
Epoch: 15, Steps: 64 | Train Loss: 0.3665102 Vali Loss: 0.2427285 Test Loss: 0.2951618
EarlyStopping counter: 5 out of 100
Updating learning rate to 2.824295364810001e-05
Epoch: 16 cost time: 1.2457432746887207
Epoch: 16, Steps: 64 | Train Loss: 0.3642195 Vali Loss: 0.2432456 Test Loss: 0.2946767
EarlyStopping counter: 6 out of 100
Updating learning rate to 2.541865828329001e-05
Epoch: 17 cost time: 1.2743299007415771
Epoch: 17, Steps: 64 | Train Loss: 0.3630828 Vali Loss: 0.2449354 Test Loss: 0.2950880
EarlyStopping counter: 7 out of 100
Updating learning rate to 2.287679245496101e-05
Epoch: 18 cost time: 1.248464822769165
Epoch: 18, Steps: 64 | Train Loss: 0.3610538 Vali Loss: 0.2444183 Test Loss: 0.2948429
EarlyStopping counter: 8 out of 100
Updating learning rate to 2.0589113209464907e-05
Epoch: 19 cost time: 1.220308542251587
Epoch: 19, Steps: 64 | Train Loss: 0.3603163 Vali Loss: 0.2453428 Test Loss: 0.2952770
EarlyStopping counter: 9 out of 100
Updating learning rate to 1.8530201888518416e-05
Epoch: 20 cost time: 1.2477447986602783
Epoch: 20, Steps: 64 | Train Loss: 0.3589356 Vali Loss: 0.2451642 Test Loss: 0.2956563
EarlyStopping counter: 10 out of 100
Updating learning rate to 1.6677181699666577e-05
Epoch: 21 cost time: 1.216219425201416
Epoch: 21, Steps: 64 | Train Loss: 0.3585482 Vali Loss: 0.2440988 Test Loss: 0.2955420
EarlyStopping counter: 11 out of 100
Updating learning rate to 1.5009463529699919e-05
Epoch: 22 cost time: 1.2421143054962158
Epoch: 22, Steps: 64 | Train Loss: 0.3576173 Vali Loss: 0.2440647 Test Loss: 0.2953852
EarlyStopping counter: 12 out of 100
Updating learning rate to 1.3508517176729929e-05
Epoch: 23 cost time: 1.2223408222198486
Epoch: 23, Steps: 64 | Train Loss: 0.3569302 Vali Loss: 0.2452240 Test Loss: 0.2955353
EarlyStopping counter: 13 out of 100
Updating learning rate to 1.2157665459056936e-05
Epoch: 24 cost time: 1.2114427089691162
Epoch: 24, Steps: 64 | Train Loss: 0.3564294 Vali Loss: 0.2455597 Test Loss: 0.2956260
EarlyStopping counter: 14 out of 100
Updating learning rate to 1.0941898913151242e-05
Epoch: 25 cost time: 1.2248659133911133
Epoch: 25, Steps: 64 | Train Loss: 0.3551449 Vali Loss: 0.2462195 Test Loss: 0.2959779
EarlyStopping counter: 15 out of 100
Updating learning rate to 9.847709021836118e-06
Epoch: 26 cost time: 1.2183864116668701
Epoch: 26, Steps: 64 | Train Loss: 0.3556762 Vali Loss: 0.2454371 Test Loss: 0.2960990
EarlyStopping counter: 16 out of 100
Updating learning rate to 8.862938119652508e-06
Epoch: 27 cost time: 1.1693072319030762
Epoch: 27, Steps: 64 | Train Loss: 0.3546744 Vali Loss: 0.2460711 Test Loss: 0.2956965
EarlyStopping counter: 17 out of 100
Updating learning rate to 7.976644307687255e-06
Epoch: 28 cost time: 1.250999927520752
Epoch: 28, Steps: 64 | Train Loss: 0.3543537 Vali Loss: 0.2461100 Test Loss: 0.2960696
EarlyStopping counter: 18 out of 100
Updating learning rate to 7.178979876918531e-06
Epoch: 29 cost time: 1.1651570796966553
Epoch: 29, Steps: 64 | Train Loss: 0.3547177 Vali Loss: 0.2472569 Test Loss: 0.2963035
EarlyStopping counter: 19 out of 100
Updating learning rate to 6.4610818892266776e-06
Epoch: 30 cost time: 1.159273624420166
Epoch: 30, Steps: 64 | Train Loss: 0.3541341 Vali Loss: 0.2462326 Test Loss: 0.2958465
EarlyStopping counter: 20 out of 100
Updating learning rate to 5.8149737003040096e-06
Epoch: 31 cost time: 1.2144246101379395
Epoch: 31, Steps: 64 | Train Loss: 0.3539240 Vali Loss: 0.2458455 Test Loss: 0.2962316
EarlyStopping counter: 21 out of 100
Updating learning rate to 5.23347633027361e-06
Epoch: 32 cost time: 1.173323631286621
Epoch: 32, Steps: 64 | Train Loss: 0.3525799 Vali Loss: 0.2473085 Test Loss: 0.2966351
EarlyStopping counter: 22 out of 100
Updating learning rate to 4.710128697246249e-06
Epoch: 33 cost time: 1.2039923667907715
Epoch: 33, Steps: 64 | Train Loss: 0.3534673 Vali Loss: 0.2472996 Test Loss: 0.2963996
EarlyStopping counter: 23 out of 100
Updating learning rate to 4.239115827521624e-06
Epoch: 34 cost time: 1.1747076511383057
Epoch: 34, Steps: 64 | Train Loss: 0.3532515 Vali Loss: 0.2466978 Test Loss: 0.2964825
EarlyStopping counter: 24 out of 100
Updating learning rate to 3.815204244769462e-06
Epoch: 35 cost time: 1.2662124633789062
Epoch: 35, Steps: 64 | Train Loss: 0.3530211 Vali Loss: 0.2479245 Test Loss: 0.2966024
EarlyStopping counter: 25 out of 100
Updating learning rate to 3.4336838202925152e-06
Epoch: 36 cost time: 1.1484792232513428
Epoch: 36, Steps: 64 | Train Loss: 0.3525981 Vali Loss: 0.2467081 Test Loss: 0.2964915
EarlyStopping counter: 26 out of 100
Updating learning rate to 3.090315438263264e-06
Epoch: 37 cost time: 1.1964781284332275
Epoch: 37, Steps: 64 | Train Loss: 0.3523107 Vali Loss: 0.2461453 Test Loss: 0.2964397
EarlyStopping counter: 27 out of 100
Updating learning rate to 2.7812838944369375e-06
Epoch: 38 cost time: 1.1999256610870361
Epoch: 38, Steps: 64 | Train Loss: 0.3524196 Vali Loss: 0.2471883 Test Loss: 0.2965941
EarlyStopping counter: 28 out of 100
Updating learning rate to 2.503155504993244e-06
Epoch: 39 cost time: 1.1917121410369873
Epoch: 39, Steps: 64 | Train Loss: 0.3525372 Vali Loss: 0.2479217 Test Loss: 0.2963277
EarlyStopping counter: 29 out of 100
Updating learning rate to 2.2528399544939195e-06
Epoch: 40 cost time: 1.2504734992980957
Epoch: 40, Steps: 64 | Train Loss: 0.3521042 Vali Loss: 0.2491777 Test Loss: 0.2965844
EarlyStopping counter: 30 out of 100
Updating learning rate to 2.0275559590445276e-06
Epoch: 41 cost time: 1.0113155841827393
Epoch: 41, Steps: 64 | Train Loss: 0.3516694 Vali Loss: 0.2471013 Test Loss: 0.2966528
EarlyStopping counter: 31 out of 100
Updating learning rate to 1.8248003631400751e-06
Epoch: 42 cost time: 1.097937822341919
Epoch: 42, Steps: 64 | Train Loss: 0.3521995 Vali Loss: 0.2487312 Test Loss: 0.2966135
EarlyStopping counter: 32 out of 100
Updating learning rate to 1.6423203268260676e-06
Epoch: 43 cost time: 1.0704705715179443
Epoch: 43, Steps: 64 | Train Loss: 0.3513217 Vali Loss: 0.2481375 Test Loss: 0.2967133
EarlyStopping counter: 33 out of 100
Updating learning rate to 1.4780882941434609e-06
Epoch: 44 cost time: 1.2353711128234863
Epoch: 44, Steps: 64 | Train Loss: 0.3521334 Vali Loss: 0.2483496 Test Loss: 0.2968718
EarlyStopping counter: 34 out of 100
Updating learning rate to 1.3302794647291146e-06
Epoch: 45 cost time: 1.1785321235656738
Epoch: 45, Steps: 64 | Train Loss: 0.3511134 Vali Loss: 0.2486481 Test Loss: 0.2966700
EarlyStopping counter: 35 out of 100
Updating learning rate to 1.1972515182562034e-06
Epoch: 46 cost time: 1.0242652893066406
Epoch: 46, Steps: 64 | Train Loss: 0.3523463 Vali Loss: 0.2483077 Test Loss: 0.2968218
EarlyStopping counter: 36 out of 100
Updating learning rate to 1.077526366430583e-06
Epoch: 47 cost time: 1.015380620956421
Epoch: 47, Steps: 64 | Train Loss: 0.3517446 Vali Loss: 0.2467243 Test Loss: 0.2968065
EarlyStopping counter: 37 out of 100
Updating learning rate to 9.697737297875248e-07
Epoch: 48 cost time: 1.0121276378631592
Epoch: 48, Steps: 64 | Train Loss: 0.3511842 Vali Loss: 0.2486976 Test Loss: 0.2968678
EarlyStopping counter: 38 out of 100
Updating learning rate to 8.727963568087723e-07
Epoch: 49 cost time: 1.0402100086212158
Epoch: 49, Steps: 64 | Train Loss: 0.3514865 Vali Loss: 0.2467781 Test Loss: 0.2968661
EarlyStopping counter: 39 out of 100
Updating learning rate to 7.855167211278951e-07
Epoch: 50 cost time: 1.2337007522583008
Epoch: 50, Steps: 64 | Train Loss: 0.3527183 Vali Loss: 0.2482910 Test Loss: 0.2971725
EarlyStopping counter: 40 out of 100
Updating learning rate to 7.069650490151056e-07
Epoch: 51 cost time: 1.2289421558380127
Epoch: 51, Steps: 64 | Train Loss: 0.3512799 Vali Loss: 0.2484912 Test Loss: 0.2966570
EarlyStopping counter: 41 out of 100
Updating learning rate to 6.36268544113595e-07
Epoch: 52 cost time: 1.2230372428894043
Epoch: 52, Steps: 64 | Train Loss: 0.3527201 Vali Loss: 0.2485553 Test Loss: 0.2971674
EarlyStopping counter: 42 out of 100
Updating learning rate to 5.726416897022355e-07
Epoch: 53 cost time: 1.2123167514801025
Epoch: 53, Steps: 64 | Train Loss: 0.3504298 Vali Loss: 0.2478781 Test Loss: 0.2971819
EarlyStopping counter: 43 out of 100
Updating learning rate to 5.15377520732012e-07
Epoch: 54 cost time: 1.2313432693481445
Epoch: 54, Steps: 64 | Train Loss: 0.3512712 Vali Loss: 0.2481371 Test Loss: 0.2969907
EarlyStopping counter: 44 out of 100
Updating learning rate to 4.6383976865881085e-07
Epoch: 55 cost time: 1.245328426361084
Epoch: 55, Steps: 64 | Train Loss: 0.3516608 Vali Loss: 0.2487943 Test Loss: 0.2970162
EarlyStopping counter: 45 out of 100
Updating learning rate to 4.174557917929298e-07
Epoch: 56 cost time: 1.217109203338623
Epoch: 56, Steps: 64 | Train Loss: 0.3515324 Vali Loss: 0.2493476 Test Loss: 0.2969697
EarlyStopping counter: 46 out of 100
Updating learning rate to 3.7571021261363677e-07
Epoch: 57 cost time: 1.1391167640686035
Epoch: 57, Steps: 64 | Train Loss: 0.3518732 Vali Loss: 0.2484816 Test Loss: 0.2969925
EarlyStopping counter: 47 out of 100
Updating learning rate to 3.381391913522731e-07
Epoch: 58 cost time: 1.0082101821899414
Epoch: 58, Steps: 64 | Train Loss: 0.3521137 Vali Loss: 0.2484224 Test Loss: 0.2972004
EarlyStopping counter: 48 out of 100
Updating learning rate to 3.043252722170458e-07
Epoch: 59 cost time: 1.0166001319885254
Epoch: 59, Steps: 64 | Train Loss: 0.3520874 Vali Loss: 0.2486783 Test Loss: 0.2967331
EarlyStopping counter: 49 out of 100
Updating learning rate to 2.7389274499534124e-07
Epoch: 60 cost time: 1.0941581726074219
Epoch: 60, Steps: 64 | Train Loss: 0.3512397 Vali Loss: 0.2475667 Test Loss: 0.2968730
EarlyStopping counter: 50 out of 100
Updating learning rate to 2.465034704958071e-07
Epoch: 61 cost time: 1.199742317199707
Epoch: 61, Steps: 64 | Train Loss: 0.3518459 Vali Loss: 0.2483583 Test Loss: 0.2966944
EarlyStopping counter: 51 out of 100
Updating learning rate to 2.218531234462264e-07
Epoch: 62 cost time: 1.1574034690856934
Epoch: 62, Steps: 64 | Train Loss: 0.3506432 Vali Loss: 0.2472033 Test Loss: 0.2967561
EarlyStopping counter: 52 out of 100
Updating learning rate to 1.9966781110160376e-07
Epoch: 63 cost time: 1.1407394409179688
Epoch: 63, Steps: 64 | Train Loss: 0.3515192 Vali Loss: 0.2483155 Test Loss: 0.2970628
EarlyStopping counter: 53 out of 100
Updating learning rate to 1.797010299914434e-07
Epoch: 64 cost time: 1.1762242317199707
Epoch: 64, Steps: 64 | Train Loss: 0.3514293 Vali Loss: 0.2478476 Test Loss: 0.2969888
EarlyStopping counter: 54 out of 100
Updating learning rate to 1.6173092699229907e-07
Epoch: 65 cost time: 1.1566059589385986
Epoch: 65, Steps: 64 | Train Loss: 0.3513882 Vali Loss: 0.2474997 Test Loss: 0.2968045
EarlyStopping counter: 55 out of 100
Updating learning rate to 1.4555783429306916e-07
Epoch: 66 cost time: 1.1756863594055176
Epoch: 66, Steps: 64 | Train Loss: 0.3531747 Vali Loss: 0.2479638 Test Loss: 0.2972352
EarlyStopping counter: 56 out of 100
Updating learning rate to 1.3100205086376224e-07
Epoch: 67 cost time: 1.178743839263916
Epoch: 67, Steps: 64 | Train Loss: 0.3509805 Vali Loss: 0.2485993 Test Loss: 0.2968179
EarlyStopping counter: 57 out of 100
Updating learning rate to 1.1790184577738603e-07
Epoch: 68 cost time: 1.1418383121490479
Epoch: 68, Steps: 64 | Train Loss: 0.3509247 Vali Loss: 0.2482000 Test Loss: 0.2965880
EarlyStopping counter: 58 out of 100
Updating learning rate to 1.0611166119964742e-07
Epoch: 69 cost time: 1.21195650100708
Epoch: 69, Steps: 64 | Train Loss: 0.3514929 Vali Loss: 0.2487789 Test Loss: 0.2970939
EarlyStopping counter: 59 out of 100
Updating learning rate to 9.550049507968268e-08
Epoch: 70 cost time: 1.0674152374267578
Epoch: 70, Steps: 64 | Train Loss: 0.3520645 Vali Loss: 0.2473847 Test Loss: 0.2969096
EarlyStopping counter: 60 out of 100
Updating learning rate to 8.595044557171442e-08
Epoch: 71 cost time: 1.267730712890625
Epoch: 71, Steps: 64 | Train Loss: 0.3504161 Vali Loss: 0.2469760 Test Loss: 0.2964506
EarlyStopping counter: 61 out of 100
Updating learning rate to 7.735540101454298e-08
Epoch: 72 cost time: 1.076462984085083
Epoch: 72, Steps: 64 | Train Loss: 0.3518931 Vali Loss: 0.2479216 Test Loss: 0.2971930
EarlyStopping counter: 62 out of 100
Updating learning rate to 6.961986091308869e-08
Epoch: 73 cost time: 1.2077536582946777
Epoch: 73, Steps: 64 | Train Loss: 0.3517430 Vali Loss: 0.2475388 Test Loss: 0.2968842
EarlyStopping counter: 63 out of 100
Updating learning rate to 6.265787482177981e-08
Epoch: 74 cost time: 1.2397985458374023
Epoch: 74, Steps: 64 | Train Loss: 0.3521310 Vali Loss: 0.2478348 Test Loss: 0.2968538
EarlyStopping counter: 64 out of 100
Updating learning rate to 5.639208733960184e-08
Epoch: 75 cost time: 1.1840507984161377
Epoch: 75, Steps: 64 | Train Loss: 0.3515464 Vali Loss: 0.2475143 Test Loss: 0.2966435
EarlyStopping counter: 65 out of 100
Updating learning rate to 5.075287860564165e-08
Epoch: 76 cost time: 1.250274658203125
Epoch: 76, Steps: 64 | Train Loss: 0.3523092 Vali Loss: 0.2484962 Test Loss: 0.2969324
EarlyStopping counter: 66 out of 100
Updating learning rate to 4.567759074507749e-08
Epoch: 77 cost time: 1.2532143592834473
Epoch: 77, Steps: 64 | Train Loss: 0.3512654 Vali Loss: 0.2482666 Test Loss: 0.2968510
EarlyStopping counter: 67 out of 100
Updating learning rate to 4.1109831670569744e-08
Epoch: 78 cost time: 1.2507097721099854
Epoch: 78, Steps: 64 | Train Loss: 0.3518999 Vali Loss: 0.2484395 Test Loss: 0.2967827
EarlyStopping counter: 68 out of 100
Updating learning rate to 3.6998848503512764e-08
Epoch: 79 cost time: 1.2118747234344482
Epoch: 79, Steps: 64 | Train Loss: 0.3514647 Vali Loss: 0.2477912 Test Loss: 0.2962810
EarlyStopping counter: 69 out of 100
Updating learning rate to 3.3298963653161496e-08
Epoch: 80 cost time: 1.1166574954986572
Epoch: 80, Steps: 64 | Train Loss: 0.3516388 Vali Loss: 0.2485304 Test Loss: 0.2971111
EarlyStopping counter: 70 out of 100
Updating learning rate to 2.996906728784534e-08
Epoch: 81 cost time: 1.2809255123138428
Epoch: 81, Steps: 64 | Train Loss: 0.3511893 Vali Loss: 0.2489626 Test Loss: 0.2968736
EarlyStopping counter: 71 out of 100
Updating learning rate to 2.697216055906081e-08
Epoch: 82 cost time: 1.2022767066955566
Epoch: 82, Steps: 64 | Train Loss: 0.3509230 Vali Loss: 0.2481612 Test Loss: 0.2971708
EarlyStopping counter: 72 out of 100
Updating learning rate to 2.427494450315473e-08
Epoch: 83 cost time: 1.2054426670074463
Epoch: 83, Steps: 64 | Train Loss: 0.3515762 Vali Loss: 0.2481863 Test Loss: 0.2969639
EarlyStopping counter: 73 out of 100
Updating learning rate to 2.1847450052839257e-08
Epoch: 84 cost time: 1.2572321891784668
Epoch: 84, Steps: 64 | Train Loss: 0.3514778 Vali Loss: 0.2484738 Test Loss: 0.2967152
EarlyStopping counter: 74 out of 100
Updating learning rate to 1.9662705047555332e-08
Epoch: 85 cost time: 1.2343199253082275
Epoch: 85, Steps: 64 | Train Loss: 0.3514166 Vali Loss: 0.2487542 Test Loss: 0.2970676
EarlyStopping counter: 75 out of 100
Updating learning rate to 1.7696434542799797e-08
Epoch: 86 cost time: 1.2095253467559814
Epoch: 86, Steps: 64 | Train Loss: 0.3519064 Vali Loss: 0.2497201 Test Loss: 0.2971852
EarlyStopping counter: 76 out of 100
Updating learning rate to 1.5926791088519817e-08
Epoch: 87 cost time: 1.1293816566467285
Epoch: 87, Steps: 64 | Train Loss: 0.3530562 Vali Loss: 0.2492301 Test Loss: 0.2970702
EarlyStopping counter: 77 out of 100
Updating learning rate to 1.4334111979667836e-08
Epoch: 88 cost time: 1.267608880996704
Epoch: 88, Steps: 64 | Train Loss: 0.3514974 Vali Loss: 0.2488945 Test Loss: 0.2967833
EarlyStopping counter: 78 out of 100
Updating learning rate to 1.2900700781701054e-08
Epoch: 89 cost time: 1.2662222385406494
Epoch: 89, Steps: 64 | Train Loss: 0.3523776 Vali Loss: 0.2487802 Test Loss: 0.2971547
EarlyStopping counter: 79 out of 100
Updating learning rate to 1.161063070353095e-08
Epoch: 90 cost time: 1.248201608657837
Epoch: 90, Steps: 64 | Train Loss: 0.3521158 Vali Loss: 0.2478573 Test Loss: 0.2971606
EarlyStopping counter: 80 out of 100
Updating learning rate to 1.0449567633177854e-08
Epoch: 91 cost time: 1.1467533111572266
Epoch: 91, Steps: 64 | Train Loss: 0.3518012 Vali Loss: 0.2487445 Test Loss: 0.2969255
EarlyStopping counter: 81 out of 100
Updating learning rate to 9.404610869860069e-09
Epoch: 92 cost time: 1.125565528869629
Epoch: 92, Steps: 64 | Train Loss: 0.3506864 Vali Loss: 0.2481997 Test Loss: 0.2970209
EarlyStopping counter: 82 out of 100
Updating learning rate to 8.464149782874063e-09
Epoch: 93 cost time: 1.247119665145874
Epoch: 93, Steps: 64 | Train Loss: 0.3519288 Vali Loss: 0.2473989 Test Loss: 0.2969479
EarlyStopping counter: 83 out of 100
Updating learning rate to 7.617734804586658e-09
Epoch: 94 cost time: 1.249495506286621
Epoch: 94, Steps: 64 | Train Loss: 0.3509948 Vali Loss: 0.2491085 Test Loss: 0.2969909
EarlyStopping counter: 84 out of 100
Updating learning rate to 6.855961324127991e-09
Epoch: 95 cost time: 1.2169888019561768
Epoch: 95, Steps: 64 | Train Loss: 0.3515437 Vali Loss: 0.2487098 Test Loss: 0.2966901
EarlyStopping counter: 85 out of 100
Updating learning rate to 6.170365191715193e-09
Epoch: 96 cost time: 1.2585856914520264
Epoch: 96, Steps: 64 | Train Loss: 0.3516514 Vali Loss: 0.2494950 Test Loss: 0.2970753
EarlyStopping counter: 86 out of 100
Updating learning rate to 5.5533286725436726e-09
Epoch: 97 cost time: 1.2701385021209717
Epoch: 97, Steps: 64 | Train Loss: 0.3524938 Vali Loss: 0.2486652 Test Loss: 0.2969152
EarlyStopping counter: 87 out of 100
Updating learning rate to 4.997995805289306e-09
Epoch: 98 cost time: 1.2275543212890625
Epoch: 98, Steps: 64 | Train Loss: 0.3510636 Vali Loss: 0.2481279 Test Loss: 0.2970573
EarlyStopping counter: 88 out of 100
Updating learning rate to 4.498196224760375e-09
Epoch: 99 cost time: 1.0423634052276611
Epoch: 99, Steps: 64 | Train Loss: 0.3503220 Vali Loss: 0.2479040 Test Loss: 0.2971353
EarlyStopping counter: 89 out of 100
Updating learning rate to 4.048376602284338e-09
Epoch: 100 cost time: 1.1060729026794434
Epoch: 100, Steps: 64 | Train Loss: 0.3510070 Vali Loss: 0.2489756 Test Loss: 0.2969429
EarlyStopping counter: 90 out of 100
Updating learning rate to 3.643538942055904e-09
>>>>>>>testing : NL_etth2_flatten_lr0.001_always_336_96_PatchTST_ETTh2_ftM_sl336_ll48_pl96_dm16_nh4_el3_dl1_df128_fc1_ebtimeF_dtTruelr0.001_pol_always_Nested_Learning_0<<<<<<<<<<<<<<<<<<<<<<<<<<<<<<<<<
test 2785
 Ejecutando Inferencia DINÁMICA (Nested Learning con flatten)
  -> Política: always | LR: 0.001 | Target: head

RESUMEN: El CMS se actualizó 21 veces de 21 posibles.

mse:0.2959640324115753, mae:0.3519285023212433, rse:0.43459999561309814
Args in experiment:
Namespace(random_seed=2021, is_training=1, model_id='NL_etth2_flatten_lr0.001_always_336_192', model='PatchTST', data='ETTh2', root_path='./dataset/', data_path='ETTh2.csv', features='M', target='OT', freq='h', checkpoints='./checkpoints/', seq_len=336, label_len=48, pred_len=192, head_type='flatten', cms_lr=0.001, update_policy='always', fc_dropout=0.3, head_dropout=0.0, patch_len=16, stride=8, padding_patch='end', revin=1, affine=0, subtract_last=0, decomposition=0, kernel_size=25, individual=1, embed_type=0, enc_in=7, dec_in=7, c_out=7, d_model=16, n_heads=4, e_layers=3, d_layers=1, d_ff=128, moving_avg=25, factor=1, distil=True, dropout=0.3, embed='timeF', activation='gelu', output_attention=False, do_predict=False, num_workers=0, itr=1, train_epochs=100, batch_size=128, patience=100, learning_rate=0.0001, des='Nested_Learning', loss='mse', lradj='type3', pct_start=0.3, use_amp=False, use_gpu=True, gpu=0, use_multi_gpu=False, devices='0,1,2,3', test_flop=False)
Use GPU: cuda:0
>>>>>>>start training : NL_etth2_flatten_lr0.001_always_336_192_PatchTST_ETTh2_ftM_sl336_ll48_pl192_dm16_nh4_el3_dl1_df128_fc1_ebtimeF_dtTruelr0.001_pol_always_Nested_Learning_0>>>>>>>>>>>>>>>>>>>>>>>>>>
train 8113
val 2689
test 2689
Epoch: 1 cost time: 1.437678337097168
Epoch: 1, Steps: 63 | Train Loss: 0.7384979 Vali Loss: 0.4141839 Test Loss: 0.4345003
Validation loss decreased (inf --> 0.414184).  Saving model ...
Updating learning rate to 0.0001
Epoch: 2 cost time: 1.0534617900848389
Epoch: 2, Steps: 63 | Train Loss: 0.6596123 Vali Loss: 0.3516199 Test Loss: 0.3844751
Validation loss decreased (0.414184 --> 0.351620).  Saving model ...
Updating learning rate to 0.0001
Epoch: 3 cost time: 1.2852089405059814
Epoch: 3, Steps: 63 | Train Loss: 0.5734693 Vali Loss: 0.3275114 Test Loss: 0.3630477
Validation loss decreased (0.351620 --> 0.327511).  Saving model ...
Updating learning rate to 0.0001
Epoch: 4 cost time: 1.0761401653289795
Epoch: 4, Steps: 63 | Train Loss: 0.5328817 Vali Loss: 0.3232200 Test Loss: 0.3559620
Validation loss decreased (0.327511 --> 0.323220).  Saving model ...
Updating learning rate to 9e-05
Epoch: 5 cost time: 1.2749147415161133
Epoch: 5, Steps: 63 | Train Loss: 0.5081143 Vali Loss: 0.3272127 Test Loss: 0.3561073
EarlyStopping counter: 1 out of 100
Updating learning rate to 8.1e-05
Epoch: 6 cost time: 1.2560369968414307
Epoch: 6, Steps: 63 | Train Loss: 0.4917563 Vali Loss: 0.3313333 Test Loss: 0.3576300
EarlyStopping counter: 2 out of 100
Updating learning rate to 7.290000000000001e-05
Epoch: 7 cost time: 1.1300463676452637
Epoch: 7, Steps: 63 | Train Loss: 0.4822714 Vali Loss: 0.3323969 Test Loss: 0.3572049
EarlyStopping counter: 3 out of 100
Updating learning rate to 6.561e-05
Epoch: 8 cost time: 1.0958571434020996
Epoch: 8, Steps: 63 | Train Loss: 0.4721230 Vali Loss: 0.3293527 Test Loss: 0.3549526
EarlyStopping counter: 4 out of 100
Updating learning rate to 5.904900000000001e-05
Epoch: 9 cost time: 1.236027717590332
Epoch: 9, Steps: 63 | Train Loss: 0.4645669 Vali Loss: 0.3329741 Test Loss: 0.3544289
EarlyStopping counter: 5 out of 100
Updating learning rate to 5.3144100000000005e-05
Epoch: 10 cost time: 1.2328650951385498
Epoch: 10, Steps: 63 | Train Loss: 0.4578758 Vali Loss: 0.3336094 Test Loss: 0.3547947
EarlyStopping counter: 6 out of 100
Updating learning rate to 4.782969000000001e-05
Epoch: 11 cost time: 1.2461652755737305
Epoch: 11, Steps: 63 | Train Loss: 0.4514765 Vali Loss: 0.3351078 Test Loss: 0.3550655
EarlyStopping counter: 7 out of 100
Updating learning rate to 4.304672100000001e-05
Epoch: 12 cost time: 1.231156826019287
Epoch: 12, Steps: 63 | Train Loss: 0.4485515 Vali Loss: 0.3372464 Test Loss: 0.3554879
EarlyStopping counter: 8 out of 100
Updating learning rate to 3.874204890000001e-05
Epoch: 13 cost time: 1.0764760971069336
Epoch: 13, Steps: 63 | Train Loss: 0.4452842 Vali Loss: 0.3391597 Test Loss: 0.3561512
EarlyStopping counter: 9 out of 100
Updating learning rate to 3.486784401000001e-05
Epoch: 14 cost time: 1.2177059650421143
Epoch: 14, Steps: 63 | Train Loss: 0.4407437 Vali Loss: 0.3413845 Test Loss: 0.3573170
EarlyStopping counter: 10 out of 100
Updating learning rate to 3.138105960900001e-05
Epoch: 15 cost time: 1.1951556205749512
Epoch: 15, Steps: 63 | Train Loss: 0.4394361 Vali Loss: 0.3441236 Test Loss: 0.3584024
EarlyStopping counter: 11 out of 100
Updating learning rate to 2.824295364810001e-05
Epoch: 16 cost time: 1.1490821838378906
Epoch: 16, Steps: 63 | Train Loss: 0.4383864 Vali Loss: 0.3442404 Test Loss: 0.3588359
EarlyStopping counter: 12 out of 100
Updating learning rate to 2.541865828329001e-05
Epoch: 17 cost time: 1.1927287578582764
Epoch: 17, Steps: 63 | Train Loss: 0.4370559 Vali Loss: 0.3463390 Test Loss: 0.3595791
EarlyStopping counter: 13 out of 100
Updating learning rate to 2.287679245496101e-05
Epoch: 18 cost time: 1.1708407402038574
Epoch: 18, Steps: 63 | Train Loss: 0.4334311 Vali Loss: 0.3478969 Test Loss: 0.3605938
EarlyStopping counter: 14 out of 100
Updating learning rate to 2.0589113209464907e-05
Epoch: 19 cost time: 1.1548168659210205
Epoch: 19, Steps: 63 | Train Loss: 0.4338637 Vali Loss: 0.3482168 Test Loss: 0.3605147
EarlyStopping counter: 15 out of 100
Updating learning rate to 1.8530201888518416e-05
Epoch: 20 cost time: 1.2454147338867188
Epoch: 20, Steps: 63 | Train Loss: 0.4324279 Vali Loss: 0.3486288 Test Loss: 0.3614102
EarlyStopping counter: 16 out of 100
Updating learning rate to 1.6677181699666577e-05
Epoch: 21 cost time: 1.235990285873413
Epoch: 21, Steps: 63 | Train Loss: 0.4323358 Vali Loss: 0.3494912 Test Loss: 0.3619304
EarlyStopping counter: 17 out of 100
Updating learning rate to 1.5009463529699919e-05
Epoch: 22 cost time: 1.2342844009399414
Epoch: 22, Steps: 63 | Train Loss: 0.4307420 Vali Loss: 0.3498927 Test Loss: 0.3623002
EarlyStopping counter: 18 out of 100
Updating learning rate to 1.3508517176729929e-05
Epoch: 23 cost time: 1.2505791187286377
Epoch: 23, Steps: 63 | Train Loss: 0.4296784 Vali Loss: 0.3507911 Test Loss: 0.3628594
EarlyStopping counter: 19 out of 100
Updating learning rate to 1.2157665459056936e-05
Epoch: 24 cost time: 1.2550349235534668
Epoch: 24, Steps: 63 | Train Loss: 0.4304497 Vali Loss: 0.3514001 Test Loss: 0.3633126
EarlyStopping counter: 20 out of 100
Updating learning rate to 1.0941898913151242e-05
Epoch: 25 cost time: 1.085066556930542
Epoch: 25, Steps: 63 | Train Loss: 0.4287286 Vali Loss: 0.3505744 Test Loss: 0.3631680
EarlyStopping counter: 21 out of 100
Updating learning rate to 9.847709021836118e-06
Epoch: 26 cost time: 1.047154188156128
Epoch: 26, Steps: 63 | Train Loss: 0.4298719 Vali Loss: 0.3530227 Test Loss: 0.3640129
EarlyStopping counter: 22 out of 100
Updating learning rate to 8.862938119652508e-06
Epoch: 27 cost time: 1.119352102279663
Epoch: 27, Steps: 63 | Train Loss: 0.4283318 Vali Loss: 0.3516659 Test Loss: 0.3633184
EarlyStopping counter: 23 out of 100
Updating learning rate to 7.976644307687255e-06
Epoch: 28 cost time: 1.2593977451324463
Epoch: 28, Steps: 63 | Train Loss: 0.4276705 Vali Loss: 0.3518256 Test Loss: 0.3634202
EarlyStopping counter: 24 out of 100
Updating learning rate to 7.178979876918531e-06
Epoch: 29 cost time: 1.2338213920593262
Epoch: 29, Steps: 63 | Train Loss: 0.4277967 Vali Loss: 0.3520571 Test Loss: 0.3638261
EarlyStopping counter: 25 out of 100
Updating learning rate to 6.4610818892266776e-06
Epoch: 30 cost time: 1.2456021308898926
Epoch: 30, Steps: 63 | Train Loss: 0.4257928 Vali Loss: 0.3529011 Test Loss: 0.3642941
EarlyStopping counter: 26 out of 100
Updating learning rate to 5.8149737003040096e-06
Epoch: 31 cost time: 1.0409331321716309
Epoch: 31, Steps: 63 | Train Loss: 0.4263370 Vali Loss: 0.3526462 Test Loss: 0.3640048
EarlyStopping counter: 27 out of 100
Updating learning rate to 5.23347633027361e-06
Epoch: 32 cost time: 1.0414206981658936
Epoch: 32, Steps: 63 | Train Loss: 0.4257305 Vali Loss: 0.3521980 Test Loss: 0.3639547
EarlyStopping counter: 28 out of 100
Updating learning rate to 4.710128697246249e-06
Epoch: 33 cost time: 1.2552242279052734
Epoch: 33, Steps: 63 | Train Loss: 0.4269134 Vali Loss: 0.3525978 Test Loss: 0.3639987
EarlyStopping counter: 29 out of 100
Updating learning rate to 4.239115827521624e-06
Epoch: 34 cost time: 1.265014410018921
Epoch: 34, Steps: 63 | Train Loss: 0.4264874 Vali Loss: 0.3532062 Test Loss: 0.3645153
EarlyStopping counter: 30 out of 100
Updating learning rate to 3.815204244769462e-06
Epoch: 35 cost time: 1.0293605327606201
Epoch: 35, Steps: 63 | Train Loss: 0.4265173 Vali Loss: 0.3528865 Test Loss: 0.3644316
EarlyStopping counter: 31 out of 100
Updating learning rate to 3.4336838202925152e-06
Epoch: 36 cost time: 1.0358598232269287
Epoch: 36, Steps: 63 | Train Loss: 0.4266297 Vali Loss: 0.3531580 Test Loss: 0.3644188
EarlyStopping counter: 32 out of 100
Updating learning rate to 3.090315438263264e-06
Epoch: 37 cost time: 1.2652599811553955
Epoch: 37, Steps: 63 | Train Loss: 0.4250213 Vali Loss: 0.3533717 Test Loss: 0.3646898
EarlyStopping counter: 33 out of 100
Updating learning rate to 2.7812838944369375e-06
Epoch: 38 cost time: 1.1662659645080566
Epoch: 38, Steps: 63 | Train Loss: 0.4248504 Vali Loss: 0.3533302 Test Loss: 0.3649134
EarlyStopping counter: 34 out of 100
Updating learning rate to 2.503155504993244e-06
Epoch: 39 cost time: 1.2508726119995117
Epoch: 39, Steps: 63 | Train Loss: 0.4245624 Vali Loss: 0.3523225 Test Loss: 0.3642671
EarlyStopping counter: 35 out of 100
Updating learning rate to 2.2528399544939195e-06
Epoch: 40 cost time: 1.0408263206481934
Epoch: 40, Steps: 63 | Train Loss: 0.4266125 Vali Loss: 0.3539469 Test Loss: 0.3652376
EarlyStopping counter: 36 out of 100
Updating learning rate to 2.0275559590445276e-06
Epoch: 41 cost time: 1.0558056831359863
Epoch: 41, Steps: 63 | Train Loss: 0.4255531 Vali Loss: 0.3545712 Test Loss: 0.3657315
EarlyStopping counter: 37 out of 100
Updating learning rate to 1.8248003631400751e-06
Epoch: 42 cost time: 1.2581348419189453
Epoch: 42, Steps: 63 | Train Loss: 0.4242550 Vali Loss: 0.3540621 Test Loss: 0.3652868
EarlyStopping counter: 38 out of 100
Updating learning rate to 1.6423203268260676e-06
Epoch: 43 cost time: 1.2220678329467773
Epoch: 43, Steps: 63 | Train Loss: 0.4245303 Vali Loss: 0.3541188 Test Loss: 0.3651717
EarlyStopping counter: 39 out of 100
Updating learning rate to 1.4780882941434609e-06
Epoch: 44 cost time: 1.0477418899536133
Epoch: 44, Steps: 63 | Train Loss: 0.4242563 Vali Loss: 0.3531989 Test Loss: 0.3644053
EarlyStopping counter: 40 out of 100
Updating learning rate to 1.3302794647291146e-06
Epoch: 45 cost time: 1.0371661186218262
Epoch: 45, Steps: 63 | Train Loss: 0.4249083 Vali Loss: 0.3541461 Test Loss: 0.3649966
EarlyStopping counter: 41 out of 100
Updating learning rate to 1.1972515182562034e-06
Epoch: 46 cost time: 1.146064043045044
Epoch: 46, Steps: 63 | Train Loss: 0.4258076 Vali Loss: 0.3541106 Test Loss: 0.3651823
EarlyStopping counter: 42 out of 100
Updating learning rate to 1.077526366430583e-06
Epoch: 47 cost time: 1.2490520477294922
Epoch: 47, Steps: 63 | Train Loss: 0.4251525 Vali Loss: 0.3542130 Test Loss: 0.3654508
EarlyStopping counter: 43 out of 100
Updating learning rate to 9.697737297875248e-07
Epoch: 48 cost time: 1.0384321212768555
Epoch: 48, Steps: 63 | Train Loss: 0.4250630 Vali Loss: 0.3552115 Test Loss: 0.3661415
EarlyStopping counter: 44 out of 100
Updating learning rate to 8.727963568087723e-07
Epoch: 49 cost time: 1.0303304195404053
Epoch: 49, Steps: 63 | Train Loss: 0.4253280 Vali Loss: 0.3545050 Test Loss: 0.3657727
EarlyStopping counter: 45 out of 100
Updating learning rate to 7.855167211278951e-07
Epoch: 50 cost time: 1.033834457397461
Epoch: 50, Steps: 63 | Train Loss: 0.4251371 Vali Loss: 0.3545865 Test Loss: 0.3656497
EarlyStopping counter: 46 out of 100
Updating learning rate to 7.069650490151056e-07
Epoch: 51 cost time: 1.038700819015503
Epoch: 51, Steps: 63 | Train Loss: 0.4264407 Vali Loss: 0.3542353 Test Loss: 0.3655910
EarlyStopping counter: 47 out of 100
Updating learning rate to 6.36268544113595e-07
Epoch: 52 cost time: 1.251530408859253
Epoch: 52, Steps: 63 | Train Loss: 0.4262005 Vali Loss: 0.3547864 Test Loss: 0.3656033
EarlyStopping counter: 48 out of 100
Updating learning rate to 5.726416897022355e-07
Epoch: 53 cost time: 1.2428712844848633
Epoch: 53, Steps: 63 | Train Loss: 0.4247678 Vali Loss: 0.3544214 Test Loss: 0.3651554
EarlyStopping counter: 49 out of 100
Updating learning rate to 5.15377520732012e-07
Epoch: 54 cost time: 1.2382605075836182
Epoch: 54, Steps: 63 | Train Loss: 0.4249319 Vali Loss: 0.3544822 Test Loss: 0.3655338
EarlyStopping counter: 50 out of 100
Updating learning rate to 4.6383976865881085e-07
Epoch: 55 cost time: 1.0891187191009521
Epoch: 55, Steps: 63 | Train Loss: 0.4231385 Vali Loss: 0.3542783 Test Loss: 0.3653858
EarlyStopping counter: 51 out of 100
Updating learning rate to 4.174557917929298e-07
Epoch: 56 cost time: 1.0395967960357666
Epoch: 56, Steps: 63 | Train Loss: 0.4241347 Vali Loss: 0.3538462 Test Loss: 0.3648359
EarlyStopping counter: 52 out of 100
Updating learning rate to 3.7571021261363677e-07
Epoch: 57 cost time: 1.0244967937469482
Epoch: 57, Steps: 63 | Train Loss: 0.4260324 Vali Loss: 0.3541426 Test Loss: 0.3650946
EarlyStopping counter: 53 out of 100
Updating learning rate to 3.381391913522731e-07
Epoch: 58 cost time: 1.1233081817626953
Epoch: 58, Steps: 63 | Train Loss: 0.4252104 Vali Loss: 0.3541900 Test Loss: 0.3653715
EarlyStopping counter: 54 out of 100
Updating learning rate to 3.043252722170458e-07
Epoch: 59 cost time: 2.638251781463623
Epoch: 59, Steps: 63 | Train Loss: 0.4255574 Vali Loss: 0.3538574 Test Loss: 0.3650529
EarlyStopping counter: 55 out of 100
Updating learning rate to 2.7389274499534124e-07
Epoch: 60 cost time: 1.1917648315429688
Epoch: 60, Steps: 63 | Train Loss: 0.4262284 Vali Loss: 0.3553518 Test Loss: 0.3661897
EarlyStopping counter: 56 out of 100
Updating learning rate to 2.465034704958071e-07
Epoch: 61 cost time: 1.163508653640747
Epoch: 61, Steps: 63 | Train Loss: 0.4241885 Vali Loss: 0.3546554 Test Loss: 0.3659027
EarlyStopping counter: 57 out of 100
Updating learning rate to 2.218531234462264e-07
Epoch: 62 cost time: 1.1598775386810303
Epoch: 62, Steps: 63 | Train Loss: 0.4234367 Vali Loss: 0.3537297 Test Loss: 0.3649793
EarlyStopping counter: 58 out of 100
Updating learning rate to 1.9966781110160376e-07
Epoch: 63 cost time: 1.1109259128570557
Epoch: 63, Steps: 63 | Train Loss: 0.4246036 Vali Loss: 0.3546751 Test Loss: 0.3656392
EarlyStopping counter: 59 out of 100
Updating learning rate to 1.797010299914434e-07
Epoch: 64 cost time: 1.2080376148223877
Epoch: 64, Steps: 63 | Train Loss: 0.4250001 Vali Loss: 0.3529856 Test Loss: 0.3644936
EarlyStopping counter: 60 out of 100
Updating learning rate to 1.6173092699229907e-07
Epoch: 65 cost time: 1.1909501552581787
Epoch: 65, Steps: 63 | Train Loss: 0.4238044 Vali Loss: 0.3544696 Test Loss: 0.3656902
EarlyStopping counter: 61 out of 100
Updating learning rate to 1.4555783429306916e-07
Epoch: 66 cost time: 1.2175920009613037
Epoch: 66, Steps: 63 | Train Loss: 0.4251993 Vali Loss: 0.3527919 Test Loss: 0.3645798
EarlyStopping counter: 62 out of 100
Updating learning rate to 1.3100205086376224e-07
Epoch: 67 cost time: 1.228231430053711
Epoch: 67, Steps: 63 | Train Loss: 0.4244425 Vali Loss: 0.3547793 Test Loss: 0.3658554
EarlyStopping counter: 63 out of 100
Updating learning rate to 1.1790184577738603e-07
Epoch: 68 cost time: 1.2523760795593262
Epoch: 68, Steps: 63 | Train Loss: 0.4251494 Vali Loss: 0.3536885 Test Loss: 0.3652182
EarlyStopping counter: 64 out of 100
Updating learning rate to 1.0611166119964742e-07
Epoch: 69 cost time: 1.2181975841522217
Epoch: 69, Steps: 63 | Train Loss: 0.4251525 Vali Loss: 0.3544675 Test Loss: 0.3656045
EarlyStopping counter: 65 out of 100
Updating learning rate to 9.550049507968268e-08
Epoch: 70 cost time: 1.2096102237701416
Epoch: 70, Steps: 63 | Train Loss: 0.4248004 Vali Loss: 0.3541551 Test Loss: 0.3653402
EarlyStopping counter: 66 out of 100
Updating learning rate to 8.595044557171442e-08
Epoch: 71 cost time: 1.1886279582977295
Epoch: 71, Steps: 63 | Train Loss: 0.4246600 Vali Loss: 0.3542286 Test Loss: 0.3655679
EarlyStopping counter: 67 out of 100
Updating learning rate to 7.735540101454298e-08
Epoch: 72 cost time: 1.2523565292358398
Epoch: 72, Steps: 63 | Train Loss: 0.4244358 Vali Loss: 0.3545845 Test Loss: 0.3659474
EarlyStopping counter: 68 out of 100
Updating learning rate to 6.961986091308869e-08
Epoch: 73 cost time: 1.2555980682373047
Epoch: 73, Steps: 63 | Train Loss: 0.4249756 Vali Loss: 0.3543745 Test Loss: 0.3656985
EarlyStopping counter: 69 out of 100
Updating learning rate to 6.265787482177981e-08
Epoch: 74 cost time: 1.2040557861328125
Epoch: 74, Steps: 63 | Train Loss: 0.4255530 Vali Loss: 0.3544467 Test Loss: 0.3656885
EarlyStopping counter: 70 out of 100
Updating learning rate to 5.639208733960184e-08
Epoch: 75 cost time: 1.2494747638702393
Epoch: 75, Steps: 63 | Train Loss: 0.4252451 Vali Loss: 0.3544479 Test Loss: 0.3658996
EarlyStopping counter: 71 out of 100
Updating learning rate to 5.075287860564165e-08
Epoch: 76 cost time: 1.2427418231964111
Epoch: 76, Steps: 63 | Train Loss: 0.4251446 Vali Loss: 0.3547596 Test Loss: 0.3658511
EarlyStopping counter: 72 out of 100
Updating learning rate to 4.567759074507749e-08
Epoch: 77 cost time: 1.2503242492675781
Epoch: 77, Steps: 63 | Train Loss: 0.4253173 Vali Loss: 0.3545875 Test Loss: 0.3656629
EarlyStopping counter: 73 out of 100
Updating learning rate to 4.1109831670569744e-08
Epoch: 78 cost time: 1.2102816104888916
Epoch: 78, Steps: 63 | Train Loss: 0.4251297 Vali Loss: 0.3542718 Test Loss: 0.3655861
EarlyStopping counter: 74 out of 100
Updating learning rate to 3.6998848503512764e-08
Epoch: 79 cost time: 1.2275519371032715
Epoch: 79, Steps: 63 | Train Loss: 0.4248239 Vali Loss: 0.3548349 Test Loss: 0.3658780
EarlyStopping counter: 75 out of 100
Updating learning rate to 3.3298963653161496e-08
Epoch: 80 cost time: 1.262430191040039
Epoch: 80, Steps: 63 | Train Loss: 0.4246444 Vali Loss: 0.3537991 Test Loss: 0.3653436
EarlyStopping counter: 76 out of 100
Updating learning rate to 2.996906728784534e-08
Epoch: 81 cost time: 1.2612323760986328
Epoch: 81, Steps: 63 | Train Loss: 0.4230956 Vali Loss: 0.3536398 Test Loss: 0.3649744
EarlyStopping counter: 77 out of 100
Updating learning rate to 2.697216055906081e-08
Epoch: 82 cost time: 1.2402913570404053
Epoch: 82, Steps: 63 | Train Loss: 0.4242420 Vali Loss: 0.3546423 Test Loss: 0.3658725
EarlyStopping counter: 78 out of 100
Updating learning rate to 2.427494450315473e-08
Epoch: 83 cost time: 1.2598330974578857
Epoch: 83, Steps: 63 | Train Loss: 0.4242090 Vali Loss: 0.3554992 Test Loss: 0.3663132
EarlyStopping counter: 79 out of 100
Updating learning rate to 2.1847450052839257e-08
Epoch: 84 cost time: 1.241032361984253
Epoch: 84, Steps: 63 | Train Loss: 0.4259696 Vali Loss: 0.3560269 Test Loss: 0.3666169
EarlyStopping counter: 80 out of 100
Updating learning rate to 1.9662705047555332e-08
Epoch: 85 cost time: 1.2282650470733643
Epoch: 85, Steps: 63 | Train Loss: 0.4248560 Vali Loss: 0.3550299 Test Loss: 0.3659405
EarlyStopping counter: 81 out of 100
Updating learning rate to 1.7696434542799797e-08
Epoch: 86 cost time: 1.2281181812286377
Epoch: 86, Steps: 63 | Train Loss: 0.4248035 Vali Loss: 0.3550621 Test Loss: 0.3660150
EarlyStopping counter: 82 out of 100
Updating learning rate to 1.5926791088519817e-08
Epoch: 87 cost time: 1.2516305446624756
Epoch: 87, Steps: 63 | Train Loss: 0.4260236 Vali Loss: 0.3543161 Test Loss: 0.3657132
EarlyStopping counter: 83 out of 100
Updating learning rate to 1.4334111979667836e-08
Epoch: 88 cost time: 1.2609491348266602
Epoch: 88, Steps: 63 | Train Loss: 0.4256329 Vali Loss: 0.3541520 Test Loss: 0.3656361
EarlyStopping counter: 84 out of 100
Updating learning rate to 1.2900700781701054e-08
Epoch: 89 cost time: 1.228572130203247
Epoch: 89, Steps: 63 | Train Loss: 0.4251796 Vali Loss: 0.3542229 Test Loss: 0.3654654
EarlyStopping counter: 85 out of 100
Updating learning rate to 1.161063070353095e-08
Epoch: 90 cost time: 1.0063300132751465
Epoch: 90, Steps: 63 | Train Loss: 0.4247387 Vali Loss: 0.3550229 Test Loss: 0.3658891
EarlyStopping counter: 86 out of 100
Updating learning rate to 1.0449567633177854e-08
Epoch: 91 cost time: 1.0129082202911377
Epoch: 91, Steps: 63 | Train Loss: 0.4244237 Vali Loss: 0.3547868 Test Loss: 0.3656949
EarlyStopping counter: 87 out of 100
Updating learning rate to 9.404610869860069e-09
Epoch: 92 cost time: 1.2552299499511719
Epoch: 92, Steps: 63 | Train Loss: 0.4235470 Vali Loss: 0.3545849 Test Loss: 0.3655466
EarlyStopping counter: 88 out of 100
Updating learning rate to 8.464149782874063e-09
Epoch: 93 cost time: 1.2334556579589844
Epoch: 93, Steps: 63 | Train Loss: 0.4255476 Vali Loss: 0.3536052 Test Loss: 0.3651301
EarlyStopping counter: 89 out of 100
Updating learning rate to 7.617734804586658e-09
Epoch: 94 cost time: 1.1407959461212158
Epoch: 94, Steps: 63 | Train Loss: 0.4241860 Vali Loss: 0.3540775 Test Loss: 0.3654571
EarlyStopping counter: 90 out of 100
Updating learning rate to 6.855961324127991e-09
Epoch: 95 cost time: 1.0247092247009277
Epoch: 95, Steps: 63 | Train Loss: 0.4252753 Vali Loss: 0.3544671 Test Loss: 0.3656315
EarlyStopping counter: 91 out of 100
Updating learning rate to 6.170365191715193e-09
Epoch: 96 cost time: 1.1359548568725586
Epoch: 96, Steps: 63 | Train Loss: 0.4250438 Vali Loss: 0.3538590 Test Loss: 0.3651122
EarlyStopping counter: 92 out of 100
Updating learning rate to 5.5533286725436726e-09
Epoch: 97 cost time: 1.181971549987793
Epoch: 97, Steps: 63 | Train Loss: 0.4244816 Vali Loss: 0.3542955 Test Loss: 0.3656285
EarlyStopping counter: 93 out of 100
Updating learning rate to 4.997995805289306e-09
Epoch: 98 cost time: 1.249387264251709
Epoch: 98, Steps: 63 | Train Loss: 0.4237772 Vali Loss: 0.3544334 Test Loss: 0.3654680
EarlyStopping counter: 94 out of 100
Updating learning rate to 4.498196224760375e-09
Epoch: 99 cost time: 1.2320194244384766
Epoch: 99, Steps: 63 | Train Loss: 0.4245363 Vali Loss: 0.3532615 Test Loss: 0.3648888
EarlyStopping counter: 95 out of 100
Updating learning rate to 4.048376602284338e-09
Epoch: 100 cost time: 1.2547767162322998
Epoch: 100, Steps: 63 | Train Loss: 0.4242028 Vali Loss: 0.3547710 Test Loss: 0.3656457
EarlyStopping counter: 96 out of 100
Updating learning rate to 3.643538942055904e-09
>>>>>>>testing : NL_etth2_flatten_lr0.001_always_336_192_PatchTST_ETTh2_ftM_sl336_ll48_pl192_dm16_nh4_el3_dl1_df128_fc1_ebtimeF_dtTruelr0.001_pol_always_Nested_Learning_0<<<<<<<<<<<<<<<<<<<<<<<<<<<<<<<<<
test 2689
 Ejecutando Inferencia DINÁMICA (Nested Learning con flatten)
  -> Política: always | LR: 0.001 | Target: head

RESUMEN: El CMS se actualizó 21 veces de 21 posibles.

mse:0.3547925055027008, mae:0.3952372670173645, rse:0.4776269495487213
Args in experiment:
Namespace(random_seed=2021, is_training=1, model_id='NL_etth2_flatten_lr0.001_always_336_336', model='PatchTST', data='ETTh2', root_path='./dataset/', data_path='ETTh2.csv', features='M', target='OT', freq='h', checkpoints='./checkpoints/', seq_len=336, label_len=48, pred_len=336, head_type='flatten', cms_lr=0.001, update_policy='always', fc_dropout=0.3, head_dropout=0.0, patch_len=16, stride=8, padding_patch='end', revin=1, affine=0, subtract_last=0, decomposition=0, kernel_size=25, individual=1, embed_type=0, enc_in=7, dec_in=7, c_out=7, d_model=16, n_heads=4, e_layers=3, d_layers=1, d_ff=128, moving_avg=25, factor=1, distil=True, dropout=0.3, embed='timeF', activation='gelu', output_attention=False, do_predict=False, num_workers=0, itr=1, train_epochs=100, batch_size=128, patience=100, learning_rate=0.0001, des='Nested_Learning', loss='mse', lradj='type3', pct_start=0.3, use_amp=False, use_gpu=True, gpu=0, use_multi_gpu=False, devices='0,1,2,3', test_flop=False)
Use GPU: cuda:0
>>>>>>>start training : NL_etth2_flatten_lr0.001_always_336_336_PatchTST_ETTh2_ftM_sl336_ll48_pl336_dm16_nh4_el3_dl1_df128_fc1_ebtimeF_dtTruelr0.001_pol_always_Nested_Learning_0>>>>>>>>>>>>>>>>>>>>>>>>>>
train 7969
val 2545
test 2545
Epoch: 1 cost time: 1.4811806678771973
Epoch: 1, Steps: 62 | Train Loss: 0.8149797 Vali Loss: 0.5034903 Test Loss: 0.3917425
Validation loss decreased (inf --> 0.503490).  Saving model ...
Updating learning rate to 0.0001
Epoch: 2 cost time: 1.1146297454833984
Epoch: 2, Steps: 62 | Train Loss: 0.7395615 Vali Loss: 0.4457512 Test Loss: 0.3562146
Validation loss decreased (0.503490 --> 0.445751).  Saving model ...
Updating learning rate to 0.0001
Epoch: 3 cost time: 1.2503197193145752
Epoch: 3, Steps: 62 | Train Loss: 0.6602903 Vali Loss: 0.4254377 Test Loss: 0.3462199
Validation loss decreased (0.445751 --> 0.425438).  Saving model ...
Updating learning rate to 0.0001
Epoch: 4 cost time: 1.213181495666504
Epoch: 4, Steps: 62 | Train Loss: 0.6168449 Vali Loss: 0.4318438 Test Loss: 0.3494857
EarlyStopping counter: 1 out of 100
Updating learning rate to 9e-05
Epoch: 5 cost time: 1.2073218822479248
Epoch: 5, Steps: 62 | Train Loss: 0.5932966 Vali Loss: 0.4446839 Test Loss: 0.3590121
EarlyStopping counter: 2 out of 100
Updating learning rate to 8.1e-05
Epoch: 6 cost time: 1.2442567348480225
Epoch: 6, Steps: 62 | Train Loss: 0.5796843 Vali Loss: 0.4461683 Test Loss: 0.3598690
EarlyStopping counter: 3 out of 100
Updating learning rate to 7.290000000000001e-05
Epoch: 7 cost time: 1.027895212173462
Epoch: 7, Steps: 62 | Train Loss: 0.5670303 Vali Loss: 0.4407376 Test Loss: 0.3546529
EarlyStopping counter: 4 out of 100
Updating learning rate to 6.561e-05
Epoch: 8 cost time: 1.0302162170410156
Epoch: 8, Steps: 62 | Train Loss: 0.5591632 Vali Loss: 0.4398738 Test Loss: 0.3519100
EarlyStopping counter: 5 out of 100
Updating learning rate to 5.904900000000001e-05
Epoch: 9 cost time: 1.0321691036224365
Epoch: 9, Steps: 62 | Train Loss: 0.5504541 Vali Loss: 0.4392896 Test Loss: 0.3481084
EarlyStopping counter: 6 out of 100
Updating learning rate to 5.3144100000000005e-05
Epoch: 10 cost time: 1.0553293228149414
Epoch: 10, Steps: 62 | Train Loss: 0.5439839 Vali Loss: 0.4425710 Test Loss: 0.3474457
EarlyStopping counter: 7 out of 100
Updating learning rate to 4.782969000000001e-05
Epoch: 11 cost time: 1.0519211292266846
Epoch: 11, Steps: 62 | Train Loss: 0.5390836 Vali Loss: 0.4460690 Test Loss: 0.3494977
EarlyStopping counter: 8 out of 100
Updating learning rate to 4.304672100000001e-05
Epoch: 12 cost time: 1.0381934642791748
Epoch: 12, Steps: 62 | Train Loss: 0.5356299 Vali Loss: 0.4504586 Test Loss: 0.3493864
EarlyStopping counter: 9 out of 100
Updating learning rate to 3.874204890000001e-05
Epoch: 13 cost time: 1.0306992530822754
Epoch: 13, Steps: 62 | Train Loss: 0.5316007 Vali Loss: 0.4501688 Test Loss: 0.3499974
EarlyStopping counter: 10 out of 100
Updating learning rate to 3.486784401000001e-05
Epoch: 14 cost time: 1.0331759452819824
Epoch: 14, Steps: 62 | Train Loss: 0.5286222 Vali Loss: 0.4560152 Test Loss: 0.3503419
EarlyStopping counter: 11 out of 100
Updating learning rate to 3.138105960900001e-05
Epoch: 15 cost time: 1.225515365600586
Epoch: 15, Steps: 62 | Train Loss: 0.5269602 Vali Loss: 0.4572997 Test Loss: 0.3512288
EarlyStopping counter: 12 out of 100
Updating learning rate to 2.824295364810001e-05
Epoch: 16 cost time: 1.2268457412719727
Epoch: 16, Steps: 62 | Train Loss: 0.5245041 Vali Loss: 0.4633498 Test Loss: 0.3529034
EarlyStopping counter: 13 out of 100
Updating learning rate to 2.541865828329001e-05
Epoch: 17 cost time: 1.2426965236663818
Epoch: 17, Steps: 62 | Train Loss: 0.5228988 Vali Loss: 0.4633929 Test Loss: 0.3536240
EarlyStopping counter: 14 out of 100
Updating learning rate to 2.287679245496101e-05
Epoch: 18 cost time: 1.2130239009857178
Epoch: 18, Steps: 62 | Train Loss: 0.5224259 Vali Loss: 0.4646979 Test Loss: 0.3531660
EarlyStopping counter: 15 out of 100
Updating learning rate to 2.0589113209464907e-05
Epoch: 19 cost time: 1.0335719585418701
Epoch: 19, Steps: 62 | Train Loss: 0.5206347 Vali Loss: 0.4653479 Test Loss: 0.3557851
EarlyStopping counter: 16 out of 100
Updating learning rate to 1.8530201888518416e-05
Epoch: 20 cost time: 1.0332715511322021
Epoch: 20, Steps: 62 | Train Loss: 0.5200638 Vali Loss: 0.4682242 Test Loss: 0.3551869
EarlyStopping counter: 17 out of 100
Updating learning rate to 1.6677181699666577e-05
Epoch: 21 cost time: 1.0420105457305908
Epoch: 21, Steps: 62 | Train Loss: 0.5180412 Vali Loss: 0.4678294 Test Loss: 0.3559422
EarlyStopping counter: 18 out of 100
Updating learning rate to 1.5009463529699919e-05
Epoch: 22 cost time: 1.2210111618041992
Epoch: 22, Steps: 62 | Train Loss: 0.5176319 Vali Loss: 0.4700058 Test Loss: 0.3567277
EarlyStopping counter: 19 out of 100
Updating learning rate to 1.3508517176729929e-05
Epoch: 23 cost time: 1.2460134029388428
Epoch: 23, Steps: 62 | Train Loss: 0.5174932 Vali Loss: 0.4671813 Test Loss: 0.3562559
EarlyStopping counter: 20 out of 100
Updating learning rate to 1.2157665459056936e-05
Epoch: 24 cost time: 1.2129597663879395
Epoch: 24, Steps: 62 | Train Loss: 0.5168978 Vali Loss: 0.4704316 Test Loss: 0.3575539
EarlyStopping counter: 21 out of 100
Updating learning rate to 1.0941898913151242e-05
Epoch: 25 cost time: 1.226569652557373
Epoch: 25, Steps: 62 | Train Loss: 0.5154668 Vali Loss: 0.4658636 Test Loss: 0.3575833
EarlyStopping counter: 22 out of 100
Updating learning rate to 9.847709021836118e-06
Epoch: 26 cost time: 1.2271075248718262
Epoch: 26, Steps: 62 | Train Loss: 0.5159077 Vali Loss: 0.4701839 Test Loss: 0.3577691
EarlyStopping counter: 23 out of 100
Updating learning rate to 8.862938119652508e-06
Epoch: 27 cost time: 1.2313106060028076
Epoch: 27, Steps: 62 | Train Loss: 0.5141389 Vali Loss: 0.4699678 Test Loss: 0.3584082
EarlyStopping counter: 24 out of 100
Updating learning rate to 7.976644307687255e-06
Epoch: 28 cost time: 1.2049202919006348
Epoch: 28, Steps: 62 | Train Loss: 0.5148076 Vali Loss: 0.4699684 Test Loss: 0.3582686
EarlyStopping counter: 25 out of 100
Updating learning rate to 7.178979876918531e-06
Epoch: 29 cost time: 1.2410874366760254
Epoch: 29, Steps: 62 | Train Loss: 0.5138652 Vali Loss: 0.4707068 Test Loss: 0.3587061
EarlyStopping counter: 26 out of 100
Updating learning rate to 6.4610818892266776e-06
Epoch: 30 cost time: 1.235537052154541
Epoch: 30, Steps: 62 | Train Loss: 0.5136288 Vali Loss: 0.4695893 Test Loss: 0.3578316
EarlyStopping counter: 27 out of 100
Updating learning rate to 5.8149737003040096e-06
Epoch: 31 cost time: 1.242457389831543
Epoch: 31, Steps: 62 | Train Loss: 0.5124300 Vali Loss: 0.4695585 Test Loss: 0.3583824
EarlyStopping counter: 28 out of 100
Updating learning rate to 5.23347633027361e-06
Epoch: 32 cost time: 1.237975835800171
Epoch: 32, Steps: 62 | Train Loss: 0.5133320 Vali Loss: 0.4697592 Test Loss: 0.3588091
EarlyStopping counter: 29 out of 100
Updating learning rate to 4.710128697246249e-06
Epoch: 33 cost time: 1.2327003479003906
Epoch: 33, Steps: 62 | Train Loss: 0.5132200 Vali Loss: 0.4708658 Test Loss: 0.3586247
EarlyStopping counter: 30 out of 100
Updating learning rate to 4.239115827521624e-06
Epoch: 34 cost time: 1.2320284843444824
Epoch: 34, Steps: 62 | Train Loss: 0.5127631 Vali Loss: 0.4717759 Test Loss: 0.3597541
EarlyStopping counter: 31 out of 100
Updating learning rate to 3.815204244769462e-06
Epoch: 35 cost time: 1.2280585765838623
Epoch: 35, Steps: 62 | Train Loss: 0.5121710 Vali Loss: 0.4723183 Test Loss: 0.3603330
EarlyStopping counter: 32 out of 100
Updating learning rate to 3.4336838202925152e-06
Epoch: 36 cost time: 1.246675729751587
Epoch: 36, Steps: 62 | Train Loss: 0.5128065 Vali Loss: 0.4728835 Test Loss: 0.3593889
EarlyStopping counter: 33 out of 100
Updating learning rate to 3.090315438263264e-06
Epoch: 37 cost time: 1.2438907623291016
Epoch: 37, Steps: 62 | Train Loss: 0.5109974 Vali Loss: 0.4748150 Test Loss: 0.3599462
EarlyStopping counter: 34 out of 100
Updating learning rate to 2.7812838944369375e-06
Epoch: 38 cost time: 1.0618500709533691
Epoch: 38, Steps: 62 | Train Loss: 0.5117288 Vali Loss: 0.4707195 Test Loss: 0.3590944
EarlyStopping counter: 35 out of 100
Updating learning rate to 2.503155504993244e-06
Epoch: 39 cost time: 1.1490402221679688
Epoch: 39, Steps: 62 | Train Loss: 0.5122165 Vali Loss: 0.4737489 Test Loss: 0.3599990
EarlyStopping counter: 36 out of 100
Updating learning rate to 2.2528399544939195e-06
Epoch: 40 cost time: 1.2425029277801514
Epoch: 40, Steps: 62 | Train Loss: 0.5125333 Vali Loss: 0.4724886 Test Loss: 0.3591576
EarlyStopping counter: 37 out of 100
Updating learning rate to 2.0275559590445276e-06
Epoch: 41 cost time: 1.1208908557891846
Epoch: 41, Steps: 62 | Train Loss: 0.5118929 Vali Loss: 0.4726412 Test Loss: 0.3600547
EarlyStopping counter: 38 out of 100
Updating learning rate to 1.8248003631400751e-06
Epoch: 42 cost time: 1.1243178844451904
Epoch: 42, Steps: 62 | Train Loss: 0.5113733 Vali Loss: 0.4698996 Test Loss: 0.3597245
EarlyStopping counter: 39 out of 100
Updating learning rate to 1.6423203268260676e-06
Epoch: 43 cost time: 1.2189362049102783
Epoch: 43, Steps: 62 | Train Loss: 0.5114580 Vali Loss: 0.4659736 Test Loss: 0.3589870
EarlyStopping counter: 40 out of 100
Updating learning rate to 1.4780882941434609e-06
Epoch: 44 cost time: 1.1846134662628174
Epoch: 44, Steps: 62 | Train Loss: 0.5114744 Vali Loss: 0.4686224 Test Loss: 0.3590084
EarlyStopping counter: 41 out of 100
Updating learning rate to 1.3302794647291146e-06
Epoch: 45 cost time: 1.110081672668457
Epoch: 45, Steps: 62 | Train Loss: 0.5118128 Vali Loss: 0.4734432 Test Loss: 0.3599439
EarlyStopping counter: 42 out of 100
Updating learning rate to 1.1972515182562034e-06
Epoch: 46 cost time: 1.2304174900054932
Epoch: 46, Steps: 62 | Train Loss: 0.5108898 Vali Loss: 0.4743536 Test Loss: 0.3608070
EarlyStopping counter: 43 out of 100
Updating learning rate to 1.077526366430583e-06
Epoch: 47 cost time: 1.2361259460449219
Epoch: 47, Steps: 62 | Train Loss: 0.5098285 Vali Loss: 0.4776184 Test Loss: 0.3598162
EarlyStopping counter: 44 out of 100
Updating learning rate to 9.697737297875248e-07
Epoch: 48 cost time: 1.0341129302978516
Epoch: 48, Steps: 62 | Train Loss: 0.5124228 Vali Loss: 0.4735555 Test Loss: 0.3602405
EarlyStopping counter: 45 out of 100
Updating learning rate to 8.727963568087723e-07
Epoch: 49 cost time: 1.0513265132904053
Epoch: 49, Steps: 62 | Train Loss: 0.5110752 Vali Loss: 0.4722214 Test Loss: 0.3602591
EarlyStopping counter: 46 out of 100
Updating learning rate to 7.855167211278951e-07
Epoch: 50 cost time: 1.0361559391021729
Epoch: 50, Steps: 62 | Train Loss: 0.5117353 Vali Loss: 0.4729129 Test Loss: 0.3592027
EarlyStopping counter: 47 out of 100
Updating learning rate to 7.069650490151056e-07
Epoch: 51 cost time: 1.1945157051086426
Epoch: 51, Steps: 62 | Train Loss: 0.5101681 Vali Loss: 0.4718942 Test Loss: 0.3601612
EarlyStopping counter: 48 out of 100
Updating learning rate to 6.36268544113595e-07
Epoch: 52 cost time: 1.2329645156860352
Epoch: 52, Steps: 62 | Train Loss: 0.5108499 Vali Loss: 0.4733287 Test Loss: 0.3610510
EarlyStopping counter: 49 out of 100
Updating learning rate to 5.726416897022355e-07
Epoch: 53 cost time: 1.2398953437805176
Epoch: 53, Steps: 62 | Train Loss: 0.5114609 Vali Loss: 0.4739411 Test Loss: 0.3593796
EarlyStopping counter: 50 out of 100
Updating learning rate to 5.15377520732012e-07
Epoch: 54 cost time: 1.2330150604248047
Epoch: 54, Steps: 62 | Train Loss: 0.5106454 Vali Loss: 0.4733697 Test Loss: 0.3595448
EarlyStopping counter: 51 out of 100
Updating learning rate to 4.6383976865881085e-07
Epoch: 55 cost time: 1.229248046875
Epoch: 55, Steps: 62 | Train Loss: 0.5103515 Vali Loss: 0.4740528 Test Loss: 0.3601672
EarlyStopping counter: 52 out of 100
Updating learning rate to 4.174557917929298e-07
Epoch: 56 cost time: 1.1741313934326172
Epoch: 56, Steps: 62 | Train Loss: 0.5109198 Vali Loss: 0.4742705 Test Loss: 0.3598163
EarlyStopping counter: 53 out of 100
Updating learning rate to 3.7571021261363677e-07
Epoch: 57 cost time: 1.0392813682556152
Epoch: 57, Steps: 62 | Train Loss: 0.5118809 Vali Loss: 0.4744362 Test Loss: 0.3604206
EarlyStopping counter: 54 out of 100
Updating learning rate to 3.381391913522731e-07
Epoch: 58 cost time: 1.0313470363616943
Epoch: 58, Steps: 62 | Train Loss: 0.5115791 Vali Loss: 0.4719207 Test Loss: 0.3597637
EarlyStopping counter: 55 out of 100
Updating learning rate to 3.043252722170458e-07
Epoch: 59 cost time: 1.2100634574890137
Epoch: 59, Steps: 62 | Train Loss: 0.5092433 Vali Loss: 0.4719631 Test Loss: 0.3600308
EarlyStopping counter: 56 out of 100
Updating learning rate to 2.7389274499534124e-07
Epoch: 60 cost time: 1.2449874877929688
Epoch: 60, Steps: 62 | Train Loss: 0.5107274 Vali Loss: 0.4685324 Test Loss: 0.3589393
EarlyStopping counter: 57 out of 100
Updating learning rate to 2.465034704958071e-07
Epoch: 61 cost time: 1.1862876415252686
Epoch: 61, Steps: 62 | Train Loss: 0.5112616 Vali Loss: 0.4739031 Test Loss: 0.3613661
EarlyStopping counter: 58 out of 100
Updating learning rate to 2.218531234462264e-07
Epoch: 62 cost time: 1.0237517356872559
Epoch: 62, Steps: 62 | Train Loss: 0.5096527 Vali Loss: 0.4727869 Test Loss: 0.3597234
EarlyStopping counter: 59 out of 100
Updating learning rate to 1.9966781110160376e-07
Epoch: 63 cost time: 1.0148286819458008
Epoch: 63, Steps: 62 | Train Loss: 0.5105088 Vali Loss: 0.4716155 Test Loss: 0.3590820
EarlyStopping counter: 60 out of 100
Updating learning rate to 1.797010299914434e-07
Epoch: 64 cost time: 1.0137643814086914
Epoch: 64, Steps: 62 | Train Loss: 0.5111082 Vali Loss: 0.4729558 Test Loss: 0.3605455
EarlyStopping counter: 61 out of 100
Updating learning rate to 1.6173092699229907e-07
Epoch: 65 cost time: 1.0090293884277344
Epoch: 65, Steps: 62 | Train Loss: 0.5096192 Vali Loss: 0.4714138 Test Loss: 0.3600938
EarlyStopping counter: 62 out of 100
Updating learning rate to 1.4555783429306916e-07
Epoch: 66 cost time: 1.0198981761932373
Epoch: 66, Steps: 62 | Train Loss: 0.5099579 Vali Loss: 0.4740263 Test Loss: 0.3598335
EarlyStopping counter: 63 out of 100
Updating learning rate to 1.3100205086376224e-07
Epoch: 67 cost time: 1.178159236907959
Epoch: 67, Steps: 62 | Train Loss: 0.5105455 Vali Loss: 0.4724031 Test Loss: 0.3596459
EarlyStopping counter: 64 out of 100
Updating learning rate to 1.1790184577738603e-07
Epoch: 68 cost time: 1.1333744525909424
Epoch: 68, Steps: 62 | Train Loss: 0.5110074 Vali Loss: 0.4760676 Test Loss: 0.3598105
EarlyStopping counter: 65 out of 100
Updating learning rate to 1.0611166119964742e-07
Epoch: 69 cost time: 1.0220329761505127
Epoch: 69, Steps: 62 | Train Loss: 0.5084310 Vali Loss: 0.4742363 Test Loss: 0.3603193
EarlyStopping counter: 66 out of 100
Updating learning rate to 9.550049507968268e-08
Epoch: 70 cost time: 1.024346113204956
Epoch: 70, Steps: 62 | Train Loss: 0.5108201 Vali Loss: 0.4730751 Test Loss: 0.3607317
EarlyStopping counter: 67 out of 100
Updating learning rate to 8.595044557171442e-08
Epoch: 71 cost time: 1.0526540279388428
Epoch: 71, Steps: 62 | Train Loss: 0.5108644 Vali Loss: 0.4706081 Test Loss: 0.3589352
EarlyStopping counter: 68 out of 100
Updating learning rate to 7.735540101454298e-08
Epoch: 72 cost time: 1.2385532855987549
Epoch: 72, Steps: 62 | Train Loss: 0.5108135 Vali Loss: 0.4769872 Test Loss: 0.3611495
EarlyStopping counter: 69 out of 100
Updating learning rate to 6.961986091308869e-08
Epoch: 73 cost time: 1.2314367294311523
Epoch: 73, Steps: 62 | Train Loss: 0.5087475 Vali Loss: 0.4750886 Test Loss: 0.3606959
EarlyStopping counter: 70 out of 100
Updating learning rate to 6.265787482177981e-08
Epoch: 74 cost time: 1.2392902374267578
Epoch: 74, Steps: 62 | Train Loss: 0.5105777 Vali Loss: 0.4698885 Test Loss: 0.3598040
EarlyStopping counter: 71 out of 100
Updating learning rate to 5.639208733960184e-08
Epoch: 75 cost time: 1.238361120223999
Epoch: 75, Steps: 62 | Train Loss: 0.5114853 Vali Loss: 0.4747315 Test Loss: 0.3607071
EarlyStopping counter: 72 out of 100
Updating learning rate to 5.075287860564165e-08
Epoch: 76 cost time: 1.2527120113372803
Epoch: 76, Steps: 62 | Train Loss: 0.5106385 Vali Loss: 0.4746248 Test Loss: 0.3610117
EarlyStopping counter: 73 out of 100
Updating learning rate to 4.567759074507749e-08
Epoch: 77 cost time: 1.241243839263916
Epoch: 77, Steps: 62 | Train Loss: 0.5111426 Vali Loss: 0.4706626 Test Loss: 0.3603066
EarlyStopping counter: 74 out of 100
Updating learning rate to 4.1109831670569744e-08
Epoch: 78 cost time: 1.245450496673584
Epoch: 78, Steps: 62 | Train Loss: 0.5112413 Vali Loss: 0.4754890 Test Loss: 0.3600109
EarlyStopping counter: 75 out of 100
Updating learning rate to 3.6998848503512764e-08
Epoch: 79 cost time: 1.2173569202423096
Epoch: 79, Steps: 62 | Train Loss: 0.5110787 Vali Loss: 0.4726374 Test Loss: 0.3596145
EarlyStopping counter: 76 out of 100
Updating learning rate to 3.3298963653161496e-08
Epoch: 80 cost time: 1.224595069885254
Epoch: 80, Steps: 62 | Train Loss: 0.5104856 Vali Loss: 0.4742091 Test Loss: 0.3604050
EarlyStopping counter: 77 out of 100
Updating learning rate to 2.996906728784534e-08
Epoch: 81 cost time: 1.0294415950775146
Epoch: 81, Steps: 62 | Train Loss: 0.5103019 Vali Loss: 0.4710171 Test Loss: 0.3602545
EarlyStopping counter: 78 out of 100
Updating learning rate to 2.697216055906081e-08
Epoch: 82 cost time: 1.0243198871612549
Epoch: 82, Steps: 62 | Train Loss: 0.5106298 Vali Loss: 0.4733299 Test Loss: 0.3598418
EarlyStopping counter: 79 out of 100
Updating learning rate to 2.427494450315473e-08
Epoch: 83 cost time: 1.0319974422454834
Epoch: 83, Steps: 62 | Train Loss: 0.5108580 Vali Loss: 0.4765481 Test Loss: 0.3610322
EarlyStopping counter: 80 out of 100
Updating learning rate to 2.1847450052839257e-08
Epoch: 84 cost time: 1.1115877628326416
Epoch: 84, Steps: 62 | Train Loss: 0.5105983 Vali Loss: 0.4720442 Test Loss: 0.3594053
EarlyStopping counter: 81 out of 100
Updating learning rate to 1.9662705047555332e-08
Epoch: 85 cost time: 1.2353012561798096
Epoch: 85, Steps: 62 | Train Loss: 0.5098256 Vali Loss: 0.4730305 Test Loss: 0.3607559
EarlyStopping counter: 82 out of 100
Updating learning rate to 1.7696434542799797e-08
Epoch: 86 cost time: 1.2152738571166992
Epoch: 86, Steps: 62 | Train Loss: 0.5113950 Vali Loss: 0.4727754 Test Loss: 0.3599754
EarlyStopping counter: 83 out of 100
Updating learning rate to 1.5926791088519817e-08
Epoch: 87 cost time: 1.2362823486328125
Epoch: 87, Steps: 62 | Train Loss: 0.5108019 Vali Loss: 0.4755596 Test Loss: 0.3608884
EarlyStopping counter: 84 out of 100
Updating learning rate to 1.4334111979667836e-08
Epoch: 88 cost time: 1.2220041751861572
Epoch: 88, Steps: 62 | Train Loss: 0.5106960 Vali Loss: 0.4768163 Test Loss: 0.3610791
EarlyStopping counter: 85 out of 100
Updating learning rate to 1.2900700781701054e-08
Epoch: 89 cost time: 1.241429090499878
Epoch: 89, Steps: 62 | Train Loss: 0.5111852 Vali Loss: 0.4715000 Test Loss: 0.3603385
EarlyStopping counter: 86 out of 100
Updating learning rate to 1.161063070353095e-08
Epoch: 90 cost time: 1.100193977355957
Epoch: 90, Steps: 62 | Train Loss: 0.5112014 Vali Loss: 0.4727709 Test Loss: 0.3602269
EarlyStopping counter: 87 out of 100
Updating learning rate to 1.0449567633177854e-08
Epoch: 91 cost time: 1.0364460945129395
Epoch: 91, Steps: 62 | Train Loss: 0.5100952 Vali Loss: 0.4735456 Test Loss: 0.3607968
EarlyStopping counter: 88 out of 100
Updating learning rate to 9.404610869860069e-09
Epoch: 92 cost time: 1.0592052936553955
Epoch: 92, Steps: 62 | Train Loss: 0.5087400 Vali Loss: 0.4710802 Test Loss: 0.3602580
EarlyStopping counter: 89 out of 100
Updating learning rate to 8.464149782874063e-09
Epoch: 93 cost time: 1.2422230243682861
Epoch: 93, Steps: 62 | Train Loss: 0.5112328 Vali Loss: 0.4757961 Test Loss: 0.3606403
EarlyStopping counter: 90 out of 100
Updating learning rate to 7.617734804586658e-09
Epoch: 94 cost time: 1.239595651626587
Epoch: 94, Steps: 62 | Train Loss: 0.5107198 Vali Loss: 0.4733725 Test Loss: 0.3602671
EarlyStopping counter: 91 out of 100
Updating learning rate to 6.855961324127991e-09
Epoch: 95 cost time: 1.219792127609253
Epoch: 95, Steps: 62 | Train Loss: 0.5111736 Vali Loss: 0.4736049 Test Loss: 0.3606675
EarlyStopping counter: 92 out of 100
Updating learning rate to 6.170365191715193e-09
Epoch: 96 cost time: 1.2414278984069824
Epoch: 96, Steps: 62 | Train Loss: 0.5106220 Vali Loss: 0.4720925 Test Loss: 0.3599118
EarlyStopping counter: 93 out of 100
Updating learning rate to 5.5533286725436726e-09
Epoch: 97 cost time: 1.2366766929626465
Epoch: 97, Steps: 62 | Train Loss: 0.5102051 Vali Loss: 0.4764674 Test Loss: 0.3607540
EarlyStopping counter: 94 out of 100
Updating learning rate to 4.997995805289306e-09
Epoch: 98 cost time: 1.2312374114990234
Epoch: 98, Steps: 62 | Train Loss: 0.5113212 Vali Loss: 0.4715276 Test Loss: 0.3604347
EarlyStopping counter: 95 out of 100
Updating learning rate to 4.498196224760375e-09
Epoch: 99 cost time: 1.2345387935638428
Epoch: 99, Steps: 62 | Train Loss: 0.5101875 Vali Loss: 0.4727553 Test Loss: 0.3595605
EarlyStopping counter: 96 out of 100
Updating learning rate to 4.048376602284338e-09
Epoch: 100 cost time: 1.2321348190307617
Epoch: 100, Steps: 62 | Train Loss: 0.5116738 Vali Loss: 0.4728943 Test Loss: 0.3602835
EarlyStopping counter: 97 out of 100
Updating learning rate to 3.643538942055904e-09
>>>>>>>testing : NL_etth2_flatten_lr0.001_always_336_336_PatchTST_ETTh2_ftM_sl336_ll48_pl336_dm16_nh4_el3_dl1_df128_fc1_ebtimeF_dtTruelr0.001_pol_always_Nested_Learning_0<<<<<<<<<<<<<<<<<<<<<<<<<<<<<<<<<
test 2545
 Ejecutando Inferencia DINÁMICA (Nested Learning con flatten)
  -> Política: always | LR: 0.001 | Target: head

RESUMEN: El CMS se actualizó 19 veces de 19 posibles.

mse:0.3470287322998047, mae:0.39942580461502075, rse:0.47061964869499207
Args in experiment:
Namespace(random_seed=2021, is_training=1, model_id='NL_etth2_flatten_lr0.001_always_336_720', model='PatchTST', data='ETTh2', root_path='./dataset/', data_path='ETTh2.csv', features='M', target='OT', freq='h', checkpoints='./checkpoints/', seq_len=336, label_len=48, pred_len=720, head_type='flatten', cms_lr=0.001, update_policy='always', fc_dropout=0.3, head_dropout=0.0, patch_len=16, stride=8, padding_patch='end', revin=1, affine=0, subtract_last=0, decomposition=0, kernel_size=25, individual=1, embed_type=0, enc_in=7, dec_in=7, c_out=7, d_model=16, n_heads=4, e_layers=3, d_layers=1, d_ff=128, moving_avg=25, factor=1, distil=True, dropout=0.3, embed='timeF', activation='gelu', output_attention=False, do_predict=False, num_workers=0, itr=1, train_epochs=100, batch_size=128, patience=100, learning_rate=0.0001, des='Nested_Learning', loss='mse', lradj='type3', pct_start=0.3, use_amp=False, use_gpu=True, gpu=0, use_multi_gpu=False, devices='0,1,2,3', test_flop=False)
Use GPU: cuda:0
>>>>>>>start training : NL_etth2_flatten_lr0.001_always_336_720_PatchTST_ETTh2_ftM_sl336_ll48_pl720_dm16_nh4_el3_dl1_df128_fc1_ebtimeF_dtTruelr0.001_pol_always_Nested_Learning_0>>>>>>>>>>>>>>>>>>>>>>>>>>
train 7585
val 2161
test 2161
Epoch: 1 cost time: 1.4644863605499268
Epoch: 1, Steps: 59 | Train Loss: 0.9827596 Vali Loss: 0.7652764 Test Loss: 0.4372196
Validation loss decreased (inf --> 0.765276).  Saving model ...
Updating learning rate to 0.0001
Epoch: 2 cost time: 1.1143879890441895
Epoch: 2, Steps: 59 | Train Loss: 0.9162384 Vali Loss: 0.7092285 Test Loss: 0.4046133
Validation loss decreased (0.765276 --> 0.709228).  Saving model ...
Updating learning rate to 0.0001
Epoch: 3 cost time: 1.1395304203033447
Epoch: 3, Steps: 59 | Train Loss: 0.8374851 Vali Loss: 0.6888793 Test Loss: 0.4015467
Validation loss decreased (0.709228 --> 0.688879).  Saving model ...
Updating learning rate to 0.0001
Epoch: 4 cost time: 1.107767105102539
Epoch: 4, Steps: 59 | Train Loss: 0.7865840 Vali Loss: 0.7140908 Test Loss: 0.4184062
EarlyStopping counter: 1 out of 100
Updating learning rate to 9e-05
Epoch: 5 cost time: 1.074169397354126
Epoch: 5, Steps: 59 | Train Loss: 0.7603406 Vali Loss: 0.7237192 Test Loss: 0.4217855
EarlyStopping counter: 2 out of 100
Updating learning rate to 8.1e-05
Epoch: 6 cost time: 1.0649664402008057
Epoch: 6, Steps: 59 | Train Loss: 0.7481376 Vali Loss: 0.7297183 Test Loss: 0.4200774
EarlyStopping counter: 3 out of 100
Updating learning rate to 7.290000000000001e-05
Epoch: 7 cost time: 1.0706160068511963
Epoch: 7, Steps: 59 | Train Loss: 0.7392199 Vali Loss: 0.7155226 Test Loss: 0.4145106
EarlyStopping counter: 4 out of 100
Updating learning rate to 6.561e-05
Epoch: 8 cost time: 1.0533747673034668
Epoch: 8, Steps: 59 | Train Loss: 0.7304541 Vali Loss: 0.7233504 Test Loss: 0.4131304
EarlyStopping counter: 5 out of 100
Updating learning rate to 5.904900000000001e-05
Epoch: 9 cost time: 1.0758497714996338
Epoch: 9, Steps: 59 | Train Loss: 0.7248571 Vali Loss: 0.7182376 Test Loss: 0.4093298
EarlyStopping counter: 6 out of 100
Updating learning rate to 5.3144100000000005e-05
Epoch: 10 cost time: 1.0886180400848389
Epoch: 10, Steps: 59 | Train Loss: 0.7188865 Vali Loss: 0.7252691 Test Loss: 0.4076536
EarlyStopping counter: 7 out of 100
Updating learning rate to 4.782969000000001e-05
Epoch: 11 cost time: 1.0704970359802246
Epoch: 11, Steps: 59 | Train Loss: 0.7131684 Vali Loss: 0.7252638 Test Loss: 0.4063097
EarlyStopping counter: 8 out of 100
Updating learning rate to 4.304672100000001e-05
Epoch: 12 cost time: 1.0700328350067139
Epoch: 12, Steps: 59 | Train Loss: 0.7101526 Vali Loss: 0.7314540 Test Loss: 0.4047311
EarlyStopping counter: 9 out of 100
Updating learning rate to 3.874204890000001e-05
Epoch: 13 cost time: 1.065211296081543
Epoch: 13, Steps: 59 | Train Loss: 0.7083475 Vali Loss: 0.7295846 Test Loss: 0.4040082
EarlyStopping counter: 10 out of 100
Updating learning rate to 3.486784401000001e-05
Epoch: 14 cost time: 1.1051530838012695
Epoch: 14, Steps: 59 | Train Loss: 0.7028507 Vali Loss: 0.7357945 Test Loss: 0.4038760
EarlyStopping counter: 11 out of 100
Updating learning rate to 3.138105960900001e-05
Epoch: 15 cost time: 1.0643818378448486
Epoch: 15, Steps: 59 | Train Loss: 0.7012232 Vali Loss: 0.7401697 Test Loss: 0.4016581
EarlyStopping counter: 12 out of 100
Updating learning rate to 2.824295364810001e-05
Epoch: 16 cost time: 1.0627071857452393
Epoch: 16, Steps: 59 | Train Loss: 0.7008965 Vali Loss: 0.7401761 Test Loss: 0.4019163
EarlyStopping counter: 13 out of 100
Updating learning rate to 2.541865828329001e-05
Epoch: 17 cost time: 1.0882725715637207
Epoch: 17, Steps: 59 | Train Loss: 0.6968241 Vali Loss: 0.7467180 Test Loss: 0.4032947
EarlyStopping counter: 14 out of 100
Updating learning rate to 2.287679245496101e-05
Epoch: 18 cost time: 1.0734097957611084
Epoch: 18, Steps: 59 | Train Loss: 0.6954134 Vali Loss: 0.7459358 Test Loss: 0.4022813
EarlyStopping counter: 15 out of 100
Updating learning rate to 2.0589113209464907e-05
Epoch: 19 cost time: 1.080822467803955
Epoch: 19, Steps: 59 | Train Loss: 0.6953683 Vali Loss: 0.7485861 Test Loss: 0.4035980
EarlyStopping counter: 16 out of 100
Updating learning rate to 1.8530201888518416e-05
Epoch: 20 cost time: 1.0699639320373535
Epoch: 20, Steps: 59 | Train Loss: 0.6936651 Vali Loss: 0.7479253 Test Loss: 0.4023195
EarlyStopping counter: 17 out of 100
Updating learning rate to 1.6677181699666577e-05
Epoch: 21 cost time: 1.0958523750305176
Epoch: 21, Steps: 59 | Train Loss: 0.6923453 Vali Loss: 0.7442757 Test Loss: 0.4025522
EarlyStopping counter: 18 out of 100
Updating learning rate to 1.5009463529699919e-05
Epoch: 22 cost time: 1.0964131355285645
Epoch: 22, Steps: 59 | Train Loss: 0.6918946 Vali Loss: 0.7507859 Test Loss: 0.4018620
EarlyStopping counter: 19 out of 100
Updating learning rate to 1.3508517176729929e-05
Epoch: 23 cost time: 1.0625345706939697
Epoch: 23, Steps: 59 | Train Loss: 0.6917774 Vali Loss: 0.7502293 Test Loss: 0.4012839
EarlyStopping counter: 20 out of 100
Updating learning rate to 1.2157665459056936e-05
Epoch: 24 cost time: 1.0639288425445557
Epoch: 24, Steps: 59 | Train Loss: 0.6902759 Vali Loss: 0.7504904 Test Loss: 0.4027611
EarlyStopping counter: 21 out of 100
Updating learning rate to 1.0941898913151242e-05
Epoch: 25 cost time: 1.0761513710021973
Epoch: 25, Steps: 59 | Train Loss: 0.6900360 Vali Loss: 0.7522912 Test Loss: 0.4016270
EarlyStopping counter: 22 out of 100
Updating learning rate to 9.847709021836118e-06
Epoch: 26 cost time: 1.059291124343872
Epoch: 26, Steps: 59 | Train Loss: 0.6893273 Vali Loss: 0.7557707 Test Loss: 0.4026178
EarlyStopping counter: 23 out of 100
Updating learning rate to 8.862938119652508e-06
Epoch: 27 cost time: 1.0855281352996826
Epoch: 27, Steps: 59 | Train Loss: 0.6889775 Vali Loss: 0.7567663 Test Loss: 0.4027054
EarlyStopping counter: 24 out of 100
Updating learning rate to 7.976644307687255e-06
Epoch: 28 cost time: 1.0514028072357178
Epoch: 28, Steps: 59 | Train Loss: 0.6887200 Vali Loss: 0.7552837 Test Loss: 0.4027923
EarlyStopping counter: 25 out of 100
Updating learning rate to 7.178979876918531e-06
Epoch: 29 cost time: 1.1082627773284912
Epoch: 29, Steps: 59 | Train Loss: 0.6882463 Vali Loss: 0.7517037 Test Loss: 0.4020355
EarlyStopping counter: 26 out of 100
Updating learning rate to 6.4610818892266776e-06
Epoch: 30 cost time: 1.0437660217285156
Epoch: 30, Steps: 59 | Train Loss: 0.6874657 Vali Loss: 0.7557122 Test Loss: 0.4035871
EarlyStopping counter: 27 out of 100
Updating learning rate to 5.8149737003040096e-06
Epoch: 31 cost time: 1.0489590167999268
Epoch: 31, Steps: 59 | Train Loss: 0.6864480 Vali Loss: 0.7556289 Test Loss: 0.4031444
EarlyStopping counter: 28 out of 100
Updating learning rate to 5.23347633027361e-06
Epoch: 32 cost time: 1.0825026035308838
Epoch: 32, Steps: 59 | Train Loss: 0.6875649 Vali Loss: 0.7556732 Test Loss: 0.4019104
EarlyStopping counter: 29 out of 100
Updating learning rate to 4.710128697246249e-06
Epoch: 33 cost time: 1.0556426048278809
Epoch: 33, Steps: 59 | Train Loss: 0.6874051 Vali Loss: 0.7565163 Test Loss: 0.4025476
EarlyStopping counter: 30 out of 100
Updating learning rate to 4.239115827521624e-06
Epoch: 34 cost time: 1.061643123626709
Epoch: 34, Steps: 59 | Train Loss: 0.6862621 Vali Loss: 0.7563872 Test Loss: 0.4033530
EarlyStopping counter: 31 out of 100
Updating learning rate to 3.815204244769462e-06
Epoch: 35 cost time: 1.0782740116119385
Epoch: 35, Steps: 59 | Train Loss: 0.6871376 Vali Loss: 0.7593555 Test Loss: 0.4032488
EarlyStopping counter: 32 out of 100
Updating learning rate to 3.4336838202925152e-06
Epoch: 36 cost time: 1.1103370189666748
Epoch: 36, Steps: 59 | Train Loss: 0.6869573 Vali Loss: 0.7519716 Test Loss: 0.4013994
EarlyStopping counter: 33 out of 100
Updating learning rate to 3.090315438263264e-06
Epoch: 37 cost time: 1.0694725513458252
Epoch: 37, Steps: 59 | Train Loss: 0.6870801 Vali Loss: 0.7570720 Test Loss: 0.4026176
EarlyStopping counter: 34 out of 100
Updating learning rate to 2.7812838944369375e-06
Epoch: 38 cost time: 1.0806584358215332
Epoch: 38, Steps: 59 | Train Loss: 0.6877195 Vali Loss: 0.7592776 Test Loss: 0.4028532
EarlyStopping counter: 35 out of 100
Updating learning rate to 2.503155504993244e-06
Epoch: 39 cost time: 1.0825316905975342
Epoch: 39, Steps: 59 | Train Loss: 0.6860625 Vali Loss: 0.7568277 Test Loss: 0.4032402
EarlyStopping counter: 36 out of 100
Updating learning rate to 2.2528399544939195e-06
Epoch: 40 cost time: 1.0744068622589111
Epoch: 40, Steps: 59 | Train Loss: 0.6861120 Vali Loss: 0.7557805 Test Loss: 0.4026856
EarlyStopping counter: 37 out of 100
Updating learning rate to 2.0275559590445276e-06
Epoch: 41 cost time: 1.0965826511383057
Epoch: 41, Steps: 59 | Train Loss: 0.6864116 Vali Loss: 0.7548559 Test Loss: 0.4029196
EarlyStopping counter: 38 out of 100
Updating learning rate to 1.8248003631400751e-06
Epoch: 42 cost time: 1.118152141571045
Epoch: 42, Steps: 59 | Train Loss: 0.6856270 Vali Loss: 0.7536929 Test Loss: 0.4033692
EarlyStopping counter: 39 out of 100
Updating learning rate to 1.6423203268260676e-06
Epoch: 43 cost time: 1.0684340000152588
Epoch: 43, Steps: 59 | Train Loss: 0.6854617 Vali Loss: 0.7583847 Test Loss: 0.4029644
EarlyStopping counter: 40 out of 100
Updating learning rate to 1.4780882941434609e-06
Epoch: 44 cost time: 1.080949068069458
Epoch: 44, Steps: 59 | Train Loss: 0.6860749 Vali Loss: 0.7543228 Test Loss: 0.4022262
EarlyStopping counter: 41 out of 100
Updating learning rate to 1.3302794647291146e-06
Epoch: 45 cost time: 1.0818274021148682
Epoch: 45, Steps: 59 | Train Loss: 0.6849735 Vali Loss: 0.7531743 Test Loss: 0.4020830
EarlyStopping counter: 42 out of 100
Updating learning rate to 1.1972515182562034e-06
Epoch: 46 cost time: 1.0619621276855469
Epoch: 46, Steps: 59 | Train Loss: 0.6863341 Vali Loss: 0.7566074 Test Loss: 0.4026145
EarlyStopping counter: 43 out of 100
Updating learning rate to 1.077526366430583e-06
Epoch: 47 cost time: 1.0718209743499756
Epoch: 47, Steps: 59 | Train Loss: 0.6843760 Vali Loss: 0.7509362 Test Loss: 0.4015508
EarlyStopping counter: 44 out of 100
Updating learning rate to 9.697737297875248e-07
Epoch: 48 cost time: 1.0534906387329102
Epoch: 48, Steps: 59 | Train Loss: 0.6846244 Vali Loss: 0.7558235 Test Loss: 0.4026253
EarlyStopping counter: 45 out of 100
Updating learning rate to 8.727963568087723e-07
Epoch: 49 cost time: 1.0776002407073975
Epoch: 49, Steps: 59 | Train Loss: 0.6841757 Vali Loss: 0.7597721 Test Loss: 0.4029213
EarlyStopping counter: 46 out of 100
Updating learning rate to 7.855167211278951e-07
Epoch: 50 cost time: 1.0678236484527588
Epoch: 50, Steps: 59 | Train Loss: 0.6861548 Vali Loss: 0.7548666 Test Loss: 0.4019731
EarlyStopping counter: 47 out of 100
Updating learning rate to 7.069650490151056e-07
Epoch: 51 cost time: 1.1260836124420166
Epoch: 51, Steps: 59 | Train Loss: 0.6855061 Vali Loss: 0.7594709 Test Loss: 0.4028486
EarlyStopping counter: 48 out of 100
Updating learning rate to 6.36268544113595e-07
Epoch: 52 cost time: 1.0655107498168945
Epoch: 52, Steps: 59 | Train Loss: 0.6859439 Vali Loss: 0.7571408 Test Loss: 0.4014767
EarlyStopping counter: 49 out of 100
Updating learning rate to 5.726416897022355e-07
Epoch: 53 cost time: 1.0635552406311035
Epoch: 53, Steps: 59 | Train Loss: 0.6849897 Vali Loss: 0.7593248 Test Loss: 0.4023741
EarlyStopping counter: 50 out of 100
Updating learning rate to 5.15377520732012e-07
Epoch: 54 cost time: 1.0660340785980225
Epoch: 54, Steps: 59 | Train Loss: 0.6855576 Vali Loss: 0.7549878 Test Loss: 0.4023749
EarlyStopping counter: 51 out of 100
Updating learning rate to 4.6383976865881085e-07
Epoch: 55 cost time: 1.075364589691162
Epoch: 55, Steps: 59 | Train Loss: 0.6848066 Vali Loss: 0.7552865 Test Loss: 0.4020816
EarlyStopping counter: 52 out of 100
Updating learning rate to 4.174557917929298e-07
Epoch: 56 cost time: 1.0673887729644775
Epoch: 56, Steps: 59 | Train Loss: 0.6844394 Vali Loss: 0.7576280 Test Loss: 0.4026241
EarlyStopping counter: 53 out of 100
Updating learning rate to 3.7571021261363677e-07
Epoch: 57 cost time: 1.0619630813598633
Epoch: 57, Steps: 59 | Train Loss: 0.6855475 Vali Loss: 0.7550913 Test Loss: 0.4028499
EarlyStopping counter: 54 out of 100
Updating learning rate to 3.381391913522731e-07
Epoch: 58 cost time: 1.068512201309204
Epoch: 58, Steps: 59 | Train Loss: 0.6863562 Vali Loss: 0.7590796 Test Loss: 0.4029592
EarlyStopping counter: 55 out of 100
Updating learning rate to 3.043252722170458e-07
Epoch: 59 cost time: 1.0604002475738525
Epoch: 59, Steps: 59 | Train Loss: 0.6849251 Vali Loss: 0.7616699 Test Loss: 0.4037006
EarlyStopping counter: 56 out of 100
Updating learning rate to 2.7389274499534124e-07
Epoch: 60 cost time: 1.070457935333252
Epoch: 60, Steps: 59 | Train Loss: 0.6857908 Vali Loss: 0.7558243 Test Loss: 0.4019439
EarlyStopping counter: 57 out of 100
Updating learning rate to 2.465034704958071e-07
Epoch: 61 cost time: 1.065460443496704
Epoch: 61, Steps: 59 | Train Loss: 0.6862255 Vali Loss: 0.7575203 Test Loss: 0.4033953
EarlyStopping counter: 58 out of 100
Updating learning rate to 2.218531234462264e-07
Epoch: 62 cost time: 1.06787109375
Epoch: 62, Steps: 59 | Train Loss: 0.6852090 Vali Loss: 0.7573863 Test Loss: 0.4023098
EarlyStopping counter: 59 out of 100
Updating learning rate to 1.9966781110160376e-07
Epoch: 63 cost time: 1.066382646560669
Epoch: 63, Steps: 59 | Train Loss: 0.6858024 Vali Loss: 0.7561804 Test Loss: 0.4029071
EarlyStopping counter: 60 out of 100
Updating learning rate to 1.797010299914434e-07
Epoch: 64 cost time: 1.0616846084594727
Epoch: 64, Steps: 59 | Train Loss: 0.6849861 Vali Loss: 0.7568598 Test Loss: 0.4030948
EarlyStopping counter: 61 out of 100
Updating learning rate to 1.6173092699229907e-07
Epoch: 65 cost time: 1.062056541442871
Epoch: 65, Steps: 59 | Train Loss: 0.6839166 Vali Loss: 0.7575605 Test Loss: 0.4031515
EarlyStopping counter: 62 out of 100
Updating learning rate to 1.4555783429306916e-07
Epoch: 66 cost time: 1.0568556785583496
Epoch: 66, Steps: 59 | Train Loss: 0.6835040 Vali Loss: 0.7561464 Test Loss: 0.4026782
EarlyStopping counter: 63 out of 100
Updating learning rate to 1.3100205086376224e-07
Epoch: 67 cost time: 1.0458457469940186
Epoch: 67, Steps: 59 | Train Loss: 0.6852767 Vali Loss: 0.7561328 Test Loss: 0.4018867
EarlyStopping counter: 64 out of 100
Updating learning rate to 1.1790184577738603e-07
Epoch: 68 cost time: 1.0327274799346924
Epoch: 68, Steps: 59 | Train Loss: 0.6848925 Vali Loss: 0.7606966 Test Loss: 0.4037529
EarlyStopping counter: 65 out of 100
Updating learning rate to 1.0611166119964742e-07
Epoch: 69 cost time: 1.035158395767212
Epoch: 69, Steps: 59 | Train Loss: 0.6842954 Vali Loss: 0.7589507 Test Loss: 0.4025053
EarlyStopping counter: 66 out of 100
Updating learning rate to 9.550049507968268e-08
Epoch: 70 cost time: 1.033130168914795
Epoch: 70, Steps: 59 | Train Loss: 0.6842885 Vali Loss: 0.7576225 Test Loss: 0.4018440
EarlyStopping counter: 67 out of 100
Updating learning rate to 8.595044557171442e-08
Epoch: 71 cost time: 1.0451829433441162
Epoch: 71, Steps: 59 | Train Loss: 0.6856221 Vali Loss: 0.7592871 Test Loss: 0.4033196
EarlyStopping counter: 68 out of 100
Updating learning rate to 7.735540101454298e-08
Epoch: 72 cost time: 1.0366551876068115
Epoch: 72, Steps: 59 | Train Loss: 0.6844138 Vali Loss: 0.7589396 Test Loss: 0.4030903
EarlyStopping counter: 69 out of 100
Updating learning rate to 6.961986091308869e-08
Epoch: 73 cost time: 1.031926155090332
Epoch: 73, Steps: 59 | Train Loss: 0.6861665 Vali Loss: 0.7565939 Test Loss: 0.4023236
EarlyStopping counter: 70 out of 100
Updating learning rate to 6.265787482177981e-08
Epoch: 74 cost time: 1.040008306503296
Epoch: 74, Steps: 59 | Train Loss: 0.6838894 Vali Loss: 0.7560310 Test Loss: 0.4033474
EarlyStopping counter: 71 out of 100
Updating learning rate to 5.639208733960184e-08
Epoch: 75 cost time: 1.0255115032196045
Epoch: 75, Steps: 59 | Train Loss: 0.6827134 Vali Loss: 0.7596300 Test Loss: 0.4025728
EarlyStopping counter: 72 out of 100
Updating learning rate to 5.075287860564165e-08
Epoch: 76 cost time: 1.1469790935516357
Epoch: 76, Steps: 59 | Train Loss: 0.6842321 Vali Loss: 0.7559828 Test Loss: 0.4021524
EarlyStopping counter: 73 out of 100
Updating learning rate to 4.567759074507749e-08
Epoch: 77 cost time: 1.0876848697662354
Epoch: 77, Steps: 59 | Train Loss: 0.6853498 Vali Loss: 0.7548966 Test Loss: 0.4018689
EarlyStopping counter: 74 out of 100
Updating learning rate to 4.1109831670569744e-08
Epoch: 78 cost time: 1.067014455795288
Epoch: 78, Steps: 59 | Train Loss: 0.6855587 Vali Loss: 0.7560714 Test Loss: 0.4030669
EarlyStopping counter: 75 out of 100
Updating learning rate to 3.6998848503512764e-08
Epoch: 79 cost time: 1.065044641494751
Epoch: 79, Steps: 59 | Train Loss: 0.6863510 Vali Loss: 0.7563008 Test Loss: 0.4022967
EarlyStopping counter: 76 out of 100
Updating learning rate to 3.3298963653161496e-08
Epoch: 80 cost time: 1.0669536590576172
Epoch: 80, Steps: 59 | Train Loss: 0.6852157 Vali Loss: 0.7577490 Test Loss: 0.4028943
EarlyStopping counter: 77 out of 100
Updating learning rate to 2.996906728784534e-08
Epoch: 81 cost time: 1.0685746669769287
Epoch: 81, Steps: 59 | Train Loss: 0.6854412 Vali Loss: 0.7600348 Test Loss: 0.4034073
EarlyStopping counter: 78 out of 100
Updating learning rate to 2.697216055906081e-08
Epoch: 82 cost time: 1.0700435638427734
Epoch: 82, Steps: 59 | Train Loss: 0.6846346 Vali Loss: 0.7544357 Test Loss: 0.4024100
EarlyStopping counter: 79 out of 100
Updating learning rate to 2.427494450315473e-08
Epoch: 83 cost time: 1.071387767791748
Epoch: 83, Steps: 59 | Train Loss: 0.6853698 Vali Loss: 0.7558784 Test Loss: 0.4022936
EarlyStopping counter: 80 out of 100
Updating learning rate to 2.1847450052839257e-08
Epoch: 84 cost time: 1.0699257850646973
Epoch: 84, Steps: 59 | Train Loss: 0.6841849 Vali Loss: 0.7565113 Test Loss: 0.4022676
EarlyStopping counter: 81 out of 100
Updating learning rate to 1.9662705047555332e-08
Epoch: 85 cost time: 1.0686612129211426
Epoch: 85, Steps: 59 | Train Loss: 0.6837294 Vali Loss: 0.7583481 Test Loss: 0.4024747
EarlyStopping counter: 82 out of 100
Updating learning rate to 1.7696434542799797e-08
Epoch: 86 cost time: 1.0747325420379639
Epoch: 86, Steps: 59 | Train Loss: 0.6861741 Vali Loss: 0.7567230 Test Loss: 0.4026028
EarlyStopping counter: 83 out of 100
Updating learning rate to 1.5926791088519817e-08
Epoch: 87 cost time: 1.0694191455841064
Epoch: 87, Steps: 59 | Train Loss: 0.6861208 Vali Loss: 0.7539730 Test Loss: 0.4018037
EarlyStopping counter: 84 out of 100
Updating learning rate to 1.4334111979667836e-08
Epoch: 88 cost time: 1.0660309791564941
Epoch: 88, Steps: 59 | Train Loss: 0.6855029 Vali Loss: 0.7592326 Test Loss: 0.4031556
EarlyStopping counter: 85 out of 100
Updating learning rate to 1.2900700781701054e-08
Epoch: 89 cost time: 1.0641419887542725
Epoch: 89, Steps: 59 | Train Loss: 0.6842511 Vali Loss: 0.7559804 Test Loss: 0.4032832
EarlyStopping counter: 86 out of 100
Updating learning rate to 1.161063070353095e-08
Epoch: 90 cost time: 1.0764880180358887
Epoch: 90, Steps: 59 | Train Loss: 0.6856893 Vali Loss: 0.7568332 Test Loss: 0.4031150
EarlyStopping counter: 87 out of 100
Updating learning rate to 1.0449567633177854e-08
Epoch: 91 cost time: 1.0721032619476318
Epoch: 91, Steps: 59 | Train Loss: 0.6853389 Vali Loss: 0.7532305 Test Loss: 0.4020804
EarlyStopping counter: 88 out of 100
Updating learning rate to 9.404610869860069e-09
Epoch: 92 cost time: 1.0761711597442627
Epoch: 92, Steps: 59 | Train Loss: 0.6844786 Vali Loss: 0.7528652 Test Loss: 0.4029163
EarlyStopping counter: 89 out of 100
Updating learning rate to 8.464149782874063e-09
Epoch: 93 cost time: 1.0738554000854492
Epoch: 93, Steps: 59 | Train Loss: 0.6853530 Vali Loss: 0.7572759 Test Loss: 0.4035655
EarlyStopping counter: 90 out of 100
Updating learning rate to 7.617734804586658e-09
Epoch: 94 cost time: 1.0700902938842773
Epoch: 94, Steps: 59 | Train Loss: 0.6863675 Vali Loss: 0.7598717 Test Loss: 0.4040533
EarlyStopping counter: 91 out of 100
Updating learning rate to 6.855961324127991e-09
Epoch: 95 cost time: 1.0739197731018066
Epoch: 95, Steps: 59 | Train Loss: 0.6846673 Vali Loss: 0.7583737 Test Loss: 0.4013977
EarlyStopping counter: 92 out of 100
Updating learning rate to 6.170365191715193e-09
Epoch: 96 cost time: 1.0673465728759766
Epoch: 96, Steps: 59 | Train Loss: 0.6849797 Vali Loss: 0.7548515 Test Loss: 0.4011459
EarlyStopping counter: 93 out of 100
Updating learning rate to 5.5533286725436726e-09
Epoch: 97 cost time: 1.069101095199585
Epoch: 97, Steps: 59 | Train Loss: 0.6824376 Vali Loss: 0.7570373 Test Loss: 0.4025947
EarlyStopping counter: 94 out of 100
Updating learning rate to 4.997995805289306e-09
Epoch: 98 cost time: 1.0680487155914307
Epoch: 98, Steps: 59 | Train Loss: 0.6851642 Vali Loss: 0.7567434 Test Loss: 0.4026708
EarlyStopping counter: 95 out of 100
Updating learning rate to 4.498196224760375e-09
Epoch: 99 cost time: 1.0708441734313965
Epoch: 99, Steps: 59 | Train Loss: 0.6844226 Vali Loss: 0.7584473 Test Loss: 0.4028903
EarlyStopping counter: 96 out of 100
Updating learning rate to 4.048376602284338e-09
Epoch: 100 cost time: 1.0670578479766846
Epoch: 100, Steps: 59 | Train Loss: 0.6856265 Vali Loss: 0.7587969 Test Loss: 0.4024171
EarlyStopping counter: 97 out of 100
Updating learning rate to 3.643538942055904e-09
>>>>>>>testing : NL_etth2_flatten_lr0.001_always_336_720_PatchTST_ETTh2_ftM_sl336_ll48_pl720_dm16_nh4_el3_dl1_df128_fc1_ebtimeF_dtTruelr0.001_pol_always_Nested_Learning_0<<<<<<<<<<<<<<<<<<<<<<<<<<<<<<<<<
test 2161
 Ejecutando Inferencia DINÁMICA (Nested Learning con flatten)
  -> Política: always | LR: 0.001 | Target: head

RESUMEN: El CMS se actualizó 16 veces de 16 posibles.

mse:0.3830661177635193, mae:0.4238183796405792, rse:0.49620822072029114
