==========================================================
SÚPER ARRAY TFG - TAREA ID: 6 / 113
Nodo: dionisio
Dataset: etth1 | Experimento: NL_etth1_cms_lr0.0001_always
Cabeza: cms | LR: 0.0001 | Política: always
==========================================================
Args in experiment:
Namespace(random_seed=2021, is_training=1, model_id='NL_etth1_cms_lr0.0001_always_336_96', model='PatchTST', data='ETTh1', root_path='./dataset/', data_path='ETTh1.csv', features='M', target='OT', freq='h', checkpoints='./checkpoints/', seq_len=336, label_len=48, pred_len=96, head_type='cms', cms_lr=0.0001, update_policy='always', fc_dropout=0.3, head_dropout=0.0, patch_len=16, stride=8, padding_patch='end', revin=1, affine=0, subtract_last=0, decomposition=0, kernel_size=25, individual=0, embed_type=0, enc_in=7, dec_in=7, c_out=7, d_model=16, n_heads=4, e_layers=3, d_layers=1, d_ff=128, moving_avg=25, factor=1, distil=True, dropout=0.3, embed='timeF', activation='gelu', output_attention=False, do_predict=False, num_workers=0, itr=1, train_epochs=100, batch_size=128, patience=100, learning_rate=0.0001, des='Nested_Learning', loss='mse', lradj='type3', pct_start=0.3, use_amp=False, use_gpu=True, gpu=0, use_multi_gpu=False, devices='0,1,2,3', test_flop=False)
Use GPU: cuda:0
>>>>>>>start training : NL_etth1_cms_lr0.0001_always_336_96_PatchTST_ETTh1_ftM_sl336_ll48_pl96_dm16_nh4_el3_dl1_df128_fc1_ebtimeF_dtTruelr0.0001_polalways_Nested_Learning_0>>>>>>>>>>>>>>>>>>>>>>>>>>
train 8209
val 2785
test 2785
Epoch: 1 cost time: 3.3764796257019043
Epoch: 1, Steps: 64 | Train Loss: 0.7541945 Vali Loss: 1.4581354 Test Loss: 0.8103374
Validation loss decreased (inf --> 1.458135).  Saving model ...
Updating learning rate to 0.0001
Epoch: 2 cost time: 0.8883204460144043
Epoch: 2, Steps: 64 | Train Loss: 0.5666643 Vali Loss: 0.8502465 Test Loss: 0.4606889
Validation loss decreased (1.458135 --> 0.850247).  Saving model ...
Updating learning rate to 0.0001
Epoch: 3 cost time: 0.8903453350067139
Epoch: 3, Steps: 64 | Train Loss: 0.4515897 Vali Loss: 0.7401161 Test Loss: 0.4215743
Validation loss decreased (0.850247 --> 0.740116).  Saving model ...
Updating learning rate to 0.0001
Epoch: 4 cost time: 0.8977513313293457
Epoch: 4, Steps: 64 | Train Loss: 0.4139671 Vali Loss: 0.7073584 Test Loss: 0.4058431
Validation loss decreased (0.740116 --> 0.707358).  Saving model ...
Updating learning rate to 9e-05
Epoch: 5 cost time: 0.8799057006835938
Epoch: 5, Steps: 64 | Train Loss: 0.3946752 Vali Loss: 0.6964331 Test Loss: 0.3967693
Validation loss decreased (0.707358 --> 0.696433).  Saving model ...
Updating learning rate to 8.1e-05
Epoch: 6 cost time: 0.8721897602081299
Epoch: 6, Steps: 64 | Train Loss: 0.3842023 Vali Loss: 0.6941329 Test Loss: 0.3911255
Validation loss decreased (0.696433 --> 0.694133).  Saving model ...
Updating learning rate to 7.290000000000001e-05
Epoch: 7 cost time: 0.8839213848114014
Epoch: 7, Steps: 64 | Train Loss: 0.3778592 Vali Loss: 0.6864175 Test Loss: 0.3872111
Validation loss decreased (0.694133 --> 0.686418).  Saving model ...
Updating learning rate to 6.561e-05
Epoch: 8 cost time: 0.8906097412109375
Epoch: 8, Steps: 64 | Train Loss: 0.3733000 Vali Loss: 0.6914423 Test Loss: 0.3850850
EarlyStopping counter: 1 out of 100
Updating learning rate to 5.904900000000001e-05
Epoch: 9 cost time: 0.8373267650604248
Epoch: 9, Steps: 64 | Train Loss: 0.3701761 Vali Loss: 0.6881074 Test Loss: 0.3830599
EarlyStopping counter: 2 out of 100
Updating learning rate to 5.3144100000000005e-05
Epoch: 10 cost time: 0.8366231918334961
Epoch: 10, Steps: 64 | Train Loss: 0.3678775 Vali Loss: 0.6841888 Test Loss: 0.3816825
Validation loss decreased (0.686418 --> 0.684189).  Saving model ...
Updating learning rate to 4.782969000000001e-05
Epoch: 11 cost time: 0.8438606262207031
Epoch: 11, Steps: 64 | Train Loss: 0.3654181 Vali Loss: 0.6882665 Test Loss: 0.3806272
EarlyStopping counter: 1 out of 100
Updating learning rate to 4.304672100000001e-05
Epoch: 12 cost time: 0.8506081104278564
Epoch: 12, Steps: 64 | Train Loss: 0.3638012 Vali Loss: 0.6861978 Test Loss: 0.3797880
EarlyStopping counter: 2 out of 100
Updating learning rate to 3.874204890000001e-05
Epoch: 13 cost time: 0.8556051254272461
Epoch: 13, Steps: 64 | Train Loss: 0.3621395 Vali Loss: 0.6782874 Test Loss: 0.3791306
Validation loss decreased (0.684189 --> 0.678287).  Saving model ...
Updating learning rate to 3.486784401000001e-05
Epoch: 14 cost time: 0.8734598159790039
Epoch: 14, Steps: 64 | Train Loss: 0.3610036 Vali Loss: 0.6795785 Test Loss: 0.3784376
EarlyStopping counter: 1 out of 100
Updating learning rate to 3.138105960900001e-05
Epoch: 15 cost time: 0.8480432033538818
Epoch: 15, Steps: 64 | Train Loss: 0.3594995 Vali Loss: 0.6802016 Test Loss: 0.3779285
EarlyStopping counter: 2 out of 100
Updating learning rate to 2.824295364810001e-05
Epoch: 16 cost time: 0.8374786376953125
Epoch: 16, Steps: 64 | Train Loss: 0.3585230 Vali Loss: 0.6840249 Test Loss: 0.3776821
EarlyStopping counter: 3 out of 100
Updating learning rate to 2.541865828329001e-05
Epoch: 17 cost time: 0.8260316848754883
Epoch: 17, Steps: 64 | Train Loss: 0.3584104 Vali Loss: 0.6821986 Test Loss: 0.3771950
EarlyStopping counter: 4 out of 100
Updating learning rate to 2.287679245496101e-05
Epoch: 18 cost time: 0.8426899909973145
Epoch: 18, Steps: 64 | Train Loss: 0.3575960 Vali Loss: 0.6839823 Test Loss: 0.3771064
EarlyStopping counter: 5 out of 100
Updating learning rate to 2.0589113209464907e-05
Epoch: 19 cost time: 0.8331098556518555
Epoch: 19, Steps: 64 | Train Loss: 0.3568505 Vali Loss: 0.6780684 Test Loss: 0.3767241
Validation loss decreased (0.678287 --> 0.678068).  Saving model ...
Updating learning rate to 1.8530201888518416e-05
Epoch: 20 cost time: 0.903331995010376
Epoch: 20, Steps: 64 | Train Loss: 0.3563336 Vali Loss: 0.6773785 Test Loss: 0.3766828
Validation loss decreased (0.678068 --> 0.677379).  Saving model ...
Updating learning rate to 1.6677181699666577e-05
Epoch: 21 cost time: 0.8355562686920166
Epoch: 21, Steps: 64 | Train Loss: 0.3552251 Vali Loss: 0.6781994 Test Loss: 0.3765944
EarlyStopping counter: 1 out of 100
Updating learning rate to 1.5009463529699919e-05
Epoch: 22 cost time: 0.831526517868042
Epoch: 22, Steps: 64 | Train Loss: 0.3552640 Vali Loss: 0.6792456 Test Loss: 0.3764141
EarlyStopping counter: 2 out of 100
Updating learning rate to 1.3508517176729929e-05
Epoch: 23 cost time: 0.8483219146728516
Epoch: 23, Steps: 64 | Train Loss: 0.3542976 Vali Loss: 0.6786863 Test Loss: 0.3762597
EarlyStopping counter: 3 out of 100
Updating learning rate to 1.2157665459056936e-05
Epoch: 24 cost time: 0.8450524806976318
Epoch: 24, Steps: 64 | Train Loss: 0.3542542 Vali Loss: 0.6781570 Test Loss: 0.3762023
EarlyStopping counter: 4 out of 100
Updating learning rate to 1.0941898913151242e-05
Epoch: 25 cost time: 0.8478355407714844
Epoch: 25, Steps: 64 | Train Loss: 0.3541723 Vali Loss: 0.6763547 Test Loss: 0.3761150
Validation loss decreased (0.677379 --> 0.676355).  Saving model ...
Updating learning rate to 9.847709021836118e-06
Epoch: 26 cost time: 0.8623054027557373
Epoch: 26, Steps: 64 | Train Loss: 0.3540174 Vali Loss: 0.6813613 Test Loss: 0.3759177
EarlyStopping counter: 1 out of 100
Updating learning rate to 8.862938119652508e-06
Epoch: 27 cost time: 0.8386633396148682
Epoch: 27, Steps: 64 | Train Loss: 0.3534775 Vali Loss: 0.6809272 Test Loss: 0.3758725
EarlyStopping counter: 2 out of 100
Updating learning rate to 7.976644307687255e-06
Epoch: 28 cost time: 0.8715014457702637
Epoch: 28, Steps: 64 | Train Loss: 0.3532643 Vali Loss: 0.6806958 Test Loss: 0.3758286
EarlyStopping counter: 3 out of 100
Updating learning rate to 7.178979876918531e-06
Epoch: 29 cost time: 0.8891456127166748
Epoch: 29, Steps: 64 | Train Loss: 0.3529683 Vali Loss: 0.6772934 Test Loss: 0.3758440
EarlyStopping counter: 4 out of 100
Updating learning rate to 6.4610818892266776e-06
Epoch: 30 cost time: 0.8457119464874268
Epoch: 30, Steps: 64 | Train Loss: 0.3524888 Vali Loss: 0.6772007 Test Loss: 0.3757364
EarlyStopping counter: 5 out of 100
Updating learning rate to 5.8149737003040096e-06
Epoch: 31 cost time: 0.8451824188232422
Epoch: 31, Steps: 64 | Train Loss: 0.3528628 Vali Loss: 0.6788667 Test Loss: 0.3757043
EarlyStopping counter: 6 out of 100
Updating learning rate to 5.23347633027361e-06
Epoch: 32 cost time: 0.8471105098724365
Epoch: 32, Steps: 64 | Train Loss: 0.3529383 Vali Loss: 0.6767984 Test Loss: 0.3756247
EarlyStopping counter: 7 out of 100
Updating learning rate to 4.710128697246249e-06
Epoch: 33 cost time: 0.8602573871612549
Epoch: 33, Steps: 64 | Train Loss: 0.3526388 Vali Loss: 0.6791058 Test Loss: 0.3755570
EarlyStopping counter: 8 out of 100
Updating learning rate to 4.239115827521624e-06
Epoch: 34 cost time: 0.8544042110443115
Epoch: 34, Steps: 64 | Train Loss: 0.3522993 Vali Loss: 0.6759058 Test Loss: 0.3755488
Validation loss decreased (0.676355 --> 0.675906).  Saving model ...
Updating learning rate to 3.815204244769462e-06
Epoch: 35 cost time: 0.8474926948547363
Epoch: 35, Steps: 64 | Train Loss: 0.3520355 Vali Loss: 0.6776925 Test Loss: 0.3756188
EarlyStopping counter: 1 out of 100
Updating learning rate to 3.4336838202925152e-06
Epoch: 36 cost time: 0.8488872051239014
Epoch: 36, Steps: 64 | Train Loss: 0.3525526 Vali Loss: 0.6775931 Test Loss: 0.3755542
EarlyStopping counter: 2 out of 100
Updating learning rate to 3.090315438263264e-06
Epoch: 37 cost time: 0.8345885276794434
Epoch: 37, Steps: 64 | Train Loss: 0.3521992 Vali Loss: 0.6775454 Test Loss: 0.3755046
EarlyStopping counter: 3 out of 100
Updating learning rate to 2.7812838944369375e-06
Epoch: 38 cost time: 0.8637220859527588
Epoch: 38, Steps: 64 | Train Loss: 0.3519312 Vali Loss: 0.6797040 Test Loss: 0.3755130
EarlyStopping counter: 4 out of 100
Updating learning rate to 2.503155504993244e-06
Epoch: 39 cost time: 0.882227897644043
Epoch: 39, Steps: 64 | Train Loss: 0.3523316 Vali Loss: 0.6760572 Test Loss: 0.3754725
EarlyStopping counter: 5 out of 100
Updating learning rate to 2.2528399544939195e-06
Epoch: 40 cost time: 0.8472757339477539
Epoch: 40, Steps: 64 | Train Loss: 0.3521268 Vali Loss: 0.6786518 Test Loss: 0.3755048
EarlyStopping counter: 6 out of 100
Updating learning rate to 2.0275559590445276e-06
Epoch: 41 cost time: 0.8489377498626709
Epoch: 41, Steps: 64 | Train Loss: 0.3516217 Vali Loss: 0.6737407 Test Loss: 0.3754494
Validation loss decreased (0.675906 --> 0.673741).  Saving model ...
Updating learning rate to 1.8248003631400751e-06
Epoch: 42 cost time: 0.8592371940612793
Epoch: 42, Steps: 64 | Train Loss: 0.3515174 Vali Loss: 0.6814520 Test Loss: 0.3754739
EarlyStopping counter: 1 out of 100
Updating learning rate to 1.6423203268260676e-06
Epoch: 43 cost time: 0.8629555702209473
Epoch: 43, Steps: 64 | Train Loss: 0.3514489 Vali Loss: 0.6772432 Test Loss: 0.3753988
EarlyStopping counter: 2 out of 100
Updating learning rate to 1.4780882941434609e-06
Epoch: 44 cost time: 0.8477308750152588
Epoch: 44, Steps: 64 | Train Loss: 0.3516301 Vali Loss: 0.6742148 Test Loss: 0.3754348
EarlyStopping counter: 3 out of 100
Updating learning rate to 1.3302794647291146e-06
Epoch: 45 cost time: 0.863914966583252
Epoch: 45, Steps: 64 | Train Loss: 0.3514523 Vali Loss: 0.6779572 Test Loss: 0.3754469
EarlyStopping counter: 4 out of 100
Updating learning rate to 1.1972515182562034e-06
Epoch: 46 cost time: 0.8437800407409668
Epoch: 46, Steps: 64 | Train Loss: 0.3518963 Vali Loss: 0.6792871 Test Loss: 0.3753796
EarlyStopping counter: 5 out of 100
Updating learning rate to 1.077526366430583e-06
Epoch: 47 cost time: 0.869849681854248
Epoch: 47, Steps: 64 | Train Loss: 0.3514459 Vali Loss: 0.6769605 Test Loss: 0.3754529
EarlyStopping counter: 6 out of 100
Updating learning rate to 9.697737297875248e-07
Epoch: 48 cost time: 0.8336770534515381
Epoch: 48, Steps: 64 | Train Loss: 0.3514301 Vali Loss: 0.6790106 Test Loss: 0.3753952
EarlyStopping counter: 7 out of 100
Updating learning rate to 8.727963568087723e-07
Epoch: 49 cost time: 0.8696084022521973
Epoch: 49, Steps: 64 | Train Loss: 0.3515713 Vali Loss: 0.6734184 Test Loss: 0.3754183
Validation loss decreased (0.673741 --> 0.673418).  Saving model ...
Updating learning rate to 7.855167211278951e-07
Epoch: 50 cost time: 0.8323860168457031
Epoch: 50, Steps: 64 | Train Loss: 0.3514942 Vali Loss: 0.6752728 Test Loss: 0.3754012
EarlyStopping counter: 1 out of 100
Updating learning rate to 7.069650490151056e-07
Epoch: 51 cost time: 0.8354678153991699
Epoch: 51, Steps: 64 | Train Loss: 0.3515925 Vali Loss: 0.6792812 Test Loss: 0.3753336
EarlyStopping counter: 2 out of 100
Updating learning rate to 6.36268544113595e-07
Epoch: 52 cost time: 0.8659985065460205
Epoch: 52, Steps: 64 | Train Loss: 0.3514131 Vali Loss: 0.6763012 Test Loss: 0.3753461
EarlyStopping counter: 3 out of 100
Updating learning rate to 5.726416897022355e-07
Epoch: 53 cost time: 0.8548741340637207
Epoch: 53, Steps: 64 | Train Loss: 0.3517071 Vali Loss: 0.6736184 Test Loss: 0.3754000
EarlyStopping counter: 4 out of 100
Updating learning rate to 5.15377520732012e-07
Epoch: 54 cost time: 0.8382151126861572
Epoch: 54, Steps: 64 | Train Loss: 0.3512312 Vali Loss: 0.6739307 Test Loss: 0.3753644
EarlyStopping counter: 5 out of 100
Updating learning rate to 4.6383976865881085e-07
Epoch: 55 cost time: 0.8446521759033203
Epoch: 55, Steps: 64 | Train Loss: 0.3512847 Vali Loss: 0.6812583 Test Loss: 0.3753555
EarlyStopping counter: 6 out of 100
Updating learning rate to 4.174557917929298e-07
Epoch: 56 cost time: 0.8312685489654541
Epoch: 56, Steps: 64 | Train Loss: 0.3510328 Vali Loss: 0.6763796 Test Loss: 0.3753741
EarlyStopping counter: 7 out of 100
Updating learning rate to 3.7571021261363677e-07
Epoch: 57 cost time: 0.849768877029419
Epoch: 57, Steps: 64 | Train Loss: 0.3515175 Vali Loss: 0.6824808 Test Loss: 0.3753791
EarlyStopping counter: 8 out of 100
Updating learning rate to 3.381391913522731e-07
Epoch: 58 cost time: 0.8493742942810059
Epoch: 58, Steps: 64 | Train Loss: 0.3515892 Vali Loss: 0.6734776 Test Loss: 0.3753496
EarlyStopping counter: 9 out of 100
Updating learning rate to 3.043252722170458e-07
Epoch: 59 cost time: 0.84049391746521
Epoch: 59, Steps: 64 | Train Loss: 0.3510103 Vali Loss: 0.6741652 Test Loss: 0.3753830
EarlyStopping counter: 10 out of 100
Updating learning rate to 2.7389274499534124e-07
Epoch: 60 cost time: 0.8349459171295166
Epoch: 60, Steps: 64 | Train Loss: 0.3510858 Vali Loss: 0.6762692 Test Loss: 0.3753412
EarlyStopping counter: 11 out of 100
Updating learning rate to 2.465034704958071e-07
Epoch: 61 cost time: 0.844062328338623
Epoch: 61, Steps: 64 | Train Loss: 0.3515535 Vali Loss: 0.6774992 Test Loss: 0.3752889
EarlyStopping counter: 12 out of 100
Updating learning rate to 2.218531234462264e-07
Epoch: 62 cost time: 0.8345141410827637
Epoch: 62, Steps: 64 | Train Loss: 0.3510917 Vali Loss: 0.6750013 Test Loss: 0.3753796
EarlyStopping counter: 13 out of 100
Updating learning rate to 1.9966781110160376e-07
Epoch: 63 cost time: 0.8425452709197998
Epoch: 63, Steps: 64 | Train Loss: 0.3511702 Vali Loss: 0.6774274 Test Loss: 0.3753629
EarlyStopping counter: 14 out of 100
Updating learning rate to 1.797010299914434e-07
Epoch: 64 cost time: 0.8544070720672607
Epoch: 64, Steps: 64 | Train Loss: 0.3511072 Vali Loss: 0.6774434 Test Loss: 0.3753629
EarlyStopping counter: 15 out of 100
Updating learning rate to 1.6173092699229907e-07
Epoch: 65 cost time: 0.872992753982544
Epoch: 65, Steps: 64 | Train Loss: 0.3512468 Vali Loss: 0.6761395 Test Loss: 0.3753993
EarlyStopping counter: 16 out of 100
Updating learning rate to 1.4555783429306916e-07
Epoch: 66 cost time: 0.8453643321990967
Epoch: 66, Steps: 64 | Train Loss: 0.3511684 Vali Loss: 0.6767923 Test Loss: 0.3753110
EarlyStopping counter: 17 out of 100
Updating learning rate to 1.3100205086376224e-07
Epoch: 67 cost time: 0.8403353691101074
Epoch: 67, Steps: 64 | Train Loss: 0.3512653 Vali Loss: 0.6769395 Test Loss: 0.3753271
EarlyStopping counter: 18 out of 100
Updating learning rate to 1.1790184577738603e-07
Epoch: 68 cost time: 0.8404858112335205
Epoch: 68, Steps: 64 | Train Loss: 0.3511415 Vali Loss: 0.6757210 Test Loss: 0.3754205
EarlyStopping counter: 19 out of 100
Updating learning rate to 1.0611166119964742e-07
Epoch: 69 cost time: 0.8718414306640625
Epoch: 69, Steps: 64 | Train Loss: 0.3514547 Vali Loss: 0.6706117 Test Loss: 0.3754027
Validation loss decreased (0.673418 --> 0.670612).  Saving model ...
Updating learning rate to 9.550049507968268e-08
Epoch: 70 cost time: 0.8500888347625732
Epoch: 70, Steps: 64 | Train Loss: 0.3514744 Vali Loss: 0.6803839 Test Loss: 0.3753342
EarlyStopping counter: 1 out of 100
Updating learning rate to 8.595044557171442e-08
Epoch: 71 cost time: 0.8492152690887451
Epoch: 71, Steps: 64 | Train Loss: 0.3511437 Vali Loss: 0.6768582 Test Loss: 0.3753931
EarlyStopping counter: 2 out of 100
Updating learning rate to 7.735540101454298e-08
Epoch: 72 cost time: 0.8394434452056885
Epoch: 72, Steps: 64 | Train Loss: 0.3511991 Vali Loss: 0.6745195 Test Loss: 0.3753700
EarlyStopping counter: 3 out of 100
Updating learning rate to 6.961986091308869e-08
Epoch: 73 cost time: 0.8491053581237793
Epoch: 73, Steps: 64 | Train Loss: 0.3509354 Vali Loss: 0.6749160 Test Loss: 0.3753456
EarlyStopping counter: 4 out of 100
Updating learning rate to 6.265787482177981e-08
Epoch: 74 cost time: 0.8322811126708984
Epoch: 74, Steps: 64 | Train Loss: 0.3513483 Vali Loss: 0.6755506 Test Loss: 0.3753232
EarlyStopping counter: 5 out of 100
Updating learning rate to 5.639208733960184e-08
Epoch: 75 cost time: 0.8412528038024902
Epoch: 75, Steps: 64 | Train Loss: 0.3513802 Vali Loss: 0.6789814 Test Loss: 0.3753622
EarlyStopping counter: 6 out of 100
Updating learning rate to 5.075287860564165e-08
Epoch: 76 cost time: 0.8522500991821289
Epoch: 76, Steps: 64 | Train Loss: 0.3508322 Vali Loss: 0.6791962 Test Loss: 0.3753779
EarlyStopping counter: 7 out of 100
Updating learning rate to 4.567759074507749e-08
Epoch: 77 cost time: 0.8437149524688721
Epoch: 77, Steps: 64 | Train Loss: 0.3510986 Vali Loss: 0.6750572 Test Loss: 0.3754182
EarlyStopping counter: 8 out of 100
Updating learning rate to 4.1109831670569744e-08
Epoch: 78 cost time: 0.8428905010223389
Epoch: 78, Steps: 64 | Train Loss: 0.3512710 Vali Loss: 0.6778201 Test Loss: 0.3753600
EarlyStopping counter: 9 out of 100
Updating learning rate to 3.6998848503512764e-08
Epoch: 79 cost time: 0.8362870216369629
Epoch: 79, Steps: 64 | Train Loss: 0.3512952 Vali Loss: 0.6741253 Test Loss: 0.3753584
EarlyStopping counter: 10 out of 100
Updating learning rate to 3.3298963653161496e-08
Epoch: 80 cost time: 0.8379733562469482
Epoch: 80, Steps: 64 | Train Loss: 0.3508840 Vali Loss: 0.6785428 Test Loss: 0.3753521
EarlyStopping counter: 11 out of 100
Updating learning rate to 2.996906728784534e-08
Epoch: 81 cost time: 0.8570754528045654
Epoch: 81, Steps: 64 | Train Loss: 0.3510618 Vali Loss: 0.6744645 Test Loss: 0.3753811
EarlyStopping counter: 12 out of 100
Updating learning rate to 2.697216055906081e-08
Epoch: 82 cost time: 0.842843770980835
Epoch: 82, Steps: 64 | Train Loss: 0.3511633 Vali Loss: 0.6783668 Test Loss: 0.3753495
EarlyStopping counter: 13 out of 100
Updating learning rate to 2.427494450315473e-08
Epoch: 83 cost time: 0.8370506763458252
Epoch: 83, Steps: 64 | Train Loss: 0.3516452 Vali Loss: 0.6753954 Test Loss: 0.3753496
EarlyStopping counter: 14 out of 100
Updating learning rate to 2.1847450052839257e-08
Epoch: 84 cost time: 0.8630921840667725
Epoch: 84, Steps: 64 | Train Loss: 0.3514748 Vali Loss: 0.6764309 Test Loss: 0.3752951
EarlyStopping counter: 15 out of 100
Updating learning rate to 1.9662705047555332e-08
Epoch: 85 cost time: 0.869600772857666
Epoch: 85, Steps: 64 | Train Loss: 0.3516815 Vali Loss: 0.6810476 Test Loss: 0.3753511
EarlyStopping counter: 16 out of 100
Updating learning rate to 1.7696434542799797e-08
Epoch: 86 cost time: 0.8537273406982422
Epoch: 86, Steps: 64 | Train Loss: 0.3510804 Vali Loss: 0.6786481 Test Loss: 0.3753054
EarlyStopping counter: 17 out of 100
Updating learning rate to 1.5926791088519817e-08
Epoch: 87 cost time: 0.8355488777160645
Epoch: 87, Steps: 64 | Train Loss: 0.3516687 Vali Loss: 0.6753176 Test Loss: 0.3753171
EarlyStopping counter: 18 out of 100
Updating learning rate to 1.4334111979667836e-08
Epoch: 88 cost time: 0.8359661102294922
Epoch: 88, Steps: 64 | Train Loss: 0.3514574 Vali Loss: 0.6816615 Test Loss: 0.3753316
EarlyStopping counter: 19 out of 100
Updating learning rate to 1.2900700781701054e-08
Epoch: 89 cost time: 0.8395888805389404
Epoch: 89, Steps: 64 | Train Loss: 0.3508684 Vali Loss: 0.6757700 Test Loss: 0.3752952
EarlyStopping counter: 20 out of 100
Updating learning rate to 1.161063070353095e-08
Epoch: 90 cost time: 0.8715009689331055
Epoch: 90, Steps: 64 | Train Loss: 0.3513205 Vali Loss: 0.6801796 Test Loss: 0.3753152
EarlyStopping counter: 21 out of 100
Updating learning rate to 1.0449567633177854e-08
Epoch: 91 cost time: 0.8343429565429688
Epoch: 91, Steps: 64 | Train Loss: 0.3515956 Vali Loss: 0.6793933 Test Loss: 0.3753720
EarlyStopping counter: 22 out of 100
Updating learning rate to 9.404610869860069e-09
Epoch: 92 cost time: 0.8574416637420654
Epoch: 92, Steps: 64 | Train Loss: 0.3507200 Vali Loss: 0.6797652 Test Loss: 0.3753645
EarlyStopping counter: 23 out of 100
Updating learning rate to 8.464149782874063e-09
Epoch: 93 cost time: 0.8383505344390869
Epoch: 93, Steps: 64 | Train Loss: 0.3515275 Vali Loss: 0.6799536 Test Loss: 0.3753560
EarlyStopping counter: 24 out of 100
Updating learning rate to 7.617734804586658e-09
Epoch: 94 cost time: 0.8490886688232422
Epoch: 94, Steps: 64 | Train Loss: 0.3508317 Vali Loss: 0.6758023 Test Loss: 0.3753789
EarlyStopping counter: 25 out of 100
Updating learning rate to 6.855961324127991e-09
Epoch: 95 cost time: 0.8500781059265137
Epoch: 95, Steps: 64 | Train Loss: 0.3510990 Vali Loss: 0.6786792 Test Loss: 0.3753366
EarlyStopping counter: 26 out of 100
Updating learning rate to 6.170365191715193e-09
Epoch: 96 cost time: 0.8390235900878906
Epoch: 96, Steps: 64 | Train Loss: 0.3511279 Vali Loss: 0.6771412 Test Loss: 0.3753830
EarlyStopping counter: 27 out of 100
Updating learning rate to 5.5533286725436726e-09
Epoch: 97 cost time: 0.8535251617431641
Epoch: 97, Steps: 64 | Train Loss: 0.3510042 Vali Loss: 0.6804602 Test Loss: 0.3753388
EarlyStopping counter: 28 out of 100
Updating learning rate to 4.997995805289306e-09
Epoch: 98 cost time: 0.8398666381835938
Epoch: 98, Steps: 64 | Train Loss: 0.3512447 Vali Loss: 0.6774897 Test Loss: 0.3753242
EarlyStopping counter: 29 out of 100
Updating learning rate to 4.498196224760375e-09
Epoch: 99 cost time: 0.8352229595184326
Epoch: 99, Steps: 64 | Train Loss: 0.3511523 Vali Loss: 0.6786613 Test Loss: 0.3754056
EarlyStopping counter: 30 out of 100
Updating learning rate to 4.048376602284338e-09
Epoch: 100 cost time: 0.8658759593963623
Epoch: 100, Steps: 64 | Train Loss: 0.3511042 Vali Loss: 0.6808701 Test Loss: 0.3753021
EarlyStopping counter: 31 out of 100
Updating learning rate to 3.643538942055904e-09
>>>>>>>testing : NL_etth1_cms_lr0.0001_always_336_96_PatchTST_ETTh1_ftM_sl336_ll48_pl96_dm16_nh4_el3_dl1_df128_fc1_ebtimeF_dtTruelr0.0001_polalways_Nested_Learning_0<<<<<<<<<<<<<<<<<<<<<<<<<<<<<<<<<
test 2785
 Ejecutando Inferencia DINÁMICA (Nested Learning con cms)
  -> Política: always | LR: 0.0001 | Target: head

RESUMEN: El CMS se actualizó 21 veces de 21 posibles.

mse:0.3747822940349579, mae:0.3984338343143463, rse:0.5805037021636963
Args in experiment:
Namespace(random_seed=2021, is_training=1, model_id='NL_etth1_cms_lr0.0001_always_336_192', model='PatchTST', data='ETTh1', root_path='./dataset/', data_path='ETTh1.csv', features='M', target='OT', freq='h', checkpoints='./checkpoints/', seq_len=336, label_len=48, pred_len=192, head_type='cms', cms_lr=0.0001, update_policy='always', fc_dropout=0.3, head_dropout=0.0, patch_len=16, stride=8, padding_patch='end', revin=1, affine=0, subtract_last=0, decomposition=0, kernel_size=25, individual=0, embed_type=0, enc_in=7, dec_in=7, c_out=7, d_model=16, n_heads=4, e_layers=3, d_layers=1, d_ff=128, moving_avg=25, factor=1, distil=True, dropout=0.3, embed='timeF', activation='gelu', output_attention=False, do_predict=False, num_workers=0, itr=1, train_epochs=100, batch_size=128, patience=100, learning_rate=0.0001, des='Nested_Learning', loss='mse', lradj='type3', pct_start=0.3, use_amp=False, use_gpu=True, gpu=0, use_multi_gpu=False, devices='0,1,2,3', test_flop=False)
Use GPU: cuda:0
>>>>>>>start training : NL_etth1_cms_lr0.0001_always_336_192_PatchTST_ETTh1_ftM_sl336_ll48_pl192_dm16_nh4_el3_dl1_df128_fc1_ebtimeF_dtTruelr0.0001_polalways_Nested_Learning_0>>>>>>>>>>>>>>>>>>>>>>>>>>
train 8113
val 2689
test 2689
Epoch: 1 cost time: 1.2369372844696045
Epoch: 1, Steps: 63 | Train Loss: 0.7839536 Vali Loss: 1.6049143 Test Loss: 0.8144651
Validation loss decreased (inf --> 1.604914).  Saving model ...
Updating learning rate to 0.0001
Epoch: 2 cost time: 0.9075148105621338
Epoch: 2, Steps: 63 | Train Loss: 0.6112868 Vali Loss: 1.0823243 Test Loss: 0.4980054
Validation loss decreased (1.604914 --> 1.082324).  Saving model ...
Updating learning rate to 0.0001
Epoch: 3 cost time: 0.8805427551269531
Epoch: 3, Steps: 63 | Train Loss: 0.5039511 Vali Loss: 0.9902182 Test Loss: 0.4581244
Validation loss decreased (1.082324 --> 0.990218).  Saving model ...
Updating learning rate to 0.0001
Epoch: 4 cost time: 0.8724625110626221
Epoch: 4, Steps: 63 | Train Loss: 0.4674022 Vali Loss: 0.9540101 Test Loss: 0.4412596
Validation loss decreased (0.990218 --> 0.954010).  Saving model ...
Updating learning rate to 9e-05
Epoch: 5 cost time: 0.9080538749694824
Epoch: 5, Steps: 63 | Train Loss: 0.4483658 Vali Loss: 0.9426039 Test Loss: 0.4326149
Validation loss decreased (0.954010 --> 0.942604).  Saving model ...
Updating learning rate to 8.1e-05
Epoch: 6 cost time: 0.87412428855896
Epoch: 6, Steps: 63 | Train Loss: 0.4379425 Vali Loss: 0.9355734 Test Loss: 0.4266337
Validation loss decreased (0.942604 --> 0.935573).  Saving model ...
Updating learning rate to 7.290000000000001e-05
Epoch: 7 cost time: 0.9604945182800293
Epoch: 7, Steps: 63 | Train Loss: 0.4324788 Vali Loss: 0.9325908 Test Loss: 0.4233765
Validation loss decreased (0.935573 --> 0.932591).  Saving model ...
Updating learning rate to 6.561e-05
Epoch: 8 cost time: 0.8776953220367432
Epoch: 8, Steps: 63 | Train Loss: 0.4272577 Vali Loss: 0.9309134 Test Loss: 0.4214630
Validation loss decreased (0.932591 --> 0.930913).  Saving model ...
Updating learning rate to 5.904900000000001e-05
Epoch: 9 cost time: 0.8738877773284912
Epoch: 9, Steps: 63 | Train Loss: 0.4245534 Vali Loss: 0.9295478 Test Loss: 0.4198375
Validation loss decreased (0.930913 --> 0.929548).  Saving model ...
Updating learning rate to 5.3144100000000005e-05
Epoch: 10 cost time: 0.8913943767547607
Epoch: 10, Steps: 63 | Train Loss: 0.4219266 Vali Loss: 0.9254528 Test Loss: 0.4185338
Validation loss decreased (0.929548 --> 0.925453).  Saving model ...
Updating learning rate to 4.782969000000001e-05
Epoch: 11 cost time: 0.8551313877105713
Epoch: 11, Steps: 63 | Train Loss: 0.4199714 Vali Loss: 0.9264039 Test Loss: 0.4180128
EarlyStopping counter: 1 out of 100
Updating learning rate to 4.304672100000001e-05
Epoch: 12 cost time: 0.8614351749420166
Epoch: 12, Steps: 63 | Train Loss: 0.4182058 Vali Loss: 0.9248483 Test Loss: 0.4173440
Validation loss decreased (0.925453 --> 0.924848).  Saving model ...
Updating learning rate to 3.874204890000001e-05
Epoch: 13 cost time: 0.8859975337982178
Epoch: 13, Steps: 63 | Train Loss: 0.4169338 Vali Loss: 0.9266585 Test Loss: 0.4171434
EarlyStopping counter: 1 out of 100
Updating learning rate to 3.486784401000001e-05
Epoch: 14 cost time: 0.8494226932525635
Epoch: 14, Steps: 63 | Train Loss: 0.4155817 Vali Loss: 0.9234154 Test Loss: 0.4168067
Validation loss decreased (0.924848 --> 0.923415).  Saving model ...
Updating learning rate to 3.138105960900001e-05
Epoch: 15 cost time: 0.8912196159362793
Epoch: 15, Steps: 63 | Train Loss: 0.4142163 Vali Loss: 0.9231217 Test Loss: 0.4168728
Validation loss decreased (0.923415 --> 0.923122).  Saving model ...
Updating learning rate to 2.824295364810001e-05
Epoch: 16 cost time: 0.8562016487121582
Epoch: 16, Steps: 63 | Train Loss: 0.4135327 Vali Loss: 0.9230446 Test Loss: 0.4168298
Validation loss decreased (0.923122 --> 0.923045).  Saving model ...
Updating learning rate to 2.541865828329001e-05
Epoch: 17 cost time: 0.9083237648010254
Epoch: 17, Steps: 63 | Train Loss: 0.4121501 Vali Loss: 0.9226655 Test Loss: 0.4168666
Validation loss decreased (0.923045 --> 0.922665).  Saving model ...
Updating learning rate to 2.287679245496101e-05
Epoch: 18 cost time: 0.9289231300354004
Epoch: 18, Steps: 63 | Train Loss: 0.4111694 Vali Loss: 0.9238145 Test Loss: 0.4170001
EarlyStopping counter: 1 out of 100
Updating learning rate to 2.0589113209464907e-05
Epoch: 19 cost time: 0.8879954814910889
Epoch: 19, Steps: 63 | Train Loss: 0.4109204 Vali Loss: 0.9245682 Test Loss: 0.4170825
EarlyStopping counter: 2 out of 100
Updating learning rate to 1.8530201888518416e-05
Epoch: 20 cost time: 0.8640744686126709
Epoch: 20, Steps: 63 | Train Loss: 0.4106168 Vali Loss: 0.9238471 Test Loss: 0.4170544
EarlyStopping counter: 3 out of 100
Updating learning rate to 1.6677181699666577e-05
Epoch: 21 cost time: 0.8509049415588379
Epoch: 21, Steps: 63 | Train Loss: 0.4098318 Vali Loss: 0.9236903 Test Loss: 0.4171201
EarlyStopping counter: 4 out of 100
Updating learning rate to 1.5009463529699919e-05
Epoch: 22 cost time: 0.8661074638366699
Epoch: 22, Steps: 63 | Train Loss: 0.4094690 Vali Loss: 0.9263132 Test Loss: 0.4174169
EarlyStopping counter: 5 out of 100
Updating learning rate to 1.3508517176729929e-05
Epoch: 23 cost time: 0.8558204174041748
Epoch: 23, Steps: 63 | Train Loss: 0.4088235 Vali Loss: 0.9246573 Test Loss: 0.4175185
EarlyStopping counter: 6 out of 100
Updating learning rate to 1.2157665459056936e-05
Epoch: 24 cost time: 0.8710019588470459
Epoch: 24, Steps: 63 | Train Loss: 0.4084732 Vali Loss: 0.9246278 Test Loss: 0.4174193
EarlyStopping counter: 7 out of 100
Updating learning rate to 1.0941898913151242e-05
Epoch: 25 cost time: 0.8348917961120605
Epoch: 25, Steps: 63 | Train Loss: 0.4078984 Vali Loss: 0.9250570 Test Loss: 0.4175254
EarlyStopping counter: 8 out of 100
Updating learning rate to 9.847709021836118e-06
Epoch: 26 cost time: 0.8584997653961182
Epoch: 26, Steps: 63 | Train Loss: 0.4074448 Vali Loss: 0.9243023 Test Loss: 0.4176656
EarlyStopping counter: 9 out of 100
Updating learning rate to 8.862938119652508e-06
Epoch: 27 cost time: 0.8582296371459961
Epoch: 27, Steps: 63 | Train Loss: 0.4070420 Vali Loss: 0.9253337 Test Loss: 0.4177741
EarlyStopping counter: 10 out of 100
Updating learning rate to 7.976644307687255e-06
Epoch: 28 cost time: 0.8513162136077881
Epoch: 28, Steps: 63 | Train Loss: 0.4075087 Vali Loss: 0.9250674 Test Loss: 0.4177497
EarlyStopping counter: 11 out of 100
Updating learning rate to 7.178979876918531e-06
Epoch: 29 cost time: 0.8456714153289795
Epoch: 29, Steps: 63 | Train Loss: 0.4073756 Vali Loss: 0.9246058 Test Loss: 0.4177607
EarlyStopping counter: 12 out of 100
Updating learning rate to 6.4610818892266776e-06
Epoch: 30 cost time: 0.8442976474761963
Epoch: 30, Steps: 63 | Train Loss: 0.4067906 Vali Loss: 0.9247104 Test Loss: 0.4178736
EarlyStopping counter: 13 out of 100
Updating learning rate to 5.8149737003040096e-06
Epoch: 31 cost time: 0.8542053699493408
Epoch: 31, Steps: 63 | Train Loss: 0.4067006 Vali Loss: 0.9253887 Test Loss: 0.4179204
EarlyStopping counter: 14 out of 100
Updating learning rate to 5.23347633027361e-06
Epoch: 32 cost time: 0.8466835021972656
Epoch: 32, Steps: 63 | Train Loss: 0.4067911 Vali Loss: 0.9249796 Test Loss: 0.4180229
EarlyStopping counter: 15 out of 100
Updating learning rate to 4.710128697246249e-06
Epoch: 33 cost time: 0.856719970703125
Epoch: 33, Steps: 63 | Train Loss: 0.4060501 Vali Loss: 0.9247931 Test Loss: 0.4179578
EarlyStopping counter: 16 out of 100
Updating learning rate to 4.239115827521624e-06
Epoch: 34 cost time: 0.8560481071472168
Epoch: 34, Steps: 63 | Train Loss: 0.4066484 Vali Loss: 0.9250124 Test Loss: 0.4179441
EarlyStopping counter: 17 out of 100
Updating learning rate to 3.815204244769462e-06
Epoch: 35 cost time: 0.8599810600280762
Epoch: 35, Steps: 63 | Train Loss: 0.4063158 Vali Loss: 0.9251354 Test Loss: 0.4180844
EarlyStopping counter: 18 out of 100
Updating learning rate to 3.4336838202925152e-06
Epoch: 36 cost time: 0.8470232486724854
Epoch: 36, Steps: 63 | Train Loss: 0.4060010 Vali Loss: 0.9249533 Test Loss: 0.4180686
EarlyStopping counter: 19 out of 100
Updating learning rate to 3.090315438263264e-06
Epoch: 37 cost time: 0.8387537002563477
Epoch: 37, Steps: 63 | Train Loss: 0.4063048 Vali Loss: 0.9255012 Test Loss: 0.4181291
EarlyStopping counter: 20 out of 100
Updating learning rate to 2.7812838944369375e-06
Epoch: 38 cost time: 0.8356759548187256
Epoch: 38, Steps: 63 | Train Loss: 0.4059453 Vali Loss: 0.9253379 Test Loss: 0.4181256
EarlyStopping counter: 21 out of 100
Updating learning rate to 2.503155504993244e-06
Epoch: 39 cost time: 0.860173225402832
Epoch: 39, Steps: 63 | Train Loss: 0.4056916 Vali Loss: 0.9251143 Test Loss: 0.4181492
EarlyStopping counter: 22 out of 100
Updating learning rate to 2.2528399544939195e-06
Epoch: 40 cost time: 0.8496990203857422
Epoch: 40, Steps: 63 | Train Loss: 0.4057680 Vali Loss: 0.9253989 Test Loss: 0.4180278
EarlyStopping counter: 23 out of 100
Updating learning rate to 2.0275559590445276e-06
Epoch: 41 cost time: 0.8387370109558105
Epoch: 41, Steps: 63 | Train Loss: 0.4058293 Vali Loss: 0.9255463 Test Loss: 0.4181395
EarlyStopping counter: 24 out of 100
Updating learning rate to 1.8248003631400751e-06
Epoch: 42 cost time: 0.8490889072418213
Epoch: 42, Steps: 63 | Train Loss: 0.4059816 Vali Loss: 0.9254539 Test Loss: 0.4180887
EarlyStopping counter: 25 out of 100
Updating learning rate to 1.6423203268260676e-06
Epoch: 43 cost time: 0.8447980880737305
Epoch: 43, Steps: 63 | Train Loss: 0.4055647 Vali Loss: 0.9250657 Test Loss: 0.4182259
EarlyStopping counter: 26 out of 100
Updating learning rate to 1.4780882941434609e-06
Epoch: 44 cost time: 0.8543400764465332
Epoch: 44, Steps: 63 | Train Loss: 0.4055052 Vali Loss: 0.9250216 Test Loss: 0.4182333
EarlyStopping counter: 27 out of 100
Updating learning rate to 1.3302794647291146e-06
Epoch: 45 cost time: 0.8490965366363525
Epoch: 45, Steps: 63 | Train Loss: 0.4053284 Vali Loss: 0.9255891 Test Loss: 0.4183078
EarlyStopping counter: 28 out of 100
Updating learning rate to 1.1972515182562034e-06
Epoch: 46 cost time: 0.8635530471801758
Epoch: 46, Steps: 63 | Train Loss: 0.4056068 Vali Loss: 0.9254405 Test Loss: 0.4181973
EarlyStopping counter: 29 out of 100
Updating learning rate to 1.077526366430583e-06
Epoch: 47 cost time: 0.8537538051605225
Epoch: 47, Steps: 63 | Train Loss: 0.4054655 Vali Loss: 0.9253743 Test Loss: 0.4181535
EarlyStopping counter: 30 out of 100
Updating learning rate to 9.697737297875248e-07
Epoch: 48 cost time: 0.8514528274536133
Epoch: 48, Steps: 63 | Train Loss: 0.4051585 Vali Loss: 0.9254925 Test Loss: 0.4181913
EarlyStopping counter: 31 out of 100
Updating learning rate to 8.727963568087723e-07
Epoch: 49 cost time: 0.836616039276123
Epoch: 49, Steps: 63 | Train Loss: 0.4051797 Vali Loss: 0.9255533 Test Loss: 0.4182063
EarlyStopping counter: 32 out of 100
Updating learning rate to 7.855167211278951e-07
Epoch: 50 cost time: 0.8703854084014893
Epoch: 50, Steps: 63 | Train Loss: 0.4052164 Vali Loss: 0.9252045 Test Loss: 0.4183686
EarlyStopping counter: 33 out of 100
Updating learning rate to 7.069650490151056e-07
Epoch: 51 cost time: 0.8388321399688721
Epoch: 51, Steps: 63 | Train Loss: 0.4056780 Vali Loss: 0.9251245 Test Loss: 0.4184573
EarlyStopping counter: 34 out of 100
Updating learning rate to 6.36268544113595e-07
Epoch: 52 cost time: 0.8558399677276611
Epoch: 52, Steps: 63 | Train Loss: 0.4056486 Vali Loss: 0.9255325 Test Loss: 0.4182586
EarlyStopping counter: 35 out of 100
Updating learning rate to 5.726416897022355e-07
Epoch: 53 cost time: 0.8455204963684082
Epoch: 53, Steps: 63 | Train Loss: 0.4052462 Vali Loss: 0.9253116 Test Loss: 0.4181880
EarlyStopping counter: 36 out of 100
Updating learning rate to 5.15377520732012e-07
Epoch: 54 cost time: 0.8472845554351807
Epoch: 54, Steps: 63 | Train Loss: 0.4057263 Vali Loss: 0.9250887 Test Loss: 0.4182183
EarlyStopping counter: 37 out of 100
Updating learning rate to 4.6383976865881085e-07
Epoch: 55 cost time: 0.8487436771392822
Epoch: 55, Steps: 63 | Train Loss: 0.4056237 Vali Loss: 0.9256307 Test Loss: 0.4183252
EarlyStopping counter: 38 out of 100
Updating learning rate to 4.174557917929298e-07
Epoch: 56 cost time: 0.838794469833374
Epoch: 56, Steps: 63 | Train Loss: 0.4050605 Vali Loss: 0.9255404 Test Loss: 0.4183334
EarlyStopping counter: 39 out of 100
Updating learning rate to 3.7571021261363677e-07
Epoch: 57 cost time: 0.8473007678985596
Epoch: 57, Steps: 63 | Train Loss: 0.4051751 Vali Loss: 0.9253507 Test Loss: 0.4182709
EarlyStopping counter: 40 out of 100
Updating learning rate to 3.381391913522731e-07
Epoch: 58 cost time: 0.8472757339477539
Epoch: 58, Steps: 63 | Train Loss: 0.4049540 Vali Loss: 0.9255010 Test Loss: 0.4183278
EarlyStopping counter: 41 out of 100
Updating learning rate to 3.043252722170458e-07
Epoch: 59 cost time: 0.853320837020874
Epoch: 59, Steps: 63 | Train Loss: 0.4049741 Vali Loss: 0.9255654 Test Loss: 0.4182872
EarlyStopping counter: 42 out of 100
Updating learning rate to 2.7389274499534124e-07
Epoch: 60 cost time: 0.8991513252258301
Epoch: 60, Steps: 63 | Train Loss: 0.4052756 Vali Loss: 0.9249040 Test Loss: 0.4182121
EarlyStopping counter: 43 out of 100
Updating learning rate to 2.465034704958071e-07
Epoch: 61 cost time: 0.8484897613525391
Epoch: 61, Steps: 63 | Train Loss: 0.4045920 Vali Loss: 0.9257190 Test Loss: 0.4183322
EarlyStopping counter: 44 out of 100
Updating learning rate to 2.218531234462264e-07
Epoch: 62 cost time: 0.8660197257995605
Epoch: 62, Steps: 63 | Train Loss: 0.4052302 Vali Loss: 0.9256952 Test Loss: 0.4183001
EarlyStopping counter: 45 out of 100
Updating learning rate to 1.9966781110160376e-07
Epoch: 63 cost time: 0.8458292484283447
Epoch: 63, Steps: 63 | Train Loss: 0.4049254 Vali Loss: 0.9250365 Test Loss: 0.4183229
EarlyStopping counter: 46 out of 100
Updating learning rate to 1.797010299914434e-07
Epoch: 64 cost time: 0.8590822219848633
Epoch: 64, Steps: 63 | Train Loss: 0.4050166 Vali Loss: 0.9255683 Test Loss: 0.4183994
EarlyStopping counter: 47 out of 100
Updating learning rate to 1.6173092699229907e-07
Epoch: 65 cost time: 0.8817949295043945
Epoch: 65, Steps: 63 | Train Loss: 0.4044014 Vali Loss: 0.9254531 Test Loss: 0.4183222
EarlyStopping counter: 48 out of 100
Updating learning rate to 1.4555783429306916e-07
Epoch: 66 cost time: 0.8773763179779053
Epoch: 66, Steps: 63 | Train Loss: 0.4053667 Vali Loss: 0.9255307 Test Loss: 0.4181529
EarlyStopping counter: 49 out of 100
Updating learning rate to 1.3100205086376224e-07
Epoch: 67 cost time: 0.848459005355835
Epoch: 67, Steps: 63 | Train Loss: 0.4052339 Vali Loss: 0.9257213 Test Loss: 0.4183443
EarlyStopping counter: 50 out of 100
Updating learning rate to 1.1790184577738603e-07
Epoch: 68 cost time: 0.8451282978057861
Epoch: 68, Steps: 63 | Train Loss: 0.4051672 Vali Loss: 0.9254709 Test Loss: 0.4182281
EarlyStopping counter: 51 out of 100
Updating learning rate to 1.0611166119964742e-07
Epoch: 69 cost time: 0.8504209518432617
Epoch: 69, Steps: 63 | Train Loss: 0.4055950 Vali Loss: 0.9252143 Test Loss: 0.4182517
EarlyStopping counter: 52 out of 100
Updating learning rate to 9.550049507968268e-08
Epoch: 70 cost time: 0.8647971153259277
Epoch: 70, Steps: 63 | Train Loss: 0.4048866 Vali Loss: 0.9257599 Test Loss: 0.4182424
EarlyStopping counter: 53 out of 100
Updating learning rate to 8.595044557171442e-08
Epoch: 71 cost time: 0.9014897346496582
Epoch: 71, Steps: 63 | Train Loss: 0.4050090 Vali Loss: 0.9254998 Test Loss: 0.4183103
EarlyStopping counter: 54 out of 100
Updating learning rate to 7.735540101454298e-08
Epoch: 72 cost time: 0.8410115242004395
Epoch: 72, Steps: 63 | Train Loss: 0.4047473 Vali Loss: 0.9256257 Test Loss: 0.4182044
EarlyStopping counter: 55 out of 100
Updating learning rate to 6.961986091308869e-08
Epoch: 73 cost time: 0.8349442481994629
Epoch: 73, Steps: 63 | Train Loss: 0.4052787 Vali Loss: 0.9251940 Test Loss: 0.4183046
EarlyStopping counter: 56 out of 100
Updating learning rate to 6.265787482177981e-08
Epoch: 74 cost time: 0.8433914184570312
Epoch: 74, Steps: 63 | Train Loss: 0.4050568 Vali Loss: 0.9256642 Test Loss: 0.4183891
EarlyStopping counter: 57 out of 100
Updating learning rate to 5.639208733960184e-08
Epoch: 75 cost time: 0.8459057807922363
Epoch: 75, Steps: 63 | Train Loss: 0.4053609 Vali Loss: 0.9256077 Test Loss: 0.4182437
EarlyStopping counter: 58 out of 100
Updating learning rate to 5.075287860564165e-08
Epoch: 76 cost time: 0.8413598537445068
Epoch: 76, Steps: 63 | Train Loss: 0.4051832 Vali Loss: 0.9252177 Test Loss: 0.4183592
EarlyStopping counter: 59 out of 100
Updating learning rate to 4.567759074507749e-08
Epoch: 77 cost time: 0.8452422618865967
Epoch: 77, Steps: 63 | Train Loss: 0.4046055 Vali Loss: 0.9254491 Test Loss: 0.4183147
EarlyStopping counter: 60 out of 100
Updating learning rate to 4.1109831670569744e-08
Epoch: 78 cost time: 0.8417809009552002
Epoch: 78, Steps: 63 | Train Loss: 0.4052568 Vali Loss: 0.9254790 Test Loss: 0.4183860
EarlyStopping counter: 61 out of 100
Updating learning rate to 3.6998848503512764e-08
Epoch: 79 cost time: 0.8468494415283203
Epoch: 79, Steps: 63 | Train Loss: 0.4051974 Vali Loss: 0.9256685 Test Loss: 0.4183563
EarlyStopping counter: 62 out of 100
Updating learning rate to 3.3298963653161496e-08
Epoch: 80 cost time: 0.8369183540344238
Epoch: 80, Steps: 63 | Train Loss: 0.4053584 Vali Loss: 0.9254541 Test Loss: 0.4182101
EarlyStopping counter: 63 out of 100
Updating learning rate to 2.996906728784534e-08
Epoch: 81 cost time: 0.8582165241241455
Epoch: 81, Steps: 63 | Train Loss: 0.4052770 Vali Loss: 0.9256103 Test Loss: 0.4183730
EarlyStopping counter: 64 out of 100
Updating learning rate to 2.697216055906081e-08
Epoch: 82 cost time: 0.8505046367645264
Epoch: 82, Steps: 63 | Train Loss: 0.4054832 Vali Loss: 0.9255224 Test Loss: 0.4183052
EarlyStopping counter: 65 out of 100
Updating learning rate to 2.427494450315473e-08
Epoch: 83 cost time: 0.8644187450408936
Epoch: 83, Steps: 63 | Train Loss: 0.4048695 Vali Loss: 0.9255832 Test Loss: 0.4181758
EarlyStopping counter: 66 out of 100
Updating learning rate to 2.1847450052839257e-08
Epoch: 84 cost time: 0.8497030735015869
Epoch: 84, Steps: 63 | Train Loss: 0.4056938 Vali Loss: 0.9254299 Test Loss: 0.4182934
EarlyStopping counter: 67 out of 100
Updating learning rate to 1.9662705047555332e-08
Epoch: 85 cost time: 0.833188533782959
Epoch: 85, Steps: 63 | Train Loss: 0.4053585 Vali Loss: 0.9256834 Test Loss: 0.4182377
EarlyStopping counter: 68 out of 100
Updating learning rate to 1.7696434542799797e-08
Epoch: 86 cost time: 0.8343794345855713
Epoch: 86, Steps: 63 | Train Loss: 0.4050440 Vali Loss: 0.9253840 Test Loss: 0.4183310
EarlyStopping counter: 69 out of 100
Updating learning rate to 1.5926791088519817e-08
Epoch: 87 cost time: 0.8497023582458496
Epoch: 87, Steps: 63 | Train Loss: 0.4052321 Vali Loss: 0.9255053 Test Loss: 0.4182768
EarlyStopping counter: 70 out of 100
Updating learning rate to 1.4334111979667836e-08
Epoch: 88 cost time: 0.8467586040496826
Epoch: 88, Steps: 63 | Train Loss: 0.4053043 Vali Loss: 0.9253423 Test Loss: 0.4183051
EarlyStopping counter: 71 out of 100
Updating learning rate to 1.2900700781701054e-08
Epoch: 89 cost time: 0.8756027221679688
Epoch: 89, Steps: 63 | Train Loss: 0.4052904 Vali Loss: 0.9257689 Test Loss: 0.4183134
EarlyStopping counter: 72 out of 100
Updating learning rate to 1.161063070353095e-08
Epoch: 90 cost time: 0.8501343727111816
Epoch: 90, Steps: 63 | Train Loss: 0.4053414 Vali Loss: 0.9256152 Test Loss: 0.4182678
EarlyStopping counter: 73 out of 100
Updating learning rate to 1.0449567633177854e-08
Epoch: 91 cost time: 0.858773946762085
Epoch: 91, Steps: 63 | Train Loss: 0.4050874 Vali Loss: 0.9251258 Test Loss: 0.4182849
EarlyStopping counter: 74 out of 100
Updating learning rate to 9.404610869860069e-09
Epoch: 92 cost time: 0.8565828800201416
Epoch: 92, Steps: 63 | Train Loss: 0.4056494 Vali Loss: 0.9256446 Test Loss: 0.4182047
EarlyStopping counter: 75 out of 100
Updating learning rate to 8.464149782874063e-09
Epoch: 93 cost time: 0.8545560836791992
Epoch: 93, Steps: 63 | Train Loss: 0.4051981 Vali Loss: 0.9256259 Test Loss: 0.4183172
EarlyStopping counter: 76 out of 100
Updating learning rate to 7.617734804586658e-09
Epoch: 94 cost time: 0.8897290229797363
Epoch: 94, Steps: 63 | Train Loss: 0.4051687 Vali Loss: 0.9256151 Test Loss: 0.4182976
EarlyStopping counter: 77 out of 100
Updating learning rate to 6.855961324127991e-09
Epoch: 95 cost time: 0.8484864234924316
Epoch: 95, Steps: 63 | Train Loss: 0.4050894 Vali Loss: 0.9256639 Test Loss: 0.4182889
EarlyStopping counter: 78 out of 100
Updating learning rate to 6.170365191715193e-09
Epoch: 96 cost time: 0.9150452613830566
Epoch: 96, Steps: 63 | Train Loss: 0.4052776 Vali Loss: 0.9256013 Test Loss: 0.4182799
EarlyStopping counter: 79 out of 100
Updating learning rate to 5.5533286725436726e-09
Epoch: 97 cost time: 0.8575422763824463
Epoch: 97, Steps: 63 | Train Loss: 0.4051672 Vali Loss: 0.9256915 Test Loss: 0.4184649
EarlyStopping counter: 80 out of 100
Updating learning rate to 4.997995805289306e-09
Epoch: 98 cost time: 0.8580589294433594
Epoch: 98, Steps: 63 | Train Loss: 0.4048030 Vali Loss: 0.9257922 Test Loss: 0.4183480
EarlyStopping counter: 81 out of 100
Updating learning rate to 4.498196224760375e-09
Epoch: 99 cost time: 0.8477253913879395
Epoch: 99, Steps: 63 | Train Loss: 0.4051521 Vali Loss: 0.9252696 Test Loss: 0.4182702
EarlyStopping counter: 82 out of 100
Updating learning rate to 4.048376602284338e-09
Epoch: 100 cost time: 0.8465673923492432
Epoch: 100, Steps: 63 | Train Loss: 0.4054648 Vali Loss: 0.9254265 Test Loss: 0.4182750
EarlyStopping counter: 83 out of 100
Updating learning rate to 3.643538942055904e-09
>>>>>>>testing : NL_etth1_cms_lr0.0001_always_336_192_PatchTST_ETTh1_ftM_sl336_ll48_pl192_dm16_nh4_el3_dl1_df128_fc1_ebtimeF_dtTruelr0.0001_polalways_Nested_Learning_0<<<<<<<<<<<<<<<<<<<<<<<<<<<<<<<<<
test 2689
 Ejecutando Inferencia DINÁMICA (Nested Learning con cms)
  -> Política: always | LR: 0.0001 | Target: head

RESUMEN: El CMS se actualizó 21 veces de 21 posibles.

mse:0.41640418767929077, mae:0.4227774441242218, rse:0.6127866506576538
Args in experiment:
Namespace(random_seed=2021, is_training=1, model_id='NL_etth1_cms_lr0.0001_always_336_336', model='PatchTST', data='ETTh1', root_path='./dataset/', data_path='ETTh1.csv', features='M', target='OT', freq='h', checkpoints='./checkpoints/', seq_len=336, label_len=48, pred_len=336, head_type='cms', cms_lr=0.0001, update_policy='always', fc_dropout=0.3, head_dropout=0.0, patch_len=16, stride=8, padding_patch='end', revin=1, affine=0, subtract_last=0, decomposition=0, kernel_size=25, individual=0, embed_type=0, enc_in=7, dec_in=7, c_out=7, d_model=16, n_heads=4, e_layers=3, d_layers=1, d_ff=128, moving_avg=25, factor=1, distil=True, dropout=0.3, embed='timeF', activation='gelu', output_attention=False, do_predict=False, num_workers=0, itr=1, train_epochs=100, batch_size=128, patience=100, learning_rate=0.0001, des='Nested_Learning', loss='mse', lradj='type3', pct_start=0.3, use_amp=False, use_gpu=True, gpu=0, use_multi_gpu=False, devices='0,1,2,3', test_flop=False)
Use GPU: cuda:0
>>>>>>>start training : NL_etth1_cms_lr0.0001_always_336_336_PatchTST_ETTh1_ftM_sl336_ll48_pl336_dm16_nh4_el3_dl1_df128_fc1_ebtimeF_dtTruelr0.0001_polalways_Nested_Learning_0>>>>>>>>>>>>>>>>>>>>>>>>>>
train 7969
val 2545
test 2545
Epoch: 1 cost time: 1.2622523307800293
Epoch: 1, Steps: 62 | Train Loss: 0.8285972 Vali Loss: 1.7525562 Test Loss: 0.7942272
Validation loss decreased (inf --> 1.752556).  Saving model ...
Updating learning rate to 0.0001
Epoch: 2 cost time: 0.8628206253051758
Epoch: 2, Steps: 62 | Train Loss: 0.6666127 Vali Loss: 1.2833003 Test Loss: 0.4968624
Validation loss decreased (1.752556 --> 1.283300).  Saving model ...
Updating learning rate to 0.0001
Epoch: 3 cost time: 0.86539626121521
Epoch: 3, Steps: 62 | Train Loss: 0.5607779 Vali Loss: 1.2159332 Test Loss: 0.4614459
Validation loss decreased (1.283300 --> 1.215933).  Saving model ...
Updating learning rate to 0.0001
Epoch: 4 cost time: 0.9002742767333984
Epoch: 4, Steps: 62 | Train Loss: 0.5245998 Vali Loss: 1.1835493 Test Loss: 0.4484239
Validation loss decreased (1.215933 --> 1.183549).  Saving model ...
Updating learning rate to 9e-05
Epoch: 5 cost time: 0.9034104347229004
Epoch: 5, Steps: 62 | Train Loss: 0.5059322 Vali Loss: 1.1771201 Test Loss: 0.4417864
Validation loss decreased (1.183549 --> 1.177120).  Saving model ...
Updating learning rate to 8.1e-05
Epoch: 6 cost time: 0.8556835651397705
Epoch: 6, Steps: 62 | Train Loss: 0.4953881 Vali Loss: 1.1711841 Test Loss: 0.4376742
Validation loss decreased (1.177120 --> 1.171184).  Saving model ...
Updating learning rate to 7.290000000000001e-05
Epoch: 7 cost time: 0.8912899494171143
Epoch: 7, Steps: 62 | Train Loss: 0.4890936 Vali Loss: 1.1677243 Test Loss: 0.4352598
Validation loss decreased (1.171184 --> 1.167724).  Saving model ...
Updating learning rate to 6.561e-05
Epoch: 8 cost time: 0.8626909255981445
Epoch: 8, Steps: 62 | Train Loss: 0.4845368 Vali Loss: 1.1733429 Test Loss: 0.4344297
EarlyStopping counter: 1 out of 100
Updating learning rate to 5.904900000000001e-05
Epoch: 9 cost time: 0.8462493419647217
Epoch: 9, Steps: 62 | Train Loss: 0.4803331 Vali Loss: 1.1661476 Test Loss: 0.4349743
Validation loss decreased (1.167724 --> 1.166148).  Saving model ...
Updating learning rate to 5.3144100000000005e-05
Epoch: 10 cost time: 0.8491840362548828
Epoch: 10, Steps: 62 | Train Loss: 0.4773026 Vali Loss: 1.1712518 Test Loss: 0.4354087
EarlyStopping counter: 1 out of 100
Updating learning rate to 4.782969000000001e-05
Epoch: 11 cost time: 0.8986964225769043
Epoch: 11, Steps: 62 | Train Loss: 0.4746961 Vali Loss: 1.1748827 Test Loss: 0.4361272
EarlyStopping counter: 2 out of 100
Updating learning rate to 4.304672100000001e-05
Epoch: 12 cost time: 0.8482494354248047
Epoch: 12, Steps: 62 | Train Loss: 0.4727620 Vali Loss: 1.1720718 Test Loss: 0.4372709
EarlyStopping counter: 3 out of 100
Updating learning rate to 3.874204890000001e-05
Epoch: 13 cost time: 0.8550491333007812
Epoch: 13, Steps: 62 | Train Loss: 0.4707317 Vali Loss: 1.1756942 Test Loss: 0.4382870
EarlyStopping counter: 4 out of 100
Updating learning rate to 3.486784401000001e-05
Epoch: 14 cost time: 0.8462851047515869
Epoch: 14, Steps: 62 | Train Loss: 0.4688269 Vali Loss: 1.1794636 Test Loss: 0.4389425
EarlyStopping counter: 5 out of 100
Updating learning rate to 3.138105960900001e-05
Epoch: 15 cost time: 0.8501725196838379
Epoch: 15, Steps: 62 | Train Loss: 0.4680520 Vali Loss: 1.1746373 Test Loss: 0.4402965
EarlyStopping counter: 6 out of 100
Updating learning rate to 2.824295364810001e-05
Epoch: 16 cost time: 0.8482406139373779
Epoch: 16, Steps: 62 | Train Loss: 0.4668345 Vali Loss: 1.1796885 Test Loss: 0.4403112
EarlyStopping counter: 7 out of 100
Updating learning rate to 2.541865828329001e-05
Epoch: 17 cost time: 0.8538007736206055
Epoch: 17, Steps: 62 | Train Loss: 0.4659308 Vali Loss: 1.1796817 Test Loss: 0.4401895
EarlyStopping counter: 8 out of 100
Updating learning rate to 2.287679245496101e-05
Epoch: 18 cost time: 0.8473474979400635
Epoch: 18, Steps: 62 | Train Loss: 0.4649715 Vali Loss: 1.1756001 Test Loss: 0.4411570
EarlyStopping counter: 9 out of 100
Updating learning rate to 2.0589113209464907e-05
Epoch: 19 cost time: 0.8488883972167969
Epoch: 19, Steps: 62 | Train Loss: 0.4641296 Vali Loss: 1.1814753 Test Loss: 0.4418915
EarlyStopping counter: 10 out of 100
Updating learning rate to 1.8530201888518416e-05
Epoch: 20 cost time: 0.8600594997406006
Epoch: 20, Steps: 62 | Train Loss: 0.4635695 Vali Loss: 1.1857809 Test Loss: 0.4418310
EarlyStopping counter: 11 out of 100
Updating learning rate to 1.6677181699666577e-05
Epoch: 21 cost time: 0.9028720855712891
Epoch: 21, Steps: 62 | Train Loss: 0.4630693 Vali Loss: 1.1886505 Test Loss: 0.4426401
EarlyStopping counter: 12 out of 100
Updating learning rate to 1.5009463529699919e-05
Epoch: 22 cost time: 0.8728377819061279
Epoch: 22, Steps: 62 | Train Loss: 0.4621594 Vali Loss: 1.1841960 Test Loss: 0.4427948
EarlyStopping counter: 13 out of 100
Updating learning rate to 1.3508517176729929e-05
Epoch: 23 cost time: 0.8761165142059326
Epoch: 23, Steps: 62 | Train Loss: 0.4618629 Vali Loss: 1.1858063 Test Loss: 0.4424702
EarlyStopping counter: 14 out of 100
Updating learning rate to 1.2157665459056936e-05
Epoch: 24 cost time: 0.8668117523193359
Epoch: 24, Steps: 62 | Train Loss: 0.4614371 Vali Loss: 1.1842586 Test Loss: 0.4421822
EarlyStopping counter: 15 out of 100
Updating learning rate to 1.0941898913151242e-05
Epoch: 25 cost time: 0.9149768352508545
Epoch: 25, Steps: 62 | Train Loss: 0.4613880 Vali Loss: 1.1885904 Test Loss: 0.4423879
EarlyStopping counter: 16 out of 100
Updating learning rate to 9.847709021836118e-06
Epoch: 26 cost time: 0.8669509887695312
Epoch: 26, Steps: 62 | Train Loss: 0.4609027 Vali Loss: 1.1899345 Test Loss: 0.4429257
EarlyStopping counter: 17 out of 100
Updating learning rate to 8.862938119652508e-06
Epoch: 27 cost time: 0.8453929424285889
Epoch: 27, Steps: 62 | Train Loss: 0.4602042 Vali Loss: 1.1881068 Test Loss: 0.4426327
EarlyStopping counter: 18 out of 100
Updating learning rate to 7.976644307687255e-06
Epoch: 28 cost time: 0.8490121364593506
Epoch: 28, Steps: 62 | Train Loss: 0.4601352 Vali Loss: 1.1846019 Test Loss: 0.4428541
EarlyStopping counter: 19 out of 100
Updating learning rate to 7.178979876918531e-06
Epoch: 29 cost time: 0.8503439426422119
Epoch: 29, Steps: 62 | Train Loss: 0.4598616 Vali Loss: 1.1828467 Test Loss: 0.4430791
EarlyStopping counter: 20 out of 100
Updating learning rate to 6.4610818892266776e-06
Epoch: 30 cost time: 0.8498475551605225
Epoch: 30, Steps: 62 | Train Loss: 0.4594824 Vali Loss: 1.1952626 Test Loss: 0.4431014
EarlyStopping counter: 21 out of 100
Updating learning rate to 5.8149737003040096e-06
Epoch: 31 cost time: 0.8471121788024902
Epoch: 31, Steps: 62 | Train Loss: 0.4588727 Vali Loss: 1.1930383 Test Loss: 0.4435116
EarlyStopping counter: 22 out of 100
Updating learning rate to 5.23347633027361e-06
Epoch: 32 cost time: 0.8460595607757568
Epoch: 32, Steps: 62 | Train Loss: 0.4594155 Vali Loss: 1.1888348 Test Loss: 0.4433906
EarlyStopping counter: 23 out of 100
Updating learning rate to 4.710128697246249e-06
Epoch: 33 cost time: 0.8502309322357178
Epoch: 33, Steps: 62 | Train Loss: 0.4591582 Vali Loss: 1.1876189 Test Loss: 0.4436921
EarlyStopping counter: 24 out of 100
Updating learning rate to 4.239115827521624e-06
Epoch: 34 cost time: 0.8483765125274658
Epoch: 34, Steps: 62 | Train Loss: 0.4589376 Vali Loss: 1.1912549 Test Loss: 0.4433055
EarlyStopping counter: 25 out of 100
Updating learning rate to 3.815204244769462e-06
Epoch: 35 cost time: 0.8502519130706787
Epoch: 35, Steps: 62 | Train Loss: 0.4590290 Vali Loss: 1.1895664 Test Loss: 0.4438834
EarlyStopping counter: 26 out of 100
Updating learning rate to 3.4336838202925152e-06
Epoch: 36 cost time: 0.8481729030609131
Epoch: 36, Steps: 62 | Train Loss: 0.4588658 Vali Loss: 1.1903716 Test Loss: 0.4436075
EarlyStopping counter: 27 out of 100
Updating learning rate to 3.090315438263264e-06
Epoch: 37 cost time: 0.8458421230316162
Epoch: 37, Steps: 62 | Train Loss: 0.4586003 Vali Loss: 1.1934502 Test Loss: 0.4432902
EarlyStopping counter: 28 out of 100
Updating learning rate to 2.7812838944369375e-06
Epoch: 38 cost time: 0.8476982116699219
Epoch: 38, Steps: 62 | Train Loss: 0.4585850 Vali Loss: 1.1856416 Test Loss: 0.4439195
EarlyStopping counter: 29 out of 100
Updating learning rate to 2.503155504993244e-06
Epoch: 39 cost time: 0.858851432800293
Epoch: 39, Steps: 62 | Train Loss: 0.4583306 Vali Loss: 1.1890081 Test Loss: 0.4436693
EarlyStopping counter: 30 out of 100
Updating learning rate to 2.2528399544939195e-06
Epoch: 40 cost time: 0.8463060855865479
Epoch: 40, Steps: 62 | Train Loss: 0.4583971 Vali Loss: 1.1874337 Test Loss: 0.4431973
EarlyStopping counter: 31 out of 100
Updating learning rate to 2.0275559590445276e-06
Epoch: 41 cost time: 0.8493678569793701
Epoch: 41, Steps: 62 | Train Loss: 0.4581615 Vali Loss: 1.1841573 Test Loss: 0.4438128
EarlyStopping counter: 32 out of 100
Updating learning rate to 1.8248003631400751e-06
Epoch: 42 cost time: 0.8466274738311768
Epoch: 42, Steps: 62 | Train Loss: 0.4583575 Vali Loss: 1.1887352 Test Loss: 0.4438594
EarlyStopping counter: 33 out of 100
Updating learning rate to 1.6423203268260676e-06
Epoch: 43 cost time: 0.8590972423553467
Epoch: 43, Steps: 62 | Train Loss: 0.4577705 Vali Loss: 1.1940603 Test Loss: 0.4439488
EarlyStopping counter: 34 out of 100
Updating learning rate to 1.4780882941434609e-06
Epoch: 44 cost time: 0.8549187183380127
Epoch: 44, Steps: 62 | Train Loss: 0.4580554 Vali Loss: 1.1927468 Test Loss: 0.4438432
EarlyStopping counter: 35 out of 100
Updating learning rate to 1.3302794647291146e-06
Epoch: 45 cost time: 0.8462598323822021
Epoch: 45, Steps: 62 | Train Loss: 0.4580385 Vali Loss: 1.1870047 Test Loss: 0.4437342
EarlyStopping counter: 36 out of 100
Updating learning rate to 1.1972515182562034e-06
Epoch: 46 cost time: 0.8520925045013428
Epoch: 46, Steps: 62 | Train Loss: 0.4581010 Vali Loss: 1.1856152 Test Loss: 0.4438018
EarlyStopping counter: 37 out of 100
Updating learning rate to 1.077526366430583e-06
Epoch: 47 cost time: 0.8546361923217773
Epoch: 47, Steps: 62 | Train Loss: 0.4581772 Vali Loss: 1.1919955 Test Loss: 0.4437272
EarlyStopping counter: 38 out of 100
Updating learning rate to 9.697737297875248e-07
Epoch: 48 cost time: 0.8462741374969482
Epoch: 48, Steps: 62 | Train Loss: 0.4578965 Vali Loss: 1.1881796 Test Loss: 0.4436800
EarlyStopping counter: 39 out of 100
Updating learning rate to 8.727963568087723e-07
Epoch: 49 cost time: 0.8494772911071777
Epoch: 49, Steps: 62 | Train Loss: 0.4585610 Vali Loss: 1.1906971 Test Loss: 0.4439388
EarlyStopping counter: 40 out of 100
Updating learning rate to 7.855167211278951e-07
Epoch: 50 cost time: 0.8483543395996094
Epoch: 50, Steps: 62 | Train Loss: 0.4580075 Vali Loss: 1.1933955 Test Loss: 0.4438109
EarlyStopping counter: 41 out of 100
Updating learning rate to 7.069650490151056e-07
Epoch: 51 cost time: 0.8617022037506104
Epoch: 51, Steps: 62 | Train Loss: 0.4575588 Vali Loss: 1.1950827 Test Loss: 0.4439995
EarlyStopping counter: 42 out of 100
Updating learning rate to 6.36268544113595e-07
Epoch: 52 cost time: 0.8730208873748779
Epoch: 52, Steps: 62 | Train Loss: 0.4582910 Vali Loss: 1.1917906 Test Loss: 0.4435634
EarlyStopping counter: 43 out of 100
Updating learning rate to 5.726416897022355e-07
Epoch: 53 cost time: 0.8525516986846924
Epoch: 53, Steps: 62 | Train Loss: 0.4579273 Vali Loss: 1.1919880 Test Loss: 0.4439333
EarlyStopping counter: 44 out of 100
Updating learning rate to 5.15377520732012e-07
Epoch: 54 cost time: 0.8448173999786377
Epoch: 54, Steps: 62 | Train Loss: 0.4580077 Vali Loss: 1.1937522 Test Loss: 0.4439898
EarlyStopping counter: 45 out of 100
Updating learning rate to 4.6383976865881085e-07
Epoch: 55 cost time: 0.8438401222229004
Epoch: 55, Steps: 62 | Train Loss: 0.4579732 Vali Loss: 1.1965090 Test Loss: 0.4440754
EarlyStopping counter: 46 out of 100
Updating learning rate to 4.174557917929298e-07
Epoch: 56 cost time: 0.8526051044464111
Epoch: 56, Steps: 62 | Train Loss: 0.4579112 Vali Loss: 1.1915216 Test Loss: 0.4437992
EarlyStopping counter: 47 out of 100
Updating learning rate to 3.7571021261363677e-07
Epoch: 57 cost time: 0.8449628353118896
Epoch: 57, Steps: 62 | Train Loss: 0.4578730 Vali Loss: 1.1917055 Test Loss: 0.4438215
EarlyStopping counter: 48 out of 100
Updating learning rate to 3.381391913522731e-07
Epoch: 58 cost time: 0.8463656902313232
Epoch: 58, Steps: 62 | Train Loss: 0.4576796 Vali Loss: 1.1875407 Test Loss: 0.4440285
EarlyStopping counter: 49 out of 100
Updating learning rate to 3.043252722170458e-07
Epoch: 59 cost time: 0.8537261486053467
Epoch: 59, Steps: 62 | Train Loss: 0.4575614 Vali Loss: 1.1875575 Test Loss: 0.4437845
EarlyStopping counter: 50 out of 100
Updating learning rate to 2.7389274499534124e-07
Epoch: 60 cost time: 0.8440432548522949
Epoch: 60, Steps: 62 | Train Loss: 0.4582498 Vali Loss: 1.1892749 Test Loss: 0.4434597
EarlyStopping counter: 51 out of 100
Updating learning rate to 2.465034704958071e-07
Epoch: 61 cost time: 0.9225549697875977
Epoch: 61, Steps: 62 | Train Loss: 0.4576373 Vali Loss: 1.1905911 Test Loss: 0.4433747
EarlyStopping counter: 52 out of 100
Updating learning rate to 2.218531234462264e-07
Epoch: 62 cost time: 0.8460471630096436
Epoch: 62, Steps: 62 | Train Loss: 0.4577434 Vali Loss: 1.1962726 Test Loss: 0.4441859
EarlyStopping counter: 53 out of 100
Updating learning rate to 1.9966781110160376e-07
Epoch: 63 cost time: 0.8451330661773682
Epoch: 63, Steps: 62 | Train Loss: 0.4580969 Vali Loss: 1.1941226 Test Loss: 0.4441954
EarlyStopping counter: 54 out of 100
Updating learning rate to 1.797010299914434e-07
Epoch: 64 cost time: 0.8448367118835449
Epoch: 64, Steps: 62 | Train Loss: 0.4577791 Vali Loss: 1.1904575 Test Loss: 0.4435604
EarlyStopping counter: 55 out of 100
Updating learning rate to 1.6173092699229907e-07
Epoch: 65 cost time: 0.8495869636535645
Epoch: 65, Steps: 62 | Train Loss: 0.4572594 Vali Loss: 1.1924243 Test Loss: 0.4437133
EarlyStopping counter: 56 out of 100
Updating learning rate to 1.4555783429306916e-07
Epoch: 66 cost time: 0.8954441547393799
Epoch: 66, Steps: 62 | Train Loss: 0.4581563 Vali Loss: 1.1916498 Test Loss: 0.4437846
EarlyStopping counter: 57 out of 100
Updating learning rate to 1.3100205086376224e-07
Epoch: 67 cost time: 0.8476665019989014
Epoch: 67, Steps: 62 | Train Loss: 0.4575266 Vali Loss: 1.1877700 Test Loss: 0.4437608
EarlyStopping counter: 58 out of 100
Updating learning rate to 1.1790184577738603e-07
Epoch: 68 cost time: 0.8536932468414307
Epoch: 68, Steps: 62 | Train Loss: 0.4577892 Vali Loss: 1.1931232 Test Loss: 0.4437344
EarlyStopping counter: 59 out of 100
Updating learning rate to 1.0611166119964742e-07
Epoch: 69 cost time: 0.8698275089263916
Epoch: 69, Steps: 62 | Train Loss: 0.4576978 Vali Loss: 1.1945180 Test Loss: 0.4435224
EarlyStopping counter: 60 out of 100
Updating learning rate to 9.550049507968268e-08
Epoch: 70 cost time: 0.8587889671325684
Epoch: 70, Steps: 62 | Train Loss: 0.4576763 Vali Loss: 1.1926466 Test Loss: 0.4440819
EarlyStopping counter: 61 out of 100
Updating learning rate to 8.595044557171442e-08
Epoch: 71 cost time: 0.8883087635040283
Epoch: 71, Steps: 62 | Train Loss: 0.4581114 Vali Loss: 1.1953757 Test Loss: 0.4438081
EarlyStopping counter: 62 out of 100
Updating learning rate to 7.735540101454298e-08
Epoch: 72 cost time: 0.8567993640899658
Epoch: 72, Steps: 62 | Train Loss: 0.4579084 Vali Loss: 1.1920180 Test Loss: 0.4440231
EarlyStopping counter: 63 out of 100
Updating learning rate to 6.961986091308869e-08
Epoch: 73 cost time: 0.8781328201293945
Epoch: 73, Steps: 62 | Train Loss: 0.4575251 Vali Loss: 1.1922199 Test Loss: 0.4434684
EarlyStopping counter: 64 out of 100
Updating learning rate to 6.265787482177981e-08
Epoch: 74 cost time: 0.905893087387085
Epoch: 74, Steps: 62 | Train Loss: 0.4579116 Vali Loss: 1.1910107 Test Loss: 0.4440176
EarlyStopping counter: 65 out of 100
Updating learning rate to 5.639208733960184e-08
Epoch: 75 cost time: 0.866715669631958
Epoch: 75, Steps: 62 | Train Loss: 0.4581664 Vali Loss: 1.1925714 Test Loss: 0.4436675
EarlyStopping counter: 66 out of 100
Updating learning rate to 5.075287860564165e-08
Epoch: 76 cost time: 0.8477191925048828
Epoch: 76, Steps: 62 | Train Loss: 0.4579856 Vali Loss: 1.1951761 Test Loss: 0.4436972
EarlyStopping counter: 67 out of 100
Updating learning rate to 4.567759074507749e-08
Epoch: 77 cost time: 0.8498790264129639
Epoch: 77, Steps: 62 | Train Loss: 0.4577765 Vali Loss: 1.1943501 Test Loss: 0.4437951
EarlyStopping counter: 68 out of 100
Updating learning rate to 4.1109831670569744e-08
Epoch: 78 cost time: 0.8652963638305664
Epoch: 78, Steps: 62 | Train Loss: 0.4581423 Vali Loss: 1.1916320 Test Loss: 0.4433988
EarlyStopping counter: 69 out of 100
Updating learning rate to 3.6998848503512764e-08
Epoch: 79 cost time: 0.896399974822998
Epoch: 79, Steps: 62 | Train Loss: 0.4576314 Vali Loss: 1.1914581 Test Loss: 0.4440415
EarlyStopping counter: 70 out of 100
Updating learning rate to 3.3298963653161496e-08
Epoch: 80 cost time: 0.8468866348266602
Epoch: 80, Steps: 62 | Train Loss: 0.4577439 Vali Loss: 1.1914638 Test Loss: 0.4439436
EarlyStopping counter: 71 out of 100
Updating learning rate to 2.996906728784534e-08
Epoch: 81 cost time: 0.8468286991119385
Epoch: 81, Steps: 62 | Train Loss: 0.4580099 Vali Loss: 1.1870664 Test Loss: 0.4435326
EarlyStopping counter: 72 out of 100
Updating learning rate to 2.697216055906081e-08
Epoch: 82 cost time: 0.8480567932128906
Epoch: 82, Steps: 62 | Train Loss: 0.4580888 Vali Loss: 1.1868303 Test Loss: 0.4438326
EarlyStopping counter: 73 out of 100
Updating learning rate to 2.427494450315473e-08
Epoch: 83 cost time: 0.8454773426055908
Epoch: 83, Steps: 62 | Train Loss: 0.4575060 Vali Loss: 1.1889795 Test Loss: 0.4439588
EarlyStopping counter: 74 out of 100
Updating learning rate to 2.1847450052839257e-08
Epoch: 84 cost time: 0.8495874404907227
Epoch: 84, Steps: 62 | Train Loss: 0.4579048 Vali Loss: 1.1913449 Test Loss: 0.4438673
EarlyStopping counter: 75 out of 100
Updating learning rate to 1.9662705047555332e-08
Epoch: 85 cost time: 0.8513784408569336
Epoch: 85, Steps: 62 | Train Loss: 0.4581015 Vali Loss: 1.1879327 Test Loss: 0.4438600
EarlyStopping counter: 76 out of 100
Updating learning rate to 1.7696434542799797e-08
Epoch: 86 cost time: 0.846092939376831
Epoch: 86, Steps: 62 | Train Loss: 0.4576192 Vali Loss: 1.1912284 Test Loss: 0.4440213
EarlyStopping counter: 77 out of 100
Updating learning rate to 1.5926791088519817e-08
Epoch: 87 cost time: 0.8469274044036865
Epoch: 87, Steps: 62 | Train Loss: 0.4570961 Vali Loss: 1.1921839 Test Loss: 0.4441221
EarlyStopping counter: 78 out of 100
Updating learning rate to 1.4334111979667836e-08
Epoch: 88 cost time: 0.8803565502166748
Epoch: 88, Steps: 62 | Train Loss: 0.4575428 Vali Loss: 1.1941315 Test Loss: 0.4439698
EarlyStopping counter: 79 out of 100
Updating learning rate to 1.2900700781701054e-08
Epoch: 89 cost time: 0.854130744934082
Epoch: 89, Steps: 62 | Train Loss: 0.4578367 Vali Loss: 1.1892991 Test Loss: 0.4436355
EarlyStopping counter: 80 out of 100
Updating learning rate to 1.161063070353095e-08
Epoch: 90 cost time: 0.8494501113891602
Epoch: 90, Steps: 62 | Train Loss: 0.4573854 Vali Loss: 1.1927121 Test Loss: 0.4436090
EarlyStopping counter: 81 out of 100
Updating learning rate to 1.0449567633177854e-08
Epoch: 91 cost time: 0.8514807224273682
Epoch: 91, Steps: 62 | Train Loss: 0.4575947 Vali Loss: 1.1905298 Test Loss: 0.4439735
EarlyStopping counter: 82 out of 100
Updating learning rate to 9.404610869860069e-09
Epoch: 92 cost time: 0.8473320007324219
Epoch: 92, Steps: 62 | Train Loss: 0.4577795 Vali Loss: 1.1927160 Test Loss: 0.4441076
EarlyStopping counter: 83 out of 100
Updating learning rate to 8.464149782874063e-09
Epoch: 93 cost time: 0.84694504737854
Epoch: 93, Steps: 62 | Train Loss: 0.4575774 Vali Loss: 1.1856389 Test Loss: 0.4436516
EarlyStopping counter: 84 out of 100
Updating learning rate to 7.617734804586658e-09
Epoch: 94 cost time: 0.8534784317016602
Epoch: 94, Steps: 62 | Train Loss: 0.4574457 Vali Loss: 1.1920398 Test Loss: 0.4439407
EarlyStopping counter: 85 out of 100
Updating learning rate to 6.855961324127991e-09
Epoch: 95 cost time: 0.8532531261444092
Epoch: 95, Steps: 62 | Train Loss: 0.4575254 Vali Loss: 1.1897982 Test Loss: 0.4441016
EarlyStopping counter: 86 out of 100
Updating learning rate to 6.170365191715193e-09
Epoch: 96 cost time: 0.8672285079956055
Epoch: 96, Steps: 62 | Train Loss: 0.4577641 Vali Loss: 1.1886222 Test Loss: 0.4435206
EarlyStopping counter: 87 out of 100
Updating learning rate to 5.5533286725436726e-09
Epoch: 97 cost time: 0.8532049655914307
Epoch: 97, Steps: 62 | Train Loss: 0.4574664 Vali Loss: 1.1919843 Test Loss: 0.4436629
EarlyStopping counter: 88 out of 100
Updating learning rate to 4.997995805289306e-09
Epoch: 98 cost time: 0.8650209903717041
Epoch: 98, Steps: 62 | Train Loss: 0.4577133 Vali Loss: 1.1949733 Test Loss: 0.4443143
EarlyStopping counter: 89 out of 100
Updating learning rate to 4.498196224760375e-09
Epoch: 99 cost time: 0.8451719284057617
Epoch: 99, Steps: 62 | Train Loss: 0.4575770 Vali Loss: 1.1886002 Test Loss: 0.4437938
EarlyStopping counter: 90 out of 100
Updating learning rate to 4.048376602284338e-09
Epoch: 100 cost time: 0.846257209777832
Epoch: 100, Steps: 62 | Train Loss: 0.4579931 Vali Loss: 1.1884748 Test Loss: 0.4439119
EarlyStopping counter: 91 out of 100
Updating learning rate to 3.643538942055904e-09
>>>>>>>testing : NL_etth1_cms_lr0.0001_always_336_336_PatchTST_ETTh1_ftM_sl336_ll48_pl336_dm16_nh4_el3_dl1_df128_fc1_ebtimeF_dtTruelr0.0001_polalways_Nested_Learning_0<<<<<<<<<<<<<<<<<<<<<<<<<<<<<<<<<
test 2545
 Ejecutando Inferencia DINÁMICA (Nested Learning con cms)
  -> Política: always | LR: 0.0001 | Target: head

RESUMEN: El CMS se actualizó 19 veces de 19 posibles.

mse:0.43311867117881775, mae:0.43714839220046997, rse:0.6291149258613586
Args in experiment:
Namespace(random_seed=2021, is_training=1, model_id='NL_etth1_cms_lr0.0001_always_336_720', model='PatchTST', data='ETTh1', root_path='./dataset/', data_path='ETTh1.csv', features='M', target='OT', freq='h', checkpoints='./checkpoints/', seq_len=336, label_len=48, pred_len=720, head_type='cms', cms_lr=0.0001, update_policy='always', fc_dropout=0.3, head_dropout=0.0, patch_len=16, stride=8, padding_patch='end', revin=1, affine=0, subtract_last=0, decomposition=0, kernel_size=25, individual=0, embed_type=0, enc_in=7, dec_in=7, c_out=7, d_model=16, n_heads=4, e_layers=3, d_layers=1, d_ff=128, moving_avg=25, factor=1, distil=True, dropout=0.3, embed='timeF', activation='gelu', output_attention=False, do_predict=False, num_workers=0, itr=1, train_epochs=100, batch_size=128, patience=100, learning_rate=0.0001, des='Nested_Learning', loss='mse', lradj='type3', pct_start=0.3, use_amp=False, use_gpu=True, gpu=0, use_multi_gpu=False, devices='0,1,2,3', test_flop=False)
Use GPU: cuda:0
>>>>>>>start training : NL_etth1_cms_lr0.0001_always_336_720_PatchTST_ETTh1_ftM_sl336_ll48_pl720_dm16_nh4_el3_dl1_df128_fc1_ebtimeF_dtTruelr0.0001_polalways_Nested_Learning_0>>>>>>>>>>>>>>>>>>>>>>>>>>
train 7585
val 2161
test 2161
Epoch: 1 cost time: 1.2987825870513916
Epoch: 1, Steps: 59 | Train Loss: 0.9182372 Vali Loss: 1.9865345 Test Loss: 0.8043689
Validation loss decreased (inf --> 1.986534).  Saving model ...
Updating learning rate to 0.0001
Epoch: 2 cost time: 0.9448230266571045
Epoch: 2, Steps: 59 | Train Loss: 0.7751703 Vali Loss: 1.5443122 Test Loss: 0.5097396
Validation loss decreased (1.986534 --> 1.544312).  Saving model ...
Updating learning rate to 0.0001
Epoch: 3 cost time: 0.9539539813995361
Epoch: 3, Steps: 59 | Train Loss: 0.6742974 Vali Loss: 1.4814870 Test Loss: 0.4716481
Validation loss decreased (1.544312 --> 1.481487).  Saving model ...
Updating learning rate to 0.0001
Epoch: 4 cost time: 0.8984494209289551
Epoch: 4, Steps: 59 | Train Loss: 0.6379918 Vali Loss: 1.4623966 Test Loss: 0.4624374
Validation loss decreased (1.481487 --> 1.462397).  Saving model ...
Updating learning rate to 9e-05
Epoch: 5 cost time: 0.9237794876098633
Epoch: 5, Steps: 59 | Train Loss: 0.6187583 Vali Loss: 1.4492023 Test Loss: 0.4602296
Validation loss decreased (1.462397 --> 1.449202).  Saving model ...
Updating learning rate to 8.1e-05
Epoch: 6 cost time: 0.9205276966094971
Epoch: 6, Steps: 59 | Train Loss: 0.6061725 Vali Loss: 1.4466684 Test Loss: 0.4623486
Validation loss decreased (1.449202 --> 1.446668).  Saving model ...
Updating learning rate to 7.290000000000001e-05
Epoch: 7 cost time: 0.9360754489898682
Epoch: 7, Steps: 59 | Train Loss: 0.5976109 Vali Loss: 1.4561787 Test Loss: 0.4694276
EarlyStopping counter: 1 out of 100
Updating learning rate to 6.561e-05
Epoch: 8 cost time: 0.905616044998169
Epoch: 8, Steps: 59 | Train Loss: 0.5900971 Vali Loss: 1.4515965 Test Loss: 0.4808762
EarlyStopping counter: 2 out of 100
Updating learning rate to 5.904900000000001e-05
Epoch: 9 cost time: 0.9078590869903564
Epoch: 9, Steps: 59 | Train Loss: 0.5842236 Vali Loss: 1.4601893 Test Loss: 0.4905857
EarlyStopping counter: 3 out of 100
Updating learning rate to 5.3144100000000005e-05
Epoch: 10 cost time: 0.9043958187103271
Epoch: 10, Steps: 59 | Train Loss: 0.5805563 Vali Loss: 1.4626461 Test Loss: 0.4932511
EarlyStopping counter: 4 out of 100
Updating learning rate to 4.782969000000001e-05
Epoch: 11 cost time: 0.9063374996185303
Epoch: 11, Steps: 59 | Train Loss: 0.5760894 Vali Loss: 1.4704287 Test Loss: 0.4962973
EarlyStopping counter: 5 out of 100
Updating learning rate to 4.304672100000001e-05
Epoch: 12 cost time: 0.8894710540771484
Epoch: 12, Steps: 59 | Train Loss: 0.5744694 Vali Loss: 1.4682121 Test Loss: 0.4985647
EarlyStopping counter: 6 out of 100
Updating learning rate to 3.874204890000001e-05
Epoch: 13 cost time: 0.8851418495178223
Epoch: 13, Steps: 59 | Train Loss: 0.5717175 Vali Loss: 1.4764888 Test Loss: 0.4957955
EarlyStopping counter: 7 out of 100
Updating learning rate to 3.486784401000001e-05
Epoch: 14 cost time: 0.8959009647369385
Epoch: 14, Steps: 59 | Train Loss: 0.5699504 Vali Loss: 1.4766493 Test Loss: 0.4970696
EarlyStopping counter: 8 out of 100
Updating learning rate to 3.138105960900001e-05
Epoch: 15 cost time: 0.935662031173706
Epoch: 15, Steps: 59 | Train Loss: 0.5683499 Vali Loss: 1.4805350 Test Loss: 0.4965672
EarlyStopping counter: 9 out of 100
Updating learning rate to 2.824295364810001e-05
Epoch: 16 cost time: 0.8939144611358643
Epoch: 16, Steps: 59 | Train Loss: 0.5670651 Vali Loss: 1.4786777 Test Loss: 0.4964504
EarlyStopping counter: 10 out of 100
Updating learning rate to 2.541865828329001e-05
Epoch: 17 cost time: 0.8860697746276855
Epoch: 17, Steps: 59 | Train Loss: 0.5652402 Vali Loss: 1.4898114 Test Loss: 0.4969127
EarlyStopping counter: 11 out of 100
Updating learning rate to 2.287679245496101e-05
Epoch: 18 cost time: 0.8867661952972412
Epoch: 18, Steps: 59 | Train Loss: 0.5643099 Vali Loss: 1.4903883 Test Loss: 0.4963417
EarlyStopping counter: 12 out of 100
Updating learning rate to 2.0589113209464907e-05
Epoch: 19 cost time: 0.8942179679870605
Epoch: 19, Steps: 59 | Train Loss: 0.5642369 Vali Loss: 1.4812574 Test Loss: 0.4967722
EarlyStopping counter: 13 out of 100
Updating learning rate to 1.8530201888518416e-05
Epoch: 20 cost time: 0.8988440036773682
Epoch: 20, Steps: 59 | Train Loss: 0.5637031 Vali Loss: 1.4809378 Test Loss: 0.4966572
EarlyStopping counter: 14 out of 100
Updating learning rate to 1.6677181699666577e-05
Epoch: 21 cost time: 0.8820035457611084
Epoch: 21, Steps: 59 | Train Loss: 0.5626480 Vali Loss: 1.4807963 Test Loss: 0.4967587
EarlyStopping counter: 15 out of 100
Updating learning rate to 1.5009463529699919e-05
Epoch: 22 cost time: 0.891749382019043
Epoch: 22, Steps: 59 | Train Loss: 0.5623898 Vali Loss: 1.4854922 Test Loss: 0.4973968
EarlyStopping counter: 16 out of 100
Updating learning rate to 1.3508517176729929e-05
Epoch: 23 cost time: 0.8941493034362793
Epoch: 23, Steps: 59 | Train Loss: 0.5612240 Vali Loss: 1.4953122 Test Loss: 0.4963289
EarlyStopping counter: 17 out of 100
Updating learning rate to 1.2157665459056936e-05
Epoch: 24 cost time: 0.8893005847930908
Epoch: 24, Steps: 59 | Train Loss: 0.5609937 Vali Loss: 1.4878323 Test Loss: 0.4973937
EarlyStopping counter: 18 out of 100
Updating learning rate to 1.0941898913151242e-05
Epoch: 25 cost time: 0.8911685943603516
Epoch: 25, Steps: 59 | Train Loss: 0.5599659 Vali Loss: 1.4865818 Test Loss: 0.4973640
EarlyStopping counter: 19 out of 100
Updating learning rate to 9.847709021836118e-06
Epoch: 26 cost time: 0.8808555603027344
Epoch: 26, Steps: 59 | Train Loss: 0.5605000 Vali Loss: 1.4926130 Test Loss: 0.4940605
EarlyStopping counter: 20 out of 100
Updating learning rate to 8.862938119652508e-06
Epoch: 27 cost time: 0.9040653705596924
Epoch: 27, Steps: 59 | Train Loss: 0.5602856 Vali Loss: 1.4891076 Test Loss: 0.4968169
EarlyStopping counter: 21 out of 100
Updating learning rate to 7.976644307687255e-06
Epoch: 28 cost time: 0.8822422027587891
Epoch: 28, Steps: 59 | Train Loss: 0.5596353 Vali Loss: 1.4863772 Test Loss: 0.4957257
EarlyStopping counter: 22 out of 100
Updating learning rate to 7.178979876918531e-06
Epoch: 29 cost time: 0.8886418342590332
Epoch: 29, Steps: 59 | Train Loss: 0.5592133 Vali Loss: 1.4900374 Test Loss: 0.4955429
EarlyStopping counter: 23 out of 100
Updating learning rate to 6.4610818892266776e-06
Epoch: 30 cost time: 0.8906347751617432
Epoch: 30, Steps: 59 | Train Loss: 0.5594797 Vali Loss: 1.4945805 Test Loss: 0.4955962
EarlyStopping counter: 24 out of 100
Updating learning rate to 5.8149737003040096e-06
Epoch: 31 cost time: 0.8880949020385742
Epoch: 31, Steps: 59 | Train Loss: 0.5588919 Vali Loss: 1.4954040 Test Loss: 0.4949333
EarlyStopping counter: 25 out of 100
Updating learning rate to 5.23347633027361e-06
Epoch: 32 cost time: 0.8809328079223633
Epoch: 32, Steps: 59 | Train Loss: 0.5588695 Vali Loss: 1.4916317 Test Loss: 0.4944035
EarlyStopping counter: 26 out of 100
Updating learning rate to 4.710128697246249e-06
Epoch: 33 cost time: 0.8829522132873535
Epoch: 33, Steps: 59 | Train Loss: 0.5581789 Vali Loss: 1.4898990 Test Loss: 0.4960029
EarlyStopping counter: 27 out of 100
Updating learning rate to 4.239115827521624e-06
Epoch: 34 cost time: 0.8871941566467285
Epoch: 34, Steps: 59 | Train Loss: 0.5583848 Vali Loss: 1.4881754 Test Loss: 0.4963160
EarlyStopping counter: 28 out of 100
Updating learning rate to 3.815204244769462e-06
Epoch: 35 cost time: 0.8832480907440186
Epoch: 35, Steps: 59 | Train Loss: 0.5587073 Vali Loss: 1.4903233 Test Loss: 0.4974709
EarlyStopping counter: 29 out of 100
Updating learning rate to 3.4336838202925152e-06
Epoch: 36 cost time: 0.8973660469055176
Epoch: 36, Steps: 59 | Train Loss: 0.5583848 Vali Loss: 1.4967532 Test Loss: 0.4963794
EarlyStopping counter: 30 out of 100
Updating learning rate to 3.090315438263264e-06
Epoch: 37 cost time: 0.8885293006896973
Epoch: 37, Steps: 59 | Train Loss: 0.5578372 Vali Loss: 1.4902132 Test Loss: 0.4955237
EarlyStopping counter: 31 out of 100
Updating learning rate to 2.7812838944369375e-06
Epoch: 38 cost time: 0.9043591022491455
Epoch: 38, Steps: 59 | Train Loss: 0.5583616 Vali Loss: 1.4929354 Test Loss: 0.4950542
EarlyStopping counter: 32 out of 100
Updating learning rate to 2.503155504993244e-06
Epoch: 39 cost time: 0.8929357528686523
Epoch: 39, Steps: 59 | Train Loss: 0.5581166 Vali Loss: 1.4889767 Test Loss: 0.4954043
EarlyStopping counter: 33 out of 100
Updating learning rate to 2.2528399544939195e-06
Epoch: 40 cost time: 0.9073541164398193
Epoch: 40, Steps: 59 | Train Loss: 0.5581995 Vali Loss: 1.4867508 Test Loss: 0.4952311
EarlyStopping counter: 34 out of 100
Updating learning rate to 2.0275559590445276e-06
Epoch: 41 cost time: 0.9010448455810547
Epoch: 41, Steps: 59 | Train Loss: 0.5580851 Vali Loss: 1.4916513 Test Loss: 0.4953824
EarlyStopping counter: 35 out of 100
Updating learning rate to 1.8248003631400751e-06
Epoch: 42 cost time: 0.8850457668304443
Epoch: 42, Steps: 59 | Train Loss: 0.5576533 Vali Loss: 1.4860994 Test Loss: 0.4953502
EarlyStopping counter: 36 out of 100
Updating learning rate to 1.6423203268260676e-06
Epoch: 43 cost time: 0.8892343044281006
Epoch: 43, Steps: 59 | Train Loss: 0.5579499 Vali Loss: 1.4930046 Test Loss: 0.4958376
EarlyStopping counter: 37 out of 100
Updating learning rate to 1.4780882941434609e-06
Epoch: 44 cost time: 0.8870344161987305
Epoch: 44, Steps: 59 | Train Loss: 0.5572755 Vali Loss: 1.4947112 Test Loss: 0.4951988
EarlyStopping counter: 38 out of 100
Updating learning rate to 1.3302794647291146e-06
Epoch: 45 cost time: 0.9129312038421631
Epoch: 45, Steps: 59 | Train Loss: 0.5576604 Vali Loss: 1.4873753 Test Loss: 0.4955033
EarlyStopping counter: 39 out of 100
Updating learning rate to 1.1972515182562034e-06
Epoch: 46 cost time: 0.8906607627868652
Epoch: 46, Steps: 59 | Train Loss: 0.5580921 Vali Loss: 1.4956952 Test Loss: 0.4958505
EarlyStopping counter: 40 out of 100
Updating learning rate to 1.077526366430583e-06
Epoch: 47 cost time: 0.8877959251403809
Epoch: 47, Steps: 59 | Train Loss: 0.5574792 Vali Loss: 1.4894242 Test Loss: 0.4972575
EarlyStopping counter: 41 out of 100
Updating learning rate to 9.697737297875248e-07
Epoch: 48 cost time: 0.8939886093139648
Epoch: 48, Steps: 59 | Train Loss: 0.5576075 Vali Loss: 1.4949925 Test Loss: 0.4967476
EarlyStopping counter: 42 out of 100
Updating learning rate to 8.727963568087723e-07
Epoch: 49 cost time: 0.8876984119415283
Epoch: 49, Steps: 59 | Train Loss: 0.5565272 Vali Loss: 1.4904301 Test Loss: 0.4961808
EarlyStopping counter: 43 out of 100
Updating learning rate to 7.855167211278951e-07
Epoch: 50 cost time: 0.9126396179199219
Epoch: 50, Steps: 59 | Train Loss: 0.5574651 Vali Loss: 1.4895610 Test Loss: 0.4951904
EarlyStopping counter: 44 out of 100
Updating learning rate to 7.069650490151056e-07
Epoch: 51 cost time: 0.892174482345581
Epoch: 51, Steps: 59 | Train Loss: 0.5570542 Vali Loss: 1.4875116 Test Loss: 0.4967513
EarlyStopping counter: 45 out of 100
Updating learning rate to 6.36268544113595e-07
Epoch: 52 cost time: 0.909705638885498
Epoch: 52, Steps: 59 | Train Loss: 0.5570990 Vali Loss: 1.4887364 Test Loss: 0.4960972
EarlyStopping counter: 46 out of 100
Updating learning rate to 5.726416897022355e-07
Epoch: 53 cost time: 0.8878943920135498
Epoch: 53, Steps: 59 | Train Loss: 0.5565722 Vali Loss: 1.4909422 Test Loss: 0.4971711
EarlyStopping counter: 47 out of 100
Updating learning rate to 5.15377520732012e-07
Epoch: 54 cost time: 0.9025020599365234
Epoch: 54, Steps: 59 | Train Loss: 0.5573435 Vali Loss: 1.4889650 Test Loss: 0.4958021
EarlyStopping counter: 48 out of 100
Updating learning rate to 4.6383976865881085e-07
Epoch: 55 cost time: 0.8968894481658936
Epoch: 55, Steps: 59 | Train Loss: 0.5574528 Vali Loss: 1.4923402 Test Loss: 0.4957025
EarlyStopping counter: 49 out of 100
Updating learning rate to 4.174557917929298e-07
Epoch: 56 cost time: 0.912860631942749
Epoch: 56, Steps: 59 | Train Loss: 0.5571800 Vali Loss: 1.4905082 Test Loss: 0.4966607
EarlyStopping counter: 50 out of 100
Updating learning rate to 3.7571021261363677e-07
Epoch: 57 cost time: 0.8934531211853027
Epoch: 57, Steps: 59 | Train Loss: 0.5569129 Vali Loss: 1.4964960 Test Loss: 0.4961217
EarlyStopping counter: 51 out of 100
Updating learning rate to 3.381391913522731e-07
Epoch: 58 cost time: 0.8932688236236572
Epoch: 58, Steps: 59 | Train Loss: 0.5575561 Vali Loss: 1.4967535 Test Loss: 0.4942799
EarlyStopping counter: 52 out of 100
Updating learning rate to 3.043252722170458e-07
Epoch: 59 cost time: 0.9039063453674316
Epoch: 59, Steps: 59 | Train Loss: 0.5575143 Vali Loss: 1.4947414 Test Loss: 0.4959275
EarlyStopping counter: 53 out of 100
Updating learning rate to 2.7389274499534124e-07
Epoch: 60 cost time: 0.8890798091888428
Epoch: 60, Steps: 59 | Train Loss: 0.5566289 Vali Loss: 1.4925239 Test Loss: 0.4960436
EarlyStopping counter: 54 out of 100
Updating learning rate to 2.465034704958071e-07
Epoch: 61 cost time: 0.8851401805877686
Epoch: 61, Steps: 59 | Train Loss: 0.5570686 Vali Loss: 1.4860200 Test Loss: 0.4942620
EarlyStopping counter: 55 out of 100
Updating learning rate to 2.218531234462264e-07
Epoch: 62 cost time: 0.8846607208251953
Epoch: 62, Steps: 59 | Train Loss: 0.5562135 Vali Loss: 1.4936717 Test Loss: 0.4952816
EarlyStopping counter: 56 out of 100
Updating learning rate to 1.9966781110160376e-07
Epoch: 63 cost time: 0.9124681949615479
Epoch: 63, Steps: 59 | Train Loss: 0.5575232 Vali Loss: 1.4904214 Test Loss: 0.4964197
EarlyStopping counter: 57 out of 100
Updating learning rate to 1.797010299914434e-07
Epoch: 64 cost time: 0.8928859233856201
Epoch: 64, Steps: 59 | Train Loss: 0.5571292 Vali Loss: 1.4903975 Test Loss: 0.4958173
EarlyStopping counter: 58 out of 100
Updating learning rate to 1.6173092699229907e-07
Epoch: 65 cost time: 0.8947713375091553
Epoch: 65, Steps: 59 | Train Loss: 0.5567393 Vali Loss: 1.4934326 Test Loss: 0.4953858
EarlyStopping counter: 59 out of 100
Updating learning rate to 1.4555783429306916e-07
Epoch: 66 cost time: 0.8870446681976318
Epoch: 66, Steps: 59 | Train Loss: 0.5575221 Vali Loss: 1.4925742 Test Loss: 0.4947848
EarlyStopping counter: 60 out of 100
Updating learning rate to 1.3100205086376224e-07
Epoch: 67 cost time: 0.8894608020782471
Epoch: 67, Steps: 59 | Train Loss: 0.5569969 Vali Loss: 1.4894178 Test Loss: 0.4953683
EarlyStopping counter: 61 out of 100
Updating learning rate to 1.1790184577738603e-07
Epoch: 68 cost time: 0.8969852924346924
Epoch: 68, Steps: 59 | Train Loss: 0.5564531 Vali Loss: 1.4984559 Test Loss: 0.4932434
EarlyStopping counter: 62 out of 100
Updating learning rate to 1.0611166119964742e-07
Epoch: 69 cost time: 0.8913533687591553
Epoch: 69, Steps: 59 | Train Loss: 0.5574121 Vali Loss: 1.4912777 Test Loss: 0.4953874
EarlyStopping counter: 63 out of 100
Updating learning rate to 9.550049507968268e-08
Epoch: 70 cost time: 0.9034335613250732
Epoch: 70, Steps: 59 | Train Loss: 0.5565743 Vali Loss: 1.4952102 Test Loss: 0.4949040
EarlyStopping counter: 64 out of 100
Updating learning rate to 8.595044557171442e-08
Epoch: 71 cost time: 0.8971948623657227
Epoch: 71, Steps: 59 | Train Loss: 0.5570575 Vali Loss: 1.4885048 Test Loss: 0.4970381
EarlyStopping counter: 65 out of 100
Updating learning rate to 7.735540101454298e-08
Epoch: 72 cost time: 0.8889496326446533
Epoch: 72, Steps: 59 | Train Loss: 0.5570485 Vali Loss: 1.4904199 Test Loss: 0.4965948
EarlyStopping counter: 66 out of 100
Updating learning rate to 6.961986091308869e-08
Epoch: 73 cost time: 0.8933675289154053
Epoch: 73, Steps: 59 | Train Loss: 0.5568949 Vali Loss: 1.4949049 Test Loss: 0.4954184
EarlyStopping counter: 67 out of 100
Updating learning rate to 6.265787482177981e-08
Epoch: 74 cost time: 0.8841037750244141
Epoch: 74, Steps: 59 | Train Loss: 0.5569073 Vali Loss: 1.4903605 Test Loss: 0.4963010
EarlyStopping counter: 68 out of 100
Updating learning rate to 5.639208733960184e-08
Epoch: 75 cost time: 0.8986530303955078
Epoch: 75, Steps: 59 | Train Loss: 0.5571613 Vali Loss: 1.4923556 Test Loss: 0.4954382
EarlyStopping counter: 69 out of 100
Updating learning rate to 5.075287860564165e-08
Epoch: 76 cost time: 0.9240779876708984
Epoch: 76, Steps: 59 | Train Loss: 0.5572714 Vali Loss: 1.4934137 Test Loss: 0.4950111
EarlyStopping counter: 70 out of 100
Updating learning rate to 4.567759074507749e-08
Epoch: 77 cost time: 0.8903727531433105
Epoch: 77, Steps: 59 | Train Loss: 0.5570188 Vali Loss: 1.4867542 Test Loss: 0.4953779
EarlyStopping counter: 71 out of 100
Updating learning rate to 4.1109831670569744e-08
Epoch: 78 cost time: 0.8958554267883301
Epoch: 78, Steps: 59 | Train Loss: 0.5575947 Vali Loss: 1.4945168 Test Loss: 0.4958373
EarlyStopping counter: 72 out of 100
Updating learning rate to 3.6998848503512764e-08
Epoch: 79 cost time: 0.8853559494018555
Epoch: 79, Steps: 59 | Train Loss: 0.5574383 Vali Loss: 1.4852998 Test Loss: 0.4969312
EarlyStopping counter: 73 out of 100
Updating learning rate to 3.3298963653161496e-08
Epoch: 80 cost time: 0.8840827941894531
Epoch: 80, Steps: 59 | Train Loss: 0.5577518 Vali Loss: 1.4858049 Test Loss: 0.4962265
EarlyStopping counter: 74 out of 100
Updating learning rate to 2.996906728784534e-08
Epoch: 81 cost time: 0.8875031471252441
Epoch: 81, Steps: 59 | Train Loss: 0.5569371 Vali Loss: 1.4896815 Test Loss: 0.4949129
EarlyStopping counter: 75 out of 100
Updating learning rate to 2.697216055906081e-08
Epoch: 82 cost time: 0.8942902088165283
Epoch: 82, Steps: 59 | Train Loss: 0.5571346 Vali Loss: 1.4887807 Test Loss: 0.4952973
EarlyStopping counter: 76 out of 100
Updating learning rate to 2.427494450315473e-08
Epoch: 83 cost time: 0.8823819160461426
Epoch: 83, Steps: 59 | Train Loss: 0.5571938 Vali Loss: 1.4880475 Test Loss: 0.4976345
EarlyStopping counter: 77 out of 100
Updating learning rate to 2.1847450052839257e-08
Epoch: 84 cost time: 0.8807845115661621
Epoch: 84, Steps: 59 | Train Loss: 0.5572454 Vali Loss: 1.4915211 Test Loss: 0.4963911
EarlyStopping counter: 78 out of 100
Updating learning rate to 1.9662705047555332e-08
Epoch: 85 cost time: 0.8892042636871338
Epoch: 85, Steps: 59 | Train Loss: 0.5568827 Vali Loss: 1.4892318 Test Loss: 0.4960952
EarlyStopping counter: 79 out of 100
Updating learning rate to 1.7696434542799797e-08
Epoch: 86 cost time: 0.8891077041625977
Epoch: 86, Steps: 59 | Train Loss: 0.5568920 Vali Loss: 1.4865255 Test Loss: 0.4961602
EarlyStopping counter: 80 out of 100
Updating learning rate to 1.5926791088519817e-08
Epoch: 87 cost time: 0.8921008110046387
Epoch: 87, Steps: 59 | Train Loss: 0.5577092 Vali Loss: 1.4918164 Test Loss: 0.4945783
EarlyStopping counter: 81 out of 100
Updating learning rate to 1.4334111979667836e-08
Epoch: 88 cost time: 0.8936302661895752
Epoch: 88, Steps: 59 | Train Loss: 0.5575041 Vali Loss: 1.4975615 Test Loss: 0.4954066
EarlyStopping counter: 82 out of 100
Updating learning rate to 1.2900700781701054e-08
Epoch: 89 cost time: 0.8848476409912109
Epoch: 89, Steps: 59 | Train Loss: 0.5566680 Vali Loss: 1.4919128 Test Loss: 0.4951655
EarlyStopping counter: 83 out of 100
Updating learning rate to 1.161063070353095e-08
Epoch: 90 cost time: 0.887056827545166
Epoch: 90, Steps: 59 | Train Loss: 0.5564809 Vali Loss: 1.4877999 Test Loss: 0.4964864
EarlyStopping counter: 84 out of 100
Updating learning rate to 1.0449567633177854e-08
Epoch: 91 cost time: 0.8842928409576416
Epoch: 91, Steps: 59 | Train Loss: 0.5565264 Vali Loss: 1.4929401 Test Loss: 0.4960470
EarlyStopping counter: 85 out of 100
Updating learning rate to 9.404610869860069e-09
Epoch: 92 cost time: 0.8832383155822754
Epoch: 92, Steps: 59 | Train Loss: 0.5576334 Vali Loss: 1.4928198 Test Loss: 0.4972660
EarlyStopping counter: 86 out of 100
Updating learning rate to 8.464149782874063e-09
Epoch: 93 cost time: 0.8929800987243652
Epoch: 93, Steps: 59 | Train Loss: 0.5571273 Vali Loss: 1.4858799 Test Loss: 0.4960728
EarlyStopping counter: 87 out of 100
Updating learning rate to 7.617734804586658e-09
Epoch: 94 cost time: 0.928307294845581
Epoch: 94, Steps: 59 | Train Loss: 0.5572835 Vali Loss: 1.4915278 Test Loss: 0.4957430
EarlyStopping counter: 88 out of 100
Updating learning rate to 6.855961324127991e-09
Epoch: 95 cost time: 0.8847284317016602
Epoch: 95, Steps: 59 | Train Loss: 0.5571912 Vali Loss: 1.4904035 Test Loss: 0.4962204
EarlyStopping counter: 89 out of 100
Updating learning rate to 6.170365191715193e-09
Epoch: 96 cost time: 0.8857009410858154
Epoch: 96, Steps: 59 | Train Loss: 0.5568484 Vali Loss: 1.4930303 Test Loss: 0.4957712
EarlyStopping counter: 90 out of 100
Updating learning rate to 5.5533286725436726e-09
Epoch: 97 cost time: 0.8892173767089844
Epoch: 97, Steps: 59 | Train Loss: 0.5568071 Vali Loss: 1.4904203 Test Loss: 0.4953684
EarlyStopping counter: 91 out of 100
Updating learning rate to 4.997995805289306e-09
Epoch: 98 cost time: 0.8863303661346436
Epoch: 98, Steps: 59 | Train Loss: 0.5574720 Vali Loss: 1.4916148 Test Loss: 0.4951550
EarlyStopping counter: 92 out of 100
Updating learning rate to 4.498196224760375e-09
Epoch: 99 cost time: 0.8993585109710693
Epoch: 99, Steps: 59 | Train Loss: 0.5566438 Vali Loss: 1.4874668 Test Loss: 0.4969183
EarlyStopping counter: 93 out of 100
Updating learning rate to 4.048376602284338e-09
Epoch: 100 cost time: 0.9072287082672119
Epoch: 100, Steps: 59 | Train Loss: 0.5563406 Vali Loss: 1.4881878 Test Loss: 0.4963121
EarlyStopping counter: 94 out of 100
Updating learning rate to 3.643538942055904e-09
>>>>>>>testing : NL_etth1_cms_lr0.0001_always_336_720_PatchTST_ETTh1_ftM_sl336_ll48_pl720_dm16_nh4_el3_dl1_df128_fc1_ebtimeF_dtTruelr0.0001_polalways_Nested_Learning_0<<<<<<<<<<<<<<<<<<<<<<<<<<<<<<<<<
test 2161
 Ejecutando Inferencia DINÁMICA (Nested Learning con cms)
  -> Política: always | LR: 0.0001 | Target: head

RESUMEN: El CMS se actualizó 16 veces de 16 posibles.

mse:0.45584261417388916, mae:0.4702552855014801, rse:0.6484737396240234
