==========================================================
SÚPER ARRAY TFG - TAREA ID: 88 / 113
Nodo: dionisio
Dataset: weather | Experimento: NL_weather_cms3_lr0.001_5steps
Cabeza: cms3 | LR: 0.001 | Política: 5steps
==========================================================
Args in experiment:
Namespace(random_seed=2021, is_training=1, model_id='NL_weather_cms3_lr0.001_5steps_336_96', model='PatchTST', data='custom', root_path='./dataset/', data_path='weather.csv', features='M', target='OT', freq='h', checkpoints='./checkpoints/', seq_len=336, label_len=48, pred_len=96, head_type='cms3', cms_lr=0.001, update_policy='5steps', fc_dropout=0.2, head_dropout=0.0, patch_len=16, stride=8, padding_patch='end', revin=1, affine=0, subtract_last=0, decomposition=0, kernel_size=25, individual=1, embed_type=0, enc_in=21, dec_in=7, c_out=7, d_model=128, n_heads=16, e_layers=3, d_layers=1, d_ff=256, moving_avg=25, factor=1, distil=True, dropout=0.2, embed='timeF', activation='gelu', output_attention=False, do_predict=False, num_workers=0, itr=1, train_epochs=100, batch_size=128, patience=20, learning_rate=0.0001, des='Nested_Learning', loss='mse', lradj='type3', pct_start=0.3, use_amp=False, use_gpu=True, gpu=0, use_multi_gpu=False, devices='0,1,2,3', test_flop=False)
Use GPU: cuda:0
>>>>>>>start training : NL_weather_cms3_lr0.001_5steps_336_96_PatchTST_custom_ftM_sl336_ll48_pl96_dm128_nh16_el3_dl1_df256_fc1_ebtimeF_dtTruelr0.001_pol_5steps_Nested_Learning_0>>>>>>>>>>>>>>>>>>>>>>>>>>
train 36456
val 5175
test 10444
	iters: 100, epoch: 1 | loss: 0.5126697
	speed: 0.3015s/iter; left time: 8532.3540s
	iters: 200, epoch: 1 | loss: 0.4140215
	speed: 0.1639s/iter; left time: 4622.8891s
Epoch: 1 cost time: 49.8179190158844
Epoch: 1, Steps: 284 | Train Loss: 0.7073669 Vali Loss: 0.4890717 Test Loss: 0.1926940
Validation loss decreased (inf --> 0.489072).  Saving model ...
Updating learning rate to 0.0001
	iters: 100, epoch: 2 | loss: 0.3462423
	speed: 0.4073s/iter; left time: 11410.5527s
	iters: 200, epoch: 2 | loss: 0.4004031
	speed: 0.1586s/iter; left time: 4426.6022s
Epoch: 2 cost time: 44.93465042114258
Epoch: 2, Steps: 284 | Train Loss: 0.4391979 Vali Loss: 0.3829835 Test Loss: 0.1524728
Validation loss decreased (0.489072 --> 0.382983).  Saving model ...
Updating learning rate to 0.0001
	iters: 100, epoch: 3 | loss: 0.2206510
	speed: 0.3839s/iter; left time: 10647.6493s
	iters: 200, epoch: 3 | loss: 0.5487821
	speed: 0.1588s/iter; left time: 4389.0772s
Epoch: 3 cost time: 45.04056453704834
Epoch: 3, Steps: 284 | Train Loss: 0.3875499 Vali Loss: 0.3910614 Test Loss: 0.1542114
EarlyStopping counter: 1 out of 20
Updating learning rate to 0.0001
	iters: 100, epoch: 4 | loss: 0.5717583
	speed: 0.3605s/iter; left time: 9895.7572s
	iters: 200, epoch: 4 | loss: 0.2822498
	speed: 0.1655s/iter; left time: 4527.5495s
Epoch: 4 cost time: 46.99388360977173
Epoch: 4, Steps: 284 | Train Loss: 0.3762949 Vali Loss: 0.3928394 Test Loss: 0.1542150
EarlyStopping counter: 2 out of 20
Updating learning rate to 9e-05
	iters: 100, epoch: 5 | loss: 0.4673488
	speed: 0.3666s/iter; left time: 9957.8702s
	iters: 200, epoch: 5 | loss: 0.3121848
	speed: 0.1661s/iter; left time: 4494.2386s
Epoch: 5 cost time: 47.09617638587952
Epoch: 5, Steps: 284 | Train Loss: 0.3661534 Vali Loss: 0.3999401 Test Loss: 0.1572872
EarlyStopping counter: 3 out of 20
Updating learning rate to 8.1e-05
	iters: 100, epoch: 6 | loss: 0.5469471
	speed: 0.3673s/iter; left time: 9872.8556s
	iters: 200, epoch: 6 | loss: 0.3305199
	speed: 0.1664s/iter; left time: 4456.5336s
Epoch: 6 cost time: 47.18879556655884
Epoch: 6, Steps: 284 | Train Loss: 0.3578172 Vali Loss: 0.4001420 Test Loss: 0.1590090
EarlyStopping counter: 4 out of 20
Updating learning rate to 7.290000000000001e-05
	iters: 100, epoch: 7 | loss: 0.5747671
	speed: 0.3679s/iter; left time: 9785.3249s
	iters: 200, epoch: 7 | loss: 0.3439552
	speed: 0.1668s/iter; left time: 4418.4824s
Epoch: 7 cost time: 47.24576497077942
Epoch: 7, Steps: 284 | Train Loss: 0.3505855 Vali Loss: 0.4039622 Test Loss: 0.1600476
EarlyStopping counter: 5 out of 20
Updating learning rate to 6.561e-05
	iters: 100, epoch: 8 | loss: 0.2510821
	speed: 0.3682s/iter; left time: 9689.7253s
	iters: 200, epoch: 8 | loss: 0.2770325
	speed: 0.1669s/iter; left time: 4376.0993s
Epoch: 8 cost time: 47.287848711013794
Epoch: 8, Steps: 284 | Train Loss: 0.3456821 Vali Loss: 0.4072166 Test Loss: 0.1624112
EarlyStopping counter: 6 out of 20
Updating learning rate to 5.904900000000001e-05
	iters: 100, epoch: 9 | loss: 0.2341276
	speed: 0.3683s/iter; left time: 9585.3228s
	iters: 200, epoch: 9 | loss: 0.5049965
	speed: 0.1668s/iter; left time: 4324.1465s
Epoch: 9 cost time: 47.27478504180908
Epoch: 9, Steps: 284 | Train Loss: 0.3410295 Vali Loss: 0.4110697 Test Loss: 0.1599424
EarlyStopping counter: 7 out of 20
Updating learning rate to 5.3144100000000005e-05
	iters: 100, epoch: 10 | loss: 0.2733329
	speed: 0.3682s/iter; left time: 9479.8198s
	iters: 200, epoch: 10 | loss: 0.2627282
	speed: 0.1669s/iter; left time: 4279.2264s
Epoch: 10 cost time: 47.30804657936096
Epoch: 10, Steps: 284 | Train Loss: 0.3371382 Vali Loss: 0.4099852 Test Loss: 0.1618419
EarlyStopping counter: 8 out of 20
Updating learning rate to 4.782969000000001e-05
	iters: 100, epoch: 11 | loss: 0.2397355
	speed: 0.3682s/iter; left time: 9375.8687s
	iters: 200, epoch: 11 | loss: 0.2694161
	speed: 0.1667s/iter; left time: 4228.5575s
Epoch: 11 cost time: 47.29028868675232
Epoch: 11, Steps: 284 | Train Loss: 0.3334974 Vali Loss: 0.4096332 Test Loss: 0.1636864
EarlyStopping counter: 9 out of 20
Updating learning rate to 4.304672100000001e-05
	iters: 100, epoch: 12 | loss: 0.2598087
	speed: 0.3686s/iter; left time: 9279.9603s
	iters: 200, epoch: 12 | loss: 0.6470690
	speed: 0.1666s/iter; left time: 4178.8621s
Epoch: 12 cost time: 47.298298358917236
Epoch: 12, Steps: 284 | Train Loss: 0.3302039 Vali Loss: 0.4183885 Test Loss: 0.1642108
EarlyStopping counter: 10 out of 20
Updating learning rate to 3.874204890000001e-05
	iters: 100, epoch: 13 | loss: 0.2548271
	speed: 0.3685s/iter; left time: 9173.9255s
	iters: 200, epoch: 13 | loss: 0.5570320
	speed: 0.1667s/iter; left time: 4133.9722s
Epoch: 13 cost time: 47.286911487579346
Epoch: 13, Steps: 284 | Train Loss: 0.3276090 Vali Loss: 0.4187213 Test Loss: 0.1637342
EarlyStopping counter: 11 out of 20
Updating learning rate to 3.486784401000001e-05
	iters: 100, epoch: 14 | loss: 0.2308131
	speed: 0.3691s/iter; left time: 9083.1987s
	iters: 200, epoch: 14 | loss: 0.2336541
	speed: 0.1666s/iter; left time: 4082.8441s
Epoch: 14 cost time: 47.268943548202515
Epoch: 14, Steps: 284 | Train Loss: 0.3249858 Vali Loss: 0.4196557 Test Loss: 0.1654959
EarlyStopping counter: 12 out of 20
Updating learning rate to 3.138105960900001e-05
	iters: 100, epoch: 15 | loss: 0.3590896
	speed: 0.3693s/iter; left time: 8983.8742s
	iters: 200, epoch: 15 | loss: 0.2750574
	speed: 0.1667s/iter; left time: 4038.7223s
Epoch: 15 cost time: 47.23804306983948
Epoch: 15, Steps: 284 | Train Loss: 0.3208802 Vali Loss: 0.4190228 Test Loss: 0.1651653
EarlyStopping counter: 13 out of 20
Updating learning rate to 2.824295364810001e-05
	iters: 100, epoch: 16 | loss: 0.2198842
	speed: 0.3683s/iter; left time: 8855.4217s
	iters: 200, epoch: 16 | loss: 0.2881916
	speed: 0.1662s/iter; left time: 3979.7435s
Epoch: 16 cost time: 47.17565584182739
Epoch: 16, Steps: 284 | Train Loss: 0.3208722 Vali Loss: 0.4225802 Test Loss: 0.1660376
EarlyStopping counter: 14 out of 20
Updating learning rate to 2.541865828329001e-05
	iters: 100, epoch: 17 | loss: 0.7227499
	speed: 0.3674s/iter; left time: 8728.4702s
	iters: 200, epoch: 17 | loss: 0.2282467
	speed: 0.1660s/iter; left time: 3928.0518s
Epoch: 17 cost time: 47.11532115936279
Epoch: 17, Steps: 284 | Train Loss: 0.3180087 Vali Loss: 0.4220217 Test Loss: 0.1663287
EarlyStopping counter: 15 out of 20
Updating learning rate to 2.287679245496101e-05
	iters: 100, epoch: 18 | loss: 0.2486540
	speed: 0.3660s/iter; left time: 8591.7203s
	iters: 200, epoch: 18 | loss: 0.2245638
	speed: 0.1639s/iter; left time: 3830.7444s
Epoch: 18 cost time: 46.62498378753662
Epoch: 18, Steps: 284 | Train Loss: 0.3170666 Vali Loss: 0.4207567 Test Loss: 0.1671652
EarlyStopping counter: 16 out of 20
Updating learning rate to 2.0589113209464907e-05
	iters: 100, epoch: 19 | loss: 0.2082452
	speed: 0.4001s/iter; left time: 9276.9520s
	iters: 200, epoch: 19 | loss: 0.4462408
	speed: 0.1635s/iter; left time: 3774.8780s
Epoch: 19 cost time: 46.67253661155701
Epoch: 19, Steps: 284 | Train Loss: 0.3153699 Vali Loss: 0.4232185 Test Loss: 0.1668401
EarlyStopping counter: 17 out of 20
Updating learning rate to 1.8530201888518416e-05
	iters: 100, epoch: 20 | loss: 0.3254375
	speed: 0.3626s/iter; left time: 8305.7199s
	iters: 200, epoch: 20 | loss: 0.2520887
	speed: 0.1663s/iter; left time: 3791.4590s
Epoch: 20 cost time: 46.92840909957886
Epoch: 20, Steps: 284 | Train Loss: 0.3143629 Vali Loss: 0.4241781 Test Loss: 0.1671927
EarlyStopping counter: 18 out of 20
Updating learning rate to 1.6677181699666577e-05
	iters: 100, epoch: 21 | loss: 0.2741692
	speed: 0.3669s/iter; left time: 8300.0590s
	iters: 200, epoch: 21 | loss: 0.3814444
	speed: 0.1660s/iter; left time: 3738.6984s
Epoch: 21 cost time: 47.06839418411255
Epoch: 21, Steps: 284 | Train Loss: 0.3128598 Vali Loss: 0.4240855 Test Loss: 0.1675249
EarlyStopping counter: 19 out of 20
Updating learning rate to 1.5009463529699919e-05
	iters: 100, epoch: 22 | loss: 0.2152084
	speed: 0.3663s/iter; left time: 8182.0621s
	iters: 200, epoch: 22 | loss: 0.4660073
	speed: 0.1658s/iter; left time: 3687.8180s
Epoch: 22 cost time: 47.009421825408936
Epoch: 22, Steps: 284 | Train Loss: 0.3120877 Vali Loss: 0.4234020 Test Loss: 0.1681560
EarlyStopping counter: 20 out of 20
Early stopping
>>>>>>>testing : NL_weather_cms3_lr0.001_5steps_336_96_PatchTST_custom_ftM_sl336_ll48_pl96_dm128_nh16_el3_dl1_df256_fc1_ebtimeF_dtTruelr0.001_pol_5steps_Nested_Learning_0<<<<<<<<<<<<<<<<<<<<<<<<<<<<<<<<<
test 10444
 Ejecutando Inferencia DINÁMICA (Nested Learning con cms3)
  -> Política: 5steps | LR: 0.001 | Target: head

RESUMEN: El CMS se actualizó 17 veces de 81 posibles.

mse:0.1742902547121048, mae:0.22698932886123657, rse:0.5499796271324158
Args in experiment:
Namespace(random_seed=2021, is_training=1, model_id='NL_weather_cms3_lr0.001_5steps_336_192', model='PatchTST', data='custom', root_path='./dataset/', data_path='weather.csv', features='M', target='OT', freq='h', checkpoints='./checkpoints/', seq_len=336, label_len=48, pred_len=192, head_type='cms3', cms_lr=0.001, update_policy='5steps', fc_dropout=0.2, head_dropout=0.0, patch_len=16, stride=8, padding_patch='end', revin=1, affine=0, subtract_last=0, decomposition=0, kernel_size=25, individual=1, embed_type=0, enc_in=21, dec_in=7, c_out=7, d_model=128, n_heads=16, e_layers=3, d_layers=1, d_ff=256, moving_avg=25, factor=1, distil=True, dropout=0.2, embed='timeF', activation='gelu', output_attention=False, do_predict=False, num_workers=0, itr=1, train_epochs=100, batch_size=128, patience=20, learning_rate=0.0001, des='Nested_Learning', loss='mse', lradj='type3', pct_start=0.3, use_amp=False, use_gpu=True, gpu=0, use_multi_gpu=False, devices='0,1,2,3', test_flop=False)
Use GPU: cuda:0
>>>>>>>start training : NL_weather_cms3_lr0.001_5steps_336_192_PatchTST_custom_ftM_sl336_ll48_pl192_dm128_nh16_el3_dl1_df256_fc1_ebtimeF_dtTruelr0.001_pol_5steps_Nested_Learning_0>>>>>>>>>>>>>>>>>>>>>>>>>>
train 36360
val 5079
test 10348
	iters: 100, epoch: 1 | loss: 0.7665890
	speed: 0.2268s/iter; left time: 6419.2632s
	iters: 200, epoch: 1 | loss: 0.7494505
	speed: 0.1677s/iter; left time: 4729.0738s
Epoch: 1 cost time: 47.72278308868408
Epoch: 1, Steps: 284 | Train Loss: 0.7480299 Vali Loss: 0.5507743 Test Loss: 0.2337350
Validation loss decreased (inf --> 0.550774).  Saving model ...
Updating learning rate to 0.0001
	iters: 100, epoch: 2 | loss: 0.8329889
	speed: 0.4199s/iter; left time: 11763.2883s
	iters: 200, epoch: 2 | loss: 0.3740692
	speed: 0.1682s/iter; left time: 4696.9859s
Epoch: 2 cost time: 47.64973187446594
Epoch: 2, Steps: 284 | Train Loss: 0.4911699 Vali Loss: 0.4541260 Test Loss: 0.1991226
Validation loss decreased (0.550774 --> 0.454126).  Saving model ...
Updating learning rate to 0.0001
	iters: 100, epoch: 3 | loss: 0.3514746
	speed: 0.4090s/iter; left time: 11343.4834s
	iters: 200, epoch: 3 | loss: 0.4677538
	speed: 0.1683s/iter; left time: 4651.9362s
Epoch: 3 cost time: 47.72488188743591
Epoch: 3, Steps: 284 | Train Loss: 0.4464173 Vali Loss: 0.4547471 Test Loss: 0.1997380
EarlyStopping counter: 1 out of 20
Updating learning rate to 0.0001
	iters: 100, epoch: 4 | loss: 0.6317841
	speed: 0.3733s/iter; left time: 10246.8701s
	iters: 200, epoch: 4 | loss: 0.4635629
	speed: 0.1686s/iter; left time: 4610.6267s
Epoch: 4 cost time: 47.83548545837402
Epoch: 4, Steps: 284 | Train Loss: 0.4322340 Vali Loss: 0.4673948 Test Loss: 0.1987639
EarlyStopping counter: 2 out of 20
Updating learning rate to 9e-05
	iters: 100, epoch: 5 | loss: 0.4648035
	speed: 0.3729s/iter; left time: 10131.0697s
	iters: 200, epoch: 5 | loss: 0.4972955
	speed: 0.1687s/iter; left time: 4565.5298s
Epoch: 5 cost time: 47.83213782310486
Epoch: 5, Steps: 284 | Train Loss: 0.4206875 Vali Loss: 0.4678535 Test Loss: 0.2027045
EarlyStopping counter: 3 out of 20
Updating learning rate to 8.1e-05
	iters: 100, epoch: 6 | loss: 0.4536165
	speed: 0.3731s/iter; left time: 10028.7332s
	iters: 200, epoch: 6 | loss: 0.5626498
	speed: 0.1665s/iter; left time: 4459.0937s
Epoch: 6 cost time: 47.45384168624878
Epoch: 6, Steps: 284 | Train Loss: 0.4114722 Vali Loss: 0.4740767 Test Loss: 0.2026383
EarlyStopping counter: 4 out of 20
Updating learning rate to 7.290000000000001e-05
	iters: 100, epoch: 7 | loss: 0.3479295
	speed: 0.3689s/iter; left time: 9812.2645s
	iters: 200, epoch: 7 | loss: 0.2966725
	speed: 0.1662s/iter; left time: 4403.8167s
Epoch: 7 cost time: 47.14851689338684
Epoch: 7, Steps: 284 | Train Loss: 0.4046992 Vali Loss: 0.4784051 Test Loss: 0.2053582
EarlyStopping counter: 5 out of 20
Updating learning rate to 6.561e-05
	iters: 100, epoch: 8 | loss: 0.4874581
	speed: 0.3695s/iter; left time: 9722.1893s
	iters: 200, epoch: 8 | loss: 0.3330886
	speed: 0.1660s/iter; left time: 4351.4096s
Epoch: 8 cost time: 47.19289779663086
Epoch: 8, Steps: 284 | Train Loss: 0.3975313 Vali Loss: 0.4856661 Test Loss: 0.2066743
EarlyStopping counter: 6 out of 20
Updating learning rate to 5.904900000000001e-05
	iters: 100, epoch: 9 | loss: 0.5810734
	speed: 0.3684s/iter; left time: 9589.3622s
	iters: 200, epoch: 9 | loss: 0.4487916
	speed: 0.1660s/iter; left time: 4304.5002s
Epoch: 9 cost time: 47.13220739364624
Epoch: 9, Steps: 284 | Train Loss: 0.3925256 Vali Loss: 0.4847838 Test Loss: 0.2064966
EarlyStopping counter: 7 out of 20
Updating learning rate to 5.3144100000000005e-05
	iters: 100, epoch: 10 | loss: 0.6958046
	speed: 0.3690s/iter; left time: 9500.7022s
	iters: 200, epoch: 10 | loss: 0.4544953
	speed: 0.1667s/iter; left time: 4275.4719s
Epoch: 10 cost time: 47.212990522384644
Epoch: 10, Steps: 284 | Train Loss: 0.3874740 Vali Loss: 0.4907340 Test Loss: 0.2075614
EarlyStopping counter: 8 out of 20
Updating learning rate to 4.782969000000001e-05
	iters: 100, epoch: 11 | loss: 0.6214957
	speed: 0.3684s/iter; left time: 9378.9327s
	iters: 200, epoch: 11 | loss: 0.3556066
	speed: 0.1659s/iter; left time: 4208.2351s
Epoch: 11 cost time: 47.04296851158142
Epoch: 11, Steps: 284 | Train Loss: 0.3832344 Vali Loss: 0.4930865 Test Loss: 0.2106813
EarlyStopping counter: 9 out of 20
Updating learning rate to 4.304672100000001e-05
	iters: 100, epoch: 12 | loss: 0.3225918
	speed: 0.3681s/iter; left time: 9268.7988s
	iters: 200, epoch: 12 | loss: 0.3945684
	speed: 0.1659s/iter; left time: 4159.4250s
Epoch: 12 cost time: 47.06717038154602
Epoch: 12, Steps: 284 | Train Loss: 0.3795989 Vali Loss: 0.4954643 Test Loss: 0.2114566
EarlyStopping counter: 10 out of 20
Updating learning rate to 3.874204890000001e-05
	iters: 100, epoch: 13 | loss: 0.3708194
	speed: 0.3682s/iter; left time: 9166.7653s
	iters: 200, epoch: 13 | loss: 0.2701935
	speed: 0.1659s/iter; left time: 4112.3928s
Epoch: 13 cost time: 47.13875102996826
Epoch: 13, Steps: 284 | Train Loss: 0.3762596 Vali Loss: 0.4929926 Test Loss: 0.2108868
EarlyStopping counter: 11 out of 20
Updating learning rate to 3.486784401000001e-05
	iters: 100, epoch: 14 | loss: 0.2796603
	speed: 0.3696s/iter; left time: 9095.8769s
	iters: 200, epoch: 14 | loss: 0.2692479
	speed: 0.1671s/iter; left time: 4094.7340s
Epoch: 14 cost time: 47.22897505760193
Epoch: 14, Steps: 284 | Train Loss: 0.3732143 Vali Loss: 0.4973463 Test Loss: 0.2119255
EarlyStopping counter: 12 out of 20
Updating learning rate to 3.138105960900001e-05
	iters: 100, epoch: 15 | loss: 0.3082917
	speed: 0.3684s/iter; left time: 8962.2761s
	iters: 200, epoch: 15 | loss: 0.2730651
	speed: 0.1658s/iter; left time: 4016.0433s
Epoch: 15 cost time: 47.03274893760681
Epoch: 15, Steps: 284 | Train Loss: 0.3703690 Vali Loss: 0.4948725 Test Loss: 0.2135971
EarlyStopping counter: 13 out of 20
Updating learning rate to 2.824295364810001e-05
	iters: 100, epoch: 16 | loss: 0.2845176
	speed: 0.3682s/iter; left time: 8850.8195s
	iters: 200, epoch: 16 | loss: 0.2876301
	speed: 0.1662s/iter; left time: 3978.7911s
Epoch: 16 cost time: 47.08876371383667
Epoch: 16, Steps: 284 | Train Loss: 0.3680148 Vali Loss: 0.4985713 Test Loss: 0.2137982
EarlyStopping counter: 14 out of 20
Updating learning rate to 2.541865828329001e-05
	iters: 100, epoch: 17 | loss: 0.3388858
	speed: 0.3676s/iter; left time: 8733.2045s
	iters: 200, epoch: 17 | loss: 0.3316856
	speed: 0.1658s/iter; left time: 3921.1981s
Epoch: 17 cost time: 47.00578451156616
Epoch: 17, Steps: 284 | Train Loss: 0.3658340 Vali Loss: 0.5012802 Test Loss: 0.2153849
EarlyStopping counter: 15 out of 20
Updating learning rate to 2.287679245496101e-05
	iters: 100, epoch: 18 | loss: 0.4482536
	speed: 0.3681s/iter; left time: 8639.3075s
	iters: 200, epoch: 18 | loss: 0.3392206
	speed: 0.1660s/iter; left time: 3879.4597s
Epoch: 18 cost time: 47.07269763946533
Epoch: 18, Steps: 284 | Train Loss: 0.3635247 Vali Loss: 0.5006585 Test Loss: 0.2147994
EarlyStopping counter: 16 out of 20
Updating learning rate to 2.0589113209464907e-05
	iters: 100, epoch: 19 | loss: 0.4303965
	speed: 0.3676s/iter; left time: 8525.2361s
	iters: 200, epoch: 19 | loss: 0.6428502
	speed: 0.1655s/iter; left time: 3821.1959s
Epoch: 19 cost time: 46.99740290641785
Epoch: 19, Steps: 284 | Train Loss: 0.3618804 Vali Loss: 0.5021549 Test Loss: 0.2156727
EarlyStopping counter: 17 out of 20
Updating learning rate to 1.8530201888518416e-05
	iters: 100, epoch: 20 | loss: 0.3012021
	speed: 0.3680s/iter; left time: 8429.4009s
	iters: 200, epoch: 20 | loss: 0.3779377
	speed: 0.1658s/iter; left time: 3782.0684s
Epoch: 20 cost time: 47.10240817070007
Epoch: 20, Steps: 284 | Train Loss: 0.3602326 Vali Loss: 0.5041587 Test Loss: 0.2162113
EarlyStopping counter: 18 out of 20
Updating learning rate to 1.6677181699666577e-05
	iters: 100, epoch: 21 | loss: 0.3171710
	speed: 0.3693s/iter; left time: 8354.1509s
	iters: 200, epoch: 21 | loss: 0.2704683
	speed: 0.1655s/iter; left time: 3727.0222s
Epoch: 21 cost time: 47.05010366439819
Epoch: 21, Steps: 284 | Train Loss: 0.3587689 Vali Loss: 0.5050305 Test Loss: 0.2169052
EarlyStopping counter: 19 out of 20
Updating learning rate to 1.5009463529699919e-05
	iters: 100, epoch: 22 | loss: 0.2996113
	speed: 0.3684s/iter; left time: 8228.7572s
	iters: 200, epoch: 22 | loss: 0.6125603
	speed: 0.1658s/iter; left time: 3686.5696s
Epoch: 22 cost time: 47.053844690322876
Epoch: 22, Steps: 284 | Train Loss: 0.3572501 Vali Loss: 0.5053517 Test Loss: 0.2177758
EarlyStopping counter: 20 out of 20
Early stopping
>>>>>>>testing : NL_weather_cms3_lr0.001_5steps_336_192_PatchTST_custom_ftM_sl336_ll48_pl192_dm128_nh16_el3_dl1_df256_fc1_ebtimeF_dtTruelr0.001_pol_5steps_Nested_Learning_0<<<<<<<<<<<<<<<<<<<<<<<<<<<<<<<<<
test 10348
 Ejecutando Inferencia DINÁMICA (Nested Learning con cms3)
  -> Política: 5steps | LR: 0.001 | Target: head

RESUMEN: El CMS se actualizó 16 veces de 80 posibles.

mse:0.22563253343105316, mae:0.27250638604164124, rse:0.6249085664749146
Args in experiment:
Namespace(random_seed=2021, is_training=1, model_id='NL_weather_cms3_lr0.001_5steps_336_336', model='PatchTST', data='custom', root_path='./dataset/', data_path='weather.csv', features='M', target='OT', freq='h', checkpoints='./checkpoints/', seq_len=336, label_len=48, pred_len=336, head_type='cms3', cms_lr=0.001, update_policy='5steps', fc_dropout=0.2, head_dropout=0.0, patch_len=16, stride=8, padding_patch='end', revin=1, affine=0, subtract_last=0, decomposition=0, kernel_size=25, individual=1, embed_type=0, enc_in=21, dec_in=7, c_out=7, d_model=128, n_heads=16, e_layers=3, d_layers=1, d_ff=256, moving_avg=25, factor=1, distil=True, dropout=0.2, embed='timeF', activation='gelu', output_attention=False, do_predict=False, num_workers=0, itr=1, train_epochs=100, batch_size=128, patience=20, learning_rate=0.0001, des='Nested_Learning', loss='mse', lradj='type3', pct_start=0.3, use_amp=False, use_gpu=True, gpu=0, use_multi_gpu=False, devices='0,1,2,3', test_flop=False)
Use GPU: cuda:0
>>>>>>>start training : NL_weather_cms3_lr0.001_5steps_336_336_PatchTST_custom_ftM_sl336_ll48_pl336_dm128_nh16_el3_dl1_df256_fc1_ebtimeF_dtTruelr0.001_pol_5steps_Nested_Learning_0>>>>>>>>>>>>>>>>>>>>>>>>>>
train 36216
val 4935
test 10204
	iters: 100, epoch: 1 | loss: 0.8564873
	speed: 0.2276s/iter; left time: 6395.3822s
	iters: 200, epoch: 1 | loss: 0.7122802
	speed: 0.1723s/iter; left time: 4825.8367s
Epoch: 1 cost time: 48.77786302566528
Epoch: 1, Steps: 282 | Train Loss: 0.7916260 Vali Loss: 0.6282855 Test Loss: 0.2807094
Validation loss decreased (inf --> 0.628286).  Saving model ...
Updating learning rate to 0.0001
	iters: 100, epoch: 2 | loss: 0.4700911
	speed: 0.4599s/iter; left time: 12792.7463s
	iters: 200, epoch: 2 | loss: 0.6577818
	speed: 0.1730s/iter; left time: 4795.8611s
Epoch: 2 cost time: 48.67402148246765
Epoch: 2, Steps: 282 | Train Loss: 0.5464742 Vali Loss: 0.5250950 Test Loss: 0.2475523
Validation loss decreased (0.628286 --> 0.525095).  Saving model ...
Updating learning rate to 0.0001
	iters: 100, epoch: 3 | loss: 0.4717205
	speed: 0.4484s/iter; left time: 12348.8831s
	iters: 200, epoch: 3 | loss: 0.5207914
	speed: 0.1731s/iter; left time: 4750.4868s
Epoch: 3 cost time: 48.70009231567383
Epoch: 3, Steps: 282 | Train Loss: 0.5011367 Vali Loss: 0.5280070 Test Loss: 0.2523000
EarlyStopping counter: 1 out of 20
Updating learning rate to 0.0001
	iters: 100, epoch: 4 | loss: 0.4913079
	speed: 0.3818s/iter; left time: 10404.6250s
	iters: 200, epoch: 4 | loss: 0.4418170
	speed: 0.1733s/iter; left time: 4705.7050s
Epoch: 4 cost time: 48.8254075050354
Epoch: 4, Steps: 282 | Train Loss: 0.4865450 Vali Loss: 0.5388773 Test Loss: 0.2542472
EarlyStopping counter: 2 out of 20
Updating learning rate to 9e-05
	iters: 100, epoch: 5 | loss: 0.4562778
	speed: 0.3813s/iter; left time: 10284.5143s
	iters: 200, epoch: 5 | loss: 0.5686409
	speed: 0.1734s/iter; left time: 4660.0109s
Epoch: 5 cost time: 48.84378623962402
Epoch: 5, Steps: 282 | Train Loss: 0.4745449 Vali Loss: 0.5470504 Test Loss: 0.2569185
EarlyStopping counter: 3 out of 20
Updating learning rate to 8.1e-05
	iters: 100, epoch: 6 | loss: 0.3813689
	speed: 0.3811s/iter; left time: 10173.0854s
	iters: 200, epoch: 6 | loss: 0.4177648
	speed: 0.1735s/iter; left time: 4612.3151s
Epoch: 6 cost time: 48.84341549873352
Epoch: 6, Steps: 282 | Train Loss: 0.4642984 Vali Loss: 0.5527167 Test Loss: 0.2567890
EarlyStopping counter: 4 out of 20
Updating learning rate to 7.290000000000001e-05
	iters: 100, epoch: 7 | loss: 0.3627281
	speed: 0.3808s/iter; left time: 10055.4663s
	iters: 200, epoch: 7 | loss: 0.4387088
	speed: 0.1733s/iter; left time: 4560.1099s
Epoch: 7 cost time: 48.81475305557251
Epoch: 7, Steps: 282 | Train Loss: 0.4561035 Vali Loss: 0.5602762 Test Loss: 0.2607597
EarlyStopping counter: 5 out of 20
Updating learning rate to 6.561e-05
	iters: 100, epoch: 8 | loss: 0.4804029
	speed: 0.3810s/iter; left time: 9953.6573s
	iters: 200, epoch: 8 | loss: 0.6613306
	speed: 0.1733s/iter; left time: 4510.6165s
Epoch: 8 cost time: 48.836597204208374
Epoch: 8, Steps: 282 | Train Loss: 0.4482559 Vali Loss: 0.5629797 Test Loss: 0.2618459
EarlyStopping counter: 6 out of 20
Updating learning rate to 5.904900000000001e-05
	iters: 100, epoch: 9 | loss: 0.4273185
	speed: 0.3811s/iter; left time: 9849.3551s
	iters: 200, epoch: 9 | loss: 0.3809133
	speed: 0.1732s/iter; left time: 4460.2747s
Epoch: 9 cost time: 48.82549858093262
Epoch: 9, Steps: 282 | Train Loss: 0.4422924 Vali Loss: 0.5693123 Test Loss: 0.2629181
EarlyStopping counter: 7 out of 20
Updating learning rate to 5.3144100000000005e-05
	iters: 100, epoch: 10 | loss: 0.6081650
	speed: 0.3808s/iter; left time: 9735.1018s
	iters: 200, epoch: 10 | loss: 0.4005302
	speed: 0.1734s/iter; left time: 4414.2569s
Epoch: 10 cost time: 48.81101179122925
Epoch: 10, Steps: 282 | Train Loss: 0.4369310 Vali Loss: 0.5752970 Test Loss: 0.2662245
EarlyStopping counter: 8 out of 20
Updating learning rate to 4.782969000000001e-05
	iters: 100, epoch: 11 | loss: 0.3904092
	speed: 0.3806s/iter; left time: 9621.6827s
	iters: 200, epoch: 11 | loss: 0.3460757
	speed: 0.1734s/iter; left time: 4366.8195s
Epoch: 11 cost time: 48.79849863052368
Epoch: 11, Steps: 282 | Train Loss: 0.4319785 Vali Loss: 0.5757128 Test Loss: 0.2659111
EarlyStopping counter: 9 out of 20
Updating learning rate to 4.304672100000001e-05
	iters: 100, epoch: 12 | loss: 0.4591564
	speed: 0.3808s/iter; left time: 9519.7510s
	iters: 200, epoch: 12 | loss: 0.3982827
	speed: 0.1733s/iter; left time: 4316.2282s
Epoch: 12 cost time: 48.79074215888977
Epoch: 12, Steps: 282 | Train Loss: 0.4277461 Vali Loss: 0.5801609 Test Loss: 0.2683676
EarlyStopping counter: 10 out of 20
Updating learning rate to 3.874204890000001e-05
	iters: 100, epoch: 13 | loss: 0.4827092
	speed: 0.3807s/iter; left time: 9408.8097s
	iters: 200, epoch: 13 | loss: 0.4041360
	speed: 0.1734s/iter; left time: 4269.4541s
Epoch: 13 cost time: 48.794750690460205
Epoch: 13, Steps: 282 | Train Loss: 0.4242721 Vali Loss: 0.5844188 Test Loss: 0.2690963
EarlyStopping counter: 11 out of 20
Updating learning rate to 3.486784401000001e-05
	iters: 100, epoch: 14 | loss: 0.2995297
	speed: 0.3808s/iter; left time: 9305.8075s
	iters: 200, epoch: 14 | loss: 0.3486124
	speed: 0.1735s/iter; left time: 4221.5252s
Epoch: 14 cost time: 48.823636054992676
Epoch: 14, Steps: 282 | Train Loss: 0.4209920 Vali Loss: 0.5795002 Test Loss: 0.2675127
EarlyStopping counter: 12 out of 20
Updating learning rate to 3.138105960900001e-05
	iters: 100, epoch: 15 | loss: 0.4157637
	speed: 0.3808s/iter; left time: 9197.1356s
	iters: 200, epoch: 15 | loss: 0.4830099
	speed: 0.1736s/iter; left time: 4176.5068s
Epoch: 15 cost time: 48.84587049484253
Epoch: 15, Steps: 282 | Train Loss: 0.4176112 Vali Loss: 0.5869662 Test Loss: 0.2703102
EarlyStopping counter: 13 out of 20
Updating learning rate to 2.824295364810001e-05
	iters: 100, epoch: 16 | loss: 0.3706147
	speed: 0.3812s/iter; left time: 9099.6389s
	iters: 200, epoch: 16 | loss: 0.4574356
	speed: 0.1738s/iter; left time: 4132.2692s
Epoch: 16 cost time: 48.93641805648804
Epoch: 16, Steps: 282 | Train Loss: 0.4148925 Vali Loss: 0.5881481 Test Loss: 0.2730366
EarlyStopping counter: 14 out of 20
Updating learning rate to 2.541865828329001e-05
	iters: 100, epoch: 17 | loss: 0.4201765
	speed: 0.3821s/iter; left time: 9013.3885s
	iters: 200, epoch: 17 | loss: 0.3549077
	speed: 0.1739s/iter; left time: 4084.8758s
Epoch: 17 cost time: 48.98971199989319
Epoch: 17, Steps: 282 | Train Loss: 0.4121698 Vali Loss: 0.5894430 Test Loss: 0.2719481
EarlyStopping counter: 15 out of 20
Updating learning rate to 2.287679245496101e-05
	iters: 100, epoch: 18 | loss: 0.4473715
	speed: 0.3823s/iter; left time: 8910.7549s
	iters: 200, epoch: 18 | loss: 0.4052995
	speed: 0.1726s/iter; left time: 4004.6153s
Epoch: 18 cost time: 48.72236752510071
Epoch: 18, Steps: 282 | Train Loss: 0.4101076 Vali Loss: 0.5910941 Test Loss: 0.2718678
EarlyStopping counter: 16 out of 20
Updating learning rate to 2.0589113209464907e-05
	iters: 100, epoch: 19 | loss: 0.3986456
	speed: 0.3810s/iter; left time: 8772.5558s
	iters: 200, epoch: 19 | loss: 0.3229894
	speed: 0.1744s/iter; left time: 3997.0281s
Epoch: 19 cost time: 49.09274458885193
Epoch: 19, Steps: 282 | Train Loss: 0.4069929 Vali Loss: 0.5904700 Test Loss: 0.2735638
EarlyStopping counter: 17 out of 20
Updating learning rate to 1.8530201888518416e-05
	iters: 100, epoch: 20 | loss: 0.3761338
	speed: 0.3817s/iter; left time: 8681.0219s
	iters: 200, epoch: 20 | loss: 0.4227924
	speed: 0.1726s/iter; left time: 3908.0105s
Epoch: 20 cost time: 48.52412676811218
Epoch: 20, Steps: 282 | Train Loss: 0.4056113 Vali Loss: 0.5947322 Test Loss: 0.2741756
EarlyStopping counter: 18 out of 20
Updating learning rate to 1.6677181699666577e-05
	iters: 100, epoch: 21 | loss: 0.3383679
	speed: 0.3804s/iter; left time: 8543.2577s
	iters: 200, epoch: 21 | loss: 0.3777328
	speed: 0.1728s/iter; left time: 3862.8960s
Epoch: 21 cost time: 48.58258581161499
Epoch: 21, Steps: 282 | Train Loss: 0.4041128 Vali Loss: 0.5945838 Test Loss: 0.2750141
EarlyStopping counter: 19 out of 20
Updating learning rate to 1.5009463529699919e-05
	iters: 100, epoch: 22 | loss: 0.4437834
	speed: 0.3791s/iter; left time: 8408.6151s
	iters: 200, epoch: 22 | loss: 0.5768878
	speed: 0.1721s/iter; left time: 3799.2698s
Epoch: 22 cost time: 48.544158697128296
Epoch: 22, Steps: 282 | Train Loss: 0.4024724 Vali Loss: 0.5939746 Test Loss: 0.2744808
EarlyStopping counter: 20 out of 20
Early stopping
>>>>>>>testing : NL_weather_cms3_lr0.001_5steps_336_336_PatchTST_custom_ftM_sl336_ll48_pl336_dm128_nh16_el3_dl1_df256_fc1_ebtimeF_dtTruelr0.001_pol_5steps_Nested_Learning_0<<<<<<<<<<<<<<<<<<<<<<<<<<<<<<<<<
test 10204
 Ejecutando Inferencia DINÁMICA (Nested Learning con cms3)
  -> Política: 5steps | LR: 0.001 | Target: head

RESUMEN: El CMS se actualizó 16 veces de 79 posibles.

mse:0.27724891901016235, mae:0.3088330626487732, rse:0.6916669607162476
Args in experiment:
Namespace(random_seed=2021, is_training=1, model_id='NL_weather_cms3_lr0.001_5steps_336_720', model='PatchTST', data='custom', root_path='./dataset/', data_path='weather.csv', features='M', target='OT', freq='h', checkpoints='./checkpoints/', seq_len=336, label_len=48, pred_len=720, head_type='cms3', cms_lr=0.001, update_policy='5steps', fc_dropout=0.2, head_dropout=0.0, patch_len=16, stride=8, padding_patch='end', revin=1, affine=0, subtract_last=0, decomposition=0, kernel_size=25, individual=1, embed_type=0, enc_in=21, dec_in=7, c_out=7, d_model=128, n_heads=16, e_layers=3, d_layers=1, d_ff=256, moving_avg=25, factor=1, distil=True, dropout=0.2, embed='timeF', activation='gelu', output_attention=False, do_predict=False, num_workers=0, itr=1, train_epochs=100, batch_size=128, patience=20, learning_rate=0.0001, des='Nested_Learning', loss='mse', lradj='type3', pct_start=0.3, use_amp=False, use_gpu=True, gpu=0, use_multi_gpu=False, devices='0,1,2,3', test_flop=False)
Use GPU: cuda:0
>>>>>>>start training : NL_weather_cms3_lr0.001_5steps_336_720_PatchTST_custom_ftM_sl336_ll48_pl720_dm128_nh16_el3_dl1_df256_fc1_ebtimeF_dtTruelr0.001_pol_5steps_Nested_Learning_0>>>>>>>>>>>>>>>>>>>>>>>>>>
train 35832
val 4551
test 9820
	iters: 100, epoch: 1 | loss: 0.9446601
	speed: 0.2523s/iter; left time: 7014.8247s
	iters: 200, epoch: 1 | loss: 0.8430125
	speed: 0.1841s/iter; left time: 5100.0208s
Epoch: 1 cost time: 51.54875922203064
Epoch: 1, Steps: 279 | Train Loss: 0.8544144 Vali Loss: 0.7275293 Test Loss: 0.3472252
Validation loss decreased (inf --> 0.727529).  Saving model ...
Updating learning rate to 0.0001
	iters: 100, epoch: 2 | loss: 0.6373822
	speed: 0.4963s/iter; left time: 13658.1029s
	iters: 200, epoch: 2 | loss: 0.6509704
	speed: 0.1804s/iter; left time: 4946.2556s
Epoch: 2 cost time: 50.10445713996887
Epoch: 2, Steps: 279 | Train Loss: 0.6160244 Vali Loss: 0.6348057 Test Loss: 0.3245730
Validation loss decreased (0.727529 --> 0.634806).  Saving model ...
Updating learning rate to 0.0001
	iters: 100, epoch: 3 | loss: 0.5590926
	speed: 0.5081s/iter; left time: 13840.8384s
	iters: 200, epoch: 3 | loss: 0.4930229
	speed: 0.1855s/iter; left time: 5034.6357s
Epoch: 3 cost time: 51.53098726272583
Epoch: 3, Steps: 279 | Train Loss: 0.5701965 Vali Loss: 0.6355942 Test Loss: 0.3290676
EarlyStopping counter: 1 out of 20
Updating learning rate to 0.0001
	iters: 100, epoch: 4 | loss: 0.5897683
	speed: 0.4047s/iter; left time: 10912.7314s
	iters: 200, epoch: 4 | loss: 0.5600933
	speed: 0.1870s/iter; left time: 5024.1947s
Epoch: 4 cost time: 52.01775550842285
Epoch: 4, Steps: 279 | Train Loss: 0.5531225 Vali Loss: 0.6453831 Test Loss: 0.3349588
EarlyStopping counter: 2 out of 20
Updating learning rate to 9e-05
	iters: 100, epoch: 5 | loss: 0.5562617
	speed: 0.4054s/iter; left time: 10818.6636s
	iters: 200, epoch: 5 | loss: 0.5447170
	speed: 0.1870s/iter; left time: 4971.0861s
Epoch: 5 cost time: 52.06472158432007
Epoch: 5, Steps: 279 | Train Loss: 0.5394671 Vali Loss: 0.6494646 Test Loss: 0.3392794
EarlyStopping counter: 3 out of 20
Updating learning rate to 8.1e-05
	iters: 100, epoch: 6 | loss: 0.4679329
	speed: 0.4057s/iter; left time: 10714.0387s
	iters: 200, epoch: 6 | loss: 0.6253068
	speed: 0.1871s/iter; left time: 4922.2178s
Epoch: 6 cost time: 52.086337089538574
Epoch: 6, Steps: 279 | Train Loss: 0.5287667 Vali Loss: 0.6588022 Test Loss: 0.3399555
EarlyStopping counter: 4 out of 20
Updating learning rate to 7.290000000000001e-05
	iters: 100, epoch: 7 | loss: 0.4413030
	speed: 0.4055s/iter; left time: 10593.4860s
	iters: 200, epoch: 7 | loss: 0.4363185
	speed: 0.1869s/iter; left time: 4863.5562s
Epoch: 7 cost time: 52.060975790023804
Epoch: 7, Steps: 279 | Train Loss: 0.5193261 Vali Loss: 0.6612707 Test Loss: 0.3444205
EarlyStopping counter: 5 out of 20
Updating learning rate to 6.561e-05
	iters: 100, epoch: 8 | loss: 0.4926459
	speed: 0.4052s/iter; left time: 10472.4013s
	iters: 200, epoch: 8 | loss: 0.4409100
	speed: 0.1849s/iter; left time: 4760.7648s
Epoch: 8 cost time: 51.63286375999451
Epoch: 8, Steps: 279 | Train Loss: 0.5120080 Vali Loss: 0.6666902 Test Loss: 0.3467465
EarlyStopping counter: 6 out of 20
Updating learning rate to 5.904900000000001e-05
	iters: 100, epoch: 9 | loss: 0.4414902
	speed: 0.4001s/iter; left time: 10230.9876s
	iters: 200, epoch: 9 | loss: 0.4533767
	speed: 0.1836s/iter; left time: 4677.2331s
Epoch: 9 cost time: 51.1840386390686
Epoch: 9, Steps: 279 | Train Loss: 0.5046798 Vali Loss: 0.6737448 Test Loss: 0.3486689
EarlyStopping counter: 7 out of 20
Updating learning rate to 5.3144100000000005e-05
	iters: 100, epoch: 10 | loss: 0.5499473
	speed: 0.3987s/iter; left time: 10082.6592s
	iters: 200, epoch: 10 | loss: 0.4185358
	speed: 0.1833s/iter; left time: 4617.0245s
Epoch: 10 cost time: 51.105509519577026
Epoch: 10, Steps: 279 | Train Loss: 0.4988990 Vali Loss: 0.6807179 Test Loss: 0.3507821
EarlyStopping counter: 8 out of 20
Updating learning rate to 4.782969000000001e-05
	iters: 100, epoch: 11 | loss: 0.5088974
	speed: 0.3990s/iter; left time: 9978.8531s
	iters: 200, epoch: 11 | loss: 0.4743616
	speed: 0.1830s/iter; left time: 4558.1913s
Epoch: 11 cost time: 50.99560308456421
Epoch: 11, Steps: 279 | Train Loss: 0.4931228 Vali Loss: 0.6819636 Test Loss: 0.3534733
EarlyStopping counter: 9 out of 20
Updating learning rate to 4.304672100000001e-05
	iters: 100, epoch: 12 | loss: 0.4544790
	speed: 0.3984s/iter; left time: 9853.7940s
	iters: 200, epoch: 12 | loss: 0.4755428
	speed: 0.1832s/iter; left time: 4511.5125s
Epoch: 12 cost time: 50.991326570510864
Epoch: 12, Steps: 279 | Train Loss: 0.4883243 Vali Loss: 0.6870056 Test Loss: 0.3552219
EarlyStopping counter: 10 out of 20
Updating learning rate to 3.874204890000001e-05
	iters: 100, epoch: 13 | loss: 0.4803904
	speed: 0.3989s/iter; left time: 9754.1732s
	iters: 200, epoch: 13 | loss: 0.4320738
	speed: 0.1831s/iter; left time: 4458.9173s
Epoch: 13 cost time: 51.02144908905029
Epoch: 13, Steps: 279 | Train Loss: 0.4834132 Vali Loss: 0.6862730 Test Loss: 0.3541644
EarlyStopping counter: 11 out of 20
Updating learning rate to 3.486784401000001e-05
	iters: 100, epoch: 14 | loss: 0.5284677
	speed: 0.3981s/iter; left time: 9624.4506s
	iters: 200, epoch: 14 | loss: 0.4571781
	speed: 0.1835s/iter; left time: 4416.8951s
Epoch: 14 cost time: 51.04963970184326
Epoch: 14, Steps: 279 | Train Loss: 0.4795728 Vali Loss: 0.6921811 Test Loss: 0.3576318
EarlyStopping counter: 12 out of 20
Updating learning rate to 3.138105960900001e-05
	iters: 100, epoch: 15 | loss: 0.4527202
	speed: 0.3978s/iter; left time: 9505.4554s
	iters: 200, epoch: 15 | loss: 0.4459201
	speed: 0.1830s/iter; left time: 4355.6564s
Epoch: 15 cost time: 50.96789288520813
Epoch: 15, Steps: 279 | Train Loss: 0.4756344 Vali Loss: 0.6933336 Test Loss: 0.3587596
EarlyStopping counter: 13 out of 20
Updating learning rate to 2.824295364810001e-05
	iters: 100, epoch: 16 | loss: 0.4632993
	speed: 0.3984s/iter; left time: 9408.1267s
	iters: 200, epoch: 16 | loss: 0.4764719
	speed: 0.1832s/iter; left time: 4308.3282s
Epoch: 16 cost time: 51.069740295410156
Epoch: 16, Steps: 279 | Train Loss: 0.4721014 Vali Loss: 0.6917363 Test Loss: 0.3585706
EarlyStopping counter: 14 out of 20
Updating learning rate to 2.541865828329001e-05
	iters: 100, epoch: 17 | loss: 0.4377787
	speed: 0.3981s/iter; left time: 9290.0075s
	iters: 200, epoch: 17 | loss: 0.5417775
	speed: 0.1830s/iter; left time: 4251.5467s
Epoch: 17 cost time: 50.97535443305969
Epoch: 17, Steps: 279 | Train Loss: 0.4693227 Vali Loss: 0.6988900 Test Loss: 0.3603347
EarlyStopping counter: 15 out of 20
Updating learning rate to 2.287679245496101e-05
	iters: 100, epoch: 18 | loss: 0.4585476
	speed: 0.3980s/iter; left time: 9176.9428s
	iters: 200, epoch: 18 | loss: 0.5028954
	speed: 0.1833s/iter; left time: 4208.1052s
Epoch: 18 cost time: 51.025078773498535
Epoch: 18, Steps: 279 | Train Loss: 0.4662310 Vali Loss: 0.6992045 Test Loss: 0.3610535
EarlyStopping counter: 16 out of 20
Updating learning rate to 2.0589113209464907e-05
	iters: 100, epoch: 19 | loss: 0.5301028
	speed: 0.3980s/iter; left time: 9064.9872s
	iters: 200, epoch: 19 | loss: 0.4426371
	speed: 0.1831s/iter; left time: 4151.7208s
Epoch: 19 cost time: 51.01424503326416
Epoch: 19, Steps: 279 | Train Loss: 0.4636002 Vali Loss: 0.7002681 Test Loss: 0.3624412
EarlyStopping counter: 17 out of 20
Updating learning rate to 1.8530201888518416e-05
	iters: 100, epoch: 20 | loss: 0.5161617
	speed: 0.3982s/iter; left time: 8959.8033s
	iters: 200, epoch: 20 | loss: 0.5198161
	speed: 0.1831s/iter; left time: 4102.1904s
Epoch: 20 cost time: 51.01628613471985
Epoch: 20, Steps: 279 | Train Loss: 0.4614381 Vali Loss: 0.7016431 Test Loss: 0.3627554
EarlyStopping counter: 18 out of 20
Updating learning rate to 1.6677181699666577e-05
	iters: 100, epoch: 21 | loss: 0.4221683
	speed: 0.3979s/iter; left time: 8842.2309s
	iters: 200, epoch: 21 | loss: 0.3703887
	speed: 0.1828s/iter; left time: 4044.0659s
Epoch: 21 cost time: 50.95291805267334
Epoch: 21, Steps: 279 | Train Loss: 0.4592507 Vali Loss: 0.7043683 Test Loss: 0.3645625
EarlyStopping counter: 19 out of 20
Updating learning rate to 1.5009463529699919e-05
	iters: 100, epoch: 22 | loss: 0.4363040
	speed: 0.3982s/iter; left time: 8736.2611s
	iters: 200, epoch: 22 | loss: 0.4334365
	speed: 0.1828s/iter; left time: 3992.0052s
Epoch: 22 cost time: 50.959694147109985
Epoch: 22, Steps: 279 | Train Loss: 0.4575716 Vali Loss: 0.7071361 Test Loss: 0.3660925
EarlyStopping counter: 20 out of 20
Early stopping
>>>>>>>testing : NL_weather_cms3_lr0.001_5steps_336_720_PatchTST_custom_ftM_sl336_ll48_pl720_dm128_nh16_el3_dl1_df256_fc1_ebtimeF_dtTruelr0.001_pol_5steps_Nested_Learning_0<<<<<<<<<<<<<<<<<<<<<<<<<<<<<<<<<
test 9820
 Ejecutando Inferencia DINÁMICA (Nested Learning con cms3)
  -> Política: 5steps | LR: 0.001 | Target: head

RESUMEN: El CMS se actualizó 16 veces de 76 posibles.

mse:0.3528745472431183, mae:0.35550639033317566, rse:0.7836616635322571
