==========================================================
SÚPER ARRAY TFG - TAREA ID: 89 / 113
Nodo: dionisio
Dataset: illness | Experimento: NL_illness_cms3_lr0.0001_spc
Cabeza: cms3 | LR: 0.0001 | Política: spc
==========================================================
Args in experiment:
Namespace(random_seed=2021, is_training=1, model_id='NL_illness_cms3_lr0.0001_spc_104_24', model='PatchTST', data='custom', root_path='./dataset/', data_path='national_illness.csv', features='M', target='OT', freq='h', checkpoints='./checkpoints/', seq_len=104, label_len=48, pred_len=24, head_type='cms3', cms_lr=0.0001, update_policy='spc', fc_dropout=0.3, head_dropout=0.0, patch_len=24, stride=2, padding_patch='end', revin=1, affine=0, subtract_last=0, decomposition=0, kernel_size=25, individual=0, embed_type=0, enc_in=7, dec_in=7, c_out=7, d_model=16, n_heads=4, e_layers=3, d_layers=1, d_ff=128, moving_avg=25, factor=1, distil=True, dropout=0.3, embed='timeF', activation='gelu', output_attention=False, do_predict=False, num_workers=0, itr=1, train_epochs=100, batch_size=16, patience=100, learning_rate=0.0025, des='Nested_Learning', loss='mse', lradj='constant', pct_start=0.3, use_amp=False, use_gpu=True, gpu=0, use_multi_gpu=False, devices='0,1,2,3', test_flop=False)
Use GPU: cuda:0
>>>>>>>start training : NL_illness_cms3_lr0.0001_spc_104_24_PatchTST_custom_ftM_sl104_ll48_pl24_dm16_nh4_el3_dl1_df128_fc1_ebtimeF_dtTruelr0.0001_polspc_Nested_Learning_0>>>>>>>>>>>>>>>>>>>>>>>>>>
train 549
val 74
test 170
Epoch: 1 cost time: 2.1971216201782227
Epoch: 1, Steps: 34 | Train Loss: 0.8510681 Vali Loss: 0.7469177 Test Loss: 4.1966534
Validation loss decreased (inf --> 0.746918).  Saving model ...
Updating learning rate to 0.0025
Epoch: 2 cost time: 1.4447650909423828
Epoch: 2, Steps: 34 | Train Loss: 0.8272178 Vali Loss: 0.6334931 Test Loss: 3.8441646
Validation loss decreased (0.746918 --> 0.633493).  Saving model ...
Updating learning rate to 0.0025
Epoch: 3 cost time: 1.4371440410614014
Epoch: 3, Steps: 34 | Train Loss: 0.7622659 Vali Loss: 0.5116901 Test Loss: 3.2276642
Validation loss decreased (0.633493 --> 0.511690).  Saving model ...
Updating learning rate to 0.0025
Epoch: 4 cost time: 1.4415547847747803
Epoch: 4, Steps: 34 | Train Loss: 0.6698803 Vali Loss: 0.3848912 Test Loss: 2.5825877
Validation loss decreased (0.511690 --> 0.384891).  Saving model ...
Updating learning rate to 0.0025
Epoch: 5 cost time: 1.4308509826660156
Epoch: 5, Steps: 34 | Train Loss: 0.5608325 Vali Loss: 0.3381568 Test Loss: 2.1583266
Validation loss decreased (0.384891 --> 0.338157).  Saving model ...
Updating learning rate to 0.0025
Epoch: 6 cost time: 1.4351184368133545
Epoch: 6, Steps: 34 | Train Loss: 0.5013754 Vali Loss: 0.2639303 Test Loss: 1.8438215
Validation loss decreased (0.338157 --> 0.263930).  Saving model ...
Updating learning rate to 0.0025
Epoch: 7 cost time: 1.437772274017334
Epoch: 7, Steps: 34 | Train Loss: 0.4431730 Vali Loss: 0.2575643 Test Loss: 1.7054859
Validation loss decreased (0.263930 --> 0.257564).  Saving model ...
Updating learning rate to 0.0025
Epoch: 8 cost time: 1.4384493827819824
Epoch: 8, Steps: 34 | Train Loss: 0.3879497 Vali Loss: 0.2508807 Test Loss: 1.6761805
Validation loss decreased (0.257564 --> 0.250881).  Saving model ...
Updating learning rate to 0.0025
Epoch: 9 cost time: 1.4454257488250732
Epoch: 9, Steps: 34 | Train Loss: 0.3375334 Vali Loss: 0.2471066 Test Loss: 1.4966739
Validation loss decreased (0.250881 --> 0.247107).  Saving model ...
Updating learning rate to 0.0025
Epoch: 10 cost time: 1.4505925178527832
Epoch: 10, Steps: 34 | Train Loss: 0.3017624 Vali Loss: 0.2811249 Test Loss: 1.4845467
EarlyStopping counter: 1 out of 100
Updating learning rate to 0.0025
Epoch: 11 cost time: 1.4232895374298096
Epoch: 11, Steps: 34 | Train Loss: 0.2719429 Vali Loss: 0.2866131 Test Loss: 1.3544765
EarlyStopping counter: 2 out of 100
Updating learning rate to 0.0025
Epoch: 12 cost time: 1.4303274154663086
Epoch: 12, Steps: 34 | Train Loss: 0.2469210 Vali Loss: 0.2545224 Test Loss: 1.4493058
EarlyStopping counter: 3 out of 100
Updating learning rate to 0.0025
Epoch: 13 cost time: 1.4389691352844238
Epoch: 13, Steps: 34 | Train Loss: 0.2176854 Vali Loss: 0.2721751 Test Loss: 1.3737303
EarlyStopping counter: 4 out of 100
Updating learning rate to 0.0025
Epoch: 14 cost time: 1.4369475841522217
Epoch: 14, Steps: 34 | Train Loss: 0.1959043 Vali Loss: 0.2616173 Test Loss: 1.3289287
EarlyStopping counter: 5 out of 100
Updating learning rate to 0.0025
Epoch: 15 cost time: 1.430001974105835
Epoch: 15, Steps: 34 | Train Loss: 0.1786017 Vali Loss: 0.3187443 Test Loss: 1.3038311
EarlyStopping counter: 6 out of 100
Updating learning rate to 0.0025
Epoch: 16 cost time: 1.423358678817749
Epoch: 16, Steps: 34 | Train Loss: 0.1691989 Vali Loss: 0.2914936 Test Loss: 1.2759066
EarlyStopping counter: 7 out of 100
Updating learning rate to 0.0025
Epoch: 17 cost time: 1.4287045001983643
Epoch: 17, Steps: 34 | Train Loss: 0.1558619 Vali Loss: 0.3062782 Test Loss: 1.2748806
EarlyStopping counter: 8 out of 100
Updating learning rate to 0.0025
Epoch: 18 cost time: 1.4429163932800293
Epoch: 18, Steps: 34 | Train Loss: 0.1472592 Vali Loss: 0.2806103 Test Loss: 1.3555746
EarlyStopping counter: 9 out of 100
Updating learning rate to 0.0025
Epoch: 19 cost time: 1.422485589981079
Epoch: 19, Steps: 34 | Train Loss: 0.1385318 Vali Loss: 0.2686689 Test Loss: 1.3473690
EarlyStopping counter: 10 out of 100
Updating learning rate to 0.0025
Epoch: 20 cost time: 1.4299969673156738
Epoch: 20, Steps: 34 | Train Loss: 0.1318869 Vali Loss: 0.3145269 Test Loss: 1.2801845
EarlyStopping counter: 11 out of 100
Updating learning rate to 0.0025
Epoch: 21 cost time: 1.4228758811950684
Epoch: 21, Steps: 34 | Train Loss: 0.1253442 Vali Loss: 0.2999399 Test Loss: 1.2393754
EarlyStopping counter: 12 out of 100
Updating learning rate to 0.0025
Epoch: 22 cost time: 1.4305596351623535
Epoch: 22, Steps: 34 | Train Loss: 0.1188012 Vali Loss: 0.2611323 Test Loss: 1.1961081
EarlyStopping counter: 13 out of 100
Updating learning rate to 0.0025
Epoch: 23 cost time: 1.4338266849517822
Epoch: 23, Steps: 34 | Train Loss: 0.1149921 Vali Loss: 0.2921373 Test Loss: 1.2970641
EarlyStopping counter: 14 out of 100
Updating learning rate to 0.0025
Epoch: 24 cost time: 1.4408233165740967
Epoch: 24, Steps: 34 | Train Loss: 0.1075651 Vali Loss: 0.3299942 Test Loss: 1.2394240
EarlyStopping counter: 15 out of 100
Updating learning rate to 0.0025
Epoch: 25 cost time: 1.4413745403289795
Epoch: 25, Steps: 34 | Train Loss: 0.1073604 Vali Loss: 0.3049375 Test Loss: 1.2860897
EarlyStopping counter: 16 out of 100
Updating learning rate to 0.0025
Epoch: 26 cost time: 1.446444034576416
Epoch: 26, Steps: 34 | Train Loss: 0.1005347 Vali Loss: 0.2680657 Test Loss: 1.2357956
EarlyStopping counter: 17 out of 100
Updating learning rate to 0.0025
Epoch: 27 cost time: 1.4421088695526123
Epoch: 27, Steps: 34 | Train Loss: 0.0956820 Vali Loss: 0.3029770 Test Loss: 1.2295676
EarlyStopping counter: 18 out of 100
Updating learning rate to 0.0025
Epoch: 28 cost time: 1.422332525253296
Epoch: 28, Steps: 34 | Train Loss: 0.0924920 Vali Loss: 0.2927799 Test Loss: 1.2079297
EarlyStopping counter: 19 out of 100
Updating learning rate to 0.0025
Epoch: 29 cost time: 1.414388656616211
Epoch: 29, Steps: 34 | Train Loss: 0.0879160 Vali Loss: 0.3192178 Test Loss: 1.1623603
EarlyStopping counter: 20 out of 100
Updating learning rate to 0.0025
Epoch: 30 cost time: 1.4479856491088867
Epoch: 30, Steps: 34 | Train Loss: 0.0878622 Vali Loss: 0.3115557 Test Loss: 1.3177234
EarlyStopping counter: 21 out of 100
Updating learning rate to 0.0025
Epoch: 31 cost time: 1.4353818893432617
Epoch: 31, Steps: 34 | Train Loss: 0.0838240 Vali Loss: 0.2927718 Test Loss: 1.2762918
EarlyStopping counter: 22 out of 100
Updating learning rate to 0.0025
Epoch: 32 cost time: 1.438279390335083
Epoch: 32, Steps: 34 | Train Loss: 0.0815646 Vali Loss: 0.2998354 Test Loss: 1.3162272
EarlyStopping counter: 23 out of 100
Updating learning rate to 0.0025
Epoch: 33 cost time: 1.4309618473052979
Epoch: 33, Steps: 34 | Train Loss: 0.0785883 Vali Loss: 0.3192376 Test Loss: 1.2197537
EarlyStopping counter: 24 out of 100
Updating learning rate to 0.0025
Epoch: 34 cost time: 1.43302583694458
Epoch: 34, Steps: 34 | Train Loss: 0.0761793 Vali Loss: 0.3135849 Test Loss: 1.2740084
EarlyStopping counter: 25 out of 100
Updating learning rate to 0.0025
Epoch: 35 cost time: 1.4580581188201904
Epoch: 35, Steps: 34 | Train Loss: 0.0751884 Vali Loss: 0.3143241 Test Loss: 1.2061025
EarlyStopping counter: 26 out of 100
Updating learning rate to 0.0025
Epoch: 36 cost time: 1.4718236923217773
Epoch: 36, Steps: 34 | Train Loss: 0.0716811 Vali Loss: 0.2939544 Test Loss: 1.2471645
EarlyStopping counter: 27 out of 100
Updating learning rate to 0.0025
Epoch: 37 cost time: 1.4451274871826172
Epoch: 37, Steps: 34 | Train Loss: 0.0685104 Vali Loss: 0.3394456 Test Loss: 1.3283308
EarlyStopping counter: 28 out of 100
Updating learning rate to 0.0025
Epoch: 38 cost time: 1.443608045578003
Epoch: 38, Steps: 34 | Train Loss: 0.0679090 Vali Loss: 0.3106319 Test Loss: 1.2996477
EarlyStopping counter: 29 out of 100
Updating learning rate to 0.0025
Epoch: 39 cost time: 1.433521032333374
Epoch: 39, Steps: 34 | Train Loss: 0.0646373 Vali Loss: 0.3235660 Test Loss: 1.2503444
EarlyStopping counter: 30 out of 100
Updating learning rate to 0.0025
Epoch: 40 cost time: 1.447070837020874
Epoch: 40, Steps: 34 | Train Loss: 0.0638959 Vali Loss: 0.3545442 Test Loss: 1.2010368
EarlyStopping counter: 31 out of 100
Updating learning rate to 0.0025
Epoch: 41 cost time: 1.4582598209381104
Epoch: 41, Steps: 34 | Train Loss: 0.0627911 Vali Loss: 0.3067066 Test Loss: 1.2772021
EarlyStopping counter: 32 out of 100
Updating learning rate to 0.0025
Epoch: 42 cost time: 1.4359664916992188
Epoch: 42, Steps: 34 | Train Loss: 0.0611297 Vali Loss: 0.3158138 Test Loss: 1.4273527
EarlyStopping counter: 33 out of 100
Updating learning rate to 0.0025
Epoch: 43 cost time: 1.4396593570709229
Epoch: 43, Steps: 34 | Train Loss: 0.0609710 Vali Loss: 0.3091479 Test Loss: 1.3012898
EarlyStopping counter: 34 out of 100
Updating learning rate to 0.0025
Epoch: 44 cost time: 1.4341964721679688
Epoch: 44, Steps: 34 | Train Loss: 0.0592859 Vali Loss: 0.3241215 Test Loss: 1.2298791
EarlyStopping counter: 35 out of 100
Updating learning rate to 0.0025
Epoch: 45 cost time: 1.440528392791748
Epoch: 45, Steps: 34 | Train Loss: 0.0568997 Vali Loss: 0.3257962 Test Loss: 1.2604682
EarlyStopping counter: 36 out of 100
Updating learning rate to 0.0025
Epoch: 46 cost time: 1.4404370784759521
Epoch: 46, Steps: 34 | Train Loss: 0.0558383 Vali Loss: 0.3587767 Test Loss: 1.2646084
EarlyStopping counter: 37 out of 100
Updating learning rate to 0.0025
Epoch: 47 cost time: 1.4318904876708984
Epoch: 47, Steps: 34 | Train Loss: 0.0547725 Vali Loss: 0.3249384 Test Loss: 1.3078440
EarlyStopping counter: 38 out of 100
Updating learning rate to 0.0025
Epoch: 48 cost time: 1.448157548904419
Epoch: 48, Steps: 34 | Train Loss: 0.0547796 Vali Loss: 0.3658955 Test Loss: 1.3011143
EarlyStopping counter: 39 out of 100
Updating learning rate to 0.0025
Epoch: 49 cost time: 1.4335498809814453
Epoch: 49, Steps: 34 | Train Loss: 0.0520957 Vali Loss: 0.3268849 Test Loss: 1.2886974
EarlyStopping counter: 40 out of 100
Updating learning rate to 0.0025
Epoch: 50 cost time: 1.4240312576293945
Epoch: 50, Steps: 34 | Train Loss: 0.0513625 Vali Loss: 0.3189273 Test Loss: 1.3195742
EarlyStopping counter: 41 out of 100
Updating learning rate to 0.0025
Epoch: 51 cost time: 1.4370663166046143
Epoch: 51, Steps: 34 | Train Loss: 0.0501788 Vali Loss: 0.3180522 Test Loss: 1.3203633
EarlyStopping counter: 42 out of 100
Updating learning rate to 0.0025
Epoch: 52 cost time: 1.430711030960083
Epoch: 52, Steps: 34 | Train Loss: 0.0510018 Vali Loss: 0.3309725 Test Loss: 1.2914026
EarlyStopping counter: 43 out of 100
Updating learning rate to 0.0025
Epoch: 53 cost time: 1.4214420318603516
Epoch: 53, Steps: 34 | Train Loss: 0.0476633 Vali Loss: 0.3499817 Test Loss: 1.2910817
EarlyStopping counter: 44 out of 100
Updating learning rate to 0.0025
Epoch: 54 cost time: 1.421403169631958
Epoch: 54, Steps: 34 | Train Loss: 0.0487598 Vali Loss: 0.3331524 Test Loss: 1.2145504
EarlyStopping counter: 45 out of 100
Updating learning rate to 0.0025
Epoch: 55 cost time: 1.4319360256195068
Epoch: 55, Steps: 34 | Train Loss: 0.0483949 Vali Loss: 0.3222783 Test Loss: 1.3064053
EarlyStopping counter: 46 out of 100
Updating learning rate to 0.0025
Epoch: 56 cost time: 1.4396615028381348
Epoch: 56, Steps: 34 | Train Loss: 0.0459935 Vali Loss: 0.3530386 Test Loss: 1.2626354
EarlyStopping counter: 47 out of 100
Updating learning rate to 0.0025
Epoch: 57 cost time: 1.4386928081512451
Epoch: 57, Steps: 34 | Train Loss: 0.0473706 Vali Loss: 0.3338440 Test Loss: 1.3239546
EarlyStopping counter: 48 out of 100
Updating learning rate to 0.0025
Epoch: 58 cost time: 1.4222261905670166
Epoch: 58, Steps: 34 | Train Loss: 0.0460509 Vali Loss: 0.3432715 Test Loss: 1.3066852
EarlyStopping counter: 49 out of 100
Updating learning rate to 0.0025
Epoch: 59 cost time: 1.4022645950317383
Epoch: 59, Steps: 34 | Train Loss: 0.0443394 Vali Loss: 0.3362748 Test Loss: 1.2920595
EarlyStopping counter: 50 out of 100
Updating learning rate to 0.0025
Epoch: 60 cost time: 1.4417486190795898
Epoch: 60, Steps: 34 | Train Loss: 0.0447604 Vali Loss: 0.3426430 Test Loss: 1.2551720
EarlyStopping counter: 51 out of 100
Updating learning rate to 0.0025
Epoch: 61 cost time: 1.438711404800415
Epoch: 61, Steps: 34 | Train Loss: 0.0445772 Vali Loss: 0.3554614 Test Loss: 1.2815609
EarlyStopping counter: 52 out of 100
Updating learning rate to 0.0025
Epoch: 62 cost time: 1.4436743259429932
Epoch: 62, Steps: 34 | Train Loss: 0.0442980 Vali Loss: 0.3245499 Test Loss: 1.2966046
EarlyStopping counter: 53 out of 100
Updating learning rate to 0.0025
Epoch: 63 cost time: 1.4206604957580566
Epoch: 63, Steps: 34 | Train Loss: 0.0434013 Vali Loss: 0.3283745 Test Loss: 1.2656772
EarlyStopping counter: 54 out of 100
Updating learning rate to 0.0025
Epoch: 64 cost time: 1.4342870712280273
Epoch: 64, Steps: 34 | Train Loss: 0.0430911 Vali Loss: 0.3244371 Test Loss: 1.3167044
EarlyStopping counter: 55 out of 100
Updating learning rate to 0.0025
Epoch: 65 cost time: 1.44169020652771
Epoch: 65, Steps: 34 | Train Loss: 0.0446308 Vali Loss: 0.3497044 Test Loss: 1.2852676
EarlyStopping counter: 56 out of 100
Updating learning rate to 0.0025
Epoch: 66 cost time: 1.4222683906555176
Epoch: 66, Steps: 34 | Train Loss: 0.0417773 Vali Loss: 0.3706507 Test Loss: 1.2462386
EarlyStopping counter: 57 out of 100
Updating learning rate to 0.0025
Epoch: 67 cost time: 1.4305012226104736
Epoch: 67, Steps: 34 | Train Loss: 0.0414210 Vali Loss: 0.3516885 Test Loss: 1.2704216
EarlyStopping counter: 58 out of 100
Updating learning rate to 0.0025
Epoch: 68 cost time: 1.4417335987091064
Epoch: 68, Steps: 34 | Train Loss: 0.0412599 Vali Loss: 0.3755770 Test Loss: 1.2802161
EarlyStopping counter: 59 out of 100
Updating learning rate to 0.0025
Epoch: 69 cost time: 1.4321351051330566
Epoch: 69, Steps: 34 | Train Loss: 0.0405463 Vali Loss: 0.3303028 Test Loss: 1.3052435
EarlyStopping counter: 60 out of 100
Updating learning rate to 0.0025
Epoch: 70 cost time: 1.4302315711975098
Epoch: 70, Steps: 34 | Train Loss: 0.0392981 Vali Loss: 0.3374333 Test Loss: 1.2368877
EarlyStopping counter: 61 out of 100
Updating learning rate to 0.0025
Epoch: 71 cost time: 1.432821273803711
Epoch: 71, Steps: 34 | Train Loss: 0.0398968 Vali Loss: 0.3288960 Test Loss: 1.2777655
EarlyStopping counter: 62 out of 100
Updating learning rate to 0.0025
Epoch: 72 cost time: 1.4314446449279785
Epoch: 72, Steps: 34 | Train Loss: 0.0400623 Vali Loss: 0.3658234 Test Loss: 1.3336507
EarlyStopping counter: 63 out of 100
Updating learning rate to 0.0025
Epoch: 73 cost time: 1.431274652481079
Epoch: 73, Steps: 34 | Train Loss: 0.0402462 Vali Loss: 0.3496945 Test Loss: 1.3291950
EarlyStopping counter: 64 out of 100
Updating learning rate to 0.0025
Epoch: 74 cost time: 1.4395947456359863
Epoch: 74, Steps: 34 | Train Loss: 0.0388979 Vali Loss: 0.3425896 Test Loss: 1.2881749
EarlyStopping counter: 65 out of 100
Updating learning rate to 0.0025
Epoch: 75 cost time: 1.436250925064087
Epoch: 75, Steps: 34 | Train Loss: 0.0380114 Vali Loss: 0.3512969 Test Loss: 1.2913077
EarlyStopping counter: 66 out of 100
Updating learning rate to 0.0025
Epoch: 76 cost time: 1.4214863777160645
Epoch: 76, Steps: 34 | Train Loss: 0.0392647 Vali Loss: 0.3622416 Test Loss: 1.3413951
EarlyStopping counter: 67 out of 100
Updating learning rate to 0.0025
Epoch: 77 cost time: 1.4284203052520752
Epoch: 77, Steps: 34 | Train Loss: 0.0375048 Vali Loss: 0.3543233 Test Loss: 1.3336505
EarlyStopping counter: 68 out of 100
Updating learning rate to 0.0025
Epoch: 78 cost time: 1.436115026473999
Epoch: 78, Steps: 34 | Train Loss: 0.0361383 Vali Loss: 0.3515699 Test Loss: 1.3611653
EarlyStopping counter: 69 out of 100
Updating learning rate to 0.0025
Epoch: 79 cost time: 1.4482638835906982
Epoch: 79, Steps: 34 | Train Loss: 0.0369181 Vali Loss: 0.3732072 Test Loss: 1.2482771
EarlyStopping counter: 70 out of 100
Updating learning rate to 0.0025
Epoch: 80 cost time: 1.4347219467163086
Epoch: 80, Steps: 34 | Train Loss: 0.0363172 Vali Loss: 0.3516529 Test Loss: 1.3249495
EarlyStopping counter: 71 out of 100
Updating learning rate to 0.0025
Epoch: 81 cost time: 1.435232162475586
Epoch: 81, Steps: 34 | Train Loss: 0.0357256 Vali Loss: 0.3308221 Test Loss: 1.3050954
EarlyStopping counter: 72 out of 100
Updating learning rate to 0.0025
Epoch: 82 cost time: 1.446969985961914
Epoch: 82, Steps: 34 | Train Loss: 0.0368229 Vali Loss: 0.3594741 Test Loss: 1.3961090
EarlyStopping counter: 73 out of 100
Updating learning rate to 0.0025
Epoch: 83 cost time: 1.431565523147583
Epoch: 83, Steps: 34 | Train Loss: 0.0354279 Vali Loss: 0.3568739 Test Loss: 1.3007801
EarlyStopping counter: 74 out of 100
Updating learning rate to 0.0025
Epoch: 84 cost time: 1.4322905540466309
Epoch: 84, Steps: 34 | Train Loss: 0.0357148 Vali Loss: 0.3463545 Test Loss: 1.3228188
EarlyStopping counter: 75 out of 100
Updating learning rate to 0.0025
Epoch: 85 cost time: 1.4167499542236328
Epoch: 85, Steps: 34 | Train Loss: 0.0352755 Vali Loss: 0.3400599 Test Loss: 1.2714016
EarlyStopping counter: 76 out of 100
Updating learning rate to 0.0025
Epoch: 86 cost time: 1.4284873008728027
Epoch: 86, Steps: 34 | Train Loss: 0.0355573 Vali Loss: 0.3467966 Test Loss: 1.3364315
EarlyStopping counter: 77 out of 100
Updating learning rate to 0.0025
Epoch: 87 cost time: 1.438999891281128
Epoch: 87, Steps: 34 | Train Loss: 0.0350054 Vali Loss: 0.3697044 Test Loss: 1.2972487
EarlyStopping counter: 78 out of 100
Updating learning rate to 0.0025
Epoch: 88 cost time: 1.4262197017669678
Epoch: 88, Steps: 34 | Train Loss: 0.0344978 Vali Loss: 0.3544693 Test Loss: 1.3020098
EarlyStopping counter: 79 out of 100
Updating learning rate to 0.0025
Epoch: 89 cost time: 1.4327776432037354
Epoch: 89, Steps: 34 | Train Loss: 0.0342757 Vali Loss: 0.3656242 Test Loss: 1.3523352
EarlyStopping counter: 80 out of 100
Updating learning rate to 0.0025
Epoch: 90 cost time: 1.4341626167297363
Epoch: 90, Steps: 34 | Train Loss: 0.0330514 Vali Loss: 0.3518027 Test Loss: 1.3313696
EarlyStopping counter: 81 out of 100
Updating learning rate to 0.0025
Epoch: 91 cost time: 1.4386487007141113
Epoch: 91, Steps: 34 | Train Loss: 0.0329211 Vali Loss: 0.3186548 Test Loss: 1.3538702
EarlyStopping counter: 82 out of 100
Updating learning rate to 0.0025
Epoch: 92 cost time: 1.4319126605987549
Epoch: 92, Steps: 34 | Train Loss: 0.0324453 Vali Loss: 0.3516958 Test Loss: 1.3244826
EarlyStopping counter: 83 out of 100
Updating learning rate to 0.0025
Epoch: 93 cost time: 1.432983160018921
Epoch: 93, Steps: 34 | Train Loss: 0.0323612 Vali Loss: 0.3490111 Test Loss: 1.3785164
EarlyStopping counter: 84 out of 100
Updating learning rate to 0.0025
Epoch: 94 cost time: 1.4257128238677979
Epoch: 94, Steps: 34 | Train Loss: 0.0329368 Vali Loss: 0.3544540 Test Loss: 1.3086178
EarlyStopping counter: 85 out of 100
Updating learning rate to 0.0025
Epoch: 95 cost time: 1.4428150653839111
Epoch: 95, Steps: 34 | Train Loss: 0.0328629 Vali Loss: 0.3520787 Test Loss: 1.3702224
EarlyStopping counter: 86 out of 100
Updating learning rate to 0.0025
Epoch: 96 cost time: 1.4390313625335693
Epoch: 96, Steps: 34 | Train Loss: 0.0328658 Vali Loss: 0.3474951 Test Loss: 1.2750399
EarlyStopping counter: 87 out of 100
Updating learning rate to 0.0025
Epoch: 97 cost time: 1.4312074184417725
Epoch: 97, Steps: 34 | Train Loss: 0.0325717 Vali Loss: 0.3543628 Test Loss: 1.2996676
EarlyStopping counter: 88 out of 100
Updating learning rate to 0.0025
Epoch: 98 cost time: 1.4362986087799072
Epoch: 98, Steps: 34 | Train Loss: 0.0314544 Vali Loss: 0.3406998 Test Loss: 1.3396813
EarlyStopping counter: 89 out of 100
Updating learning rate to 0.0025
Epoch: 99 cost time: 1.4403653144836426
Epoch: 99, Steps: 34 | Train Loss: 0.0311335 Vali Loss: 0.3876836 Test Loss: 1.3658972
EarlyStopping counter: 90 out of 100
Updating learning rate to 0.0025
Epoch: 100 cost time: 1.442373514175415
Epoch: 100, Steps: 34 | Train Loss: 0.0309295 Vali Loss: 0.3163399 Test Loss: 1.3063645
EarlyStopping counter: 91 out of 100
Updating learning rate to 0.0025
>>>>>>>testing : NL_illness_cms3_lr0.0001_spc_104_24_PatchTST_custom_ftM_sl104_ll48_pl24_dm16_nh4_el3_dl1_df128_fc1_ebtimeF_dtTruelr0.0001_polspc_Nested_Learning_0<<<<<<<<<<<<<<<<<<<<<<<<<<<<<<<<<
test 170
 Ejecutando Inferencia DINÁMICA (Nested Learning con cms3)
  -> Política: spc | LR: 0.0001 | Target: head

RESUMEN: El CMS se actualizó 0 veces de 10 posibles.

mse:1.4966740608215332, mae:0.8145070672035217, rse:0.5903853178024292
Args in experiment:
Namespace(random_seed=2021, is_training=1, model_id='NL_illness_cms3_lr0.0001_spc_104_36', model='PatchTST', data='custom', root_path='./dataset/', data_path='national_illness.csv', features='M', target='OT', freq='h', checkpoints='./checkpoints/', seq_len=104, label_len=48, pred_len=36, head_type='cms3', cms_lr=0.0001, update_policy='spc', fc_dropout=0.3, head_dropout=0.0, patch_len=24, stride=2, padding_patch='end', revin=1, affine=0, subtract_last=0, decomposition=0, kernel_size=25, individual=0, embed_type=0, enc_in=7, dec_in=7, c_out=7, d_model=16, n_heads=4, e_layers=3, d_layers=1, d_ff=128, moving_avg=25, factor=1, distil=True, dropout=0.3, embed='timeF', activation='gelu', output_attention=False, do_predict=False, num_workers=0, itr=1, train_epochs=100, batch_size=16, patience=100, learning_rate=0.0025, des='Nested_Learning', loss='mse', lradj='constant', pct_start=0.3, use_amp=False, use_gpu=True, gpu=0, use_multi_gpu=False, devices='0,1,2,3', test_flop=False)
Use GPU: cuda:0
>>>>>>>start training : NL_illness_cms3_lr0.0001_spc_104_36_PatchTST_custom_ftM_sl104_ll48_pl36_dm16_nh4_el3_dl1_df128_fc1_ebtimeF_dtTruelr0.0001_polspc_Nested_Learning_0>>>>>>>>>>>>>>>>>>>>>>>>>>
train 537
val 62
test 158
Epoch: 1 cost time: 1.4294078350067139
Epoch: 1, Steps: 33 | Train Loss: 0.8708458 Vali Loss: 0.7098300 Test Loss: 4.2624922
Validation loss decreased (inf --> 0.709830).  Saving model ...
Updating learning rate to 0.0025
Epoch: 2 cost time: 1.1885597705841064
Epoch: 2, Steps: 33 | Train Loss: 0.8565038 Vali Loss: 0.6172817 Test Loss: 3.9772520
Validation loss decreased (0.709830 --> 0.617282).  Saving model ...
Updating learning rate to 0.0025
Epoch: 3 cost time: 1.1996033191680908
Epoch: 3, Steps: 33 | Train Loss: 0.8072849 Vali Loss: 0.4741878 Test Loss: 3.4408345
Validation loss decreased (0.617282 --> 0.474188).  Saving model ...
Updating learning rate to 0.0025
Epoch: 4 cost time: 1.1802895069122314
Epoch: 4, Steps: 33 | Train Loss: 0.7199555 Vali Loss: 0.3879343 Test Loss: 2.8186862
Validation loss decreased (0.474188 --> 0.387934).  Saving model ...
Updating learning rate to 0.0025
Epoch: 5 cost time: 1.1985492706298828
Epoch: 5, Steps: 33 | Train Loss: 0.6380054 Vali Loss: 0.3069975 Test Loss: 2.2969656
Validation loss decreased (0.387934 --> 0.306998).  Saving model ...
Updating learning rate to 0.0025
Epoch: 6 cost time: 1.1983802318572998
Epoch: 6, Steps: 33 | Train Loss: 0.5568685 Vali Loss: 0.2793681 Test Loss: 1.9986820
Validation loss decreased (0.306998 --> 0.279368).  Saving model ...
Updating learning rate to 0.0025
Epoch: 7 cost time: 1.1960093975067139
Epoch: 7, Steps: 33 | Train Loss: 0.5006117 Vali Loss: 0.2244141 Test Loss: 1.7467346
Validation loss decreased (0.279368 --> 0.224414).  Saving model ...
Updating learning rate to 0.0025
Epoch: 8 cost time: 1.194448709487915
Epoch: 8, Steps: 33 | Train Loss: 0.4474020 Vali Loss: 0.2164597 Test Loss: 1.6246997
Validation loss decreased (0.224414 --> 0.216460).  Saving model ...
Updating learning rate to 0.0025
Epoch: 9 cost time: 1.1872320175170898
Epoch: 9, Steps: 33 | Train Loss: 0.4013116 Vali Loss: 0.2329521 Test Loss: 1.5644994
EarlyStopping counter: 1 out of 100
Updating learning rate to 0.0025
Epoch: 10 cost time: 1.1939561367034912
Epoch: 10, Steps: 33 | Train Loss: 0.3626830 Vali Loss: 0.2198992 Test Loss: 1.6975700
EarlyStopping counter: 2 out of 100
Updating learning rate to 0.0025
Epoch: 11 cost time: 1.2169742584228516
Epoch: 11, Steps: 33 | Train Loss: 0.3345198 Vali Loss: 0.2146942 Test Loss: 1.5725262
Validation loss decreased (0.216460 --> 0.214694).  Saving model ...
Updating learning rate to 0.0025
Epoch: 12 cost time: 1.1972007751464844
Epoch: 12, Steps: 33 | Train Loss: 0.3011455 Vali Loss: 0.2089106 Test Loss: 1.5541788
Validation loss decreased (0.214694 --> 0.208911).  Saving model ...
Updating learning rate to 0.0025
Epoch: 13 cost time: 1.1940574645996094
Epoch: 13, Steps: 33 | Train Loss: 0.2765138 Vali Loss: 0.2268972 Test Loss: 1.4572150
EarlyStopping counter: 1 out of 100
Updating learning rate to 0.0025
Epoch: 14 cost time: 1.205672264099121
Epoch: 14, Steps: 33 | Train Loss: 0.2523334 Vali Loss: 0.2054762 Test Loss: 1.4408976
Validation loss decreased (0.208911 --> 0.205476).  Saving model ...
Updating learning rate to 0.0025
Epoch: 15 cost time: 1.1937060356140137
Epoch: 15, Steps: 33 | Train Loss: 0.2460047 Vali Loss: 0.2551806 Test Loss: 1.4260496
EarlyStopping counter: 1 out of 100
Updating learning rate to 0.0025
Epoch: 16 cost time: 1.1898751258850098
Epoch: 16, Steps: 33 | Train Loss: 0.2171939 Vali Loss: 0.2697570 Test Loss: 1.3391157
EarlyStopping counter: 2 out of 100
Updating learning rate to 0.0025
Epoch: 17 cost time: 1.1883816719055176
Epoch: 17, Steps: 33 | Train Loss: 0.2021636 Vali Loss: 0.2357228 Test Loss: 1.4482707
EarlyStopping counter: 3 out of 100
Updating learning rate to 0.0025
Epoch: 18 cost time: 1.1901679039001465
Epoch: 18, Steps: 33 | Train Loss: 0.1911171 Vali Loss: 0.2187715 Test Loss: 1.2646260
EarlyStopping counter: 4 out of 100
Updating learning rate to 0.0025
Epoch: 19 cost time: 1.2046332359313965
Epoch: 19, Steps: 33 | Train Loss: 0.1763838 Vali Loss: 0.2190261 Test Loss: 1.2736121
EarlyStopping counter: 5 out of 100
Updating learning rate to 0.0025
Epoch: 20 cost time: 1.1805198192596436
Epoch: 20, Steps: 33 | Train Loss: 0.1855932 Vali Loss: 0.2526481 Test Loss: 1.2922716
EarlyStopping counter: 6 out of 100
Updating learning rate to 0.0025
Epoch: 21 cost time: 2.1965293884277344
Epoch: 21, Steps: 33 | Train Loss: 0.1724051 Vali Loss: 0.2655437 Test Loss: 1.3948687
EarlyStopping counter: 7 out of 100
Updating learning rate to 0.0025
Epoch: 22 cost time: 1.1920077800750732
Epoch: 22, Steps: 33 | Train Loss: 0.1608747 Vali Loss: 0.2615660 Test Loss: 1.3046976
EarlyStopping counter: 8 out of 100
Updating learning rate to 0.0025
Epoch: 23 cost time: 1.1861965656280518
Epoch: 23, Steps: 33 | Train Loss: 0.1495701 Vali Loss: 0.2445233 Test Loss: 1.2845607
EarlyStopping counter: 9 out of 100
Updating learning rate to 0.0025
Epoch: 24 cost time: 1.236682653427124
Epoch: 24, Steps: 33 | Train Loss: 0.1481030 Vali Loss: 0.2192778 Test Loss: 1.2314152
EarlyStopping counter: 10 out of 100
Updating learning rate to 0.0025
Epoch: 25 cost time: 1.2007312774658203
Epoch: 25, Steps: 33 | Train Loss: 0.1440841 Vali Loss: 0.2406839 Test Loss: 1.2958860
EarlyStopping counter: 11 out of 100
Updating learning rate to 0.0025
Epoch: 26 cost time: 1.2178065776824951
Epoch: 26, Steps: 33 | Train Loss: 0.1327572 Vali Loss: 0.2558705 Test Loss: 1.4238371
EarlyStopping counter: 12 out of 100
Updating learning rate to 0.0025
Epoch: 27 cost time: 1.2078890800476074
Epoch: 27, Steps: 33 | Train Loss: 0.1321378 Vali Loss: 0.2472571 Test Loss: 1.3242230
EarlyStopping counter: 13 out of 100
Updating learning rate to 0.0025
Epoch: 28 cost time: 1.2071406841278076
Epoch: 28, Steps: 33 | Train Loss: 0.1236658 Vali Loss: 0.2599581 Test Loss: 1.1582267
EarlyStopping counter: 14 out of 100
Updating learning rate to 0.0025
Epoch: 29 cost time: 1.2112550735473633
Epoch: 29, Steps: 33 | Train Loss: 0.1190404 Vali Loss: 0.2700347 Test Loss: 1.2804307
EarlyStopping counter: 15 out of 100
Updating learning rate to 0.0025
Epoch: 30 cost time: 1.2008450031280518
Epoch: 30, Steps: 33 | Train Loss: 0.1164847 Vali Loss: 0.2475157 Test Loss: 1.2310596
EarlyStopping counter: 16 out of 100
Updating learning rate to 0.0025
Epoch: 31 cost time: 1.2012860774993896
Epoch: 31, Steps: 33 | Train Loss: 0.1122588 Vali Loss: 0.2906162 Test Loss: 1.2829514
EarlyStopping counter: 17 out of 100
Updating learning rate to 0.0025
Epoch: 32 cost time: 1.1871862411499023
Epoch: 32, Steps: 33 | Train Loss: 0.1085467 Vali Loss: 0.2390572 Test Loss: 1.4203163
EarlyStopping counter: 18 out of 100
Updating learning rate to 0.0025
Epoch: 33 cost time: 1.2059071063995361
Epoch: 33, Steps: 33 | Train Loss: 0.1045775 Vali Loss: 0.2538157 Test Loss: 1.2787890
EarlyStopping counter: 19 out of 100
Updating learning rate to 0.0025
Epoch: 34 cost time: 1.1946446895599365
Epoch: 34, Steps: 33 | Train Loss: 0.1008039 Vali Loss: 0.2557082 Test Loss: 1.3499396
EarlyStopping counter: 20 out of 100
Updating learning rate to 0.0025
Epoch: 35 cost time: 1.1801912784576416
Epoch: 35, Steps: 33 | Train Loss: 0.0948459 Vali Loss: 0.2621133 Test Loss: 1.3152218
EarlyStopping counter: 21 out of 100
Updating learning rate to 0.0025
Epoch: 36 cost time: 1.1968810558319092
Epoch: 36, Steps: 33 | Train Loss: 0.0903280 Vali Loss: 0.3148267 Test Loss: 1.2487930
EarlyStopping counter: 22 out of 100
Updating learning rate to 0.0025
Epoch: 37 cost time: 1.179462194442749
Epoch: 37, Steps: 33 | Train Loss: 0.0913154 Vali Loss: 0.2659119 Test Loss: 1.2584730
EarlyStopping counter: 23 out of 100
Updating learning rate to 0.0025
Epoch: 38 cost time: 1.2058684825897217
Epoch: 38, Steps: 33 | Train Loss: 0.0913617 Vali Loss: 0.2916768 Test Loss: 1.2890047
EarlyStopping counter: 24 out of 100
Updating learning rate to 0.0025
Epoch: 39 cost time: 1.2049729824066162
Epoch: 39, Steps: 33 | Train Loss: 0.0847139 Vali Loss: 0.2938833 Test Loss: 1.3640180
EarlyStopping counter: 25 out of 100
Updating learning rate to 0.0025
Epoch: 40 cost time: 1.1948816776275635
Epoch: 40, Steps: 33 | Train Loss: 0.0884168 Vali Loss: 0.3139929 Test Loss: 1.2625518
EarlyStopping counter: 26 out of 100
Updating learning rate to 0.0025
Epoch: 41 cost time: 1.1913409233093262
Epoch: 41, Steps: 33 | Train Loss: 0.0824488 Vali Loss: 0.2873478 Test Loss: 1.3510164
EarlyStopping counter: 27 out of 100
Updating learning rate to 0.0025
Epoch: 42 cost time: 1.205277681350708
Epoch: 42, Steps: 33 | Train Loss: 0.0786786 Vali Loss: 0.3031892 Test Loss: 1.3379598
EarlyStopping counter: 28 out of 100
Updating learning rate to 0.0025
Epoch: 43 cost time: 1.205002784729004
Epoch: 43, Steps: 33 | Train Loss: 0.0772378 Vali Loss: 0.2977785 Test Loss: 1.3366293
EarlyStopping counter: 29 out of 100
Updating learning rate to 0.0025
Epoch: 44 cost time: 1.2013099193572998
Epoch: 44, Steps: 33 | Train Loss: 0.0777343 Vali Loss: 0.2844820 Test Loss: 1.3730428
EarlyStopping counter: 30 out of 100
Updating learning rate to 0.0025
Epoch: 45 cost time: 1.1943564414978027
Epoch: 45, Steps: 33 | Train Loss: 0.0745210 Vali Loss: 0.2563796 Test Loss: 1.4389960
EarlyStopping counter: 31 out of 100
Updating learning rate to 0.0025
Epoch: 46 cost time: 1.312196969985962
Epoch: 46, Steps: 33 | Train Loss: 0.0739791 Vali Loss: 0.2929734 Test Loss: 1.3356005
EarlyStopping counter: 32 out of 100
Updating learning rate to 0.0025
Epoch: 47 cost time: 1.4165873527526855
Epoch: 47, Steps: 33 | Train Loss: 0.0711609 Vali Loss: 0.2616031 Test Loss: 1.3370614
EarlyStopping counter: 33 out of 100
Updating learning rate to 0.0025
Epoch: 48 cost time: 1.4257404804229736
Epoch: 48, Steps: 33 | Train Loss: 0.0729302 Vali Loss: 0.2980251 Test Loss: 1.3772032
EarlyStopping counter: 34 out of 100
Updating learning rate to 0.0025
Epoch: 49 cost time: 1.4148457050323486
Epoch: 49, Steps: 33 | Train Loss: 0.0676179 Vali Loss: 0.3212632 Test Loss: 1.3085374
EarlyStopping counter: 35 out of 100
Updating learning rate to 0.0025
Epoch: 50 cost time: 1.440397024154663
Epoch: 50, Steps: 33 | Train Loss: 0.0680593 Vali Loss: 0.2748339 Test Loss: 1.3873204
EarlyStopping counter: 36 out of 100
Updating learning rate to 0.0025
Epoch: 51 cost time: 1.4145212173461914
Epoch: 51, Steps: 33 | Train Loss: 0.0658520 Vali Loss: 0.2808597 Test Loss: 1.2715781
EarlyStopping counter: 37 out of 100
Updating learning rate to 0.0025
Epoch: 52 cost time: 1.4113376140594482
Epoch: 52, Steps: 33 | Train Loss: 0.0643684 Vali Loss: 0.2838005 Test Loss: 1.3994946
EarlyStopping counter: 38 out of 100
Updating learning rate to 0.0025
Epoch: 53 cost time: 1.4172258377075195
Epoch: 53, Steps: 33 | Train Loss: 0.0636638 Vali Loss: 0.2805816 Test Loss: 1.4355307
EarlyStopping counter: 39 out of 100
Updating learning rate to 0.0025
Epoch: 54 cost time: 1.4015100002288818
Epoch: 54, Steps: 33 | Train Loss: 0.0612510 Vali Loss: 0.2779585 Test Loss: 1.3536772
EarlyStopping counter: 40 out of 100
Updating learning rate to 0.0025
Epoch: 55 cost time: 1.4201390743255615
Epoch: 55, Steps: 33 | Train Loss: 0.0617878 Vali Loss: 0.2866955 Test Loss: 1.3897508
EarlyStopping counter: 41 out of 100
Updating learning rate to 0.0025
Epoch: 56 cost time: 1.443288803100586
Epoch: 56, Steps: 33 | Train Loss: 0.0621802 Vali Loss: 0.2693152 Test Loss: 1.3891603
EarlyStopping counter: 42 out of 100
Updating learning rate to 0.0025
Epoch: 57 cost time: 1.4555442333221436
Epoch: 57, Steps: 33 | Train Loss: 0.0592118 Vali Loss: 0.2960274 Test Loss: 1.3087832
EarlyStopping counter: 43 out of 100
Updating learning rate to 0.0025
Epoch: 58 cost time: 1.439138650894165
Epoch: 58, Steps: 33 | Train Loss: 0.0574064 Vali Loss: 0.3015956 Test Loss: 1.3199492
EarlyStopping counter: 44 out of 100
Updating learning rate to 0.0025
Epoch: 59 cost time: 1.4474821090698242
Epoch: 59, Steps: 33 | Train Loss: 0.0561255 Vali Loss: 0.2974382 Test Loss: 1.3475660
EarlyStopping counter: 45 out of 100
Updating learning rate to 0.0025
Epoch: 60 cost time: 1.4256269931793213
Epoch: 60, Steps: 33 | Train Loss: 0.0574952 Vali Loss: 0.2693513 Test Loss: 1.2874531
EarlyStopping counter: 46 out of 100
Updating learning rate to 0.0025
Epoch: 61 cost time: 1.4201622009277344
Epoch: 61, Steps: 33 | Train Loss: 0.0549429 Vali Loss: 0.2808429 Test Loss: 1.3998082
EarlyStopping counter: 47 out of 100
Updating learning rate to 0.0025
Epoch: 62 cost time: 1.4189732074737549
Epoch: 62, Steps: 33 | Train Loss: 0.0547985 Vali Loss: 0.3242520 Test Loss: 1.3043785
EarlyStopping counter: 48 out of 100
Updating learning rate to 0.0025
Epoch: 63 cost time: 1.431241750717163
Epoch: 63, Steps: 33 | Train Loss: 0.0531549 Vali Loss: 0.3056290 Test Loss: 1.3296278
EarlyStopping counter: 49 out of 100
Updating learning rate to 0.0025
Epoch: 64 cost time: 1.417994737625122
Epoch: 64, Steps: 33 | Train Loss: 0.0529339 Vali Loss: 0.2888241 Test Loss: 1.3541515
EarlyStopping counter: 50 out of 100
Updating learning rate to 0.0025
Epoch: 65 cost time: 1.4297044277191162
Epoch: 65, Steps: 33 | Train Loss: 0.0526362 Vali Loss: 0.2858376 Test Loss: 1.3349538
EarlyStopping counter: 51 out of 100
Updating learning rate to 0.0025
Epoch: 66 cost time: 1.4108033180236816
Epoch: 66, Steps: 33 | Train Loss: 0.0509653 Vali Loss: 0.2613730 Test Loss: 1.4089454
EarlyStopping counter: 52 out of 100
Updating learning rate to 0.0025
Epoch: 67 cost time: 1.4100439548492432
Epoch: 67, Steps: 33 | Train Loss: 0.0515026 Vali Loss: 0.3044074 Test Loss: 1.3859717
EarlyStopping counter: 53 out of 100
Updating learning rate to 0.0025
Epoch: 68 cost time: 1.4064173698425293
Epoch: 68, Steps: 33 | Train Loss: 0.0510666 Vali Loss: 0.2996744 Test Loss: 1.3619319
EarlyStopping counter: 54 out of 100
Updating learning rate to 0.0025
Epoch: 69 cost time: 1.4209399223327637
Epoch: 69, Steps: 33 | Train Loss: 0.0502896 Vali Loss: 0.3037339 Test Loss: 1.3671348
EarlyStopping counter: 55 out of 100
Updating learning rate to 0.0025
Epoch: 70 cost time: 1.4114420413970947
Epoch: 70, Steps: 33 | Train Loss: 0.0503171 Vali Loss: 0.2882680 Test Loss: 1.3084445
EarlyStopping counter: 56 out of 100
Updating learning rate to 0.0025
Epoch: 71 cost time: 1.426703691482544
Epoch: 71, Steps: 33 | Train Loss: 0.0503146 Vali Loss: 0.2771350 Test Loss: 1.2818419
EarlyStopping counter: 57 out of 100
Updating learning rate to 0.0025
Epoch: 72 cost time: 1.4309697151184082
Epoch: 72, Steps: 33 | Train Loss: 0.0481337 Vali Loss: 0.2919395 Test Loss: 1.4264636
EarlyStopping counter: 58 out of 100
Updating learning rate to 0.0025
Epoch: 73 cost time: 1.4292941093444824
Epoch: 73, Steps: 33 | Train Loss: 0.0474766 Vali Loss: 0.2742075 Test Loss: 1.3026427
EarlyStopping counter: 59 out of 100
Updating learning rate to 0.0025
Epoch: 74 cost time: 1.4374268054962158
Epoch: 74, Steps: 33 | Train Loss: 0.0478891 Vali Loss: 0.2663879 Test Loss: 1.4080284
EarlyStopping counter: 60 out of 100
Updating learning rate to 0.0025
Epoch: 75 cost time: 1.426947832107544
Epoch: 75, Steps: 33 | Train Loss: 0.0466197 Vali Loss: 0.2855674 Test Loss: 1.3274934
EarlyStopping counter: 61 out of 100
Updating learning rate to 0.0025
Epoch: 76 cost time: 1.4175121784210205
Epoch: 76, Steps: 33 | Train Loss: 0.0466435 Vali Loss: 0.2902917 Test Loss: 1.4081534
EarlyStopping counter: 62 out of 100
Updating learning rate to 0.0025
Epoch: 77 cost time: 1.4052844047546387
Epoch: 77, Steps: 33 | Train Loss: 0.0463338 Vali Loss: 0.2910154 Test Loss: 1.3191855
EarlyStopping counter: 63 out of 100
Updating learning rate to 0.0025
Epoch: 78 cost time: 1.4135069847106934
Epoch: 78, Steps: 33 | Train Loss: 0.0455951 Vali Loss: 0.2879466 Test Loss: 1.3544090
EarlyStopping counter: 64 out of 100
Updating learning rate to 0.0025
Epoch: 79 cost time: 1.427544116973877
Epoch: 79, Steps: 33 | Train Loss: 0.0451107 Vali Loss: 0.3044447 Test Loss: 1.3358818
EarlyStopping counter: 65 out of 100
Updating learning rate to 0.0025
Epoch: 80 cost time: 1.4329605102539062
Epoch: 80, Steps: 33 | Train Loss: 0.0455473 Vali Loss: 0.3126763 Test Loss: 1.4171329
EarlyStopping counter: 66 out of 100
Updating learning rate to 0.0025
Epoch: 81 cost time: 1.4171864986419678
Epoch: 81, Steps: 33 | Train Loss: 0.0452570 Vali Loss: 0.2647962 Test Loss: 1.4021993
EarlyStopping counter: 67 out of 100
Updating learning rate to 0.0025
Epoch: 82 cost time: 1.4182875156402588
Epoch: 82, Steps: 33 | Train Loss: 0.0443167 Vali Loss: 0.2785851 Test Loss: 1.3390937
EarlyStopping counter: 68 out of 100
Updating learning rate to 0.0025
Epoch: 83 cost time: 1.4101040363311768
Epoch: 83, Steps: 33 | Train Loss: 0.0439192 Vali Loss: 0.3025266 Test Loss: 1.4007655
EarlyStopping counter: 69 out of 100
Updating learning rate to 0.0025
Epoch: 84 cost time: 1.4261348247528076
Epoch: 84, Steps: 33 | Train Loss: 0.0429293 Vali Loss: 0.2949517 Test Loss: 1.3542196
EarlyStopping counter: 70 out of 100
Updating learning rate to 0.0025
Epoch: 85 cost time: 1.46305513381958
Epoch: 85, Steps: 33 | Train Loss: 0.0435465 Vali Loss: 0.2754979 Test Loss: 1.3351901
EarlyStopping counter: 71 out of 100
Updating learning rate to 0.0025
Epoch: 86 cost time: 1.454179048538208
Epoch: 86, Steps: 33 | Train Loss: 0.0432791 Vali Loss: 0.2842693 Test Loss: 1.4141203
EarlyStopping counter: 72 out of 100
Updating learning rate to 0.0025
Epoch: 87 cost time: 1.4608917236328125
Epoch: 87, Steps: 33 | Train Loss: 0.0426053 Vali Loss: 0.2956585 Test Loss: 1.3465691
EarlyStopping counter: 73 out of 100
Updating learning rate to 0.0025
Epoch: 88 cost time: 1.460200548171997
Epoch: 88, Steps: 33 | Train Loss: 0.0416196 Vali Loss: 0.3126540 Test Loss: 1.3825122
EarlyStopping counter: 74 out of 100
Updating learning rate to 0.0025
Epoch: 89 cost time: 1.4242637157440186
Epoch: 89, Steps: 33 | Train Loss: 0.0414356 Vali Loss: 0.2963231 Test Loss: 1.3987972
EarlyStopping counter: 75 out of 100
Updating learning rate to 0.0025
Epoch: 90 cost time: 1.417551040649414
Epoch: 90, Steps: 33 | Train Loss: 0.0413830 Vali Loss: 0.2936503 Test Loss: 1.3149790
EarlyStopping counter: 76 out of 100
Updating learning rate to 0.0025
Epoch: 91 cost time: 1.4095699787139893
Epoch: 91, Steps: 33 | Train Loss: 0.0396492 Vali Loss: 0.2696629 Test Loss: 1.3735247
EarlyStopping counter: 77 out of 100
Updating learning rate to 0.0025
Epoch: 92 cost time: 1.4193720817565918
Epoch: 92, Steps: 33 | Train Loss: 0.0396483 Vali Loss: 0.3006470 Test Loss: 1.3222350
EarlyStopping counter: 78 out of 100
Updating learning rate to 0.0025
Epoch: 93 cost time: 1.4053077697753906
Epoch: 93, Steps: 33 | Train Loss: 0.0402345 Vali Loss: 0.2933343 Test Loss: 1.4370333
EarlyStopping counter: 79 out of 100
Updating learning rate to 0.0025
Epoch: 94 cost time: 1.4131722450256348
Epoch: 94, Steps: 33 | Train Loss: 0.0398750 Vali Loss: 0.2815788 Test Loss: 1.3730016
EarlyStopping counter: 80 out of 100
Updating learning rate to 0.0025
Epoch: 95 cost time: 1.4233150482177734
Epoch: 95, Steps: 33 | Train Loss: 0.0402098 Vali Loss: 0.2826672 Test Loss: 1.3494335
EarlyStopping counter: 81 out of 100
Updating learning rate to 0.0025
Epoch: 96 cost time: 1.425924301147461
Epoch: 96, Steps: 33 | Train Loss: 0.0390407 Vali Loss: 0.3104149 Test Loss: 1.3941199
EarlyStopping counter: 82 out of 100
Updating learning rate to 0.0025
Epoch: 97 cost time: 1.4171738624572754
Epoch: 97, Steps: 33 | Train Loss: 0.0401708 Vali Loss: 0.2794368 Test Loss: 1.3566712
EarlyStopping counter: 83 out of 100
Updating learning rate to 0.0025
Epoch: 98 cost time: 1.4133477210998535
Epoch: 98, Steps: 33 | Train Loss: 0.0392360 Vali Loss: 0.2915306 Test Loss: 1.4436641
EarlyStopping counter: 84 out of 100
Updating learning rate to 0.0025
Epoch: 99 cost time: 1.4048304557800293
Epoch: 99, Steps: 33 | Train Loss: 0.0394171 Vali Loss: 0.3052802 Test Loss: 1.3552123
EarlyStopping counter: 85 out of 100
Updating learning rate to 0.0025
Epoch: 100 cost time: 1.4141366481781006
Epoch: 100, Steps: 33 | Train Loss: 0.0389737 Vali Loss: 0.2609483 Test Loss: 1.4050308
EarlyStopping counter: 86 out of 100
Updating learning rate to 0.0025
>>>>>>>testing : NL_illness_cms3_lr0.0001_spc_104_36_PatchTST_custom_ftM_sl104_ll48_pl36_dm16_nh4_el3_dl1_df128_fc1_ebtimeF_dtTruelr0.0001_polspc_Nested_Learning_0<<<<<<<<<<<<<<<<<<<<<<<<<<<<<<<<<
test 158
 Ejecutando Inferencia DINÁMICA (Nested Learning con cms3)
  -> Política: spc | LR: 0.0001 | Target: head

RESUMEN: El CMS se actualizó 0 veces de 9 posibles.

mse:1.4408975839614868, mae:0.7955376505851746, rse:0.5757084488868713
Args in experiment:
Namespace(random_seed=2021, is_training=1, model_id='NL_illness_cms3_lr0.0001_spc_104_48', model='PatchTST', data='custom', root_path='./dataset/', data_path='national_illness.csv', features='M', target='OT', freq='h', checkpoints='./checkpoints/', seq_len=104, label_len=48, pred_len=48, head_type='cms3', cms_lr=0.0001, update_policy='spc', fc_dropout=0.3, head_dropout=0.0, patch_len=24, stride=2, padding_patch='end', revin=1, affine=0, subtract_last=0, decomposition=0, kernel_size=25, individual=0, embed_type=0, enc_in=7, dec_in=7, c_out=7, d_model=16, n_heads=4, e_layers=3, d_layers=1, d_ff=128, moving_avg=25, factor=1, distil=True, dropout=0.3, embed='timeF', activation='gelu', output_attention=False, do_predict=False, num_workers=0, itr=1, train_epochs=100, batch_size=16, patience=100, learning_rate=0.0025, des='Nested_Learning', loss='mse', lradj='constant', pct_start=0.3, use_amp=False, use_gpu=True, gpu=0, use_multi_gpu=False, devices='0,1,2,3', test_flop=False)
Use GPU: cuda:0
>>>>>>>start training : NL_illness_cms3_lr0.0001_spc_104_48_PatchTST_custom_ftM_sl104_ll48_pl48_dm16_nh4_el3_dl1_df128_fc1_ebtimeF_dtTruelr0.0001_polspc_Nested_Learning_0>>>>>>>>>>>>>>>>>>>>>>>>>>
train 525
val 50
test 146
Epoch: 1 cost time: 1.551579475402832
Epoch: 1, Steps: 32 | Train Loss: 0.8904298 Vali Loss: 0.6578173 Test Loss: 4.1714768
Validation loss decreased (inf --> 0.657817).  Saving model ...
Updating learning rate to 0.0025
Epoch: 2 cost time: 1.2992959022521973
Epoch: 2, Steps: 32 | Train Loss: 0.8681723 Vali Loss: 0.6009405 Test Loss: 3.9475279
Validation loss decreased (0.657817 --> 0.600941).  Saving model ...
Updating learning rate to 0.0025
Epoch: 3 cost time: 1.317957878112793
Epoch: 3, Steps: 32 | Train Loss: 0.8159254 Vali Loss: 0.5241577 Test Loss: 3.5521109
Validation loss decreased (0.600941 --> 0.524158).  Saving model ...
Updating learning rate to 0.0025
Epoch: 4 cost time: 1.3076715469360352
Epoch: 4, Steps: 32 | Train Loss: 0.7548934 Vali Loss: 0.4232975 Test Loss: 3.0286083
Validation loss decreased (0.524158 --> 0.423297).  Saving model ...
Updating learning rate to 0.0025
Epoch: 5 cost time: 1.3055121898651123
Epoch: 5, Steps: 32 | Train Loss: 0.6808682 Vali Loss: 0.3330859 Test Loss: 2.6102886
Validation loss decreased (0.423297 --> 0.333086).  Saving model ...
Updating learning rate to 0.0025
Epoch: 6 cost time: 1.3116352558135986
Epoch: 6, Steps: 32 | Train Loss: 0.5968629 Vali Loss: 0.2855058 Test Loss: 2.3167696
Validation loss decreased (0.333086 --> 0.285506).  Saving model ...
Updating learning rate to 0.0025
Epoch: 7 cost time: 1.3208582401275635
Epoch: 7, Steps: 32 | Train Loss: 0.5194954 Vali Loss: 0.2099620 Test Loss: 2.0995281
Validation loss decreased (0.285506 --> 0.209962).  Saving model ...
Updating learning rate to 0.0025
Epoch: 8 cost time: 1.316270112991333
Epoch: 8, Steps: 32 | Train Loss: 0.4820986 Vali Loss: 0.2340492 Test Loss: 2.0687301
EarlyStopping counter: 1 out of 100
Updating learning rate to 0.0025
Epoch: 9 cost time: 1.3243348598480225
Epoch: 9, Steps: 32 | Train Loss: 0.4455944 Vali Loss: 0.2059612 Test Loss: 1.9839655
Validation loss decreased (0.209962 --> 0.205961).  Saving model ...
Updating learning rate to 0.0025
Epoch: 10 cost time: 1.3436896800994873
Epoch: 10, Steps: 32 | Train Loss: 0.4005351 Vali Loss: 0.2009249 Test Loss: 1.9114081
Validation loss decreased (0.205961 --> 0.200925).  Saving model ...
Updating learning rate to 0.0025
Epoch: 11 cost time: 1.3484435081481934
Epoch: 11, Steps: 32 | Train Loss: 0.3681491 Vali Loss: 0.1983729 Test Loss: 1.8612039
Validation loss decreased (0.200925 --> 0.198373).  Saving model ...
Updating learning rate to 0.0025
Epoch: 12 cost time: 1.3468141555786133
Epoch: 12, Steps: 32 | Train Loss: 0.3336586 Vali Loss: 0.1787798 Test Loss: 1.7486444
Validation loss decreased (0.198373 --> 0.178780).  Saving model ...
Updating learning rate to 0.0025
Epoch: 13 cost time: 1.328204870223999
Epoch: 13, Steps: 32 | Train Loss: 0.3038634 Vali Loss: 0.1796875 Test Loss: 1.7235441
EarlyStopping counter: 1 out of 100
Updating learning rate to 0.0025
Epoch: 14 cost time: 1.3028419017791748
Epoch: 14, Steps: 32 | Train Loss: 0.2855451 Vali Loss: 0.1775295 Test Loss: 1.6554544
Validation loss decreased (0.178780 --> 0.177530).  Saving model ...
Updating learning rate to 0.0025
Epoch: 15 cost time: 1.3202199935913086
Epoch: 15, Steps: 32 | Train Loss: 0.2641771 Vali Loss: 0.1896605 Test Loss: 1.5859480
EarlyStopping counter: 1 out of 100
Updating learning rate to 0.0025
Epoch: 16 cost time: 1.317706823348999
Epoch: 16, Steps: 32 | Train Loss: 0.2422593 Vali Loss: 0.1893303 Test Loss: 1.5622888
EarlyStopping counter: 2 out of 100
Updating learning rate to 0.0025
Epoch: 17 cost time: 1.3095898628234863
Epoch: 17, Steps: 32 | Train Loss: 0.2398924 Vali Loss: 0.2389418 Test Loss: 1.5952408
EarlyStopping counter: 3 out of 100
Updating learning rate to 0.0025
Epoch: 18 cost time: 1.317202091217041
Epoch: 18, Steps: 32 | Train Loss: 0.2201474 Vali Loss: 0.2187377 Test Loss: 1.5341614
EarlyStopping counter: 4 out of 100
Updating learning rate to 0.0025
Epoch: 19 cost time: 1.3090167045593262
Epoch: 19, Steps: 32 | Train Loss: 0.2060151 Vali Loss: 0.2624583 Test Loss: 1.5908532
EarlyStopping counter: 5 out of 100
Updating learning rate to 0.0025
Epoch: 20 cost time: 1.3063371181488037
Epoch: 20, Steps: 32 | Train Loss: 0.2020193 Vali Loss: 0.2431357 Test Loss: 1.6301856
EarlyStopping counter: 6 out of 100
Updating learning rate to 0.0025
Epoch: 21 cost time: 1.3094091415405273
Epoch: 21, Steps: 32 | Train Loss: 0.2022341 Vali Loss: 0.2202492 Test Loss: 1.5261915
EarlyStopping counter: 7 out of 100
Updating learning rate to 0.0025
Epoch: 22 cost time: 1.3203670978546143
Epoch: 22, Steps: 32 | Train Loss: 0.1863282 Vali Loss: 0.2113909 Test Loss: 1.5254220
EarlyStopping counter: 8 out of 100
Updating learning rate to 0.0025
Epoch: 23 cost time: 1.3190360069274902
Epoch: 23, Steps: 32 | Train Loss: 0.1801134 Vali Loss: 0.2359924 Test Loss: 1.5501434
EarlyStopping counter: 9 out of 100
Updating learning rate to 0.0025
Epoch: 24 cost time: 1.3105061054229736
Epoch: 24, Steps: 32 | Train Loss: 0.1667635 Vali Loss: 0.2346249 Test Loss: 1.5517211
EarlyStopping counter: 10 out of 100
Updating learning rate to 0.0025
Epoch: 25 cost time: 1.3063898086547852
Epoch: 25, Steps: 32 | Train Loss: 0.1674236 Vali Loss: 0.2688240 Test Loss: 1.6293427
EarlyStopping counter: 11 out of 100
Updating learning rate to 0.0025
Epoch: 26 cost time: 1.3179197311401367
Epoch: 26, Steps: 32 | Train Loss: 0.1564744 Vali Loss: 0.2715288 Test Loss: 1.6137701
EarlyStopping counter: 12 out of 100
Updating learning rate to 0.0025
Epoch: 27 cost time: 1.3082811832427979
Epoch: 27, Steps: 32 | Train Loss: 0.1511970 Vali Loss: 0.2705180 Test Loss: 1.5094365
EarlyStopping counter: 13 out of 100
Updating learning rate to 0.0025
Epoch: 28 cost time: 1.309546947479248
Epoch: 28, Steps: 32 | Train Loss: 0.1457929 Vali Loss: 0.2873131 Test Loss: 1.5756427
EarlyStopping counter: 14 out of 100
Updating learning rate to 0.0025
Epoch: 29 cost time: 1.3073639869689941
Epoch: 29, Steps: 32 | Train Loss: 0.1460974 Vali Loss: 0.2323357 Test Loss: 1.5761546
EarlyStopping counter: 15 out of 100
Updating learning rate to 0.0025
Epoch: 30 cost time: 1.3232886791229248
Epoch: 30, Steps: 32 | Train Loss: 0.1380269 Vali Loss: 0.2846446 Test Loss: 1.5947511
EarlyStopping counter: 16 out of 100
Updating learning rate to 0.0025
Epoch: 31 cost time: 1.3078892230987549
Epoch: 31, Steps: 32 | Train Loss: 0.1348571 Vali Loss: 0.2839532 Test Loss: 1.5188512
EarlyStopping counter: 17 out of 100
Updating learning rate to 0.0025
Epoch: 32 cost time: 1.2994880676269531
Epoch: 32, Steps: 32 | Train Loss: 0.1254300 Vali Loss: 0.2503712 Test Loss: 1.5511912
EarlyStopping counter: 18 out of 100
Updating learning rate to 0.0025
Epoch: 33 cost time: 1.3087294101715088
Epoch: 33, Steps: 32 | Train Loss: 0.1232642 Vali Loss: 0.3042135 Test Loss: 1.5428698
EarlyStopping counter: 19 out of 100
Updating learning rate to 0.0025
Epoch: 34 cost time: 1.2884650230407715
Epoch: 34, Steps: 32 | Train Loss: 0.1236373 Vali Loss: 0.2839158 Test Loss: 1.5731597
EarlyStopping counter: 20 out of 100
Updating learning rate to 0.0025
Epoch: 35 cost time: 1.311654806137085
Epoch: 35, Steps: 32 | Train Loss: 0.1115655 Vali Loss: 0.2670366 Test Loss: 1.5940659
EarlyStopping counter: 21 out of 100
Updating learning rate to 0.0025
Epoch: 36 cost time: 1.3070194721221924
Epoch: 36, Steps: 32 | Train Loss: 0.1094657 Vali Loss: 0.3107620 Test Loss: 1.5277960
EarlyStopping counter: 22 out of 100
Updating learning rate to 0.0025
Epoch: 37 cost time: 1.3058750629425049
Epoch: 37, Steps: 32 | Train Loss: 0.1082627 Vali Loss: 0.2772611 Test Loss: 1.5550809
EarlyStopping counter: 23 out of 100
Updating learning rate to 0.0025
Epoch: 38 cost time: 1.2984333038330078
Epoch: 38, Steps: 32 | Train Loss: 0.0999750 Vali Loss: 0.2914611 Test Loss: 1.5706321
EarlyStopping counter: 24 out of 100
Updating learning rate to 0.0025
Epoch: 39 cost time: 1.3223605155944824
Epoch: 39, Steps: 32 | Train Loss: 0.0994760 Vali Loss: 0.2770282 Test Loss: 1.5738475
EarlyStopping counter: 25 out of 100
Updating learning rate to 0.0025
Epoch: 40 cost time: 1.2963354587554932
Epoch: 40, Steps: 32 | Train Loss: 0.0999425 Vali Loss: 0.2698306 Test Loss: 1.5830760
EarlyStopping counter: 26 out of 100
Updating learning rate to 0.0025
Epoch: 41 cost time: 1.3391900062561035
Epoch: 41, Steps: 32 | Train Loss: 0.0968022 Vali Loss: 0.3183587 Test Loss: 1.6098795
EarlyStopping counter: 27 out of 100
Updating learning rate to 0.0025
Epoch: 42 cost time: 1.345909595489502
Epoch: 42, Steps: 32 | Train Loss: 0.0924320 Vali Loss: 0.2968942 Test Loss: 1.5594426
EarlyStopping counter: 28 out of 100
Updating learning rate to 0.0025
Epoch: 43 cost time: 1.3300886154174805
Epoch: 43, Steps: 32 | Train Loss: 0.0910367 Vali Loss: 0.3150007 Test Loss: 1.6618025
EarlyStopping counter: 29 out of 100
Updating learning rate to 0.0025
Epoch: 44 cost time: 1.3384854793548584
Epoch: 44, Steps: 32 | Train Loss: 0.0891197 Vali Loss: 0.3204603 Test Loss: 1.5967019
EarlyStopping counter: 30 out of 100
Updating learning rate to 0.0025
Epoch: 45 cost time: 1.330991268157959
Epoch: 45, Steps: 32 | Train Loss: 0.0840505 Vali Loss: 0.2846813 Test Loss: 1.7020713
EarlyStopping counter: 31 out of 100
Updating learning rate to 0.0025
Epoch: 46 cost time: 1.301769495010376
Epoch: 46, Steps: 32 | Train Loss: 0.0845053 Vali Loss: 0.2756503 Test Loss: 1.7248800
EarlyStopping counter: 32 out of 100
Updating learning rate to 0.0025
Epoch: 47 cost time: 1.3128063678741455
Epoch: 47, Steps: 32 | Train Loss: 0.0890154 Vali Loss: 0.2963394 Test Loss: 1.6761038
EarlyStopping counter: 33 out of 100
Updating learning rate to 0.0025
Epoch: 48 cost time: 1.3175692558288574
Epoch: 48, Steps: 32 | Train Loss: 0.0831677 Vali Loss: 0.3238788 Test Loss: 1.6319076
EarlyStopping counter: 34 out of 100
Updating learning rate to 0.0025
Epoch: 49 cost time: 1.307030200958252
Epoch: 49, Steps: 32 | Train Loss: 0.0777088 Vali Loss: 0.2922345 Test Loss: 1.6775415
EarlyStopping counter: 35 out of 100
Updating learning rate to 0.0025
Epoch: 50 cost time: 1.3216488361358643
Epoch: 50, Steps: 32 | Train Loss: 0.0760822 Vali Loss: 0.3247336 Test Loss: 1.7013602
EarlyStopping counter: 36 out of 100
Updating learning rate to 0.0025
Epoch: 51 cost time: 1.3075549602508545
Epoch: 51, Steps: 32 | Train Loss: 0.0743695 Vali Loss: 0.2836194 Test Loss: 1.7087913
EarlyStopping counter: 37 out of 100
Updating learning rate to 0.0025
Epoch: 52 cost time: 1.3168907165527344
Epoch: 52, Steps: 32 | Train Loss: 0.0746538 Vali Loss: 0.3196863 Test Loss: 1.6793491
EarlyStopping counter: 38 out of 100
Updating learning rate to 0.0025
Epoch: 53 cost time: 1.3133206367492676
Epoch: 53, Steps: 32 | Train Loss: 0.0759518 Vali Loss: 0.2956550 Test Loss: 1.7706977
EarlyStopping counter: 39 out of 100
Updating learning rate to 0.0025
Epoch: 54 cost time: 1.3230376243591309
Epoch: 54, Steps: 32 | Train Loss: 0.0718265 Vali Loss: 0.2845837 Test Loss: 1.7113158
EarlyStopping counter: 40 out of 100
Updating learning rate to 0.0025
Epoch: 55 cost time: 1.3321239948272705
Epoch: 55, Steps: 32 | Train Loss: 0.0699196 Vali Loss: 0.3024656 Test Loss: 1.6313784
EarlyStopping counter: 41 out of 100
Updating learning rate to 0.0025
Epoch: 56 cost time: 1.3046133518218994
Epoch: 56, Steps: 32 | Train Loss: 0.0688213 Vali Loss: 0.2771906 Test Loss: 1.7960896
EarlyStopping counter: 42 out of 100
Updating learning rate to 0.0025
Epoch: 57 cost time: 1.3262567520141602
Epoch: 57, Steps: 32 | Train Loss: 0.0677516 Vali Loss: 0.2999831 Test Loss: 1.7054706
EarlyStopping counter: 43 out of 100
Updating learning rate to 0.0025
Epoch: 58 cost time: 1.303788423538208
Epoch: 58, Steps: 32 | Train Loss: 0.0678260 Vali Loss: 0.2911442 Test Loss: 1.6395814
EarlyStopping counter: 44 out of 100
Updating learning rate to 0.0025
Epoch: 59 cost time: 1.327275276184082
Epoch: 59, Steps: 32 | Train Loss: 0.0671513 Vali Loss: 0.3172888 Test Loss: 1.6997912
EarlyStopping counter: 45 out of 100
Updating learning rate to 0.0025
Epoch: 60 cost time: 1.3169856071472168
Epoch: 60, Steps: 32 | Train Loss: 0.0653983 Vali Loss: 0.2685482 Test Loss: 1.7730689
EarlyStopping counter: 46 out of 100
Updating learning rate to 0.0025
Epoch: 61 cost time: 1.3074491024017334
Epoch: 61, Steps: 32 | Train Loss: 0.0646029 Vali Loss: 0.2893798 Test Loss: 1.7336447
EarlyStopping counter: 47 out of 100
Updating learning rate to 0.0025
Epoch: 62 cost time: 1.3108100891113281
Epoch: 62, Steps: 32 | Train Loss: 0.0620328 Vali Loss: 0.3030530 Test Loss: 1.6629575
EarlyStopping counter: 48 out of 100
Updating learning rate to 0.0025
Epoch: 63 cost time: 1.3144299983978271
Epoch: 63, Steps: 32 | Train Loss: 0.0627591 Vali Loss: 0.2854640 Test Loss: 1.6989536
EarlyStopping counter: 49 out of 100
Updating learning rate to 0.0025
Epoch: 64 cost time: 1.3114228248596191
Epoch: 64, Steps: 32 | Train Loss: 0.0599626 Vali Loss: 0.2850745 Test Loss: 1.7524368
EarlyStopping counter: 50 out of 100
Updating learning rate to 0.0025
Epoch: 65 cost time: 1.3082950115203857
Epoch: 65, Steps: 32 | Train Loss: 0.0609705 Vali Loss: 0.3018622 Test Loss: 1.7551507
EarlyStopping counter: 51 out of 100
Updating learning rate to 0.0025
Epoch: 66 cost time: 1.2982194423675537
Epoch: 66, Steps: 32 | Train Loss: 0.0604246 Vali Loss: 0.2768782 Test Loss: 1.8047013
EarlyStopping counter: 52 out of 100
Updating learning rate to 0.0025
Epoch: 67 cost time: 1.3081932067871094
Epoch: 67, Steps: 32 | Train Loss: 0.0599241 Vali Loss: 0.2824116 Test Loss: 1.7820113
EarlyStopping counter: 53 out of 100
Updating learning rate to 0.0025
Epoch: 68 cost time: 1.298525094985962
Epoch: 68, Steps: 32 | Train Loss: 0.0575658 Vali Loss: 0.2793793 Test Loss: 1.7947364
EarlyStopping counter: 54 out of 100
Updating learning rate to 0.0025
Epoch: 69 cost time: 1.3214433193206787
Epoch: 69, Steps: 32 | Train Loss: 0.0575289 Vali Loss: 0.2808646 Test Loss: 1.7110561
EarlyStopping counter: 55 out of 100
Updating learning rate to 0.0025
Epoch: 70 cost time: 1.3202757835388184
Epoch: 70, Steps: 32 | Train Loss: 0.0568061 Vali Loss: 0.3138178 Test Loss: 1.7048123
EarlyStopping counter: 56 out of 100
Updating learning rate to 0.0025
Epoch: 71 cost time: 1.3076612949371338
Epoch: 71, Steps: 32 | Train Loss: 0.0572470 Vali Loss: 0.2812934 Test Loss: 1.7725885
EarlyStopping counter: 57 out of 100
Updating learning rate to 0.0025
Epoch: 72 cost time: 1.3072004318237305
Epoch: 72, Steps: 32 | Train Loss: 0.0555507 Vali Loss: 0.2830662 Test Loss: 1.8168929
EarlyStopping counter: 58 out of 100
Updating learning rate to 0.0025
Epoch: 73 cost time: 1.333735704421997
Epoch: 73, Steps: 32 | Train Loss: 0.0565077 Vali Loss: 0.2848944 Test Loss: 1.7525243
EarlyStopping counter: 59 out of 100
Updating learning rate to 0.0025
Epoch: 74 cost time: 1.3448736667633057
Epoch: 74, Steps: 32 | Train Loss: 0.0556166 Vali Loss: 0.2607000 Test Loss: 1.8554626
EarlyStopping counter: 60 out of 100
Updating learning rate to 0.0025
Epoch: 75 cost time: 1.3288249969482422
Epoch: 75, Steps: 32 | Train Loss: 0.0547517 Vali Loss: 0.2822200 Test Loss: 1.7178934
EarlyStopping counter: 61 out of 100
Updating learning rate to 0.0025
Epoch: 76 cost time: 1.3294644355773926
Epoch: 76, Steps: 32 | Train Loss: 0.0527680 Vali Loss: 0.2791655 Test Loss: 1.7848352
EarlyStopping counter: 62 out of 100
Updating learning rate to 0.0025
Epoch: 77 cost time: 1.3388702869415283
Epoch: 77, Steps: 32 | Train Loss: 0.0526082 Vali Loss: 0.2791378 Test Loss: 1.8404880
EarlyStopping counter: 63 out of 100
Updating learning rate to 0.0025
Epoch: 78 cost time: 1.318291425704956
Epoch: 78, Steps: 32 | Train Loss: 0.0526135 Vali Loss: 0.2708968 Test Loss: 1.8240153
EarlyStopping counter: 64 out of 100
Updating learning rate to 0.0025
Epoch: 79 cost time: 1.310593605041504
Epoch: 79, Steps: 32 | Train Loss: 0.0511376 Vali Loss: 0.2721837 Test Loss: 1.7713767
EarlyStopping counter: 65 out of 100
Updating learning rate to 0.0025
Epoch: 80 cost time: 1.3016114234924316
Epoch: 80, Steps: 32 | Train Loss: 0.0509847 Vali Loss: 0.2653924 Test Loss: 1.8493712
EarlyStopping counter: 66 out of 100
Updating learning rate to 0.0025
Epoch: 81 cost time: 1.3181564807891846
Epoch: 81, Steps: 32 | Train Loss: 0.0506488 Vali Loss: 0.2776909 Test Loss: 1.8647894
EarlyStopping counter: 67 out of 100
Updating learning rate to 0.0025
Epoch: 82 cost time: 1.3013191223144531
Epoch: 82, Steps: 32 | Train Loss: 0.0515219 Vali Loss: 0.2602283 Test Loss: 1.9090099
EarlyStopping counter: 68 out of 100
Updating learning rate to 0.0025
Epoch: 83 cost time: 1.2926535606384277
Epoch: 83, Steps: 32 | Train Loss: 0.0496512 Vali Loss: 0.2746664 Test Loss: 1.8410364
EarlyStopping counter: 69 out of 100
Updating learning rate to 0.0025
Epoch: 84 cost time: 1.3204474449157715
Epoch: 84, Steps: 32 | Train Loss: 0.0494952 Vali Loss: 0.2828485 Test Loss: 1.8234582
EarlyStopping counter: 70 out of 100
Updating learning rate to 0.0025
Epoch: 85 cost time: 1.3043911457061768
Epoch: 85, Steps: 32 | Train Loss: 0.0485026 Vali Loss: 0.2565324 Test Loss: 1.8502142
EarlyStopping counter: 71 out of 100
Updating learning rate to 0.0025
Epoch: 86 cost time: 1.3162672519683838
Epoch: 86, Steps: 32 | Train Loss: 0.0468758 Vali Loss: 0.2660393 Test Loss: 1.8250781
EarlyStopping counter: 72 out of 100
Updating learning rate to 0.0025
Epoch: 87 cost time: 1.3188836574554443
Epoch: 87, Steps: 32 | Train Loss: 0.0468267 Vali Loss: 0.2633013 Test Loss: 1.9081105
EarlyStopping counter: 73 out of 100
Updating learning rate to 0.0025
Epoch: 88 cost time: 1.3157093524932861
Epoch: 88, Steps: 32 | Train Loss: 0.0471346 Vali Loss: 0.2647063 Test Loss: 1.8259335
EarlyStopping counter: 74 out of 100
Updating learning rate to 0.0025
Epoch: 89 cost time: 1.306941270828247
Epoch: 89, Steps: 32 | Train Loss: 0.0475522 Vali Loss: 0.2703114 Test Loss: 1.8023866
EarlyStopping counter: 75 out of 100
Updating learning rate to 0.0025
Epoch: 90 cost time: 1.3100244998931885
Epoch: 90, Steps: 32 | Train Loss: 0.0476459 Vali Loss: 0.2636751 Test Loss: 1.8553797
EarlyStopping counter: 76 out of 100
Updating learning rate to 0.0025
Epoch: 91 cost time: 1.2901508808135986
Epoch: 91, Steps: 32 | Train Loss: 0.0474611 Vali Loss: 0.2636437 Test Loss: 1.8404135
EarlyStopping counter: 77 out of 100
Updating learning rate to 0.0025
Epoch: 92 cost time: 1.3070003986358643
Epoch: 92, Steps: 32 | Train Loss: 0.0453990 Vali Loss: 0.2630304 Test Loss: 1.8430890
EarlyStopping counter: 78 out of 100
Updating learning rate to 0.0025
Epoch: 93 cost time: 1.3176274299621582
Epoch: 93, Steps: 32 | Train Loss: 0.0459950 Vali Loss: 0.2780395 Test Loss: 1.8688009
EarlyStopping counter: 79 out of 100
Updating learning rate to 0.0025
Epoch: 94 cost time: 1.3128023147583008
Epoch: 94, Steps: 32 | Train Loss: 0.0457262 Vali Loss: 0.2641327 Test Loss: 1.8632461
EarlyStopping counter: 80 out of 100
Updating learning rate to 0.0025
Epoch: 95 cost time: 1.305708646774292
Epoch: 95, Steps: 32 | Train Loss: 0.0441489 Vali Loss: 0.2684164 Test Loss: 1.8862100
EarlyStopping counter: 81 out of 100
Updating learning rate to 0.0025
Epoch: 96 cost time: 1.3108606338500977
Epoch: 96, Steps: 32 | Train Loss: 0.0445870 Vali Loss: 0.2802550 Test Loss: 1.8363631
EarlyStopping counter: 82 out of 100
Updating learning rate to 0.0025
Epoch: 97 cost time: 1.3035459518432617
Epoch: 97, Steps: 32 | Train Loss: 0.0448579 Vali Loss: 0.2649615 Test Loss: 1.8667912
EarlyStopping counter: 83 out of 100
Updating learning rate to 0.0025
Epoch: 98 cost time: 1.2913296222686768
Epoch: 98, Steps: 32 | Train Loss: 0.0449460 Vali Loss: 0.2742411 Test Loss: 1.8476236
EarlyStopping counter: 84 out of 100
Updating learning rate to 0.0025
Epoch: 99 cost time: 1.3300673961639404
Epoch: 99, Steps: 32 | Train Loss: 0.0446762 Vali Loss: 0.2877568 Test Loss: 1.8774711
EarlyStopping counter: 85 out of 100
Updating learning rate to 0.0025
Epoch: 100 cost time: 1.3065195083618164
Epoch: 100, Steps: 32 | Train Loss: 0.0439294 Vali Loss: 0.2716816 Test Loss: 1.9035928
EarlyStopping counter: 86 out of 100
Updating learning rate to 0.0025
>>>>>>>testing : NL_illness_cms3_lr0.0001_spc_104_48_PatchTST_custom_ftM_sl104_ll48_pl48_dm16_nh4_el3_dl1_df128_fc1_ebtimeF_dtTruelr0.0001_polspc_Nested_Learning_0<<<<<<<<<<<<<<<<<<<<<<<<<<<<<<<<<
test 146
 Ejecutando Inferencia DINÁMICA (Nested Learning con cms3)
  -> Política: spc | LR: 0.0001 | Target: head

RESUMEN: El CMS se actualizó 0 veces de 9 posibles.

mse:1.655454397201538, mae:0.8437026143074036, rse:0.6154780983924866
Args in experiment:
Namespace(random_seed=2021, is_training=1, model_id='NL_illness_cms3_lr0.0001_spc_104_60', model='PatchTST', data='custom', root_path='./dataset/', data_path='national_illness.csv', features='M', target='OT', freq='h', checkpoints='./checkpoints/', seq_len=104, label_len=48, pred_len=60, head_type='cms3', cms_lr=0.0001, update_policy='spc', fc_dropout=0.3, head_dropout=0.0, patch_len=24, stride=2, padding_patch='end', revin=1, affine=0, subtract_last=0, decomposition=0, kernel_size=25, individual=0, embed_type=0, enc_in=7, dec_in=7, c_out=7, d_model=16, n_heads=4, e_layers=3, d_layers=1, d_ff=128, moving_avg=25, factor=1, distil=True, dropout=0.3, embed='timeF', activation='gelu', output_attention=False, do_predict=False, num_workers=0, itr=1, train_epochs=100, batch_size=16, patience=100, learning_rate=0.0025, des='Nested_Learning', loss='mse', lradj='constant', pct_start=0.3, use_amp=False, use_gpu=True, gpu=0, use_multi_gpu=False, devices='0,1,2,3', test_flop=False)
Use GPU: cuda:0
>>>>>>>start training : NL_illness_cms3_lr0.0001_spc_104_60_PatchTST_custom_ftM_sl104_ll48_pl60_dm16_nh4_el3_dl1_df128_fc1_ebtimeF_dtTruelr0.0001_polspc_Nested_Learning_0>>>>>>>>>>>>>>>>>>>>>>>>>>
train 513
val 38
test 134
Epoch: 1 cost time: 1.6037888526916504
Epoch: 1, Steps: 32 | Train Loss: 0.9029972 Vali Loss: 0.6860675 Test Loss: 4.2953234
Validation loss decreased (inf --> 0.686068).  Saving model ...
Updating learning rate to 0.0025
Epoch: 2 cost time: 1.3259212970733643
Epoch: 2, Steps: 32 | Train Loss: 0.8855226 Vali Loss: 0.6287977 Test Loss: 4.0943379
Validation loss decreased (0.686068 --> 0.628798).  Saving model ...
Updating learning rate to 0.0025
Epoch: 3 cost time: 1.3434510231018066
Epoch: 3, Steps: 32 | Train Loss: 0.8460574 Vali Loss: 0.5373464 Test Loss: 3.7139270
Validation loss decreased (0.628798 --> 0.537346).  Saving model ...
Updating learning rate to 0.0025
Epoch: 4 cost time: 1.3341929912567139
Epoch: 4, Steps: 32 | Train Loss: 0.7871176 Vali Loss: 0.5168345 Test Loss: 3.2136979
Validation loss decreased (0.537346 --> 0.516834).  Saving model ...
Updating learning rate to 0.0025
Epoch: 5 cost time: 1.3320794105529785
Epoch: 5, Steps: 32 | Train Loss: 0.7176198 Vali Loss: 0.4190447 Test Loss: 2.7691412
Validation loss decreased (0.516834 --> 0.419045).  Saving model ...
Updating learning rate to 0.0025
Epoch: 6 cost time: 1.3275644779205322
Epoch: 6, Steps: 32 | Train Loss: 0.6405140 Vali Loss: 0.3494914 Test Loss: 2.4097526
Validation loss decreased (0.419045 --> 0.349491).  Saving model ...
Updating learning rate to 0.0025
Epoch: 7 cost time: 1.3074603080749512
Epoch: 7, Steps: 32 | Train Loss: 0.5669670 Vali Loss: 0.3002635 Test Loss: 2.2216499
Validation loss decreased (0.349491 --> 0.300264).  Saving model ...
Updating learning rate to 0.0025
Epoch: 8 cost time: 1.331681251525879
Epoch: 8, Steps: 32 | Train Loss: 0.5069156 Vali Loss: 0.2805249 Test Loss: 2.1265388
Validation loss decreased (0.300264 --> 0.280525).  Saving model ...
Updating learning rate to 0.0025
Epoch: 9 cost time: 1.3339552879333496
Epoch: 9, Steps: 32 | Train Loss: 0.4572320 Vali Loss: 0.2201657 Test Loss: 1.9953693
Validation loss decreased (0.280525 --> 0.220166).  Saving model ...
Updating learning rate to 0.0025
Epoch: 10 cost time: 1.3172616958618164
Epoch: 10, Steps: 32 | Train Loss: 0.4188528 Vali Loss: 0.1965877 Test Loss: 1.9291968
Validation loss decreased (0.220166 --> 0.196588).  Saving model ...
Updating learning rate to 0.0025
Epoch: 11 cost time: 1.3211538791656494
Epoch: 11, Steps: 32 | Train Loss: 0.3839707 Vali Loss: 0.1845967 Test Loss: 1.8481488
Validation loss decreased (0.196588 --> 0.184597).  Saving model ...
Updating learning rate to 0.0025
Epoch: 12 cost time: 1.3163156509399414
Epoch: 12, Steps: 32 | Train Loss: 0.3541818 Vali Loss: 0.2079400 Test Loss: 1.7244040
EarlyStopping counter: 1 out of 100
Updating learning rate to 0.0025
Epoch: 13 cost time: 1.317206621170044
Epoch: 13, Steps: 32 | Train Loss: 0.3364608 Vali Loss: 0.1951084 Test Loss: 1.8361766
EarlyStopping counter: 2 out of 100
Updating learning rate to 0.0025
Epoch: 14 cost time: 1.3054420948028564
Epoch: 14, Steps: 32 | Train Loss: 0.3019118 Vali Loss: 0.2062387 Test Loss: 1.6886120
EarlyStopping counter: 3 out of 100
Updating learning rate to 0.0025
Epoch: 15 cost time: 1.3291618824005127
Epoch: 15, Steps: 32 | Train Loss: 0.2847662 Vali Loss: 0.2149493 Test Loss: 1.5813949
EarlyStopping counter: 4 out of 100
Updating learning rate to 0.0025
Epoch: 16 cost time: 1.3265416622161865
Epoch: 16, Steps: 32 | Train Loss: 0.2643749 Vali Loss: 0.2486811 Test Loss: 1.5214131
EarlyStopping counter: 5 out of 100
Updating learning rate to 0.0025
Epoch: 17 cost time: 1.3173959255218506
Epoch: 17, Steps: 32 | Train Loss: 0.2439947 Vali Loss: 0.2329204 Test Loss: 1.5014660
EarlyStopping counter: 6 out of 100
Updating learning rate to 0.0025
Epoch: 18 cost time: 1.3219404220581055
Epoch: 18, Steps: 32 | Train Loss: 0.2352318 Vali Loss: 0.2495234 Test Loss: 1.3347167
EarlyStopping counter: 7 out of 100
Updating learning rate to 0.0025
Epoch: 19 cost time: 1.3439257144927979
Epoch: 19, Steps: 32 | Train Loss: 0.2153586 Vali Loss: 0.2658033 Test Loss: 1.3940845
EarlyStopping counter: 8 out of 100
Updating learning rate to 0.0025
Epoch: 20 cost time: 1.3003947734832764
Epoch: 20, Steps: 32 | Train Loss: 0.2077207 Vali Loss: 0.2821001 Test Loss: 1.4073212
EarlyStopping counter: 9 out of 100
Updating learning rate to 0.0025
Epoch: 21 cost time: 1.3253216743469238
Epoch: 21, Steps: 32 | Train Loss: 0.1969288 Vali Loss: 0.2369483 Test Loss: 1.3900417
EarlyStopping counter: 10 out of 100
Updating learning rate to 0.0025
Epoch: 22 cost time: 1.3176629543304443
Epoch: 22, Steps: 32 | Train Loss: 0.1867577 Vali Loss: 0.2999859 Test Loss: 1.3549690
EarlyStopping counter: 11 out of 100
Updating learning rate to 0.0025
Epoch: 23 cost time: 1.3260276317596436
Epoch: 23, Steps: 32 | Train Loss: 0.1841463 Vali Loss: 0.3141288 Test Loss: 1.3384326
EarlyStopping counter: 12 out of 100
Updating learning rate to 0.0025
Epoch: 24 cost time: 1.3127026557922363
Epoch: 24, Steps: 32 | Train Loss: 0.1728856 Vali Loss: 0.2862847 Test Loss: 1.3881983
EarlyStopping counter: 13 out of 100
Updating learning rate to 0.0025
Epoch: 25 cost time: 1.3322713375091553
Epoch: 25, Steps: 32 | Train Loss: 0.1703554 Vali Loss: 0.3190467 Test Loss: 1.3683088
EarlyStopping counter: 14 out of 100
Updating learning rate to 0.0025
Epoch: 26 cost time: 1.3167846202850342
Epoch: 26, Steps: 32 | Train Loss: 0.1619156 Vali Loss: 0.2801524 Test Loss: 1.4579337
EarlyStopping counter: 15 out of 100
Updating learning rate to 0.0025
Epoch: 27 cost time: 1.3133537769317627
Epoch: 27, Steps: 32 | Train Loss: 0.1596256 Vali Loss: 0.3016711 Test Loss: 1.3520452
EarlyStopping counter: 16 out of 100
Updating learning rate to 0.0025
Epoch: 28 cost time: 1.3277490139007568
Epoch: 28, Steps: 32 | Train Loss: 0.1505698 Vali Loss: 0.3520856 Test Loss: 1.3790979
EarlyStopping counter: 17 out of 100
Updating learning rate to 0.0025
Epoch: 29 cost time: 1.3137166500091553
Epoch: 29, Steps: 32 | Train Loss: 0.1467470 Vali Loss: 0.2683122 Test Loss: 1.3213352
EarlyStopping counter: 18 out of 100
Updating learning rate to 0.0025
Epoch: 30 cost time: 1.319155216217041
Epoch: 30, Steps: 32 | Train Loss: 0.1441656 Vali Loss: 0.3156767 Test Loss: 1.3580511
EarlyStopping counter: 19 out of 100
Updating learning rate to 0.0025
Epoch: 31 cost time: 1.3402447700500488
Epoch: 31, Steps: 32 | Train Loss: 0.1395136 Vali Loss: 0.2851391 Test Loss: 1.3549470
EarlyStopping counter: 20 out of 100
Updating learning rate to 0.0025
Epoch: 32 cost time: 1.344167947769165
Epoch: 32, Steps: 32 | Train Loss: 0.1353759 Vali Loss: 0.3274754 Test Loss: 1.3703742
EarlyStopping counter: 21 out of 100
Updating learning rate to 0.0025
Epoch: 33 cost time: 1.3428747653961182
Epoch: 33, Steps: 32 | Train Loss: 0.1309357 Vali Loss: 0.3473846 Test Loss: 1.2812034
EarlyStopping counter: 22 out of 100
Updating learning rate to 0.0025
Epoch: 34 cost time: 1.3485496044158936
Epoch: 34, Steps: 32 | Train Loss: 0.1241714 Vali Loss: 0.3438099 Test Loss: 1.3484247
EarlyStopping counter: 23 out of 100
Updating learning rate to 0.0025
Epoch: 35 cost time: 1.311030387878418
Epoch: 35, Steps: 32 | Train Loss: 0.1204592 Vali Loss: 0.4194987 Test Loss: 1.3233821
EarlyStopping counter: 24 out of 100
Updating learning rate to 0.0025
Epoch: 36 cost time: 1.3194119930267334
Epoch: 36, Steps: 32 | Train Loss: 0.1192420 Vali Loss: 0.3164442 Test Loss: 1.3459784
EarlyStopping counter: 25 out of 100
Updating learning rate to 0.0025
Epoch: 37 cost time: 1.320295810699463
Epoch: 37, Steps: 32 | Train Loss: 0.1147633 Vali Loss: 0.3624015 Test Loss: 1.3293521
EarlyStopping counter: 26 out of 100
Updating learning rate to 0.0025
Epoch: 38 cost time: 1.3451457023620605
Epoch: 38, Steps: 32 | Train Loss: 0.1113703 Vali Loss: 0.3485094 Test Loss: 1.3904511
EarlyStopping counter: 27 out of 100
Updating learning rate to 0.0025
Epoch: 39 cost time: 1.319598913192749
Epoch: 39, Steps: 32 | Train Loss: 0.1086880 Vali Loss: 0.3504015 Test Loss: 1.3472760
EarlyStopping counter: 28 out of 100
Updating learning rate to 0.0025
Epoch: 40 cost time: 1.331536054611206
Epoch: 40, Steps: 32 | Train Loss: 0.1052919 Vali Loss: 0.3934534 Test Loss: 1.3672262
EarlyStopping counter: 29 out of 100
Updating learning rate to 0.0025
Epoch: 41 cost time: 1.3201375007629395
Epoch: 41, Steps: 32 | Train Loss: 0.1027547 Vali Loss: 0.3728932 Test Loss: 1.3522804
EarlyStopping counter: 30 out of 100
Updating learning rate to 0.0025
Epoch: 42 cost time: 1.3314273357391357
Epoch: 42, Steps: 32 | Train Loss: 0.1012066 Vali Loss: 0.4014939 Test Loss: 1.3243015
EarlyStopping counter: 31 out of 100
Updating learning rate to 0.0025
Epoch: 43 cost time: 1.3086378574371338
Epoch: 43, Steps: 32 | Train Loss: 0.0993896 Vali Loss: 0.3804995 Test Loss: 1.3869003
EarlyStopping counter: 32 out of 100
Updating learning rate to 0.0025
Epoch: 44 cost time: 1.3298978805541992
Epoch: 44, Steps: 32 | Train Loss: 0.0949710 Vali Loss: 0.3697666 Test Loss: 1.4000731
EarlyStopping counter: 33 out of 100
Updating learning rate to 0.0025
Epoch: 45 cost time: 1.3177354335784912
Epoch: 45, Steps: 32 | Train Loss: 0.0922332 Vali Loss: 0.3447896 Test Loss: 1.3816460
EarlyStopping counter: 34 out of 100
Updating learning rate to 0.0025
Epoch: 46 cost time: 1.3023111820220947
Epoch: 46, Steps: 32 | Train Loss: 0.0906877 Vali Loss: 0.3763731 Test Loss: 1.3318526
EarlyStopping counter: 35 out of 100
Updating learning rate to 0.0025
Epoch: 47 cost time: 1.3265049457550049
Epoch: 47, Steps: 32 | Train Loss: 0.0870424 Vali Loss: 0.3822559 Test Loss: 1.4224292
EarlyStopping counter: 36 out of 100
Updating learning rate to 0.0025
Epoch: 48 cost time: 1.3109767436981201
Epoch: 48, Steps: 32 | Train Loss: 0.0855377 Vali Loss: 0.3138658 Test Loss: 1.4471949
EarlyStopping counter: 37 out of 100
Updating learning rate to 0.0025
Epoch: 49 cost time: 1.3327860832214355
Epoch: 49, Steps: 32 | Train Loss: 0.0870222 Vali Loss: 0.3717253 Test Loss: 1.4124842
EarlyStopping counter: 38 out of 100
Updating learning rate to 0.0025
Epoch: 50 cost time: 1.3188714981079102
Epoch: 50, Steps: 32 | Train Loss: 0.0835615 Vali Loss: 0.3725579 Test Loss: 1.3586085
EarlyStopping counter: 39 out of 100
Updating learning rate to 0.0025
Epoch: 51 cost time: 1.3247900009155273
Epoch: 51, Steps: 32 | Train Loss: 0.0826729 Vali Loss: 0.3915151 Test Loss: 1.3649884
EarlyStopping counter: 40 out of 100
Updating learning rate to 0.0025
Epoch: 52 cost time: 1.323732614517212
Epoch: 52, Steps: 32 | Train Loss: 0.0817046 Vali Loss: 0.3092853 Test Loss: 1.4207176
EarlyStopping counter: 41 out of 100
Updating learning rate to 0.0025
Epoch: 53 cost time: 1.3146631717681885
Epoch: 53, Steps: 32 | Train Loss: 0.0794405 Vali Loss: 0.3815190 Test Loss: 1.3668256
EarlyStopping counter: 42 out of 100
Updating learning rate to 0.0025
Epoch: 54 cost time: 1.3346011638641357
Epoch: 54, Steps: 32 | Train Loss: 0.0769526 Vali Loss: 0.3448490 Test Loss: 1.4849107
EarlyStopping counter: 43 out of 100
Updating learning rate to 0.0025
Epoch: 55 cost time: 1.3266210556030273
Epoch: 55, Steps: 32 | Train Loss: 0.0741054 Vali Loss: 0.3367548 Test Loss: 1.4405438
EarlyStopping counter: 44 out of 100
Updating learning rate to 0.0025
Epoch: 56 cost time: 1.3062644004821777
Epoch: 56, Steps: 32 | Train Loss: 0.0746446 Vali Loss: 0.3830267 Test Loss: 1.4281706
EarlyStopping counter: 45 out of 100
Updating learning rate to 0.0025
Epoch: 57 cost time: 1.3052928447723389
Epoch: 57, Steps: 32 | Train Loss: 0.0726490 Vali Loss: 0.3561627 Test Loss: 1.4543467
EarlyStopping counter: 46 out of 100
Updating learning rate to 0.0025
Epoch: 58 cost time: 1.2995109558105469
Epoch: 58, Steps: 32 | Train Loss: 0.0719979 Vali Loss: 0.3586682 Test Loss: 1.4260799
EarlyStopping counter: 47 out of 100
Updating learning rate to 0.0025
Epoch: 59 cost time: 1.3222196102142334
Epoch: 59, Steps: 32 | Train Loss: 0.0710670 Vali Loss: 0.3829084 Test Loss: 1.3949174
EarlyStopping counter: 48 out of 100
Updating learning rate to 0.0025
Epoch: 60 cost time: 1.3124425411224365
Epoch: 60, Steps: 32 | Train Loss: 0.0696380 Vali Loss: 0.3527979 Test Loss: 1.5106083
EarlyStopping counter: 49 out of 100
Updating learning rate to 0.0025
Epoch: 61 cost time: 1.3203794956207275
Epoch: 61, Steps: 32 | Train Loss: 0.0694599 Vali Loss: 0.3728208 Test Loss: 1.4710960
EarlyStopping counter: 50 out of 100
Updating learning rate to 0.0025
Epoch: 62 cost time: 1.3333711624145508
Epoch: 62, Steps: 32 | Train Loss: 0.0681159 Vali Loss: 0.3423391 Test Loss: 1.4982039
EarlyStopping counter: 51 out of 100
Updating learning rate to 0.0025
Epoch: 63 cost time: 1.3387799263000488
Epoch: 63, Steps: 32 | Train Loss: 0.0683077 Vali Loss: 0.3597021 Test Loss: 1.5250430
EarlyStopping counter: 52 out of 100
Updating learning rate to 0.0025
Epoch: 64 cost time: 1.344172716140747
Epoch: 64, Steps: 32 | Train Loss: 0.0653078 Vali Loss: 0.3256768 Test Loss: 1.4792337
EarlyStopping counter: 53 out of 100
Updating learning rate to 0.0025
Epoch: 65 cost time: 1.3421962261199951
Epoch: 65, Steps: 32 | Train Loss: 0.0651720 Vali Loss: 0.3667182 Test Loss: 1.4467678
EarlyStopping counter: 54 out of 100
Updating learning rate to 0.0025
Epoch: 66 cost time: 1.3354136943817139
Epoch: 66, Steps: 32 | Train Loss: 0.0640346 Vali Loss: 0.3367100 Test Loss: 1.5154567
EarlyStopping counter: 55 out of 100
Updating learning rate to 0.0025
Epoch: 67 cost time: 1.3141486644744873
Epoch: 67, Steps: 32 | Train Loss: 0.0640488 Vali Loss: 0.4155722 Test Loss: 1.4496813
EarlyStopping counter: 56 out of 100
Updating learning rate to 0.0025
Epoch: 68 cost time: 1.3143296241760254
Epoch: 68, Steps: 32 | Train Loss: 0.0625995 Vali Loss: 0.3430627 Test Loss: 1.5749815
EarlyStopping counter: 57 out of 100
Updating learning rate to 0.0025
Epoch: 69 cost time: 1.3053436279296875
Epoch: 69, Steps: 32 | Train Loss: 0.0613143 Vali Loss: 0.3483088 Test Loss: 1.5015726
EarlyStopping counter: 58 out of 100
Updating learning rate to 0.0025
Epoch: 70 cost time: 1.316345453262329
Epoch: 70, Steps: 32 | Train Loss: 0.0606323 Vali Loss: 0.3604695 Test Loss: 1.4696378
EarlyStopping counter: 59 out of 100
Updating learning rate to 0.0025
Epoch: 71 cost time: 1.3242452144622803
Epoch: 71, Steps: 32 | Train Loss: 0.0620442 Vali Loss: 0.3608681 Test Loss: 1.5057510
EarlyStopping counter: 60 out of 100
Updating learning rate to 0.0025
Epoch: 72 cost time: 1.3297832012176514
Epoch: 72, Steps: 32 | Train Loss: 0.0614061 Vali Loss: 0.3627779 Test Loss: 1.5445184
EarlyStopping counter: 61 out of 100
Updating learning rate to 0.0025
Epoch: 73 cost time: 1.3264942169189453
Epoch: 73, Steps: 32 | Train Loss: 0.0601624 Vali Loss: 0.3633543 Test Loss: 1.4738843
EarlyStopping counter: 62 out of 100
Updating learning rate to 0.0025
Epoch: 74 cost time: 1.3162603378295898
Epoch: 74, Steps: 32 | Train Loss: 0.0590797 Vali Loss: 0.3822509 Test Loss: 1.5285338
EarlyStopping counter: 63 out of 100
Updating learning rate to 0.0025
Epoch: 75 cost time: 1.31398344039917
Epoch: 75, Steps: 32 | Train Loss: 0.0607158 Vali Loss: 0.3314558 Test Loss: 1.4891336
EarlyStopping counter: 64 out of 100
Updating learning rate to 0.0025
Epoch: 76 cost time: 1.3109948635101318
Epoch: 76, Steps: 32 | Train Loss: 0.0580973 Vali Loss: 0.3570983 Test Loss: 1.5537882
EarlyStopping counter: 65 out of 100
Updating learning rate to 0.0025
Epoch: 77 cost time: 1.3357558250427246
Epoch: 77, Steps: 32 | Train Loss: 0.0569202 Vali Loss: 0.3262101 Test Loss: 1.5547659
EarlyStopping counter: 66 out of 100
Updating learning rate to 0.0025
Epoch: 78 cost time: 1.3382132053375244
Epoch: 78, Steps: 32 | Train Loss: 0.0565967 Vali Loss: 0.3465765 Test Loss: 1.5684273
EarlyStopping counter: 67 out of 100
Updating learning rate to 0.0025
Epoch: 79 cost time: 1.319469690322876
Epoch: 79, Steps: 32 | Train Loss: 0.0569299 Vali Loss: 0.3636722 Test Loss: 1.5623496
EarlyStopping counter: 68 out of 100
Updating learning rate to 0.0025
Epoch: 80 cost time: 1.2999727725982666
Epoch: 80, Steps: 32 | Train Loss: 0.0554574 Vali Loss: 0.3723859 Test Loss: 1.5483068
EarlyStopping counter: 69 out of 100
Updating learning rate to 0.0025
Epoch: 81 cost time: 1.3154189586639404
Epoch: 81, Steps: 32 | Train Loss: 0.0548984 Vali Loss: 0.3547618 Test Loss: 1.5843421
EarlyStopping counter: 70 out of 100
Updating learning rate to 0.0025
Epoch: 82 cost time: 1.3258447647094727
Epoch: 82, Steps: 32 | Train Loss: 0.0545963 Vali Loss: 0.3301154 Test Loss: 1.6212057
EarlyStopping counter: 71 out of 100
Updating learning rate to 0.0025
Epoch: 83 cost time: 1.3049862384796143
Epoch: 83, Steps: 32 | Train Loss: 0.0536444 Vali Loss: 0.3656013 Test Loss: 1.5922127
EarlyStopping counter: 72 out of 100
Updating learning rate to 0.0025
Epoch: 84 cost time: 1.3233833312988281
Epoch: 84, Steps: 32 | Train Loss: 0.0527352 Vali Loss: 0.3549349 Test Loss: 1.5329220
EarlyStopping counter: 73 out of 100
Updating learning rate to 0.0025
Epoch: 85 cost time: 1.3123373985290527
Epoch: 85, Steps: 32 | Train Loss: 0.0536978 Vali Loss: 0.3550670 Test Loss: 1.6088226
EarlyStopping counter: 74 out of 100
Updating learning rate to 0.0025
Epoch: 86 cost time: 1.3149974346160889
Epoch: 86, Steps: 32 | Train Loss: 0.0530852 Vali Loss: 0.3716491 Test Loss: 1.5645140
EarlyStopping counter: 75 out of 100
Updating learning rate to 0.0025
Epoch: 87 cost time: 1.30747652053833
Epoch: 87, Steps: 32 | Train Loss: 0.0517014 Vali Loss: 0.3597690 Test Loss: 1.5654200
EarlyStopping counter: 76 out of 100
Updating learning rate to 0.0025
Epoch: 88 cost time: 1.3204123973846436
Epoch: 88, Steps: 32 | Train Loss: 0.0512016 Vali Loss: 0.3341395 Test Loss: 1.6346419
EarlyStopping counter: 77 out of 100
Updating learning rate to 0.0025
Epoch: 89 cost time: 1.3293988704681396
Epoch: 89, Steps: 32 | Train Loss: 0.0511828 Vali Loss: 0.3371233 Test Loss: 1.5965931
EarlyStopping counter: 78 out of 100
Updating learning rate to 0.0025
Epoch: 90 cost time: 1.3136930465698242
Epoch: 90, Steps: 32 | Train Loss: 0.0523637 Vali Loss: 0.3470674 Test Loss: 1.5668505
EarlyStopping counter: 79 out of 100
Updating learning rate to 0.0025
Epoch: 91 cost time: 1.3203926086425781
Epoch: 91, Steps: 32 | Train Loss: 0.0508141 Vali Loss: 0.3607538 Test Loss: 1.5946910
EarlyStopping counter: 80 out of 100
Updating learning rate to 0.0025
Epoch: 92 cost time: 1.3101930618286133
Epoch: 92, Steps: 32 | Train Loss: 0.0515265 Vali Loss: 0.3582107 Test Loss: 1.5143197
EarlyStopping counter: 81 out of 100
Updating learning rate to 0.0025
Epoch: 93 cost time: 1.3168048858642578
Epoch: 93, Steps: 32 | Train Loss: 0.0503398 Vali Loss: 0.3306439 Test Loss: 1.6607825
EarlyStopping counter: 82 out of 100
Updating learning rate to 0.0025
Epoch: 94 cost time: 1.335758924484253
Epoch: 94, Steps: 32 | Train Loss: 0.0507061 Vali Loss: 0.3461073 Test Loss: 1.5813181
EarlyStopping counter: 83 out of 100
Updating learning rate to 0.0025
Epoch: 95 cost time: 1.323596477508545
Epoch: 95, Steps: 32 | Train Loss: 0.0496498 Vali Loss: 0.3681093 Test Loss: 1.5919446
EarlyStopping counter: 84 out of 100
Updating learning rate to 0.0025
Epoch: 96 cost time: 1.3418700695037842
Epoch: 96, Steps: 32 | Train Loss: 0.0495563 Vali Loss: 0.3579661 Test Loss: 1.5582176
EarlyStopping counter: 85 out of 100
Updating learning rate to 0.0025
Epoch: 97 cost time: 1.3259871006011963
Epoch: 97, Steps: 32 | Train Loss: 0.0484227 Vali Loss: 0.3355549 Test Loss: 1.6439521
EarlyStopping counter: 86 out of 100
Updating learning rate to 0.0025
Epoch: 98 cost time: 1.3062403202056885
Epoch: 98, Steps: 32 | Train Loss: 0.0476878 Vali Loss: 0.3551330 Test Loss: 1.5727763
EarlyStopping counter: 87 out of 100
Updating learning rate to 0.0025
Epoch: 99 cost time: 1.306410551071167
Epoch: 99, Steps: 32 | Train Loss: 0.0474650 Vali Loss: 0.3222263 Test Loss: 1.6205126
EarlyStopping counter: 88 out of 100
Updating learning rate to 0.0025
Epoch: 100 cost time: 1.322997808456421
Epoch: 100, Steps: 32 | Train Loss: 0.0470660 Vali Loss: 0.3379312 Test Loss: 1.5884926
EarlyStopping counter: 89 out of 100
Updating learning rate to 0.0025
>>>>>>>testing : NL_illness_cms3_lr0.0001_spc_104_60_PatchTST_custom_ftM_sl104_ll48_pl60_dm16_nh4_el3_dl1_df128_fc1_ebtimeF_dtTruelr0.0001_polspc_Nested_Learning_0<<<<<<<<<<<<<<<<<<<<<<<<<<<<<<<<<
test 134
 Ejecutando Inferencia DINÁMICA (Nested Learning con cms3)
  -> Política: spc | LR: 0.0001 | Target: head

RESUMEN: El CMS se actualizó 0 veces de 8 posibles.

mse:1.8481489419937134, mae:0.9104415774345398, rse:0.6496110558509827
