==========================================================
SÚPER ARRAY TFG - TAREA ID: 104 / 113
Nodo: dionisio
Dataset: illness | Experimento: NL_illness_cms3_lr0.0001_spc
Cabeza: cms3 | LR: 0.0001 | Política: spc
==========================================================
Args in experiment:
Namespace(random_seed=2021, is_training=1, model_id='NL_illness_cms3_lr0.0001_spc_104_24', model='PatchTST', data='custom', root_path='./dataset/', data_path='national_illness.csv', features='M', target='OT', freq='h', checkpoints='./checkpoints/', seq_len=104, label_len=48, pred_len=24, head_type='cms3', cms_lr=0.0001, update_policy='spc', fc_dropout=0.3, head_dropout=0.0, patch_len=24, stride=2, padding_patch='end', revin=1, affine=0, subtract_last=0, decomposition=0, kernel_size=25, individual=1, embed_type=0, enc_in=7, dec_in=7, c_out=7, d_model=16, n_heads=4, e_layers=3, d_layers=1, d_ff=128, moving_avg=25, factor=1, distil=True, dropout=0.3, embed='timeF', activation='gelu', output_attention=False, do_predict=False, num_workers=0, itr=1, train_epochs=100, batch_size=16, patience=100, learning_rate=0.0025, des='Nested_Learning', loss='mse', lradj='constant', pct_start=0.3, use_amp=False, use_gpu=True, gpu=0, use_multi_gpu=False, devices='0,1,2,3', test_flop=False)
Use GPU: cuda:0
>>>>>>>start training : NL_illness_cms3_lr0.0001_spc_104_24_PatchTST_custom_ftM_sl104_ll48_pl24_dm16_nh4_el3_dl1_df128_fc1_ebtimeF_dtTruelr0.0001_pol_spc_Nested_Learning_0>>>>>>>>>>>>>>>>>>>>>>>>>>
train 549
val 74
test 170
Epoch: 1 cost time: 3.07014536857605
Epoch: 1, Steps: 34 | Train Loss: 0.9441707 Vali Loss: 0.4562693 Test Loss: 3.0574679
Validation loss decreased (inf --> 0.456269).  Saving model ...
Updating learning rate to 0.0025
Epoch: 2 cost time: 1.3644428253173828
Epoch: 2, Steps: 34 | Train Loss: 0.7621327 Vali Loss: 0.3771260 Test Loss: 1.7288746
Validation loss decreased (0.456269 --> 0.377126).  Saving model ...
Updating learning rate to 0.0025
Epoch: 3 cost time: 1.3517966270446777
Epoch: 3, Steps: 34 | Train Loss: 0.5092210 Vali Loss: 0.3043337 Test Loss: 1.5697877
Validation loss decreased (0.377126 --> 0.304334).  Saving model ...
Updating learning rate to 0.0025
Epoch: 4 cost time: 1.3477656841278076
Epoch: 4, Steps: 34 | Train Loss: 0.4075786 Vali Loss: 0.3029808 Test Loss: 2.0533643
Validation loss decreased (0.304334 --> 0.302981).  Saving model ...
Updating learning rate to 0.0025
Epoch: 5 cost time: 1.3494062423706055
Epoch: 5, Steps: 34 | Train Loss: 0.3288322 Vali Loss: 0.2370452 Test Loss: 1.6925682
Validation loss decreased (0.302981 --> 0.237045).  Saving model ...
Updating learning rate to 0.0025
Epoch: 6 cost time: 1.340329647064209
Epoch: 6, Steps: 34 | Train Loss: 0.2627018 Vali Loss: 0.2326623 Test Loss: 1.5696456
Validation loss decreased (0.237045 --> 0.232662).  Saving model ...
Updating learning rate to 0.0025
Epoch: 7 cost time: 1.3787431716918945
Epoch: 7, Steps: 34 | Train Loss: 0.2260779 Vali Loss: 0.2435982 Test Loss: 1.6228590
EarlyStopping counter: 1 out of 100
Updating learning rate to 0.0025
Epoch: 8 cost time: 1.3436570167541504
Epoch: 8, Steps: 34 | Train Loss: 0.2161467 Vali Loss: 0.2625640 Test Loss: 1.6235282
EarlyStopping counter: 2 out of 100
Updating learning rate to 0.0025
Epoch: 9 cost time: 1.3332090377807617
Epoch: 9, Steps: 34 | Train Loss: 0.1849116 Vali Loss: 0.2459244 Test Loss: 1.7263817
EarlyStopping counter: 3 out of 100
Updating learning rate to 0.0025
Epoch: 10 cost time: 1.3227040767669678
Epoch: 10, Steps: 34 | Train Loss: 0.1657919 Vali Loss: 0.2318722 Test Loss: 1.3971326
Validation loss decreased (0.232662 --> 0.231872).  Saving model ...
Updating learning rate to 0.0025
Epoch: 11 cost time: 1.3524994850158691
Epoch: 11, Steps: 34 | Train Loss: 0.1515007 Vali Loss: 0.2453680 Test Loss: 1.3776392
EarlyStopping counter: 1 out of 100
Updating learning rate to 0.0025
Epoch: 12 cost time: 1.3405818939208984
Epoch: 12, Steps: 34 | Train Loss: 0.1400149 Vali Loss: 0.2334149 Test Loss: 1.4259071
EarlyStopping counter: 2 out of 100
Updating learning rate to 0.0025
Epoch: 13 cost time: 1.335550308227539
Epoch: 13, Steps: 34 | Train Loss: 0.1377777 Vali Loss: 0.2439476 Test Loss: 1.3631384
EarlyStopping counter: 3 out of 100
Updating learning rate to 0.0025
Epoch: 14 cost time: 1.3332483768463135
Epoch: 14, Steps: 34 | Train Loss: 0.1256966 Vali Loss: 0.2530107 Test Loss: 1.4633696
EarlyStopping counter: 4 out of 100
Updating learning rate to 0.0025
Epoch: 15 cost time: 1.3613190650939941
Epoch: 15, Steps: 34 | Train Loss: 0.1167966 Vali Loss: 0.2583485 Test Loss: 1.4549978
EarlyStopping counter: 5 out of 100
Updating learning rate to 0.0025
Epoch: 16 cost time: 1.348456621170044
Epoch: 16, Steps: 34 | Train Loss: 0.1125496 Vali Loss: 0.2603607 Test Loss: 1.4623253
EarlyStopping counter: 6 out of 100
Updating learning rate to 0.0025
Epoch: 17 cost time: 1.3368620872497559
Epoch: 17, Steps: 34 | Train Loss: 0.1055569 Vali Loss: 0.2457911 Test Loss: 1.4129565
EarlyStopping counter: 7 out of 100
Updating learning rate to 0.0025
Epoch: 18 cost time: 1.3357205390930176
Epoch: 18, Steps: 34 | Train Loss: 0.1022291 Vali Loss: 0.2631163 Test Loss: 1.4743443
EarlyStopping counter: 8 out of 100
Updating learning rate to 0.0025
Epoch: 19 cost time: 1.3274214267730713
Epoch: 19, Steps: 34 | Train Loss: 0.0941003 Vali Loss: 0.2305184 Test Loss: 1.4635648
Validation loss decreased (0.231872 --> 0.230518).  Saving model ...
Updating learning rate to 0.0025
Epoch: 20 cost time: 1.3394651412963867
Epoch: 20, Steps: 34 | Train Loss: 0.0920645 Vali Loss: 0.2579300 Test Loss: 1.3291165
EarlyStopping counter: 1 out of 100
Updating learning rate to 0.0025
Epoch: 21 cost time: 1.3335258960723877
Epoch: 21, Steps: 34 | Train Loss: 0.0894403 Vali Loss: 0.2315170 Test Loss: 1.4029210
EarlyStopping counter: 2 out of 100
Updating learning rate to 0.0025
Epoch: 22 cost time: 1.322160005569458
Epoch: 22, Steps: 34 | Train Loss: 0.0888082 Vali Loss: 0.2910788 Test Loss: 1.4431454
EarlyStopping counter: 3 out of 100
Updating learning rate to 0.0025
Epoch: 23 cost time: 1.3121848106384277
Epoch: 23, Steps: 34 | Train Loss: 0.0809268 Vali Loss: 0.2567105 Test Loss: 1.5144138
EarlyStopping counter: 4 out of 100
Updating learning rate to 0.0025
Epoch: 24 cost time: 1.3457450866699219
Epoch: 24, Steps: 34 | Train Loss: 0.0751467 Vali Loss: 0.2424126 Test Loss: 1.4498560
EarlyStopping counter: 5 out of 100
Updating learning rate to 0.0025
Epoch: 25 cost time: 1.3404319286346436
Epoch: 25, Steps: 34 | Train Loss: 0.0749151 Vali Loss: 0.2357208 Test Loss: 1.4055952
EarlyStopping counter: 6 out of 100
Updating learning rate to 0.0025
Epoch: 26 cost time: 1.371253252029419
Epoch: 26, Steps: 34 | Train Loss: 0.0731357 Vali Loss: 0.2520499 Test Loss: 1.2806704
EarlyStopping counter: 7 out of 100
Updating learning rate to 0.0025
Epoch: 27 cost time: 1.347743272781372
Epoch: 27, Steps: 34 | Train Loss: 0.0715768 Vali Loss: 0.2645354 Test Loss: 1.2961653
EarlyStopping counter: 8 out of 100
Updating learning rate to 0.0025
Epoch: 28 cost time: 1.328657627105713
Epoch: 28, Steps: 34 | Train Loss: 0.0696164 Vali Loss: 0.2553179 Test Loss: 1.3647282
EarlyStopping counter: 9 out of 100
Updating learning rate to 0.0025
Epoch: 29 cost time: 1.3496618270874023
Epoch: 29, Steps: 34 | Train Loss: 0.0647551 Vali Loss: 0.2578091 Test Loss: 1.3794839
EarlyStopping counter: 10 out of 100
Updating learning rate to 0.0025
Epoch: 30 cost time: 1.3507726192474365
Epoch: 30, Steps: 34 | Train Loss: 0.0618414 Vali Loss: 0.2515554 Test Loss: 1.3216674
EarlyStopping counter: 11 out of 100
Updating learning rate to 0.0025
Epoch: 31 cost time: 1.3381516933441162
Epoch: 31, Steps: 34 | Train Loss: 0.0628074 Vali Loss: 0.2451033 Test Loss: 1.2883524
EarlyStopping counter: 12 out of 100
Updating learning rate to 0.0025
Epoch: 32 cost time: 1.3505558967590332
Epoch: 32, Steps: 34 | Train Loss: 0.0622673 Vali Loss: 0.2324469 Test Loss: 1.4058387
EarlyStopping counter: 13 out of 100
Updating learning rate to 0.0025
Epoch: 33 cost time: 1.3476152420043945
Epoch: 33, Steps: 34 | Train Loss: 0.0576342 Vali Loss: 0.2465159 Test Loss: 1.3368701
EarlyStopping counter: 14 out of 100
Updating learning rate to 0.0025
Epoch: 34 cost time: 1.358107328414917
Epoch: 34, Steps: 34 | Train Loss: 0.0574955 Vali Loss: 0.2629206 Test Loss: 1.3921864
EarlyStopping counter: 15 out of 100
Updating learning rate to 0.0025
Epoch: 35 cost time: 1.3303322792053223
Epoch: 35, Steps: 34 | Train Loss: 0.0585326 Vali Loss: 0.2850812 Test Loss: 1.3249944
EarlyStopping counter: 16 out of 100
Updating learning rate to 0.0025
Epoch: 36 cost time: 1.3522059917449951
Epoch: 36, Steps: 34 | Train Loss: 0.0531951 Vali Loss: 0.2570086 Test Loss: 1.2596319
EarlyStopping counter: 17 out of 100
Updating learning rate to 0.0025
Epoch: 37 cost time: 1.3642737865447998
Epoch: 37, Steps: 34 | Train Loss: 0.0521598 Vali Loss: 0.2492962 Test Loss: 1.3404458
EarlyStopping counter: 18 out of 100
Updating learning rate to 0.0025
Epoch: 38 cost time: 1.3337571620941162
Epoch: 38, Steps: 34 | Train Loss: 0.0517628 Vali Loss: 0.2449456 Test Loss: 1.3505843
EarlyStopping counter: 19 out of 100
Updating learning rate to 0.0025
Epoch: 39 cost time: 1.3568804264068604
Epoch: 39, Steps: 34 | Train Loss: 0.0487833 Vali Loss: 0.2592414 Test Loss: 1.2770483
EarlyStopping counter: 20 out of 100
Updating learning rate to 0.0025
Epoch: 40 cost time: 1.3605155944824219
Epoch: 40, Steps: 34 | Train Loss: 0.0458262 Vali Loss: 0.2700646 Test Loss: 1.2669245
EarlyStopping counter: 21 out of 100
Updating learning rate to 0.0025
Epoch: 41 cost time: 1.3601150512695312
Epoch: 41, Steps: 34 | Train Loss: 0.0452590 Vali Loss: 0.2743955 Test Loss: 1.3990097
EarlyStopping counter: 22 out of 100
Updating learning rate to 0.0025
Epoch: 42 cost time: 1.3546760082244873
Epoch: 42, Steps: 34 | Train Loss: 0.0454318 Vali Loss: 0.2457099 Test Loss: 1.3742146
EarlyStopping counter: 23 out of 100
Updating learning rate to 0.0025
Epoch: 43 cost time: 1.3426740169525146
Epoch: 43, Steps: 34 | Train Loss: 0.0444960 Vali Loss: 0.2709460 Test Loss: 1.3294312
EarlyStopping counter: 24 out of 100
Updating learning rate to 0.0025
Epoch: 44 cost time: 1.3121132850646973
Epoch: 44, Steps: 34 | Train Loss: 0.0441086 Vali Loss: 0.2652225 Test Loss: 1.3621593
EarlyStopping counter: 25 out of 100
Updating learning rate to 0.0025
Epoch: 45 cost time: 1.3357412815093994
Epoch: 45, Steps: 34 | Train Loss: 0.0423743 Vali Loss: 0.2555707 Test Loss: 1.3063905
EarlyStopping counter: 26 out of 100
Updating learning rate to 0.0025
Epoch: 46 cost time: 1.3763830661773682
Epoch: 46, Steps: 34 | Train Loss: 0.0428620 Vali Loss: 0.2570107 Test Loss: 1.3167264
EarlyStopping counter: 27 out of 100
Updating learning rate to 0.0025
Epoch: 47 cost time: 1.3453612327575684
Epoch: 47, Steps: 34 | Train Loss: 0.0424633 Vali Loss: 0.2526771 Test Loss: 1.4073350
EarlyStopping counter: 28 out of 100
Updating learning rate to 0.0025
Epoch: 48 cost time: 1.3484702110290527
Epoch: 48, Steps: 34 | Train Loss: 0.0438143 Vali Loss: 0.2682849 Test Loss: 1.3214717
EarlyStopping counter: 29 out of 100
Updating learning rate to 0.0025
Epoch: 49 cost time: 1.3495101928710938
Epoch: 49, Steps: 34 | Train Loss: 0.0426399 Vali Loss: 0.2640684 Test Loss: 1.3225542
EarlyStopping counter: 30 out of 100
Updating learning rate to 0.0025
Epoch: 50 cost time: 1.328084945678711
Epoch: 50, Steps: 34 | Train Loss: 0.0411518 Vali Loss: 0.2510926 Test Loss: 1.3668654
EarlyStopping counter: 31 out of 100
Updating learning rate to 0.0025
Epoch: 51 cost time: 1.3297176361083984
Epoch: 51, Steps: 34 | Train Loss: 0.0397936 Vali Loss: 0.2733332 Test Loss: 1.3155067
EarlyStopping counter: 32 out of 100
Updating learning rate to 0.0025
Epoch: 52 cost time: 1.3433711528778076
Epoch: 52, Steps: 34 | Train Loss: 0.0378751 Vali Loss: 0.2733504 Test Loss: 1.3172216
EarlyStopping counter: 33 out of 100
Updating learning rate to 0.0025
Epoch: 53 cost time: 1.3319313526153564
Epoch: 53, Steps: 34 | Train Loss: 0.0377670 Vali Loss: 0.2491147 Test Loss: 1.2908140
EarlyStopping counter: 34 out of 100
Updating learning rate to 0.0025
Epoch: 54 cost time: 1.368382453918457
Epoch: 54, Steps: 34 | Train Loss: 0.0380334 Vali Loss: 0.2593133 Test Loss: 1.2780244
EarlyStopping counter: 35 out of 100
Updating learning rate to 0.0025
Epoch: 55 cost time: 1.3351011276245117
Epoch: 55, Steps: 34 | Train Loss: 0.0379558 Vali Loss: 0.2646244 Test Loss: 1.2727431
EarlyStopping counter: 36 out of 100
Updating learning rate to 0.0025
Epoch: 56 cost time: 1.3666603565216064
Epoch: 56, Steps: 34 | Train Loss: 0.0377013 Vali Loss: 0.2622462 Test Loss: 1.3898990
EarlyStopping counter: 37 out of 100
Updating learning rate to 0.0025
Epoch: 57 cost time: 1.3162715435028076
Epoch: 57, Steps: 34 | Train Loss: 0.0354744 Vali Loss: 0.2489390 Test Loss: 1.3253933
EarlyStopping counter: 38 out of 100
Updating learning rate to 0.0025
Epoch: 58 cost time: 1.3186161518096924
Epoch: 58, Steps: 34 | Train Loss: 0.0355660 Vali Loss: 0.2805256 Test Loss: 1.3132676
EarlyStopping counter: 39 out of 100
Updating learning rate to 0.0025
Epoch: 59 cost time: 1.3134996891021729
Epoch: 59, Steps: 34 | Train Loss: 0.0332314 Vali Loss: 0.2539833 Test Loss: 1.2785590
EarlyStopping counter: 40 out of 100
Updating learning rate to 0.0025
Epoch: 60 cost time: 1.3598079681396484
Epoch: 60, Steps: 34 | Train Loss: 0.0328605 Vali Loss: 0.2512345 Test Loss: 1.3661215
EarlyStopping counter: 41 out of 100
Updating learning rate to 0.0025
Epoch: 61 cost time: 1.335486650466919
Epoch: 61, Steps: 34 | Train Loss: 0.0325199 Vali Loss: 0.2670242 Test Loss: 1.3644779
EarlyStopping counter: 42 out of 100
Updating learning rate to 0.0025
Epoch: 62 cost time: 1.2973995208740234
Epoch: 62, Steps: 34 | Train Loss: 0.0324796 Vali Loss: 0.2643178 Test Loss: 1.2914934
EarlyStopping counter: 43 out of 100
Updating learning rate to 0.0025
Epoch: 63 cost time: 1.3713889122009277
Epoch: 63, Steps: 34 | Train Loss: 0.0323299 Vali Loss: 0.2776250 Test Loss: 1.3361773
EarlyStopping counter: 44 out of 100
Updating learning rate to 0.0025
Epoch: 64 cost time: 1.332167387008667
Epoch: 64, Steps: 34 | Train Loss: 0.0326075 Vali Loss: 0.2697179 Test Loss: 1.2703378
EarlyStopping counter: 45 out of 100
Updating learning rate to 0.0025
Epoch: 65 cost time: 1.3605854511260986
Epoch: 65, Steps: 34 | Train Loss: 0.0314963 Vali Loss: 0.2565450 Test Loss: 1.3410509
EarlyStopping counter: 46 out of 100
Updating learning rate to 0.0025
Epoch: 66 cost time: 1.3250102996826172
Epoch: 66, Steps: 34 | Train Loss: 0.0318156 Vali Loss: 0.2616064 Test Loss: 1.3437731
EarlyStopping counter: 47 out of 100
Updating learning rate to 0.0025
Epoch: 67 cost time: 1.2991561889648438
Epoch: 67, Steps: 34 | Train Loss: 0.0313638 Vali Loss: 0.2572595 Test Loss: 1.4069192
EarlyStopping counter: 48 out of 100
Updating learning rate to 0.0025
Epoch: 68 cost time: 1.3329832553863525
Epoch: 68, Steps: 34 | Train Loss: 0.0322399 Vali Loss: 0.2487053 Test Loss: 1.3349836
EarlyStopping counter: 49 out of 100
Updating learning rate to 0.0025
Epoch: 69 cost time: 1.333475112915039
Epoch: 69, Steps: 34 | Train Loss: 0.0303018 Vali Loss: 0.2690645 Test Loss: 1.3236591
EarlyStopping counter: 50 out of 100
Updating learning rate to 0.0025
Epoch: 70 cost time: 1.3114380836486816
Epoch: 70, Steps: 34 | Train Loss: 0.0310129 Vali Loss: 0.2752236 Test Loss: 1.3541397
EarlyStopping counter: 51 out of 100
Updating learning rate to 0.0025
Epoch: 71 cost time: 1.3599486351013184
Epoch: 71, Steps: 34 | Train Loss: 0.0310270 Vali Loss: 0.2581037 Test Loss: 1.3802719
EarlyStopping counter: 52 out of 100
Updating learning rate to 0.0025
Epoch: 72 cost time: 1.3399949073791504
Epoch: 72, Steps: 34 | Train Loss: 0.0299205 Vali Loss: 0.2555567 Test Loss: 1.3324293
EarlyStopping counter: 53 out of 100
Updating learning rate to 0.0025
Epoch: 73 cost time: 1.3479812145233154
Epoch: 73, Steps: 34 | Train Loss: 0.0291743 Vali Loss: 0.2707299 Test Loss: 1.3305727
EarlyStopping counter: 54 out of 100
Updating learning rate to 0.0025
Epoch: 74 cost time: 1.34688401222229
Epoch: 74, Steps: 34 | Train Loss: 0.0298231 Vali Loss: 0.2817017 Test Loss: 1.3263930
EarlyStopping counter: 55 out of 100
Updating learning rate to 0.0025
Epoch: 75 cost time: 1.3544955253601074
Epoch: 75, Steps: 34 | Train Loss: 0.0295299 Vali Loss: 0.2486825 Test Loss: 1.3327050
EarlyStopping counter: 56 out of 100
Updating learning rate to 0.0025
Epoch: 76 cost time: 1.33286452293396
Epoch: 76, Steps: 34 | Train Loss: 0.0296517 Vali Loss: 0.2889154 Test Loss: 1.3167317
EarlyStopping counter: 57 out of 100
Updating learning rate to 0.0025
Epoch: 77 cost time: 1.3513503074645996
Epoch: 77, Steps: 34 | Train Loss: 0.0290094 Vali Loss: 0.2700104 Test Loss: 1.3319221
EarlyStopping counter: 58 out of 100
Updating learning rate to 0.0025
Epoch: 78 cost time: 1.3237254619598389
Epoch: 78, Steps: 34 | Train Loss: 0.0277874 Vali Loss: 0.2672445 Test Loss: 1.3431919
EarlyStopping counter: 59 out of 100
Updating learning rate to 0.0025
Epoch: 79 cost time: 1.3412718772888184
Epoch: 79, Steps: 34 | Train Loss: 0.0283730 Vali Loss: 0.2935236 Test Loss: 1.3589194
EarlyStopping counter: 60 out of 100
Updating learning rate to 0.0025
Epoch: 80 cost time: 1.3347361087799072
Epoch: 80, Steps: 34 | Train Loss: 0.0287402 Vali Loss: 0.2687258 Test Loss: 1.3283664
EarlyStopping counter: 61 out of 100
Updating learning rate to 0.0025
Epoch: 81 cost time: 1.2801330089569092
Epoch: 81, Steps: 34 | Train Loss: 0.0290279 Vali Loss: 0.2864103 Test Loss: 1.2628881
EarlyStopping counter: 62 out of 100
Updating learning rate to 0.0025
Epoch: 82 cost time: 1.3095996379852295
Epoch: 82, Steps: 34 | Train Loss: 0.0272063 Vali Loss: 0.2895571 Test Loss: 1.3741581
EarlyStopping counter: 63 out of 100
Updating learning rate to 0.0025
Epoch: 83 cost time: 1.299988031387329
Epoch: 83, Steps: 34 | Train Loss: 0.0272460 Vali Loss: 0.2876118 Test Loss: 1.3528674
EarlyStopping counter: 64 out of 100
Updating learning rate to 0.0025
Epoch: 84 cost time: 1.3692398071289062
Epoch: 84, Steps: 34 | Train Loss: 0.0265878 Vali Loss: 0.2671100 Test Loss: 1.3545485
EarlyStopping counter: 65 out of 100
Updating learning rate to 0.0025
Epoch: 85 cost time: 1.318922996520996
Epoch: 85, Steps: 34 | Train Loss: 0.0261738 Vali Loss: 0.2813826 Test Loss: 1.2976404
EarlyStopping counter: 66 out of 100
Updating learning rate to 0.0025
Epoch: 86 cost time: 1.3200252056121826
Epoch: 86, Steps: 34 | Train Loss: 0.0259325 Vali Loss: 0.2841917 Test Loss: 1.3829571
EarlyStopping counter: 67 out of 100
Updating learning rate to 0.0025
Epoch: 87 cost time: 1.3415966033935547
Epoch: 87, Steps: 34 | Train Loss: 0.0265287 Vali Loss: 0.2742871 Test Loss: 1.4065180
EarlyStopping counter: 68 out of 100
Updating learning rate to 0.0025
Epoch: 88 cost time: 1.328214406967163
Epoch: 88, Steps: 34 | Train Loss: 0.0259935 Vali Loss: 0.2597301 Test Loss: 1.3231232
EarlyStopping counter: 69 out of 100
Updating learning rate to 0.0025
Epoch: 89 cost time: 1.3512787818908691
Epoch: 89, Steps: 34 | Train Loss: 0.0255518 Vali Loss: 0.2944094 Test Loss: 1.3997619
EarlyStopping counter: 70 out of 100
Updating learning rate to 0.0025
Epoch: 90 cost time: 1.3498294353485107
Epoch: 90, Steps: 34 | Train Loss: 0.0256826 Vali Loss: 0.2731919 Test Loss: 1.3468310
EarlyStopping counter: 71 out of 100
Updating learning rate to 0.0025
Epoch: 91 cost time: 1.3417062759399414
Epoch: 91, Steps: 34 | Train Loss: 0.0251432 Vali Loss: 0.2665450 Test Loss: 1.2827460
EarlyStopping counter: 72 out of 100
Updating learning rate to 0.0025
Epoch: 92 cost time: 1.369628667831421
Epoch: 92, Steps: 34 | Train Loss: 0.0258660 Vali Loss: 0.2916787 Test Loss: 1.4259837
EarlyStopping counter: 73 out of 100
Updating learning rate to 0.0025
Epoch: 93 cost time: 1.2995123863220215
Epoch: 93, Steps: 34 | Train Loss: 0.0261247 Vali Loss: 0.2882067 Test Loss: 1.3505644
EarlyStopping counter: 74 out of 100
Updating learning rate to 0.0025
Epoch: 94 cost time: 1.3429210186004639
Epoch: 94, Steps: 34 | Train Loss: 0.0250587 Vali Loss: 0.2849784 Test Loss: 1.3542328
EarlyStopping counter: 75 out of 100
Updating learning rate to 0.0025
Epoch: 95 cost time: 1.3285129070281982
Epoch: 95, Steps: 34 | Train Loss: 0.0249069 Vali Loss: 0.2671592 Test Loss: 1.3669592
EarlyStopping counter: 76 out of 100
Updating learning rate to 0.0025
Epoch: 96 cost time: 1.33510422706604
Epoch: 96, Steps: 34 | Train Loss: 0.0263145 Vali Loss: 0.3029252 Test Loss: 1.3486397
EarlyStopping counter: 77 out of 100
Updating learning rate to 0.0025
Epoch: 97 cost time: 1.3440449237823486
Epoch: 97, Steps: 34 | Train Loss: 0.0257024 Vali Loss: 0.2926550 Test Loss: 1.3267794
EarlyStopping counter: 78 out of 100
Updating learning rate to 0.0025
Epoch: 98 cost time: 1.3251392841339111
Epoch: 98, Steps: 34 | Train Loss: 0.0248908 Vali Loss: 0.2799014 Test Loss: 1.3343688
EarlyStopping counter: 79 out of 100
Updating learning rate to 0.0025
Epoch: 99 cost time: 1.3085148334503174
Epoch: 99, Steps: 34 | Train Loss: 0.0238235 Vali Loss: 0.2896052 Test Loss: 1.4090717
EarlyStopping counter: 80 out of 100
Updating learning rate to 0.0025
Epoch: 100 cost time: 1.3458647727966309
Epoch: 100, Steps: 34 | Train Loss: 0.0240281 Vali Loss: 0.2903747 Test Loss: 1.3601888
EarlyStopping counter: 81 out of 100
Updating learning rate to 0.0025
>>>>>>>testing : NL_illness_cms3_lr0.0001_spc_104_24_PatchTST_custom_ftM_sl104_ll48_pl24_dm16_nh4_el3_dl1_df128_fc1_ebtimeF_dtTruelr0.0001_pol_spc_Nested_Learning_0<<<<<<<<<<<<<<<<<<<<<<<<<<<<<<<<<
test 170
 Ejecutando Inferencia DINÁMICA (Nested Learning con cms3)
  -> Política: spc | LR: 0.0001 | Target: head

RESUMEN: El CMS se actualizó 1 veces de 10 posibles.

mse:1.4632316827774048, mae:0.7420557141304016, rse:0.5837521553039551
Args in experiment:
Namespace(random_seed=2021, is_training=1, model_id='NL_illness_cms3_lr0.0001_spc_104_36', model='PatchTST', data='custom', root_path='./dataset/', data_path='national_illness.csv', features='M', target='OT', freq='h', checkpoints='./checkpoints/', seq_len=104, label_len=48, pred_len=36, head_type='cms3', cms_lr=0.0001, update_policy='spc', fc_dropout=0.3, head_dropout=0.0, patch_len=24, stride=2, padding_patch='end', revin=1, affine=0, subtract_last=0, decomposition=0, kernel_size=25, individual=1, embed_type=0, enc_in=7, dec_in=7, c_out=7, d_model=16, n_heads=4, e_layers=3, d_layers=1, d_ff=128, moving_avg=25, factor=1, distil=True, dropout=0.3, embed='timeF', activation='gelu', output_attention=False, do_predict=False, num_workers=0, itr=1, train_epochs=100, batch_size=16, patience=100, learning_rate=0.0025, des='Nested_Learning', loss='mse', lradj='constant', pct_start=0.3, use_amp=False, use_gpu=True, gpu=0, use_multi_gpu=False, devices='0,1,2,3', test_flop=False)
Use GPU: cuda:0
>>>>>>>start training : NL_illness_cms3_lr0.0001_spc_104_36_PatchTST_custom_ftM_sl104_ll48_pl36_dm16_nh4_el3_dl1_df128_fc1_ebtimeF_dtTruelr0.0001_pol_spc_Nested_Learning_0>>>>>>>>>>>>>>>>>>>>>>>>>>
train 537
val 62
test 158
Epoch: 1 cost time: 1.5858299732208252
Epoch: 1, Steps: 33 | Train Loss: 0.9909267 Vali Loss: 0.4471276 Test Loss: 3.1334174
Validation loss decreased (inf --> 0.447128).  Saving model ...
Updating learning rate to 0.0025
Epoch: 2 cost time: 1.331754207611084
Epoch: 2, Steps: 33 | Train Loss: 0.7975629 Vali Loss: 0.3489457 Test Loss: 1.7118459
Validation loss decreased (0.447128 --> 0.348946).  Saving model ...
Updating learning rate to 0.0025
Epoch: 3 cost time: 1.3096158504486084
Epoch: 3, Steps: 33 | Train Loss: 0.5375681 Vali Loss: 0.3093856 Test Loss: 1.5776120
Validation loss decreased (0.348946 --> 0.309386).  Saving model ...
Updating learning rate to 0.0025
Epoch: 4 cost time: 1.2964856624603271
Epoch: 4, Steps: 33 | Train Loss: 0.4512009 Vali Loss: 0.2637102 Test Loss: 1.6426855
Validation loss decreased (0.309386 --> 0.263710).  Saving model ...
Updating learning rate to 0.0025
Epoch: 5 cost time: 1.2600924968719482
Epoch: 5, Steps: 33 | Train Loss: 0.3970518 Vali Loss: 0.3096993 Test Loss: 1.9599705
EarlyStopping counter: 1 out of 100
Updating learning rate to 0.0025
Epoch: 6 cost time: 1.293440580368042
Epoch: 6, Steps: 33 | Train Loss: 0.3440047 Vali Loss: 0.2234126 Test Loss: 1.5884075
Validation loss decreased (0.263710 --> 0.223413).  Saving model ...
Updating learning rate to 0.0025
Epoch: 7 cost time: 1.2983677387237549
Epoch: 7, Steps: 33 | Train Loss: 0.2937088 Vali Loss: 0.2556458 Test Loss: 1.7711924
EarlyStopping counter: 1 out of 100
Updating learning rate to 0.0025
Epoch: 8 cost time: 1.295426368713379
Epoch: 8, Steps: 33 | Train Loss: 0.2594928 Vali Loss: 0.2856541 Test Loss: 2.0229549
EarlyStopping counter: 2 out of 100
Updating learning rate to 0.0025
Epoch: 9 cost time: 1.2886924743652344
Epoch: 9, Steps: 33 | Train Loss: 0.2435722 Vali Loss: 0.2419494 Test Loss: 1.5507075
EarlyStopping counter: 3 out of 100
Updating learning rate to 0.0025
Epoch: 10 cost time: 1.28550124168396
Epoch: 10, Steps: 33 | Train Loss: 0.2170013 Vali Loss: 0.2145012 Test Loss: 1.5138397
Validation loss decreased (0.223413 --> 0.214501).  Saving model ...
Updating learning rate to 0.0025
Epoch: 11 cost time: 1.3093883991241455
Epoch: 11, Steps: 33 | Train Loss: 0.1839665 Vali Loss: 0.2377107 Test Loss: 1.6733156
EarlyStopping counter: 1 out of 100
Updating learning rate to 0.0025
Epoch: 12 cost time: 1.3095943927764893
Epoch: 12, Steps: 33 | Train Loss: 0.1699869 Vali Loss: 0.2590590 Test Loss: 1.4316657
EarlyStopping counter: 2 out of 100
Updating learning rate to 0.0025
Epoch: 13 cost time: 1.282766342163086
Epoch: 13, Steps: 33 | Train Loss: 0.1657051 Vali Loss: 0.2527947 Test Loss: 1.5168637
EarlyStopping counter: 3 out of 100
Updating learning rate to 0.0025
Epoch: 14 cost time: 1.2863597869873047
Epoch: 14, Steps: 33 | Train Loss: 0.1519673 Vali Loss: 0.2596125 Test Loss: 1.4670787
EarlyStopping counter: 4 out of 100
Updating learning rate to 0.0025
Epoch: 15 cost time: 1.2966418266296387
Epoch: 15, Steps: 33 | Train Loss: 0.1430195 Vali Loss: 0.2608491 Test Loss: 1.3990880
EarlyStopping counter: 5 out of 100
Updating learning rate to 0.0025
Epoch: 16 cost time: 1.2607295513153076
Epoch: 16, Steps: 33 | Train Loss: 0.1311195 Vali Loss: 0.2594874 Test Loss: 1.3195899
EarlyStopping counter: 6 out of 100
Updating learning rate to 0.0025
Epoch: 17 cost time: 1.2724285125732422
Epoch: 17, Steps: 33 | Train Loss: 0.1233931 Vali Loss: 0.2361030 Test Loss: 1.3933902
EarlyStopping counter: 7 out of 100
Updating learning rate to 0.0025
Epoch: 18 cost time: 1.2733345031738281
Epoch: 18, Steps: 33 | Train Loss: 0.1162667 Vali Loss: 0.2391851 Test Loss: 1.1219026
EarlyStopping counter: 8 out of 100
Updating learning rate to 0.0025
Epoch: 19 cost time: 1.3008146286010742
Epoch: 19, Steps: 33 | Train Loss: 0.1119028 Vali Loss: 0.2628081 Test Loss: 1.3614203
EarlyStopping counter: 9 out of 100
Updating learning rate to 0.0025
Epoch: 20 cost time: 1.3010990619659424
Epoch: 20, Steps: 33 | Train Loss: 0.1075466 Vali Loss: 0.2412098 Test Loss: 1.1865578
EarlyStopping counter: 10 out of 100
Updating learning rate to 0.0025
Epoch: 21 cost time: 1.2968544960021973
Epoch: 21, Steps: 33 | Train Loss: 0.1045016 Vali Loss: 0.2280989 Test Loss: 1.4299588
EarlyStopping counter: 11 out of 100
Updating learning rate to 0.0025
Epoch: 22 cost time: 1.304701328277588
Epoch: 22, Steps: 33 | Train Loss: 0.0992211 Vali Loss: 0.2385428 Test Loss: 1.2755514
EarlyStopping counter: 12 out of 100
Updating learning rate to 0.0025
Epoch: 23 cost time: 1.295581340789795
Epoch: 23, Steps: 33 | Train Loss: 0.0965493 Vali Loss: 0.2758708 Test Loss: 1.4957842
EarlyStopping counter: 13 out of 100
Updating learning rate to 0.0025
Epoch: 24 cost time: 1.2632215023040771
Epoch: 24, Steps: 33 | Train Loss: 0.0926059 Vali Loss: 0.2643585 Test Loss: 1.2398901
EarlyStopping counter: 14 out of 100
Updating learning rate to 0.0025
Epoch: 25 cost time: 1.2423498630523682
Epoch: 25, Steps: 33 | Train Loss: 0.0881651 Vali Loss: 0.2415458 Test Loss: 1.2935681
EarlyStopping counter: 15 out of 100
Updating learning rate to 0.0025
Epoch: 26 cost time: 1.2658798694610596
Epoch: 26, Steps: 33 | Train Loss: 0.0846927 Vali Loss: 0.2332936 Test Loss: 1.2933599
EarlyStopping counter: 16 out of 100
Updating learning rate to 0.0025
Epoch: 27 cost time: 1.2823820114135742
Epoch: 27, Steps: 33 | Train Loss: 0.0841163 Vali Loss: 0.2535199 Test Loss: 1.3336765
EarlyStopping counter: 17 out of 100
Updating learning rate to 0.0025
Epoch: 28 cost time: 1.2771391868591309
Epoch: 28, Steps: 33 | Train Loss: 0.0844303 Vali Loss: 0.2586086 Test Loss: 1.2185506
EarlyStopping counter: 18 out of 100
Updating learning rate to 0.0025
Epoch: 29 cost time: 1.2844412326812744
Epoch: 29, Steps: 33 | Train Loss: 0.0757086 Vali Loss: 0.2571763 Test Loss: 1.2949972
EarlyStopping counter: 19 out of 100
Updating learning rate to 0.0025
Epoch: 30 cost time: 1.3024370670318604
Epoch: 30, Steps: 33 | Train Loss: 0.0766952 Vali Loss: 0.2516687 Test Loss: 1.2941308
EarlyStopping counter: 20 out of 100
Updating learning rate to 0.0025
Epoch: 31 cost time: 1.2659668922424316
Epoch: 31, Steps: 33 | Train Loss: 0.0742312 Vali Loss: 0.2915922 Test Loss: 1.1731931
EarlyStopping counter: 21 out of 100
Updating learning rate to 0.0025
Epoch: 32 cost time: 1.2810239791870117
Epoch: 32, Steps: 33 | Train Loss: 0.0737247 Vali Loss: 0.2696095 Test Loss: 1.2126740
EarlyStopping counter: 22 out of 100
Updating learning rate to 0.0025
Epoch: 33 cost time: 1.2899575233459473
Epoch: 33, Steps: 33 | Train Loss: 0.0714518 Vali Loss: 0.2614215 Test Loss: 1.2818478
EarlyStopping counter: 23 out of 100
Updating learning rate to 0.0025
Epoch: 34 cost time: 1.2970221042633057
Epoch: 34, Steps: 33 | Train Loss: 0.0687959 Vali Loss: 0.2633356 Test Loss: 1.3623904
EarlyStopping counter: 24 out of 100
Updating learning rate to 0.0025
Epoch: 35 cost time: 1.2681002616882324
Epoch: 35, Steps: 33 | Train Loss: 0.0656752 Vali Loss: 0.2548740 Test Loss: 1.2933723
EarlyStopping counter: 25 out of 100
Updating learning rate to 0.0025
Epoch: 36 cost time: 1.3039255142211914
Epoch: 36, Steps: 33 | Train Loss: 0.0651497 Vali Loss: 0.2617404 Test Loss: 1.3552754
EarlyStopping counter: 26 out of 100
Updating learning rate to 0.0025
Epoch: 37 cost time: 1.2758755683898926
Epoch: 37, Steps: 33 | Train Loss: 0.0649120 Vali Loss: 0.2893623 Test Loss: 1.2252355
EarlyStopping counter: 27 out of 100
Updating learning rate to 0.0025
Epoch: 38 cost time: 1.2671048641204834
Epoch: 38, Steps: 33 | Train Loss: 0.0630973 Vali Loss: 0.2805974 Test Loss: 1.2520022
EarlyStopping counter: 28 out of 100
Updating learning rate to 0.0025
Epoch: 39 cost time: 1.2918758392333984
Epoch: 39, Steps: 33 | Train Loss: 0.0634426 Vali Loss: 0.2734952 Test Loss: 1.2330012
EarlyStopping counter: 29 out of 100
Updating learning rate to 0.0025
Epoch: 40 cost time: 1.3057494163513184
Epoch: 40, Steps: 33 | Train Loss: 0.0605129 Vali Loss: 0.3081158 Test Loss: 1.1965144
EarlyStopping counter: 30 out of 100
Updating learning rate to 0.0025
Epoch: 41 cost time: 1.284764051437378
Epoch: 41, Steps: 33 | Train Loss: 0.0566093 Vali Loss: 0.2497754 Test Loss: 1.3024967
EarlyStopping counter: 31 out of 100
Updating learning rate to 0.0025
Epoch: 42 cost time: 1.276954174041748
Epoch: 42, Steps: 33 | Train Loss: 0.0568636 Vali Loss: 0.2648058 Test Loss: 1.4020237
EarlyStopping counter: 32 out of 100
Updating learning rate to 0.0025
Epoch: 43 cost time: 1.2985317707061768
Epoch: 43, Steps: 33 | Train Loss: 0.0579275 Vali Loss: 0.2880771 Test Loss: 1.2566323
EarlyStopping counter: 33 out of 100
Updating learning rate to 0.0025
Epoch: 44 cost time: 1.3024938106536865
Epoch: 44, Steps: 33 | Train Loss: 0.0552307 Vali Loss: 0.2928176 Test Loss: 1.2291126
EarlyStopping counter: 34 out of 100
Updating learning rate to 0.0025
Epoch: 45 cost time: 1.280959129333496
Epoch: 45, Steps: 33 | Train Loss: 0.0531622 Vali Loss: 0.2541919 Test Loss: 1.2335519
EarlyStopping counter: 35 out of 100
Updating learning rate to 0.0025
Epoch: 46 cost time: 1.3056282997131348
Epoch: 46, Steps: 33 | Train Loss: 0.0517183 Vali Loss: 0.2684896 Test Loss: 1.3184338
EarlyStopping counter: 36 out of 100
Updating learning rate to 0.0025
Epoch: 47 cost time: 1.309453010559082
Epoch: 47, Steps: 33 | Train Loss: 0.0503948 Vali Loss: 0.2581337 Test Loss: 1.4306242
EarlyStopping counter: 37 out of 100
Updating learning rate to 0.0025
Epoch: 48 cost time: 1.2845268249511719
Epoch: 48, Steps: 33 | Train Loss: 0.0510449 Vali Loss: 0.2761770 Test Loss: 1.2968014
EarlyStopping counter: 38 out of 100
Updating learning rate to 0.0025
Epoch: 49 cost time: 1.3014953136444092
Epoch: 49, Steps: 33 | Train Loss: 0.0488981 Vali Loss: 0.2962388 Test Loss: 1.2788765
EarlyStopping counter: 39 out of 100
Updating learning rate to 0.0025
Epoch: 50 cost time: 1.2998833656311035
Epoch: 50, Steps: 33 | Train Loss: 0.0489294 Vali Loss: 0.2850541 Test Loss: 1.3515360
EarlyStopping counter: 40 out of 100
Updating learning rate to 0.0025
Epoch: 51 cost time: 1.3062021732330322
Epoch: 51, Steps: 33 | Train Loss: 0.0482180 Vali Loss: 0.2938699 Test Loss: 1.2110699
EarlyStopping counter: 41 out of 100
Updating learning rate to 0.0025
Epoch: 52 cost time: 1.2662956714630127
Epoch: 52, Steps: 33 | Train Loss: 0.0476200 Vali Loss: 0.2966269 Test Loss: 1.4247049
EarlyStopping counter: 42 out of 100
Updating learning rate to 0.0025
Epoch: 53 cost time: 1.2953977584838867
Epoch: 53, Steps: 33 | Train Loss: 0.0464676 Vali Loss: 0.2551222 Test Loss: 1.3392662
EarlyStopping counter: 43 out of 100
Updating learning rate to 0.0025
Epoch: 54 cost time: 1.2943813800811768
Epoch: 54, Steps: 33 | Train Loss: 0.0458319 Vali Loss: 0.2954325 Test Loss: 1.4436803
EarlyStopping counter: 44 out of 100
Updating learning rate to 0.0025
Epoch: 55 cost time: 1.2879133224487305
Epoch: 55, Steps: 33 | Train Loss: 0.0458988 Vali Loss: 0.2903917 Test Loss: 1.3952727
EarlyStopping counter: 45 out of 100
Updating learning rate to 0.0025
Epoch: 56 cost time: 1.2956511974334717
Epoch: 56, Steps: 33 | Train Loss: 0.0459623 Vali Loss: 0.2574132 Test Loss: 1.3913591
EarlyStopping counter: 46 out of 100
Updating learning rate to 0.0025
Epoch: 57 cost time: 1.263218879699707
Epoch: 57, Steps: 33 | Train Loss: 0.0434571 Vali Loss: 0.2810021 Test Loss: 1.2896556
EarlyStopping counter: 47 out of 100
Updating learning rate to 0.0025
Epoch: 58 cost time: 1.3063881397247314
Epoch: 58, Steps: 33 | Train Loss: 0.0439262 Vali Loss: 0.2778930 Test Loss: 1.3715672
EarlyStopping counter: 48 out of 100
Updating learning rate to 0.0025
Epoch: 59 cost time: 1.3110241889953613
Epoch: 59, Steps: 33 | Train Loss: 0.0444057 Vali Loss: 0.2775452 Test Loss: 1.3685299
EarlyStopping counter: 49 out of 100
Updating learning rate to 0.0025
Epoch: 60 cost time: 1.2715561389923096
Epoch: 60, Steps: 33 | Train Loss: 0.0439067 Vali Loss: 0.2745536 Test Loss: 1.3806179
EarlyStopping counter: 50 out of 100
Updating learning rate to 0.0025
Epoch: 61 cost time: 1.3270485401153564
Epoch: 61, Steps: 33 | Train Loss: 0.0425530 Vali Loss: 0.2802292 Test Loss: 1.2696044
EarlyStopping counter: 51 out of 100
Updating learning rate to 0.0025
Epoch: 62 cost time: 1.2868244647979736
Epoch: 62, Steps: 33 | Train Loss: 0.0417681 Vali Loss: 0.2656865 Test Loss: 1.3566060
EarlyStopping counter: 52 out of 100
Updating learning rate to 0.0025
Epoch: 63 cost time: 1.2142717838287354
Epoch: 63, Steps: 33 | Train Loss: 0.0400127 Vali Loss: 0.2908017 Test Loss: 1.3825747
EarlyStopping counter: 53 out of 100
Updating learning rate to 0.0025
Epoch: 64 cost time: 1.283515214920044
Epoch: 64, Steps: 33 | Train Loss: 0.0400118 Vali Loss: 0.2723993 Test Loss: 1.4149886
EarlyStopping counter: 54 out of 100
Updating learning rate to 0.0025
Epoch: 65 cost time: 1.2609562873840332
Epoch: 65, Steps: 33 | Train Loss: 0.0407272 Vali Loss: 0.2925781 Test Loss: 1.4013778
EarlyStopping counter: 55 out of 100
Updating learning rate to 0.0025
Epoch: 66 cost time: 1.298170566558838
Epoch: 66, Steps: 33 | Train Loss: 0.0407265 Vali Loss: 0.2855894 Test Loss: 1.3058619
EarlyStopping counter: 56 out of 100
Updating learning rate to 0.0025
Epoch: 67 cost time: 1.2812185287475586
Epoch: 67, Steps: 33 | Train Loss: 0.0392402 Vali Loss: 0.2830640 Test Loss: 1.4277123
EarlyStopping counter: 57 out of 100
Updating learning rate to 0.0025
Epoch: 68 cost time: 1.2856791019439697
Epoch: 68, Steps: 33 | Train Loss: 0.0385561 Vali Loss: 0.2856309 Test Loss: 1.6030930
EarlyStopping counter: 58 out of 100
Updating learning rate to 0.0025
Epoch: 69 cost time: 1.282151699066162
Epoch: 69, Steps: 33 | Train Loss: 0.0385510 Vali Loss: 0.2661339 Test Loss: 1.3142563
EarlyStopping counter: 59 out of 100
Updating learning rate to 0.0025
Epoch: 70 cost time: 1.2664048671722412
Epoch: 70, Steps: 33 | Train Loss: 0.0382019 Vali Loss: 0.3099241 Test Loss: 1.3239610
EarlyStopping counter: 60 out of 100
Updating learning rate to 0.0025
Epoch: 71 cost time: 1.2922909259796143
Epoch: 71, Steps: 33 | Train Loss: 0.0367750 Vali Loss: 0.3176145 Test Loss: 1.2636535
EarlyStopping counter: 61 out of 100
Updating learning rate to 0.0025
Epoch: 72 cost time: 1.2524611949920654
Epoch: 72, Steps: 33 | Train Loss: 0.0361722 Vali Loss: 0.3090453 Test Loss: 1.2189174
EarlyStopping counter: 62 out of 100
Updating learning rate to 0.0025
Epoch: 73 cost time: 1.2692523002624512
Epoch: 73, Steps: 33 | Train Loss: 0.0379147 Vali Loss: 0.2909535 Test Loss: 1.3502069
EarlyStopping counter: 63 out of 100
Updating learning rate to 0.0025
Epoch: 74 cost time: 1.293078899383545
Epoch: 74, Steps: 33 | Train Loss: 0.0365214 Vali Loss: 0.2835183 Test Loss: 1.2790188
EarlyStopping counter: 64 out of 100
Updating learning rate to 0.0025
Epoch: 75 cost time: 1.285336971282959
Epoch: 75, Steps: 33 | Train Loss: 0.0359425 Vali Loss: 0.2996173 Test Loss: 1.2427869
EarlyStopping counter: 65 out of 100
Updating learning rate to 0.0025
Epoch: 76 cost time: 1.2816417217254639
Epoch: 76, Steps: 33 | Train Loss: 0.0344390 Vali Loss: 0.2932733 Test Loss: 1.4449862
EarlyStopping counter: 66 out of 100
Updating learning rate to 0.0025
Epoch: 77 cost time: 1.2764358520507812
Epoch: 77, Steps: 33 | Train Loss: 0.0339064 Vali Loss: 0.2914593 Test Loss: 1.3297312
EarlyStopping counter: 67 out of 100
Updating learning rate to 0.0025
Epoch: 78 cost time: 1.2850613594055176
Epoch: 78, Steps: 33 | Train Loss: 0.0341180 Vali Loss: 0.2963406 Test Loss: 1.4210778
EarlyStopping counter: 68 out of 100
Updating learning rate to 0.0025
Epoch: 79 cost time: 1.2872884273529053
Epoch: 79, Steps: 33 | Train Loss: 0.0328742 Vali Loss: 0.2905064 Test Loss: 1.3641762
EarlyStopping counter: 69 out of 100
Updating learning rate to 0.0025
Epoch: 80 cost time: 1.2598538398742676
Epoch: 80, Steps: 33 | Train Loss: 0.0327064 Vali Loss: 0.2879222 Test Loss: 1.2965740
EarlyStopping counter: 70 out of 100
Updating learning rate to 0.0025
Epoch: 81 cost time: 1.287308931350708
Epoch: 81, Steps: 33 | Train Loss: 0.0331336 Vali Loss: 0.2983280 Test Loss: 1.3096426
EarlyStopping counter: 71 out of 100
Updating learning rate to 0.0025
Epoch: 82 cost time: 1.2963542938232422
Epoch: 82, Steps: 33 | Train Loss: 0.0324796 Vali Loss: 0.2890427 Test Loss: 1.3544624
EarlyStopping counter: 72 out of 100
Updating learning rate to 0.0025
Epoch: 83 cost time: 1.2977509498596191
Epoch: 83, Steps: 33 | Train Loss: 0.0324897 Vali Loss: 0.3026420 Test Loss: 1.3182832
EarlyStopping counter: 73 out of 100
Updating learning rate to 0.0025
Epoch: 84 cost time: 1.271280288696289
Epoch: 84, Steps: 33 | Train Loss: 0.0331866 Vali Loss: 0.3197988 Test Loss: 1.3942301
EarlyStopping counter: 74 out of 100
Updating learning rate to 0.0025
Epoch: 85 cost time: 1.275197982788086
Epoch: 85, Steps: 33 | Train Loss: 0.0334852 Vali Loss: 0.2956630 Test Loss: 1.3435014
EarlyStopping counter: 75 out of 100
Updating learning rate to 0.0025
Epoch: 86 cost time: 1.270780324935913
Epoch: 86, Steps: 33 | Train Loss: 0.0320727 Vali Loss: 0.2895749 Test Loss: 1.3295411
EarlyStopping counter: 76 out of 100
Updating learning rate to 0.0025
Epoch: 87 cost time: 1.2439262866973877
Epoch: 87, Steps: 33 | Train Loss: 0.0309926 Vali Loss: 0.3215342 Test Loss: 1.3105556
EarlyStopping counter: 77 out of 100
Updating learning rate to 0.0025
Epoch: 88 cost time: 1.2708101272583008
Epoch: 88, Steps: 33 | Train Loss: 0.0298479 Vali Loss: 0.3135363 Test Loss: 1.3393784
EarlyStopping counter: 78 out of 100
Updating learning rate to 0.0025
Epoch: 89 cost time: 1.2333457469940186
Epoch: 89, Steps: 33 | Train Loss: 0.0298026 Vali Loss: 0.2871305 Test Loss: 1.4101789
EarlyStopping counter: 79 out of 100
Updating learning rate to 0.0025
Epoch: 90 cost time: 1.2297921180725098
Epoch: 90, Steps: 33 | Train Loss: 0.0288712 Vali Loss: 0.3078057 Test Loss: 1.4624695
EarlyStopping counter: 80 out of 100
Updating learning rate to 0.0025
Epoch: 91 cost time: 1.2633585929870605
Epoch: 91, Steps: 33 | Train Loss: 0.0297393 Vali Loss: 0.3016545 Test Loss: 1.3120309
EarlyStopping counter: 81 out of 100
Updating learning rate to 0.0025
Epoch: 92 cost time: 1.2977914810180664
Epoch: 92, Steps: 33 | Train Loss: 0.0303933 Vali Loss: 0.2960511 Test Loss: 1.4171522
EarlyStopping counter: 82 out of 100
Updating learning rate to 0.0025
Epoch: 93 cost time: 1.2933850288391113
Epoch: 93, Steps: 33 | Train Loss: 0.0291731 Vali Loss: 0.2932476 Test Loss: 1.4505073
EarlyStopping counter: 83 out of 100
Updating learning rate to 0.0025
Epoch: 94 cost time: 1.2991371154785156
Epoch: 94, Steps: 33 | Train Loss: 0.0298888 Vali Loss: 0.3128131 Test Loss: 1.3706417
EarlyStopping counter: 84 out of 100
Updating learning rate to 0.0025
Epoch: 95 cost time: 1.2508962154388428
Epoch: 95, Steps: 33 | Train Loss: 0.0289093 Vali Loss: 0.2950650 Test Loss: 1.3413540
EarlyStopping counter: 85 out of 100
Updating learning rate to 0.0025
Epoch: 96 cost time: 3.6080098152160645
Epoch: 96, Steps: 33 | Train Loss: 0.0283670 Vali Loss: 0.3044601 Test Loss: 1.3206927
EarlyStopping counter: 86 out of 100
Updating learning rate to 0.0025
Epoch: 97 cost time: 1.2923712730407715
Epoch: 97, Steps: 33 | Train Loss: 0.0284369 Vali Loss: 0.2826138 Test Loss: 1.3596524
EarlyStopping counter: 87 out of 100
Updating learning rate to 0.0025
Epoch: 98 cost time: 1.3240504264831543
Epoch: 98, Steps: 33 | Train Loss: 0.0277079 Vali Loss: 0.2918414 Test Loss: 1.4043620
EarlyStopping counter: 88 out of 100
Updating learning rate to 0.0025
Epoch: 99 cost time: 1.2585084438323975
Epoch: 99, Steps: 33 | Train Loss: 0.0283467 Vali Loss: 0.3138082 Test Loss: 1.3314415
EarlyStopping counter: 89 out of 100
Updating learning rate to 0.0025
Epoch: 100 cost time: 1.2717981338500977
Epoch: 100, Steps: 33 | Train Loss: 0.0279817 Vali Loss: 0.3124828 Test Loss: 1.2600174
EarlyStopping counter: 90 out of 100
Updating learning rate to 0.0025
>>>>>>>testing : NL_illness_cms3_lr0.0001_spc_104_36_PatchTST_custom_ftM_sl104_ll48_pl36_dm16_nh4_el3_dl1_df128_fc1_ebtimeF_dtTruelr0.0001_pol_spc_Nested_Learning_0<<<<<<<<<<<<<<<<<<<<<<<<<<<<<<<<<
test 158
 Ejecutando Inferencia DINÁMICA (Nested Learning con cms3)
  -> Política: spc | LR: 0.0001 | Target: head

RESUMEN: El CMS se actualizó 2 veces de 9 posibles.

mse:1.5134460926055908, mae:0.7729616761207581, rse:0.5900238156318665
Args in experiment:
Namespace(random_seed=2021, is_training=1, model_id='NL_illness_cms3_lr0.0001_spc_104_48', model='PatchTST', data='custom', root_path='./dataset/', data_path='national_illness.csv', features='M', target='OT', freq='h', checkpoints='./checkpoints/', seq_len=104, label_len=48, pred_len=48, head_type='cms3', cms_lr=0.0001, update_policy='spc', fc_dropout=0.3, head_dropout=0.0, patch_len=24, stride=2, padding_patch='end', revin=1, affine=0, subtract_last=0, decomposition=0, kernel_size=25, individual=1, embed_type=0, enc_in=7, dec_in=7, c_out=7, d_model=16, n_heads=4, e_layers=3, d_layers=1, d_ff=128, moving_avg=25, factor=1, distil=True, dropout=0.3, embed='timeF', activation='gelu', output_attention=False, do_predict=False, num_workers=0, itr=1, train_epochs=100, batch_size=16, patience=100, learning_rate=0.0025, des='Nested_Learning', loss='mse', lradj='constant', pct_start=0.3, use_amp=False, use_gpu=True, gpu=0, use_multi_gpu=False, devices='0,1,2,3', test_flop=False)
Use GPU: cuda:0
>>>>>>>start training : NL_illness_cms3_lr0.0001_spc_104_48_PatchTST_custom_ftM_sl104_ll48_pl48_dm16_nh4_el3_dl1_df128_fc1_ebtimeF_dtTruelr0.0001_pol_spc_Nested_Learning_0>>>>>>>>>>>>>>>>>>>>>>>>>>
train 525
val 50
test 146
Epoch: 1 cost time: 3.1278626918792725
Epoch: 1, Steps: 32 | Train Loss: 0.9816552 Vali Loss: 0.4101342 Test Loss: 3.2053711
Validation loss decreased (inf --> 0.410134).  Saving model ...
Updating learning rate to 0.0025
Epoch: 2 cost time: 1.2798092365264893
Epoch: 2, Steps: 32 | Train Loss: 0.8105865 Vali Loss: 0.3849231 Test Loss: 1.9933088
Validation loss decreased (0.410134 --> 0.384923).  Saving model ...
Updating learning rate to 0.0025
Epoch: 3 cost time: 1.2965419292449951
Epoch: 3, Steps: 32 | Train Loss: 0.5461911 Vali Loss: 0.3241827 Test Loss: 1.8132629
Validation loss decreased (0.384923 --> 0.324183).  Saving model ...
Updating learning rate to 0.0025
Epoch: 4 cost time: 1.283139705657959
Epoch: 4, Steps: 32 | Train Loss: 0.4236458 Vali Loss: 0.2495990 Test Loss: 1.8530889
Validation loss decreased (0.324183 --> 0.249599).  Saving model ...
Updating learning rate to 0.0025
Epoch: 5 cost time: 1.238762617111206
Epoch: 5, Steps: 32 | Train Loss: 0.3590342 Vali Loss: 0.2006929 Test Loss: 1.9144974
Validation loss decreased (0.249599 --> 0.200693).  Saving model ...
Updating learning rate to 0.0025
Epoch: 6 cost time: 1.2602405548095703
Epoch: 6, Steps: 32 | Train Loss: 0.3275347 Vali Loss: 0.1972558 Test Loss: 1.9404199
Validation loss decreased (0.200693 --> 0.197256).  Saving model ...
Updating learning rate to 0.0025
Epoch: 7 cost time: 1.2665016651153564
Epoch: 7, Steps: 32 | Train Loss: 0.2833862 Vali Loss: 0.2647815 Test Loss: 2.1610434
EarlyStopping counter: 1 out of 100
Updating learning rate to 0.0025
Epoch: 8 cost time: 1.257915735244751
Epoch: 8, Steps: 32 | Train Loss: 0.2420078 Vali Loss: 0.2575589 Test Loss: 1.5430731
EarlyStopping counter: 2 out of 100
Updating learning rate to 0.0025
Epoch: 9 cost time: 1.256544589996338
Epoch: 9, Steps: 32 | Train Loss: 0.2275214 Vali Loss: 0.2490961 Test Loss: 2.0251784
EarlyStopping counter: 3 out of 100
Updating learning rate to 0.0025
Epoch: 10 cost time: 1.226363182067871
Epoch: 10, Steps: 32 | Train Loss: 0.2122438 Vali Loss: 0.2370445 Test Loss: 1.7599806
EarlyStopping counter: 4 out of 100
Updating learning rate to 0.0025
Epoch: 11 cost time: 1.2475461959838867
Epoch: 11, Steps: 32 | Train Loss: 0.1860656 Vali Loss: 0.2216308 Test Loss: 1.6547747
EarlyStopping counter: 5 out of 100
Updating learning rate to 0.0025
Epoch: 12 cost time: 1.2679612636566162
Epoch: 12, Steps: 32 | Train Loss: 0.1699792 Vali Loss: 0.2666105 Test Loss: 1.4202262
EarlyStopping counter: 6 out of 100
Updating learning rate to 0.0025
Epoch: 13 cost time: 1.2521007061004639
Epoch: 13, Steps: 32 | Train Loss: 0.1526293 Vali Loss: 0.2144553 Test Loss: 1.5132853
EarlyStopping counter: 7 out of 100
Updating learning rate to 0.0025
Epoch: 14 cost time: 1.2517623901367188
Epoch: 14, Steps: 32 | Train Loss: 0.1418589 Vali Loss: 0.2126637 Test Loss: 1.6145329
EarlyStopping counter: 8 out of 100
Updating learning rate to 0.0025
Epoch: 15 cost time: 1.2483508586883545
Epoch: 15, Steps: 32 | Train Loss: 0.1309902 Vali Loss: 0.2187164 Test Loss: 1.5175689
EarlyStopping counter: 9 out of 100
Updating learning rate to 0.0025
Epoch: 16 cost time: 1.2393269538879395
Epoch: 16, Steps: 32 | Train Loss: 0.1256618 Vali Loss: 0.2163051 Test Loss: 1.5470788
EarlyStopping counter: 10 out of 100
Updating learning rate to 0.0025
Epoch: 17 cost time: 1.234426736831665
Epoch: 17, Steps: 32 | Train Loss: 0.1196490 Vali Loss: 0.2080843 Test Loss: 1.4556890
EarlyStopping counter: 11 out of 100
Updating learning rate to 0.0025
Epoch: 18 cost time: 1.2486627101898193
Epoch: 18, Steps: 32 | Train Loss: 0.1178726 Vali Loss: 0.2153902 Test Loss: 1.5245281
EarlyStopping counter: 12 out of 100
Updating learning rate to 0.0025
Epoch: 19 cost time: 1.2571899890899658
Epoch: 19, Steps: 32 | Train Loss: 0.1089940 Vali Loss: 0.2490458 Test Loss: 1.4752287
EarlyStopping counter: 13 out of 100
Updating learning rate to 0.0025
Epoch: 20 cost time: 1.2439758777618408
Epoch: 20, Steps: 32 | Train Loss: 0.1040980 Vali Loss: 0.2321998 Test Loss: 1.5607826
EarlyStopping counter: 14 out of 100
Updating learning rate to 0.0025
Epoch: 21 cost time: 1.2498712539672852
Epoch: 21, Steps: 32 | Train Loss: 0.1033104 Vali Loss: 0.2768727 Test Loss: 1.5827997
EarlyStopping counter: 15 out of 100
Updating learning rate to 0.0025
Epoch: 22 cost time: 1.2550954818725586
Epoch: 22, Steps: 32 | Train Loss: 0.1044123 Vali Loss: 0.2372853 Test Loss: 1.5359645
EarlyStopping counter: 16 out of 100
Updating learning rate to 0.0025
Epoch: 23 cost time: 1.2435078620910645
Epoch: 23, Steps: 32 | Train Loss: 0.0986348 Vali Loss: 0.2480451 Test Loss: 1.4541987
EarlyStopping counter: 17 out of 100
Updating learning rate to 0.0025
Epoch: 24 cost time: 1.2401061058044434
Epoch: 24, Steps: 32 | Train Loss: 0.0901674 Vali Loss: 0.2165222 Test Loss: 1.5121045
EarlyStopping counter: 18 out of 100
Updating learning rate to 0.0025
Epoch: 25 cost time: 1.18235445022583
Epoch: 25, Steps: 32 | Train Loss: 0.0867682 Vali Loss: 0.2462772 Test Loss: 1.4378422
EarlyStopping counter: 19 out of 100
Updating learning rate to 0.0025
Epoch: 26 cost time: 1.2442412376403809
Epoch: 26, Steps: 32 | Train Loss: 0.0846962 Vali Loss: 0.2261935 Test Loss: 1.5671180
EarlyStopping counter: 20 out of 100
Updating learning rate to 0.0025
Epoch: 27 cost time: 1.248682975769043
Epoch: 27, Steps: 32 | Train Loss: 0.0839520 Vali Loss: 0.2673637 Test Loss: 1.3990661
EarlyStopping counter: 21 out of 100
Updating learning rate to 0.0025
Epoch: 28 cost time: 1.217716932296753
Epoch: 28, Steps: 32 | Train Loss: 0.0832561 Vali Loss: 0.2223697 Test Loss: 1.7027978
EarlyStopping counter: 22 out of 100
Updating learning rate to 0.0025
Epoch: 29 cost time: 1.207782506942749
Epoch: 29, Steps: 32 | Train Loss: 0.0785002 Vali Loss: 0.2603532 Test Loss: 1.4418555
EarlyStopping counter: 23 out of 100
Updating learning rate to 0.0025
Epoch: 30 cost time: 1.2265098094940186
Epoch: 30, Steps: 32 | Train Loss: 0.0754477 Vali Loss: 0.2499624 Test Loss: 1.4970052
EarlyStopping counter: 24 out of 100
Updating learning rate to 0.0025
Epoch: 31 cost time: 1.2121241092681885
Epoch: 31, Steps: 32 | Train Loss: 0.0729456 Vali Loss: 0.2424255 Test Loss: 1.5299312
EarlyStopping counter: 25 out of 100
Updating learning rate to 0.0025
Epoch: 32 cost time: 1.2115869522094727
Epoch: 32, Steps: 32 | Train Loss: 0.0720625 Vali Loss: 0.2449714 Test Loss: 1.4648931
EarlyStopping counter: 26 out of 100
Updating learning rate to 0.0025
Epoch: 33 cost time: 1.2268455028533936
Epoch: 33, Steps: 32 | Train Loss: 0.0695335 Vali Loss: 0.2347842 Test Loss: 1.5191455
EarlyStopping counter: 27 out of 100
Updating learning rate to 0.0025
Epoch: 34 cost time: 1.2146081924438477
Epoch: 34, Steps: 32 | Train Loss: 0.0680902 Vali Loss: 0.2426659 Test Loss: 1.4881636
EarlyStopping counter: 28 out of 100
Updating learning rate to 0.0025
Epoch: 35 cost time: 1.2364509105682373
Epoch: 35, Steps: 32 | Train Loss: 0.0676611 Vali Loss: 0.2458988 Test Loss: 1.5012498
EarlyStopping counter: 29 out of 100
Updating learning rate to 0.0025
Epoch: 36 cost time: 1.2146432399749756
Epoch: 36, Steps: 32 | Train Loss: 0.0645032 Vali Loss: 0.2471636 Test Loss: 1.4475207
EarlyStopping counter: 30 out of 100
Updating learning rate to 0.0025
Epoch: 37 cost time: 1.2503767013549805
Epoch: 37, Steps: 32 | Train Loss: 0.0632096 Vali Loss: 0.2715817 Test Loss: 1.4933993
EarlyStopping counter: 31 out of 100
Updating learning rate to 0.0025
Epoch: 38 cost time: 1.2490382194519043
Epoch: 38, Steps: 32 | Train Loss: 0.0637470 Vali Loss: 0.2671659 Test Loss: 1.4517468
EarlyStopping counter: 32 out of 100
Updating learning rate to 0.0025
Epoch: 39 cost time: 1.2341501712799072
Epoch: 39, Steps: 32 | Train Loss: 0.0624978 Vali Loss: 0.2639218 Test Loss: 1.4901936
EarlyStopping counter: 33 out of 100
Updating learning rate to 0.0025
Epoch: 40 cost time: 1.2320330142974854
Epoch: 40, Steps: 32 | Train Loss: 0.0607455 Vali Loss: 0.2458069 Test Loss: 1.5161130
EarlyStopping counter: 34 out of 100
Updating learning rate to 0.0025
Epoch: 41 cost time: 1.192882776260376
Epoch: 41, Steps: 32 | Train Loss: 0.0598988 Vali Loss: 0.2262362 Test Loss: 1.5634305
EarlyStopping counter: 35 out of 100
Updating learning rate to 0.0025
Epoch: 42 cost time: 1.2463915348052979
Epoch: 42, Steps: 32 | Train Loss: 0.0600173 Vali Loss: 0.2472805 Test Loss: 1.5202215
EarlyStopping counter: 36 out of 100
Updating learning rate to 0.0025
Epoch: 43 cost time: 1.262406826019287
Epoch: 43, Steps: 32 | Train Loss: 0.0585694 Vali Loss: 0.2343280 Test Loss: 1.5812420
EarlyStopping counter: 37 out of 100
Updating learning rate to 0.0025
Epoch: 44 cost time: 1.1963374614715576
Epoch: 44, Steps: 32 | Train Loss: 0.0565759 Vali Loss: 0.2375228 Test Loss: 1.5617107
EarlyStopping counter: 38 out of 100
Updating learning rate to 0.0025
Epoch: 45 cost time: 1.202049732208252
Epoch: 45, Steps: 32 | Train Loss: 0.0547132 Vali Loss: 0.2586767 Test Loss: 1.4907497
EarlyStopping counter: 39 out of 100
Updating learning rate to 0.0025
Epoch: 46 cost time: 1.245574951171875
Epoch: 46, Steps: 32 | Train Loss: 0.0537094 Vali Loss: 0.2740595 Test Loss: 1.4883987
EarlyStopping counter: 40 out of 100
Updating learning rate to 0.0025
Epoch: 47 cost time: 1.2356290817260742
Epoch: 47, Steps: 32 | Train Loss: 0.0536245 Vali Loss: 0.2531462 Test Loss: 1.5632976
EarlyStopping counter: 41 out of 100
Updating learning rate to 0.0025
Epoch: 48 cost time: 1.2186357975006104
Epoch: 48, Steps: 32 | Train Loss: 0.0518713 Vali Loss: 0.2454741 Test Loss: 1.5246102
EarlyStopping counter: 42 out of 100
Updating learning rate to 0.0025
Epoch: 49 cost time: 1.2380707263946533
Epoch: 49, Steps: 32 | Train Loss: 0.0529397 Vali Loss: 0.2775743 Test Loss: 1.5234772
EarlyStopping counter: 43 out of 100
Updating learning rate to 0.0025
Epoch: 50 cost time: 1.229973316192627
Epoch: 50, Steps: 32 | Train Loss: 0.0522751 Vali Loss: 0.2543534 Test Loss: 1.5639038
EarlyStopping counter: 44 out of 100
Updating learning rate to 0.0025
Epoch: 51 cost time: 1.2134790420532227
Epoch: 51, Steps: 32 | Train Loss: 0.0499670 Vali Loss: 0.2477379 Test Loss: 1.5699285
EarlyStopping counter: 45 out of 100
Updating learning rate to 0.0025
Epoch: 52 cost time: 1.206648826599121
Epoch: 52, Steps: 32 | Train Loss: 0.0494125 Vali Loss: 0.2486865 Test Loss: 1.6095029
EarlyStopping counter: 46 out of 100
Updating learning rate to 0.0025
Epoch: 53 cost time: 1.2409617900848389
Epoch: 53, Steps: 32 | Train Loss: 0.0487904 Vali Loss: 0.2640901 Test Loss: 1.5405884
EarlyStopping counter: 47 out of 100
Updating learning rate to 0.0025
Epoch: 54 cost time: 1.2230331897735596
Epoch: 54, Steps: 32 | Train Loss: 0.0476219 Vali Loss: 0.2442635 Test Loss: 1.5985713
EarlyStopping counter: 48 out of 100
Updating learning rate to 0.0025
Epoch: 55 cost time: 1.2029504776000977
Epoch: 55, Steps: 32 | Train Loss: 0.0476842 Vali Loss: 0.2550530 Test Loss: 1.5415691
EarlyStopping counter: 49 out of 100
Updating learning rate to 0.0025
Epoch: 56 cost time: 1.2201056480407715
Epoch: 56, Steps: 32 | Train Loss: 0.0479711 Vali Loss: 0.2555075 Test Loss: 1.5915227
EarlyStopping counter: 50 out of 100
Updating learning rate to 0.0025
Epoch: 57 cost time: 1.2223143577575684
Epoch: 57, Steps: 32 | Train Loss: 0.0477842 Vali Loss: 0.2702380 Test Loss: 1.5376483
EarlyStopping counter: 51 out of 100
Updating learning rate to 0.0025
Epoch: 58 cost time: 1.2469379901885986
Epoch: 58, Steps: 32 | Train Loss: 0.0467981 Vali Loss: 0.2457364 Test Loss: 1.6075064
EarlyStopping counter: 52 out of 100
Updating learning rate to 0.0025
Epoch: 59 cost time: 1.230574369430542
Epoch: 59, Steps: 32 | Train Loss: 0.0477598 Vali Loss: 0.2425879 Test Loss: 1.5490290
EarlyStopping counter: 53 out of 100
Updating learning rate to 0.0025
Epoch: 60 cost time: 1.2367336750030518
Epoch: 60, Steps: 32 | Train Loss: 0.0454223 Vali Loss: 0.2453300 Test Loss: 1.5737455
EarlyStopping counter: 54 out of 100
Updating learning rate to 0.0025
Epoch: 61 cost time: 1.256260871887207
Epoch: 61, Steps: 32 | Train Loss: 0.0447235 Vali Loss: 0.2386191 Test Loss: 1.6304784
EarlyStopping counter: 55 out of 100
Updating learning rate to 0.0025
Epoch: 62 cost time: 1.2520527839660645
Epoch: 62, Steps: 32 | Train Loss: 0.0445573 Vali Loss: 0.2453872 Test Loss: 1.5731235
EarlyStopping counter: 56 out of 100
Updating learning rate to 0.0025
Epoch: 63 cost time: 1.2410318851470947
Epoch: 63, Steps: 32 | Train Loss: 0.0450523 Vali Loss: 0.2549959 Test Loss: 1.6800494
EarlyStopping counter: 57 out of 100
Updating learning rate to 0.0025
Epoch: 64 cost time: 1.2380383014678955
Epoch: 64, Steps: 32 | Train Loss: 0.0447956 Vali Loss: 0.2614063 Test Loss: 1.5533739
EarlyStopping counter: 58 out of 100
Updating learning rate to 0.0025
Epoch: 65 cost time: 1.2612087726593018
Epoch: 65, Steps: 32 | Train Loss: 0.0428246 Vali Loss: 0.2779832 Test Loss: 1.5389664
EarlyStopping counter: 59 out of 100
Updating learning rate to 0.0025
Epoch: 66 cost time: 1.2308223247528076
Epoch: 66, Steps: 32 | Train Loss: 0.0419941 Vali Loss: 0.2891467 Test Loss: 1.5754038
EarlyStopping counter: 60 out of 100
Updating learning rate to 0.0025
Epoch: 67 cost time: 1.2630538940429688
Epoch: 67, Steps: 32 | Train Loss: 0.0423848 Vali Loss: 0.2615117 Test Loss: 1.5873675
EarlyStopping counter: 61 out of 100
Updating learning rate to 0.0025
Epoch: 68 cost time: 1.2138142585754395
Epoch: 68, Steps: 32 | Train Loss: 0.0415193 Vali Loss: 0.2654446 Test Loss: 1.5738339
EarlyStopping counter: 62 out of 100
Updating learning rate to 0.0025
Epoch: 69 cost time: 1.2444002628326416
Epoch: 69, Steps: 32 | Train Loss: 0.0397046 Vali Loss: 0.2777762 Test Loss: 1.5833849
EarlyStopping counter: 63 out of 100
Updating learning rate to 0.0025
Epoch: 70 cost time: 1.2494714260101318
Epoch: 70, Steps: 32 | Train Loss: 0.0407141 Vali Loss: 0.2583368 Test Loss: 1.5738684
EarlyStopping counter: 64 out of 100
Updating learning rate to 0.0025
Epoch: 71 cost time: 1.2755515575408936
Epoch: 71, Steps: 32 | Train Loss: 0.0394737 Vali Loss: 0.2396844 Test Loss: 1.6326716
EarlyStopping counter: 65 out of 100
Updating learning rate to 0.0025
Epoch: 72 cost time: 1.2356257438659668
Epoch: 72, Steps: 32 | Train Loss: 0.0392894 Vali Loss: 0.2721590 Test Loss: 1.5546076
EarlyStopping counter: 66 out of 100
Updating learning rate to 0.0025
Epoch: 73 cost time: 1.2348721027374268
Epoch: 73, Steps: 32 | Train Loss: 0.0390770 Vali Loss: 0.2634515 Test Loss: 1.5808860
EarlyStopping counter: 67 out of 100
Updating learning rate to 0.0025
Epoch: 74 cost time: 1.2290244102478027
Epoch: 74, Steps: 32 | Train Loss: 0.0394149 Vali Loss: 0.2549284 Test Loss: 1.6579865
EarlyStopping counter: 68 out of 100
Updating learning rate to 0.0025
Epoch: 75 cost time: 1.2294659614562988
Epoch: 75, Steps: 32 | Train Loss: 0.0376763 Vali Loss: 0.2704345 Test Loss: 1.5299667
EarlyStopping counter: 69 out of 100
Updating learning rate to 0.0025
Epoch: 76 cost time: 1.2365221977233887
Epoch: 76, Steps: 32 | Train Loss: 0.0374805 Vali Loss: 0.2700076 Test Loss: 1.6010085
EarlyStopping counter: 70 out of 100
Updating learning rate to 0.0025
Epoch: 77 cost time: 1.2528443336486816
Epoch: 77, Steps: 32 | Train Loss: 0.0370129 Vali Loss: 0.2398681 Test Loss: 1.5975920
EarlyStopping counter: 71 out of 100
Updating learning rate to 0.0025
Epoch: 78 cost time: 1.2277443408966064
Epoch: 78, Steps: 32 | Train Loss: 0.0369898 Vali Loss: 0.2565383 Test Loss: 1.5745864
EarlyStopping counter: 72 out of 100
Updating learning rate to 0.0025
Epoch: 79 cost time: 1.2596182823181152
Epoch: 79, Steps: 32 | Train Loss: 0.0360990 Vali Loss: 0.2462882 Test Loss: 1.6440870
EarlyStopping counter: 73 out of 100
Updating learning rate to 0.0025
Epoch: 80 cost time: 1.2495787143707275
Epoch: 80, Steps: 32 | Train Loss: 0.0366505 Vali Loss: 0.2660404 Test Loss: 1.5597651
EarlyStopping counter: 74 out of 100
Updating learning rate to 0.0025
Epoch: 81 cost time: 1.2295408248901367
Epoch: 81, Steps: 32 | Train Loss: 0.0361388 Vali Loss: 0.2734463 Test Loss: 1.5775427
EarlyStopping counter: 75 out of 100
Updating learning rate to 0.0025
Epoch: 82 cost time: 1.265697717666626
Epoch: 82, Steps: 32 | Train Loss: 0.0362246 Vali Loss: 0.2730392 Test Loss: 1.5913621
EarlyStopping counter: 76 out of 100
Updating learning rate to 0.0025
Epoch: 83 cost time: 1.2501747608184814
Epoch: 83, Steps: 32 | Train Loss: 0.0342520 Vali Loss: 0.2854361 Test Loss: 1.5229471
EarlyStopping counter: 77 out of 100
Updating learning rate to 0.0025
Epoch: 84 cost time: 1.2059705257415771
Epoch: 84, Steps: 32 | Train Loss: 0.0350784 Vali Loss: 0.2558994 Test Loss: 1.6450944
EarlyStopping counter: 78 out of 100
Updating learning rate to 0.0025
Epoch: 85 cost time: 1.2611398696899414
Epoch: 85, Steps: 32 | Train Loss: 0.0362754 Vali Loss: 0.2645701 Test Loss: 1.5868855
EarlyStopping counter: 79 out of 100
Updating learning rate to 0.0025
Epoch: 86 cost time: 1.2477998733520508
Epoch: 86, Steps: 32 | Train Loss: 0.0340827 Vali Loss: 0.2690898 Test Loss: 1.5878539
EarlyStopping counter: 80 out of 100
Updating learning rate to 0.0025
Epoch: 87 cost time: 1.2174007892608643
Epoch: 87, Steps: 32 | Train Loss: 0.0337169 Vali Loss: 0.2621948 Test Loss: 1.6091830
EarlyStopping counter: 81 out of 100
Updating learning rate to 0.0025
Epoch: 88 cost time: 1.2091963291168213
Epoch: 88, Steps: 32 | Train Loss: 0.0343257 Vali Loss: 0.2554013 Test Loss: 1.6328174
EarlyStopping counter: 82 out of 100
Updating learning rate to 0.0025
Epoch: 89 cost time: 1.1944377422332764
Epoch: 89, Steps: 32 | Train Loss: 0.0332796 Vali Loss: 0.2657066 Test Loss: 1.6000532
EarlyStopping counter: 83 out of 100
Updating learning rate to 0.0025
Epoch: 90 cost time: 1.245802402496338
Epoch: 90, Steps: 32 | Train Loss: 0.0344519 Vali Loss: 0.2536274 Test Loss: 1.6728930
EarlyStopping counter: 84 out of 100
Updating learning rate to 0.0025
Epoch: 91 cost time: 1.225203275680542
Epoch: 91, Steps: 32 | Train Loss: 0.0333295 Vali Loss: 0.2504278 Test Loss: 1.6182963
EarlyStopping counter: 85 out of 100
Updating learning rate to 0.0025
Epoch: 92 cost time: 1.2184832096099854
Epoch: 92, Steps: 32 | Train Loss: 0.0338645 Vali Loss: 0.2654252 Test Loss: 1.5577302
EarlyStopping counter: 86 out of 100
Updating learning rate to 0.0025
Epoch: 93 cost time: 1.265169382095337
Epoch: 93, Steps: 32 | Train Loss: 0.0341779 Vali Loss: 0.2627373 Test Loss: 1.6474681
EarlyStopping counter: 87 out of 100
Updating learning rate to 0.0025
Epoch: 94 cost time: 1.2373418807983398
Epoch: 94, Steps: 32 | Train Loss: 0.0336935 Vali Loss: 0.2530484 Test Loss: 1.6240801
EarlyStopping counter: 88 out of 100
Updating learning rate to 0.0025
Epoch: 95 cost time: 1.2269577980041504
Epoch: 95, Steps: 32 | Train Loss: 0.0334994 Vali Loss: 0.2759984 Test Loss: 1.5910988
EarlyStopping counter: 89 out of 100
Updating learning rate to 0.0025
Epoch: 96 cost time: 1.1994740962982178
Epoch: 96, Steps: 32 | Train Loss: 0.0337762 Vali Loss: 0.2689065 Test Loss: 1.6344992
EarlyStopping counter: 90 out of 100
Updating learning rate to 0.0025
Epoch: 97 cost time: 1.2542591094970703
Epoch: 97, Steps: 32 | Train Loss: 0.0327041 Vali Loss: 0.2645226 Test Loss: 1.6071849
EarlyStopping counter: 91 out of 100
Updating learning rate to 0.0025
Epoch: 98 cost time: 1.2129600048065186
Epoch: 98, Steps: 32 | Train Loss: 0.0310377 Vali Loss: 0.2588819 Test Loss: 1.6565274
EarlyStopping counter: 92 out of 100
Updating learning rate to 0.0025
Epoch: 99 cost time: 1.2591094970703125
Epoch: 99, Steps: 32 | Train Loss: 0.0300026 Vali Loss: 0.2655009 Test Loss: 1.6531487
EarlyStopping counter: 93 out of 100
Updating learning rate to 0.0025
Epoch: 100 cost time: 1.2314209938049316
Epoch: 100, Steps: 32 | Train Loss: 0.0296141 Vali Loss: 0.2586815 Test Loss: 1.6474558
EarlyStopping counter: 94 out of 100
Updating learning rate to 0.0025
>>>>>>>testing : NL_illness_cms3_lr0.0001_spc_104_48_PatchTST_custom_ftM_sl104_ll48_pl48_dm16_nh4_el3_dl1_df128_fc1_ebtimeF_dtTruelr0.0001_pol_spc_Nested_Learning_0<<<<<<<<<<<<<<<<<<<<<<<<<<<<<<<<<
test 146
 Ejecutando Inferencia DINÁMICA (Nested Learning con cms3)
  -> Política: spc | LR: 0.0001 | Target: head

RESUMEN: El CMS se actualizó 3 veces de 9 posibles.

mse:1.9397410154342651, mae:0.9059341549873352, rse:0.6662325263023376
Args in experiment:
Namespace(random_seed=2021, is_training=1, model_id='NL_illness_cms3_lr0.0001_spc_104_60', model='PatchTST', data='custom', root_path='./dataset/', data_path='national_illness.csv', features='M', target='OT', freq='h', checkpoints='./checkpoints/', seq_len=104, label_len=48, pred_len=60, head_type='cms3', cms_lr=0.0001, update_policy='spc', fc_dropout=0.3, head_dropout=0.0, patch_len=24, stride=2, padding_patch='end', revin=1, affine=0, subtract_last=0, decomposition=0, kernel_size=25, individual=1, embed_type=0, enc_in=7, dec_in=7, c_out=7, d_model=16, n_heads=4, e_layers=3, d_layers=1, d_ff=128, moving_avg=25, factor=1, distil=True, dropout=0.3, embed='timeF', activation='gelu', output_attention=False, do_predict=False, num_workers=0, itr=1, train_epochs=100, batch_size=16, patience=100, learning_rate=0.0025, des='Nested_Learning', loss='mse', lradj='constant', pct_start=0.3, use_amp=False, use_gpu=True, gpu=0, use_multi_gpu=False, devices='0,1,2,3', test_flop=False)
Use GPU: cuda:0
>>>>>>>start training : NL_illness_cms3_lr0.0001_spc_104_60_PatchTST_custom_ftM_sl104_ll48_pl60_dm16_nh4_el3_dl1_df128_fc1_ebtimeF_dtTruelr0.0001_pol_spc_Nested_Learning_0>>>>>>>>>>>>>>>>>>>>>>>>>>
train 513
val 38
test 134
Epoch: 1 cost time: 1.5639557838439941
Epoch: 1, Steps: 32 | Train Loss: 1.0126327 Vali Loss: 0.4317104 Test Loss: 3.2835352
Validation loss decreased (inf --> 0.431710).  Saving model ...
Updating learning rate to 0.0025
Epoch: 2 cost time: 1.2520709037780762
Epoch: 2, Steps: 32 | Train Loss: 0.8416538 Vali Loss: 0.7585642 Test Loss: 1.9684274
EarlyStopping counter: 1 out of 100
Updating learning rate to 0.0025
Epoch: 3 cost time: 1.2349748611450195
Epoch: 3, Steps: 32 | Train Loss: 0.5540813 Vali Loss: 0.2823268 Test Loss: 1.9013095
Validation loss decreased (0.431710 --> 0.282327).  Saving model ...
Updating learning rate to 0.0025
Epoch: 4 cost time: 1.2537786960601807
Epoch: 4, Steps: 32 | Train Loss: 0.4572533 Vali Loss: 0.2725643 Test Loss: 1.9621994
Validation loss decreased (0.282327 --> 0.272564).  Saving model ...
Updating learning rate to 0.0025
Epoch: 5 cost time: 1.2853586673736572
Epoch: 5, Steps: 32 | Train Loss: 0.3956762 Vali Loss: 0.2378886 Test Loss: 2.2799568
Validation loss decreased (0.272564 --> 0.237889).  Saving model ...
Updating learning rate to 0.0025
Epoch: 6 cost time: 1.2393369674682617
Epoch: 6, Steps: 32 | Train Loss: 0.3426422 Vali Loss: 0.2729996 Test Loss: 2.1180596
EarlyStopping counter: 1 out of 100
Updating learning rate to 0.0025
Epoch: 7 cost time: 1.2564432621002197
Epoch: 7, Steps: 32 | Train Loss: 0.3014876 Vali Loss: 0.2390260 Test Loss: 2.0163186
EarlyStopping counter: 2 out of 100
Updating learning rate to 0.0025
Epoch: 8 cost time: 1.2322146892547607
Epoch: 8, Steps: 32 | Train Loss: 0.2690150 Vali Loss: 0.2872817 Test Loss: 1.8702776
EarlyStopping counter: 3 out of 100
Updating learning rate to 0.0025
Epoch: 9 cost time: 1.2335138320922852
Epoch: 9, Steps: 32 | Train Loss: 0.2372443 Vali Loss: 0.3438707 Test Loss: 1.8534782
EarlyStopping counter: 4 out of 100
Updating learning rate to 0.0025
Epoch: 10 cost time: 1.2534334659576416
Epoch: 10, Steps: 32 | Train Loss: 0.2222532 Vali Loss: 0.2619197 Test Loss: 1.5569106
EarlyStopping counter: 5 out of 100
Updating learning rate to 0.0025
Epoch: 11 cost time: 1.231227159500122
Epoch: 11, Steps: 32 | Train Loss: 0.1978083 Vali Loss: 0.2565220 Test Loss: 1.7935374
EarlyStopping counter: 6 out of 100
Updating learning rate to 0.0025
Epoch: 12 cost time: 1.2453944683074951
Epoch: 12, Steps: 32 | Train Loss: 0.1719605 Vali Loss: 0.3345366 Test Loss: 1.5759854
EarlyStopping counter: 7 out of 100
Updating learning rate to 0.0025
Epoch: 13 cost time: 1.255516767501831
Epoch: 13, Steps: 32 | Train Loss: 0.1603915 Vali Loss: 0.2792383 Test Loss: 1.6802729
EarlyStopping counter: 8 out of 100
Updating learning rate to 0.0025
Epoch: 14 cost time: 1.2521445751190186
Epoch: 14, Steps: 32 | Train Loss: 0.1490058 Vali Loss: 0.2682032 Test Loss: 1.6190886
EarlyStopping counter: 9 out of 100
Updating learning rate to 0.0025
Epoch: 15 cost time: 1.2444286346435547
Epoch: 15, Steps: 32 | Train Loss: 0.1416211 Vali Loss: 0.2708844 Test Loss: 1.5761192
EarlyStopping counter: 10 out of 100
Updating learning rate to 0.0025
Epoch: 16 cost time: 1.2424840927124023
Epoch: 16, Steps: 32 | Train Loss: 0.1302524 Vali Loss: 0.2984094 Test Loss: 1.5373135
EarlyStopping counter: 11 out of 100
Updating learning rate to 0.0025
Epoch: 17 cost time: 1.2651023864746094
Epoch: 17, Steps: 32 | Train Loss: 0.1241366 Vali Loss: 0.2910804 Test Loss: 1.5114181
EarlyStopping counter: 12 out of 100
Updating learning rate to 0.0025
Epoch: 18 cost time: 1.2581572532653809
Epoch: 18, Steps: 32 | Train Loss: 0.1236414 Vali Loss: 0.2769506 Test Loss: 1.6256328
EarlyStopping counter: 13 out of 100
Updating learning rate to 0.0025
Epoch: 19 cost time: 1.2218124866485596
Epoch: 19, Steps: 32 | Train Loss: 0.1167858 Vali Loss: 0.3044897 Test Loss: 1.5002943
EarlyStopping counter: 14 out of 100
Updating learning rate to 0.0025
Epoch: 20 cost time: 1.231896162033081
Epoch: 20, Steps: 32 | Train Loss: 0.1123157 Vali Loss: 0.3350942 Test Loss: 1.6140070
EarlyStopping counter: 15 out of 100
Updating learning rate to 0.0025
Epoch: 21 cost time: 1.1729309558868408
Epoch: 21, Steps: 32 | Train Loss: 0.1078417 Vali Loss: 0.3438456 Test Loss: 1.5686245
EarlyStopping counter: 16 out of 100
Updating learning rate to 0.0025
Epoch: 22 cost time: 1.2351772785186768
Epoch: 22, Steps: 32 | Train Loss: 0.1055487 Vali Loss: 0.3899274 Test Loss: 1.3916941
EarlyStopping counter: 17 out of 100
Updating learning rate to 0.0025
Epoch: 23 cost time: 1.2253708839416504
Epoch: 23, Steps: 32 | Train Loss: 0.0990389 Vali Loss: 0.3504953 Test Loss: 1.5014977
EarlyStopping counter: 18 out of 100
Updating learning rate to 0.0025
Epoch: 24 cost time: 1.2660496234893799
Epoch: 24, Steps: 32 | Train Loss: 0.0946469 Vali Loss: 0.3205145 Test Loss: 1.4184701
EarlyStopping counter: 19 out of 100
Updating learning rate to 0.0025
Epoch: 25 cost time: 1.2210655212402344
Epoch: 25, Steps: 32 | Train Loss: 0.0945512 Vali Loss: 0.3083893 Test Loss: 1.5157743
EarlyStopping counter: 20 out of 100
Updating learning rate to 0.0025
Epoch: 26 cost time: 1.2381041049957275
Epoch: 26, Steps: 32 | Train Loss: 0.0935632 Vali Loss: 0.3277180 Test Loss: 1.4569505
EarlyStopping counter: 21 out of 100
Updating learning rate to 0.0025
Epoch: 27 cost time: 1.2490825653076172
Epoch: 27, Steps: 32 | Train Loss: 0.0872390 Vali Loss: 0.3010811 Test Loss: 1.4948578
EarlyStopping counter: 22 out of 100
Updating learning rate to 0.0025
Epoch: 28 cost time: 1.2424640655517578
Epoch: 28, Steps: 32 | Train Loss: 0.0838633 Vali Loss: 0.3185043 Test Loss: 1.5503304
EarlyStopping counter: 23 out of 100
Updating learning rate to 0.0025
Epoch: 29 cost time: 1.2150938510894775
Epoch: 29, Steps: 32 | Train Loss: 0.0814621 Vali Loss: 0.3277164 Test Loss: 1.5252041
EarlyStopping counter: 24 out of 100
Updating learning rate to 0.0025
Epoch: 30 cost time: 1.2263307571411133
Epoch: 30, Steps: 32 | Train Loss: 0.0785212 Vali Loss: 0.3629013 Test Loss: 1.3744102
EarlyStopping counter: 25 out of 100
Updating learning rate to 0.0025
Epoch: 31 cost time: 1.2271757125854492
Epoch: 31, Steps: 32 | Train Loss: 0.0795818 Vali Loss: 0.3508859 Test Loss: 1.4266951
EarlyStopping counter: 26 out of 100
Updating learning rate to 0.0025
Epoch: 32 cost time: 1.2560298442840576
Epoch: 32, Steps: 32 | Train Loss: 0.0767528 Vali Loss: 0.3486726 Test Loss: 1.4546373
EarlyStopping counter: 27 out of 100
Updating learning rate to 0.0025
Epoch: 33 cost time: 1.2326066493988037
Epoch: 33, Steps: 32 | Train Loss: 0.0750055 Vali Loss: 0.3072656 Test Loss: 1.4821532
EarlyStopping counter: 28 out of 100
Updating learning rate to 0.0025
Epoch: 34 cost time: 1.2284555435180664
Epoch: 34, Steps: 32 | Train Loss: 0.0731866 Vali Loss: 0.3410489 Test Loss: 1.4208794
EarlyStopping counter: 29 out of 100
Updating learning rate to 0.0025
Epoch: 35 cost time: 1.2686002254486084
Epoch: 35, Steps: 32 | Train Loss: 0.0717118 Vali Loss: 0.3186918 Test Loss: 1.5152228
EarlyStopping counter: 30 out of 100
Updating learning rate to 0.0025
Epoch: 36 cost time: 1.2522766590118408
Epoch: 36, Steps: 32 | Train Loss: 0.0707703 Vali Loss: 0.3292356 Test Loss: 1.4887929
EarlyStopping counter: 31 out of 100
Updating learning rate to 0.0025
Epoch: 37 cost time: 1.242236852645874
Epoch: 37, Steps: 32 | Train Loss: 0.0682191 Vali Loss: 0.3194393 Test Loss: 1.4805048
EarlyStopping counter: 32 out of 100
Updating learning rate to 0.0025
Epoch: 38 cost time: 1.2327587604522705
Epoch: 38, Steps: 32 | Train Loss: 0.0676007 Vali Loss: 0.3333579 Test Loss: 1.4282292
EarlyStopping counter: 33 out of 100
Updating learning rate to 0.0025
Epoch: 39 cost time: 1.2423808574676514
Epoch: 39, Steps: 32 | Train Loss: 0.0644923 Vali Loss: 0.3788421 Test Loss: 1.3797053
EarlyStopping counter: 34 out of 100
Updating learning rate to 0.0025
Epoch: 40 cost time: 1.243406057357788
Epoch: 40, Steps: 32 | Train Loss: 0.0650974 Vali Loss: 0.3302609 Test Loss: 1.4849490
EarlyStopping counter: 35 out of 100
Updating learning rate to 0.0025
Epoch: 41 cost time: 1.183788537979126
Epoch: 41, Steps: 32 | Train Loss: 0.0658025 Vali Loss: 0.3052427 Test Loss: 1.5242492
EarlyStopping counter: 36 out of 100
Updating learning rate to 0.0025
Epoch: 42 cost time: 1.209259033203125
Epoch: 42, Steps: 32 | Train Loss: 0.0620583 Vali Loss: 0.3196003 Test Loss: 1.4603908
EarlyStopping counter: 37 out of 100
Updating learning rate to 0.0025
Epoch: 43 cost time: 1.2557010650634766
Epoch: 43, Steps: 32 | Train Loss: 0.0603052 Vali Loss: 0.3253139 Test Loss: 1.4677194
EarlyStopping counter: 38 out of 100
Updating learning rate to 0.0025
Epoch: 44 cost time: 1.237133502960205
Epoch: 44, Steps: 32 | Train Loss: 0.0615915 Vali Loss: 0.3114906 Test Loss: 1.4708580
EarlyStopping counter: 39 out of 100
Updating learning rate to 0.0025
Epoch: 45 cost time: 1.2403979301452637
Epoch: 45, Steps: 32 | Train Loss: 0.0593100 Vali Loss: 0.2928677 Test Loss: 1.5466284
EarlyStopping counter: 40 out of 100
Updating learning rate to 0.0025
Epoch: 46 cost time: 1.2474079132080078
Epoch: 46, Steps: 32 | Train Loss: 0.0580190 Vali Loss: 0.3418757 Test Loss: 1.4743156
EarlyStopping counter: 41 out of 100
Updating learning rate to 0.0025
Epoch: 47 cost time: 1.267319917678833
Epoch: 47, Steps: 32 | Train Loss: 0.0568946 Vali Loss: 0.3321985 Test Loss: 1.4926891
EarlyStopping counter: 42 out of 100
Updating learning rate to 0.0025
Epoch: 48 cost time: 1.2184593677520752
Epoch: 48, Steps: 32 | Train Loss: 0.0568392 Vali Loss: 0.3344423 Test Loss: 1.4471079
EarlyStopping counter: 43 out of 100
Updating learning rate to 0.0025
Epoch: 49 cost time: 1.2563846111297607
Epoch: 49, Steps: 32 | Train Loss: 0.0554222 Vali Loss: 0.3171773 Test Loss: 1.4374076
EarlyStopping counter: 44 out of 100
Updating learning rate to 0.0025
Epoch: 50 cost time: 1.2352862358093262
Epoch: 50, Steps: 32 | Train Loss: 0.0549604 Vali Loss: 0.3572601 Test Loss: 1.4494538
EarlyStopping counter: 45 out of 100
Updating learning rate to 0.0025
Epoch: 51 cost time: 1.2266294956207275
Epoch: 51, Steps: 32 | Train Loss: 0.0547274 Vali Loss: 0.3743798 Test Loss: 1.3707125
EarlyStopping counter: 46 out of 100
Updating learning rate to 0.0025
Epoch: 52 cost time: 1.235905408859253
Epoch: 52, Steps: 32 | Train Loss: 0.0526652 Vali Loss: 0.3496645 Test Loss: 1.3786558
EarlyStopping counter: 47 out of 100
Updating learning rate to 0.0025
Epoch: 53 cost time: 1.2520403861999512
Epoch: 53, Steps: 32 | Train Loss: 0.0519929 Vali Loss: 0.3373469 Test Loss: 1.4616879
EarlyStopping counter: 48 out of 100
Updating learning rate to 0.0025
Epoch: 54 cost time: 1.245039701461792
Epoch: 54, Steps: 32 | Train Loss: 0.0517391 Vali Loss: 0.3290126 Test Loss: 1.4034665
EarlyStopping counter: 49 out of 100
Updating learning rate to 0.0025
Epoch: 55 cost time: 1.2196056842803955
Epoch: 55, Steps: 32 | Train Loss: 0.0495593 Vali Loss: 0.3502623 Test Loss: 1.3776158
EarlyStopping counter: 50 out of 100
Updating learning rate to 0.0025
Epoch: 56 cost time: 1.2529802322387695
Epoch: 56, Steps: 32 | Train Loss: 0.0495448 Vali Loss: 0.3701733 Test Loss: 1.4017378
EarlyStopping counter: 51 out of 100
Updating learning rate to 0.0025
Epoch: 57 cost time: 1.2399299144744873
Epoch: 57, Steps: 32 | Train Loss: 0.0494580 Vali Loss: 0.3391965 Test Loss: 1.4062996
EarlyStopping counter: 52 out of 100
Updating learning rate to 0.0025
Epoch: 58 cost time: 1.2465217113494873
Epoch: 58, Steps: 32 | Train Loss: 0.0512570 Vali Loss: 0.3329901 Test Loss: 1.4514928
EarlyStopping counter: 53 out of 100
Updating learning rate to 0.0025
Epoch: 59 cost time: 1.2547633647918701
Epoch: 59, Steps: 32 | Train Loss: 0.0496362 Vali Loss: 0.3652698 Test Loss: 1.3600240
EarlyStopping counter: 54 out of 100
Updating learning rate to 0.0025
Epoch: 60 cost time: 1.2236738204956055
Epoch: 60, Steps: 32 | Train Loss: 0.0488804 Vali Loss: 0.3535043 Test Loss: 1.3449522
EarlyStopping counter: 55 out of 100
Updating learning rate to 0.0025
Epoch: 61 cost time: 1.2457492351531982
Epoch: 61, Steps: 32 | Train Loss: 0.0475564 Vali Loss: 0.3144186 Test Loss: 1.4397488
EarlyStopping counter: 56 out of 100
Updating learning rate to 0.0025
Epoch: 62 cost time: 1.2659807205200195
Epoch: 62, Steps: 32 | Train Loss: 0.0468210 Vali Loss: 0.3454548 Test Loss: 1.3856519
EarlyStopping counter: 57 out of 100
Updating learning rate to 0.0025
Epoch: 63 cost time: 1.2650344371795654
Epoch: 63, Steps: 32 | Train Loss: 0.0465837 Vali Loss: 0.3246633 Test Loss: 1.4643904
EarlyStopping counter: 58 out of 100
Updating learning rate to 0.0025
Epoch: 64 cost time: 1.22975754737854
Epoch: 64, Steps: 32 | Train Loss: 0.0449469 Vali Loss: 0.3461013 Test Loss: 1.4741104
EarlyStopping counter: 59 out of 100
Updating learning rate to 0.0025
Epoch: 65 cost time: 1.248413324356079
Epoch: 65, Steps: 32 | Train Loss: 0.0455429 Vali Loss: 0.3239375 Test Loss: 1.4129100
EarlyStopping counter: 60 out of 100
Updating learning rate to 0.0025
Epoch: 66 cost time: 1.242586374282837
Epoch: 66, Steps: 32 | Train Loss: 0.0450053 Vali Loss: 0.3258063 Test Loss: 1.4321370
EarlyStopping counter: 61 out of 100
Updating learning rate to 0.0025
Epoch: 67 cost time: 1.2341055870056152
Epoch: 67, Steps: 32 | Train Loss: 0.0431157 Vali Loss: 0.3174914 Test Loss: 1.4256861
EarlyStopping counter: 62 out of 100
Updating learning rate to 0.0025
Epoch: 68 cost time: 1.2312147617340088
Epoch: 68, Steps: 32 | Train Loss: 0.0424994 Vali Loss: 0.3474186 Test Loss: 1.3274388
EarlyStopping counter: 63 out of 100
Updating learning rate to 0.0025
Epoch: 69 cost time: 1.238429307937622
Epoch: 69, Steps: 32 | Train Loss: 0.0429263 Vali Loss: 0.3321037 Test Loss: 1.4786177
EarlyStopping counter: 64 out of 100
Updating learning rate to 0.0025
Epoch: 70 cost time: 1.2535834312438965
Epoch: 70, Steps: 32 | Train Loss: 0.0426037 Vali Loss: 0.3272945 Test Loss: 1.4075184
EarlyStopping counter: 65 out of 100
Updating learning rate to 0.0025
Epoch: 71 cost time: 1.2443420886993408
Epoch: 71, Steps: 32 | Train Loss: 0.0415352 Vali Loss: 0.3417015 Test Loss: 1.4094819
EarlyStopping counter: 66 out of 100
Updating learning rate to 0.0025
Epoch: 72 cost time: 1.2433922290802002
Epoch: 72, Steps: 32 | Train Loss: 0.0421355 Vali Loss: 0.3459526 Test Loss: 1.4613779
EarlyStopping counter: 67 out of 100
Updating learning rate to 0.0025
Epoch: 73 cost time: 1.253943681716919
Epoch: 73, Steps: 32 | Train Loss: 0.0422666 Vali Loss: 0.3423667 Test Loss: 1.4145560
EarlyStopping counter: 68 out of 100
Updating learning rate to 0.0025
Epoch: 74 cost time: 1.2535109519958496
Epoch: 74, Steps: 32 | Train Loss: 0.0421325 Vali Loss: 0.3410095 Test Loss: 1.4708557
EarlyStopping counter: 69 out of 100
Updating learning rate to 0.0025
Epoch: 75 cost time: 1.232776165008545
Epoch: 75, Steps: 32 | Train Loss: 0.0404164 Vali Loss: 0.3177560 Test Loss: 1.4960074
EarlyStopping counter: 70 out of 100
Updating learning rate to 0.0025
Epoch: 76 cost time: 1.2592861652374268
Epoch: 76, Steps: 32 | Train Loss: 0.0403349 Vali Loss: 0.3585968 Test Loss: 1.3993320
EarlyStopping counter: 71 out of 100
Updating learning rate to 0.0025
Epoch: 77 cost time: 1.261237621307373
Epoch: 77, Steps: 32 | Train Loss: 0.0402604 Vali Loss: 0.3397613 Test Loss: 1.4181613
EarlyStopping counter: 72 out of 100
Updating learning rate to 0.0025
Epoch: 78 cost time: 1.189692735671997
Epoch: 78, Steps: 32 | Train Loss: 0.0392294 Vali Loss: 0.3185188 Test Loss: 1.4977188
EarlyStopping counter: 73 out of 100
Updating learning rate to 0.0025
Epoch: 79 cost time: 1.240990161895752
Epoch: 79, Steps: 32 | Train Loss: 0.0402649 Vali Loss: 0.3278729 Test Loss: 1.4667253
EarlyStopping counter: 74 out of 100
Updating learning rate to 0.0025
Epoch: 80 cost time: 1.247755527496338
Epoch: 80, Steps: 32 | Train Loss: 0.0394641 Vali Loss: 0.3122002 Test Loss: 1.5904109
EarlyStopping counter: 75 out of 100
Updating learning rate to 0.0025
Epoch: 81 cost time: 1.2521922588348389
Epoch: 81, Steps: 32 | Train Loss: 0.0389981 Vali Loss: 0.3217886 Test Loss: 1.4290597
EarlyStopping counter: 76 out of 100
Updating learning rate to 0.0025
Epoch: 82 cost time: 1.2641723155975342
Epoch: 82, Steps: 32 | Train Loss: 0.0385197 Vali Loss: 0.3289160 Test Loss: 1.4819320
EarlyStopping counter: 77 out of 100
Updating learning rate to 0.0025
Epoch: 83 cost time: 1.228653907775879
Epoch: 83, Steps: 32 | Train Loss: 0.0382606 Vali Loss: 0.3556978 Test Loss: 1.3566926
EarlyStopping counter: 78 out of 100
Updating learning rate to 0.0025
Epoch: 84 cost time: 1.2277452945709229
Epoch: 84, Steps: 32 | Train Loss: 0.0375510 Vali Loss: 0.3755047 Test Loss: 1.3746397
EarlyStopping counter: 79 out of 100
Updating learning rate to 0.0025
Epoch: 85 cost time: 1.2377660274505615
Epoch: 85, Steps: 32 | Train Loss: 0.0384087 Vali Loss: 0.3541584 Test Loss: 1.4814367
EarlyStopping counter: 80 out of 100
Updating learning rate to 0.0025
Epoch: 86 cost time: 1.237168550491333
Epoch: 86, Steps: 32 | Train Loss: 0.0378433 Vali Loss: 0.3311725 Test Loss: 1.4771144
EarlyStopping counter: 81 out of 100
Updating learning rate to 0.0025
Epoch: 87 cost time: 1.2425577640533447
Epoch: 87, Steps: 32 | Train Loss: 0.0373596 Vali Loss: 0.3152059 Test Loss: 1.4120635
EarlyStopping counter: 82 out of 100
Updating learning rate to 0.0025
Epoch: 88 cost time: 1.232025146484375
Epoch: 88, Steps: 32 | Train Loss: 0.0368184 Vali Loss: 0.3132464 Test Loss: 1.4437954
EarlyStopping counter: 83 out of 100
Updating learning rate to 0.0025
Epoch: 89 cost time: 1.2176239490509033
Epoch: 89, Steps: 32 | Train Loss: 0.0365510 Vali Loss: 0.3324780 Test Loss: 1.4512248
EarlyStopping counter: 84 out of 100
Updating learning rate to 0.0025
Epoch: 90 cost time: 1.258183479309082
Epoch: 90, Steps: 32 | Train Loss: 0.0370390 Vali Loss: 0.3325105 Test Loss: 1.4697649
EarlyStopping counter: 85 out of 100
Updating learning rate to 0.0025
Epoch: 91 cost time: 1.2647573947906494
Epoch: 91, Steps: 32 | Train Loss: 0.0370673 Vali Loss: 0.3344111 Test Loss: 1.3875703
EarlyStopping counter: 86 out of 100
Updating learning rate to 0.0025
Epoch: 92 cost time: 1.2439959049224854
Epoch: 92, Steps: 32 | Train Loss: 0.0371677 Vali Loss: 0.3279156 Test Loss: 1.4671907
EarlyStopping counter: 87 out of 100
Updating learning rate to 0.0025
Epoch: 93 cost time: 1.265244722366333
Epoch: 93, Steps: 32 | Train Loss: 0.0361072 Vali Loss: 0.3079472 Test Loss: 1.4935284
EarlyStopping counter: 88 out of 100
Updating learning rate to 0.0025
Epoch: 94 cost time: 1.2543087005615234
Epoch: 94, Steps: 32 | Train Loss: 0.0356266 Vali Loss: 0.3313394 Test Loss: 1.4807365
EarlyStopping counter: 89 out of 100
Updating learning rate to 0.0025
Epoch: 95 cost time: 1.2339136600494385
Epoch: 95, Steps: 32 | Train Loss: 0.0352648 Vali Loss: 0.3057628 Test Loss: 1.4575877
EarlyStopping counter: 90 out of 100
Updating learning rate to 0.0025
Epoch: 96 cost time: 1.2357442378997803
Epoch: 96, Steps: 32 | Train Loss: 0.0346756 Vali Loss: 0.3353776 Test Loss: 1.4961809
EarlyStopping counter: 91 out of 100
Updating learning rate to 0.0025
Epoch: 97 cost time: 1.2291483879089355
Epoch: 97, Steps: 32 | Train Loss: 0.0337850 Vali Loss: 0.3101423 Test Loss: 1.5392250
EarlyStopping counter: 92 out of 100
Updating learning rate to 0.0025
Epoch: 98 cost time: 1.2252097129821777
Epoch: 98, Steps: 32 | Train Loss: 0.0341603 Vali Loss: 0.3380157 Test Loss: 1.4237697
EarlyStopping counter: 93 out of 100
Updating learning rate to 0.0025
Epoch: 99 cost time: 1.216674566268921
Epoch: 99, Steps: 32 | Train Loss: 0.0342745 Vali Loss: 0.3201689 Test Loss: 1.4584398
EarlyStopping counter: 94 out of 100
Updating learning rate to 0.0025
Epoch: 100 cost time: 1.257392168045044
Epoch: 100, Steps: 32 | Train Loss: 0.0330844 Vali Loss: 0.3566617 Test Loss: 1.5308249
EarlyStopping counter: 95 out of 100
Updating learning rate to 0.0025
>>>>>>>testing : NL_illness_cms3_lr0.0001_spc_104_60_PatchTST_custom_ftM_sl104_ll48_pl60_dm16_nh4_el3_dl1_df128_fc1_ebtimeF_dtTruelr0.0001_pol_spc_Nested_Learning_0<<<<<<<<<<<<<<<<<<<<<<<<<<<<<<<<<
test 134
 Ejecutando Inferencia DINÁMICA (Nested Learning con cms3)
  -> Política: spc | LR: 0.0001 | Target: head

RESUMEN: El CMS se actualizó 2 veces de 8 posibles.

mse:2.2796342372894287, mae:1.023447036743164, rse:0.7214687466621399
