==========================================================
SÚPER ARRAY TFG - TAREA ID: 87 / 113
Nodo: dionisio
Dataset: illness | Experimento: NL_illness_cms3_lr0.00005_always
Cabeza: cms3 | LR: 0.00005 | Política: always
==========================================================
Args in experiment:
Namespace(random_seed=2021, is_training=1, model_id='NL_illness_cms3_lr0.00005_always_104_24', model='PatchTST', data='custom', root_path='./dataset/', data_path='national_illness.csv', features='M', target='OT', freq='h', checkpoints='./checkpoints/', seq_len=104, label_len=48, pred_len=24, head_type='cms3', cms_lr=5e-05, update_policy='always', fc_dropout=0.3, head_dropout=0.0, patch_len=24, stride=2, padding_patch='end', revin=1, affine=0, subtract_last=0, decomposition=0, kernel_size=25, individual=0, embed_type=0, enc_in=7, dec_in=7, c_out=7, d_model=16, n_heads=4, e_layers=3, d_layers=1, d_ff=128, moving_avg=25, factor=1, distil=True, dropout=0.3, embed='timeF', activation='gelu', output_attention=False, do_predict=False, num_workers=0, itr=1, train_epochs=100, batch_size=16, patience=100, learning_rate=0.0025, des='Nested_Learning', loss='mse', lradj='constant', pct_start=0.3, use_amp=False, use_gpu=True, gpu=0, use_multi_gpu=False, devices='0,1,2,3', test_flop=False)
Use GPU: cuda:0
>>>>>>>start training : NL_illness_cms3_lr0.00005_always_104_24_PatchTST_custom_ftM_sl104_ll48_pl24_dm16_nh4_el3_dl1_df128_fc1_ebtimeF_dtTruelr5e-05_polalways_Nested_Learning_0>>>>>>>>>>>>>>>>>>>>>>>>>>
train 549
val 74
test 170
Epoch: 1 cost time: 2.1450068950653076
Epoch: 1, Steps: 34 | Train Loss: 0.9394318 Vali Loss: 0.3822713 Test Loss: 2.6293786
Validation loss decreased (inf --> 0.382271).  Saving model ...
Updating learning rate to 0.0025
Epoch: 2 cost time: 1.0152368545532227
Epoch: 2, Steps: 34 | Train Loss: 0.8027827 Vali Loss: 0.4429454 Test Loss: 2.0066805
EarlyStopping counter: 1 out of 100
Updating learning rate to 0.0025
Epoch: 3 cost time: 1.0193688869476318
Epoch: 3, Steps: 34 | Train Loss: 0.5241799 Vali Loss: 0.2581767 Test Loss: 1.7071464
Validation loss decreased (0.382271 --> 0.258177).  Saving model ...
Updating learning rate to 0.0025
Epoch: 4 cost time: 1.0320122241973877
Epoch: 4, Steps: 34 | Train Loss: 0.4279644 Vali Loss: 0.2969547 Test Loss: 1.9362218
EarlyStopping counter: 1 out of 100
Updating learning rate to 0.0025
Epoch: 5 cost time: 1.0357606410980225
Epoch: 5, Steps: 34 | Train Loss: 0.3818076 Vali Loss: 0.3034835 Test Loss: 1.8549309
EarlyStopping counter: 2 out of 100
Updating learning rate to 0.0025
Epoch: 6 cost time: 1.0134100914001465
Epoch: 6, Steps: 34 | Train Loss: 0.3533249 Vali Loss: 0.2800201 Test Loss: 1.6720133
EarlyStopping counter: 3 out of 100
Updating learning rate to 0.0025
Epoch: 7 cost time: 1.016118049621582
Epoch: 7, Steps: 34 | Train Loss: 0.2888028 Vali Loss: 0.2462891 Test Loss: 1.3679181
Validation loss decreased (0.258177 --> 0.246289).  Saving model ...
Updating learning rate to 0.0025
Epoch: 8 cost time: 1.03770112991333
Epoch: 8, Steps: 34 | Train Loss: 0.2301836 Vali Loss: 0.2584120 Test Loss: 1.4104881
EarlyStopping counter: 1 out of 100
Updating learning rate to 0.0025
Epoch: 9 cost time: 1.022094964981079
Epoch: 9, Steps: 34 | Train Loss: 0.2076251 Vali Loss: 0.2496704 Test Loss: 1.4579452
EarlyStopping counter: 2 out of 100
Updating learning rate to 0.0025
Epoch: 10 cost time: 1.0200092792510986
Epoch: 10, Steps: 34 | Train Loss: 0.1875864 Vali Loss: 0.2755408 Test Loss: 1.4214351
EarlyStopping counter: 3 out of 100
Updating learning rate to 0.0025
Epoch: 11 cost time: 1.0451090335845947
Epoch: 11, Steps: 34 | Train Loss: 0.1704539 Vali Loss: 0.2743387 Test Loss: 1.4292051
EarlyStopping counter: 4 out of 100
Updating learning rate to 0.0025
Epoch: 12 cost time: 1.0157816410064697
Epoch: 12, Steps: 34 | Train Loss: 0.1525758 Vali Loss: 0.2667470 Test Loss: 1.3594735
EarlyStopping counter: 5 out of 100
Updating learning rate to 0.0025
Epoch: 13 cost time: 1.0165274143218994
Epoch: 13, Steps: 34 | Train Loss: 0.1484137 Vali Loss: 0.2812238 Test Loss: 1.4690500
EarlyStopping counter: 6 out of 100
Updating learning rate to 0.0025
Epoch: 14 cost time: 1.032820701599121
Epoch: 14, Steps: 34 | Train Loss: 0.1420946 Vali Loss: 0.2703732 Test Loss: 1.4620776
EarlyStopping counter: 7 out of 100
Updating learning rate to 0.0025
Epoch: 15 cost time: 1.0206358432769775
Epoch: 15, Steps: 34 | Train Loss: 0.1392455 Vali Loss: 0.2609257 Test Loss: 1.3677051
EarlyStopping counter: 8 out of 100
Updating learning rate to 0.0025
Epoch: 16 cost time: 1.021089792251587
Epoch: 16, Steps: 34 | Train Loss: 0.1334244 Vali Loss: 0.2428612 Test Loss: 1.3585060
Validation loss decreased (0.246289 --> 0.242861).  Saving model ...
Updating learning rate to 0.0025
Epoch: 17 cost time: 1.0268628597259521
Epoch: 17, Steps: 34 | Train Loss: 0.1344585 Vali Loss: 0.2365852 Test Loss: 1.4277922
Validation loss decreased (0.242861 --> 0.236585).  Saving model ...
Updating learning rate to 0.0025
Epoch: 18 cost time: 1.0261940956115723
Epoch: 18, Steps: 34 | Train Loss: 0.1276689 Vali Loss: 0.2460769 Test Loss: 1.4499216
EarlyStopping counter: 1 out of 100
Updating learning rate to 0.0025
Epoch: 19 cost time: 1.0202531814575195
Epoch: 19, Steps: 34 | Train Loss: 0.1133207 Vali Loss: 0.2433798 Test Loss: 1.3874191
EarlyStopping counter: 2 out of 100
Updating learning rate to 0.0025
Epoch: 20 cost time: 1.0171046257019043
Epoch: 20, Steps: 34 | Train Loss: 0.1094128 Vali Loss: 0.2915227 Test Loss: 1.4627650
EarlyStopping counter: 3 out of 100
Updating learning rate to 0.0025
Epoch: 21 cost time: 1.0192656517028809
Epoch: 21, Steps: 34 | Train Loss: 0.1063098 Vali Loss: 0.2919980 Test Loss: 1.4435836
EarlyStopping counter: 4 out of 100
Updating learning rate to 0.0025
Epoch: 22 cost time: 1.034998893737793
Epoch: 22, Steps: 34 | Train Loss: 0.1108104 Vali Loss: 0.2822012 Test Loss: 1.5166456
EarlyStopping counter: 5 out of 100
Updating learning rate to 0.0025
Epoch: 23 cost time: 1.0038928985595703
Epoch: 23, Steps: 34 | Train Loss: 0.1079347 Vali Loss: 0.2762463 Test Loss: 1.4952288
EarlyStopping counter: 6 out of 100
Updating learning rate to 0.0025
Epoch: 24 cost time: 1.0049207210540771
Epoch: 24, Steps: 34 | Train Loss: 0.1053950 Vali Loss: 0.3296558 Test Loss: 1.3875762
EarlyStopping counter: 7 out of 100
Updating learning rate to 0.0025
Epoch: 25 cost time: 1.0255804061889648
Epoch: 25, Steps: 34 | Train Loss: 0.1004814 Vali Loss: 0.3098515 Test Loss: 1.3276049
EarlyStopping counter: 8 out of 100
Updating learning rate to 0.0025
Epoch: 26 cost time: 1.0408477783203125
Epoch: 26, Steps: 34 | Train Loss: 0.0958339 Vali Loss: 0.2901940 Test Loss: 1.4092225
EarlyStopping counter: 9 out of 100
Updating learning rate to 0.0025
Epoch: 27 cost time: 1.020688772201538
Epoch: 27, Steps: 34 | Train Loss: 0.0870972 Vali Loss: 0.2995893 Test Loss: 1.4628891
EarlyStopping counter: 10 out of 100
Updating learning rate to 0.0025
Epoch: 28 cost time: 1.0127966403961182
Epoch: 28, Steps: 34 | Train Loss: 0.0839259 Vali Loss: 0.2866506 Test Loss: 1.4717250
EarlyStopping counter: 11 out of 100
Updating learning rate to 0.0025
Epoch: 29 cost time: 1.0309429168701172
Epoch: 29, Steps: 34 | Train Loss: 0.0802573 Vali Loss: 0.3051545 Test Loss: 1.4089439
EarlyStopping counter: 12 out of 100
Updating learning rate to 0.0025
Epoch: 30 cost time: 1.0250284671783447
Epoch: 30, Steps: 34 | Train Loss: 0.0767005 Vali Loss: 0.2952544 Test Loss: 1.3048390
EarlyStopping counter: 13 out of 100
Updating learning rate to 0.0025
Epoch: 31 cost time: 1.0276093482971191
Epoch: 31, Steps: 34 | Train Loss: 0.0803890 Vali Loss: 0.2686494 Test Loss: 1.3964660
EarlyStopping counter: 14 out of 100
Updating learning rate to 0.0025
Epoch: 32 cost time: 1.0114498138427734
Epoch: 32, Steps: 34 | Train Loss: 0.0714606 Vali Loss: 0.3198691 Test Loss: 1.3690262
EarlyStopping counter: 15 out of 100
Updating learning rate to 0.0025
Epoch: 33 cost time: 1.0209603309631348
Epoch: 33, Steps: 34 | Train Loss: 0.0724103 Vali Loss: 0.2871554 Test Loss: 1.4105034
EarlyStopping counter: 16 out of 100
Updating learning rate to 0.0025
Epoch: 34 cost time: 1.0184707641601562
Epoch: 34, Steps: 34 | Train Loss: 0.0685774 Vali Loss: 0.2728570 Test Loss: 1.4483504
EarlyStopping counter: 17 out of 100
Updating learning rate to 0.0025
Epoch: 35 cost time: 1.0114164352416992
Epoch: 35, Steps: 34 | Train Loss: 0.0688143 Vali Loss: 0.2629998 Test Loss: 1.3168533
EarlyStopping counter: 18 out of 100
Updating learning rate to 0.0025
Epoch: 36 cost time: 1.0321619510650635
Epoch: 36, Steps: 34 | Train Loss: 0.0684081 Vali Loss: 0.2930996 Test Loss: 1.5088637
EarlyStopping counter: 19 out of 100
Updating learning rate to 0.0025
Epoch: 37 cost time: 1.0417869091033936
Epoch: 37, Steps: 34 | Train Loss: 0.0718288 Vali Loss: 0.3354592 Test Loss: 1.3452686
EarlyStopping counter: 20 out of 100
Updating learning rate to 0.0025
Epoch: 38 cost time: 1.009821891784668
Epoch: 38, Steps: 34 | Train Loss: 0.0647241 Vali Loss: 0.3084400 Test Loss: 1.3241718
EarlyStopping counter: 21 out of 100
Updating learning rate to 0.0025
Epoch: 39 cost time: 1.010786771774292
Epoch: 39, Steps: 34 | Train Loss: 0.0659963 Vali Loss: 0.3348098 Test Loss: 1.4135989
EarlyStopping counter: 22 out of 100
Updating learning rate to 0.0025
Epoch: 40 cost time: 1.0176632404327393
Epoch: 40, Steps: 34 | Train Loss: 0.0622890 Vali Loss: 0.2912988 Test Loss: 1.3121288
EarlyStopping counter: 23 out of 100
Updating learning rate to 0.0025
Epoch: 41 cost time: 1.0028748512268066
Epoch: 41, Steps: 34 | Train Loss: 0.0613690 Vali Loss: 0.3037281 Test Loss: 1.4039078
EarlyStopping counter: 24 out of 100
Updating learning rate to 0.0025
Epoch: 42 cost time: 1.031552791595459
Epoch: 42, Steps: 34 | Train Loss: 0.0633022 Vali Loss: 0.3066391 Test Loss: 1.3770518
EarlyStopping counter: 25 out of 100
Updating learning rate to 0.0025
Epoch: 43 cost time: 1.033252239227295
Epoch: 43, Steps: 34 | Train Loss: 0.0595110 Vali Loss: 0.3025623 Test Loss: 1.4323804
EarlyStopping counter: 26 out of 100
Updating learning rate to 0.0025
Epoch: 44 cost time: 1.0096533298492432
Epoch: 44, Steps: 34 | Train Loss: 0.0587304 Vali Loss: 0.3158910 Test Loss: 1.4776461
EarlyStopping counter: 27 out of 100
Updating learning rate to 0.0025
Epoch: 45 cost time: 1.010411024093628
Epoch: 45, Steps: 34 | Train Loss: 0.0571515 Vali Loss: 0.3161135 Test Loss: 1.3629630
EarlyStopping counter: 28 out of 100
Updating learning rate to 0.0025
Epoch: 46 cost time: 1.0297558307647705
Epoch: 46, Steps: 34 | Train Loss: 0.0567699 Vali Loss: 0.3084829 Test Loss: 1.4453443
EarlyStopping counter: 29 out of 100
Updating learning rate to 0.0025
Epoch: 47 cost time: 1.0323467254638672
Epoch: 47, Steps: 34 | Train Loss: 0.0558341 Vali Loss: 0.3150260 Test Loss: 1.4782941
EarlyStopping counter: 30 out of 100
Updating learning rate to 0.0025
Epoch: 48 cost time: 1.0355784893035889
Epoch: 48, Steps: 34 | Train Loss: 0.0543862 Vali Loss: 0.3072846 Test Loss: 1.4089271
EarlyStopping counter: 31 out of 100
Updating learning rate to 0.0025
Epoch: 49 cost time: 1.0371143817901611
Epoch: 49, Steps: 34 | Train Loss: 0.0550019 Vali Loss: 0.2804910 Test Loss: 1.3880522
EarlyStopping counter: 32 out of 100
Updating learning rate to 0.0025
Epoch: 50 cost time: 1.0162453651428223
Epoch: 50, Steps: 34 | Train Loss: 0.0546521 Vali Loss: 0.3070340 Test Loss: 1.4639401
EarlyStopping counter: 33 out of 100
Updating learning rate to 0.0025
Epoch: 51 cost time: 1.027768611907959
Epoch: 51, Steps: 34 | Train Loss: 0.0525315 Vali Loss: 0.2928894 Test Loss: 1.3312294
EarlyStopping counter: 34 out of 100
Updating learning rate to 0.0025
Epoch: 52 cost time: 1.0129833221435547
Epoch: 52, Steps: 34 | Train Loss: 0.0507209 Vali Loss: 0.3017235 Test Loss: 1.4168019
EarlyStopping counter: 35 out of 100
Updating learning rate to 0.0025
Epoch: 53 cost time: 1.035773754119873
Epoch: 53, Steps: 34 | Train Loss: 0.0505377 Vali Loss: 0.3180131 Test Loss: 1.3858058
EarlyStopping counter: 36 out of 100
Updating learning rate to 0.0025
Epoch: 54 cost time: 1.0252397060394287
Epoch: 54, Steps: 34 | Train Loss: 0.0507728 Vali Loss: 0.3205059 Test Loss: 1.4174454
EarlyStopping counter: 37 out of 100
Updating learning rate to 0.0025
Epoch: 55 cost time: 1.0160908699035645
Epoch: 55, Steps: 34 | Train Loss: 0.0491455 Vali Loss: 0.3135794 Test Loss: 1.3305802
EarlyStopping counter: 38 out of 100
Updating learning rate to 0.0025
Epoch: 56 cost time: 1.0333337783813477
Epoch: 56, Steps: 34 | Train Loss: 0.0493795 Vali Loss: 0.3241784 Test Loss: 1.3750738
EarlyStopping counter: 39 out of 100
Updating learning rate to 0.0025
Epoch: 57 cost time: 1.018965721130371
Epoch: 57, Steps: 34 | Train Loss: 0.0483565 Vali Loss: 0.3215657 Test Loss: 1.3646559
EarlyStopping counter: 40 out of 100
Updating learning rate to 0.0025
Epoch: 58 cost time: 1.019418716430664
Epoch: 58, Steps: 34 | Train Loss: 0.0485028 Vali Loss: 0.3141239 Test Loss: 1.3216881
EarlyStopping counter: 41 out of 100
Updating learning rate to 0.0025
Epoch: 59 cost time: 1.0100908279418945
Epoch: 59, Steps: 34 | Train Loss: 0.0499824 Vali Loss: 0.3071080 Test Loss: 1.3255265
EarlyStopping counter: 42 out of 100
Updating learning rate to 0.0025
Epoch: 60 cost time: 1.0087826251983643
Epoch: 60, Steps: 34 | Train Loss: 0.0483056 Vali Loss: 0.3085607 Test Loss: 1.3008497
EarlyStopping counter: 43 out of 100
Updating learning rate to 0.0025
Epoch: 61 cost time: 1.0315446853637695
Epoch: 61, Steps: 34 | Train Loss: 0.0501179 Vali Loss: 0.3743556 Test Loss: 1.4455971
EarlyStopping counter: 44 out of 100
Updating learning rate to 0.0025
Epoch: 62 cost time: 1.0014848709106445
Epoch: 62, Steps: 34 | Train Loss: 0.0550409 Vali Loss: 0.3274975 Test Loss: 1.3449501
EarlyStopping counter: 45 out of 100
Updating learning rate to 0.0025
Epoch: 63 cost time: 1.010507345199585
Epoch: 63, Steps: 34 | Train Loss: 0.0501215 Vali Loss: 0.3129269 Test Loss: 1.3934777
EarlyStopping counter: 46 out of 100
Updating learning rate to 0.0025
Epoch: 64 cost time: 1.019174575805664
Epoch: 64, Steps: 34 | Train Loss: 0.0476621 Vali Loss: 0.3164256 Test Loss: 1.4296110
EarlyStopping counter: 47 out of 100
Updating learning rate to 0.0025
Epoch: 65 cost time: 1.0369157791137695
Epoch: 65, Steps: 34 | Train Loss: 0.0457171 Vali Loss: 0.2941219 Test Loss: 1.3989229
EarlyStopping counter: 48 out of 100
Updating learning rate to 0.0025
Epoch: 66 cost time: 1.0347063541412354
Epoch: 66, Steps: 34 | Train Loss: 0.0452130 Vali Loss: 0.3119809 Test Loss: 1.3732967
EarlyStopping counter: 49 out of 100
Updating learning rate to 0.0025
Epoch: 67 cost time: 1.0109367370605469
Epoch: 67, Steps: 34 | Train Loss: 0.0450111 Vali Loss: 0.2925421 Test Loss: 1.3875792
EarlyStopping counter: 50 out of 100
Updating learning rate to 0.0025
Epoch: 68 cost time: 1.0287806987762451
Epoch: 68, Steps: 34 | Train Loss: 0.0482662 Vali Loss: 0.3088517 Test Loss: 1.3748763
EarlyStopping counter: 51 out of 100
Updating learning rate to 0.0025
Epoch: 69 cost time: 1.0109012126922607
Epoch: 69, Steps: 34 | Train Loss: 0.0425865 Vali Loss: 0.3239302 Test Loss: 1.4518788
EarlyStopping counter: 52 out of 100
Updating learning rate to 0.0025
Epoch: 70 cost time: 1.0337755680084229
Epoch: 70, Steps: 34 | Train Loss: 0.0406019 Vali Loss: 0.3218783 Test Loss: 1.3778496
EarlyStopping counter: 53 out of 100
Updating learning rate to 0.0025
Epoch: 71 cost time: 1.0168240070343018
Epoch: 71, Steps: 34 | Train Loss: 0.0416747 Vali Loss: 0.3283442 Test Loss: 1.3954532
EarlyStopping counter: 54 out of 100
Updating learning rate to 0.0025
Epoch: 72 cost time: 1.001774549484253
Epoch: 72, Steps: 34 | Train Loss: 0.0408368 Vali Loss: 0.3247696 Test Loss: 1.3575760
EarlyStopping counter: 55 out of 100
Updating learning rate to 0.0025
Epoch: 73 cost time: 1.0156891345977783
Epoch: 73, Steps: 34 | Train Loss: 0.0407204 Vali Loss: 0.3266922 Test Loss: 1.4125416
EarlyStopping counter: 56 out of 100
Updating learning rate to 0.0025
Epoch: 74 cost time: 1.0198967456817627
Epoch: 74, Steps: 34 | Train Loss: 0.0410265 Vali Loss: 0.3265086 Test Loss: 1.3611728
EarlyStopping counter: 57 out of 100
Updating learning rate to 0.0025
Epoch: 75 cost time: 1.0430514812469482
Epoch: 75, Steps: 34 | Train Loss: 0.0424499 Vali Loss: 0.3362015 Test Loss: 1.4615140
EarlyStopping counter: 58 out of 100
Updating learning rate to 0.0025
Epoch: 76 cost time: 1.0202748775482178
Epoch: 76, Steps: 34 | Train Loss: 0.0404105 Vali Loss: 0.3422946 Test Loss: 1.3966794
EarlyStopping counter: 59 out of 100
Updating learning rate to 0.0025
Epoch: 77 cost time: 1.016158103942871
Epoch: 77, Steps: 34 | Train Loss: 0.0409282 Vali Loss: 0.3225191 Test Loss: 1.3554643
EarlyStopping counter: 60 out of 100
Updating learning rate to 0.0025
Epoch: 78 cost time: 1.031261682510376
Epoch: 78, Steps: 34 | Train Loss: 0.0390721 Vali Loss: 0.3318308 Test Loss: 1.4245360
EarlyStopping counter: 61 out of 100
Updating learning rate to 0.0025
Epoch: 79 cost time: 1.0243592262268066
Epoch: 79, Steps: 34 | Train Loss: 0.0408047 Vali Loss: 0.3199452 Test Loss: 1.3659191
EarlyStopping counter: 62 out of 100
Updating learning rate to 0.0025
Epoch: 80 cost time: 1.0280828475952148
Epoch: 80, Steps: 34 | Train Loss: 0.0408130 Vali Loss: 0.3027513 Test Loss: 1.3502464
EarlyStopping counter: 63 out of 100
Updating learning rate to 0.0025
Epoch: 81 cost time: 1.0182394981384277
Epoch: 81, Steps: 34 | Train Loss: 0.0400324 Vali Loss: 0.3348394 Test Loss: 1.4151831
EarlyStopping counter: 64 out of 100
Updating learning rate to 0.0025
Epoch: 82 cost time: 1.0070338249206543
Epoch: 82, Steps: 34 | Train Loss: 0.0404024 Vali Loss: 0.3531940 Test Loss: 1.4523411
EarlyStopping counter: 65 out of 100
Updating learning rate to 0.0025
Epoch: 83 cost time: 1.019784688949585
Epoch: 83, Steps: 34 | Train Loss: 0.0416522 Vali Loss: 0.3203970 Test Loss: 1.3779793
EarlyStopping counter: 66 out of 100
Updating learning rate to 0.0025
Epoch: 84 cost time: 1.0256586074829102
Epoch: 84, Steps: 34 | Train Loss: 0.0429440 Vali Loss: 0.3400073 Test Loss: 1.3763727
EarlyStopping counter: 67 out of 100
Updating learning rate to 0.0025
Epoch: 85 cost time: 1.0195865631103516
Epoch: 85, Steps: 34 | Train Loss: 0.0443385 Vali Loss: 0.3033620 Test Loss: 1.3772705
EarlyStopping counter: 68 out of 100
Updating learning rate to 0.0025
Epoch: 86 cost time: 1.022432565689087
Epoch: 86, Steps: 34 | Train Loss: 0.0412749 Vali Loss: 0.3093875 Test Loss: 1.4016691
EarlyStopping counter: 69 out of 100
Updating learning rate to 0.0025
Epoch: 87 cost time: 1.0358350276947021
Epoch: 87, Steps: 34 | Train Loss: 0.0392929 Vali Loss: 0.3336435 Test Loss: 1.4403677
EarlyStopping counter: 70 out of 100
Updating learning rate to 0.0025
Epoch: 88 cost time: 1.0071794986724854
Epoch: 88, Steps: 34 | Train Loss: 0.0388997 Vali Loss: 0.3579699 Test Loss: 1.3512563
EarlyStopping counter: 71 out of 100
Updating learning rate to 0.0025
Epoch: 89 cost time: 1.033785104751587
Epoch: 89, Steps: 34 | Train Loss: 0.0388504 Vali Loss: 0.3195520 Test Loss: 1.3902062
EarlyStopping counter: 72 out of 100
Updating learning rate to 0.0025
Epoch: 90 cost time: 1.0109004974365234
Epoch: 90, Steps: 34 | Train Loss: 0.0378570 Vali Loss: 0.3292902 Test Loss: 1.3161566
EarlyStopping counter: 73 out of 100
Updating learning rate to 0.0025
Epoch: 91 cost time: 1.0142688751220703
Epoch: 91, Steps: 34 | Train Loss: 0.0369388 Vali Loss: 0.3309982 Test Loss: 1.3744373
EarlyStopping counter: 74 out of 100
Updating learning rate to 0.0025
Epoch: 92 cost time: 1.0335006713867188
Epoch: 92, Steps: 34 | Train Loss: 0.0366586 Vali Loss: 0.3346578 Test Loss: 1.3927946
EarlyStopping counter: 75 out of 100
Updating learning rate to 0.0025
Epoch: 93 cost time: 1.022914171218872
Epoch: 93, Steps: 34 | Train Loss: 0.0376915 Vali Loss: 0.3576874 Test Loss: 1.3863344
EarlyStopping counter: 76 out of 100
Updating learning rate to 0.0025
Epoch: 94 cost time: 1.0219943523406982
Epoch: 94, Steps: 34 | Train Loss: 0.0377997 Vali Loss: 0.3297370 Test Loss: 1.3357623
EarlyStopping counter: 77 out of 100
Updating learning rate to 0.0025
Epoch: 95 cost time: 1.0117895603179932
Epoch: 95, Steps: 34 | Train Loss: 0.0383957 Vali Loss: 0.3678055 Test Loss: 1.4218024
EarlyStopping counter: 78 out of 100
Updating learning rate to 0.0025
Epoch: 96 cost time: 1.0079083442687988
Epoch: 96, Steps: 34 | Train Loss: 0.0373417 Vali Loss: 0.3369054 Test Loss: 1.3440831
EarlyStopping counter: 79 out of 100
Updating learning rate to 0.0025
Epoch: 97 cost time: 1.0097382068634033
Epoch: 97, Steps: 34 | Train Loss: 0.0355185 Vali Loss: 0.3105550 Test Loss: 1.3613012
EarlyStopping counter: 80 out of 100
Updating learning rate to 0.0025
Epoch: 98 cost time: 1.0238218307495117
Epoch: 98, Steps: 34 | Train Loss: 0.0345184 Vali Loss: 0.3112195 Test Loss: 1.4006206
EarlyStopping counter: 81 out of 100
Updating learning rate to 0.0025
Epoch: 99 cost time: 1.0227560997009277
Epoch: 99, Steps: 34 | Train Loss: 0.0349508 Vali Loss: 0.3769710 Test Loss: 1.4200869
EarlyStopping counter: 82 out of 100
Updating learning rate to 0.0025
Epoch: 100 cost time: 1.0334277153015137
Epoch: 100, Steps: 34 | Train Loss: 0.0380353 Vali Loss: 0.3402625 Test Loss: 1.3656638
EarlyStopping counter: 83 out of 100
Updating learning rate to 0.0025
>>>>>>>testing : NL_illness_cms3_lr0.00005_always_104_24_PatchTST_custom_ftM_sl104_ll48_pl24_dm16_nh4_el3_dl1_df128_fc1_ebtimeF_dtTruelr5e-05_polalways_Nested_Learning_0<<<<<<<<<<<<<<<<<<<<<<<<<<<<<<<<<
test 170
 Ejecutando Inferencia DINÁMICA (Nested Learning con cms3)
  -> Política: always | LR: 5e-05 | Target: head

RESUMEN: El CMS se actualizó 10 veces de 10 posibles.

mse:1.4170700311660767, mae:0.7596739530563354, rse:0.5744703412055969
Args in experiment:
Namespace(random_seed=2021, is_training=1, model_id='NL_illness_cms3_lr0.00005_always_104_36', model='PatchTST', data='custom', root_path='./dataset/', data_path='national_illness.csv', features='M', target='OT', freq='h', checkpoints='./checkpoints/', seq_len=104, label_len=48, pred_len=36, head_type='cms3', cms_lr=5e-05, update_policy='always', fc_dropout=0.3, head_dropout=0.0, patch_len=24, stride=2, padding_patch='end', revin=1, affine=0, subtract_last=0, decomposition=0, kernel_size=25, individual=0, embed_type=0, enc_in=7, dec_in=7, c_out=7, d_model=16, n_heads=4, e_layers=3, d_layers=1, d_ff=128, moving_avg=25, factor=1, distil=True, dropout=0.3, embed='timeF', activation='gelu', output_attention=False, do_predict=False, num_workers=0, itr=1, train_epochs=100, batch_size=16, patience=100, learning_rate=0.0025, des='Nested_Learning', loss='mse', lradj='constant', pct_start=0.3, use_amp=False, use_gpu=True, gpu=0, use_multi_gpu=False, devices='0,1,2,3', test_flop=False)
Use GPU: cuda:0
>>>>>>>start training : NL_illness_cms3_lr0.00005_always_104_36_PatchTST_custom_ftM_sl104_ll48_pl36_dm16_nh4_el3_dl1_df128_fc1_ebtimeF_dtTruelr5e-05_polalways_Nested_Learning_0>>>>>>>>>>>>>>>>>>>>>>>>>>
train 537
val 62
test 158
Epoch: 1 cost time: 1.6061885356903076
Epoch: 1, Steps: 33 | Train Loss: 0.9653034 Vali Loss: 0.3429242 Test Loss: 2.6551466
Validation loss decreased (inf --> 0.342924).  Saving model ...
Updating learning rate to 0.0025
Epoch: 2 cost time: 1.001633644104004
Epoch: 2, Steps: 33 | Train Loss: 0.8331232 Vali Loss: 0.4379365 Test Loss: 2.1328158
EarlyStopping counter: 1 out of 100
Updating learning rate to 0.0025
Epoch: 3 cost time: 0.9858934879302979
Epoch: 3, Steps: 33 | Train Loss: 0.5614489 Vali Loss: 0.3693179 Test Loss: 1.5301836
EarlyStopping counter: 2 out of 100
Updating learning rate to 0.0025
Epoch: 4 cost time: 0.9994978904724121
Epoch: 4, Steps: 33 | Train Loss: 0.4658669 Vali Loss: 0.2613695 Test Loss: 1.9053391
Validation loss decreased (0.342924 --> 0.261369).  Saving model ...
Updating learning rate to 0.0025
Epoch: 5 cost time: 1.0130743980407715
Epoch: 5, Steps: 33 | Train Loss: 0.3927916 Vali Loss: 0.2732877 Test Loss: 1.5438319
EarlyStopping counter: 1 out of 100
Updating learning rate to 0.0025
Epoch: 6 cost time: 1.000152587890625
Epoch: 6, Steps: 33 | Train Loss: 0.3557792 Vali Loss: 0.2803877 Test Loss: 1.7930158
EarlyStopping counter: 2 out of 100
Updating learning rate to 0.0025
Epoch: 7 cost time: 1.0151963233947754
Epoch: 7, Steps: 33 | Train Loss: 0.3040333 Vali Loss: 0.2733548 Test Loss: 1.9747164
EarlyStopping counter: 3 out of 100
Updating learning rate to 0.0025
Epoch: 8 cost time: 1.003601312637329
Epoch: 8, Steps: 33 | Train Loss: 0.2685922 Vali Loss: 0.2984915 Test Loss: 1.8466051
EarlyStopping counter: 4 out of 100
Updating learning rate to 0.0025
Epoch: 9 cost time: 1.0013008117675781
Epoch: 9, Steps: 33 | Train Loss: 0.2543414 Vali Loss: 0.2801729 Test Loss: 1.4442242
EarlyStopping counter: 5 out of 100
Updating learning rate to 0.0025
Epoch: 10 cost time: 0.987501859664917
Epoch: 10, Steps: 33 | Train Loss: 0.2374220 Vali Loss: 0.2365867 Test Loss: 1.2522533
Validation loss decreased (0.261369 --> 0.236587).  Saving model ...
Updating learning rate to 0.0025
Epoch: 11 cost time: 1.0077252388000488
Epoch: 11, Steps: 33 | Train Loss: 0.2242637 Vali Loss: 0.2960750 Test Loss: 1.8016404
EarlyStopping counter: 1 out of 100
Updating learning rate to 0.0025
Epoch: 12 cost time: 1.0146658420562744
Epoch: 12, Steps: 33 | Train Loss: 0.2070513 Vali Loss: 0.2917424 Test Loss: 1.3743625
EarlyStopping counter: 2 out of 100
Updating learning rate to 0.0025
Epoch: 13 cost time: 1.0066032409667969
Epoch: 13, Steps: 33 | Train Loss: 0.1827952 Vali Loss: 0.2897859 Test Loss: 1.5183972
EarlyStopping counter: 3 out of 100
Updating learning rate to 0.0025
Epoch: 14 cost time: 1.006397008895874
Epoch: 14, Steps: 33 | Train Loss: 0.1680797 Vali Loss: 0.2947131 Test Loss: 1.2386627
EarlyStopping counter: 4 out of 100
Updating learning rate to 0.0025
Epoch: 15 cost time: 0.9922642707824707
Epoch: 15, Steps: 33 | Train Loss: 0.1512988 Vali Loss: 0.2751069 Test Loss: 1.3416476
EarlyStopping counter: 5 out of 100
Updating learning rate to 0.0025
Epoch: 16 cost time: 1.0064573287963867
Epoch: 16, Steps: 33 | Train Loss: 0.1481178 Vali Loss: 0.2730086 Test Loss: 1.3999650
EarlyStopping counter: 6 out of 100
Updating learning rate to 0.0025
Epoch: 17 cost time: 0.9941701889038086
Epoch: 17, Steps: 33 | Train Loss: 0.1416314 Vali Loss: 0.2718003 Test Loss: 1.4815701
EarlyStopping counter: 7 out of 100
Updating learning rate to 0.0025
Epoch: 18 cost time: 0.9902122020721436
Epoch: 18, Steps: 33 | Train Loss: 0.1441843 Vali Loss: 0.2815211 Test Loss: 1.4134443
EarlyStopping counter: 8 out of 100
Updating learning rate to 0.0025
Epoch: 19 cost time: 0.9974408149719238
Epoch: 19, Steps: 33 | Train Loss: 0.1447763 Vali Loss: 0.2517114 Test Loss: 1.5113335
EarlyStopping counter: 9 out of 100
Updating learning rate to 0.0025
Epoch: 20 cost time: 0.9868192672729492
Epoch: 20, Steps: 33 | Train Loss: 0.1511023 Vali Loss: 0.2502518 Test Loss: 1.5134673
EarlyStopping counter: 10 out of 100
Updating learning rate to 0.0025
Epoch: 21 cost time: 0.9909965991973877
Epoch: 21, Steps: 33 | Train Loss: 0.1430312 Vali Loss: 0.2625112 Test Loss: 1.3581152
EarlyStopping counter: 11 out of 100
Updating learning rate to 0.0025
Epoch: 22 cost time: 1.0020811557769775
Epoch: 22, Steps: 33 | Train Loss: 0.1333512 Vali Loss: 0.2586460 Test Loss: 1.4769913
EarlyStopping counter: 12 out of 100
Updating learning rate to 0.0025
Epoch: 23 cost time: 1.004854679107666
Epoch: 23, Steps: 33 | Train Loss: 0.1262050 Vali Loss: 0.2763021 Test Loss: 1.5116611
EarlyStopping counter: 13 out of 100
Updating learning rate to 0.0025
Epoch: 24 cost time: 0.9904556274414062
Epoch: 24, Steps: 33 | Train Loss: 0.1164211 Vali Loss: 0.2752222 Test Loss: 1.4053799
EarlyStopping counter: 14 out of 100
Updating learning rate to 0.0025
Epoch: 25 cost time: 1.0029716491699219
Epoch: 25, Steps: 33 | Train Loss: 0.1129412 Vali Loss: 0.3251442 Test Loss: 1.3848220
EarlyStopping counter: 15 out of 100
Updating learning rate to 0.0025
Epoch: 26 cost time: 1.0003838539123535
Epoch: 26, Steps: 33 | Train Loss: 0.1070715 Vali Loss: 0.2628567 Test Loss: 1.4275107
EarlyStopping counter: 16 out of 100
Updating learning rate to 0.0025
Epoch: 27 cost time: 0.9989886283874512
Epoch: 27, Steps: 33 | Train Loss: 0.1007821 Vali Loss: 0.2858149 Test Loss: 1.3061880
EarlyStopping counter: 17 out of 100
Updating learning rate to 0.0025
Epoch: 28 cost time: 0.9989786148071289
Epoch: 28, Steps: 33 | Train Loss: 0.0992468 Vali Loss: 0.2747215 Test Loss: 1.4119563
EarlyStopping counter: 18 out of 100
Updating learning rate to 0.0025
Epoch: 29 cost time: 0.9829056262969971
Epoch: 29, Steps: 33 | Train Loss: 0.0994592 Vali Loss: 0.2834676 Test Loss: 1.5129859
EarlyStopping counter: 19 out of 100
Updating learning rate to 0.0025
Epoch: 30 cost time: 0.9795427322387695
Epoch: 30, Steps: 33 | Train Loss: 0.1004560 Vali Loss: 0.2763843 Test Loss: 1.3085663
EarlyStopping counter: 20 out of 100
Updating learning rate to 0.0025
Epoch: 31 cost time: 1.0003485679626465
Epoch: 31, Steps: 33 | Train Loss: 0.0942909 Vali Loss: 0.3103421 Test Loss: 1.3585826
EarlyStopping counter: 21 out of 100
Updating learning rate to 0.0025
Epoch: 32 cost time: 0.9914631843566895
Epoch: 32, Steps: 33 | Train Loss: 0.0930347 Vali Loss: 0.2947077 Test Loss: 1.4419568
EarlyStopping counter: 22 out of 100
Updating learning rate to 0.0025
Epoch: 33 cost time: 1.0128426551818848
Epoch: 33, Steps: 33 | Train Loss: 0.0891261 Vali Loss: 0.2536680 Test Loss: 1.4270993
EarlyStopping counter: 23 out of 100
Updating learning rate to 0.0025
Epoch: 34 cost time: 0.9836111068725586
Epoch: 34, Steps: 33 | Train Loss: 0.0870500 Vali Loss: 0.3093567 Test Loss: 1.5099792
EarlyStopping counter: 24 out of 100
Updating learning rate to 0.0025
Epoch: 35 cost time: 0.977769136428833
Epoch: 35, Steps: 33 | Train Loss: 0.0878403 Vali Loss: 0.3039825 Test Loss: 1.4544749
EarlyStopping counter: 25 out of 100
Updating learning rate to 0.0025
Epoch: 36 cost time: 0.9903466701507568
Epoch: 36, Steps: 33 | Train Loss: 0.0849183 Vali Loss: 0.3050621 Test Loss: 1.3362422
EarlyStopping counter: 26 out of 100
Updating learning rate to 0.0025
Epoch: 37 cost time: 1.0041253566741943
Epoch: 37, Steps: 33 | Train Loss: 0.0856620 Vali Loss: 0.3087101 Test Loss: 1.3762008
EarlyStopping counter: 27 out of 100
Updating learning rate to 0.0025
Epoch: 38 cost time: 0.9885296821594238
Epoch: 38, Steps: 33 | Train Loss: 0.0796422 Vali Loss: 0.3460587 Test Loss: 1.3310409
EarlyStopping counter: 28 out of 100
Updating learning rate to 0.0025
Epoch: 39 cost time: 0.9986224174499512
Epoch: 39, Steps: 33 | Train Loss: 0.0811660 Vali Loss: 0.3283980 Test Loss: 1.4476403
EarlyStopping counter: 29 out of 100
Updating learning rate to 0.0025
Epoch: 40 cost time: 0.9961209297180176
Epoch: 40, Steps: 33 | Train Loss: 0.0778712 Vali Loss: 0.3293830 Test Loss: 1.3693851
EarlyStopping counter: 30 out of 100
Updating learning rate to 0.0025
Epoch: 41 cost time: 1.0106990337371826
Epoch: 41, Steps: 33 | Train Loss: 0.0737318 Vali Loss: 0.3118134 Test Loss: 1.4124315
EarlyStopping counter: 31 out of 100
Updating learning rate to 0.0025
Epoch: 42 cost time: 1.009138822555542
Epoch: 42, Steps: 33 | Train Loss: 0.0748610 Vali Loss: 0.3215499 Test Loss: 1.3335967
EarlyStopping counter: 32 out of 100
Updating learning rate to 0.0025
Epoch: 43 cost time: 0.9976308345794678
Epoch: 43, Steps: 33 | Train Loss: 0.0746609 Vali Loss: 0.3134894 Test Loss: 1.3985776
EarlyStopping counter: 33 out of 100
Updating learning rate to 0.0025
Epoch: 44 cost time: 1.0079784393310547
Epoch: 44, Steps: 33 | Train Loss: 0.0757886 Vali Loss: 0.3097458 Test Loss: 1.3641065
EarlyStopping counter: 34 out of 100
Updating learning rate to 0.0025
Epoch: 45 cost time: 1.0105366706848145
Epoch: 45, Steps: 33 | Train Loss: 0.0812754 Vali Loss: 0.3063049 Test Loss: 1.4555675
EarlyStopping counter: 35 out of 100
Updating learning rate to 0.0025
Epoch: 46 cost time: 1.0011649131774902
Epoch: 46, Steps: 33 | Train Loss: 0.0822594 Vali Loss: 0.3293330 Test Loss: 1.3535848
EarlyStopping counter: 36 out of 100
Updating learning rate to 0.0025
Epoch: 47 cost time: 0.9924356937408447
Epoch: 47, Steps: 33 | Train Loss: 0.0780414 Vali Loss: 0.3411256 Test Loss: 1.4155608
EarlyStopping counter: 37 out of 100
Updating learning rate to 0.0025
Epoch: 48 cost time: 1.0039889812469482
Epoch: 48, Steps: 33 | Train Loss: 0.0758636 Vali Loss: 0.3456852 Test Loss: 1.4217024
EarlyStopping counter: 38 out of 100
Updating learning rate to 0.0025
Epoch: 49 cost time: 1.0023987293243408
Epoch: 49, Steps: 33 | Train Loss: 0.0709179 Vali Loss: 0.2999974 Test Loss: 1.3407165
EarlyStopping counter: 39 out of 100
Updating learning rate to 0.0025
Epoch: 50 cost time: 0.9921016693115234
Epoch: 50, Steps: 33 | Train Loss: 0.0695442 Vali Loss: 0.3427179 Test Loss: 1.4380856
EarlyStopping counter: 40 out of 100
Updating learning rate to 0.0025
Epoch: 51 cost time: 0.9926149845123291
Epoch: 51, Steps: 33 | Train Loss: 0.0694893 Vali Loss: 0.3112786 Test Loss: 1.3469020
EarlyStopping counter: 41 out of 100
Updating learning rate to 0.0025
Epoch: 52 cost time: 1.013984203338623
Epoch: 52, Steps: 33 | Train Loss: 0.0685172 Vali Loss: 0.3311506 Test Loss: 1.4590172
EarlyStopping counter: 42 out of 100
Updating learning rate to 0.0025
Epoch: 53 cost time: 0.9887051582336426
Epoch: 53, Steps: 33 | Train Loss: 0.0677065 Vali Loss: 0.3086311 Test Loss: 1.2558055
EarlyStopping counter: 43 out of 100
Updating learning rate to 0.0025
Epoch: 54 cost time: 1.0113778114318848
Epoch: 54, Steps: 33 | Train Loss: 0.0679680 Vali Loss: 0.3526798 Test Loss: 1.3827331
EarlyStopping counter: 44 out of 100
Updating learning rate to 0.0025
Epoch: 55 cost time: 0.9993231296539307
Epoch: 55, Steps: 33 | Train Loss: 0.0668877 Vali Loss: 0.3362637 Test Loss: 1.3388534
EarlyStopping counter: 45 out of 100
Updating learning rate to 0.0025
Epoch: 56 cost time: 0.9984297752380371
Epoch: 56, Steps: 33 | Train Loss: 0.0641793 Vali Loss: 0.3277875 Test Loss: 1.3521169
EarlyStopping counter: 46 out of 100
Updating learning rate to 0.0025
Epoch: 57 cost time: 0.9910616874694824
Epoch: 57, Steps: 33 | Train Loss: 0.0672666 Vali Loss: 0.3723027 Test Loss: 1.2701759
EarlyStopping counter: 47 out of 100
Updating learning rate to 0.0025
Epoch: 58 cost time: 1.0042040348052979
Epoch: 58, Steps: 33 | Train Loss: 0.0642312 Vali Loss: 0.3203789 Test Loss: 1.4495749
EarlyStopping counter: 48 out of 100
Updating learning rate to 0.0025
Epoch: 59 cost time: 1.0016200542449951
Epoch: 59, Steps: 33 | Train Loss: 0.0623307 Vali Loss: 0.3154826 Test Loss: 1.4459110
EarlyStopping counter: 49 out of 100
Updating learning rate to 0.0025
Epoch: 60 cost time: 1.0002281665802002
Epoch: 60, Steps: 33 | Train Loss: 0.0605486 Vali Loss: 0.3220689 Test Loss: 1.4021028
EarlyStopping counter: 50 out of 100
Updating learning rate to 0.0025
Epoch: 61 cost time: 0.9775989055633545
Epoch: 61, Steps: 33 | Train Loss: 0.0600305 Vali Loss: 0.3418853 Test Loss: 1.2600117
EarlyStopping counter: 51 out of 100
Updating learning rate to 0.0025
Epoch: 62 cost time: 1.0031471252441406
Epoch: 62, Steps: 33 | Train Loss: 0.0604554 Vali Loss: 0.3666830 Test Loss: 1.2716324
EarlyStopping counter: 52 out of 100
Updating learning rate to 0.0025
Epoch: 63 cost time: 0.9987754821777344
Epoch: 63, Steps: 33 | Train Loss: 0.0644261 Vali Loss: 0.3510910 Test Loss: 1.5025275
EarlyStopping counter: 53 out of 100
Updating learning rate to 0.0025
Epoch: 64 cost time: 1.0053296089172363
Epoch: 64, Steps: 33 | Train Loss: 0.0635055 Vali Loss: 0.3239857 Test Loss: 1.3327581
EarlyStopping counter: 54 out of 100
Updating learning rate to 0.0025
Epoch: 65 cost time: 0.9990921020507812
Epoch: 65, Steps: 33 | Train Loss: 0.0590407 Vali Loss: 0.3641205 Test Loss: 1.3267183
EarlyStopping counter: 55 out of 100
Updating learning rate to 0.0025
Epoch: 66 cost time: 0.9831762313842773
Epoch: 66, Steps: 33 | Train Loss: 0.0586964 Vali Loss: 0.3372779 Test Loss: 1.3945459
EarlyStopping counter: 56 out of 100
Updating learning rate to 0.0025
Epoch: 67 cost time: 0.9812166690826416
Epoch: 67, Steps: 33 | Train Loss: 0.0565405 Vali Loss: 0.2960190 Test Loss: 1.3851162
EarlyStopping counter: 57 out of 100
Updating learning rate to 0.0025
Epoch: 68 cost time: 1.004389762878418
Epoch: 68, Steps: 33 | Train Loss: 0.0594598 Vali Loss: 0.3418142 Test Loss: 1.3492146
EarlyStopping counter: 58 out of 100
Updating learning rate to 0.0025
Epoch: 69 cost time: 1.0110716819763184
Epoch: 69, Steps: 33 | Train Loss: 0.0597982 Vali Loss: 0.3386416 Test Loss: 1.4196861
EarlyStopping counter: 59 out of 100
Updating learning rate to 0.0025
Epoch: 70 cost time: 0.9998888969421387
Epoch: 70, Steps: 33 | Train Loss: 0.0630160 Vali Loss: 0.3394437 Test Loss: 1.3332394
EarlyStopping counter: 60 out of 100
Updating learning rate to 0.0025
Epoch: 71 cost time: 0.9960782527923584
Epoch: 71, Steps: 33 | Train Loss: 0.0608207 Vali Loss: 0.3463720 Test Loss: 1.2562788
EarlyStopping counter: 61 out of 100
Updating learning rate to 0.0025
Epoch: 72 cost time: 0.9813709259033203
Epoch: 72, Steps: 33 | Train Loss: 0.0590885 Vali Loss: 0.3655380 Test Loss: 1.3400329
EarlyStopping counter: 62 out of 100
Updating learning rate to 0.0025
Epoch: 73 cost time: 0.9772369861602783
Epoch: 73, Steps: 33 | Train Loss: 0.0558460 Vali Loss: 0.3411064 Test Loss: 1.4898740
EarlyStopping counter: 63 out of 100
Updating learning rate to 0.0025
Epoch: 74 cost time: 0.9972991943359375
Epoch: 74, Steps: 33 | Train Loss: 0.0565779 Vali Loss: 0.3347993 Test Loss: 1.3518634
EarlyStopping counter: 64 out of 100
Updating learning rate to 0.0025
Epoch: 75 cost time: 1.0021300315856934
Epoch: 75, Steps: 33 | Train Loss: 0.0558640 Vali Loss: 0.3174074 Test Loss: 1.3882481
EarlyStopping counter: 65 out of 100
Updating learning rate to 0.0025
Epoch: 76 cost time: 0.9989414215087891
Epoch: 76, Steps: 33 | Train Loss: 0.0533971 Vali Loss: 0.3275337 Test Loss: 1.4241033
EarlyStopping counter: 66 out of 100
Updating learning rate to 0.0025
Epoch: 77 cost time: 1.009648084640503
Epoch: 77, Steps: 33 | Train Loss: 0.0529312 Vali Loss: 0.3286262 Test Loss: 1.3587159
EarlyStopping counter: 67 out of 100
Updating learning rate to 0.0025
Epoch: 78 cost time: 1.0038621425628662
Epoch: 78, Steps: 33 | Train Loss: 0.0516597 Vali Loss: 0.3261962 Test Loss: 1.3860440
EarlyStopping counter: 68 out of 100
Updating learning rate to 0.0025
Epoch: 79 cost time: 1.0076870918273926
Epoch: 79, Steps: 33 | Train Loss: 0.0528636 Vali Loss: 0.3162431 Test Loss: 1.4267504
EarlyStopping counter: 69 out of 100
Updating learning rate to 0.0025
Epoch: 80 cost time: 0.995948314666748
Epoch: 80, Steps: 33 | Train Loss: 0.0521028 Vali Loss: 0.3351960 Test Loss: 1.3610005
EarlyStopping counter: 70 out of 100
Updating learning rate to 0.0025
Epoch: 81 cost time: 1.0139217376708984
Epoch: 81, Steps: 33 | Train Loss: 0.0507440 Vali Loss: 0.3461032 Test Loss: 1.3393738
EarlyStopping counter: 71 out of 100
Updating learning rate to 0.0025
Epoch: 82 cost time: 0.9987976551055908
Epoch: 82, Steps: 33 | Train Loss: 0.0526999 Vali Loss: 0.3780565 Test Loss: 1.2647915
EarlyStopping counter: 72 out of 100
Updating learning rate to 0.0025
Epoch: 83 cost time: 1.0026147365570068
Epoch: 83, Steps: 33 | Train Loss: 0.0504813 Vali Loss: 0.3634497 Test Loss: 1.4669380
EarlyStopping counter: 73 out of 100
Updating learning rate to 0.0025
Epoch: 84 cost time: 1.0107057094573975
Epoch: 84, Steps: 33 | Train Loss: 0.0505445 Vali Loss: 0.3379927 Test Loss: 1.3689424
EarlyStopping counter: 74 out of 100
Updating learning rate to 0.0025
Epoch: 85 cost time: 0.992272138595581
Epoch: 85, Steps: 33 | Train Loss: 0.0505487 Vali Loss: 0.3446923 Test Loss: 1.4697839
EarlyStopping counter: 75 out of 100
Updating learning rate to 0.0025
Epoch: 86 cost time: 1.0062904357910156
Epoch: 86, Steps: 33 | Train Loss: 0.0490548 Vali Loss: 0.3367828 Test Loss: 1.3096646
EarlyStopping counter: 76 out of 100
Updating learning rate to 0.0025
Epoch: 87 cost time: 1.0055949687957764
Epoch: 87, Steps: 33 | Train Loss: 0.0491445 Vali Loss: 0.3416155 Test Loss: 1.3769920
EarlyStopping counter: 77 out of 100
Updating learning rate to 0.0025
Epoch: 88 cost time: 0.9969077110290527
Epoch: 88, Steps: 33 | Train Loss: 0.0489247 Vali Loss: 0.3396579 Test Loss: 1.3690994
EarlyStopping counter: 78 out of 100
Updating learning rate to 0.0025
Epoch: 89 cost time: 0.9909448623657227
Epoch: 89, Steps: 33 | Train Loss: 0.0487238 Vali Loss: 0.3385058 Test Loss: 1.4156537
EarlyStopping counter: 79 out of 100
Updating learning rate to 0.0025
Epoch: 90 cost time: 0.998436450958252
Epoch: 90, Steps: 33 | Train Loss: 0.0488280 Vali Loss: 0.3002168 Test Loss: 1.3908325
EarlyStopping counter: 80 out of 100
Updating learning rate to 0.0025
Epoch: 91 cost time: 1.006317138671875
Epoch: 91, Steps: 33 | Train Loss: 0.0493107 Vali Loss: 0.3447336 Test Loss: 1.3766629
EarlyStopping counter: 81 out of 100
Updating learning rate to 0.0025
Epoch: 92 cost time: 1.0012695789337158
Epoch: 92, Steps: 33 | Train Loss: 0.0497625 Vali Loss: 0.3620036 Test Loss: 1.3624096
EarlyStopping counter: 82 out of 100
Updating learning rate to 0.0025
Epoch: 93 cost time: 0.9817500114440918
Epoch: 93, Steps: 33 | Train Loss: 0.0484105 Vali Loss: 0.3191831 Test Loss: 1.3597522
EarlyStopping counter: 83 out of 100
Updating learning rate to 0.0025
Epoch: 94 cost time: 1.0057942867279053
Epoch: 94, Steps: 33 | Train Loss: 0.0467265 Vali Loss: 0.3242673 Test Loss: 1.3360437
EarlyStopping counter: 84 out of 100
Updating learning rate to 0.0025
Epoch: 95 cost time: 1.014587163925171
Epoch: 95, Steps: 33 | Train Loss: 0.0454050 Vali Loss: 0.3719533 Test Loss: 1.3689371
EarlyStopping counter: 85 out of 100
Updating learning rate to 0.0025
Epoch: 96 cost time: 0.988358736038208
Epoch: 96, Steps: 33 | Train Loss: 0.0460663 Vali Loss: 0.3177181 Test Loss: 1.3978890
EarlyStopping counter: 86 out of 100
Updating learning rate to 0.0025
Epoch: 97 cost time: 1.0102856159210205
Epoch: 97, Steps: 33 | Train Loss: 0.0439580 Vali Loss: 0.3289213 Test Loss: 1.3867233
EarlyStopping counter: 87 out of 100
Updating learning rate to 0.0025
Epoch: 98 cost time: 1.0100862979888916
Epoch: 98, Steps: 33 | Train Loss: 0.0450926 Vali Loss: 0.3352334 Test Loss: 1.3557123
EarlyStopping counter: 88 out of 100
Updating learning rate to 0.0025
Epoch: 99 cost time: 0.9859247207641602
Epoch: 99, Steps: 33 | Train Loss: 0.0474177 Vali Loss: 0.3643223 Test Loss: 1.3043334
EarlyStopping counter: 89 out of 100
Updating learning rate to 0.0025
Epoch: 100 cost time: 0.9905073642730713
Epoch: 100, Steps: 33 | Train Loss: 0.0476588 Vali Loss: 0.3234380 Test Loss: 1.3705947
EarlyStopping counter: 90 out of 100
Updating learning rate to 0.0025
>>>>>>>testing : NL_illness_cms3_lr0.00005_always_104_36_PatchTST_custom_ftM_sl104_ll48_pl36_dm16_nh4_el3_dl1_df128_fc1_ebtimeF_dtTruelr5e-05_polalways_Nested_Learning_0<<<<<<<<<<<<<<<<<<<<<<<<<<<<<<<<<
test 158
 Ejecutando Inferencia DINÁMICA (Nested Learning con cms3)
  -> Política: always | LR: 5e-05 | Target: head

RESUMEN: El CMS se actualizó 9 veces de 9 posibles.

mse:1.2462440729141235, mae:0.7380357980728149, rse:0.5354113578796387
Args in experiment:
Namespace(random_seed=2021, is_training=1, model_id='NL_illness_cms3_lr0.00005_always_104_48', model='PatchTST', data='custom', root_path='./dataset/', data_path='national_illness.csv', features='M', target='OT', freq='h', checkpoints='./checkpoints/', seq_len=104, label_len=48, pred_len=48, head_type='cms3', cms_lr=5e-05, update_policy='always', fc_dropout=0.3, head_dropout=0.0, patch_len=24, stride=2, padding_patch='end', revin=1, affine=0, subtract_last=0, decomposition=0, kernel_size=25, individual=0, embed_type=0, enc_in=7, dec_in=7, c_out=7, d_model=16, n_heads=4, e_layers=3, d_layers=1, d_ff=128, moving_avg=25, factor=1, distil=True, dropout=0.3, embed='timeF', activation='gelu', output_attention=False, do_predict=False, num_workers=0, itr=1, train_epochs=100, batch_size=16, patience=100, learning_rate=0.0025, des='Nested_Learning', loss='mse', lradj='constant', pct_start=0.3, use_amp=False, use_gpu=True, gpu=0, use_multi_gpu=False, devices='0,1,2,3', test_flop=False)
Use GPU: cuda:0
>>>>>>>start training : NL_illness_cms3_lr0.00005_always_104_48_PatchTST_custom_ftM_sl104_ll48_pl48_dm16_nh4_el3_dl1_df128_fc1_ebtimeF_dtTruelr5e-05_polalways_Nested_Learning_0>>>>>>>>>>>>>>>>>>>>>>>>>>
train 525
val 50
test 146
Epoch: 1 cost time: 1.2355141639709473
Epoch: 1, Steps: 32 | Train Loss: 0.9882857 Vali Loss: 0.3338598 Test Loss: 2.7881956
Validation loss decreased (inf --> 0.333860).  Saving model ...
Updating learning rate to 0.0025
Epoch: 2 cost time: 0.9558207988739014
Epoch: 2, Steps: 32 | Train Loss: 0.8183994 Vali Loss: 0.3906509 Test Loss: 2.1701307
EarlyStopping counter: 1 out of 100
Updating learning rate to 0.0025
Epoch: 3 cost time: 0.9449193477630615
Epoch: 3, Steps: 32 | Train Loss: 0.5421053 Vali Loss: 0.2861815 Test Loss: 1.7448230
Validation loss decreased (0.333860 --> 0.286181).  Saving model ...
Updating learning rate to 0.0025
Epoch: 4 cost time: 0.950587272644043
Epoch: 4, Steps: 32 | Train Loss: 0.4776512 Vali Loss: 0.2659573 Test Loss: 1.8529290
Validation loss decreased (0.286181 --> 0.265957).  Saving model ...
Updating learning rate to 0.0025
Epoch: 5 cost time: 0.9692087173461914
Epoch: 5, Steps: 32 | Train Loss: 0.4251904 Vali Loss: 0.2523575 Test Loss: 1.8618382
Validation loss decreased (0.265957 --> 0.252358).  Saving model ...
Updating learning rate to 0.0025
Epoch: 6 cost time: 0.9415283203125
Epoch: 6, Steps: 32 | Train Loss: 0.3677517 Vali Loss: 0.2446722 Test Loss: 1.8274583
Validation loss decreased (0.252358 --> 0.244672).  Saving model ...
Updating learning rate to 0.0025
Epoch: 7 cost time: 0.958876371383667
Epoch: 7, Steps: 32 | Train Loss: 0.3435141 Vali Loss: 0.2293463 Test Loss: 1.6941056
Validation loss decreased (0.244672 --> 0.229346).  Saving model ...
Updating learning rate to 0.0025
Epoch: 8 cost time: 0.9625537395477295
Epoch: 8, Steps: 32 | Train Loss: 0.3089841 Vali Loss: 0.2659611 Test Loss: 1.6475972
EarlyStopping counter: 1 out of 100
Updating learning rate to 0.0025
Epoch: 9 cost time: 0.9289135932922363
Epoch: 9, Steps: 32 | Train Loss: 0.2695591 Vali Loss: 0.2262599 Test Loss: 1.7209573
Validation loss decreased (0.229346 --> 0.226260).  Saving model ...
Updating learning rate to 0.0025
Epoch: 10 cost time: 0.9591610431671143
Epoch: 10, Steps: 32 | Train Loss: 0.2562734 Vali Loss: 0.2593848 Test Loss: 1.7397946
EarlyStopping counter: 1 out of 100
Updating learning rate to 0.0025
Epoch: 11 cost time: 0.9513511657714844
Epoch: 11, Steps: 32 | Train Loss: 0.2549763 Vali Loss: 0.3270647 Test Loss: 2.0823905
EarlyStopping counter: 2 out of 100
Updating learning rate to 0.0025
Epoch: 12 cost time: 0.953702449798584
Epoch: 12, Steps: 32 | Train Loss: 0.2378481 Vali Loss: 0.2292501 Test Loss: 1.6119870
EarlyStopping counter: 3 out of 100
Updating learning rate to 0.0025
Epoch: 13 cost time: 0.9478292465209961
Epoch: 13, Steps: 32 | Train Loss: 0.2058054 Vali Loss: 0.2627572 Test Loss: 1.6871181
EarlyStopping counter: 4 out of 100
Updating learning rate to 0.0025
Epoch: 14 cost time: 0.957146167755127
Epoch: 14, Steps: 32 | Train Loss: 0.1859945 Vali Loss: 0.2536051 Test Loss: 1.6014911
EarlyStopping counter: 5 out of 100
Updating learning rate to 0.0025
Epoch: 15 cost time: 0.9545238018035889
Epoch: 15, Steps: 32 | Train Loss: 0.1790366 Vali Loss: 0.2715279 Test Loss: 1.6035528
EarlyStopping counter: 6 out of 100
Updating learning rate to 0.0025
Epoch: 16 cost time: 0.9511916637420654
Epoch: 16, Steps: 32 | Train Loss: 0.1742368 Vali Loss: 0.2360255 Test Loss: 1.4566443
EarlyStopping counter: 7 out of 100
Updating learning rate to 0.0025
Epoch: 17 cost time: 0.9491422176361084
Epoch: 17, Steps: 32 | Train Loss: 0.1657875 Vali Loss: 0.2489817 Test Loss: 1.7745641
EarlyStopping counter: 8 out of 100
Updating learning rate to 0.0025
Epoch: 18 cost time: 0.9564323425292969
Epoch: 18, Steps: 32 | Train Loss: 0.1612161 Vali Loss: 0.2703314 Test Loss: 1.6223925
EarlyStopping counter: 9 out of 100
Updating learning rate to 0.0025
Epoch: 19 cost time: 0.9384450912475586
Epoch: 19, Steps: 32 | Train Loss: 0.1508312 Vali Loss: 0.2606828 Test Loss: 1.5218632
EarlyStopping counter: 10 out of 100
Updating learning rate to 0.0025
Epoch: 20 cost time: 0.9414877891540527
Epoch: 20, Steps: 32 | Train Loss: 0.1425117 Vali Loss: 0.2458429 Test Loss: 1.5696160
EarlyStopping counter: 11 out of 100
Updating learning rate to 0.0025
Epoch: 21 cost time: 0.9409534931182861
Epoch: 21, Steps: 32 | Train Loss: 0.1352134 Vali Loss: 0.2883497 Test Loss: 1.4798273
EarlyStopping counter: 12 out of 100
Updating learning rate to 0.0025
Epoch: 22 cost time: 0.9413611888885498
Epoch: 22, Steps: 32 | Train Loss: 0.1227011 Vali Loss: 0.2546601 Test Loss: 1.6114475
EarlyStopping counter: 13 out of 100
Updating learning rate to 0.0025
Epoch: 23 cost time: 0.9619793891906738
Epoch: 23, Steps: 32 | Train Loss: 0.1219858 Vali Loss: 0.2573397 Test Loss: 1.5683672
EarlyStopping counter: 14 out of 100
Updating learning rate to 0.0025
Epoch: 24 cost time: 0.9478373527526855
Epoch: 24, Steps: 32 | Train Loss: 0.1206410 Vali Loss: 0.2833192 Test Loss: 1.5802952
EarlyStopping counter: 15 out of 100
Updating learning rate to 0.0025
Epoch: 25 cost time: 0.9639205932617188
Epoch: 25, Steps: 32 | Train Loss: 0.1165094 Vali Loss: 0.2823468 Test Loss: 1.5628262
EarlyStopping counter: 16 out of 100
Updating learning rate to 0.0025
Epoch: 26 cost time: 0.9555046558380127
Epoch: 26, Steps: 32 | Train Loss: 0.1126565 Vali Loss: 0.2532781 Test Loss: 1.5707800
EarlyStopping counter: 17 out of 100
Updating learning rate to 0.0025
Epoch: 27 cost time: 0.9395403861999512
Epoch: 27, Steps: 32 | Train Loss: 0.1084936 Vali Loss: 0.2875859 Test Loss: 1.5808578
EarlyStopping counter: 18 out of 100
Updating learning rate to 0.0025
Epoch: 28 cost time: 0.968001127243042
Epoch: 28, Steps: 32 | Train Loss: 0.1075462 Vali Loss: 0.2835003 Test Loss: 1.6543204
EarlyStopping counter: 19 out of 100
Updating learning rate to 0.0025
Epoch: 29 cost time: 0.9565627574920654
Epoch: 29, Steps: 32 | Train Loss: 0.1085745 Vali Loss: 0.3125568 Test Loss: 1.5659090
EarlyStopping counter: 20 out of 100
Updating learning rate to 0.0025
Epoch: 30 cost time: 0.9570331573486328
Epoch: 30, Steps: 32 | Train Loss: 0.1044442 Vali Loss: 0.2945738 Test Loss: 1.6799582
EarlyStopping counter: 21 out of 100
Updating learning rate to 0.0025
Epoch: 31 cost time: 0.9453318119049072
Epoch: 31, Steps: 32 | Train Loss: 0.1010292 Vali Loss: 0.2861777 Test Loss: 1.5944209
EarlyStopping counter: 22 out of 100
Updating learning rate to 0.0025
Epoch: 32 cost time: 0.9485971927642822
Epoch: 32, Steps: 32 | Train Loss: 0.0978782 Vali Loss: 0.2538608 Test Loss: 1.5878654
EarlyStopping counter: 23 out of 100
Updating learning rate to 0.0025
Epoch: 33 cost time: 0.9375526905059814
Epoch: 33, Steps: 32 | Train Loss: 0.1000583 Vali Loss: 0.2720383 Test Loss: 1.6973866
EarlyStopping counter: 24 out of 100
Updating learning rate to 0.0025
Epoch: 34 cost time: 0.9549434185028076
Epoch: 34, Steps: 32 | Train Loss: 0.0998948 Vali Loss: 0.2747554 Test Loss: 1.6234081
EarlyStopping counter: 25 out of 100
Updating learning rate to 0.0025
Epoch: 35 cost time: 0.9385323524475098
Epoch: 35, Steps: 32 | Train Loss: 0.0920741 Vali Loss: 0.3014316 Test Loss: 1.5740016
EarlyStopping counter: 26 out of 100
Updating learning rate to 0.0025
Epoch: 36 cost time: 0.9392876625061035
Epoch: 36, Steps: 32 | Train Loss: 0.0897788 Vali Loss: 0.2920522 Test Loss: 1.6555860
EarlyStopping counter: 27 out of 100
Updating learning rate to 0.0025
Epoch: 37 cost time: 0.9367005825042725
Epoch: 37, Steps: 32 | Train Loss: 0.0936508 Vali Loss: 0.2922038 Test Loss: 1.6865268
EarlyStopping counter: 28 out of 100
Updating learning rate to 0.0025
Epoch: 38 cost time: 0.9379925727844238
Epoch: 38, Steps: 32 | Train Loss: 0.0962249 Vali Loss: 0.3066377 Test Loss: 1.5702300
EarlyStopping counter: 29 out of 100
Updating learning rate to 0.0025
Epoch: 39 cost time: 0.9552397727966309
Epoch: 39, Steps: 32 | Train Loss: 0.0905928 Vali Loss: 0.2898121 Test Loss: 1.5898769
EarlyStopping counter: 30 out of 100
Updating learning rate to 0.0025
Epoch: 40 cost time: 0.9474940299987793
Epoch: 40, Steps: 32 | Train Loss: 0.0854991 Vali Loss: 0.2854669 Test Loss: 1.7315327
EarlyStopping counter: 31 out of 100
Updating learning rate to 0.0025
Epoch: 41 cost time: 0.9387903213500977
Epoch: 41, Steps: 32 | Train Loss: 0.0832236 Vali Loss: 0.2918223 Test Loss: 1.7254654
EarlyStopping counter: 32 out of 100
Updating learning rate to 0.0025
Epoch: 42 cost time: 0.9411039352416992
Epoch: 42, Steps: 32 | Train Loss: 0.0812405 Vali Loss: 0.3025213 Test Loss: 1.6685250
EarlyStopping counter: 33 out of 100
Updating learning rate to 0.0025
Epoch: 43 cost time: 0.9534618854522705
Epoch: 43, Steps: 32 | Train Loss: 0.0786360 Vali Loss: 0.2986526 Test Loss: 1.6037513
EarlyStopping counter: 34 out of 100
Updating learning rate to 0.0025
Epoch: 44 cost time: 0.9561119079589844
Epoch: 44, Steps: 32 | Train Loss: 0.0777923 Vali Loss: 0.2867051 Test Loss: 1.6450323
EarlyStopping counter: 35 out of 100
Updating learning rate to 0.0025
Epoch: 45 cost time: 0.9506082534790039
Epoch: 45, Steps: 32 | Train Loss: 0.0776301 Vali Loss: 0.2909638 Test Loss: 1.6678550
EarlyStopping counter: 36 out of 100
Updating learning rate to 0.0025
Epoch: 46 cost time: 0.9397449493408203
Epoch: 46, Steps: 32 | Train Loss: 0.0775458 Vali Loss: 0.3013868 Test Loss: 1.6512570
EarlyStopping counter: 37 out of 100
Updating learning rate to 0.0025
Epoch: 47 cost time: 0.9393637180328369
Epoch: 47, Steps: 32 | Train Loss: 0.0773745 Vali Loss: 0.2917699 Test Loss: 1.6961683
EarlyStopping counter: 38 out of 100
Updating learning rate to 0.0025
Epoch: 48 cost time: 0.9406006336212158
Epoch: 48, Steps: 32 | Train Loss: 0.0756377 Vali Loss: 0.2813547 Test Loss: 1.7051032
EarlyStopping counter: 39 out of 100
Updating learning rate to 0.0025
Epoch: 49 cost time: 0.9567768573760986
Epoch: 49, Steps: 32 | Train Loss: 0.0749026 Vali Loss: 0.2951640 Test Loss: 1.7021317
EarlyStopping counter: 40 out of 100
Updating learning rate to 0.0025
Epoch: 50 cost time: 0.9530632495880127
Epoch: 50, Steps: 32 | Train Loss: 0.0734024 Vali Loss: 0.2909156 Test Loss: 1.7007381
EarlyStopping counter: 41 out of 100
Updating learning rate to 0.0025
Epoch: 51 cost time: 0.9466516971588135
Epoch: 51, Steps: 32 | Train Loss: 0.0712306 Vali Loss: 0.2838863 Test Loss: 1.6570276
EarlyStopping counter: 42 out of 100
Updating learning rate to 0.0025
Epoch: 52 cost time: 0.956742525100708
Epoch: 52, Steps: 32 | Train Loss: 0.0714432 Vali Loss: 0.2774841 Test Loss: 1.6509335
EarlyStopping counter: 43 out of 100
Updating learning rate to 0.0025
Epoch: 53 cost time: 0.9372866153717041
Epoch: 53, Steps: 32 | Train Loss: 0.0719449 Vali Loss: 0.2983220 Test Loss: 1.7874323
EarlyStopping counter: 44 out of 100
Updating learning rate to 0.0025
Epoch: 54 cost time: 0.9397835731506348
Epoch: 54, Steps: 32 | Train Loss: 0.0691721 Vali Loss: 0.3193098 Test Loss: 1.7068083
EarlyStopping counter: 45 out of 100
Updating learning rate to 0.0025
Epoch: 55 cost time: 0.936363697052002
Epoch: 55, Steps: 32 | Train Loss: 0.0708834 Vali Loss: 0.3377960 Test Loss: 1.6790090
EarlyStopping counter: 46 out of 100
Updating learning rate to 0.0025
Epoch: 56 cost time: 0.9374492168426514
Epoch: 56, Steps: 32 | Train Loss: 0.0711459 Vali Loss: 0.3348645 Test Loss: 1.7715322
EarlyStopping counter: 47 out of 100
Updating learning rate to 0.0025
Epoch: 57 cost time: 0.9419906139373779
Epoch: 57, Steps: 32 | Train Loss: 0.0706793 Vali Loss: 0.3070077 Test Loss: 1.7574782
EarlyStopping counter: 48 out of 100
Updating learning rate to 0.0025
Epoch: 58 cost time: 0.966702938079834
Epoch: 58, Steps: 32 | Train Loss: 0.0719657 Vali Loss: 0.2948898 Test Loss: 1.6354972
EarlyStopping counter: 49 out of 100
Updating learning rate to 0.0025
Epoch: 59 cost time: 0.9554421901702881
Epoch: 59, Steps: 32 | Train Loss: 0.0708952 Vali Loss: 0.2778246 Test Loss: 1.7851592
EarlyStopping counter: 50 out of 100
Updating learning rate to 0.0025
Epoch: 60 cost time: 0.952488899230957
Epoch: 60, Steps: 32 | Train Loss: 0.0679697 Vali Loss: 0.3103451 Test Loss: 1.7567468
EarlyStopping counter: 51 out of 100
Updating learning rate to 0.0025
Epoch: 61 cost time: 0.9307632446289062
Epoch: 61, Steps: 32 | Train Loss: 0.0669559 Vali Loss: 0.2853589 Test Loss: 1.7744405
EarlyStopping counter: 52 out of 100
Updating learning rate to 0.0025
Epoch: 62 cost time: 0.9551844596862793
Epoch: 62, Steps: 32 | Train Loss: 0.0651287 Vali Loss: 0.3103255 Test Loss: 1.7369151
EarlyStopping counter: 53 out of 100
Updating learning rate to 0.0025
Epoch: 63 cost time: 0.9387962818145752
Epoch: 63, Steps: 32 | Train Loss: 0.0629213 Vali Loss: 0.3069154 Test Loss: 1.6863405
EarlyStopping counter: 54 out of 100
Updating learning rate to 0.0025
Epoch: 64 cost time: 0.9389224052429199
Epoch: 64, Steps: 32 | Train Loss: 0.0608856 Vali Loss: 0.2978473 Test Loss: 1.7652285
EarlyStopping counter: 55 out of 100
Updating learning rate to 0.0025
Epoch: 65 cost time: 0.9401290416717529
Epoch: 65, Steps: 32 | Train Loss: 0.0619677 Vali Loss: 0.2982507 Test Loss: 1.7163930
EarlyStopping counter: 56 out of 100
Updating learning rate to 0.0025
Epoch: 66 cost time: 0.9558031558990479
Epoch: 66, Steps: 32 | Train Loss: 0.0607151 Vali Loss: 0.2921145 Test Loss: 1.8068202
EarlyStopping counter: 57 out of 100
Updating learning rate to 0.0025
Epoch: 67 cost time: 0.9396018981933594
Epoch: 67, Steps: 32 | Train Loss: 0.0623600 Vali Loss: 0.2769194 Test Loss: 1.7659917
EarlyStopping counter: 58 out of 100
Updating learning rate to 0.0025
Epoch: 68 cost time: 0.9366495609283447
Epoch: 68, Steps: 32 | Train Loss: 0.0619686 Vali Loss: 0.3215521 Test Loss: 1.7369039
EarlyStopping counter: 59 out of 100
Updating learning rate to 0.0025
Epoch: 69 cost time: 0.9448666572570801
Epoch: 69, Steps: 32 | Train Loss: 0.0626360 Vali Loss: 0.2934313 Test Loss: 1.7810754
EarlyStopping counter: 60 out of 100
Updating learning rate to 0.0025
Epoch: 70 cost time: 0.941016435623169
Epoch: 70, Steps: 32 | Train Loss: 0.0639074 Vali Loss: 0.2905671 Test Loss: 1.8549936
EarlyStopping counter: 61 out of 100
Updating learning rate to 0.0025
Epoch: 71 cost time: 0.9554753303527832
Epoch: 71, Steps: 32 | Train Loss: 0.0615743 Vali Loss: 0.2855822 Test Loss: 1.7445256
EarlyStopping counter: 62 out of 100
Updating learning rate to 0.0025
Epoch: 72 cost time: 0.9363236427307129
Epoch: 72, Steps: 32 | Train Loss: 0.0632560 Vali Loss: 0.3152392 Test Loss: 1.8372892
EarlyStopping counter: 63 out of 100
Updating learning rate to 0.0025
Epoch: 73 cost time: 0.9394874572753906
Epoch: 73, Steps: 32 | Train Loss: 0.0654528 Vali Loss: 0.3021270 Test Loss: 1.7577938
EarlyStopping counter: 64 out of 100
Updating learning rate to 0.0025
Epoch: 74 cost time: 0.960261344909668
Epoch: 74, Steps: 32 | Train Loss: 0.0625139 Vali Loss: 0.2891266 Test Loss: 1.7703586
EarlyStopping counter: 65 out of 100
Updating learning rate to 0.0025
Epoch: 75 cost time: 0.9361870288848877
Epoch: 75, Steps: 32 | Train Loss: 0.0610107 Vali Loss: 0.2871909 Test Loss: 1.7905383
EarlyStopping counter: 66 out of 100
Updating learning rate to 0.0025
Epoch: 76 cost time: 0.940176248550415
Epoch: 76, Steps: 32 | Train Loss: 0.0593144 Vali Loss: 0.3244186 Test Loss: 1.6954075
EarlyStopping counter: 67 out of 100
Updating learning rate to 0.0025
Epoch: 77 cost time: 0.938478946685791
Epoch: 77, Steps: 32 | Train Loss: 0.0571585 Vali Loss: 0.2945514 Test Loss: 1.7661691
EarlyStopping counter: 68 out of 100
Updating learning rate to 0.0025
Epoch: 78 cost time: 0.9514296054840088
Epoch: 78, Steps: 32 | Train Loss: 0.0542004 Vali Loss: 0.3131339 Test Loss: 1.7386237
EarlyStopping counter: 69 out of 100
Updating learning rate to 0.0025
Epoch: 79 cost time: 0.9449188709259033
Epoch: 79, Steps: 32 | Train Loss: 0.0566508 Vali Loss: 0.3387136 Test Loss: 1.7802522
EarlyStopping counter: 70 out of 100
Updating learning rate to 0.0025
Epoch: 80 cost time: 0.9367501735687256
Epoch: 80, Steps: 32 | Train Loss: 0.0573680 Vali Loss: 0.3035648 Test Loss: 1.7701147
EarlyStopping counter: 71 out of 100
Updating learning rate to 0.0025
Epoch: 81 cost time: 0.9330282211303711
Epoch: 81, Steps: 32 | Train Loss: 0.0558320 Vali Loss: 0.2823938 Test Loss: 1.6960977
EarlyStopping counter: 72 out of 100
Updating learning rate to 0.0025
Epoch: 82 cost time: 0.9521372318267822
Epoch: 82, Steps: 32 | Train Loss: 0.0558630 Vali Loss: 0.3311740 Test Loss: 1.7097863
EarlyStopping counter: 73 out of 100
Updating learning rate to 0.0025
Epoch: 83 cost time: 0.9567053318023682
Epoch: 83, Steps: 32 | Train Loss: 0.0557075 Vali Loss: 0.2935075 Test Loss: 1.7926772
EarlyStopping counter: 74 out of 100
Updating learning rate to 0.0025
Epoch: 84 cost time: 0.9484593868255615
Epoch: 84, Steps: 32 | Train Loss: 0.0524546 Vali Loss: 0.3217718 Test Loss: 1.7362208
EarlyStopping counter: 75 out of 100
Updating learning rate to 0.0025
Epoch: 85 cost time: 0.9519574642181396
Epoch: 85, Steps: 32 | Train Loss: 0.0510281 Vali Loss: 0.3090825 Test Loss: 1.7554768
EarlyStopping counter: 76 out of 100
Updating learning rate to 0.0025
Epoch: 86 cost time: 0.9519484043121338
Epoch: 86, Steps: 32 | Train Loss: 0.0519164 Vali Loss: 0.2978682 Test Loss: 1.7468745
EarlyStopping counter: 77 out of 100
Updating learning rate to 0.0025
Epoch: 87 cost time: 0.9481241703033447
Epoch: 87, Steps: 32 | Train Loss: 0.0526102 Vali Loss: 0.2986610 Test Loss: 1.8047919
EarlyStopping counter: 78 out of 100
Updating learning rate to 0.0025
Epoch: 88 cost time: 0.935476541519165
Epoch: 88, Steps: 32 | Train Loss: 0.0512994 Vali Loss: 0.3204199 Test Loss: 1.7278157
EarlyStopping counter: 79 out of 100
Updating learning rate to 0.0025
Epoch: 89 cost time: 0.9427285194396973
Epoch: 89, Steps: 32 | Train Loss: 0.0507003 Vali Loss: 0.2865719 Test Loss: 1.8515714
EarlyStopping counter: 80 out of 100
Updating learning rate to 0.0025
Epoch: 90 cost time: 0.9516727924346924
Epoch: 90, Steps: 32 | Train Loss: 0.0493647 Vali Loss: 0.2953529 Test Loss: 1.7714720
EarlyStopping counter: 81 out of 100
Updating learning rate to 0.0025
Epoch: 91 cost time: 0.9356567859649658
Epoch: 91, Steps: 32 | Train Loss: 0.0506619 Vali Loss: 0.3070459 Test Loss: 1.7080870
EarlyStopping counter: 82 out of 100
Updating learning rate to 0.0025
Epoch: 92 cost time: 0.938119649887085
Epoch: 92, Steps: 32 | Train Loss: 0.0498834 Vali Loss: 0.2907672 Test Loss: 1.8086734
EarlyStopping counter: 83 out of 100
Updating learning rate to 0.0025
Epoch: 93 cost time: 0.9398753643035889
Epoch: 93, Steps: 32 | Train Loss: 0.0493995 Vali Loss: 0.3005440 Test Loss: 1.8563353
EarlyStopping counter: 84 out of 100
Updating learning rate to 0.0025
Epoch: 94 cost time: 0.946998119354248
Epoch: 94, Steps: 32 | Train Loss: 0.0495466 Vali Loss: 0.3172745 Test Loss: 1.6874697
EarlyStopping counter: 85 out of 100
Updating learning rate to 0.0025
Epoch: 95 cost time: 0.9481513500213623
Epoch: 95, Steps: 32 | Train Loss: 0.0488720 Vali Loss: 0.3103521 Test Loss: 1.7852285
EarlyStopping counter: 86 out of 100
Updating learning rate to 0.0025
Epoch: 96 cost time: 0.9557235240936279
Epoch: 96, Steps: 32 | Train Loss: 0.0506704 Vali Loss: 0.2950848 Test Loss: 1.7877278
EarlyStopping counter: 87 out of 100
Updating learning rate to 0.0025
Epoch: 97 cost time: 0.9373149871826172
Epoch: 97, Steps: 32 | Train Loss: 0.0501141 Vali Loss: 0.3081716 Test Loss: 1.7783998
EarlyStopping counter: 88 out of 100
Updating learning rate to 0.0025
Epoch: 98 cost time: 0.9377551078796387
Epoch: 98, Steps: 32 | Train Loss: 0.0485145 Vali Loss: 0.3127629 Test Loss: 1.7643011
EarlyStopping counter: 89 out of 100
Updating learning rate to 0.0025
Epoch: 99 cost time: 0.9506816864013672
Epoch: 99, Steps: 32 | Train Loss: 0.0473680 Vali Loss: 0.3016908 Test Loss: 1.7753857
EarlyStopping counter: 90 out of 100
Updating learning rate to 0.0025
Epoch: 100 cost time: 0.9393486976623535
Epoch: 100, Steps: 32 | Train Loss: 0.0461024 Vali Loss: 0.2841902 Test Loss: 1.7947450
EarlyStopping counter: 91 out of 100
Updating learning rate to 0.0025
>>>>>>>testing : NL_illness_cms3_lr0.00005_always_104_48_PatchTST_custom_ftM_sl104_ll48_pl48_dm16_nh4_el3_dl1_df128_fc1_ebtimeF_dtTruelr5e-05_polalways_Nested_Learning_0<<<<<<<<<<<<<<<<<<<<<<<<<<<<<<<<<
test 146
 Ejecutando Inferencia DINÁMICA (Nested Learning con cms3)
  -> Política: always | LR: 5e-05 | Target: head

RESUMEN: El CMS se actualizó 9 veces de 9 posibles.

mse:1.7168737649917603, mae:0.8588067889213562, rse:0.6267915964126587
Args in experiment:
Namespace(random_seed=2021, is_training=1, model_id='NL_illness_cms3_lr0.00005_always_104_60', model='PatchTST', data='custom', root_path='./dataset/', data_path='national_illness.csv', features='M', target='OT', freq='h', checkpoints='./checkpoints/', seq_len=104, label_len=48, pred_len=60, head_type='cms3', cms_lr=5e-05, update_policy='always', fc_dropout=0.3, head_dropout=0.0, patch_len=24, stride=2, padding_patch='end', revin=1, affine=0, subtract_last=0, decomposition=0, kernel_size=25, individual=0, embed_type=0, enc_in=7, dec_in=7, c_out=7, d_model=16, n_heads=4, e_layers=3, d_layers=1, d_ff=128, moving_avg=25, factor=1, distil=True, dropout=0.3, embed='timeF', activation='gelu', output_attention=False, do_predict=False, num_workers=0, itr=1, train_epochs=100, batch_size=16, patience=100, learning_rate=0.0025, des='Nested_Learning', loss='mse', lradj='constant', pct_start=0.3, use_amp=False, use_gpu=True, gpu=0, use_multi_gpu=False, devices='0,1,2,3', test_flop=False)
Use GPU: cuda:0
>>>>>>>start training : NL_illness_cms3_lr0.00005_always_104_60_PatchTST_custom_ftM_sl104_ll48_pl60_dm16_nh4_el3_dl1_df128_fc1_ebtimeF_dtTruelr5e-05_polalways_Nested_Learning_0>>>>>>>>>>>>>>>>>>>>>>>>>>
train 513
val 38
test 134
Epoch: 1 cost time: 1.2274925708770752
Epoch: 1, Steps: 32 | Train Loss: 1.0016278 Vali Loss: 0.3634233 Test Loss: 2.8468959
Validation loss decreased (inf --> 0.363423).  Saving model ...
Updating learning rate to 0.0025
Epoch: 2 cost time: 0.9613194465637207
Epoch: 2, Steps: 32 | Train Loss: 0.8312474 Vali Loss: 0.5281738 Test Loss: 1.8571945
EarlyStopping counter: 1 out of 100
Updating learning rate to 0.0025
Epoch: 3 cost time: 0.9585075378417969
Epoch: 3, Steps: 32 | Train Loss: 0.5680444 Vali Loss: 0.3469990 Test Loss: 1.9099303
Validation loss decreased (0.363423 --> 0.346999).  Saving model ...
Updating learning rate to 0.0025
Epoch: 4 cost time: 0.9500150680541992
Epoch: 4, Steps: 32 | Train Loss: 0.4918173 Vali Loss: 0.3116452 Test Loss: 1.8772619
Validation loss decreased (0.346999 --> 0.311645).  Saving model ...
Updating learning rate to 0.0025
Epoch: 5 cost time: 0.9773740768432617
Epoch: 5, Steps: 32 | Train Loss: 0.4372299 Vali Loss: 0.2730511 Test Loss: 2.0654230
Validation loss decreased (0.311645 --> 0.273051).  Saving model ...
Updating learning rate to 0.0025
Epoch: 6 cost time: 0.968804121017456
Epoch: 6, Steps: 32 | Train Loss: 0.3964193 Vali Loss: 0.2802191 Test Loss: 1.8649154
EarlyStopping counter: 1 out of 100
Updating learning rate to 0.0025
Epoch: 7 cost time: 0.9716060161590576
Epoch: 7, Steps: 32 | Train Loss: 0.3430312 Vali Loss: 0.2580347 Test Loss: 1.9784058
Validation loss decreased (0.273051 --> 0.258035).  Saving model ...
Updating learning rate to 0.0025
Epoch: 8 cost time: 0.985283613204956
Epoch: 8, Steps: 32 | Train Loss: 0.3170632 Vali Loss: 0.2365605 Test Loss: 1.6402053
Validation loss decreased (0.258035 --> 0.236561).  Saving model ...
Updating learning rate to 0.0025
Epoch: 9 cost time: 0.9772717952728271
Epoch: 9, Steps: 32 | Train Loss: 0.2768982 Vali Loss: 0.2559555 Test Loss: 1.5216236
EarlyStopping counter: 1 out of 100
Updating learning rate to 0.0025
Epoch: 10 cost time: 0.9591565132141113
Epoch: 10, Steps: 32 | Train Loss: 0.2577379 Vali Loss: 0.2572628 Test Loss: 1.4709575
EarlyStopping counter: 2 out of 100
Updating learning rate to 0.0025
Epoch: 11 cost time: 0.9742879867553711
Epoch: 11, Steps: 32 | Train Loss: 0.2469690 Vali Loss: 0.2438169 Test Loss: 1.4969807
EarlyStopping counter: 3 out of 100
Updating learning rate to 0.0025
Epoch: 12 cost time: 0.9633224010467529
Epoch: 12, Steps: 32 | Train Loss: 0.2210190 Vali Loss: 0.2633377 Test Loss: 1.3307838
EarlyStopping counter: 4 out of 100
Updating learning rate to 0.0025
Epoch: 13 cost time: 0.9767401218414307
Epoch: 13, Steps: 32 | Train Loss: 0.2024912 Vali Loss: 0.3077735 Test Loss: 1.5496697
EarlyStopping counter: 5 out of 100
Updating learning rate to 0.0025
Epoch: 14 cost time: 0.9567623138427734
Epoch: 14, Steps: 32 | Train Loss: 0.1835417 Vali Loss: 0.2625272 Test Loss: 1.3098977
EarlyStopping counter: 6 out of 100
Updating learning rate to 0.0025
Epoch: 15 cost time: 0.9707071781158447
Epoch: 15, Steps: 32 | Train Loss: 0.1794638 Vali Loss: 0.2949496 Test Loss: 1.4404578
EarlyStopping counter: 7 out of 100
Updating learning rate to 0.0025
Epoch: 16 cost time: 0.9671807289123535
Epoch: 16, Steps: 32 | Train Loss: 0.1674332 Vali Loss: 0.3087603 Test Loss: 1.4307656
EarlyStopping counter: 8 out of 100
Updating learning rate to 0.0025
Epoch: 17 cost time: 0.9500823020935059
Epoch: 17, Steps: 32 | Train Loss: 0.1636597 Vali Loss: 0.2993587 Test Loss: 1.3128829
EarlyStopping counter: 9 out of 100
Updating learning rate to 0.0025
Epoch: 18 cost time: 0.966986894607544
Epoch: 18, Steps: 32 | Train Loss: 0.1541288 Vali Loss: 0.3275496 Test Loss: 1.3166368
EarlyStopping counter: 10 out of 100
Updating learning rate to 0.0025
Epoch: 19 cost time: 0.9682440757751465
Epoch: 19, Steps: 32 | Train Loss: 0.1497328 Vali Loss: 0.2599924 Test Loss: 1.4514042
EarlyStopping counter: 11 out of 100
Updating learning rate to 0.0025
Epoch: 20 cost time: 0.9726364612579346
Epoch: 20, Steps: 32 | Train Loss: 0.1449367 Vali Loss: 0.2917222 Test Loss: 1.4140372
EarlyStopping counter: 12 out of 100
Updating learning rate to 0.0025
Epoch: 21 cost time: 0.9686989784240723
Epoch: 21, Steps: 32 | Train Loss: 0.1448290 Vali Loss: 0.2647543 Test Loss: 1.3590012
EarlyStopping counter: 13 out of 100
Updating learning rate to 0.0025
Epoch: 22 cost time: 0.9760334491729736
Epoch: 22, Steps: 32 | Train Loss: 0.1376475 Vali Loss: 0.2788376 Test Loss: 1.3650417
EarlyStopping counter: 14 out of 100
Updating learning rate to 0.0025
Epoch: 23 cost time: 0.9558780193328857
Epoch: 23, Steps: 32 | Train Loss: 0.1304038 Vali Loss: 0.3069963 Test Loss: 1.3851664
EarlyStopping counter: 15 out of 100
Updating learning rate to 0.0025
Epoch: 24 cost time: 0.9380583763122559
Epoch: 24, Steps: 32 | Train Loss: 0.1280136 Vali Loss: 0.3099895 Test Loss: 1.3552296
EarlyStopping counter: 16 out of 100
Updating learning rate to 0.0025
Epoch: 25 cost time: 0.946807861328125
Epoch: 25, Steps: 32 | Train Loss: 0.1250631 Vali Loss: 0.3159363 Test Loss: 1.3851440
EarlyStopping counter: 17 out of 100
Updating learning rate to 0.0025
Epoch: 26 cost time: 0.9495656490325928
Epoch: 26, Steps: 32 | Train Loss: 0.1167138 Vali Loss: 0.3022320 Test Loss: 1.3455244
EarlyStopping counter: 18 out of 100
Updating learning rate to 0.0025
Epoch: 27 cost time: 0.9377925395965576
Epoch: 27, Steps: 32 | Train Loss: 0.1139360 Vali Loss: 0.3067890 Test Loss: 1.3670070
EarlyStopping counter: 19 out of 100
Updating learning rate to 0.0025
Epoch: 28 cost time: 0.9634897708892822
Epoch: 28, Steps: 32 | Train Loss: 0.1110607 Vali Loss: 0.3064294 Test Loss: 1.3757725
EarlyStopping counter: 20 out of 100
Updating learning rate to 0.0025
Epoch: 29 cost time: 0.9586257934570312
Epoch: 29, Steps: 32 | Train Loss: 0.1070048 Vali Loss: 0.3543399 Test Loss: 1.4043598
EarlyStopping counter: 21 out of 100
Updating learning rate to 0.0025
Epoch: 30 cost time: 0.9564685821533203
Epoch: 30, Steps: 32 | Train Loss: 0.1026379 Vali Loss: 0.3211603 Test Loss: 1.3325253
EarlyStopping counter: 22 out of 100
Updating learning rate to 0.0025
Epoch: 31 cost time: 0.9472470283508301
Epoch: 31, Steps: 32 | Train Loss: 0.1006431 Vali Loss: 0.3242074 Test Loss: 1.4036226
EarlyStopping counter: 23 out of 100
Updating learning rate to 0.0025
Epoch: 32 cost time: 0.9640958309173584
Epoch: 32, Steps: 32 | Train Loss: 0.0998088 Vali Loss: 0.3173631 Test Loss: 1.3770421
EarlyStopping counter: 24 out of 100
Updating learning rate to 0.0025
Epoch: 33 cost time: 0.9735317230224609
Epoch: 33, Steps: 32 | Train Loss: 0.0981603 Vali Loss: 0.2970771 Test Loss: 1.4146229
EarlyStopping counter: 25 out of 100
Updating learning rate to 0.0025
Epoch: 34 cost time: 0.9635043144226074
Epoch: 34, Steps: 32 | Train Loss: 0.0946228 Vali Loss: 0.3299949 Test Loss: 1.4337482
EarlyStopping counter: 26 out of 100
Updating learning rate to 0.0025
Epoch: 35 cost time: 0.964360237121582
Epoch: 35, Steps: 32 | Train Loss: 0.0953660 Vali Loss: 0.3041222 Test Loss: 1.3876494
EarlyStopping counter: 27 out of 100
Updating learning rate to 0.0025
Epoch: 36 cost time: 0.972506046295166
Epoch: 36, Steps: 32 | Train Loss: 0.0920253 Vali Loss: 0.3020171 Test Loss: 1.3838757
EarlyStopping counter: 28 out of 100
Updating learning rate to 0.0025
Epoch: 37 cost time: 0.9663476943969727
Epoch: 37, Steps: 32 | Train Loss: 0.0923588 Vali Loss: 0.3638190 Test Loss: 1.3736581
EarlyStopping counter: 29 out of 100
Updating learning rate to 0.0025
Epoch: 38 cost time: 0.9569928646087646
Epoch: 38, Steps: 32 | Train Loss: 0.0898262 Vali Loss: 0.3408718 Test Loss: 1.3806443
EarlyStopping counter: 30 out of 100
Updating learning rate to 0.0025
Epoch: 39 cost time: 0.9636995792388916
Epoch: 39, Steps: 32 | Train Loss: 0.0904319 Vali Loss: 0.3170732 Test Loss: 1.4710307
EarlyStopping counter: 31 out of 100
Updating learning rate to 0.0025
Epoch: 40 cost time: 0.9638211727142334
Epoch: 40, Steps: 32 | Train Loss: 0.0867490 Vali Loss: 0.3560289 Test Loss: 1.3417395
EarlyStopping counter: 32 out of 100
Updating learning rate to 0.0025
Epoch: 41 cost time: 0.9739606380462646
Epoch: 41, Steps: 32 | Train Loss: 0.0829614 Vali Loss: 0.3292650 Test Loss: 1.3819549
EarlyStopping counter: 33 out of 100
Updating learning rate to 0.0025
Epoch: 42 cost time: 0.9570121765136719
Epoch: 42, Steps: 32 | Train Loss: 0.0829245 Vali Loss: 0.3209904 Test Loss: 1.3732680
EarlyStopping counter: 34 out of 100
Updating learning rate to 0.0025
Epoch: 43 cost time: 0.9589643478393555
Epoch: 43, Steps: 32 | Train Loss: 0.0808451 Vali Loss: 0.3402290 Test Loss: 1.4031752
EarlyStopping counter: 35 out of 100
Updating learning rate to 0.0025
Epoch: 44 cost time: 0.9525716304779053
Epoch: 44, Steps: 32 | Train Loss: 0.0824608 Vali Loss: 0.3421910 Test Loss: 1.3791443
EarlyStopping counter: 36 out of 100
Updating learning rate to 0.0025
Epoch: 45 cost time: 0.9506158828735352
Epoch: 45, Steps: 32 | Train Loss: 0.0826252 Vali Loss: 0.3053121 Test Loss: 1.4342257
EarlyStopping counter: 37 out of 100
Updating learning rate to 0.0025
Epoch: 46 cost time: 0.9419920444488525
Epoch: 46, Steps: 32 | Train Loss: 0.0805516 Vali Loss: 0.3206989 Test Loss: 1.4353588
EarlyStopping counter: 38 out of 100
Updating learning rate to 0.0025
Epoch: 47 cost time: 0.953824520111084
Epoch: 47, Steps: 32 | Train Loss: 0.0791385 Vali Loss: 0.3327471 Test Loss: 1.3865119
EarlyStopping counter: 39 out of 100
Updating learning rate to 0.0025
Epoch: 48 cost time: 0.9290244579315186
Epoch: 48, Steps: 32 | Train Loss: 0.0761956 Vali Loss: 0.3311485 Test Loss: 1.4495614
EarlyStopping counter: 40 out of 100
Updating learning rate to 0.0025
Epoch: 49 cost time: 0.9272193908691406
Epoch: 49, Steps: 32 | Train Loss: 0.0753667 Vali Loss: 0.3158617 Test Loss: 1.4246933
EarlyStopping counter: 41 out of 100
Updating learning rate to 0.0025
Epoch: 50 cost time: 0.9389793872833252
Epoch: 50, Steps: 32 | Train Loss: 0.0729341 Vali Loss: 0.3188707 Test Loss: 1.4229181
EarlyStopping counter: 42 out of 100
Updating learning rate to 0.0025
Epoch: 51 cost time: 0.9387755393981934
Epoch: 51, Steps: 32 | Train Loss: 0.0708842 Vali Loss: 0.3463822 Test Loss: 1.4527029
EarlyStopping counter: 43 out of 100
Updating learning rate to 0.0025
Epoch: 52 cost time: 0.8987090587615967
Epoch: 52, Steps: 32 | Train Loss: 0.0714603 Vali Loss: 0.3219335 Test Loss: 1.4504018
EarlyStopping counter: 44 out of 100
Updating learning rate to 0.0025
Epoch: 53 cost time: 0.9276142120361328
Epoch: 53, Steps: 32 | Train Loss: 0.0723956 Vali Loss: 0.3449953 Test Loss: 1.3900230
EarlyStopping counter: 45 out of 100
Updating learning rate to 0.0025
Epoch: 54 cost time: 0.9502313137054443
Epoch: 54, Steps: 32 | Train Loss: 0.0717716 Vali Loss: 0.3255979 Test Loss: 1.4135544
EarlyStopping counter: 46 out of 100
Updating learning rate to 0.0025
Epoch: 55 cost time: 0.9375216960906982
Epoch: 55, Steps: 32 | Train Loss: 0.0705357 Vali Loss: 0.3474858 Test Loss: 1.4739087
EarlyStopping counter: 47 out of 100
Updating learning rate to 0.0025
Epoch: 56 cost time: 0.9468581676483154
Epoch: 56, Steps: 32 | Train Loss: 0.0725420 Vali Loss: 0.2911583 Test Loss: 1.6031005
EarlyStopping counter: 48 out of 100
Updating learning rate to 0.0025
Epoch: 57 cost time: 0.9295680522918701
Epoch: 57, Steps: 32 | Train Loss: 0.0722471 Vali Loss: 0.3293148 Test Loss: 1.4584420
EarlyStopping counter: 49 out of 100
Updating learning rate to 0.0025
Epoch: 58 cost time: 0.9391679763793945
Epoch: 58, Steps: 32 | Train Loss: 0.0722382 Vali Loss: 0.3269047 Test Loss: 1.5013690
EarlyStopping counter: 50 out of 100
Updating learning rate to 0.0025
Epoch: 59 cost time: 0.9375414848327637
Epoch: 59, Steps: 32 | Train Loss: 0.0679859 Vali Loss: 0.3400348 Test Loss: 1.4332901
EarlyStopping counter: 51 out of 100
Updating learning rate to 0.0025
Epoch: 60 cost time: 0.9380042552947998
Epoch: 60, Steps: 32 | Train Loss: 0.0670689 Vali Loss: 0.3183207 Test Loss: 1.5186830
EarlyStopping counter: 52 out of 100
Updating learning rate to 0.0025
Epoch: 61 cost time: 0.9171626567840576
Epoch: 61, Steps: 32 | Train Loss: 0.0648558 Vali Loss: 0.3185467 Test Loss: 1.4189718
EarlyStopping counter: 53 out of 100
Updating learning rate to 0.0025
Epoch: 62 cost time: 0.9397287368774414
Epoch: 62, Steps: 32 | Train Loss: 0.0628540 Vali Loss: 0.3364501 Test Loss: 1.4677179
EarlyStopping counter: 54 out of 100
Updating learning rate to 0.0025
Epoch: 63 cost time: 0.9379773139953613
Epoch: 63, Steps: 32 | Train Loss: 0.0627438 Vali Loss: 0.3116369 Test Loss: 1.4912806
EarlyStopping counter: 55 out of 100
Updating learning rate to 0.0025
Epoch: 64 cost time: 0.936636209487915
Epoch: 64, Steps: 32 | Train Loss: 0.0625857 Vali Loss: 0.3474465 Test Loss: 1.5164866
EarlyStopping counter: 56 out of 100
Updating learning rate to 0.0025
Epoch: 65 cost time: 0.9479227066040039
Epoch: 65, Steps: 32 | Train Loss: 0.0649619 Vali Loss: 0.3393421 Test Loss: 1.4887810
EarlyStopping counter: 57 out of 100
Updating learning rate to 0.0025
Epoch: 66 cost time: 0.9280588626861572
Epoch: 66, Steps: 32 | Train Loss: 0.0635781 Vali Loss: 0.3185700 Test Loss: 1.5805408
EarlyStopping counter: 58 out of 100
Updating learning rate to 0.0025
Epoch: 67 cost time: 0.9278416633605957
Epoch: 67, Steps: 32 | Train Loss: 0.0615077 Vali Loss: 0.3206063 Test Loss: 1.4794182
EarlyStopping counter: 59 out of 100
Updating learning rate to 0.0025
Epoch: 68 cost time: 0.9367139339447021
Epoch: 68, Steps: 32 | Train Loss: 0.0625132 Vali Loss: 0.3294014 Test Loss: 1.5283561
EarlyStopping counter: 60 out of 100
Updating learning rate to 0.0025
Epoch: 69 cost time: 0.9382567405700684
Epoch: 69, Steps: 32 | Train Loss: 0.0622999 Vali Loss: 0.3238138 Test Loss: 1.5399369
EarlyStopping counter: 61 out of 100
Updating learning rate to 0.0025
Epoch: 70 cost time: 0.9352724552154541
Epoch: 70, Steps: 32 | Train Loss: 0.0603509 Vali Loss: 0.3051598 Test Loss: 1.5371182
EarlyStopping counter: 62 out of 100
Updating learning rate to 0.0025
Epoch: 71 cost time: 0.9464538097381592
Epoch: 71, Steps: 32 | Train Loss: 0.0595068 Vali Loss: 0.3039455 Test Loss: 1.5240622
EarlyStopping counter: 63 out of 100
Updating learning rate to 0.0025
Epoch: 72 cost time: 0.9282979965209961
Epoch: 72, Steps: 32 | Train Loss: 0.0581700 Vali Loss: 0.3214988 Test Loss: 1.5594795
EarlyStopping counter: 64 out of 100
Updating learning rate to 0.0025
Epoch: 73 cost time: 0.9086806774139404
Epoch: 73, Steps: 32 | Train Loss: 0.0585160 Vali Loss: 0.3301739 Test Loss: 1.5577873
EarlyStopping counter: 65 out of 100
Updating learning rate to 0.0025
Epoch: 74 cost time: 0.9278068542480469
Epoch: 74, Steps: 32 | Train Loss: 0.0579264 Vali Loss: 0.3576339 Test Loss: 1.5030427
EarlyStopping counter: 66 out of 100
Updating learning rate to 0.0025
Epoch: 75 cost time: 0.9365136623382568
Epoch: 75, Steps: 32 | Train Loss: 0.0568293 Vali Loss: 0.3214611 Test Loss: 1.5183276
EarlyStopping counter: 67 out of 100
Updating learning rate to 0.0025
Epoch: 76 cost time: 0.9383528232574463
Epoch: 76, Steps: 32 | Train Loss: 0.0557420 Vali Loss: 0.3332865 Test Loss: 1.5400841
EarlyStopping counter: 68 out of 100
Updating learning rate to 0.0025
Epoch: 77 cost time: 0.9725139141082764
Epoch: 77, Steps: 32 | Train Loss: 0.0545165 Vali Loss: 0.3224310 Test Loss: 1.5370716
EarlyStopping counter: 69 out of 100
Updating learning rate to 0.0025
Epoch: 78 cost time: 0.9475598335266113
Epoch: 78, Steps: 32 | Train Loss: 0.0550584 Vali Loss: 0.3221595 Test Loss: 1.5388722
EarlyStopping counter: 70 out of 100
Updating learning rate to 0.0025
Epoch: 79 cost time: 0.9384269714355469
Epoch: 79, Steps: 32 | Train Loss: 0.0555464 Vali Loss: 0.3025147 Test Loss: 1.6575062
EarlyStopping counter: 71 out of 100
Updating learning rate to 0.0025
Epoch: 80 cost time: 0.976762056350708
Epoch: 80, Steps: 32 | Train Loss: 0.0555234 Vali Loss: 0.3384811 Test Loss: 1.5085846
EarlyStopping counter: 72 out of 100
Updating learning rate to 0.0025
Epoch: 81 cost time: 0.9561989307403564
Epoch: 81, Steps: 32 | Train Loss: 0.0536491 Vali Loss: 0.3447925 Test Loss: 1.4966713
EarlyStopping counter: 73 out of 100
Updating learning rate to 0.0025
Epoch: 82 cost time: 0.9511125087738037
Epoch: 82, Steps: 32 | Train Loss: 0.0548457 Vali Loss: 0.3392169 Test Loss: 1.7033052
EarlyStopping counter: 74 out of 100
Updating learning rate to 0.0025
Epoch: 83 cost time: 0.9642150402069092
Epoch: 83, Steps: 32 | Train Loss: 0.0558257 Vali Loss: 0.3208179 Test Loss: 1.5235897
EarlyStopping counter: 75 out of 100
Updating learning rate to 0.0025
Epoch: 84 cost time: 0.9563338756561279
Epoch: 84, Steps: 32 | Train Loss: 0.0545385 Vali Loss: 0.3394116 Test Loss: 1.5687828
EarlyStopping counter: 76 out of 100
Updating learning rate to 0.0025
Epoch: 85 cost time: 0.9604957103729248
Epoch: 85, Steps: 32 | Train Loss: 0.0536804 Vali Loss: 0.3320719 Test Loss: 1.5357176
EarlyStopping counter: 77 out of 100
Updating learning rate to 0.0025
Epoch: 86 cost time: 0.9754133224487305
Epoch: 86, Steps: 32 | Train Loss: 0.0526366 Vali Loss: 0.3196627 Test Loss: 1.5686567
EarlyStopping counter: 78 out of 100
Updating learning rate to 0.0025
Epoch: 87 cost time: 0.9667313098907471
Epoch: 87, Steps: 32 | Train Loss: 0.0517472 Vali Loss: 0.3443086 Test Loss: 1.5744454
EarlyStopping counter: 79 out of 100
Updating learning rate to 0.0025
Epoch: 88 cost time: 0.9678468704223633
Epoch: 88, Steps: 32 | Train Loss: 0.0511983 Vali Loss: 0.3153364 Test Loss: 1.5625305
EarlyStopping counter: 80 out of 100
Updating learning rate to 0.0025
Epoch: 89 cost time: 0.9492816925048828
Epoch: 89, Steps: 32 | Train Loss: 0.0519246 Vali Loss: 0.3308985 Test Loss: 1.6253985
EarlyStopping counter: 81 out of 100
Updating learning rate to 0.0025
Epoch: 90 cost time: 0.9762892723083496
Epoch: 90, Steps: 32 | Train Loss: 0.0523267 Vali Loss: 0.3173168 Test Loss: 1.6667900
EarlyStopping counter: 82 out of 100
Updating learning rate to 0.0025
Epoch: 91 cost time: 0.9682385921478271
Epoch: 91, Steps: 32 | Train Loss: 0.0525719 Vali Loss: 0.3261865 Test Loss: 1.5580673
EarlyStopping counter: 83 out of 100
Updating learning rate to 0.0025
Epoch: 92 cost time: 0.969151496887207
Epoch: 92, Steps: 32 | Train Loss: 0.0541189 Vali Loss: 0.3362608 Test Loss: 1.4998665
EarlyStopping counter: 84 out of 100
Updating learning rate to 0.0025
Epoch: 93 cost time: 0.9717123508453369
Epoch: 93, Steps: 32 | Train Loss: 0.0546707 Vali Loss: 0.3216908 Test Loss: 1.6618601
EarlyStopping counter: 85 out of 100
Updating learning rate to 0.0025
Epoch: 94 cost time: 0.9679570198059082
Epoch: 94, Steps: 32 | Train Loss: 0.0529487 Vali Loss: 0.3049513 Test Loss: 1.5809647
EarlyStopping counter: 86 out of 100
Updating learning rate to 0.0025
Epoch: 95 cost time: 0.9566137790679932
Epoch: 95, Steps: 32 | Train Loss: 0.0524156 Vali Loss: 0.3529389 Test Loss: 1.5964469
EarlyStopping counter: 87 out of 100
Updating learning rate to 0.0025
Epoch: 96 cost time: 0.9681859016418457
Epoch: 96, Steps: 32 | Train Loss: 0.0529658 Vali Loss: 0.3379604 Test Loss: 1.5413556
EarlyStopping counter: 88 out of 100
Updating learning rate to 0.0025
Epoch: 97 cost time: 0.9666001796722412
Epoch: 97, Steps: 32 | Train Loss: 0.0522862 Vali Loss: 0.3379855 Test Loss: 1.5256287
EarlyStopping counter: 89 out of 100
Updating learning rate to 0.0025
Epoch: 98 cost time: 0.9716019630432129
Epoch: 98, Steps: 32 | Train Loss: 0.0527084 Vali Loss: 0.3222343 Test Loss: 1.6860789
EarlyStopping counter: 90 out of 100
Updating learning rate to 0.0025
Epoch: 99 cost time: 0.9786720275878906
Epoch: 99, Steps: 32 | Train Loss: 0.0500260 Vali Loss: 0.3140944 Test Loss: 1.6129901
EarlyStopping counter: 91 out of 100
Updating learning rate to 0.0025
Epoch: 100 cost time: 0.965540885925293
Epoch: 100, Steps: 32 | Train Loss: 0.0502677 Vali Loss: 0.3035506 Test Loss: 1.6147637
EarlyStopping counter: 92 out of 100
Updating learning rate to 0.0025
>>>>>>>testing : NL_illness_cms3_lr0.00005_always_104_60_PatchTST_custom_ftM_sl104_ll48_pl60_dm16_nh4_el3_dl1_df128_fc1_ebtimeF_dtTruelr5e-05_polalways_Nested_Learning_0<<<<<<<<<<<<<<<<<<<<<<<<<<<<<<<<<
test 134
 Ejecutando Inferencia DINÁMICA (Nested Learning con cms3)
  -> Política: always | LR: 5e-05 | Target: head

RESUMEN: El CMS se actualizó 8 veces de 8 posibles.

mse:1.6286680698394775, mae:0.8552555441856384, rse:0.6098194122314453
