==========================================================
SÚPER ARRAY TFG - TAREA ID: 48 / 113
Nodo: dionisio
Dataset: ettm1 | Experimento: NL_ettm1_cms3_lr0.0001_always
Cabeza: cms3 | LR: 0.0001 | Política: always
==========================================================
Args in experiment:
Namespace(random_seed=2021, is_training=1, model_id='NL_ettm1_cms3_lr0.0001_always_336_96', model='PatchTST', data='ETTm1', root_path='./dataset/', data_path='ETTm1.csv', features='M', target='OT', freq='h', checkpoints='./checkpoints/', seq_len=336, label_len=48, pred_len=96, head_type='cms3', cms_lr=0.0001, update_policy='always', fc_dropout=0.2, head_dropout=0.0, patch_len=16, stride=8, padding_patch='end', revin=1, affine=0, subtract_last=0, decomposition=0, kernel_size=25, individual=1, embed_type=0, enc_in=7, dec_in=7, c_out=7, d_model=128, n_heads=16, e_layers=3, d_layers=1, d_ff=256, moving_avg=25, factor=1, distil=True, dropout=0.2, embed='timeF', activation='gelu', output_attention=False, do_predict=False, num_workers=0, itr=1, train_epochs=100, batch_size=128, patience=20, learning_rate=0.0001, des='Nested_Learning', loss='mse', lradj='TST', pct_start=0.4, use_amp=False, use_gpu=True, gpu=0, use_multi_gpu=False, devices='0,1,2,3', test_flop=False)
Use GPU: cuda:0
>>>>>>>start training : NL_ettm1_cms3_lr0.0001_always_336_96_PatchTST_ETTm1_ftM_sl336_ll48_pl96_dm128_nh16_el3_dl1_df256_fc1_ebtimeF_dtTruelr0.0001_pol_always_Nested_Learning_0>>>>>>>>>>>>>>>>>>>>>>>>>>
train 34129
val 11425
test 11425
	iters: 100, epoch: 1 | loss: 0.4492313
	speed: 0.1444s/iter; left time: 3826.2261s
	iters: 200, epoch: 1 | loss: 0.3982115
	speed: 0.0495s/iter; left time: 1307.6993s
Epoch: 1 cost time: 13.491518259048462
Epoch: 1, Steps: 266 | Train Loss: 0.4302958 Vali Loss: 0.4756993 Test Loss: 0.3808638
Validation loss decreased (inf --> 0.475699).  Saving model ...
Updating learning rate to 4.147995783958166e-06
	iters: 100, epoch: 2 | loss: 0.3459890
	speed: 0.1373s/iter; left time: 3603.1813s
	iters: 200, epoch: 2 | loss: 0.3548926
	speed: 0.0503s/iter; left time: 1315.2604s
Epoch: 2 cost time: 13.422746658325195
Epoch: 2, Steps: 266 | Train Loss: 0.3271591 Vali Loss: 0.4162100 Test Loss: 0.3351187
Validation loss decreased (0.475699 --> 0.416210).  Saving model ...
Updating learning rate to 4.591070521163098e-06
	iters: 100, epoch: 3 | loss: 0.3233670
	speed: 0.1301s/iter; left time: 3377.4958s
	iters: 200, epoch: 3 | loss: 0.2919986
	speed: 0.0504s/iter; left time: 1304.1387s
Epoch: 3 cost time: 13.403870820999146
Epoch: 3, Steps: 266 | Train Loss: 0.2950752 Vali Loss: 0.3933839 Test Loss: 0.3153811
Validation loss decreased (0.416210 --> 0.393384).  Saving model ...
Updating learning rate to 5.326491995236255e-06
	iters: 100, epoch: 4 | loss: 0.2801211
	speed: 0.1305s/iter; left time: 3354.4147s
	iters: 200, epoch: 4 | loss: 0.2614213
	speed: 0.0504s/iter; left time: 1290.6122s
Epoch: 4 cost time: 13.407714605331421
Epoch: 4, Steps: 266 | Train Loss: 0.2772313 Vali Loss: 0.3803038 Test Loss: 0.3050068
Validation loss decreased (0.393384 --> 0.380304).  Saving model ...
Updating learning rate to 6.349725236277868e-06
	iters: 100, epoch: 5 | loss: 0.2753189
	speed: 0.1274s/iter; left time: 3240.3993s
	iters: 200, epoch: 5 | loss: 0.2606834
	speed: 0.0504s/iter; left time: 1277.5007s
Epoch: 5 cost time: 13.41447114944458
Epoch: 5, Steps: 266 | Train Loss: 0.2659545 Vali Loss: 0.3722526 Test Loss: 0.2987876
Validation loss decreased (0.380304 --> 0.372253).  Saving model ...
Updating learning rate to 7.654460485717921e-06
	iters: 100, epoch: 6 | loss: 0.2866456
	speed: 0.1279s/iter; left time: 3218.9978s
	iters: 200, epoch: 6 | loss: 0.2762389
	speed: 0.0504s/iter; left time: 1264.3252s
Epoch: 6 cost time: 13.414815664291382
Epoch: 6, Steps: 266 | Train Loss: 0.2575607 Vali Loss: 0.3682548 Test Loss: 0.2948214
Validation loss decreased (0.372253 --> 0.368255).  Saving model ...
Updating learning rate to 9.232652105385623e-06
	iters: 100, epoch: 7 | loss: 0.2178723
	speed: 0.1287s/iter; left time: 3204.5830s
	iters: 200, epoch: 7 | loss: 0.2244229
	speed: 0.0504s/iter; left time: 1250.0667s
Epoch: 7 cost time: 13.412301301956177
Epoch: 7, Steps: 266 | Train Loss: 0.2503371 Vali Loss: 0.3671266 Test Loss: 0.2919928
Validation loss decreased (0.368255 --> 0.367127).  Saving model ...
Updating learning rate to 1.1074568190864783e-05
	iters: 100, epoch: 8 | loss: 0.2311471
	speed: 0.1299s/iter; left time: 3200.6958s
	iters: 200, epoch: 8 | loss: 0.2476558
	speed: 0.0504s/iter; left time: 1237.1377s
Epoch: 8 cost time: 13.420299768447876
Epoch: 8, Steps: 266 | Train Loss: 0.2441623 Vali Loss: 0.3643223 Test Loss: 0.2905030
Validation loss decreased (0.367127 --> 0.364322).  Saving model ...
Updating learning rate to 1.316885058319476e-05
	iters: 100, epoch: 9 | loss: 0.2296484
	speed: 0.1302s/iter; left time: 3173.0061s
	iters: 200, epoch: 9 | loss: 0.2581665
	speed: 0.0504s/iter; left time: 1223.1172s
Epoch: 9 cost time: 13.397613286972046
Epoch: 9, Steps: 266 | Train Loss: 0.2387309 Vali Loss: 0.3638142 Test Loss: 0.2883536
Validation loss decreased (0.364322 --> 0.363814).  Saving model ...
Updating learning rate to 1.5502584908855415e-05
	iters: 100, epoch: 10 | loss: 0.2476351
	speed: 0.1274s/iter; left time: 3072.4183s
	iters: 200, epoch: 10 | loss: 0.2286634
	speed: 0.0504s/iter; left time: 1210.2649s
Epoch: 10 cost time: 13.427763938903809
Epoch: 10, Steps: 266 | Train Loss: 0.2339270 Vali Loss: 0.3617096 Test Loss: 0.2883949
Validation loss decreased (0.363814 --> 0.361710).  Saving model ...
Updating learning rate to 1.806138021613527e-05
	iters: 100, epoch: 11 | loss: 0.2109897
	speed: 0.1279s/iter; left time: 3049.1043s
	iters: 200, epoch: 11 | loss: 0.2073268
	speed: 0.0505s/iter; left time: 1198.0583s
Epoch: 11 cost time: 13.43818473815918
Epoch: 11, Steps: 266 | Train Loss: 0.2291712 Vali Loss: 0.3651268 Test Loss: 0.2878726
EarlyStopping counter: 1 out of 20
Updating learning rate to 2.0829457716805565e-05
	iters: 100, epoch: 12 | loss: 0.2321158
	speed: 0.1188s/iter; left time: 2801.2950s
	iters: 200, epoch: 12 | loss: 0.2254083
	speed: 0.0504s/iter; left time: 1183.7090s
Epoch: 12 cost time: 13.4146728515625
Epoch: 12, Steps: 266 | Train Loss: 0.2247881 Vali Loss: 0.3677828 Test Loss: 0.2879047
EarlyStopping counter: 2 out of 20
Updating learning rate to 2.3789748085875986e-05
	iters: 100, epoch: 13 | loss: 0.2067466
	speed: 0.1190s/iter; left time: 2773.7772s
	iters: 200, epoch: 13 | loss: 0.2352516
	speed: 0.0504s/iter; left time: 1170.0569s
Epoch: 13 cost time: 13.40921425819397
Epoch: 13, Steps: 266 | Train Loss: 0.2202032 Vali Loss: 0.3672262 Test Loss: 0.2870087
EarlyStopping counter: 3 out of 20
Updating learning rate to 2.6923996719433387e-05
	iters: 100, epoch: 14 | loss: 0.2140225
	speed: 0.1189s/iter; left time: 2740.1141s
	iters: 200, epoch: 14 | loss: 0.2081082
	speed: 0.0504s/iter; left time: 1156.7460s
Epoch: 14 cost time: 13.399618864059448
Epoch: 14, Steps: 266 | Train Loss: 0.2157400 Vali Loss: 0.3687434 Test Loss: 0.2863199
EarlyStopping counter: 4 out of 20
Updating learning rate to 3.021287630149266e-05
	iters: 100, epoch: 15 | loss: 0.2208800
	speed: 0.1187s/iter; left time: 2702.9903s
	iters: 200, epoch: 15 | loss: 0.2151796
	speed: 0.0504s/iter; left time: 1143.9131s
Epoch: 15 cost time: 13.403980731964111
Epoch: 15, Steps: 266 | Train Loss: 0.2110694 Vali Loss: 0.3723557 Test Loss: 0.2867603
EarlyStopping counter: 5 out of 20
Updating learning rate to 3.363610598571669e-05
	iters: 100, epoch: 16 | loss: 0.2049876
	speed: 0.1188s/iter; left time: 2673.1976s
	iters: 200, epoch: 16 | loss: 0.2030260
	speed: 0.0504s/iter; left time: 1130.3082s
Epoch: 16 cost time: 13.40243935585022
Epoch: 16, Steps: 266 | Train Loss: 0.2066088 Vali Loss: 0.3739167 Test Loss: 0.2874476
EarlyStopping counter: 6 out of 20
Updating learning rate to 3.717257645707274e-05
	iters: 100, epoch: 17 | loss: 0.2052904
	speed: 0.1188s/iter; left time: 2641.8060s
	iters: 200, epoch: 17 | loss: 0.1970927
	speed: 0.0504s/iter; left time: 1116.6312s
Epoch: 17 cost time: 13.404161214828491
Epoch: 17, Steps: 266 | Train Loss: 0.2019402 Vali Loss: 0.3795628 Test Loss: 0.2906671
EarlyStopping counter: 7 out of 20
Updating learning rate to 4.08004801022336e-05
	iters: 100, epoch: 18 | loss: 0.2144362
	speed: 0.1188s/iter; left time: 2610.6198s
	iters: 200, epoch: 18 | loss: 0.1823893
	speed: 0.0504s/iter; left time: 1103.2119s
Epoch: 18 cost time: 13.407130002975464
Epoch: 18, Steps: 266 | Train Loss: 0.1973664 Vali Loss: 0.3921286 Test Loss: 0.2918906
EarlyStopping counter: 8 out of 20
Updating learning rate to 4.4497445486028815e-05
	iters: 100, epoch: 19 | loss: 0.2083080
	speed: 0.1187s/iter; left time: 2577.1194s
	iters: 200, epoch: 19 | loss: 0.1716518
	speed: 0.0504s/iter; left time: 1089.9635s
Epoch: 19 cost time: 13.400607109069824
Epoch: 19, Steps: 266 | Train Loss: 0.1926289 Vali Loss: 0.3896942 Test Loss: 0.2913853
EarlyStopping counter: 9 out of 20
Updating learning rate to 4.8240675304698384e-05
	iters: 100, epoch: 20 | loss: 0.1985211
	speed: 0.1188s/iter; left time: 2547.5380s
	iters: 200, epoch: 20 | loss: 0.1701574
	speed: 0.0504s/iter; left time: 1076.4994s
Epoch: 20 cost time: 13.409286737442017
Epoch: 20, Steps: 266 | Train Loss: 0.1878438 Vali Loss: 0.3941991 Test Loss: 0.2952361
EarlyStopping counter: 10 out of 20
Updating learning rate to 5.2007086965261054e-05
	iters: 100, epoch: 21 | loss: 0.1721013
	speed: 0.1189s/iter; left time: 2518.2789s
	iters: 200, epoch: 21 | loss: 0.1944194
	speed: 0.0504s/iter; left time: 1063.1303s
Epoch: 21 cost time: 13.418921947479248
Epoch: 21, Steps: 266 | Train Loss: 0.1830643 Vali Loss: 0.3959849 Test Loss: 0.2979581
EarlyStopping counter: 11 out of 20
Updating learning rate to 5.5773454924116216e-05
	iters: 100, epoch: 22 | loss: 0.1789967
	speed: 0.1190s/iter; left time: 2489.4483s
	iters: 200, epoch: 22 | loss: 0.1716936
	speed: 0.0504s/iter; left time: 1048.8979s
Epoch: 22 cost time: 13.410128593444824
Epoch: 22, Steps: 266 | Train Loss: 0.1779878 Vali Loss: 0.4113959 Test Loss: 0.2993222
EarlyStopping counter: 12 out of 20
Updating learning rate to 5.95165539071495e-05
	iters: 100, epoch: 23 | loss: 0.1901769
	speed: 0.1188s/iter; left time: 2453.0820s
	iters: 200, epoch: 23 | loss: 0.1790708
	speed: 0.0504s/iter; left time: 1035.7601s
Epoch: 23 cost time: 13.403126239776611
Epoch: 23, Steps: 266 | Train Loss: 0.1727791 Vali Loss: 0.4172257 Test Loss: 0.3038473
EarlyStopping counter: 13 out of 20
Updating learning rate to 6.321330212817643e-05
	iters: 100, epoch: 24 | loss: 0.1695788
	speed: 0.1189s/iter; left time: 2423.7562s
	iters: 200, epoch: 24 | loss: 0.1777537
	speed: 0.0504s/iter; left time: 1022.8306s
Epoch: 24 cost time: 13.407612085342407
Epoch: 24, Steps: 266 | Train Loss: 0.1675697 Vali Loss: 0.4172495 Test Loss: 0.3091135
EarlyStopping counter: 14 out of 20
Updating learning rate to 6.684090362256924e-05
	iters: 100, epoch: 25 | loss: 0.1783418
	speed: 0.1189s/iter; left time: 2391.6337s
	iters: 200, epoch: 25 | loss: 0.1561005
	speed: 0.0504s/iter; left time: 1009.1921s
Epoch: 25 cost time: 13.401155233383179
Epoch: 25, Steps: 266 | Train Loss: 0.1624950 Vali Loss: 0.4236227 Test Loss: 0.3080201
EarlyStopping counter: 15 out of 20
Updating learning rate to 7.037698881836747e-05
	iters: 100, epoch: 26 | loss: 0.1503524
	speed: 0.1188s/iter; left time: 2358.7916s
	iters: 200, epoch: 26 | loss: 0.1391782
	speed: 0.0504s/iter; left time: 995.7246s
Epoch: 26 cost time: 13.408308744430542
Epoch: 26, Steps: 266 | Train Loss: 0.1571877 Vali Loss: 0.4337382 Test Loss: 0.3118877
EarlyStopping counter: 16 out of 20
Updating learning rate to 7.379975247804219e-05
	iters: 100, epoch: 27 | loss: 0.1416604
	speed: 0.1188s/iter; left time: 2326.1484s
	iters: 200, epoch: 27 | loss: 0.1522353
	speed: 0.0504s/iter; left time: 982.4254s
Epoch: 27 cost time: 13.40219259262085
Epoch: 27, Steps: 266 | Train Loss: 0.1517464 Vali Loss: 0.4482702 Test Loss: 0.3209206
EarlyStopping counter: 17 out of 20
Updating learning rate to 7.70880881602968e-05
	iters: 100, epoch: 28 | loss: 0.1359019
	speed: 0.1188s/iter; left time: 2294.5706s
	iters: 200, epoch: 28 | loss: 0.1441119
	speed: 0.0504s/iter; left time: 969.0171s
Epoch: 28 cost time: 13.401550054550171
Epoch: 28, Steps: 266 | Train Loss: 0.1466289 Vali Loss: 0.4496284 Test Loss: 0.3242574
EarlyStopping counter: 18 out of 20
Updating learning rate to 8.02217183727475e-05
	iters: 100, epoch: 29 | loss: 0.1401112
	speed: 0.1188s/iter; left time: 2262.7175s
	iters: 200, epoch: 29 | loss: 0.1345037
	speed: 0.0504s/iter; left time: 955.2200s
Epoch: 29 cost time: 13.402300596237183
Epoch: 29, Steps: 266 | Train Loss: 0.1415731 Vali Loss: 0.4574618 Test Loss: 0.3294547
EarlyStopping counter: 19 out of 20
Updating learning rate to 8.318131961289731e-05
	iters: 100, epoch: 30 | loss: 0.1354590
	speed: 0.1188s/iter; left time: 2231.8101s
	iters: 200, epoch: 30 | loss: 0.1374031
	speed: 0.0504s/iter; left time: 941.6590s
Epoch: 30 cost time: 13.398067712783813
Epoch: 30, Steps: 266 | Train Loss: 0.1371416 Vali Loss: 0.4697963 Test Loss: 0.3325239
EarlyStopping counter: 20 out of 20
Early stopping
>>>>>>>testing : NL_ettm1_cms3_lr0.0001_always_336_96_PatchTST_ETTm1_ftM_sl336_ll48_pl96_dm128_nh16_el3_dl1_df256_fc1_ebtimeF_dtTruelr0.0001_pol_always_Nested_Learning_0<<<<<<<<<<<<<<<<<<<<<<<<<<<<<<<<<
test 11425
 Ejecutando Inferencia DINÁMICA (Nested Learning con cms3)
  -> Política: always | LR: 0.0001 | Target: head

RESUMEN: El CMS se actualizó 89 veces de 89 posibles.

mse:0.2875516712665558, mae:0.3403468430042267, rse:0.5100884437561035
Args in experiment:
Namespace(random_seed=2021, is_training=1, model_id='NL_ettm1_cms3_lr0.0001_always_336_192', model='PatchTST', data='ETTm1', root_path='./dataset/', data_path='ETTm1.csv', features='M', target='OT', freq='h', checkpoints='./checkpoints/', seq_len=336, label_len=48, pred_len=192, head_type='cms3', cms_lr=0.0001, update_policy='always', fc_dropout=0.2, head_dropout=0.0, patch_len=16, stride=8, padding_patch='end', revin=1, affine=0, subtract_last=0, decomposition=0, kernel_size=25, individual=1, embed_type=0, enc_in=7, dec_in=7, c_out=7, d_model=128, n_heads=16, e_layers=3, d_layers=1, d_ff=256, moving_avg=25, factor=1, distil=True, dropout=0.2, embed='timeF', activation='gelu', output_attention=False, do_predict=False, num_workers=0, itr=1, train_epochs=100, batch_size=128, patience=20, learning_rate=0.0001, des='Nested_Learning', loss='mse', lradj='TST', pct_start=0.4, use_amp=False, use_gpu=True, gpu=0, use_multi_gpu=False, devices='0,1,2,3', test_flop=False)
Use GPU: cuda:0
>>>>>>>start training : NL_ettm1_cms3_lr0.0001_always_336_192_PatchTST_ETTm1_ftM_sl336_ll48_pl192_dm128_nh16_el3_dl1_df256_fc1_ebtimeF_dtTruelr0.0001_pol_always_Nested_Learning_0>>>>>>>>>>>>>>>>>>>>>>>>>>
train 34033
val 11329
test 11329
	iters: 100, epoch: 1 | loss: 0.4725342
	speed: 0.1182s/iter; left time: 3120.6019s
	iters: 200, epoch: 1 | loss: 0.3703163
	speed: 0.0505s/iter; left time: 1327.3250s
Epoch: 1 cost time: 13.739011526107788
Epoch: 1, Steps: 265 | Train Loss: 0.4599425 Vali Loss: 0.5804254 Test Loss: 0.4090733
Validation loss decreased (inf --> 0.580425).  Saving model ...
Updating learning rate to 4.147995888890545e-06
	iters: 100, epoch: 2 | loss: 0.3823603
	speed: 0.1363s/iter; left time: 3561.0842s
	iters: 200, epoch: 2 | loss: 0.3533946
	speed: 0.0504s/iter; left time: 1313.3931s
Epoch: 2 cost time: 13.366509437561035
Epoch: 2, Steps: 265 | Train Loss: 0.3612884 Vali Loss: 0.5273896 Test Loss: 0.3690645
Validation loss decreased (0.580425 --> 0.527390).  Saving model ...
Updating learning rate to 4.591070939598485e-06
	iters: 100, epoch: 3 | loss: 0.3633915
	speed: 0.1321s/iter; left time: 3418.0151s
	iters: 200, epoch: 3 | loss: 0.3013185
	speed: 0.0510s/iter; left time: 1315.0073s
Epoch: 3 cost time: 13.467509508132935
Epoch: 3, Steps: 265 | Train Loss: 0.3328626 Vali Loss: 0.5084600 Test Loss: 0.3535026
Validation loss decreased (0.527390 --> 0.508460).  Saving model ...
Updating learning rate to 5.326492931874866e-06
	iters: 100, epoch: 4 | loss: 0.3228948
	speed: 0.1402s/iter; left time: 3589.3703s
	iters: 200, epoch: 4 | loss: 0.3092817
	speed: 0.0507s/iter; left time: 1294.3629s
Epoch: 4 cost time: 13.45349407196045
Epoch: 4, Steps: 265 | Train Loss: 0.3173543 Vali Loss: 0.4967975 Test Loss: 0.3441191
Validation loss decreased (0.508460 --> 0.496798).  Saving model ...
Updating learning rate to 6.349726889409005e-06
	iters: 100, epoch: 5 | loss: 0.3083286
	speed: 0.1300s/iter; left time: 3294.2325s
	iters: 200, epoch: 5 | loss: 0.3154262
	speed: 0.0510s/iter; left time: 1286.1797s
Epoch: 5 cost time: 13.512343168258667
Epoch: 5, Steps: 265 | Train Loss: 0.3078997 Vali Loss: 0.4942503 Test Loss: 0.3396497
Validation loss decreased (0.496798 --> 0.494250).  Saving model ...
Updating learning rate to 7.654463044738896e-06
	iters: 100, epoch: 6 | loss: 0.3057050
	speed: 0.1386s/iter; left time: 3475.5513s
	iters: 200, epoch: 6 | loss: 0.2844509
	speed: 0.0508s/iter; left time: 1269.5504s
Epoch: 6 cost time: 13.472075462341309
Epoch: 6, Steps: 265 | Train Loss: 0.3005880 Vali Loss: 0.4905100 Test Loss: 0.3357387
Validation loss decreased (0.494250 --> 0.490510).  Saving model ...
Updating learning rate to 9.232655748403029e-06
	iters: 100, epoch: 7 | loss: 0.2780040
	speed: 0.1355s/iter; left time: 3361.8029s
	iters: 200, epoch: 7 | loss: 0.3236685
	speed: 0.0509s/iter; left time: 1258.1570s
Epoch: 7 cost time: 13.472289800643921
Epoch: 7, Steps: 265 | Train Loss: 0.2947356 Vali Loss: 0.4882680 Test Loss: 0.3339230
Validation loss decreased (0.490510 --> 0.488268).  Saving model ...
Updating learning rate to 1.107457308240065e-05
	iters: 100, epoch: 8 | loss: 0.2863371
	speed: 0.1316s/iter; left time: 3230.0629s
	iters: 200, epoch: 8 | loss: 0.2985318
	speed: 0.0510s/iter; left time: 1247.4556s
Epoch: 8 cost time: 13.5178382396698
Epoch: 8, Steps: 265 | Train Loss: 0.2889876 Vali Loss: 0.4884363 Test Loss: 0.3334996
EarlyStopping counter: 1 out of 20
Updating learning rate to 1.3168856872018862e-05
	iters: 100, epoch: 9 | loss: 0.2892137
	speed: 0.1210s/iter; left time: 2939.1212s
	iters: 200, epoch: 9 | loss: 0.3012799
	speed: 0.0512s/iter; left time: 1238.7924s
Epoch: 9 cost time: 13.584343671798706
Epoch: 9, Steps: 265 | Train Loss: 0.2838931 Vali Loss: 0.4877736 Test Loss: 0.3304572
Validation loss decreased (0.488268 --> 0.487774).  Saving model ...
Updating learning rate to 1.550259272596464e-05
	iters: 100, epoch: 10 | loss: 0.2279804
	speed: 0.1294s/iter; left time: 3108.8558s
	iters: 200, epoch: 10 | loss: 0.2677070
	speed: 0.0512s/iter; left time: 1223.3047s
Epoch: 10 cost time: 13.540196180343628
Epoch: 10, Steps: 265 | Train Loss: 0.2790811 Vali Loss: 0.4904040 Test Loss: 0.3306937
EarlyStopping counter: 1 out of 20
Updating learning rate to 1.806138967289881e-05
	iters: 100, epoch: 11 | loss: 0.2983516
	speed: 0.1207s/iter; left time: 2867.6802s
	iters: 200, epoch: 11 | loss: 0.2902514
	speed: 0.0513s/iter; left time: 1213.3708s
Epoch: 11 cost time: 13.547048807144165
Epoch: 11, Steps: 265 | Train Loss: 0.2741071 Vali Loss: 0.4899237 Test Loss: 0.3300731
EarlyStopping counter: 2 out of 20
Updating learning rate to 2.0829468903294163e-05
	iters: 100, epoch: 12 | loss: 0.2416080
	speed: 0.1191s/iter; left time: 2797.7876s
	iters: 200, epoch: 12 | loss: 0.2449777
	speed: 0.0495s/iter; left time: 1158.5099s
Epoch: 12 cost time: 13.266781091690063
Epoch: 12, Steps: 265 | Train Loss: 0.2692644 Vali Loss: 0.4868806 Test Loss: 0.3288732
Validation loss decreased (0.487774 --> 0.486881).  Saving model ...
Updating learning rate to 2.3789761069391508e-05
	iters: 100, epoch: 13 | loss: 0.2632998
	speed: 0.1327s/iter; left time: 3080.9588s
	iters: 200, epoch: 13 | loss: 0.2538600
	speed: 0.0513s/iter; left time: 1186.6000s
Epoch: 13 cost time: 13.564776182174683
Epoch: 13, Steps: 265 | Train Loss: 0.2638636 Vali Loss: 0.4947107 Test Loss: 0.3280640
EarlyStopping counter: 1 out of 20
Updating learning rate to 2.692401154325343e-05
	iters: 100, epoch: 14 | loss: 0.2381156
	speed: 0.1210s/iter; left time: 2777.4734s
	iters: 200, epoch: 14 | loss: 0.2669012
	speed: 0.0513s/iter; left time: 1172.8872s
Epoch: 14 cost time: 13.59664249420166
Epoch: 14, Steps: 265 | Train Loss: 0.2587865 Vali Loss: 0.4922965 Test Loss: 0.3292083
EarlyStopping counter: 2 out of 20
Updating learning rate to 3.0212892983843068e-05
	iters: 100, epoch: 15 | loss: 0.2586960
	speed: 0.1213s/iter; left time: 2753.3158s
	iters: 200, epoch: 15 | loss: 0.2512385
	speed: 0.0515s/iter; left time: 1162.5173s
Epoch: 15 cost time: 13.627153396606445
Epoch: 15, Steps: 265 | Train Loss: 0.2533698 Vali Loss: 0.4983802 Test Loss: 0.3320593
EarlyStopping counter: 3 out of 20
Updating learning rate to 3.3636124518983084e-05
	iters: 100, epoch: 16 | loss: 0.2512382
	speed: 0.1209s/iter; left time: 2712.1479s
	iters: 200, epoch: 16 | loss: 0.2438044
	speed: 0.0514s/iter; left time: 1148.0229s
Epoch: 16 cost time: 13.61035966873169
Epoch: 16, Steps: 265 | Train Loss: 0.2482905 Vali Loss: 0.4991271 Test Loss: 0.3322153
EarlyStopping counter: 4 out of 20
Updating learning rate to 3.717259680726015e-05
	iters: 100, epoch: 17 | loss: 0.2248625
	speed: 0.1208s/iter; left time: 2678.0720s
	iters: 200, epoch: 17 | loss: 0.2389312
	speed: 0.0514s/iter; left time: 1134.7472s
Epoch: 17 cost time: 13.611939191818237
Epoch: 17, Steps: 265 | Train Loss: 0.2431511 Vali Loss: 0.5057965 Test Loss: 0.3333281
EarlyStopping counter: 5 out of 20
Updating learning rate to 4.080050220868085e-05
	iters: 100, epoch: 18 | loss: 0.2542731
	speed: 0.1209s/iter; left time: 2646.6939s
	iters: 200, epoch: 18 | loss: 0.2412720
	speed: 0.0515s/iter; left time: 1123.0911s
Epoch: 18 cost time: 13.624528646469116
Epoch: 18, Steps: 265 | Train Loss: 0.2379990 Vali Loss: 0.5151681 Test Loss: 0.3315053
EarlyStopping counter: 6 out of 20
Updating learning rate to 4.449746926138297e-05
	iters: 100, epoch: 19 | loss: 0.2218216
	speed: 0.1210s/iter; left time: 2616.4834s
	iters: 200, epoch: 19 | loss: 0.2559187
	speed: 0.0514s/iter; left time: 1106.0168s
Epoch: 19 cost time: 13.60518765449524
Epoch: 19, Steps: 265 | Train Loss: 0.2327104 Vali Loss: 0.5265260 Test Loss: 0.3371003
EarlyStopping counter: 7 out of 20
Updating learning rate to 4.824070063515135e-05
	iters: 100, epoch: 20 | loss: 0.2152632
	speed: 0.1212s/iter; left time: 2588.6106s
	iters: 200, epoch: 20 | loss: 0.2088163
	speed: 0.0514s/iter; left time: 1093.8426s
Epoch: 20 cost time: 13.611660957336426
Epoch: 20, Steps: 265 | Train Loss: 0.2271725 Vali Loss: 0.5343834 Test Loss: 0.3426244
EarlyStopping counter: 8 out of 20
Updating learning rate to 5.200711371104918e-05
	iters: 100, epoch: 21 | loss: 0.2275894
	speed: 0.1213s/iter; left time: 2559.0726s
	iters: 200, epoch: 21 | loss: 0.2146908
	speed: 0.0515s/iter; left time: 1080.7732s
Epoch: 21 cost time: 13.626126766204834
Epoch: 21, Steps: 265 | Train Loss: 0.2215654 Vali Loss: 0.5408869 Test Loss: 0.3448839
EarlyStopping counter: 9 out of 20
Updating learning rate to 5.577348292028073e-05
	iters: 100, epoch: 22 | loss: 0.2227474
	speed: 0.1213s/iter; left time: 2527.5889s
	iters: 200, epoch: 22 | loss: 0.2289529
	speed: 0.0514s/iter; left time: 1064.8582s
Epoch: 22 cost time: 13.601349592208862
Epoch: 22, Steps: 265 | Train Loss: 0.2159118 Vali Loss: 0.5425670 Test Loss: 0.3459320
EarlyStopping counter: 10 out of 20
Updating learning rate to 5.9516582964553954e-05
	iters: 100, epoch: 23 | loss: 0.1971416
	speed: 0.1210s/iter; left time: 2488.3452s
	iters: 200, epoch: 23 | loss: 0.2054556
	speed: 0.0513s/iter; left time: 1050.8629s
Epoch: 23 cost time: 13.594777345657349
Epoch: 23, Steps: 265 | Train Loss: 0.2098498 Vali Loss: 0.5534845 Test Loss: 0.3532520
EarlyStopping counter: 11 out of 20
Updating learning rate to 6.321333203477474e-05
	iters: 100, epoch: 24 | loss: 0.2117328
	speed: 0.1207s/iter; left time: 2451.3849s
	iters: 200, epoch: 24 | loss: 0.2137468
	speed: 0.0513s/iter; left time: 1037.2281s
Epoch: 24 cost time: 13.588683128356934
Epoch: 24, Steps: 265 | Train Loss: 0.2039273 Vali Loss: 0.5630150 Test Loss: 0.3562431
EarlyStopping counter: 12 out of 20
Updating learning rate to 6.684093414491588e-05
	iters: 100, epoch: 25 | loss: 0.2035204
	speed: 0.1208s/iter; left time: 2421.8881s
	iters: 200, epoch: 25 | loss: 0.2056676
	speed: 0.0513s/iter; left time: 1023.4250s
Epoch: 25 cost time: 13.597540140151978
Epoch: 25, Steps: 265 | Train Loss: 0.1976712 Vali Loss: 0.5709217 Test Loss: 0.3570443
EarlyStopping counter: 13 out of 20
Updating learning rate to 7.037701970335941e-05
	iters: 100, epoch: 26 | loss: 0.1891322
	speed: 0.1207s/iter; left time: 2386.2351s
	iters: 200, epoch: 26 | loss: 0.1851743
	speed: 0.0513s/iter; left time: 1009.5930s
Epoch: 26 cost time: 13.588372707366943
Epoch: 26, Steps: 265 | Train Loss: 0.1918335 Vali Loss: 0.5806541 Test Loss: 0.3618627
EarlyStopping counter: 14 out of 20
Updating learning rate to 7.379978345487968e-05
	iters: 100, epoch: 27 | loss: 0.1798013
	speed: 0.1207s/iter; left time: 2355.8666s
	iters: 200, epoch: 27 | loss: 0.2010246
	speed: 0.0513s/iter; left time: 995.3573s
Epoch: 27 cost time: 13.57603144645691
Epoch: 27, Steps: 265 | Train Loss: 0.1859533 Vali Loss: 0.5968039 Test Loss: 0.3677524
EarlyStopping counter: 15 out of 20
Updating learning rate to 7.70881189426489e-05
	iters: 100, epoch: 28 | loss: 0.1817250
	speed: 0.1209s/iter; left time: 2327.0620s
	iters: 200, epoch: 28 | loss: 0.1870339
	speed: 0.0512s/iter; left time: 980.9915s
Epoch: 28 cost time: 13.583289384841919
Epoch: 28, Steps: 265 | Train Loss: 0.1799147 Vali Loss: 0.5872489 Test Loss: 0.3708974
EarlyStopping counter: 16 out of 20
Updating learning rate to 8.022174866110521e-05
	iters: 100, epoch: 29 | loss: 0.1766478
	speed: 0.1210s/iter; left time: 2296.4546s
	iters: 200, epoch: 29 | loss: 0.1668240
	speed: 0.0513s/iter; left time: 968.7456s
Epoch: 29 cost time: 13.592154502868652
Epoch: 29, Steps: 265 | Train Loss: 0.1739671 Vali Loss: 0.5970080 Test Loss: 0.3749008
EarlyStopping counter: 17 out of 20
Updating learning rate to 8.318134909709714e-05
	iters: 100, epoch: 30 | loss: 0.1693001
	speed: 0.1210s/iter; left time: 2264.3193s
	iters: 200, epoch: 30 | loss: 0.1542785
	speed: 0.0512s/iter; left time: 953.1402s
Epoch: 30 cost time: 13.58818507194519
Epoch: 30, Steps: 265 | Train Loss: 0.1682704 Vali Loss: 0.6135125 Test Loss: 0.3816180
EarlyStopping counter: 18 out of 20
Updating learning rate to 8.594866988823775e-05
	iters: 100, epoch: 31 | loss: 0.1714122
	speed: 0.1208s/iter; left time: 2229.5113s
	iters: 200, epoch: 31 | loss: 0.1743641
	speed: 0.0513s/iter; left time: 940.7689s
Epoch: 31 cost time: 13.591090440750122
Epoch: 31, Steps: 265 | Train Loss: 0.1629690 Vali Loss: 0.6126437 Test Loss: 0.3916747
EarlyStopping counter: 19 out of 20
Updating learning rate to 8.850664636367998e-05
	iters: 100, epoch: 32 | loss: 0.1603725
	speed: 0.1208s/iter; left time: 2196.3666s
	iters: 200, epoch: 32 | loss: 0.1520815
	speed: 0.0512s/iter; left time: 926.5882s
Epoch: 32 cost time: 13.565532684326172
Epoch: 32, Steps: 265 | Train Loss: 0.1578805 Vali Loss: 0.6172948 Test Loss: 0.3881279
EarlyStopping counter: 20 out of 20
Early stopping
>>>>>>>testing : NL_ettm1_cms3_lr0.0001_always_336_192_PatchTST_ETTm1_ftM_sl336_ll48_pl192_dm128_nh16_el3_dl1_df256_fc1_ebtimeF_dtTruelr0.0001_pol_always_Nested_Learning_0<<<<<<<<<<<<<<<<<<<<<<<<<<<<<<<<<
test 11329
 Ejecutando Inferencia DINÁMICA (Nested Learning con cms3)
  -> Política: always | LR: 0.0001 | Target: head

RESUMEN: El CMS se actualizó 88 veces de 88 posibles.

mse:0.3289066255092621, mae:0.3688504993915558, rse:0.5454824566841125
Args in experiment:
Namespace(random_seed=2021, is_training=1, model_id='NL_ettm1_cms3_lr0.0001_always_336_336', model='PatchTST', data='ETTm1', root_path='./dataset/', data_path='ETTm1.csv', features='M', target='OT', freq='h', checkpoints='./checkpoints/', seq_len=336, label_len=48, pred_len=336, head_type='cms3', cms_lr=0.0001, update_policy='always', fc_dropout=0.2, head_dropout=0.0, patch_len=16, stride=8, padding_patch='end', revin=1, affine=0, subtract_last=0, decomposition=0, kernel_size=25, individual=1, embed_type=0, enc_in=7, dec_in=7, c_out=7, d_model=128, n_heads=16, e_layers=3, d_layers=1, d_ff=256, moving_avg=25, factor=1, distil=True, dropout=0.2, embed='timeF', activation='gelu', output_attention=False, do_predict=False, num_workers=0, itr=1, train_epochs=100, batch_size=128, patience=20, learning_rate=0.0001, des='Nested_Learning', loss='mse', lradj='TST', pct_start=0.4, use_amp=False, use_gpu=True, gpu=0, use_multi_gpu=False, devices='0,1,2,3', test_flop=False)
Use GPU: cuda:0
>>>>>>>start training : NL_ettm1_cms3_lr0.0001_always_336_336_PatchTST_ETTm1_ftM_sl336_ll48_pl336_dm128_nh16_el3_dl1_df256_fc1_ebtimeF_dtTruelr0.0001_pol_always_Nested_Learning_0>>>>>>>>>>>>>>>>>>>>>>>>>>
train 33889
val 11185
test 11185
	iters: 100, epoch: 1 | loss: 0.5150936
	speed: 0.1264s/iter; left time: 3325.5220s
	iters: 200, epoch: 1 | loss: 0.4757291
	speed: 0.0524s/iter; left time: 1371.9943s
Epoch: 1 cost time: 14.135721683502197
Epoch: 1, Steps: 264 | Train Loss: 0.4939564 Vali Loss: 0.7151616 Test Loss: 0.4407510
Validation loss decreased (inf --> 0.715162).  Saving model ...
Updating learning rate to 4.147995994617984e-06
	iters: 100, epoch: 2 | loss: 0.4241636
	speed: 0.1403s/iter; left time: 3653.8127s
	iters: 200, epoch: 2 | loss: 0.4171761
	speed: 0.0530s/iter; left time: 1373.8449s
Epoch: 2 cost time: 13.95890736579895
Epoch: 2, Steps: 264 | Train Loss: 0.4002377 Vali Loss: 0.6693609 Test Loss: 0.4037772
Validation loss decreased (0.715162 --> 0.669361).  Saving model ...
Updating learning rate to 4.591071361204269e-06
	iters: 100, epoch: 3 | loss: 0.3537088
	speed: 0.1458s/iter; left time: 3757.4133s
	iters: 200, epoch: 3 | loss: 0.3767073
	speed: 0.0531s/iter; left time: 1364.4562s
Epoch: 3 cost time: 14.010066747665405
Epoch: 3, Steps: 264 | Train Loss: 0.3736984 Vali Loss: 0.6529913 Test Loss: 0.3883750
Validation loss decreased (0.669361 --> 0.652991).  Saving model ...
Updating learning rate to 5.3264938756102174e-06
	iters: 100, epoch: 4 | loss: 0.3403454
	speed: 0.1408s/iter; left time: 3592.8739s
	iters: 200, epoch: 4 | loss: 0.3585032
	speed: 0.0531s/iter; left time: 1350.1577s
Epoch: 4 cost time: 14.009030818939209
Epoch: 4, Steps: 264 | Train Loss: 0.3595081 Vali Loss: 0.6442817 Test Loss: 0.3806423
Validation loss decreased (0.652991 --> 0.644282).  Saving model ...
Updating learning rate to 6.349728555065631e-06
	iters: 100, epoch: 5 | loss: 0.3289858
	speed: 0.1423s/iter; left time: 3592.7199s
	iters: 200, epoch: 5 | loss: 0.3737541
	speed: 0.0532s/iter; left time: 1337.1903s
Epoch: 5 cost time: 14.011086463928223
Epoch: 5, Steps: 264 | Train Loss: 0.3508940 Vali Loss: 0.6424692 Test Loss: 0.3764104
Validation loss decreased (0.644282 --> 0.642469).  Saving model ...
Updating learning rate to 7.654465623149092e-06
	iters: 100, epoch: 6 | loss: 0.3297842
	speed: 0.1389s/iter; left time: 3469.2909s
	iters: 200, epoch: 6 | loss: 0.3270808
	speed: 0.0532s/iter; left time: 1323.1082s
Epoch: 6 cost time: 14.018794775009155
Epoch: 6, Steps: 264 | Train Loss: 0.3443890 Vali Loss: 0.6366268 Test Loss: 0.3734772
Validation loss decreased (0.642469 --> 0.636627).  Saving model ...
Updating learning rate to 9.232659419022894e-06
	iters: 100, epoch: 7 | loss: 0.3247248
	speed: 0.1440s/iter; left time: 3558.3302s
	iters: 200, epoch: 7 | loss: 0.3266207
	speed: 0.0532s/iter; left time: 1309.2894s
Epoch: 7 cost time: 14.050213813781738
Epoch: 7, Steps: 264 | Train Loss: 0.3389028 Vali Loss: 0.6342970 Test Loss: 0.3730150
Validation loss decreased (0.636627 --> 0.634297).  Saving model ...
Updating learning rate to 1.1074578010998666e-05
	iters: 100, epoch: 8 | loss: 0.3450710
	speed: 0.1469s/iter; left time: 3592.9279s
	iters: 200, epoch: 8 | loss: 0.3771693
	speed: 0.0531s/iter; left time: 1293.3858s
Epoch: 8 cost time: 14.024637699127197
Epoch: 8, Steps: 264 | Train Loss: 0.3335745 Vali Loss: 0.6355107 Test Loss: 0.3719915
EarlyStopping counter: 1 out of 20
Updating learning rate to 1.3168863208492038e-05
	iters: 100, epoch: 9 | loss: 0.3402686
	speed: 0.1255s/iter; left time: 3035.1458s
	iters: 200, epoch: 9 | loss: 0.3188497
	speed: 0.0536s/iter; left time: 1292.1911s
Epoch: 9 cost time: 14.127789974212646
Epoch: 9, Steps: 264 | Train Loss: 0.3284775 Vali Loss: 0.6408024 Test Loss: 0.3691035
EarlyStopping counter: 2 out of 20
Updating learning rate to 1.5502600602302323e-05
	iters: 100, epoch: 10 | loss: 0.3355031
	speed: 0.1262s/iter; left time: 3018.4609s
	iters: 200, epoch: 10 | loss: 0.2938023
	speed: 0.0536s/iter; left time: 1276.5325s
Epoch: 10 cost time: 14.158056735992432
Epoch: 10, Steps: 264 | Train Loss: 0.3238470 Vali Loss: 0.6341974 Test Loss: 0.3673093
Validation loss decreased (0.634297 --> 0.634197).  Saving model ...
Updating learning rate to 1.8061399201313948e-05
	iters: 100, epoch: 11 | loss: 0.3434717
	speed: 0.1495s/iter; left time: 3536.6925s
	iters: 200, epoch: 11 | loss: 0.3160459
	speed: 0.0531s/iter; left time: 1252.1854s
Epoch: 11 cost time: 14.043597936630249
Epoch: 11, Steps: 264 | Train Loss: 0.3181276 Vali Loss: 0.6327021 Test Loss: 0.3661343
Validation loss decreased (0.634197 --> 0.632702).  Saving model ...
Updating learning rate to 2.08294801745399e-05
	iters: 100, epoch: 12 | loss: 0.3248735
	speed: 0.1414s/iter; left time: 3308.3049s
	iters: 200, epoch: 12 | loss: 0.2838573
	speed: 0.0534s/iter; left time: 1243.8563s
Epoch: 12 cost time: 14.084687948226929
Epoch: 12, Steps: 264 | Train Loss: 0.3124212 Vali Loss: 0.6364500 Test Loss: 0.3677540
EarlyStopping counter: 1 out of 20
Updating learning rate to 2.378977415127951e-05
	iters: 100, epoch: 13 | loss: 0.3180593
	speed: 0.1256s/iter; left time: 2904.5606s
	iters: 200, epoch: 13 | loss: 0.2906480
	speed: 0.0539s/iter; left time: 1241.1050s
Epoch: 13 cost time: 14.169900178909302
Epoch: 13, Steps: 264 | Train Loss: 0.3065901 Vali Loss: 0.6377725 Test Loss: 0.3675924
EarlyStopping counter: 2 out of 20
Updating learning rate to 2.6924026479389104e-05
	iters: 100, epoch: 14 | loss: 0.3029328
	speed: 0.1266s/iter; left time: 2894.1704s
	iters: 200, epoch: 14 | loss: 0.3225058
	speed: 0.0537s/iter; left time: 1222.9791s
Epoch: 14 cost time: 14.158715963363647
Epoch: 14, Steps: 264 | Train Loss: 0.3006462 Vali Loss: 0.6406224 Test Loss: 0.3674766
EarlyStopping counter: 3 out of 20
Updating learning rate to 3.0212909792590238e-05
	iters: 100, epoch: 15 | loss: 0.2754323
	speed: 0.1263s/iter; left time: 2854.4641s
	iters: 200, epoch: 15 | loss: 0.3014601
	speed: 0.0537s/iter; left time: 1208.9493s
Epoch: 15 cost time: 14.176677465438843
Epoch: 15, Steps: 264 | Train Loss: 0.2948960 Vali Loss: 0.6398525 Test Loss: 0.3673629
EarlyStopping counter: 4 out of 20
Updating learning rate to 3.363614319266957e-05
	iters: 100, epoch: 16 | loss: 0.2684050
	speed: 0.1262s/iter; left time: 2818.9019s
	iters: 200, epoch: 16 | loss: 0.2919992
	speed: 0.0537s/iter; left time: 1195.1435s
Epoch: 16 cost time: 14.155369281768799
Epoch: 16, Steps: 264 | Train Loss: 0.2890187 Vali Loss: 0.6521400 Test Loss: 0.3687685
EarlyStopping counter: 5 out of 20
Updating learning rate to 3.7172617311633196e-05
	iters: 100, epoch: 17 | loss: 0.2968765
	speed: 0.1263s/iter; left time: 2787.8376s
	iters: 200, epoch: 17 | loss: 0.2792118
	speed: 0.0538s/iter; left time: 1181.4904s
Epoch: 17 cost time: 14.158188819885254
Epoch: 17, Steps: 264 | Train Loss: 0.2832206 Vali Loss: 0.6553981 Test Loss: 0.3687268
EarlyStopping counter: 6 out of 20
Updating learning rate to 4.0800524482619576e-05
	iters: 100, epoch: 18 | loss: 0.2831725
	speed: 0.1260s/iter; left time: 2748.2737s
	iters: 200, epoch: 18 | loss: 0.2801086
	speed: 0.0537s/iter; left time: 1165.0225s
Epoch: 18 cost time: 14.14835262298584
Epoch: 18, Steps: 264 | Train Loss: 0.2770336 Vali Loss: 0.6603521 Test Loss: 0.3729127
EarlyStopping counter: 7 out of 20
Updating learning rate to 4.449749321687241e-05
	iters: 100, epoch: 19 | loss: 0.2818329
	speed: 0.1263s/iter; left time: 2722.3111s
	iters: 200, epoch: 19 | loss: 0.2805544
	speed: 0.0536s/iter; left time: 1149.9002s
Epoch: 19 cost time: 14.142372131347656
Epoch: 19, Steps: 264 | Train Loss: 0.2706835 Vali Loss: 0.6770455 Test Loss: 0.3739479
EarlyStopping counter: 8 out of 20
Updating learning rate to 4.824072615752094e-05
	iters: 100, epoch: 20 | loss: 0.2829920
	speed: 0.1263s/iter; left time: 2687.3272s
	iters: 200, epoch: 20 | loss: 0.2806059
	speed: 0.0536s/iter; left time: 1135.7814s
Epoch: 20 cost time: 14.134948968887329
Epoch: 20, Steps: 264 | Train Loss: 0.2642825 Vali Loss: 0.6726531 Test Loss: 0.3772101
EarlyStopping counter: 9 out of 20
Updating learning rate to 5.200714065947608e-05
	iters: 100, epoch: 21 | loss: 0.2551852
	speed: 0.1261s/iter; left time: 2650.6838s
	iters: 200, epoch: 21 | loss: 0.2567751
	speed: 0.0536s/iter; left time: 1122.0387s
Epoch: 21 cost time: 14.1536283493042
Epoch: 21, Steps: 264 | Train Loss: 0.2575196 Vali Loss: 0.6931868 Test Loss: 0.3846863
EarlyStopping counter: 10 out of 20
Updating learning rate to 5.577351112855618e-05
	iters: 100, epoch: 22 | loss: 0.2307564
	speed: 0.1258s/iter; left time: 2611.2715s
	iters: 200, epoch: 22 | loss: 0.2368121
	speed: 0.0538s/iter; left time: 1111.4540s
Epoch: 22 cost time: 14.16117238998413
Epoch: 22, Steps: 264 | Train Loss: 0.2508842 Vali Loss: 0.6996620 Test Loss: 0.3872247
EarlyStopping counter: 11 out of 20
Updating learning rate to 5.951661224210828e-05
	iters: 100, epoch: 23 | loss: 0.2348950
	speed: 0.1257s/iter; left time: 2576.7189s
	iters: 200, epoch: 23 | loss: 0.2319779
	speed: 0.0537s/iter; left time: 1095.2250s
Epoch: 23 cost time: 14.12649130821228
Epoch: 23, Steps: 264 | Train Loss: 0.2436721 Vali Loss: 0.7132608 Test Loss: 0.3896828
EarlyStopping counter: 12 out of 20
Updating learning rate to 6.321336216795497e-05
	iters: 100, epoch: 24 | loss: 0.2438626
	speed: 0.1253s/iter; left time: 2534.7139s
	iters: 200, epoch: 24 | loss: 0.2317817
	speed: 0.0537s/iter; left time: 1080.6442s
Epoch: 24 cost time: 14.156002521514893
Epoch: 24, Steps: 264 | Train Loss: 0.2366115 Vali Loss: 0.7086715 Test Loss: 0.3911602
EarlyStopping counter: 13 out of 20
Updating learning rate to 6.684096489850761e-05
	iters: 100, epoch: 25 | loss: 0.2380501
	speed: 0.1268s/iter; left time: 2531.1547s
	iters: 200, epoch: 25 | loss: 0.2255265
	speed: 0.0536s/iter; left time: 1064.1579s
Epoch: 25 cost time: 14.141879320144653
Epoch: 25, Steps: 264 | Train Loss: 0.2295222 Vali Loss: 0.7281600 Test Loss: 0.3983643
EarlyStopping counter: 14 out of 20
Updating learning rate to 7.03770508223417e-05
	iters: 100, epoch: 26 | loss: 0.2123375
	speed: 0.1267s/iter; left time: 2495.1549s
	iters: 200, epoch: 26 | loss: 0.2232400
	speed: 0.0536s/iter; left time: 1050.1022s
Epoch: 26 cost time: 14.136179447174072
Epoch: 26, Steps: 264 | Train Loss: 0.2225240 Vali Loss: 0.7526891 Test Loss: 0.4011702
EarlyStopping counter: 15 out of 20
Updating learning rate to 7.379981466640088e-05
	iters: 100, epoch: 27 | loss: 0.2179823
	speed: 0.1259s/iter; left time: 2446.3715s
	iters: 200, epoch: 27 | loss: 0.2313967
	speed: 0.0537s/iter; left time: 1039.1612s
Epoch: 27 cost time: 14.169565200805664
Epoch: 27, Steps: 264 | Train Loss: 0.2154304 Vali Loss: 0.7429150 Test Loss: 0.4037584
EarlyStopping counter: 16 out of 20
Updating learning rate to 7.708814995820833e-05
	iters: 100, epoch: 28 | loss: 0.2083715
	speed: 0.1262s/iter; left time: 2419.6426s
	iters: 200, epoch: 28 | loss: 0.2174015
	speed: 0.0532s/iter; left time: 1014.3059s
Epoch: 28 cost time: 13.96303391456604
Epoch: 28, Steps: 264 | Train Loss: 0.2088668 Vali Loss: 0.7553497 Test Loss: 0.4095530
EarlyStopping counter: 17 out of 20
Updating learning rate to 8.022177917892456e-05
	iters: 100, epoch: 29 | loss: 0.2200136
	speed: 0.1245s/iter; left time: 2355.0669s
	iters: 200, epoch: 29 | loss: 0.2157074
	speed: 0.0535s/iter; left time: 1006.1069s
Epoch: 29 cost time: 14.134130716323853
Epoch: 29, Steps: 264 | Train Loss: 0.2024563 Vali Loss: 0.7575237 Test Loss: 0.4156339
EarlyStopping counter: 18 out of 20
Updating learning rate to 8.318137880466269e-05
	iters: 100, epoch: 30 | loss: 0.1902108
	speed: 0.1261s/iter; left time: 2350.8925s
	iters: 200, epoch: 30 | loss: 0.2072986
	speed: 0.0535s/iter; left time: 992.9782s
Epoch: 30 cost time: 14.135268688201904
Epoch: 30, Steps: 264 | Train Loss: 0.1962895 Vali Loss: 0.7648057 Test Loss: 0.4194447
EarlyStopping counter: 19 out of 20
Updating learning rate to 8.594869846499432e-05
	iters: 100, epoch: 31 | loss: 0.1887548
	speed: 0.1261s/iter; left time: 2317.1744s
	iters: 200, epoch: 31 | loss: 0.1912634
	speed: 0.0536s/iter; left time: 980.1003s
Epoch: 31 cost time: 14.126802444458008
Epoch: 31, Steps: 264 | Train Loss: 0.1902379 Vali Loss: 0.7685117 Test Loss: 0.4242586
EarlyStopping counter: 20 out of 20
Early stopping
>>>>>>>testing : NL_ettm1_cms3_lr0.0001_always_336_336_PatchTST_ETTm1_ftM_sl336_ll48_pl336_dm128_nh16_el3_dl1_df256_fc1_ebtimeF_dtTruelr0.0001_pol_always_Nested_Learning_0<<<<<<<<<<<<<<<<<<<<<<<<<<<<<<<<<
test 11185
 Ejecutando Inferencia DINÁMICA (Nested Learning con cms3)
  -> Política: always | LR: 0.0001 | Target: head

RESUMEN: El CMS se actualizó 87 veces de 87 posibles.

mse:0.36550280451774597, mae:0.39167243242263794, rse:0.5752304792404175
Args in experiment:
Namespace(random_seed=2021, is_training=1, model_id='NL_ettm1_cms3_lr0.0001_always_336_720', model='PatchTST', data='ETTm1', root_path='./dataset/', data_path='ETTm1.csv', features='M', target='OT', freq='h', checkpoints='./checkpoints/', seq_len=336, label_len=48, pred_len=720, head_type='cms3', cms_lr=0.0001, update_policy='always', fc_dropout=0.2, head_dropout=0.0, patch_len=16, stride=8, padding_patch='end', revin=1, affine=0, subtract_last=0, decomposition=0, kernel_size=25, individual=1, embed_type=0, enc_in=7, dec_in=7, c_out=7, d_model=128, n_heads=16, e_layers=3, d_layers=1, d_ff=256, moving_avg=25, factor=1, distil=True, dropout=0.2, embed='timeF', activation='gelu', output_attention=False, do_predict=False, num_workers=0, itr=1, train_epochs=100, batch_size=128, patience=20, learning_rate=0.0001, des='Nested_Learning', loss='mse', lradj='TST', pct_start=0.4, use_amp=False, use_gpu=True, gpu=0, use_multi_gpu=False, devices='0,1,2,3', test_flop=False)
Use GPU: cuda:0
>>>>>>>start training : NL_ettm1_cms3_lr0.0001_always_336_720_PatchTST_ETTm1_ftM_sl336_ll48_pl720_dm128_nh16_el3_dl1_df256_fc1_ebtimeF_dtTruelr0.0001_pol_always_Nested_Learning_0>>>>>>>>>>>>>>>>>>>>>>>>>>
train 33505
val 10801
test 10801
	iters: 100, epoch: 1 | loss: 0.5476223
	speed: 0.1843s/iter; left time: 4793.1356s
	iters: 200, epoch: 1 | loss: 0.4917479
	speed: 0.0562s/iter; left time: 1454.5515s
Epoch: 1 cost time: 14.954562902450562
Epoch: 1, Steps: 261 | Train Loss: 0.5542337 Vali Loss: 1.0168728 Test Loss: 0.4933190
Validation loss decreased (inf --> 1.016873).  Saving model ...
Updating learning rate to 4.147996316662011e-06
	iters: 100, epoch: 2 | loss: 0.4564045
	speed: 0.2069s/iter; left time: 5326.6713s
	iters: 200, epoch: 2 | loss: 0.4351477
	speed: 0.0564s/iter; left time: 1446.3123s
Epoch: 2 cost time: 14.739745616912842
Epoch: 2, Steps: 261 | Train Loss: 0.4659084 Vali Loss: 0.9763090 Test Loss: 0.4595056
Validation loss decreased (1.016873 --> 0.976309).  Saving model ...
Updating learning rate to 4.591072645408634e-06
	iters: 100, epoch: 3 | loss: 0.4366356
	speed: 0.2044s/iter; left time: 5209.0440s
	iters: 200, epoch: 3 | loss: 0.4132039
	speed: 0.0565s/iter; left time: 1435.1559s
Epoch: 3 cost time: 14.771019458770752
Epoch: 3, Steps: 261 | Train Loss: 0.4403335 Vali Loss: 0.9648337 Test Loss: 0.4451365
Validation loss decreased (0.976309 --> 0.964834).  Saving model ...
Updating learning rate to 5.326496750212602e-06
	iters: 100, epoch: 4 | loss: 0.4279206
	speed: 0.1915s/iter; left time: 4828.6971s
	iters: 200, epoch: 4 | loss: 0.4318357
	speed: 0.0569s/iter; left time: 1429.3442s
Epoch: 4 cost time: 14.809773445129395
Epoch: 4, Steps: 261 | Train Loss: 0.4266863 Vali Loss: 0.9571850 Test Loss: 0.4376105
Validation loss decreased (0.964834 --> 0.957185).  Saving model ...
Updating learning rate to 6.349733628628268e-06
	iters: 100, epoch: 5 | loss: 0.3995587
	speed: 0.2249s/iter; left time: 5612.5107s
	iters: 200, epoch: 5 | loss: 0.4102988
	speed: 0.0589s/iter; left time: 1463.6941s
Epoch: 5 cost time: 15.116505861282349
Epoch: 5, Steps: 261 | Train Loss: 0.4184089 Vali Loss: 0.9574889 Test Loss: 0.4337995
EarlyStopping counter: 1 out of 20
Updating learning rate to 7.654473476944045e-06
	iters: 100, epoch: 6 | loss: 0.4472860
	speed: 0.1345s/iter; left time: 3321.3362s
	iters: 200, epoch: 6 | loss: 0.3893810
	speed: 0.0570s/iter; left time: 1401.8467s
Epoch: 6 cost time: 14.87328839302063
Epoch: 6, Steps: 261 | Train Loss: 0.4121126 Vali Loss: 0.9512986 Test Loss: 0.4323993
Validation loss decreased (0.957185 --> 0.951299).  Saving model ...
Updating learning rate to 9.232670599670218e-06
	iters: 100, epoch: 7 | loss: 0.3939862
	speed: 0.1761s/iter; left time: 4302.3753s
	iters: 200, epoch: 7 | loss: 0.4063006
	speed: 0.0569s/iter; left time: 1384.8540s
Epoch: 7 cost time: 14.82011890411377
Epoch: 7, Steps: 261 | Train Loss: 0.4070312 Vali Loss: 0.9506997 Test Loss: 0.4294222
Validation loss decreased (0.951299 --> 0.950700).  Saving model ...
Updating learning rate to 1.1074593023426382e-05
	iters: 100, epoch: 8 | loss: 0.3532529
	speed: 0.1960s/iter; left time: 4738.5958s
	iters: 200, epoch: 8 | loss: 0.4107769
	speed: 0.0568s/iter; left time: 1366.2506s
Epoch: 8 cost time: 14.825390100479126
Epoch: 8, Steps: 261 | Train Loss: 0.4021570 Vali Loss: 0.9462899 Test Loss: 0.4273443
Validation loss decreased (0.950700 --> 0.946290).  Saving model ...
Updating learning rate to 1.3168882509283648e-05
	iters: 100, epoch: 9 | loss: 0.3664805
	speed: 0.1873s/iter; left time: 4478.4664s
	iters: 200, epoch: 9 | loss: 0.4059856
	speed: 0.0579s/iter; left time: 1377.6965s
Epoch: 9 cost time: 15.04090929031372
Epoch: 9, Steps: 261 | Train Loss: 0.3969910 Vali Loss: 0.9448908 Test Loss: 0.4242725
Validation loss decreased (0.946290 --> 0.944891).  Saving model ...
Updating learning rate to 1.5502624593494887e-05
	iters: 100, epoch: 10 | loss: 0.3669984
	speed: 0.1966s/iter; left time: 4650.9305s
	iters: 200, epoch: 10 | loss: 0.3796636
	speed: 0.0569s/iter; left time: 1340.1115s
Epoch: 10 cost time: 15.058610677719116
Epoch: 10, Steps: 261 | Train Loss: 0.3910372 Vali Loss: 0.9405852 Test Loss: 0.4213423
Validation loss decreased (0.944891 --> 0.940585).  Saving model ...
Updating learning rate to 1.806142822470586e-05
	iters: 100, epoch: 11 | loss: 0.3749955
	speed: 0.2305s/iter; left time: 5391.5209s
	iters: 200, epoch: 11 | loss: 0.3934529
	speed: 0.0566s/iter; left time: 1318.4452s
Epoch: 11 cost time: 17.920588970184326
Epoch: 11, Steps: 261 | Train Loss: 0.3843454 Vali Loss: 0.9323148 Test Loss: 0.4193257
Validation loss decreased (0.940585 --> 0.932315).  Saving model ...
Updating learning rate to 2.0829514506563195e-05
	iters: 100, epoch: 12 | loss: 0.3770260
	speed: 0.1963s/iter; left time: 4540.4277s
	iters: 200, epoch: 12 | loss: 0.3498163
	speed: 0.0567s/iter; left time: 1306.3903s
Epoch: 12 cost time: 14.910038471221924
Epoch: 12, Steps: 261 | Train Loss: 0.3768523 Vali Loss: 0.9278172 Test Loss: 0.4224731
Validation loss decreased (0.932315 --> 0.927817).  Saving model ...
Updating learning rate to 2.3789813998487008e-05
	iters: 100, epoch: 13 | loss: 0.3716118
	speed: 0.1589s/iter; left time: 3633.9637s
	iters: 200, epoch: 13 | loss: 0.3583780
	speed: 0.0570s/iter; left time: 1297.0580s
Epoch: 13 cost time: 14.867947578430176
Epoch: 13, Steps: 261 | Train Loss: 0.3700123 Vali Loss: 0.9274048 Test Loss: 0.4235442
Validation loss decreased (0.927817 --> 0.927405).  Saving model ...
Updating learning rate to 2.6924071974601397e-05
	iters: 100, epoch: 14 | loss: 0.3610563
	speed: 0.1520s/iter; left time: 3435.3166s
	iters: 200, epoch: 14 | loss: 0.3482242
	speed: 0.0572s/iter; left time: 1286.5402s
Epoch: 14 cost time: 14.881747722625732
Epoch: 14, Steps: 261 | Train Loss: 0.3624867 Vali Loss: 0.9375352 Test Loss: 0.4268582
EarlyStopping counter: 1 out of 20
Updating learning rate to 3.0212960991742456e-05
	iters: 100, epoch: 15 | loss: 0.3524090
	speed: 0.1330s/iter; left time: 2971.6097s
	iters: 200, epoch: 15 | loss: 0.3895900
	speed: 0.0573s/iter; left time: 1274.6113s
Epoch: 15 cost time: 14.936780214309692
Epoch: 15, Steps: 261 | Train Loss: 0.3550089 Vali Loss: 0.9446778 Test Loss: 0.4274568
EarlyStopping counter: 2 out of 20
Updating learning rate to 3.363620007239161e-05
	iters: 100, epoch: 16 | loss: 0.3699216
	speed: 0.1334s/iter; left time: 2945.5801s
	iters: 200, epoch: 16 | loss: 0.3431523
	speed: 0.0574s/iter; left time: 1262.7441s
Epoch: 16 cost time: 14.962240934371948
Epoch: 16, Steps: 261 | Train Loss: 0.3464717 Vali Loss: 0.9641458 Test Loss: 0.4298574
EarlyStopping counter: 3 out of 20
Updating learning rate to 3.717267976759092e-05
	iters: 100, epoch: 17 | loss: 0.3369674
	speed: 0.1307s/iter; left time: 2852.4866s
	iters: 200, epoch: 17 | loss: 0.3407679
	speed: 0.0551s/iter; left time: 1196.9612s
Epoch: 17 cost time: 14.484148740768433
Epoch: 17, Steps: 261 | Train Loss: 0.3377267 Vali Loss: 0.9690191 Test Loss: 0.4344908
EarlyStopping counter: 4 out of 20
Updating learning rate to 4.0800592328638756e-05
	iters: 100, epoch: 18 | loss: 0.3220603
	speed: 0.1326s/iter; left time: 2859.6227s
	iters: 200, epoch: 18 | loss: 0.2938088
	speed: 0.0574s/iter; left time: 1231.3501s
Epoch: 18 cost time: 14.94746208190918
Epoch: 18, Steps: 261 | Train Loss: 0.3287860 Vali Loss: 0.9723162 Test Loss: 0.4424025
EarlyStopping counter: 5 out of 20
Updating learning rate to 4.449756618485984e-05
	iters: 100, epoch: 19 | loss: 0.3263953
	speed: 0.1328s/iter; left time: 2828.7088s
	iters: 200, epoch: 19 | loss: 0.3346151
	speed: 0.0573s/iter; left time: 1214.7208s
Epoch: 19 cost time: 14.934192657470703
Epoch: 19, Steps: 261 | Train Loss: 0.3193685 Vali Loss: 0.9826322 Test Loss: 0.4410626
EarlyStopping counter: 6 out of 20
Updating learning rate to 4.824080389819096e-05
	iters: 100, epoch: 20 | loss: 0.3121968
	speed: 0.1334s/iter; left time: 2807.0664s
	iters: 200, epoch: 20 | loss: 0.3061581
	speed: 0.0573s/iter; left time: 1199.9315s
Epoch: 20 cost time: 14.946282625198364
Epoch: 20, Steps: 261 | Train Loss: 0.3096561 Vali Loss: 1.0054045 Test Loss: 0.4450776
EarlyStopping counter: 7 out of 20
Updating learning rate to 5.2007222743883666e-05
	iters: 100, epoch: 21 | loss: 0.2970740
	speed: 0.1330s/iter; left time: 2764.3934s
	iters: 200, epoch: 21 | loss: 0.3127110
	speed: 0.0574s/iter; left time: 1187.0995s
Epoch: 21 cost time: 14.95962929725647
Epoch: 21, Steps: 261 | Train Loss: 0.3007204 Vali Loss: 1.0175020 Test Loss: 0.4502973
EarlyStopping counter: 8 out of 20
Updating learning rate to 5.577359705043091e-05
	iters: 100, epoch: 22 | loss: 0.2949105
	speed: 0.1328s/iter; left time: 2725.5155s
	iters: 200, epoch: 22 | loss: 0.2877994
	speed: 0.0573s/iter; left time: 1169.8605s
Epoch: 22 cost time: 14.935336112976074
Epoch: 22, Steps: 261 | Train Loss: 0.2918870 Vali Loss: 1.0226440 Test Loss: 0.4562114
EarlyStopping counter: 9 out of 20
Updating learning rate to 5.951670142097692e-05
	iters: 100, epoch: 23 | loss: 0.3007483
	speed: 0.1332s/iter; left time: 2697.6753s
	iters: 200, epoch: 23 | loss: 0.2658032
	speed: 0.0571s/iter; left time: 1151.2120s
Epoch: 23 cost time: 14.9232919216156
Epoch: 23, Steps: 261 | Train Loss: 0.2836342 Vali Loss: 1.0489818 Test Loss: 0.4580744
EarlyStopping counter: 10 out of 20
Updating learning rate to 6.321345395303321e-05
	iters: 100, epoch: 24 | loss: 0.2672310
	speed: 0.1328s/iter; left time: 2654.8059s
	iters: 200, epoch: 24 | loss: 0.2703213
	speed: 0.0573s/iter; left time: 1139.8090s
Epoch: 24 cost time: 14.946694135665894
Epoch: 24, Steps: 261 | Train Loss: 0.2753545 Vali Loss: 1.0433168 Test Loss: 0.4602478
EarlyStopping counter: 11 out of 20
Updating learning rate to 6.6841058573335e-05
	iters: 100, epoch: 25 | loss: 0.2533428
	speed: 0.1327s/iter; left time: 2618.7448s
	iters: 200, epoch: 25 | loss: 0.2702459
	speed: 0.0573s/iter; left time: 1124.3997s
Epoch: 25 cost time: 14.915050506591797
Epoch: 25, Steps: 261 | Train Loss: 0.2678168 Vali Loss: 1.0654522 Test Loss: 0.4647023
EarlyStopping counter: 12 out of 20
Updating learning rate to 7.037714561012768e-05
	iters: 100, epoch: 26 | loss: 0.2717030
	speed: 0.1327s/iter; left time: 2585.0559s
	iters: 200, epoch: 26 | loss: 0.2687250
	speed: 0.0573s/iter; left time: 1109.6356s
Epoch: 26 cost time: 14.928444385528564
Epoch: 26, Steps: 261 | Train Loss: 0.2605638 Vali Loss: 1.0627992 Test Loss: 0.4673591
EarlyStopping counter: 13 out of 20
Updating learning rate to 7.379990973604285e-05
	iters: 100, epoch: 27 | loss: 0.2410959
	speed: 0.1332s/iter; left time: 2559.9510s
	iters: 200, epoch: 27 | loss: 0.2499595
	speed: 0.0572s/iter; left time: 1094.2507s
Epoch: 27 cost time: 14.929157495498657
Epoch: 27, Steps: 261 | Train Loss: 0.2534426 Vali Loss: 1.0760155 Test Loss: 0.4664744
EarlyStopping counter: 14 out of 20
Updating learning rate to 7.708824443093723e-05
	iters: 100, epoch: 28 | loss: 0.2531138
	speed: 0.1325s/iter; left time: 2511.0554s
	iters: 200, epoch: 28 | loss: 0.2427291
	speed: 0.0574s/iter; left time: 1081.4564s
Epoch: 28 cost time: 14.808287143707275
Epoch: 28, Steps: 261 | Train Loss: 0.2467830 Vali Loss: 1.0724354 Test Loss: 0.4741576
EarlyStopping counter: 15 out of 20
Updating learning rate to 8.022187213552767e-05
	iters: 100, epoch: 29 | loss: 0.2531184
	speed: 0.1293s/iter; left time: 2416.9896s
	iters: 200, epoch: 29 | loss: 0.2398028
	speed: 0.0551s/iter; left time: 1023.9861s
Epoch: 29 cost time: 14.341647148132324
Epoch: 29, Steps: 261 | Train Loss: 0.2403271 Vali Loss: 1.0798159 Test Loss: 0.4738958
EarlyStopping counter: 16 out of 20
Updating learning rate to 8.318146929322795e-05
	iters: 100, epoch: 30 | loss: 0.2377439
	speed: 0.1290s/iter; left time: 2378.2215s
	iters: 200, epoch: 30 | loss: 0.2393075
	speed: 0.0550s/iter; left time: 1009.0713s
Epoch: 30 cost time: 14.33835482597351
Epoch: 30, Steps: 261 | Train Loss: 0.2341310 Vali Loss: 1.0747411 Test Loss: 0.4833929
EarlyStopping counter: 17 out of 20
Updating learning rate to 8.59487855091154e-05
	iters: 100, epoch: 31 | loss: 0.2361929
	speed: 0.1295s/iter; left time: 2353.1010s
	iters: 200, epoch: 31 | loss: 0.2181936
	speed: 0.0550s/iter; left time: 994.5166s
Epoch: 31 cost time: 14.338578462600708
Epoch: 31, Steps: 261 | Train Loss: 0.2276957 Vali Loss: 1.0822611 Test Loss: 0.4793213
EarlyStopping counter: 18 out of 20
Updating learning rate to 8.850675609123214e-05
	iters: 100, epoch: 32 | loss: 0.2181467
	speed: 0.1292s/iter; left time: 2313.7583s
	iters: 200, epoch: 32 | loss: 0.2253600
	speed: 0.0550s/iter; left time: 978.8773s
Epoch: 32 cost time: 14.33651614189148
Epoch: 32, Steps: 261 | Train Loss: 0.2220532 Vali Loss: 1.0834620 Test Loss: 0.4806171
EarlyStopping counter: 19 out of 20
Updating learning rate to 9.083960728023302e-05
	iters: 100, epoch: 33 | loss: 0.2093035
	speed: 0.1292s/iter; left time: 2281.1175s
	iters: 200, epoch: 33 | loss: 0.2241611
	speed: 0.0550s/iter; left time: 965.2003s
Epoch: 33 cost time: 14.339892625808716
Epoch: 33, Steps: 261 | Train Loss: 0.2161308 Vali Loss: 1.0990390 Test Loss: 0.4886207
EarlyStopping counter: 20 out of 20
Early stopping
>>>>>>>testing : NL_ettm1_cms3_lr0.0001_always_336_720_PatchTST_ETTm1_ftM_sl336_ll48_pl720_dm128_nh16_el3_dl1_df256_fc1_ebtimeF_dtTruelr0.0001_pol_always_Nested_Learning_0<<<<<<<<<<<<<<<<<<<<<<<<<<<<<<<<<
test 10801
 Ejecutando Inferencia DINÁMICA (Nested Learning con cms3)
  -> Política: always | LR: 0.0001 | Target: head

RESUMEN: El CMS se actualizó 84 veces de 84 posibles.

mse:0.42683759331703186, mae:0.4311981201171875, rse:0.6214673519134521
