==========================================================
SÚPER ARRAY TFG - TAREA ID: 17 / 113
Nodo: dionisio
Dataset: etth1 | Experimento: NL_etth1_cms3_lr0.00005_spc
Cabeza: cms3 | LR: 0.00005 | Política: spc
==========================================================
Args in experiment:
Namespace(random_seed=2021, is_training=1, model_id='NL_etth1_cms3_lr0.00005_spc_336_96', model='PatchTST', data='ETTh1', root_path='./dataset/', data_path='ETTh1.csv', features='M', target='OT', freq='h', checkpoints='./checkpoints/', seq_len=336, label_len=48, pred_len=96, head_type='cms3', cms_lr=5e-05, update_policy='spc', fc_dropout=0.3, head_dropout=0.0, patch_len=16, stride=8, padding_patch='end', revin=1, affine=0, subtract_last=0, decomposition=0, kernel_size=25, individual=0, embed_type=0, enc_in=7, dec_in=7, c_out=7, d_model=16, n_heads=4, e_layers=3, d_layers=1, d_ff=128, moving_avg=25, factor=1, distil=True, dropout=0.3, embed='timeF', activation='gelu', output_attention=False, do_predict=False, num_workers=0, itr=1, train_epochs=100, batch_size=128, patience=100, learning_rate=0.0001, des='Nested_Learning', loss='mse', lradj='type3', pct_start=0.3, use_amp=False, use_gpu=True, gpu=0, use_multi_gpu=False, devices='0,1,2,3', test_flop=False)
Use GPU: cuda:0
>>>>>>>start training : NL_etth1_cms3_lr0.00005_spc_336_96_PatchTST_ETTh1_ftM_sl336_ll48_pl96_dm16_nh4_el3_dl1_df128_fc1_ebtimeF_dtTruelr5e-05_polspc_Nested_Learning_0>>>>>>>>>>>>>>>>>>>>>>>>>>
train 8209
val 2785
test 2785
Epoch: 1 cost time: 2.8986029624938965
Epoch: 1, Steps: 64 | Train Loss: 0.7558829 Vali Loss: 1.5318483 Test Loss: 0.8554183
Validation loss decreased (inf --> 1.531848).  Saving model ...
Updating learning rate to 0.0001
Epoch: 2 cost time: 1.6780774593353271
Epoch: 2, Steps: 64 | Train Loss: 0.7480046 Vali Loss: 1.5028216 Test Loss: 0.8335540
Validation loss decreased (1.531848 --> 1.502822).  Saving model ...
Updating learning rate to 0.0001
Epoch: 3 cost time: 2.303657293319702
Epoch: 3, Steps: 64 | Train Loss: 0.7339358 Vali Loss: 1.4692519 Test Loss: 0.8134933
Validation loss decreased (1.502822 --> 1.469252).  Saving model ...
Updating learning rate to 0.0001
Epoch: 4 cost time: 2.30080509185791
Epoch: 4, Steps: 64 | Train Loss: 0.7204740 Vali Loss: 1.4454966 Test Loss: 0.7949257
Validation loss decreased (1.469252 --> 1.445497).  Saving model ...
Updating learning rate to 9e-05
Epoch: 5 cost time: 2.3154854774475098
Epoch: 5, Steps: 64 | Train Loss: 0.7079282 Vali Loss: 1.4242758 Test Loss: 0.7798488
Validation loss decreased (1.445497 --> 1.424276).  Saving model ...
Updating learning rate to 8.1e-05
Epoch: 6 cost time: 2.3129189014434814
Epoch: 6, Steps: 64 | Train Loss: 0.6978263 Vali Loss: 1.4049191 Test Loss: 0.7666025
Validation loss decreased (1.424276 --> 1.404919).  Saving model ...
Updating learning rate to 7.290000000000001e-05
Epoch: 7 cost time: 2.30417799949646
Epoch: 7, Steps: 64 | Train Loss: 0.6880731 Vali Loss: 1.3840125 Test Loss: 0.7554970
Validation loss decreased (1.404919 --> 1.384012).  Saving model ...
Updating learning rate to 6.561e-05
Epoch: 8 cost time: 2.3159987926483154
Epoch: 8, Steps: 64 | Train Loss: 0.6800055 Vali Loss: 1.3652277 Test Loss: 0.7460253
Validation loss decreased (1.384012 --> 1.365228).  Saving model ...
Updating learning rate to 5.904900000000001e-05
Epoch: 9 cost time: 2.307908058166504
Epoch: 9, Steps: 64 | Train Loss: 0.6732696 Vali Loss: 1.3590615 Test Loss: 0.7377796
Validation loss decreased (1.365228 --> 1.359061).  Saving model ...
Updating learning rate to 5.3144100000000005e-05
Epoch: 10 cost time: 2.3100433349609375
Epoch: 10, Steps: 64 | Train Loss: 0.6665161 Vali Loss: 1.3443961 Test Loss: 0.7304730
Validation loss decreased (1.359061 --> 1.344396).  Saving model ...
Updating learning rate to 4.782969000000001e-05
Epoch: 11 cost time: 2.3214404582977295
Epoch: 11, Steps: 64 | Train Loss: 0.6612621 Vali Loss: 1.3336241 Test Loss: 0.7244061
Validation loss decreased (1.344396 --> 1.333624).  Saving model ...
Updating learning rate to 4.304672100000001e-05
Epoch: 12 cost time: 2.306976556777954
Epoch: 12, Steps: 64 | Train Loss: 0.6559656 Vali Loss: 1.3277258 Test Loss: 0.7188919
Validation loss decreased (1.333624 --> 1.327726).  Saving model ...
Updating learning rate to 3.874204890000001e-05
Epoch: 13 cost time: 2.305332899093628
Epoch: 13, Steps: 64 | Train Loss: 0.6518157 Vali Loss: 1.3206440 Test Loss: 0.7140899
Validation loss decreased (1.327726 --> 1.320644).  Saving model ...
Updating learning rate to 3.486784401000001e-05
Epoch: 14 cost time: 2.3104095458984375
Epoch: 14, Steps: 64 | Train Loss: 0.6478971 Vali Loss: 1.3130966 Test Loss: 0.7097036
Validation loss decreased (1.320644 --> 1.313097).  Saving model ...
Updating learning rate to 3.138105960900001e-05
Epoch: 15 cost time: 2.3074710369110107
Epoch: 15, Steps: 64 | Train Loss: 0.6442939 Vali Loss: 1.3062344 Test Loss: 0.7059009
Validation loss decreased (1.313097 --> 1.306234).  Saving model ...
Updating learning rate to 2.824295364810001e-05
Epoch: 16 cost time: 2.3075931072235107
Epoch: 16, Steps: 64 | Train Loss: 0.6412117 Vali Loss: 1.2973039 Test Loss: 0.7024560
Validation loss decreased (1.306234 --> 1.297304).  Saving model ...
Updating learning rate to 2.541865828329001e-05
Epoch: 17 cost time: 2.308326244354248
Epoch: 17, Steps: 64 | Train Loss: 0.6384908 Vali Loss: 1.2908938 Test Loss: 0.6994897
Validation loss decreased (1.297304 --> 1.290894).  Saving model ...
Updating learning rate to 2.287679245496101e-05
Epoch: 18 cost time: 2.326918840408325
Epoch: 18, Steps: 64 | Train Loss: 0.6359848 Vali Loss: 1.2886218 Test Loss: 0.6968492
Validation loss decreased (1.290894 --> 1.288622).  Saving model ...
Updating learning rate to 2.0589113209464907e-05
Epoch: 19 cost time: 2.3069326877593994
Epoch: 19, Steps: 64 | Train Loss: 0.6341799 Vali Loss: 1.2886697 Test Loss: 0.6944310
EarlyStopping counter: 1 out of 100
Updating learning rate to 1.8530201888518416e-05
Epoch: 20 cost time: 2.3073081970214844
Epoch: 20, Steps: 64 | Train Loss: 0.6320037 Vali Loss: 1.2825910 Test Loss: 0.6922757
Validation loss decreased (1.288622 --> 1.282591).  Saving model ...
Updating learning rate to 1.6677181699666577e-05
Epoch: 21 cost time: 2.3152544498443604
Epoch: 21, Steps: 64 | Train Loss: 0.6304362 Vali Loss: 1.2821772 Test Loss: 0.6904773
Validation loss decreased (1.282591 --> 1.282177).  Saving model ...
Updating learning rate to 1.5009463529699919e-05
Epoch: 22 cost time: 2.303551197052002
Epoch: 22, Steps: 64 | Train Loss: 0.6284545 Vali Loss: 1.2784412 Test Loss: 0.6886644
Validation loss decreased (1.282177 --> 1.278441).  Saving model ...
Updating learning rate to 1.3508517176729929e-05
Epoch: 23 cost time: 2.3084096908569336
Epoch: 23, Steps: 64 | Train Loss: 0.6270429 Vali Loss: 1.2744613 Test Loss: 0.6871058
Validation loss decreased (1.278441 --> 1.274461).  Saving model ...
Updating learning rate to 1.2157665459056936e-05
Epoch: 24 cost time: 2.306016445159912
Epoch: 24, Steps: 64 | Train Loss: 0.6254303 Vali Loss: 1.2720523 Test Loss: 0.6858151
Validation loss decreased (1.274461 --> 1.272052).  Saving model ...
Updating learning rate to 1.0941898913151242e-05
Epoch: 25 cost time: 2.3061835765838623
Epoch: 25, Steps: 64 | Train Loss: 0.6250143 Vali Loss: 1.2764101 Test Loss: 0.6846415
EarlyStopping counter: 1 out of 100
Updating learning rate to 9.847709021836118e-06
Epoch: 26 cost time: 2.298334836959839
Epoch: 26, Steps: 64 | Train Loss: 0.6237641 Vali Loss: 1.2724001 Test Loss: 0.6835048
EarlyStopping counter: 2 out of 100
Updating learning rate to 8.862938119652508e-06
Epoch: 27 cost time: 2.30938720703125
Epoch: 27, Steps: 64 | Train Loss: 0.6233830 Vali Loss: 1.2673591 Test Loss: 0.6824519
Validation loss decreased (1.272052 --> 1.267359).  Saving model ...
Updating learning rate to 7.976644307687255e-06
Epoch: 28 cost time: 2.303368091583252
Epoch: 28, Steps: 64 | Train Loss: 0.6218447 Vali Loss: 1.2653425 Test Loss: 0.6816255
Validation loss decreased (1.267359 --> 1.265342).  Saving model ...
Updating learning rate to 7.178979876918531e-06
Epoch: 29 cost time: 2.3127527236938477
Epoch: 29, Steps: 64 | Train Loss: 0.6210448 Vali Loss: 1.2653704 Test Loss: 0.6809185
EarlyStopping counter: 1 out of 100
Updating learning rate to 6.4610818892266776e-06
Epoch: 30 cost time: 2.3138067722320557
Epoch: 30, Steps: 64 | Train Loss: 0.6208148 Vali Loss: 1.2617403 Test Loss: 0.6801252
Validation loss decreased (1.265342 --> 1.261740).  Saving model ...
Updating learning rate to 5.8149737003040096e-06
Epoch: 31 cost time: 2.3071320056915283
Epoch: 31, Steps: 64 | Train Loss: 0.6200574 Vali Loss: 1.2648815 Test Loss: 0.6794691
EarlyStopping counter: 1 out of 100
Updating learning rate to 5.23347633027361e-06
Epoch: 32 cost time: 2.309530258178711
Epoch: 32, Steps: 64 | Train Loss: 0.6191148 Vali Loss: 1.2647703 Test Loss: 0.6788813
EarlyStopping counter: 2 out of 100
Updating learning rate to 4.710128697246249e-06
Epoch: 33 cost time: 2.313077926635742
Epoch: 33, Steps: 64 | Train Loss: 0.6186280 Vali Loss: 1.2641649 Test Loss: 0.6783568
EarlyStopping counter: 3 out of 100
Updating learning rate to 4.239115827521624e-06
Epoch: 34 cost time: 2.302988290786743
Epoch: 34, Steps: 64 | Train Loss: 0.6184673 Vali Loss: 1.2602637 Test Loss: 0.6778530
Validation loss decreased (1.261740 --> 1.260264).  Saving model ...
Updating learning rate to 3.815204244769462e-06
Epoch: 35 cost time: 2.3086986541748047
Epoch: 35, Steps: 64 | Train Loss: 0.6185760 Vali Loss: 1.2614313 Test Loss: 0.6775079
EarlyStopping counter: 1 out of 100
Updating learning rate to 3.4336838202925152e-06
Epoch: 36 cost time: 2.3088080883026123
Epoch: 36, Steps: 64 | Train Loss: 0.6177117 Vali Loss: 1.2594246 Test Loss: 0.6771342
Validation loss decreased (1.260264 --> 1.259425).  Saving model ...
Updating learning rate to 3.090315438263264e-06
Epoch: 37 cost time: 2.2883927822113037
Epoch: 37, Steps: 64 | Train Loss: 0.6178112 Vali Loss: 1.2584454 Test Loss: 0.6766884
Validation loss decreased (1.259425 --> 1.258445).  Saving model ...
Updating learning rate to 2.7812838944369375e-06
Epoch: 38 cost time: 2.300976276397705
Epoch: 38, Steps: 64 | Train Loss: 0.6168015 Vali Loss: 1.2567753 Test Loss: 0.6764190
Validation loss decreased (1.258445 --> 1.256775).  Saving model ...
Updating learning rate to 2.503155504993244e-06
Epoch: 39 cost time: 2.307219982147217
Epoch: 39, Steps: 64 | Train Loss: 0.6169938 Vali Loss: 1.2555740 Test Loss: 0.6762095
Validation loss decreased (1.256775 --> 1.255574).  Saving model ...
Updating learning rate to 2.2528399544939195e-06
Epoch: 40 cost time: 2.299652576446533
Epoch: 40, Steps: 64 | Train Loss: 0.6167136 Vali Loss: 1.2545805 Test Loss: 0.6759711
Validation loss decreased (1.255574 --> 1.254580).  Saving model ...
Updating learning rate to 2.0275559590445276e-06
Epoch: 41 cost time: 2.294846773147583
Epoch: 41, Steps: 64 | Train Loss: 0.6165512 Vali Loss: 1.2580339 Test Loss: 0.6757325
EarlyStopping counter: 1 out of 100
Updating learning rate to 1.8248003631400751e-06
Epoch: 42 cost time: 2.2886784076690674
Epoch: 42, Steps: 64 | Train Loss: 0.6164101 Vali Loss: 1.2578890 Test Loss: 0.6756185
EarlyStopping counter: 2 out of 100
Updating learning rate to 1.6423203268260676e-06
Epoch: 43 cost time: 2.28945255279541
Epoch: 43, Steps: 64 | Train Loss: 0.6159521 Vali Loss: 1.2568444 Test Loss: 0.6753501
EarlyStopping counter: 3 out of 100
Updating learning rate to 1.4780882941434609e-06
Epoch: 44 cost time: 2.287546157836914
Epoch: 44, Steps: 64 | Train Loss: 0.6160733 Vali Loss: 1.2541151 Test Loss: 0.6752728
Validation loss decreased (1.254580 --> 1.254115).  Saving model ...
Updating learning rate to 1.3302794647291146e-06
Epoch: 45 cost time: 2.291999101638794
Epoch: 45, Steps: 64 | Train Loss: 0.6160532 Vali Loss: 1.2561221 Test Loss: 0.6750498
EarlyStopping counter: 1 out of 100
Updating learning rate to 1.1972515182562034e-06
Epoch: 46 cost time: 2.2847611904144287
Epoch: 46, Steps: 64 | Train Loss: 0.6157232 Vali Loss: 1.2542082 Test Loss: 0.6749415
EarlyStopping counter: 2 out of 100
Updating learning rate to 1.077526366430583e-06
Epoch: 47 cost time: 2.284635305404663
Epoch: 47, Steps: 64 | Train Loss: 0.6151767 Vali Loss: 1.2553357 Test Loss: 0.6747654
EarlyStopping counter: 3 out of 100
Updating learning rate to 9.697737297875248e-07
Epoch: 48 cost time: 2.293522834777832
Epoch: 48, Steps: 64 | Train Loss: 0.6150330 Vali Loss: 1.2549073 Test Loss: 0.6747310
EarlyStopping counter: 4 out of 100
Updating learning rate to 8.727963568087723e-07
Epoch: 49 cost time: 2.302020311355591
Epoch: 49, Steps: 64 | Train Loss: 0.6156647 Vali Loss: 1.2526057 Test Loss: 0.6746419
Validation loss decreased (1.254115 --> 1.252606).  Saving model ...
Updating learning rate to 7.855167211278951e-07
Epoch: 50 cost time: 2.3017537593841553
Epoch: 50, Steps: 64 | Train Loss: 0.6154444 Vali Loss: 1.2489600 Test Loss: 0.6745912
Validation loss decreased (1.252606 --> 1.248960).  Saving model ...
Updating learning rate to 7.069650490151056e-07
Epoch: 51 cost time: 2.3038222789764404
Epoch: 51, Steps: 64 | Train Loss: 0.6156058 Vali Loss: 1.2515055 Test Loss: 0.6744710
EarlyStopping counter: 1 out of 100
Updating learning rate to 6.36268544113595e-07
Epoch: 52 cost time: 2.292505979537964
Epoch: 52, Steps: 64 | Train Loss: 0.6152896 Vali Loss: 1.2541505 Test Loss: 0.6743768
EarlyStopping counter: 2 out of 100
Updating learning rate to 5.726416897022355e-07
Epoch: 53 cost time: 2.3245489597320557
Epoch: 53, Steps: 64 | Train Loss: 0.6155492 Vali Loss: 1.2575697 Test Loss: 0.6743284
EarlyStopping counter: 3 out of 100
Updating learning rate to 5.15377520732012e-07
Epoch: 54 cost time: 2.295917510986328
Epoch: 54, Steps: 64 | Train Loss: 0.6150550 Vali Loss: 1.2528028 Test Loss: 0.6742935
EarlyStopping counter: 4 out of 100
Updating learning rate to 4.6383976865881085e-07
Epoch: 55 cost time: 2.291726589202881
Epoch: 55, Steps: 64 | Train Loss: 0.6146349 Vali Loss: 1.2537335 Test Loss: 0.6742346
EarlyStopping counter: 5 out of 100
Updating learning rate to 4.174557917929298e-07
Epoch: 56 cost time: 2.308774471282959
Epoch: 56, Steps: 64 | Train Loss: 0.6151277 Vali Loss: 1.2569242 Test Loss: 0.6742293
EarlyStopping counter: 6 out of 100
Updating learning rate to 3.7571021261363677e-07
Epoch: 57 cost time: 2.3003013134002686
Epoch: 57, Steps: 64 | Train Loss: 0.6146844 Vali Loss: 1.2490275 Test Loss: 0.6741151
EarlyStopping counter: 7 out of 100
Updating learning rate to 3.381391913522731e-07
Epoch: 58 cost time: 2.2966058254241943
Epoch: 58, Steps: 64 | Train Loss: 0.6148149 Vali Loss: 1.2533722 Test Loss: 0.6741410
EarlyStopping counter: 8 out of 100
Updating learning rate to 3.043252722170458e-07
Epoch: 59 cost time: 2.2992913722991943
Epoch: 59, Steps: 64 | Train Loss: 0.6149896 Vali Loss: 1.2550348 Test Loss: 0.6740507
EarlyStopping counter: 9 out of 100
Updating learning rate to 2.7389274499534124e-07
Epoch: 60 cost time: 2.2965571880340576
Epoch: 60, Steps: 64 | Train Loss: 0.6150768 Vali Loss: 1.2516865 Test Loss: 0.6740672
EarlyStopping counter: 10 out of 100
Updating learning rate to 2.465034704958071e-07
Epoch: 61 cost time: 2.2912228107452393
Epoch: 61, Steps: 64 | Train Loss: 0.6150400 Vali Loss: 1.2561612 Test Loss: 0.6739891
EarlyStopping counter: 11 out of 100
Updating learning rate to 2.218531234462264e-07
Epoch: 62 cost time: 2.305361032485962
Epoch: 62, Steps: 64 | Train Loss: 0.6149202 Vali Loss: 1.2565116 Test Loss: 0.6739736
EarlyStopping counter: 12 out of 100
Updating learning rate to 1.9966781110160376e-07
Epoch: 63 cost time: 2.293696165084839
Epoch: 63, Steps: 64 | Train Loss: 0.6151227 Vali Loss: 1.2573057 Test Loss: 0.6740146
EarlyStopping counter: 13 out of 100
Updating learning rate to 1.797010299914434e-07
Epoch: 64 cost time: 2.3002519607543945
Epoch: 64, Steps: 64 | Train Loss: 0.6144655 Vali Loss: 1.2556863 Test Loss: 0.6739465
EarlyStopping counter: 14 out of 100
Updating learning rate to 1.6173092699229907e-07
Epoch: 65 cost time: 2.291971445083618
Epoch: 65, Steps: 64 | Train Loss: 0.6148411 Vali Loss: 1.2505233 Test Loss: 0.6739718
EarlyStopping counter: 15 out of 100
Updating learning rate to 1.4555783429306916e-07
Epoch: 66 cost time: 2.3013813495635986
Epoch: 66, Steps: 64 | Train Loss: 0.6145952 Vali Loss: 1.2561438 Test Loss: 0.6739177
EarlyStopping counter: 16 out of 100
Updating learning rate to 1.3100205086376224e-07
Epoch: 67 cost time: 2.297214984893799
Epoch: 67, Steps: 64 | Train Loss: 0.6151385 Vali Loss: 1.2552179 Test Loss: 0.6739544
EarlyStopping counter: 17 out of 100
Updating learning rate to 1.1790184577738603e-07
Epoch: 68 cost time: 2.2978696823120117
Epoch: 68, Steps: 64 | Train Loss: 0.6143572 Vali Loss: 1.2494574 Test Loss: 0.6739078
EarlyStopping counter: 18 out of 100
Updating learning rate to 1.0611166119964742e-07
Epoch: 69 cost time: 2.2963781356811523
Epoch: 69, Steps: 64 | Train Loss: 0.6147260 Vali Loss: 1.2562709 Test Loss: 0.6738347
EarlyStopping counter: 19 out of 100
Updating learning rate to 9.550049507968268e-08
Epoch: 70 cost time: 2.297118902206421
Epoch: 70, Steps: 64 | Train Loss: 0.6145586 Vali Loss: 1.2538834 Test Loss: 0.6739334
EarlyStopping counter: 20 out of 100
Updating learning rate to 8.595044557171442e-08
Epoch: 71 cost time: 2.303884983062744
Epoch: 71, Steps: 64 | Train Loss: 0.6150848 Vali Loss: 1.2518964 Test Loss: 0.6738142
EarlyStopping counter: 21 out of 100
Updating learning rate to 7.735540101454298e-08
Epoch: 72 cost time: 2.304788827896118
Epoch: 72, Steps: 64 | Train Loss: 0.6147900 Vali Loss: 1.2524830 Test Loss: 0.6738306
EarlyStopping counter: 22 out of 100
Updating learning rate to 6.961986091308869e-08
Epoch: 73 cost time: 2.3010668754577637
Epoch: 73, Steps: 64 | Train Loss: 0.6144905 Vali Loss: 1.2525012 Test Loss: 0.6738408
EarlyStopping counter: 23 out of 100
Updating learning rate to 6.265787482177981e-08
Epoch: 74 cost time: 2.312981367111206
Epoch: 74, Steps: 64 | Train Loss: 0.6153438 Vali Loss: 1.2548678 Test Loss: 0.6738911
EarlyStopping counter: 24 out of 100
Updating learning rate to 5.639208733960184e-08
Epoch: 75 cost time: 2.3001790046691895
Epoch: 75, Steps: 64 | Train Loss: 0.6144002 Vali Loss: 1.2534456 Test Loss: 0.6738174
EarlyStopping counter: 25 out of 100
Updating learning rate to 5.075287860564165e-08
Epoch: 76 cost time: 2.302159309387207
Epoch: 76, Steps: 64 | Train Loss: 0.6147343 Vali Loss: 1.2531291 Test Loss: 0.6739337
EarlyStopping counter: 26 out of 100
Updating learning rate to 4.567759074507749e-08
Epoch: 77 cost time: 2.305358648300171
Epoch: 77, Steps: 64 | Train Loss: 0.6144512 Vali Loss: 1.2527388 Test Loss: 0.6738628
EarlyStopping counter: 27 out of 100
Updating learning rate to 4.1109831670569744e-08
Epoch: 78 cost time: 2.3074803352355957
Epoch: 78, Steps: 64 | Train Loss: 0.6146832 Vali Loss: 1.2544602 Test Loss: 0.6738331
EarlyStopping counter: 28 out of 100
Updating learning rate to 3.6998848503512764e-08
Epoch: 79 cost time: 2.3019919395446777
Epoch: 79, Steps: 64 | Train Loss: 0.6144109 Vali Loss: 1.2540047 Test Loss: 0.6737549
EarlyStopping counter: 29 out of 100
Updating learning rate to 3.3298963653161496e-08
Epoch: 80 cost time: 2.309450626373291
Epoch: 80, Steps: 64 | Train Loss: 0.6145517 Vali Loss: 1.2544249 Test Loss: 0.6738436
EarlyStopping counter: 30 out of 100
Updating learning rate to 2.996906728784534e-08
Epoch: 81 cost time: 2.3000683784484863
Epoch: 81, Steps: 64 | Train Loss: 0.6149285 Vali Loss: 1.2534044 Test Loss: 0.6739707
EarlyStopping counter: 31 out of 100
Updating learning rate to 2.697216055906081e-08
Epoch: 82 cost time: 2.318429946899414
Epoch: 82, Steps: 64 | Train Loss: 0.6148824 Vali Loss: 1.2544546 Test Loss: 0.6738325
EarlyStopping counter: 32 out of 100
Updating learning rate to 2.427494450315473e-08
Epoch: 83 cost time: 2.305830717086792
Epoch: 83, Steps: 64 | Train Loss: 0.6148551 Vali Loss: 1.2498835 Test Loss: 0.6738549
EarlyStopping counter: 33 out of 100
Updating learning rate to 2.1847450052839257e-08
Epoch: 84 cost time: 2.3066797256469727
Epoch: 84, Steps: 64 | Train Loss: 0.6145269 Vali Loss: 1.2534540 Test Loss: 0.6737697
EarlyStopping counter: 34 out of 100
Updating learning rate to 1.9662705047555332e-08
Epoch: 85 cost time: 2.308488130569458
Epoch: 85, Steps: 64 | Train Loss: 0.6145559 Vali Loss: 1.2507524 Test Loss: 0.6738088
EarlyStopping counter: 35 out of 100
Updating learning rate to 1.7696434542799797e-08
Epoch: 86 cost time: 2.3077988624572754
Epoch: 86, Steps: 64 | Train Loss: 0.6147471 Vali Loss: 1.2495137 Test Loss: 0.6739189
EarlyStopping counter: 36 out of 100
Updating learning rate to 1.5926791088519817e-08
Epoch: 87 cost time: 2.3014984130859375
Epoch: 87, Steps: 64 | Train Loss: 0.6148986 Vali Loss: 1.2562871 Test Loss: 0.6737638
EarlyStopping counter: 37 out of 100
Updating learning rate to 1.4334111979667836e-08
Epoch: 88 cost time: 2.3184492588043213
Epoch: 88, Steps: 64 | Train Loss: 0.6146076 Vali Loss: 1.2489229 Test Loss: 0.6737456
Validation loss decreased (1.248960 --> 1.248923).  Saving model ...
Updating learning rate to 1.2900700781701054e-08
Epoch: 89 cost time: 2.3088700771331787
Epoch: 89, Steps: 64 | Train Loss: 0.6147629 Vali Loss: 1.2550560 Test Loss: 0.6737950
EarlyStopping counter: 1 out of 100
Updating learning rate to 1.161063070353095e-08
Epoch: 90 cost time: 2.30350923538208
Epoch: 90, Steps: 64 | Train Loss: 0.6144622 Vali Loss: 1.2481760 Test Loss: 0.6738364
Validation loss decreased (1.248923 --> 1.248176).  Saving model ...
Updating learning rate to 1.0449567633177854e-08
Epoch: 91 cost time: 2.304811477661133
Epoch: 91, Steps: 64 | Train Loss: 0.6144424 Vali Loss: 1.2546821 Test Loss: 0.6738421
EarlyStopping counter: 1 out of 100
Updating learning rate to 9.404610869860069e-09
Epoch: 92 cost time: 2.308133125305176
Epoch: 92, Steps: 64 | Train Loss: 0.6149650 Vali Loss: 1.2540077 Test Loss: 0.6738141
EarlyStopping counter: 2 out of 100
Updating learning rate to 8.464149782874063e-09
Epoch: 93 cost time: 2.3003149032592773
Epoch: 93, Steps: 64 | Train Loss: 0.6148256 Vali Loss: 1.2526224 Test Loss: 0.6737796
EarlyStopping counter: 3 out of 100
Updating learning rate to 7.617734804586658e-09
Epoch: 94 cost time: 2.309189558029175
Epoch: 94, Steps: 64 | Train Loss: 0.6145546 Vali Loss: 1.2584637 Test Loss: 0.6737678
EarlyStopping counter: 4 out of 100
Updating learning rate to 6.855961324127991e-09
Epoch: 95 cost time: 2.3120484352111816
Epoch: 95, Steps: 64 | Train Loss: 0.6147725 Vali Loss: 1.2520930 Test Loss: 0.6738611
EarlyStopping counter: 5 out of 100
Updating learning rate to 6.170365191715193e-09
Epoch: 96 cost time: 2.3142378330230713
Epoch: 96, Steps: 64 | Train Loss: 0.6149656 Vali Loss: 1.2518408 Test Loss: 0.6738502
EarlyStopping counter: 6 out of 100
Updating learning rate to 5.5533286725436726e-09
Epoch: 97 cost time: 2.303986072540283
Epoch: 97, Steps: 64 | Train Loss: 0.6145950 Vali Loss: 1.2484328 Test Loss: 0.6737838
EarlyStopping counter: 7 out of 100
Updating learning rate to 4.997995805289306e-09
Epoch: 98 cost time: 2.3033716678619385
Epoch: 98, Steps: 64 | Train Loss: 0.6146828 Vali Loss: 1.2547972 Test Loss: 0.6737883
EarlyStopping counter: 8 out of 100
Updating learning rate to 4.498196224760375e-09
Epoch: 99 cost time: 2.3105967044830322
Epoch: 99, Steps: 64 | Train Loss: 0.6149873 Vali Loss: 1.2529817 Test Loss: 0.6738620
EarlyStopping counter: 9 out of 100
Updating learning rate to 4.048376602284338e-09
Epoch: 100 cost time: 2.3084118366241455
Epoch: 100, Steps: 64 | Train Loss: 0.6147278 Vali Loss: 1.2561221 Test Loss: 0.6738696
EarlyStopping counter: 10 out of 100
Updating learning rate to 3.643538942055904e-09
>>>>>>>testing : NL_etth1_cms3_lr0.00005_spc_336_96_PatchTST_ETTh1_ftM_sl336_ll48_pl96_dm16_nh4_el3_dl1_df128_fc1_ebtimeF_dtTruelr5e-05_polspc_Nested_Learning_0<<<<<<<<<<<<<<<<<<<<<<<<<<<<<<<<<
test 2785
 Ejecutando Inferencia DINÁMICA (Nested Learning con cms3)
  -> Política: spc | LR: 5e-05 | Target: head

RESUMEN: El CMS se actualizó 0 veces de 21 posibles.

mse:0.6738364100456238, mae:0.5570861101150513, rse:0.778381884098053
Args in experiment:
Namespace(random_seed=2021, is_training=1, model_id='NL_etth1_cms3_lr0.00005_spc_336_192', model='PatchTST', data='ETTh1', root_path='./dataset/', data_path='ETTh1.csv', features='M', target='OT', freq='h', checkpoints='./checkpoints/', seq_len=336, label_len=48, pred_len=192, head_type='cms3', cms_lr=5e-05, update_policy='spc', fc_dropout=0.3, head_dropout=0.0, patch_len=16, stride=8, padding_patch='end', revin=1, affine=0, subtract_last=0, decomposition=0, kernel_size=25, individual=0, embed_type=0, enc_in=7, dec_in=7, c_out=7, d_model=16, n_heads=4, e_layers=3, d_layers=1, d_ff=128, moving_avg=25, factor=1, distil=True, dropout=0.3, embed='timeF', activation='gelu', output_attention=False, do_predict=False, num_workers=0, itr=1, train_epochs=100, batch_size=128, patience=100, learning_rate=0.0001, des='Nested_Learning', loss='mse', lradj='type3', pct_start=0.3, use_amp=False, use_gpu=True, gpu=0, use_multi_gpu=False, devices='0,1,2,3', test_flop=False)
Use GPU: cuda:0
>>>>>>>start training : NL_etth1_cms3_lr0.00005_spc_336_192_PatchTST_ETTh1_ftM_sl336_ll48_pl192_dm16_nh4_el3_dl1_df128_fc1_ebtimeF_dtTruelr5e-05_polspc_Nested_Learning_0>>>>>>>>>>>>>>>>>>>>>>>>>>
train 8113
val 2689
test 2689
Epoch: 1 cost time: 1.9780957698822021
Epoch: 1, Steps: 63 | Train Loss: 0.7802134 Vali Loss: 1.6481376 Test Loss: 0.8414683
Validation loss decreased (inf --> 1.648138).  Saving model ...
Updating learning rate to 0.0001
Epoch: 2 cost time: 1.6552314758300781
Epoch: 2, Steps: 63 | Train Loss: 0.7743324 Vali Loss: 1.6281087 Test Loss: 0.8272031
Validation loss decreased (1.648138 --> 1.628109).  Saving model ...
Updating learning rate to 0.0001
Epoch: 3 cost time: 1.6612818241119385
Epoch: 3, Steps: 63 | Train Loss: 0.7634348 Vali Loss: 1.6088847 Test Loss: 0.8134800
Validation loss decreased (1.628109 --> 1.608885).  Saving model ...
Updating learning rate to 0.0001
Epoch: 4 cost time: 1.6554815769195557
Epoch: 4, Steps: 63 | Train Loss: 0.7537064 Vali Loss: 1.5898726 Test Loss: 0.8009085
Validation loss decreased (1.608885 --> 1.589873).  Saving model ...
Updating learning rate to 9e-05
Epoch: 5 cost time: 1.65809965133667
Epoch: 5, Steps: 63 | Train Loss: 0.7442904 Vali Loss: 1.5748644 Test Loss: 0.7902871
Validation loss decreased (1.589873 --> 1.574864).  Saving model ...
Updating learning rate to 8.1e-05
Epoch: 6 cost time: 1.656961441040039
Epoch: 6, Steps: 63 | Train Loss: 0.7360870 Vali Loss: 1.5615870 Test Loss: 0.7817944
Validation loss decreased (1.574864 --> 1.561587).  Saving model ...
Updating learning rate to 7.290000000000001e-05
Epoch: 7 cost time: 1.6552555561065674
Epoch: 7, Steps: 63 | Train Loss: 0.7297127 Vali Loss: 1.5503805 Test Loss: 0.7743773
Validation loss decreased (1.561587 --> 1.550380).  Saving model ...
Updating learning rate to 6.561e-05
Epoch: 8 cost time: 1.655946969985962
Epoch: 8, Steps: 63 | Train Loss: 0.7233600 Vali Loss: 1.5400549 Test Loss: 0.7675854
Validation loss decreased (1.550380 --> 1.540055).  Saving model ...
Updating learning rate to 5.904900000000001e-05
Epoch: 9 cost time: 1.6576073169708252
Epoch: 9, Steps: 63 | Train Loss: 0.7175974 Vali Loss: 1.5314567 Test Loss: 0.7621415
Validation loss decreased (1.540055 --> 1.531457).  Saving model ...
Updating learning rate to 5.3144100000000005e-05
Epoch: 10 cost time: 1.6498124599456787
Epoch: 10, Steps: 63 | Train Loss: 0.7131745 Vali Loss: 1.5242903 Test Loss: 0.7576081
Validation loss decreased (1.531457 --> 1.524290).  Saving model ...
Updating learning rate to 4.782969000000001e-05
Epoch: 11 cost time: 1.6580619812011719
Epoch: 11, Steps: 63 | Train Loss: 0.7091300 Vali Loss: 1.5172602 Test Loss: 0.7529681
Validation loss decreased (1.524290 --> 1.517260).  Saving model ...
Updating learning rate to 4.304672100000001e-05
Epoch: 12 cost time: 1.6584038734436035
Epoch: 12, Steps: 63 | Train Loss: 0.7052014 Vali Loss: 1.5115000 Test Loss: 0.7491811
Validation loss decreased (1.517260 --> 1.511500).  Saving model ...
Updating learning rate to 3.874204890000001e-05
Epoch: 13 cost time: 1.656022310256958
Epoch: 13, Steps: 63 | Train Loss: 0.7021892 Vali Loss: 1.5060343 Test Loss: 0.7459213
Validation loss decreased (1.511500 --> 1.506034).  Saving model ...
Updating learning rate to 3.486784401000001e-05
Epoch: 14 cost time: 1.6556305885314941
Epoch: 14, Steps: 63 | Train Loss: 0.6989509 Vali Loss: 1.5014026 Test Loss: 0.7430141
Validation loss decreased (1.506034 --> 1.501403).  Saving model ...
Updating learning rate to 3.138105960900001e-05
Epoch: 15 cost time: 1.6624770164489746
Epoch: 15, Steps: 63 | Train Loss: 0.6966543 Vali Loss: 1.4973396 Test Loss: 0.7403598
Validation loss decreased (1.501403 --> 1.497340).  Saving model ...
Updating learning rate to 2.824295364810001e-05
Epoch: 16 cost time: 1.6565382480621338
Epoch: 16, Steps: 63 | Train Loss: 0.6934186 Vali Loss: 1.4939563 Test Loss: 0.7383466
Validation loss decreased (1.497340 --> 1.493956).  Saving model ...
Updating learning rate to 2.541865828329001e-05
Epoch: 17 cost time: 1.6625447273254395
Epoch: 17, Steps: 63 | Train Loss: 0.6921160 Vali Loss: 1.4906452 Test Loss: 0.7361988
Validation loss decreased (1.493956 --> 1.490645).  Saving model ...
Updating learning rate to 2.287679245496101e-05
Epoch: 18 cost time: 1.6526358127593994
Epoch: 18, Steps: 63 | Train Loss: 0.6897117 Vali Loss: 1.4874697 Test Loss: 0.7343863
Validation loss decreased (1.490645 --> 1.487470).  Saving model ...
Updating learning rate to 2.0589113209464907e-05
Epoch: 19 cost time: 1.650649070739746
Epoch: 19, Steps: 63 | Train Loss: 0.6886399 Vali Loss: 1.4847435 Test Loss: 0.7326400
Validation loss decreased (1.487470 --> 1.484743).  Saving model ...
Updating learning rate to 1.8530201888518416e-05
Epoch: 20 cost time: 1.6536145210266113
Epoch: 20, Steps: 63 | Train Loss: 0.6871046 Vali Loss: 1.4827543 Test Loss: 0.7312627
Validation loss decreased (1.484743 --> 1.482754).  Saving model ...
Updating learning rate to 1.6677181699666577e-05
Epoch: 21 cost time: 1.653904676437378
Epoch: 21, Steps: 63 | Train Loss: 0.6853108 Vali Loss: 1.4805306 Test Loss: 0.7299364
Validation loss decreased (1.482754 --> 1.480531).  Saving model ...
Updating learning rate to 1.5009463529699919e-05
Epoch: 22 cost time: 1.6538290977478027
Epoch: 22, Steps: 63 | Train Loss: 0.6839002 Vali Loss: 1.4787511 Test Loss: 0.7287919
Validation loss decreased (1.480531 --> 1.478751).  Saving model ...
Updating learning rate to 1.3508517176729929e-05
Epoch: 23 cost time: 1.6510066986083984
Epoch: 23, Steps: 63 | Train Loss: 0.6830775 Vali Loss: 1.4766320 Test Loss: 0.7276837
Validation loss decreased (1.478751 --> 1.476632).  Saving model ...
Updating learning rate to 1.2157665459056936e-05
Epoch: 24 cost time: 1.6609041690826416
Epoch: 24, Steps: 63 | Train Loss: 0.6822091 Vali Loss: 1.4755491 Test Loss: 0.7267062
Validation loss decreased (1.476632 --> 1.475549).  Saving model ...
Updating learning rate to 1.0941898913151242e-05
Epoch: 25 cost time: 1.6553173065185547
Epoch: 25, Steps: 63 | Train Loss: 0.6811020 Vali Loss: 1.4740113 Test Loss: 0.7259333
Validation loss decreased (1.475549 --> 1.474011).  Saving model ...
Updating learning rate to 9.847709021836118e-06
Epoch: 26 cost time: 1.6524639129638672
Epoch: 26, Steps: 63 | Train Loss: 0.6804741 Vali Loss: 1.4724561 Test Loss: 0.7250608
Validation loss decreased (1.474011 --> 1.472456).  Saving model ...
Updating learning rate to 8.862938119652508e-06
Epoch: 27 cost time: 1.6580052375793457
Epoch: 27, Steps: 63 | Train Loss: 0.6802478 Vali Loss: 1.4710907 Test Loss: 0.7245221
Validation loss decreased (1.472456 --> 1.471091).  Saving model ...
Updating learning rate to 7.976644307687255e-06
Epoch: 28 cost time: 2.123551368713379
Epoch: 28, Steps: 63 | Train Loss: 0.6794474 Vali Loss: 1.4703500 Test Loss: 0.7237542
Validation loss decreased (1.471091 --> 1.470350).  Saving model ...
Updating learning rate to 7.178979876918531e-06
Epoch: 29 cost time: 1.6531200408935547
Epoch: 29, Steps: 63 | Train Loss: 0.6783577 Vali Loss: 1.4695761 Test Loss: 0.7232445
Validation loss decreased (1.470350 --> 1.469576).  Saving model ...
Updating learning rate to 6.4610818892266776e-06
Epoch: 30 cost time: 1.65718674659729
Epoch: 30, Steps: 63 | Train Loss: 0.6782265 Vali Loss: 1.4689517 Test Loss: 0.7229016
Validation loss decreased (1.469576 --> 1.468952).  Saving model ...
Updating learning rate to 5.8149737003040096e-06
Epoch: 31 cost time: 1.653266191482544
Epoch: 31, Steps: 63 | Train Loss: 0.6780026 Vali Loss: 1.4680266 Test Loss: 0.7224250
Validation loss decreased (1.468952 --> 1.468027).  Saving model ...
Updating learning rate to 5.23347633027361e-06
Epoch: 32 cost time: 1.6525332927703857
Epoch: 32, Steps: 63 | Train Loss: 0.6777126 Vali Loss: 1.4679819 Test Loss: 0.7220010
Validation loss decreased (1.468027 --> 1.467982).  Saving model ...
Updating learning rate to 4.710128697246249e-06
Epoch: 33 cost time: 1.6554694175720215
Epoch: 33, Steps: 63 | Train Loss: 0.6768015 Vali Loss: 1.4669157 Test Loss: 0.7215421
Validation loss decreased (1.467982 --> 1.466916).  Saving model ...
Updating learning rate to 4.239115827521624e-06
Epoch: 34 cost time: 1.6508753299713135
Epoch: 34, Steps: 63 | Train Loss: 0.6762692 Vali Loss: 1.4665307 Test Loss: 0.7211849
Validation loss decreased (1.466916 --> 1.466531).  Saving model ...
Updating learning rate to 3.815204244769462e-06
Epoch: 35 cost time: 1.6480913162231445
Epoch: 35, Steps: 63 | Train Loss: 0.6759673 Vali Loss: 1.4662286 Test Loss: 0.7211341
Validation loss decreased (1.466531 --> 1.466229).  Saving model ...
Updating learning rate to 3.4336838202925152e-06
Epoch: 36 cost time: 1.6525144577026367
Epoch: 36, Steps: 63 | Train Loss: 0.6760639 Vali Loss: 1.4650164 Test Loss: 0.7207462
Validation loss decreased (1.466229 --> 1.465016).  Saving model ...
Updating learning rate to 3.090315438263264e-06
Epoch: 37 cost time: 1.6506366729736328
Epoch: 37, Steps: 63 | Train Loss: 0.6761273 Vali Loss: 1.4654261 Test Loss: 0.7205089
EarlyStopping counter: 1 out of 100
Updating learning rate to 2.7812838944369375e-06
Epoch: 38 cost time: 1.6567957401275635
Epoch: 38, Steps: 63 | Train Loss: 0.6753085 Vali Loss: 1.4651175 Test Loss: 0.7203007
EarlyStopping counter: 2 out of 100
Updating learning rate to 2.503155504993244e-06
Epoch: 39 cost time: 1.649813175201416
Epoch: 39, Steps: 63 | Train Loss: 0.6751355 Vali Loss: 1.4649915 Test Loss: 0.7202707
Validation loss decreased (1.465016 --> 1.464991).  Saving model ...
Updating learning rate to 2.2528399544939195e-06
Epoch: 40 cost time: 1.6584255695343018
Epoch: 40, Steps: 63 | Train Loss: 0.6753176 Vali Loss: 1.4641480 Test Loss: 0.7200149
Validation loss decreased (1.464991 --> 1.464148).  Saving model ...
Updating learning rate to 2.0275559590445276e-06
Epoch: 41 cost time: 1.6490309238433838
Epoch: 41, Steps: 63 | Train Loss: 0.6746496 Vali Loss: 1.4642298 Test Loss: 0.7198611
EarlyStopping counter: 1 out of 100
Updating learning rate to 1.8248003631400751e-06
Epoch: 42 cost time: 1.6550319194793701
Epoch: 42, Steps: 63 | Train Loss: 0.6752329 Vali Loss: 1.4634501 Test Loss: 0.7195210
Validation loss decreased (1.464148 --> 1.463450).  Saving model ...
Updating learning rate to 1.6423203268260676e-06
Epoch: 43 cost time: 1.655259609222412
Epoch: 43, Steps: 63 | Train Loss: 0.6750305 Vali Loss: 1.4635707 Test Loss: 0.7194353
EarlyStopping counter: 1 out of 100
Updating learning rate to 1.4780882941434609e-06
Epoch: 44 cost time: 1.6515545845031738
Epoch: 44, Steps: 63 | Train Loss: 0.6748453 Vali Loss: 1.4633293 Test Loss: 0.7193638
Validation loss decreased (1.463450 --> 1.463329).  Saving model ...
Updating learning rate to 1.3302794647291146e-06
Epoch: 45 cost time: 1.6523985862731934
Epoch: 45, Steps: 63 | Train Loss: 0.6747716 Vali Loss: 1.4632624 Test Loss: 0.7192437
Validation loss decreased (1.463329 --> 1.463262).  Saving model ...
Updating learning rate to 1.1972515182562034e-06
Epoch: 46 cost time: 1.6509830951690674
Epoch: 46, Steps: 63 | Train Loss: 0.6739936 Vali Loss: 1.4631777 Test Loss: 0.7193573
Validation loss decreased (1.463262 --> 1.463178).  Saving model ...
Updating learning rate to 1.077526366430583e-06
Epoch: 47 cost time: 1.6545538902282715
Epoch: 47, Steps: 63 | Train Loss: 0.6743658 Vali Loss: 1.4625295 Test Loss: 0.7191595
Validation loss decreased (1.463178 --> 1.462530).  Saving model ...
Updating learning rate to 9.697737297875248e-07
Epoch: 48 cost time: 1.6542901992797852
Epoch: 48, Steps: 63 | Train Loss: 0.6742086 Vali Loss: 1.4623588 Test Loss: 0.7190372
Validation loss decreased (1.462530 --> 1.462359).  Saving model ...
Updating learning rate to 8.727963568087723e-07
Epoch: 49 cost time: 1.6511611938476562
Epoch: 49, Steps: 63 | Train Loss: 0.6741448 Vali Loss: 1.4627656 Test Loss: 0.7188858
EarlyStopping counter: 1 out of 100
Updating learning rate to 7.855167211278951e-07
Epoch: 50 cost time: 1.6495962142944336
Epoch: 50, Steps: 63 | Train Loss: 0.6740200 Vali Loss: 1.4628557 Test Loss: 0.7189985
EarlyStopping counter: 2 out of 100
Updating learning rate to 7.069650490151056e-07
Epoch: 51 cost time: 2.2589259147644043
Epoch: 51, Steps: 63 | Train Loss: 0.6739928 Vali Loss: 1.4628675 Test Loss: 0.7189589
EarlyStopping counter: 3 out of 100
Updating learning rate to 6.36268544113595e-07
Epoch: 52 cost time: 2.271942377090454
Epoch: 52, Steps: 63 | Train Loss: 0.6738364 Vali Loss: 1.4623976 Test Loss: 0.7188140
EarlyStopping counter: 4 out of 100
Updating learning rate to 5.726416897022355e-07
Epoch: 53 cost time: 2.2746355533599854
Epoch: 53, Steps: 63 | Train Loss: 0.6735715 Vali Loss: 1.4622504 Test Loss: 0.7187189
Validation loss decreased (1.462359 --> 1.462250).  Saving model ...
Updating learning rate to 5.15377520732012e-07
Epoch: 54 cost time: 2.274299383163452
Epoch: 54, Steps: 63 | Train Loss: 0.6740205 Vali Loss: 1.4625179 Test Loss: 0.7186751
EarlyStopping counter: 1 out of 100
Updating learning rate to 4.6383976865881085e-07
Epoch: 55 cost time: 2.2693610191345215
Epoch: 55, Steps: 63 | Train Loss: 0.6735756 Vali Loss: 1.4626288 Test Loss: 0.7187689
EarlyStopping counter: 2 out of 100
Updating learning rate to 4.174557917929298e-07
Epoch: 56 cost time: 2.2721059322357178
Epoch: 56, Steps: 63 | Train Loss: 0.6735390 Vali Loss: 1.4619436 Test Loss: 0.7186249
Validation loss decreased (1.462250 --> 1.461944).  Saving model ...
Updating learning rate to 3.7571021261363677e-07
Epoch: 57 cost time: 2.2792716026306152
Epoch: 57, Steps: 63 | Train Loss: 0.6739733 Vali Loss: 1.4623442 Test Loss: 0.7186612
EarlyStopping counter: 1 out of 100
Updating learning rate to 3.381391913522731e-07
Epoch: 58 cost time: 2.271226644515991
Epoch: 58, Steps: 63 | Train Loss: 0.6735338 Vali Loss: 1.4622824 Test Loss: 0.7187057
EarlyStopping counter: 2 out of 100
Updating learning rate to 3.043252722170458e-07
Epoch: 59 cost time: 2.27666974067688
Epoch: 59, Steps: 63 | Train Loss: 0.6741377 Vali Loss: 1.4618146 Test Loss: 0.7187493
Validation loss decreased (1.461944 --> 1.461815).  Saving model ...
Updating learning rate to 2.7389274499534124e-07
Epoch: 60 cost time: 2.2758712768554688
Epoch: 60, Steps: 63 | Train Loss: 0.6733688 Vali Loss: 1.4624368 Test Loss: 0.7186806
EarlyStopping counter: 1 out of 100
Updating learning rate to 2.465034704958071e-07
Epoch: 61 cost time: 2.271533727645874
Epoch: 61, Steps: 63 | Train Loss: 0.6734176 Vali Loss: 1.4616716 Test Loss: 0.7187576
Validation loss decreased (1.461815 --> 1.461672).  Saving model ...
Updating learning rate to 2.218531234462264e-07
Epoch: 62 cost time: 2.2739970684051514
Epoch: 62, Steps: 63 | Train Loss: 0.6737976 Vali Loss: 1.4620103 Test Loss: 0.7186744
EarlyStopping counter: 1 out of 100
Updating learning rate to 1.9966781110160376e-07
Epoch: 63 cost time: 2.2769501209259033
Epoch: 63, Steps: 63 | Train Loss: 0.6738783 Vali Loss: 1.4619988 Test Loss: 0.7186694
EarlyStopping counter: 2 out of 100
Updating learning rate to 1.797010299914434e-07
Epoch: 64 cost time: 2.2635605335235596
Epoch: 64, Steps: 63 | Train Loss: 0.6738152 Vali Loss: 1.4620317 Test Loss: 0.7185867
EarlyStopping counter: 3 out of 100
Updating learning rate to 1.6173092699229907e-07
Epoch: 65 cost time: 2.2660369873046875
Epoch: 65, Steps: 63 | Train Loss: 0.6737967 Vali Loss: 1.4619013 Test Loss: 0.7184930
EarlyStopping counter: 4 out of 100
Updating learning rate to 1.4555783429306916e-07
Epoch: 66 cost time: 2.260298013687134
Epoch: 66, Steps: 63 | Train Loss: 0.6739504 Vali Loss: 1.4620320 Test Loss: 0.7185485
EarlyStopping counter: 5 out of 100
Updating learning rate to 1.3100205086376224e-07
Epoch: 67 cost time: 2.28228759765625
Epoch: 67, Steps: 63 | Train Loss: 0.6739351 Vali Loss: 1.4618381 Test Loss: 0.7184970
EarlyStopping counter: 6 out of 100
Updating learning rate to 1.1790184577738603e-07
Epoch: 68 cost time: 2.261166572570801
Epoch: 68, Steps: 63 | Train Loss: 0.6741874 Vali Loss: 1.4622041 Test Loss: 0.7184540
EarlyStopping counter: 7 out of 100
Updating learning rate to 1.0611166119964742e-07
Epoch: 69 cost time: 2.257483959197998
Epoch: 69, Steps: 63 | Train Loss: 0.6736178 Vali Loss: 1.4619097 Test Loss: 0.7184381
EarlyStopping counter: 8 out of 100
Updating learning rate to 9.550049507968268e-08
Epoch: 70 cost time: 2.260535955429077
Epoch: 70, Steps: 63 | Train Loss: 0.6731001 Vali Loss: 1.4613613 Test Loss: 0.7184398
Validation loss decreased (1.461672 --> 1.461361).  Saving model ...
Updating learning rate to 8.595044557171442e-08
Epoch: 71 cost time: 2.2576775550842285
Epoch: 71, Steps: 63 | Train Loss: 0.6731790 Vali Loss: 1.4617319 Test Loss: 0.7184815
EarlyStopping counter: 1 out of 100
Updating learning rate to 7.735540101454298e-08
Epoch: 72 cost time: 2.2559797763824463
Epoch: 72, Steps: 63 | Train Loss: 0.6736776 Vali Loss: 1.4622662 Test Loss: 0.7185710
EarlyStopping counter: 2 out of 100
Updating learning rate to 6.961986091308869e-08
Epoch: 73 cost time: 2.257120370864868
Epoch: 73, Steps: 63 | Train Loss: 0.6732612 Vali Loss: 1.4621474 Test Loss: 0.7185443
EarlyStopping counter: 3 out of 100
Updating learning rate to 6.265787482177981e-08
Epoch: 74 cost time: 2.2589969635009766
Epoch: 74, Steps: 63 | Train Loss: 0.6734405 Vali Loss: 1.4619417 Test Loss: 0.7183260
EarlyStopping counter: 4 out of 100
Updating learning rate to 5.639208733960184e-08
Epoch: 75 cost time: 2.261814594268799
Epoch: 75, Steps: 63 | Train Loss: 0.6739065 Vali Loss: 1.4618436 Test Loss: 0.7185491
EarlyStopping counter: 5 out of 100
Updating learning rate to 5.075287860564165e-08
Epoch: 76 cost time: 2.2564990520477295
Epoch: 76, Steps: 63 | Train Loss: 0.6734384 Vali Loss: 1.4621000 Test Loss: 0.7185910
EarlyStopping counter: 6 out of 100
Updating learning rate to 4.567759074507749e-08
Epoch: 77 cost time: 2.2655227184295654
Epoch: 77, Steps: 63 | Train Loss: 0.6736786 Vali Loss: 1.4618151 Test Loss: 0.7183040
EarlyStopping counter: 7 out of 100
Updating learning rate to 4.1109831670569744e-08
Epoch: 78 cost time: 2.2664849758148193
Epoch: 78, Steps: 63 | Train Loss: 0.6737904 Vali Loss: 1.4619108 Test Loss: 0.7184935
EarlyStopping counter: 8 out of 100
Updating learning rate to 3.6998848503512764e-08
Epoch: 79 cost time: 2.2860357761383057
Epoch: 79, Steps: 63 | Train Loss: 0.6731990 Vali Loss: 1.4620534 Test Loss: 0.7183993
EarlyStopping counter: 9 out of 100
Updating learning rate to 3.3298963653161496e-08
Epoch: 80 cost time: 2.268728017807007
Epoch: 80, Steps: 63 | Train Loss: 0.6734873 Vali Loss: 1.4617171 Test Loss: 0.7183577
EarlyStopping counter: 10 out of 100
Updating learning rate to 2.996906728784534e-08
Epoch: 81 cost time: 2.267076253890991
Epoch: 81, Steps: 63 | Train Loss: 0.6734603 Vali Loss: 1.4618094 Test Loss: 0.7184531
EarlyStopping counter: 11 out of 100
Updating learning rate to 2.697216055906081e-08
Epoch: 82 cost time: 2.26572322845459
Epoch: 82, Steps: 63 | Train Loss: 0.6737355 Vali Loss: 1.4620245 Test Loss: 0.7183588
EarlyStopping counter: 12 out of 100
Updating learning rate to 2.427494450315473e-08
Epoch: 83 cost time: 2.295560836791992
Epoch: 83, Steps: 63 | Train Loss: 0.6731664 Vali Loss: 1.4619671 Test Loss: 0.7184793
EarlyStopping counter: 13 out of 100
Updating learning rate to 2.1847450052839257e-08
Epoch: 84 cost time: 2.2727808952331543
Epoch: 84, Steps: 63 | Train Loss: 0.6735337 Vali Loss: 1.4618849 Test Loss: 0.7185143
EarlyStopping counter: 14 out of 100
Updating learning rate to 1.9662705047555332e-08
Epoch: 85 cost time: 2.2621572017669678
Epoch: 85, Steps: 63 | Train Loss: 0.6731498 Vali Loss: 1.4621809 Test Loss: 0.7184895
EarlyStopping counter: 15 out of 100
Updating learning rate to 1.7696434542799797e-08
Epoch: 86 cost time: 2.265101432800293
Epoch: 86, Steps: 63 | Train Loss: 0.6739143 Vali Loss: 1.4620203 Test Loss: 0.7184455
EarlyStopping counter: 16 out of 100
Updating learning rate to 1.5926791088519817e-08
Epoch: 87 cost time: 2.2721121311187744
Epoch: 87, Steps: 63 | Train Loss: 0.6736414 Vali Loss: 1.4623238 Test Loss: 0.7185584
EarlyStopping counter: 17 out of 100
Updating learning rate to 1.4334111979667836e-08
Epoch: 88 cost time: 2.2686948776245117
Epoch: 88, Steps: 63 | Train Loss: 0.6736381 Vali Loss: 1.4620421 Test Loss: 0.7185535
EarlyStopping counter: 18 out of 100
Updating learning rate to 1.2900700781701054e-08
Epoch: 89 cost time: 2.2646830081939697
Epoch: 89, Steps: 63 | Train Loss: 0.6733155 Vali Loss: 1.4618381 Test Loss: 0.7184523
EarlyStopping counter: 19 out of 100
Updating learning rate to 1.161063070353095e-08
Epoch: 90 cost time: 2.2772860527038574
Epoch: 90, Steps: 63 | Train Loss: 0.6735680 Vali Loss: 1.4618359 Test Loss: 0.7184392
EarlyStopping counter: 20 out of 100
Updating learning rate to 1.0449567633177854e-08
Epoch: 91 cost time: 2.2669923305511475
Epoch: 91, Steps: 63 | Train Loss: 0.6739921 Vali Loss: 1.4614120 Test Loss: 0.7182571
EarlyStopping counter: 21 out of 100
Updating learning rate to 9.404610869860069e-09
Epoch: 92 cost time: 2.2682042121887207
Epoch: 92, Steps: 63 | Train Loss: 0.6736535 Vali Loss: 1.4620275 Test Loss: 0.7184879
EarlyStopping counter: 22 out of 100
Updating learning rate to 8.464149782874063e-09
Epoch: 93 cost time: 2.2694194316864014
Epoch: 93, Steps: 63 | Train Loss: 0.6735476 Vali Loss: 1.4614615 Test Loss: 0.7185327
EarlyStopping counter: 23 out of 100
Updating learning rate to 7.617734804586658e-09
Epoch: 94 cost time: 2.2665774822235107
Epoch: 94, Steps: 63 | Train Loss: 0.6737308 Vali Loss: 1.4619032 Test Loss: 0.7185311
EarlyStopping counter: 24 out of 100
Updating learning rate to 6.855961324127991e-09
Epoch: 95 cost time: 2.270163059234619
Epoch: 95, Steps: 63 | Train Loss: 0.6733340 Vali Loss: 1.4620434 Test Loss: 0.7184949
EarlyStopping counter: 25 out of 100
Updating learning rate to 6.170365191715193e-09
Epoch: 96 cost time: 2.2706735134124756
Epoch: 96, Steps: 63 | Train Loss: 0.6735453 Vali Loss: 1.4619220 Test Loss: 0.7185028
EarlyStopping counter: 26 out of 100
Updating learning rate to 5.5533286725436726e-09
Epoch: 97 cost time: 2.267515182495117
Epoch: 97, Steps: 63 | Train Loss: 0.6736708 Vali Loss: 1.4615877 Test Loss: 0.7184408
EarlyStopping counter: 27 out of 100
Updating learning rate to 4.997995805289306e-09
Epoch: 98 cost time: 2.2687172889709473
Epoch: 98, Steps: 63 | Train Loss: 0.6734503 Vali Loss: 1.4618419 Test Loss: 0.7185153
EarlyStopping counter: 28 out of 100
Updating learning rate to 4.498196224760375e-09
Epoch: 99 cost time: 2.272768259048462
Epoch: 99, Steps: 63 | Train Loss: 0.6737583 Vali Loss: 1.4616339 Test Loss: 0.7184253
EarlyStopping counter: 29 out of 100
Updating learning rate to 4.048376602284338e-09
Epoch: 100 cost time: 2.2743382453918457
Epoch: 100, Steps: 63 | Train Loss: 0.6739210 Vali Loss: 1.4618517 Test Loss: 0.7185379
EarlyStopping counter: 30 out of 100
Updating learning rate to 3.643538942055904e-09
>>>>>>>testing : NL_etth1_cms3_lr0.00005_spc_336_192_PatchTST_ETTh1_ftM_sl336_ll48_pl192_dm16_nh4_el3_dl1_df128_fc1_ebtimeF_dtTruelr5e-05_polspc_Nested_Learning_0<<<<<<<<<<<<<<<<<<<<<<<<<<<<<<<<<
test 2689
 Ejecutando Inferencia DINÁMICA (Nested Learning con cms3)
  -> Política: spc | LR: 5e-05 | Target: head

RESUMEN: El CMS se actualizó 0 veces de 21 posibles.

mse:0.7184396982192993, mae:0.5794466137886047, rse:0.8049092292785645
Args in experiment:
Namespace(random_seed=2021, is_training=1, model_id='NL_etth1_cms3_lr0.00005_spc_336_336', model='PatchTST', data='ETTh1', root_path='./dataset/', data_path='ETTh1.csv', features='M', target='OT', freq='h', checkpoints='./checkpoints/', seq_len=336, label_len=48, pred_len=336, head_type='cms3', cms_lr=5e-05, update_policy='spc', fc_dropout=0.3, head_dropout=0.0, patch_len=16, stride=8, padding_patch='end', revin=1, affine=0, subtract_last=0, decomposition=0, kernel_size=25, individual=0, embed_type=0, enc_in=7, dec_in=7, c_out=7, d_model=16, n_heads=4, e_layers=3, d_layers=1, d_ff=128, moving_avg=25, factor=1, distil=True, dropout=0.3, embed='timeF', activation='gelu', output_attention=False, do_predict=False, num_workers=0, itr=1, train_epochs=100, batch_size=128, patience=100, learning_rate=0.0001, des='Nested_Learning', loss='mse', lradj='type3', pct_start=0.3, use_amp=False, use_gpu=True, gpu=0, use_multi_gpu=False, devices='0,1,2,3', test_flop=False)
Use GPU: cuda:0
>>>>>>>start training : NL_etth1_cms3_lr0.00005_spc_336_336_PatchTST_ETTh1_ftM_sl336_ll48_pl336_dm16_nh4_el3_dl1_df128_fc1_ebtimeF_dtTruelr5e-05_polspc_Nested_Learning_0>>>>>>>>>>>>>>>>>>>>>>>>>>
train 7969
val 2545
test 2545
Epoch: 1 cost time: 2.6281838417053223
Epoch: 1, Steps: 62 | Train Loss: 0.8246927 Vali Loss: 1.7941025 Test Loss: 0.8203471
Validation loss decreased (inf --> 1.794103).  Saving model ...
Updating learning rate to 0.0001
Epoch: 2 cost time: 2.2959630489349365
Epoch: 2, Steps: 62 | Train Loss: 0.8197841 Vali Loss: 1.7800499 Test Loss: 0.8081980
Validation loss decreased (1.794103 --> 1.780050).  Saving model ...
Updating learning rate to 0.0001
Epoch: 3 cost time: 2.301086902618408
Epoch: 3, Steps: 62 | Train Loss: 0.8111454 Vali Loss: 1.7635598 Test Loss: 0.7971564
Validation loss decreased (1.780050 --> 1.763560).  Saving model ...
Updating learning rate to 0.0001
Epoch: 4 cost time: 2.2970104217529297
Epoch: 4, Steps: 62 | Train Loss: 0.8026889 Vali Loss: 1.7472006 Test Loss: 0.7871145
Validation loss decreased (1.763560 --> 1.747201).  Saving model ...
Updating learning rate to 9e-05
Epoch: 5 cost time: 2.2950124740600586
Epoch: 5, Steps: 62 | Train Loss: 0.7946215 Vali Loss: 1.7345061 Test Loss: 0.7784892
Validation loss decreased (1.747201 --> 1.734506).  Saving model ...
Updating learning rate to 8.1e-05
Epoch: 6 cost time: 2.301156759262085
Epoch: 6, Steps: 62 | Train Loss: 0.7888575 Vali Loss: 1.7257998 Test Loss: 0.7715370
Validation loss decreased (1.734506 --> 1.725800).  Saving model ...
Updating learning rate to 7.290000000000001e-05
Epoch: 7 cost time: 2.2954323291778564
Epoch: 7, Steps: 62 | Train Loss: 0.7824303 Vali Loss: 1.7184184 Test Loss: 0.7657038
Validation loss decreased (1.725800 --> 1.718418).  Saving model ...
Updating learning rate to 6.561e-05
Epoch: 8 cost time: 2.2914958000183105
Epoch: 8, Steps: 62 | Train Loss: 0.7775706 Vali Loss: 1.7075824 Test Loss: 0.7606950
Validation loss decreased (1.718418 --> 1.707582).  Saving model ...
Updating learning rate to 5.904900000000001e-05
Epoch: 9 cost time: 2.290290117263794
Epoch: 9, Steps: 62 | Train Loss: 0.7730815 Vali Loss: 1.7038610 Test Loss: 0.7565269
Validation loss decreased (1.707582 --> 1.703861).  Saving model ...
Updating learning rate to 5.3144100000000005e-05
Epoch: 10 cost time: 2.296966552734375
Epoch: 10, Steps: 62 | Train Loss: 0.7691116 Vali Loss: 1.6963093 Test Loss: 0.7525096
Validation loss decreased (1.703861 --> 1.696309).  Saving model ...
Updating learning rate to 4.782969000000001e-05
Epoch: 11 cost time: 2.3027477264404297
Epoch: 11, Steps: 62 | Train Loss: 0.7659661 Vali Loss: 1.6895872 Test Loss: 0.7493668
Validation loss decreased (1.696309 --> 1.689587).  Saving model ...
Updating learning rate to 4.304672100000001e-05
Epoch: 12 cost time: 2.2966830730438232
Epoch: 12, Steps: 62 | Train Loss: 0.7626902 Vali Loss: 1.6842270 Test Loss: 0.7464203
Validation loss decreased (1.689587 --> 1.684227).  Saving model ...
Updating learning rate to 3.874204890000001e-05
Epoch: 13 cost time: 2.295085906982422
Epoch: 13, Steps: 62 | Train Loss: 0.7601742 Vali Loss: 1.6832688 Test Loss: 0.7439249
Validation loss decreased (1.684227 --> 1.683269).  Saving model ...
Updating learning rate to 3.486784401000001e-05
Epoch: 14 cost time: 2.2924139499664307
Epoch: 14, Steps: 62 | Train Loss: 0.7577897 Vali Loss: 1.6787018 Test Loss: 0.7416723
Validation loss decreased (1.683269 --> 1.678702).  Saving model ...
Updating learning rate to 3.138105960900001e-05
Epoch: 15 cost time: 2.297199010848999
Epoch: 15, Steps: 62 | Train Loss: 0.7557001 Vali Loss: 1.6754211 Test Loss: 0.7398052
Validation loss decreased (1.678702 --> 1.675421).  Saving model ...
Updating learning rate to 2.824295364810001e-05
Epoch: 16 cost time: 2.2901551723480225
Epoch: 16, Steps: 62 | Train Loss: 0.7537687 Vali Loss: 1.6760130 Test Loss: 0.7379730
EarlyStopping counter: 1 out of 100
Updating learning rate to 2.541865828329001e-05
Epoch: 17 cost time: 2.3005709648132324
Epoch: 17, Steps: 62 | Train Loss: 0.7517739 Vali Loss: 1.6716378 Test Loss: 0.7365502
Validation loss decreased (1.675421 --> 1.671638).  Saving model ...
Updating learning rate to 2.287679245496101e-05
Epoch: 18 cost time: 2.2983510494232178
Epoch: 18, Steps: 62 | Train Loss: 0.7504048 Vali Loss: 1.6686106 Test Loss: 0.7351387
Validation loss decreased (1.671638 --> 1.668611).  Saving model ...
Updating learning rate to 2.0589113209464907e-05
Epoch: 19 cost time: 2.2928149700164795
Epoch: 19, Steps: 62 | Train Loss: 0.7489379 Vali Loss: 1.6690586 Test Loss: 0.7338193
EarlyStopping counter: 1 out of 100
Updating learning rate to 1.8530201888518416e-05
Epoch: 20 cost time: 2.290809154510498
Epoch: 20, Steps: 62 | Train Loss: 0.7476258 Vali Loss: 1.6649640 Test Loss: 0.7327337
Validation loss decreased (1.668611 --> 1.664964).  Saving model ...
Updating learning rate to 1.6677181699666577e-05
Epoch: 21 cost time: 2.331681728363037
Epoch: 21, Steps: 62 | Train Loss: 0.7471354 Vali Loss: 1.6678805 Test Loss: 0.7316989
EarlyStopping counter: 1 out of 100
Updating learning rate to 1.5009463529699919e-05
Epoch: 22 cost time: 2.2957568168640137
Epoch: 22, Steps: 62 | Train Loss: 0.7456176 Vali Loss: 1.6653795 Test Loss: 0.7309639
EarlyStopping counter: 2 out of 100
Updating learning rate to 1.3508517176729929e-05
Epoch: 23 cost time: 2.293975830078125
Epoch: 23, Steps: 62 | Train Loss: 0.7450096 Vali Loss: 1.6578429 Test Loss: 0.7301458
Validation loss decreased (1.664964 --> 1.657843).  Saving model ...
Updating learning rate to 1.2157665459056936e-05
Epoch: 24 cost time: 2.313141107559204
Epoch: 24, Steps: 62 | Train Loss: 0.7435996 Vali Loss: 1.6599990 Test Loss: 0.7294324
EarlyStopping counter: 1 out of 100
Updating learning rate to 1.0941898913151242e-05
Epoch: 25 cost time: 2.295011043548584
Epoch: 25, Steps: 62 | Train Loss: 0.7433563 Vali Loss: 1.6605357 Test Loss: 0.7287782
EarlyStopping counter: 2 out of 100
Updating learning rate to 9.847709021836118e-06
Epoch: 26 cost time: 2.2955033779144287
Epoch: 26, Steps: 62 | Train Loss: 0.7423959 Vali Loss: 1.6627145 Test Loss: 0.7281670
EarlyStopping counter: 3 out of 100
Updating learning rate to 8.862938119652508e-06
Epoch: 27 cost time: 2.2982301712036133
Epoch: 27, Steps: 62 | Train Loss: 0.7419460 Vali Loss: 1.6604147 Test Loss: 0.7276325
EarlyStopping counter: 4 out of 100
Updating learning rate to 7.976644307687255e-06
Epoch: 28 cost time: 2.298095703125
Epoch: 28, Steps: 62 | Train Loss: 0.7417472 Vali Loss: 1.6587888 Test Loss: 0.7271273
EarlyStopping counter: 5 out of 100
Updating learning rate to 7.178979876918531e-06
Epoch: 29 cost time: 2.29557204246521
Epoch: 29, Steps: 62 | Train Loss: 0.7418746 Vali Loss: 1.6618071 Test Loss: 0.7267346
EarlyStopping counter: 6 out of 100
Updating learning rate to 6.4610818892266776e-06
Epoch: 30 cost time: 2.298025131225586
Epoch: 30, Steps: 62 | Train Loss: 0.7407772 Vali Loss: 1.6541313 Test Loss: 0.7265120
Validation loss decreased (1.657843 --> 1.654131).  Saving model ...
Updating learning rate to 5.8149737003040096e-06
Epoch: 31 cost time: 2.2968032360076904
Epoch: 31, Steps: 62 | Train Loss: 0.7404327 Vali Loss: 1.6589191 Test Loss: 0.7262526
EarlyStopping counter: 1 out of 100
Updating learning rate to 5.23347633027361e-06
Epoch: 32 cost time: 2.3031558990478516
Epoch: 32, Steps: 62 | Train Loss: 0.7398855 Vali Loss: 1.6585705 Test Loss: 0.7259127
EarlyStopping counter: 2 out of 100
Updating learning rate to 4.710128697246249e-06
Epoch: 33 cost time: 2.2945210933685303
Epoch: 33, Steps: 62 | Train Loss: 0.7398289 Vali Loss: 1.6567469 Test Loss: 0.7256259
EarlyStopping counter: 3 out of 100
Updating learning rate to 4.239115827521624e-06
Epoch: 34 cost time: 2.2944304943084717
Epoch: 34, Steps: 62 | Train Loss: 0.7392653 Vali Loss: 1.6602143 Test Loss: 0.7253906
EarlyStopping counter: 4 out of 100
Updating learning rate to 3.815204244769462e-06
Epoch: 35 cost time: 2.2959718704223633
Epoch: 35, Steps: 62 | Train Loss: 0.7392240 Vali Loss: 1.6566845 Test Loss: 0.7250409
EarlyStopping counter: 5 out of 100
Updating learning rate to 3.4336838202925152e-06
Epoch: 36 cost time: 2.2954816818237305
Epoch: 36, Steps: 62 | Train Loss: 0.7392732 Vali Loss: 1.6565710 Test Loss: 0.7249390
EarlyStopping counter: 6 out of 100
Updating learning rate to 3.090315438263264e-06
Epoch: 37 cost time: 2.299567222595215
Epoch: 37, Steps: 62 | Train Loss: 0.7388944 Vali Loss: 1.6550444 Test Loss: 0.7249243
EarlyStopping counter: 7 out of 100
Updating learning rate to 2.7812838944369375e-06
Epoch: 38 cost time: 2.293452024459839
Epoch: 38, Steps: 62 | Train Loss: 0.7387008 Vali Loss: 1.6546502 Test Loss: 0.7246221
EarlyStopping counter: 8 out of 100
Updating learning rate to 2.503155504993244e-06
Epoch: 39 cost time: 2.299283266067505
Epoch: 39, Steps: 62 | Train Loss: 0.7384915 Vali Loss: 1.6510751 Test Loss: 0.7244803
Validation loss decreased (1.654131 --> 1.651075).  Saving model ...
Updating learning rate to 2.2528399544939195e-06
Epoch: 40 cost time: 2.302273988723755
Epoch: 40, Steps: 62 | Train Loss: 0.7384975 Vali Loss: 1.6578891 Test Loss: 0.7243501
EarlyStopping counter: 1 out of 100
Updating learning rate to 2.0275559590445276e-06
Epoch: 41 cost time: 2.298463821411133
Epoch: 41, Steps: 62 | Train Loss: 0.7382848 Vali Loss: 1.6581026 Test Loss: 0.7243071
EarlyStopping counter: 2 out of 100
Updating learning rate to 1.8248003631400751e-06
Epoch: 42 cost time: 2.2919387817382812
Epoch: 42, Steps: 62 | Train Loss: 0.7382416 Vali Loss: 1.6571951 Test Loss: 0.7242203
EarlyStopping counter: 3 out of 100
Updating learning rate to 1.6423203268260676e-06
Epoch: 43 cost time: 2.3050758838653564
Epoch: 43, Steps: 62 | Train Loss: 0.7382241 Vali Loss: 1.6528109 Test Loss: 0.7242602
EarlyStopping counter: 4 out of 100
Updating learning rate to 1.4780882941434609e-06
Epoch: 44 cost time: 2.293304681777954
Epoch: 44, Steps: 62 | Train Loss: 0.7380713 Vali Loss: 1.6481102 Test Loss: 0.7239835
Validation loss decreased (1.651075 --> 1.648110).  Saving model ...
Updating learning rate to 1.3302794647291146e-06
Epoch: 45 cost time: 2.2984890937805176
Epoch: 45, Steps: 62 | Train Loss: 0.7379242 Vali Loss: 1.6564075 Test Loss: 0.7240316
EarlyStopping counter: 1 out of 100
Updating learning rate to 1.1972515182562034e-06
Epoch: 46 cost time: 2.29288911819458
Epoch: 46, Steps: 62 | Train Loss: 0.7378912 Vali Loss: 1.6571264 Test Loss: 0.7240798
EarlyStopping counter: 2 out of 100
Updating learning rate to 1.077526366430583e-06
Epoch: 47 cost time: 2.3016607761383057
Epoch: 47, Steps: 62 | Train Loss: 0.7374425 Vali Loss: 1.6544065 Test Loss: 0.7237716
EarlyStopping counter: 3 out of 100
Updating learning rate to 9.697737297875248e-07
Epoch: 48 cost time: 2.288404703140259
Epoch: 48, Steps: 62 | Train Loss: 0.7373805 Vali Loss: 1.6538721 Test Loss: 0.7236755
EarlyStopping counter: 4 out of 100
Updating learning rate to 8.727963568087723e-07
Epoch: 49 cost time: 2.2939698696136475
Epoch: 49, Steps: 62 | Train Loss: 0.7378724 Vali Loss: 1.6515646 Test Loss: 0.7236794
EarlyStopping counter: 5 out of 100
Updating learning rate to 7.855167211278951e-07
Epoch: 50 cost time: 2.2934272289276123
Epoch: 50, Steps: 62 | Train Loss: 0.7375838 Vali Loss: 1.6551676 Test Loss: 0.7236705
EarlyStopping counter: 6 out of 100
Updating learning rate to 7.069650490151056e-07
Epoch: 51 cost time: 2.2867958545684814
Epoch: 51, Steps: 62 | Train Loss: 0.7374409 Vali Loss: 1.6585233 Test Loss: 0.7235023
EarlyStopping counter: 7 out of 100
Updating learning rate to 6.36268544113595e-07
Epoch: 52 cost time: 2.287193775177002
Epoch: 52, Steps: 62 | Train Loss: 0.7376856 Vali Loss: 1.6535037 Test Loss: 0.7236988
EarlyStopping counter: 8 out of 100
Updating learning rate to 5.726416897022355e-07
Epoch: 53 cost time: 2.2876718044281006
Epoch: 53, Steps: 62 | Train Loss: 0.7372028 Vali Loss: 1.6574548 Test Loss: 0.7235972
EarlyStopping counter: 9 out of 100
Updating learning rate to 5.15377520732012e-07
Epoch: 54 cost time: 2.2856781482696533
Epoch: 54, Steps: 62 | Train Loss: 0.7376985 Vali Loss: 1.6535684 Test Loss: 0.7236490
EarlyStopping counter: 10 out of 100
Updating learning rate to 4.6383976865881085e-07
Epoch: 55 cost time: 2.290722608566284
Epoch: 55, Steps: 62 | Train Loss: 0.7376499 Vali Loss: 1.6569486 Test Loss: 0.7233648
EarlyStopping counter: 11 out of 100
Updating learning rate to 4.174557917929298e-07
Epoch: 56 cost time: 2.2904629707336426
Epoch: 56, Steps: 62 | Train Loss: 0.7373464 Vali Loss: 1.6499333 Test Loss: 0.7235430
EarlyStopping counter: 12 out of 100
Updating learning rate to 3.7571021261363677e-07
Epoch: 57 cost time: 2.2877941131591797
Epoch: 57, Steps: 62 | Train Loss: 0.7373220 Vali Loss: 1.6556978 Test Loss: 0.7234885
EarlyStopping counter: 13 out of 100
Updating learning rate to 3.381391913522731e-07
Epoch: 58 cost time: 2.28934383392334
Epoch: 58, Steps: 62 | Train Loss: 0.7376202 Vali Loss: 1.6506436 Test Loss: 0.7236554
EarlyStopping counter: 14 out of 100
Updating learning rate to 3.043252722170458e-07
Epoch: 59 cost time: 2.29148530960083
Epoch: 59, Steps: 62 | Train Loss: 0.7371593 Vali Loss: 1.6562570 Test Loss: 0.7233022
EarlyStopping counter: 15 out of 100
Updating learning rate to 2.7389274499534124e-07
Epoch: 60 cost time: 2.2868733406066895
Epoch: 60, Steps: 62 | Train Loss: 0.7371896 Vali Loss: 1.6489486 Test Loss: 0.7234877
EarlyStopping counter: 16 out of 100
Updating learning rate to 2.465034704958071e-07
Epoch: 61 cost time: 2.3069615364074707
Epoch: 61, Steps: 62 | Train Loss: 0.7372861 Vali Loss: 1.6549683 Test Loss: 0.7233055
EarlyStopping counter: 17 out of 100
Updating learning rate to 2.218531234462264e-07
Epoch: 62 cost time: 2.290576219558716
Epoch: 62, Steps: 62 | Train Loss: 0.7370560 Vali Loss: 1.6541777 Test Loss: 0.7233893
EarlyStopping counter: 18 out of 100
Updating learning rate to 1.9966781110160376e-07
Epoch: 63 cost time: 2.289135456085205
Epoch: 63, Steps: 62 | Train Loss: 0.7373321 Vali Loss: 1.6579860 Test Loss: 0.7233207
EarlyStopping counter: 19 out of 100
Updating learning rate to 1.797010299914434e-07
Epoch: 64 cost time: 2.2950851917266846
Epoch: 64, Steps: 62 | Train Loss: 0.7373588 Vali Loss: 1.6527405 Test Loss: 0.7233701
EarlyStopping counter: 20 out of 100
Updating learning rate to 1.6173092699229907e-07
Epoch: 65 cost time: 2.2947068214416504
Epoch: 65, Steps: 62 | Train Loss: 0.7370272 Vali Loss: 1.6552359 Test Loss: 0.7233152
EarlyStopping counter: 21 out of 100
Updating learning rate to 1.4555783429306916e-07
Epoch: 66 cost time: 2.328333854675293
Epoch: 66, Steps: 62 | Train Loss: 0.7366074 Vali Loss: 1.6528915 Test Loss: 0.7233153
EarlyStopping counter: 22 out of 100
Updating learning rate to 1.3100205086376224e-07
Epoch: 67 cost time: 2.292929172515869
Epoch: 67, Steps: 62 | Train Loss: 0.7373563 Vali Loss: 1.6542348 Test Loss: 0.7232451
EarlyStopping counter: 23 out of 100
Updating learning rate to 1.1790184577738603e-07
Epoch: 68 cost time: 2.292630434036255
Epoch: 68, Steps: 62 | Train Loss: 0.7369426 Vali Loss: 1.6578447 Test Loss: 0.7233683
EarlyStopping counter: 24 out of 100
Updating learning rate to 1.0611166119964742e-07
Epoch: 69 cost time: 2.2934834957122803
Epoch: 69, Steps: 62 | Train Loss: 0.7375623 Vali Loss: 1.6571068 Test Loss: 0.7234756
EarlyStopping counter: 25 out of 100
Updating learning rate to 9.550049507968268e-08
Epoch: 70 cost time: 2.297410011291504
Epoch: 70, Steps: 62 | Train Loss: 0.7373265 Vali Loss: 1.6553183 Test Loss: 0.7232969
EarlyStopping counter: 26 out of 100
Updating learning rate to 8.595044557171442e-08
Epoch: 71 cost time: 2.302387237548828
Epoch: 71, Steps: 62 | Train Loss: 0.7368856 Vali Loss: 1.6560036 Test Loss: 0.7234788
EarlyStopping counter: 27 out of 100
Updating learning rate to 7.735540101454298e-08
Epoch: 72 cost time: 2.2906248569488525
Epoch: 72, Steps: 62 | Train Loss: 0.7371821 Vali Loss: 1.6550021 Test Loss: 0.7233450
EarlyStopping counter: 28 out of 100
Updating learning rate to 6.961986091308869e-08
Epoch: 73 cost time: 2.2920618057250977
Epoch: 73, Steps: 62 | Train Loss: 0.7365797 Vali Loss: 1.6538929 Test Loss: 0.7230899
EarlyStopping counter: 29 out of 100
Updating learning rate to 6.265787482177981e-08
Epoch: 74 cost time: 2.2916152477264404
Epoch: 74, Steps: 62 | Train Loss: 0.7371508 Vali Loss: 1.6513081 Test Loss: 0.7233035
EarlyStopping counter: 30 out of 100
Updating learning rate to 5.639208733960184e-08
Epoch: 75 cost time: 2.2911694049835205
Epoch: 75, Steps: 62 | Train Loss: 0.7371195 Vali Loss: 1.6529703 Test Loss: 0.7234249
EarlyStopping counter: 31 out of 100
Updating learning rate to 5.075287860564165e-08
Epoch: 76 cost time: 2.2954413890838623
Epoch: 76, Steps: 62 | Train Loss: 0.7371583 Vali Loss: 1.6450492 Test Loss: 0.7232631
Validation loss decreased (1.648110 --> 1.645049).  Saving model ...
Updating learning rate to 4.567759074507749e-08
Epoch: 77 cost time: 2.2952773571014404
Epoch: 77, Steps: 62 | Train Loss: 0.7372642 Vali Loss: 1.6525646 Test Loss: 0.7233774
EarlyStopping counter: 1 out of 100
Updating learning rate to 4.1109831670569744e-08
Epoch: 78 cost time: 2.2928874492645264
Epoch: 78, Steps: 62 | Train Loss: 0.7367427 Vali Loss: 1.6564586 Test Loss: 0.7233902
EarlyStopping counter: 2 out of 100
Updating learning rate to 3.6998848503512764e-08
Epoch: 79 cost time: 2.2937357425689697
Epoch: 79, Steps: 62 | Train Loss: 0.7367981 Vali Loss: 1.6517099 Test Loss: 0.7232597
EarlyStopping counter: 3 out of 100
Updating learning rate to 3.3298963653161496e-08
Epoch: 80 cost time: 2.2975611686706543
Epoch: 80, Steps: 62 | Train Loss: 0.7371129 Vali Loss: 1.6488152 Test Loss: 0.7235510
EarlyStopping counter: 4 out of 100
Updating learning rate to 2.996906728784534e-08
Epoch: 81 cost time: 2.2916080951690674
Epoch: 81, Steps: 62 | Train Loss: 0.7368781 Vali Loss: 1.6507816 Test Loss: 0.7231005
EarlyStopping counter: 5 out of 100
Updating learning rate to 2.697216055906081e-08
Epoch: 82 cost time: 2.2906594276428223
Epoch: 82, Steps: 62 | Train Loss: 0.7371088 Vali Loss: 1.6548032 Test Loss: 0.7233919
EarlyStopping counter: 6 out of 100
Updating learning rate to 2.427494450315473e-08
Epoch: 83 cost time: 2.29903507232666
Epoch: 83, Steps: 62 | Train Loss: 0.7374771 Vali Loss: 1.6521937 Test Loss: 0.7232448
EarlyStopping counter: 7 out of 100
Updating learning rate to 2.1847450052839257e-08
Epoch: 84 cost time: 2.2963411808013916
Epoch: 84, Steps: 62 | Train Loss: 0.7367696 Vali Loss: 1.6506492 Test Loss: 0.7233706
EarlyStopping counter: 8 out of 100
Updating learning rate to 1.9662705047555332e-08
Epoch: 85 cost time: 2.29721999168396
Epoch: 85, Steps: 62 | Train Loss: 0.7372334 Vali Loss: 1.6551540 Test Loss: 0.7233839
EarlyStopping counter: 9 out of 100
Updating learning rate to 1.7696434542799797e-08
Epoch: 86 cost time: 2.2961623668670654
Epoch: 86, Steps: 62 | Train Loss: 0.7370825 Vali Loss: 1.6540537 Test Loss: 0.7234213
EarlyStopping counter: 10 out of 100
Updating learning rate to 1.5926791088519817e-08
Epoch: 87 cost time: 2.300475597381592
Epoch: 87, Steps: 62 | Train Loss: 0.7371201 Vali Loss: 1.6539139 Test Loss: 0.7233394
EarlyStopping counter: 11 out of 100
Updating learning rate to 1.4334111979667836e-08
Epoch: 88 cost time: 2.3001887798309326
Epoch: 88, Steps: 62 | Train Loss: 0.7369480 Vali Loss: 1.6543605 Test Loss: 0.7232545
EarlyStopping counter: 12 out of 100
Updating learning rate to 1.2900700781701054e-08
Epoch: 89 cost time: 2.2969186305999756
Epoch: 89, Steps: 62 | Train Loss: 0.7371394 Vali Loss: 1.6570742 Test Loss: 0.7233115
EarlyStopping counter: 13 out of 100
Updating learning rate to 1.161063070353095e-08
Epoch: 90 cost time: 2.294297695159912
Epoch: 90, Steps: 62 | Train Loss: 0.7371247 Vali Loss: 1.6536239 Test Loss: 0.7233850
EarlyStopping counter: 14 out of 100
Updating learning rate to 1.0449567633177854e-08
Epoch: 91 cost time: 2.294246196746826
Epoch: 91, Steps: 62 | Train Loss: 0.7374254 Vali Loss: 1.6553445 Test Loss: 0.7233869
EarlyStopping counter: 15 out of 100
Updating learning rate to 9.404610869860069e-09
Epoch: 92 cost time: 2.2927663326263428
Epoch: 92, Steps: 62 | Train Loss: 0.7371005 Vali Loss: 1.6527404 Test Loss: 0.7232518
EarlyStopping counter: 16 out of 100
Updating learning rate to 8.464149782874063e-09
Epoch: 93 cost time: 2.291961908340454
Epoch: 93, Steps: 62 | Train Loss: 0.7372480 Vali Loss: 1.6518196 Test Loss: 0.7232099
EarlyStopping counter: 17 out of 100
Updating learning rate to 7.617734804586658e-09
Epoch: 94 cost time: 2.290773868560791
Epoch: 94, Steps: 62 | Train Loss: 0.7368585 Vali Loss: 1.6514533 Test Loss: 0.7233087
EarlyStopping counter: 18 out of 100
Updating learning rate to 6.855961324127991e-09
Epoch: 95 cost time: 2.2928905487060547
Epoch: 95, Steps: 62 | Train Loss: 0.7373481 Vali Loss: 1.6570903 Test Loss: 0.7234017
EarlyStopping counter: 19 out of 100
Updating learning rate to 6.170365191715193e-09
Epoch: 96 cost time: 2.2895560264587402
Epoch: 96, Steps: 62 | Train Loss: 0.7371871 Vali Loss: 1.6489414 Test Loss: 0.7233272
EarlyStopping counter: 20 out of 100
Updating learning rate to 5.5533286725436726e-09
Epoch: 97 cost time: 2.291628122329712
Epoch: 97, Steps: 62 | Train Loss: 0.7369599 Vali Loss: 1.6492488 Test Loss: 0.7234994
EarlyStopping counter: 21 out of 100
Updating learning rate to 4.997995805289306e-09
Epoch: 98 cost time: 2.2917773723602295
Epoch: 98, Steps: 62 | Train Loss: 0.7368616 Vali Loss: 1.6492844 Test Loss: 0.7232987
EarlyStopping counter: 22 out of 100
Updating learning rate to 4.498196224760375e-09
Epoch: 99 cost time: 2.2962281703948975
Epoch: 99, Steps: 62 | Train Loss: 0.7372750 Vali Loss: 1.6568850 Test Loss: 0.7233683
EarlyStopping counter: 23 out of 100
Updating learning rate to 4.048376602284338e-09
Epoch: 100 cost time: 2.2928271293640137
Epoch: 100, Steps: 62 | Train Loss: 0.7365383 Vali Loss: 1.6544402 Test Loss: 0.7231725
EarlyStopping counter: 24 out of 100
Updating learning rate to 3.643538942055904e-09
>>>>>>>testing : NL_etth1_cms3_lr0.00005_spc_336_336_PatchTST_ETTh1_ftM_sl336_ll48_pl336_dm16_nh4_el3_dl1_df128_fc1_ebtimeF_dtTruelr5e-05_polspc_Nested_Learning_0<<<<<<<<<<<<<<<<<<<<<<<<<<<<<<<<<
test 2545
 Ejecutando Inferencia DINÁMICA (Nested Learning con cms3)
  -> Política: spc | LR: 5e-05 | Target: head

RESUMEN: El CMS se actualizó 0 veces de 19 posibles.

mse:0.7232630848884583, mae:0.5915077328681946, rse:0.8129702806472778
Args in experiment:
Namespace(random_seed=2021, is_training=1, model_id='NL_etth1_cms3_lr0.00005_spc_336_720', model='PatchTST', data='ETTh1', root_path='./dataset/', data_path='ETTh1.csv', features='M', target='OT', freq='h', checkpoints='./checkpoints/', seq_len=336, label_len=48, pred_len=720, head_type='cms3', cms_lr=5e-05, update_policy='spc', fc_dropout=0.3, head_dropout=0.0, patch_len=16, stride=8, padding_patch='end', revin=1, affine=0, subtract_last=0, decomposition=0, kernel_size=25, individual=0, embed_type=0, enc_in=7, dec_in=7, c_out=7, d_model=16, n_heads=4, e_layers=3, d_layers=1, d_ff=128, moving_avg=25, factor=1, distil=True, dropout=0.3, embed='timeF', activation='gelu', output_attention=False, do_predict=False, num_workers=0, itr=1, train_epochs=100, batch_size=128, patience=100, learning_rate=0.0001, des='Nested_Learning', loss='mse', lradj='type3', pct_start=0.3, use_amp=False, use_gpu=True, gpu=0, use_multi_gpu=False, devices='0,1,2,3', test_flop=False)
Use GPU: cuda:0
>>>>>>>start training : NL_etth1_cms3_lr0.00005_spc_336_720_PatchTST_ETTh1_ftM_sl336_ll48_pl720_dm16_nh4_el3_dl1_df128_fc1_ebtimeF_dtTruelr5e-05_polspc_Nested_Learning_0>>>>>>>>>>>>>>>>>>>>>>>>>>
train 7585
val 2161
test 2161
Epoch: 1 cost time: 2.0123400688171387
Epoch: 1, Steps: 59 | Train Loss: 0.9127913 Vali Loss: 2.0267267 Test Loss: 0.8301032
Validation loss decreased (inf --> 2.026727).  Saving model ...
Updating learning rate to 0.0001
Epoch: 2 cost time: 1.8966386318206787
Epoch: 2, Steps: 59 | Train Loss: 0.9090008 Vali Loss: 2.0175948 Test Loss: 0.8218052
Validation loss decreased (2.026727 --> 2.017595).  Saving model ...
Updating learning rate to 0.0001
Epoch: 3 cost time: 1.672288417816162
Epoch: 3, Steps: 59 | Train Loss: 0.9026489 Vali Loss: 2.0033746 Test Loss: 0.8140038
Validation loss decreased (2.017595 --> 2.003375).  Saving model ...
Updating learning rate to 0.0001
Epoch: 4 cost time: 1.657848596572876
Epoch: 4, Steps: 59 | Train Loss: 0.8957463 Vali Loss: 1.9919196 Test Loss: 0.8071549
Validation loss decreased (2.003375 --> 1.991920).  Saving model ...
Updating learning rate to 9e-05
Epoch: 5 cost time: 1.660008430480957
Epoch: 5, Steps: 59 | Train Loss: 0.8905333 Vali Loss: 1.9848738 Test Loss: 0.8017627
Validation loss decreased (1.991920 --> 1.984874).  Saving model ...
Updating learning rate to 8.1e-05
Epoch: 6 cost time: 1.6632459163665771
Epoch: 6, Steps: 59 | Train Loss: 0.8849506 Vali Loss: 1.9729459 Test Loss: 0.7968864
Validation loss decreased (1.984874 --> 1.972946).  Saving model ...
Updating learning rate to 7.290000000000001e-05
Epoch: 7 cost time: 1.6603262424468994
Epoch: 7, Steps: 59 | Train Loss: 0.8803931 Vali Loss: 1.9731044 Test Loss: 0.7931713
EarlyStopping counter: 1 out of 100
Updating learning rate to 6.561e-05
Epoch: 8 cost time: 1.657597541809082
Epoch: 8, Steps: 59 | Train Loss: 0.8765041 Vali Loss: 1.9608954 Test Loss: 0.7899427
Validation loss decreased (1.972946 --> 1.960895).  Saving model ...
Updating learning rate to 5.904900000000001e-05
Epoch: 9 cost time: 1.6684370040893555
Epoch: 9, Steps: 59 | Train Loss: 0.8736526 Vali Loss: 1.9599452 Test Loss: 0.7874827
Validation loss decreased (1.960895 --> 1.959945).  Saving model ...
Updating learning rate to 5.3144100000000005e-05
Epoch: 10 cost time: 1.6768014430999756
Epoch: 10, Steps: 59 | Train Loss: 0.8701864 Vali Loss: 1.9543006 Test Loss: 0.7852049
Validation loss decreased (1.959945 --> 1.954301).  Saving model ...
Updating learning rate to 4.782969000000001e-05
Epoch: 11 cost time: 1.6590595245361328
Epoch: 11, Steps: 59 | Train Loss: 0.8675722 Vali Loss: 1.9471267 Test Loss: 0.7834570
Validation loss decreased (1.954301 --> 1.947127).  Saving model ...
Updating learning rate to 4.304672100000001e-05
Epoch: 12 cost time: 1.6605556011199951
Epoch: 12, Steps: 59 | Train Loss: 0.8650446 Vali Loss: 1.9527097 Test Loss: 0.7815266
EarlyStopping counter: 1 out of 100
Updating learning rate to 3.874204890000001e-05
Epoch: 13 cost time: 1.6519033908843994
Epoch: 13, Steps: 59 | Train Loss: 0.8634419 Vali Loss: 1.9486817 Test Loss: 0.7801536
EarlyStopping counter: 2 out of 100
Updating learning rate to 3.486784401000001e-05
Epoch: 14 cost time: 1.6517584323883057
Epoch: 14, Steps: 59 | Train Loss: 0.8610983 Vali Loss: 1.9457059 Test Loss: 0.7787974
Validation loss decreased (1.947127 --> 1.945706).  Saving model ...
Updating learning rate to 3.138105960900001e-05
Epoch: 15 cost time: 1.6855700016021729
Epoch: 15, Steps: 59 | Train Loss: 0.8598626 Vali Loss: 1.9406462 Test Loss: 0.7776984
Validation loss decreased (1.945706 --> 1.940646).  Saving model ...
Updating learning rate to 2.824295364810001e-05
Epoch: 16 cost time: 1.6625440120697021
Epoch: 16, Steps: 59 | Train Loss: 0.8580709 Vali Loss: 1.9394295 Test Loss: 0.7767154
Validation loss decreased (1.940646 --> 1.939430).  Saving model ...
Updating learning rate to 2.541865828329001e-05
Epoch: 17 cost time: 1.6573882102966309
Epoch: 17, Steps: 59 | Train Loss: 0.8570932 Vali Loss: 1.9391930 Test Loss: 0.7757745
Validation loss decreased (1.939430 --> 1.939193).  Saving model ...
Updating learning rate to 2.287679245496101e-05
Epoch: 18 cost time: 1.656585931777954
Epoch: 18, Steps: 59 | Train Loss: 0.8551713 Vali Loss: 1.9345255 Test Loss: 0.7749887
Validation loss decreased (1.939193 --> 1.934525).  Saving model ...
Updating learning rate to 2.0589113209464907e-05
Epoch: 19 cost time: 1.660851240158081
Epoch: 19, Steps: 59 | Train Loss: 0.8547756 Vali Loss: 1.9342904 Test Loss: 0.7742026
Validation loss decreased (1.934525 --> 1.934290).  Saving model ...
Updating learning rate to 1.8530201888518416e-05
Epoch: 20 cost time: 1.6565017700195312
Epoch: 20, Steps: 59 | Train Loss: 0.8535222 Vali Loss: 1.9336123 Test Loss: 0.7739068
Validation loss decreased (1.934290 --> 1.933612).  Saving model ...
Updating learning rate to 1.6677181699666577e-05
Epoch: 21 cost time: 1.6507651805877686
Epoch: 21, Steps: 59 | Train Loss: 0.8529058 Vali Loss: 1.9298368 Test Loss: 0.7731928
Validation loss decreased (1.933612 --> 1.929837).  Saving model ...
Updating learning rate to 1.5009463529699919e-05
Epoch: 22 cost time: 1.8871538639068604
Epoch: 22, Steps: 59 | Train Loss: 0.8518579 Vali Loss: 1.9278065 Test Loss: 0.7727348
Validation loss decreased (1.929837 --> 1.927806).  Saving model ...
Updating learning rate to 1.3508517176729929e-05
Epoch: 23 cost time: 2.2757346630096436
Epoch: 23, Steps: 59 | Train Loss: 0.8517084 Vali Loss: 1.9367630 Test Loss: 0.7721348
EarlyStopping counter: 1 out of 100
Updating learning rate to 1.2157665459056936e-05
Epoch: 24 cost time: 2.1854069232940674
Epoch: 24, Steps: 59 | Train Loss: 0.8505007 Vali Loss: 1.9331366 Test Loss: 0.7716972
EarlyStopping counter: 2 out of 100
Updating learning rate to 1.0941898913151242e-05
Epoch: 25 cost time: 2.2862930297851562
Epoch: 25, Steps: 59 | Train Loss: 0.8502247 Vali Loss: 1.9268761 Test Loss: 0.7713689
Validation loss decreased (1.927806 --> 1.926876).  Saving model ...
Updating learning rate to 9.847709021836118e-06
Epoch: 26 cost time: 2.3216865062713623
Epoch: 26, Steps: 59 | Train Loss: 0.8496630 Vali Loss: 1.9314101 Test Loss: 0.7709410
EarlyStopping counter: 1 out of 100
Updating learning rate to 8.862938119652508e-06
Epoch: 27 cost time: 2.3458545207977295
Epoch: 27, Steps: 59 | Train Loss: 0.8492960 Vali Loss: 1.9322298 Test Loss: 0.7707160
EarlyStopping counter: 2 out of 100
Updating learning rate to 7.976644307687255e-06
Epoch: 28 cost time: 2.310495138168335
Epoch: 28, Steps: 59 | Train Loss: 0.8487680 Vali Loss: 1.9304821 Test Loss: 0.7703840
EarlyStopping counter: 3 out of 100
Updating learning rate to 7.178979876918531e-06
Epoch: 29 cost time: 2.3383595943450928
Epoch: 29, Steps: 59 | Train Loss: 0.8484935 Vali Loss: 1.9272732 Test Loss: 0.7703773
EarlyStopping counter: 4 out of 100
Updating learning rate to 6.4610818892266776e-06
Epoch: 30 cost time: 1.8302679061889648
Epoch: 30, Steps: 59 | Train Loss: 0.8479405 Vali Loss: 1.9310956 Test Loss: 0.7700746
EarlyStopping counter: 5 out of 100
Updating learning rate to 5.8149737003040096e-06
Epoch: 31 cost time: 1.6635494232177734
Epoch: 31, Steps: 59 | Train Loss: 0.8476773 Vali Loss: 1.9184091 Test Loss: 0.7699881
Validation loss decreased (1.926876 --> 1.918409).  Saving model ...
Updating learning rate to 5.23347633027361e-06
Epoch: 32 cost time: 1.6882195472717285
Epoch: 32, Steps: 59 | Train Loss: 0.8474203 Vali Loss: 1.9249790 Test Loss: 0.7698374
EarlyStopping counter: 1 out of 100
Updating learning rate to 4.710128697246249e-06
Epoch: 33 cost time: 1.6668555736541748
Epoch: 33, Steps: 59 | Train Loss: 0.8468112 Vali Loss: 1.9260936 Test Loss: 0.7695671
EarlyStopping counter: 2 out of 100
Updating learning rate to 4.239115827521624e-06
Epoch: 34 cost time: 1.6644179821014404
Epoch: 34, Steps: 59 | Train Loss: 0.8471898 Vali Loss: 1.9239628 Test Loss: 0.7693660
EarlyStopping counter: 3 out of 100
Updating learning rate to 3.815204244769462e-06
Epoch: 35 cost time: 1.6629807949066162
Epoch: 35, Steps: 59 | Train Loss: 0.8471086 Vali Loss: 1.9266434 Test Loss: 0.7692428
EarlyStopping counter: 4 out of 100
Updating learning rate to 3.4336838202925152e-06
Epoch: 36 cost time: 1.7232518196105957
Epoch: 36, Steps: 59 | Train Loss: 0.8469043 Vali Loss: 1.9279568 Test Loss: 0.7692105
EarlyStopping counter: 5 out of 100
Updating learning rate to 3.090315438263264e-06
Epoch: 37 cost time: 1.6585681438446045
Epoch: 37, Steps: 59 | Train Loss: 0.8471021 Vali Loss: 1.9250548 Test Loss: 0.7689946
EarlyStopping counter: 6 out of 100
Updating learning rate to 2.7812838944369375e-06
Epoch: 38 cost time: 1.6680901050567627
Epoch: 38, Steps: 59 | Train Loss: 0.8462124 Vali Loss: 1.9252510 Test Loss: 0.7687271
EarlyStopping counter: 7 out of 100
Updating learning rate to 2.503155504993244e-06
Epoch: 39 cost time: 2.240581750869751
Epoch: 39, Steps: 59 | Train Loss: 0.8464009 Vali Loss: 1.9221032 Test Loss: 0.7689240
EarlyStopping counter: 8 out of 100
Updating learning rate to 2.2528399544939195e-06
Epoch: 40 cost time: 2.2359907627105713
Epoch: 40, Steps: 59 | Train Loss: 0.8462207 Vali Loss: 1.9199891 Test Loss: 0.7688858
EarlyStopping counter: 9 out of 100
Updating learning rate to 2.0275559590445276e-06
Epoch: 41 cost time: 2.2446188926696777
Epoch: 41, Steps: 59 | Train Loss: 0.8461027 Vali Loss: 1.9226856 Test Loss: 0.7687848
EarlyStopping counter: 10 out of 100
Updating learning rate to 1.8248003631400751e-06
Epoch: 42 cost time: 2.245391845703125
Epoch: 42, Steps: 59 | Train Loss: 0.8461807 Vali Loss: 1.9241834 Test Loss: 0.7686996
EarlyStopping counter: 11 out of 100
Updating learning rate to 1.6423203268260676e-06
Epoch: 43 cost time: 2.2393953800201416
Epoch: 43, Steps: 59 | Train Loss: 0.8460202 Vali Loss: 1.9287635 Test Loss: 0.7685789
EarlyStopping counter: 12 out of 100
Updating learning rate to 1.4780882941434609e-06
Epoch: 44 cost time: 2.243741273880005
Epoch: 44, Steps: 59 | Train Loss: 0.8457712 Vali Loss: 1.9247260 Test Loss: 0.7688009
EarlyStopping counter: 13 out of 100
Updating learning rate to 1.3302794647291146e-06
Epoch: 45 cost time: 2.2348179817199707
Epoch: 45, Steps: 59 | Train Loss: 0.8455064 Vali Loss: 1.9245431 Test Loss: 0.7686596
EarlyStopping counter: 14 out of 100
Updating learning rate to 1.1972515182562034e-06
Epoch: 46 cost time: 2.2442421913146973
Epoch: 46, Steps: 59 | Train Loss: 0.8457092 Vali Loss: 1.9241723 Test Loss: 0.7686318
EarlyStopping counter: 15 out of 100
Updating learning rate to 1.077526366430583e-06
Epoch: 47 cost time: 2.2426581382751465
Epoch: 47, Steps: 59 | Train Loss: 0.8454212 Vali Loss: 1.9267957 Test Loss: 0.7685794
EarlyStopping counter: 16 out of 100
Updating learning rate to 9.697737297875248e-07
Epoch: 48 cost time: 2.2395904064178467
Epoch: 48, Steps: 59 | Train Loss: 0.8453146 Vali Loss: 1.9171448 Test Loss: 0.7684990
Validation loss decreased (1.918409 --> 1.917145).  Saving model ...
Updating learning rate to 8.727963568087723e-07
Epoch: 49 cost time: 2.2563393115997314
Epoch: 49, Steps: 59 | Train Loss: 0.8456257 Vali Loss: 1.9251149 Test Loss: 0.7682452
EarlyStopping counter: 1 out of 100
Updating learning rate to 7.855167211278951e-07
Epoch: 50 cost time: 2.2490885257720947
Epoch: 50, Steps: 59 | Train Loss: 0.8460880 Vali Loss: 1.9229078 Test Loss: 0.7683040
EarlyStopping counter: 2 out of 100
Updating learning rate to 7.069650490151056e-07
Epoch: 51 cost time: 2.2482144832611084
Epoch: 51, Steps: 59 | Train Loss: 0.8457478 Vali Loss: 1.9224446 Test Loss: 0.7682523
EarlyStopping counter: 3 out of 100
Updating learning rate to 6.36268544113595e-07
Epoch: 52 cost time: 2.248015880584717
Epoch: 52, Steps: 59 | Train Loss: 0.8453735 Vali Loss: 1.9263771 Test Loss: 0.7682459
EarlyStopping counter: 4 out of 100
Updating learning rate to 5.726416897022355e-07
Epoch: 53 cost time: 2.256355047225952
Epoch: 53, Steps: 59 | Train Loss: 0.8456332 Vali Loss: 1.9276595 Test Loss: 0.7683054
EarlyStopping counter: 5 out of 100
Updating learning rate to 5.15377520732012e-07
Epoch: 54 cost time: 2.247049570083618
Epoch: 54, Steps: 59 | Train Loss: 0.8456169 Vali Loss: 1.9244297 Test Loss: 0.7682537
EarlyStopping counter: 6 out of 100
Updating learning rate to 4.6383976865881085e-07
Epoch: 55 cost time: 2.2519688606262207
Epoch: 55, Steps: 59 | Train Loss: 0.8455608 Vali Loss: 1.9254253 Test Loss: 0.7681796
EarlyStopping counter: 7 out of 100
Updating learning rate to 4.174557917929298e-07
Epoch: 56 cost time: 2.2515432834625244
Epoch: 56, Steps: 59 | Train Loss: 0.8448227 Vali Loss: 1.9210484 Test Loss: 0.7683778
EarlyStopping counter: 8 out of 100
Updating learning rate to 3.7571021261363677e-07
Epoch: 57 cost time: 2.2500555515289307
Epoch: 57, Steps: 59 | Train Loss: 0.8456339 Vali Loss: 1.9248142 Test Loss: 0.7684711
EarlyStopping counter: 9 out of 100
Updating learning rate to 3.381391913522731e-07
Epoch: 58 cost time: 2.243678331375122
Epoch: 58, Steps: 59 | Train Loss: 0.8452726 Vali Loss: 1.9218926 Test Loss: 0.7681378
EarlyStopping counter: 10 out of 100
Updating learning rate to 3.043252722170458e-07
Epoch: 59 cost time: 2.25335431098938
Epoch: 59, Steps: 59 | Train Loss: 0.8459363 Vali Loss: 1.9308434 Test Loss: 0.7681439
EarlyStopping counter: 11 out of 100
Updating learning rate to 2.7389274499534124e-07
Epoch: 60 cost time: 2.244452714920044
Epoch: 60, Steps: 59 | Train Loss: 0.8451399 Vali Loss: 1.9204744 Test Loss: 0.7681034
EarlyStopping counter: 12 out of 100
Updating learning rate to 2.465034704958071e-07
Epoch: 61 cost time: 2.249817371368408
Epoch: 61, Steps: 59 | Train Loss: 0.8452423 Vali Loss: 1.9223294 Test Loss: 0.7680486
EarlyStopping counter: 13 out of 100
Updating learning rate to 2.218531234462264e-07
Epoch: 62 cost time: 2.2421023845672607
Epoch: 62, Steps: 59 | Train Loss: 0.8450906 Vali Loss: 1.9219351 Test Loss: 0.7684692
EarlyStopping counter: 14 out of 100
Updating learning rate to 1.9966781110160376e-07
Epoch: 63 cost time: 2.2454445362091064
Epoch: 63, Steps: 59 | Train Loss: 0.8452085 Vali Loss: 1.9249706 Test Loss: 0.7681969
EarlyStopping counter: 15 out of 100
Updating learning rate to 1.797010299914434e-07
Epoch: 64 cost time: 2.248720407485962
Epoch: 64, Steps: 59 | Train Loss: 0.8449119 Vali Loss: 1.9186695 Test Loss: 0.7680569
EarlyStopping counter: 16 out of 100
Updating learning rate to 1.6173092699229907e-07
Epoch: 65 cost time: 2.244570255279541
Epoch: 65, Steps: 59 | Train Loss: 0.8451607 Vali Loss: 1.9172447 Test Loss: 0.7682410
EarlyStopping counter: 17 out of 100
Updating learning rate to 1.4555783429306916e-07
Epoch: 66 cost time: 2.255176544189453
Epoch: 66, Steps: 59 | Train Loss: 0.8453094 Vali Loss: 1.9217794 Test Loss: 0.7682868
EarlyStopping counter: 18 out of 100
Updating learning rate to 1.3100205086376224e-07
Epoch: 67 cost time: 2.2483413219451904
Epoch: 67, Steps: 59 | Train Loss: 0.8456914 Vali Loss: 1.9240358 Test Loss: 0.7680092
EarlyStopping counter: 19 out of 100
Updating learning rate to 1.1790184577738603e-07
Epoch: 68 cost time: 2.2544124126434326
Epoch: 68, Steps: 59 | Train Loss: 0.8454549 Vali Loss: 1.9236274 Test Loss: 0.7681905
EarlyStopping counter: 20 out of 100
Updating learning rate to 1.0611166119964742e-07
Epoch: 69 cost time: 2.250715970993042
Epoch: 69, Steps: 59 | Train Loss: 0.8451374 Vali Loss: 1.9276268 Test Loss: 0.7682263
EarlyStopping counter: 21 out of 100
Updating learning rate to 9.550049507968268e-08
Epoch: 70 cost time: 2.2450079917907715
Epoch: 70, Steps: 59 | Train Loss: 0.8454254 Vali Loss: 1.9282459 Test Loss: 0.7682021
EarlyStopping counter: 22 out of 100
Updating learning rate to 8.595044557171442e-08
Epoch: 71 cost time: 2.2457919120788574
Epoch: 71, Steps: 59 | Train Loss: 0.8450993 Vali Loss: 1.9251902 Test Loss: 0.7681506
EarlyStopping counter: 23 out of 100
Updating learning rate to 7.735540101454298e-08
Epoch: 72 cost time: 2.242882251739502
Epoch: 72, Steps: 59 | Train Loss: 0.8449459 Vali Loss: 1.9272326 Test Loss: 0.7683656
EarlyStopping counter: 24 out of 100
Updating learning rate to 6.961986091308869e-08
Epoch: 73 cost time: 2.2484171390533447
Epoch: 73, Steps: 59 | Train Loss: 0.8450721 Vali Loss: 1.9240415 Test Loss: 0.7682331
EarlyStopping counter: 25 out of 100
Updating learning rate to 6.265787482177981e-08
Epoch: 74 cost time: 2.2480831146240234
Epoch: 74, Steps: 59 | Train Loss: 0.8453340 Vali Loss: 1.9244134 Test Loss: 0.7680477
EarlyStopping counter: 26 out of 100
Updating learning rate to 5.639208733960184e-08
Epoch: 75 cost time: 2.2457995414733887
Epoch: 75, Steps: 59 | Train Loss: 0.8455093 Vali Loss: 1.9229850 Test Loss: 0.7681133
EarlyStopping counter: 27 out of 100
Updating learning rate to 5.075287860564165e-08
Epoch: 76 cost time: 2.2557218074798584
Epoch: 76, Steps: 59 | Train Loss: 0.8452303 Vali Loss: 1.9246353 Test Loss: 0.7681342
EarlyStopping counter: 28 out of 100
Updating learning rate to 4.567759074507749e-08
Epoch: 77 cost time: 2.2487289905548096
Epoch: 77, Steps: 59 | Train Loss: 0.8453204 Vali Loss: 1.9194276 Test Loss: 0.7682920
EarlyStopping counter: 29 out of 100
Updating learning rate to 4.1109831670569744e-08
Epoch: 78 cost time: 2.2479662895202637
Epoch: 78, Steps: 59 | Train Loss: 0.8451381 Vali Loss: 1.9171119 Test Loss: 0.7682282
Validation loss decreased (1.917145 --> 1.917112).  Saving model ...
Updating learning rate to 3.6998848503512764e-08
Epoch: 79 cost time: 2.2499499320983887
Epoch: 79, Steps: 59 | Train Loss: 0.8453684 Vali Loss: 1.9226007 Test Loss: 0.7682621
EarlyStopping counter: 1 out of 100
Updating learning rate to 3.3298963653161496e-08
Epoch: 80 cost time: 2.2501742839813232
Epoch: 80, Steps: 59 | Train Loss: 0.8455169 Vali Loss: 1.9269636 Test Loss: 0.7680656
EarlyStopping counter: 2 out of 100
Updating learning rate to 2.996906728784534e-08
Epoch: 81 cost time: 2.2429141998291016
Epoch: 81, Steps: 59 | Train Loss: 0.8449597 Vali Loss: 1.9214345 Test Loss: 0.7681995
EarlyStopping counter: 3 out of 100
Updating learning rate to 2.697216055906081e-08
Epoch: 82 cost time: 2.245626211166382
Epoch: 82, Steps: 59 | Train Loss: 0.8449495 Vali Loss: 1.9254156 Test Loss: 0.7682569
EarlyStopping counter: 4 out of 100
Updating learning rate to 2.427494450315473e-08
Epoch: 83 cost time: 2.2460968494415283
Epoch: 83, Steps: 59 | Train Loss: 0.8452327 Vali Loss: 1.9192851 Test Loss: 0.7681329
EarlyStopping counter: 5 out of 100
Updating learning rate to 2.1847450052839257e-08
Epoch: 84 cost time: 2.2494313716888428
Epoch: 84, Steps: 59 | Train Loss: 0.8453384 Vali Loss: 1.9189173 Test Loss: 0.7682045
EarlyStopping counter: 6 out of 100
Updating learning rate to 1.9662705047555332e-08
Epoch: 85 cost time: 2.2481727600097656
Epoch: 85, Steps: 59 | Train Loss: 0.8453221 Vali Loss: 1.9234385 Test Loss: 0.7683915
EarlyStopping counter: 7 out of 100
Updating learning rate to 1.7696434542799797e-08
Epoch: 86 cost time: 2.2527477741241455
Epoch: 86, Steps: 59 | Train Loss: 0.8453585 Vali Loss: 1.9181294 Test Loss: 0.7681606
EarlyStopping counter: 8 out of 100
Updating learning rate to 1.5926791088519817e-08
Epoch: 87 cost time: 2.245191812515259
Epoch: 87, Steps: 59 | Train Loss: 0.8449539 Vali Loss: 1.9230039 Test Loss: 0.7683326
EarlyStopping counter: 9 out of 100
Updating learning rate to 1.4334111979667836e-08
Epoch: 88 cost time: 2.25321888923645
Epoch: 88, Steps: 59 | Train Loss: 0.8452315 Vali Loss: 1.9213771 Test Loss: 0.7681086
EarlyStopping counter: 10 out of 100
Updating learning rate to 1.2900700781701054e-08
Epoch: 89 cost time: 2.2517988681793213
Epoch: 89, Steps: 59 | Train Loss: 0.8454078 Vali Loss: 1.9184129 Test Loss: 0.7679293
EarlyStopping counter: 11 out of 100
Updating learning rate to 1.161063070353095e-08
Epoch: 90 cost time: 2.2459604740142822
Epoch: 90, Steps: 59 | Train Loss: 0.8455169 Vali Loss: 1.9258416 Test Loss: 0.7681759
EarlyStopping counter: 12 out of 100
Updating learning rate to 1.0449567633177854e-08
Epoch: 91 cost time: 2.247670888900757
Epoch: 91, Steps: 59 | Train Loss: 0.8451341 Vali Loss: 1.9243416 Test Loss: 0.7681590
EarlyStopping counter: 13 out of 100
Updating learning rate to 9.404610869860069e-09
Epoch: 92 cost time: 2.244802236557007
Epoch: 92, Steps: 59 | Train Loss: 0.8455623 Vali Loss: 1.9205407 Test Loss: 0.7684351
EarlyStopping counter: 14 out of 100
Updating learning rate to 8.464149782874063e-09
Epoch: 93 cost time: 2.244504928588867
Epoch: 93, Steps: 59 | Train Loss: 0.8455565 Vali Loss: 1.9242953 Test Loss: 0.7681890
EarlyStopping counter: 15 out of 100
Updating learning rate to 7.617734804586658e-09
Epoch: 94 cost time: 2.2468631267547607
Epoch: 94, Steps: 59 | Train Loss: 0.8454290 Vali Loss: 1.9230678 Test Loss: 0.7682694
EarlyStopping counter: 16 out of 100
Updating learning rate to 6.855961324127991e-09
Epoch: 95 cost time: 2.248577356338501
Epoch: 95, Steps: 59 | Train Loss: 0.8452716 Vali Loss: 1.9275631 Test Loss: 0.7680929
EarlyStopping counter: 17 out of 100
Updating learning rate to 6.170365191715193e-09
Epoch: 96 cost time: 2.247494697570801
Epoch: 96, Steps: 59 | Train Loss: 0.8456766 Vali Loss: 1.9222691 Test Loss: 0.7682263
EarlyStopping counter: 18 out of 100
Updating learning rate to 5.5533286725436726e-09
Epoch: 97 cost time: 2.244136333465576
Epoch: 97, Steps: 59 | Train Loss: 0.8454420 Vali Loss: 1.9221376 Test Loss: 0.7680953
EarlyStopping counter: 19 out of 100
Updating learning rate to 4.997995805289306e-09
Epoch: 98 cost time: 2.2541449069976807
Epoch: 98, Steps: 59 | Train Loss: 0.8449012 Vali Loss: 1.9251573 Test Loss: 0.7683378
EarlyStopping counter: 20 out of 100
Updating learning rate to 4.498196224760375e-09
Epoch: 99 cost time: 2.243410110473633
Epoch: 99, Steps: 59 | Train Loss: 0.8451251 Vali Loss: 1.9255228 Test Loss: 0.7682944
EarlyStopping counter: 21 out of 100
Updating learning rate to 4.048376602284338e-09
Epoch: 100 cost time: 2.245455741882324
Epoch: 100, Steps: 59 | Train Loss: 0.8452810 Vali Loss: 1.9239378 Test Loss: 0.7682667
EarlyStopping counter: 22 out of 100
Updating learning rate to 3.643538942055904e-09
>>>>>>>testing : NL_etth1_cms3_lr0.00005_spc_336_720_PatchTST_ETTh1_ftM_sl336_ll48_pl720_dm16_nh4_el3_dl1_df128_fc1_ebtimeF_dtTruelr5e-05_polspc_Nested_Learning_0<<<<<<<<<<<<<<<<<<<<<<<<<<<<<<<<<
test 2161
 Ejecutando Inferencia DINÁMICA (Nested Learning con cms3)
  -> Política: spc | LR: 5e-05 | Target: head

RESUMEN: El CMS se actualizó 0 veces de 16 posibles.

mse:0.7682281732559204, mae:0.6236544251441956, rse:0.8418410420417786
