==========================================================
SÚPER ARRAY TFG - TAREA ID: 68 / 113
Nodo: dionisio
Dataset: ettm2 | Experimento: NL_ettm2_cms3_lr0.0001_spc
Cabeza: cms3 | LR: 0.0001 | Política: spc
==========================================================
Args in experiment:
Namespace(random_seed=2021, is_training=1, model_id='NL_ettm2_cms3_lr0.0001_spc_336_96', model='PatchTST', data='ETTm2', root_path='./dataset/', data_path='ETTm2.csv', features='M', target='OT', freq='h', checkpoints='./checkpoints/', seq_len=336, label_len=48, pred_len=96, head_type='cms3', cms_lr=0.0001, update_policy='spc', fc_dropout=0.2, head_dropout=0.0, patch_len=16, stride=8, padding_patch='end', revin=1, affine=0, subtract_last=0, decomposition=0, kernel_size=25, individual=0, embed_type=0, enc_in=7, dec_in=7, c_out=7, d_model=128, n_heads=16, e_layers=3, d_layers=1, d_ff=256, moving_avg=25, factor=1, distil=True, dropout=0.2, embed='timeF', activation='gelu', output_attention=False, do_predict=False, num_workers=0, itr=1, train_epochs=100, batch_size=128, patience=20, learning_rate=0.0001, des='Nested_Learning', loss='mse', lradj='TST', pct_start=0.4, use_amp=False, use_gpu=True, gpu=0, use_multi_gpu=False, devices='0,1,2,3', test_flop=False)
Use GPU: cuda:0
>>>>>>>start training : NL_ettm2_cms3_lr0.0001_spc_336_96_PatchTST_ETTm2_ftM_sl336_ll48_pl96_dm128_nh16_el3_dl1_df256_fc1_ebtimeF_dtTruelr0.0001_polspc_Nested_Learning_0>>>>>>>>>>>>>>>>>>>>>>>>>>
train 34129
val 11425
test 11425
	iters: 100, epoch: 1 | loss: 0.3293451
	speed: 0.0898s/iter; left time: 2379.6767s
	iters: 200, epoch: 1 | loss: 0.2893413
	speed: 0.0418s/iter; left time: 1102.8937s
Epoch: 1 cost time: 12.339234113693237
Epoch: 1, Steps: 266 | Train Loss: 0.3368801 Vali Loss: 0.1456975 Test Loss: 0.2043397
Validation loss decreased (inf --> 0.145697).  Saving model ...
Updating learning rate to 4.147995783958166e-06
	iters: 100, epoch: 2 | loss: 0.3299726
	speed: 0.1081s/iter; left time: 2836.9584s
	iters: 200, epoch: 2 | loss: 0.2091030
	speed: 0.0420s/iter; left time: 1098.5527s
Epoch: 2 cost time: 11.148761749267578
Epoch: 2, Steps: 266 | Train Loss: 0.2671408 Vali Loss: 0.1314113 Test Loss: 0.1844176
Validation loss decreased (0.145697 --> 0.131411).  Saving model ...
Updating learning rate to 4.591070521163098e-06
	iters: 100, epoch: 3 | loss: 0.3536854
	speed: 0.1070s/iter; left time: 2779.1830s
	iters: 200, epoch: 3 | loss: 0.2014582
	speed: 0.0421s/iter; left time: 1088.0481s
Epoch: 3 cost time: 11.181798219680786
Epoch: 3, Steps: 266 | Train Loss: 0.2461758 Vali Loss: 0.1256885 Test Loss: 0.1756898
Validation loss decreased (0.131411 --> 0.125689).  Saving model ...
Updating learning rate to 5.326491995236255e-06
	iters: 100, epoch: 4 | loss: 0.2174423
	speed: 0.1083s/iter; left time: 2783.6781s
	iters: 200, epoch: 4 | loss: 0.1574065
	speed: 0.0421s/iter; left time: 1078.2623s
Epoch: 4 cost time: 11.216734170913696
Epoch: 4, Steps: 266 | Train Loss: 0.2345312 Vali Loss: 0.1233595 Test Loss: 0.1719043
Validation loss decreased (0.125689 --> 0.123359).  Saving model ...
Updating learning rate to 6.349725236277868e-06
	iters: 100, epoch: 5 | loss: 0.2702571
	speed: 0.1083s/iter; left time: 2754.0912s
	iters: 200, epoch: 5 | loss: 0.2381877
	speed: 0.0422s/iter; left time: 1068.7386s
Epoch: 5 cost time: 11.21071743965149
Epoch: 5, Steps: 266 | Train Loss: 0.2267956 Vali Loss: 0.1208506 Test Loss: 0.1685754
Validation loss decreased (0.123359 --> 0.120851).  Saving model ...
Updating learning rate to 7.654460485717921e-06
	iters: 100, epoch: 6 | loss: 0.2263788
	speed: 0.1082s/iter; left time: 2722.7443s
	iters: 200, epoch: 6 | loss: 0.2146024
	speed: 0.0422s/iter; left time: 1058.3646s
Epoch: 6 cost time: 11.211803436279297
Epoch: 6, Steps: 266 | Train Loss: 0.2211730 Vali Loss: 0.1206806 Test Loss: 0.1684867
Validation loss decreased (0.120851 --> 0.120681).  Saving model ...
Updating learning rate to 9.232652105385623e-06
	iters: 100, epoch: 7 | loss: 0.2517972
	speed: 0.1122s/iter; left time: 2794.0167s
	iters: 200, epoch: 7 | loss: 0.1572851
	speed: 0.0422s/iter; left time: 1047.9779s
Epoch: 7 cost time: 11.209657669067383
Epoch: 7, Steps: 266 | Train Loss: 0.2169301 Vali Loss: 0.1202412 Test Loss: 0.1698170
Validation loss decreased (0.120681 --> 0.120241).  Saving model ...
Updating learning rate to 1.1074568190864783e-05
	iters: 100, epoch: 8 | loss: 0.3239679
	speed: 0.1076s/iter; left time: 2650.6716s
	iters: 200, epoch: 8 | loss: 0.2079595
	speed: 0.0422s/iter; left time: 1035.1696s
Epoch: 8 cost time: 11.204161643981934
Epoch: 8, Steps: 266 | Train Loss: 0.2128064 Vali Loss: 0.1200223 Test Loss: 0.1680700
Validation loss decreased (0.120241 --> 0.120022).  Saving model ...
Updating learning rate to 1.316885058319476e-05
	iters: 100, epoch: 9 | loss: 0.1837820
	speed: 0.1075s/iter; left time: 2621.0106s
	iters: 200, epoch: 9 | loss: 0.2069236
	speed: 0.0421s/iter; left time: 1022.3592s
Epoch: 9 cost time: 11.20595932006836
Epoch: 9, Steps: 266 | Train Loss: 0.2088870 Vali Loss: 0.1194656 Test Loss: 0.1689221
Validation loss decreased (0.120022 --> 0.119466).  Saving model ...
Updating learning rate to 1.5502584908855415e-05
	iters: 100, epoch: 10 | loss: 0.2472842
	speed: 0.1076s/iter; left time: 2592.8538s
	iters: 200, epoch: 10 | loss: 0.1854149
	speed: 0.0421s/iter; left time: 1009.8430s
Epoch: 10 cost time: 11.191671371459961
Epoch: 10, Steps: 266 | Train Loss: 0.2046900 Vali Loss: 0.1197637 Test Loss: 0.1694433
EarlyStopping counter: 1 out of 20
Updating learning rate to 1.806138021613527e-05
	iters: 100, epoch: 11 | loss: 0.1909477
	speed: 0.1041s/iter; left time: 2481.8156s
	iters: 200, epoch: 11 | loss: 0.1597518
	speed: 0.0420s/iter; left time: 997.4753s
Epoch: 11 cost time: 11.171467542648315
Epoch: 11, Steps: 266 | Train Loss: 0.2007028 Vali Loss: 0.1203813 Test Loss: 0.1682830
EarlyStopping counter: 2 out of 20
Updating learning rate to 2.0829457716805565e-05
	iters: 100, epoch: 12 | loss: 0.2045110
	speed: 0.1044s/iter; left time: 2460.2629s
	iters: 200, epoch: 12 | loss: 0.2468554
	speed: 0.0420s/iter; left time: 986.1413s
Epoch: 12 cost time: 11.169612884521484
Epoch: 12, Steps: 266 | Train Loss: 0.1963882 Vali Loss: 0.1196102 Test Loss: 0.1703396
EarlyStopping counter: 3 out of 20
Updating learning rate to 2.3789748085875986e-05
	iters: 100, epoch: 13 | loss: 0.1958838
	speed: 0.1047s/iter; left time: 2440.6329s
	iters: 200, epoch: 13 | loss: 0.2664118
	speed: 0.0421s/iter; left time: 977.8631s
Epoch: 13 cost time: 11.204599142074585
Epoch: 13, Steps: 266 | Train Loss: 0.1925175 Vali Loss: 0.1207350 Test Loss: 0.1720599
EarlyStopping counter: 4 out of 20
Updating learning rate to 2.6923996719433387e-05
	iters: 100, epoch: 14 | loss: 0.1785816
	speed: 0.1071s/iter; left time: 2467.4909s
	iters: 200, epoch: 14 | loss: 0.2056727
	speed: 0.0421s/iter; left time: 966.6327s
Epoch: 14 cost time: 11.211161613464355
Epoch: 14, Steps: 266 | Train Loss: 0.1882989 Vali Loss: 0.1221098 Test Loss: 0.1727053
EarlyStopping counter: 5 out of 20
Updating learning rate to 3.021287630149266e-05
	iters: 100, epoch: 15 | loss: 0.1743890
	speed: 0.1069s/iter; left time: 2434.9870s
	iters: 200, epoch: 15 | loss: 0.1813038
	speed: 0.0421s/iter; left time: 955.3368s
Epoch: 15 cost time: 11.211611986160278
Epoch: 15, Steps: 266 | Train Loss: 0.1854124 Vali Loss: 0.1219360 Test Loss: 0.1719688
EarlyStopping counter: 6 out of 20
Updating learning rate to 3.363610598571669e-05
	iters: 100, epoch: 16 | loss: 0.1681213
	speed: 0.1068s/iter; left time: 2404.3236s
	iters: 200, epoch: 16 | loss: 0.2073812
	speed: 0.0422s/iter; left time: 945.0425s
Epoch: 16 cost time: 11.218117952346802
Epoch: 16, Steps: 266 | Train Loss: 0.1822552 Vali Loss: 0.1220406 Test Loss: 0.1736479
EarlyStopping counter: 7 out of 20
Updating learning rate to 3.717257645707274e-05
	iters: 100, epoch: 17 | loss: 0.1514370
	speed: 0.1067s/iter; left time: 2372.8548s
	iters: 200, epoch: 17 | loss: 0.2375340
	speed: 0.0422s/iter; left time: 934.2533s
Epoch: 17 cost time: 11.21119499206543
Epoch: 17, Steps: 266 | Train Loss: 0.1786791 Vali Loss: 0.1222709 Test Loss: 0.1736623
EarlyStopping counter: 8 out of 20
Updating learning rate to 4.08004801022336e-05
	iters: 100, epoch: 18 | loss: 0.1892620
	speed: 0.1067s/iter; left time: 2344.9875s
	iters: 200, epoch: 18 | loss: 0.1699292
	speed: 0.0422s/iter; left time: 923.7680s
Epoch: 18 cost time: 11.211091995239258
Epoch: 18, Steps: 266 | Train Loss: 0.1745871 Vali Loss: 0.1225010 Test Loss: 0.1760328
EarlyStopping counter: 9 out of 20
Updating learning rate to 4.4497445486028815e-05
	iters: 100, epoch: 19 | loss: 0.1654726
	speed: 0.1066s/iter; left time: 2315.6475s
	iters: 200, epoch: 19 | loss: 0.1352218
	speed: 0.0423s/iter; left time: 914.2451s
Epoch: 19 cost time: 11.219477415084839
Epoch: 19, Steps: 266 | Train Loss: 0.1713403 Vali Loss: 0.1252169 Test Loss: 0.1809451
EarlyStopping counter: 10 out of 20
Updating learning rate to 4.8240675304698384e-05
	iters: 100, epoch: 20 | loss: 0.1607048
	speed: 0.1067s/iter; left time: 2287.5401s
	iters: 200, epoch: 20 | loss: 0.1719414
	speed: 0.0423s/iter; left time: 902.1410s
Epoch: 20 cost time: 11.219429969787598
Epoch: 20, Steps: 266 | Train Loss: 0.1672067 Vali Loss: 0.1265829 Test Loss: 0.1800173
EarlyStopping counter: 11 out of 20
Updating learning rate to 5.2007086965261054e-05
	iters: 100, epoch: 21 | loss: 0.1391735
	speed: 0.1067s/iter; left time: 2260.6958s
	iters: 200, epoch: 21 | loss: 0.1689422
	speed: 0.0422s/iter; left time: 889.9667s
Epoch: 21 cost time: 11.218761920928955
Epoch: 21, Steps: 266 | Train Loss: 0.1632490 Vali Loss: 0.1256514 Test Loss: 0.1802280
EarlyStopping counter: 12 out of 20
Updating learning rate to 5.5773454924116216e-05
	iters: 100, epoch: 22 | loss: 0.1331972
	speed: 0.1060s/iter; left time: 2217.1337s
	iters: 200, epoch: 22 | loss: 0.1308117
	speed: 0.0420s/iter; left time: 874.4658s
Epoch: 22 cost time: 11.175092935562134
Epoch: 22, Steps: 266 | Train Loss: 0.1599750 Vali Loss: 0.1261685 Test Loss: 0.1806162
EarlyStopping counter: 13 out of 20
Updating learning rate to 5.95165539071495e-05
	iters: 100, epoch: 23 | loss: 0.1706353
	speed: 0.1040s/iter; left time: 2146.6285s
	iters: 200, epoch: 23 | loss: 0.1695723
	speed: 0.0420s/iter; left time: 863.1612s
Epoch: 23 cost time: 11.174547672271729
Epoch: 23, Steps: 266 | Train Loss: 0.1553145 Vali Loss: 0.1243532 Test Loss: 0.1812897
EarlyStopping counter: 14 out of 20
Updating learning rate to 6.321330212817643e-05
	iters: 100, epoch: 24 | loss: 0.1881526
	speed: 0.1040s/iter; left time: 2120.3920s
	iters: 200, epoch: 24 | loss: 0.1913101
	speed: 0.0420s/iter; left time: 851.8843s
Epoch: 24 cost time: 11.162504434585571
Epoch: 24, Steps: 266 | Train Loss: 0.1516487 Vali Loss: 0.1279543 Test Loss: 0.1825356
EarlyStopping counter: 15 out of 20
Updating learning rate to 6.684090362256924e-05
	iters: 100, epoch: 25 | loss: 0.1618805
	speed: 0.1043s/iter; left time: 2098.7616s
	iters: 200, epoch: 25 | loss: 0.1409472
	speed: 0.0420s/iter; left time: 840.3583s
Epoch: 25 cost time: 11.165059566497803
Epoch: 25, Steps: 266 | Train Loss: 0.1480127 Vali Loss: 0.1261989 Test Loss: 0.1814987
EarlyStopping counter: 16 out of 20
Updating learning rate to 7.037698881836747e-05
	iters: 100, epoch: 26 | loss: 0.1265273
	speed: 0.1041s/iter; left time: 2067.3356s
	iters: 200, epoch: 26 | loss: 0.1457264
	speed: 0.0420s/iter; left time: 829.2436s
Epoch: 26 cost time: 11.16379714012146
Epoch: 26, Steps: 266 | Train Loss: 0.1446725 Vali Loss: 0.1284133 Test Loss: 0.1838006
EarlyStopping counter: 17 out of 20
Updating learning rate to 7.379975247804219e-05
	iters: 100, epoch: 27 | loss: 0.1391031
	speed: 0.1040s/iter; left time: 2037.5535s
	iters: 200, epoch: 27 | loss: 0.1307539
	speed: 0.0420s/iter; left time: 818.2788s
Epoch: 27 cost time: 11.169787406921387
Epoch: 27, Steps: 266 | Train Loss: 0.1406320 Vali Loss: 0.1295278 Test Loss: 0.1869075
EarlyStopping counter: 18 out of 20
Updating learning rate to 7.70880881602968e-05
	iters: 100, epoch: 28 | loss: 0.1520509
	speed: 0.1038s/iter; left time: 2005.6638s
	iters: 200, epoch: 28 | loss: 0.1725432
	speed: 0.0420s/iter; left time: 807.3477s
Epoch: 28 cost time: 11.183637619018555
Epoch: 28, Steps: 266 | Train Loss: 0.1377156 Vali Loss: 0.1296818 Test Loss: 0.1878832
EarlyStopping counter: 19 out of 20
Updating learning rate to 8.02217183727475e-05
	iters: 100, epoch: 29 | loss: 0.1441323
	speed: 0.1039s/iter; left time: 1978.8224s
	iters: 200, epoch: 29 | loss: 0.1245126
	speed: 0.0421s/iter; left time: 796.9995s
Epoch: 29 cost time: 11.177481412887573
Epoch: 29, Steps: 266 | Train Loss: 0.1343028 Vali Loss: 0.1302170 Test Loss: 0.1830664
EarlyStopping counter: 20 out of 20
Early stopping
>>>>>>>testing : NL_ettm2_cms3_lr0.0001_spc_336_96_PatchTST_ETTm2_ftM_sl336_ll48_pl96_dm128_nh16_el3_dl1_df256_fc1_ebtimeF_dtTruelr0.0001_polspc_Nested_Learning_0<<<<<<<<<<<<<<<<<<<<<<<<<<<<<<<<<
test 11425
 Ejecutando Inferencia DINÁMICA (Nested Learning con cms3)
  -> Política: spc | LR: 0.0001 | Target: head

RESUMEN: El CMS se actualizó 2 veces de 89 posibles.

mse:0.16936597228050232, mae:0.2570956349372864, rse:0.33339473605155945
Args in experiment:
Namespace(random_seed=2021, is_training=1, model_id='NL_ettm2_cms3_lr0.0001_spc_336_192', model='PatchTST', data='ETTm2', root_path='./dataset/', data_path='ETTm2.csv', features='M', target='OT', freq='h', checkpoints='./checkpoints/', seq_len=336, label_len=48, pred_len=192, head_type='cms3', cms_lr=0.0001, update_policy='spc', fc_dropout=0.2, head_dropout=0.0, patch_len=16, stride=8, padding_patch='end', revin=1, affine=0, subtract_last=0, decomposition=0, kernel_size=25, individual=0, embed_type=0, enc_in=7, dec_in=7, c_out=7, d_model=128, n_heads=16, e_layers=3, d_layers=1, d_ff=256, moving_avg=25, factor=1, distil=True, dropout=0.2, embed='timeF', activation='gelu', output_attention=False, do_predict=False, num_workers=0, itr=1, train_epochs=100, batch_size=128, patience=20, learning_rate=0.0001, des='Nested_Learning', loss='mse', lradj='TST', pct_start=0.4, use_amp=False, use_gpu=True, gpu=0, use_multi_gpu=False, devices='0,1,2,3', test_flop=False)
Use GPU: cuda:0
>>>>>>>start training : NL_ettm2_cms3_lr0.0001_spc_336_192_PatchTST_ETTm2_ftM_sl336_ll48_pl192_dm128_nh16_el3_dl1_df256_fc1_ebtimeF_dtTruelr0.0001_polspc_Nested_Learning_0>>>>>>>>>>>>>>>>>>>>>>>>>>
train 34033
val 11329
test 11329
	iters: 100, epoch: 1 | loss: 0.5035530
	speed: 0.0874s/iter; left time: 2307.4843s
	iters: 200, epoch: 1 | loss: 0.2617192
	speed: 0.0422s/iter; left time: 1109.2418s
Epoch: 1 cost time: 11.521294832229614
Epoch: 1, Steps: 265 | Train Loss: 0.4126750 Vali Loss: 0.1842378 Test Loss: 0.2546163
Validation loss decreased (inf --> 0.184238).  Saving model ...
Updating learning rate to 4.147995888890545e-06
	iters: 100, epoch: 2 | loss: 0.2818286
	speed: 0.1074s/iter; left time: 2806.8618s
	iters: 200, epoch: 2 | loss: 0.3475076
	speed: 0.0423s/iter; left time: 1102.5704s
Epoch: 2 cost time: 11.241419315338135
Epoch: 2, Steps: 265 | Train Loss: 0.3493176 Vali Loss: 0.1709025 Test Loss: 0.2379456
Validation loss decreased (0.184238 --> 0.170903).  Saving model ...
Updating learning rate to 4.591070939598485e-06
	iters: 100, epoch: 3 | loss: 0.3412263
	speed: 0.1182s/iter; left time: 3057.8613s
	iters: 200, epoch: 3 | loss: 0.2889747
	speed: 0.0420s/iter; left time: 1082.5454s
Epoch: 3 cost time: 11.327078819274902
Epoch: 3, Steps: 265 | Train Loss: 0.3304980 Vali Loss: 0.1653929 Test Loss: 0.2311903
Validation loss decreased (0.170903 --> 0.165393).  Saving model ...
Updating learning rate to 5.326492931874866e-06
	iters: 100, epoch: 4 | loss: 0.3283489
	speed: 0.1057s/iter; left time: 2707.1041s
	iters: 200, epoch: 4 | loss: 0.2610014
	speed: 0.0422s/iter; left time: 1075.3476s
Epoch: 4 cost time: 11.164098501205444
Epoch: 4, Steps: 265 | Train Loss: 0.3197262 Vali Loss: 0.1636569 Test Loss: 0.2278242
Validation loss decreased (0.165393 --> 0.163657).  Saving model ...
Updating learning rate to 6.349726889409005e-06
	iters: 100, epoch: 5 | loss: 0.2220459
	speed: 0.1058s/iter; left time: 2682.2363s
	iters: 200, epoch: 5 | loss: 0.3014792
	speed: 0.0422s/iter; left time: 1063.9516s
Epoch: 5 cost time: 11.159532070159912
Epoch: 5, Steps: 265 | Train Loss: 0.3124172 Vali Loss: 0.1611510 Test Loss: 0.2263051
Validation loss decreased (0.163657 --> 0.161151).  Saving model ...
Updating learning rate to 7.654463044738896e-06
	iters: 100, epoch: 6 | loss: 0.3860299
	speed: 0.1054s/iter; left time: 2642.5072s
	iters: 200, epoch: 6 | loss: 0.2221680
	speed: 0.0421s/iter; left time: 1052.5715s
Epoch: 6 cost time: 11.157655239105225
Epoch: 6, Steps: 265 | Train Loss: 0.3069707 Vali Loss: 0.1602041 Test Loss: 0.2248682
Validation loss decreased (0.161151 --> 0.160204).  Saving model ...
Updating learning rate to 9.232655748403029e-06
	iters: 100, epoch: 7 | loss: 0.2878683
	speed: 0.1053s/iter; left time: 2613.5580s
	iters: 200, epoch: 7 | loss: 0.3020674
	speed: 0.0421s/iter; left time: 1041.1092s
Epoch: 7 cost time: 11.155657052993774
Epoch: 7, Steps: 265 | Train Loss: 0.3012483 Vali Loss: 0.1597649 Test Loss: 0.2238389
Validation loss decreased (0.160204 --> 0.159765).  Saving model ...
Updating learning rate to 1.107457308240065e-05
	iters: 100, epoch: 8 | loss: 0.3143732
	speed: 0.1060s/iter; left time: 2602.6044s
	iters: 200, epoch: 8 | loss: 0.2354820
	speed: 0.0427s/iter; left time: 1043.1587s
Epoch: 8 cost time: 11.24996280670166
Epoch: 8, Steps: 265 | Train Loss: 0.2963921 Vali Loss: 0.1599392 Test Loss: 0.2243916
EarlyStopping counter: 1 out of 20
Updating learning rate to 1.3168856872018862e-05
	iters: 100, epoch: 9 | loss: 0.3229440
	speed: 0.1054s/iter; left time: 2559.9015s
	iters: 200, epoch: 9 | loss: 0.2608598
	speed: 0.0427s/iter; left time: 1031.3769s
Epoch: 9 cost time: 11.303499937057495
Epoch: 9, Steps: 265 | Train Loss: 0.2895980 Vali Loss: 0.1617596 Test Loss: 0.2270542
EarlyStopping counter: 2 out of 20
Updating learning rate to 1.550259272596464e-05
	iters: 100, epoch: 10 | loss: 0.2104983
	speed: 0.1052s/iter; left time: 2527.2816s
	iters: 200, epoch: 10 | loss: 0.2611051
	speed: 0.0426s/iter; left time: 1019.4264s
Epoch: 10 cost time: 11.293490171432495
Epoch: 10, Steps: 265 | Train Loss: 0.2837033 Vali Loss: 0.1611540 Test Loss: 0.2273685
EarlyStopping counter: 3 out of 20
Updating learning rate to 1.806138967289881e-05
	iters: 100, epoch: 11 | loss: 0.2508269
	speed: 0.1053s/iter; left time: 2500.0009s
	iters: 200, epoch: 11 | loss: 0.3983393
	speed: 0.0426s/iter; left time: 1008.3836s
Epoch: 11 cost time: 11.29738187789917
Epoch: 11, Steps: 265 | Train Loss: 0.2753763 Vali Loss: 0.1613896 Test Loss: 0.2292462
EarlyStopping counter: 4 out of 20
Updating learning rate to 2.0829468903294163e-05
	iters: 100, epoch: 12 | loss: 0.2987534
	speed: 0.1052s/iter; left time: 2470.0507s
	iters: 200, epoch: 12 | loss: 0.2986276
	speed: 0.0426s/iter; left time: 996.9384s
Epoch: 12 cost time: 11.30044960975647
Epoch: 12, Steps: 265 | Train Loss: 0.2683494 Vali Loss: 0.1626376 Test Loss: 0.2331919
EarlyStopping counter: 5 out of 20
Updating learning rate to 2.3789761069391508e-05
	iters: 100, epoch: 13 | loss: 0.2439273
	speed: 0.1051s/iter; left time: 2440.5998s
	iters: 200, epoch: 13 | loss: 0.1969294
	speed: 0.0426s/iter; left time: 985.9783s
Epoch: 13 cost time: 11.295500755310059
Epoch: 13, Steps: 265 | Train Loss: 0.2622726 Vali Loss: 0.1646688 Test Loss: 0.2356612
EarlyStopping counter: 6 out of 20
Updating learning rate to 2.692401154325343e-05
	iters: 100, epoch: 14 | loss: 0.3478655
	speed: 0.1053s/iter; left time: 2416.8056s
	iters: 200, epoch: 14 | loss: 0.2605993
	speed: 0.0426s/iter; left time: 974.2534s
Epoch: 14 cost time: 11.298271894454956
Epoch: 14, Steps: 265 | Train Loss: 0.2571550 Vali Loss: 0.1639075 Test Loss: 0.2368743
EarlyStopping counter: 7 out of 20
Updating learning rate to 3.0212892983843068e-05
	iters: 100, epoch: 15 | loss: 0.2606832
	speed: 0.1063s/iter; left time: 2412.0937s
	iters: 200, epoch: 15 | loss: 0.2749518
	speed: 0.0426s/iter; left time: 961.5246s
Epoch: 15 cost time: 11.27296757698059
Epoch: 15, Steps: 265 | Train Loss: 0.2508629 Vali Loss: 0.1628716 Test Loss: 0.2429443
EarlyStopping counter: 8 out of 20
Updating learning rate to 3.3636124518983084e-05
	iters: 100, epoch: 16 | loss: 0.2422971
	speed: 0.1078s/iter; left time: 2417.4380s
	iters: 200, epoch: 16 | loss: 0.2662331
	speed: 0.0425s/iter; left time: 949.8225s
Epoch: 16 cost time: 11.27133584022522
Epoch: 16, Steps: 265 | Train Loss: 0.2459048 Vali Loss: 0.1640406 Test Loss: 0.2370736
EarlyStopping counter: 9 out of 20
Updating learning rate to 3.717259680726015e-05
	iters: 100, epoch: 17 | loss: 0.2667733
	speed: 0.1079s/iter; left time: 2391.6771s
	iters: 200, epoch: 17 | loss: 0.2128110
	speed: 0.0426s/iter; left time: 939.1006s
Epoch: 17 cost time: 11.27657437324524
Epoch: 17, Steps: 265 | Train Loss: 0.2400529 Vali Loss: 0.1646957 Test Loss: 0.2412351
EarlyStopping counter: 10 out of 20
Updating learning rate to 4.080050220868085e-05
	iters: 100, epoch: 18 | loss: 0.2250241
	speed: 0.1078s/iter; left time: 2360.0257s
	iters: 200, epoch: 18 | loss: 0.2601706
	speed: 0.0425s/iter; left time: 927.2335s
Epoch: 18 cost time: 11.269850969314575
Epoch: 18, Steps: 265 | Train Loss: 0.2352513 Vali Loss: 0.1652450 Test Loss: 0.2415101
EarlyStopping counter: 11 out of 20
Updating learning rate to 4.449746926138297e-05
	iters: 100, epoch: 19 | loss: 0.1921827
	speed: 0.1078s/iter; left time: 2332.2817s
	iters: 200, epoch: 19 | loss: 0.2482063
	speed: 0.0426s/iter; left time: 916.2150s
Epoch: 19 cost time: 11.27133059501648
Epoch: 19, Steps: 265 | Train Loss: 0.2291058 Vali Loss: 0.1684182 Test Loss: 0.2451179
EarlyStopping counter: 12 out of 20
Updating learning rate to 4.824070063515135e-05
	iters: 100, epoch: 20 | loss: 0.1714977
	speed: 0.1077s/iter; left time: 2301.7666s
	iters: 200, epoch: 20 | loss: 0.2210432
	speed: 0.0426s/iter; left time: 905.2450s
Epoch: 20 cost time: 11.269512414932251
Epoch: 20, Steps: 265 | Train Loss: 0.2232130 Vali Loss: 0.1668309 Test Loss: 0.2465854
EarlyStopping counter: 13 out of 20
Updating learning rate to 5.200711371104918e-05
	iters: 100, epoch: 21 | loss: 0.1867437
	speed: 0.1079s/iter; left time: 2276.6424s
	iters: 200, epoch: 21 | loss: 0.2385787
	speed: 0.0425s/iter; left time: 892.1213s
Epoch: 21 cost time: 11.253527879714966
Epoch: 21, Steps: 265 | Train Loss: 0.2179447 Vali Loss: 0.1659249 Test Loss: 0.2512168
EarlyStopping counter: 14 out of 20
Updating learning rate to 5.577348292028073e-05
	iters: 100, epoch: 22 | loss: 0.2398442
	speed: 0.1048s/iter; left time: 2183.9102s
	iters: 200, epoch: 22 | loss: 0.2304305
	speed: 0.0424s/iter; left time: 880.0846s
Epoch: 22 cost time: 11.236648797988892
Epoch: 22, Steps: 265 | Train Loss: 0.2129290 Vali Loss: 0.1694126 Test Loss: 0.2507193
EarlyStopping counter: 15 out of 20
Updating learning rate to 5.9516582964553954e-05
	iters: 100, epoch: 23 | loss: 0.1938681
	speed: 0.1049s/iter; left time: 2157.0799s
	iters: 200, epoch: 23 | loss: 0.2162325
	speed: 0.0424s/iter; left time: 868.5952s
Epoch: 23 cost time: 11.235246658325195
Epoch: 23, Steps: 265 | Train Loss: 0.2074054 Vali Loss: 0.1670097 Test Loss: 0.2530065
EarlyStopping counter: 16 out of 20
Updating learning rate to 6.321333203477474e-05
	iters: 100, epoch: 24 | loss: 0.1948957
	speed: 0.1048s/iter; left time: 2128.7631s
	iters: 200, epoch: 24 | loss: 0.1810007
	speed: 0.0424s/iter; left time: 856.9730s
Epoch: 24 cost time: 11.234473705291748
Epoch: 24, Steps: 265 | Train Loss: 0.2026943 Vali Loss: 0.1701680 Test Loss: 0.2573771
EarlyStopping counter: 17 out of 20
Updating learning rate to 6.684093414491588e-05
	iters: 100, epoch: 25 | loss: 0.1767683
	speed: 0.1050s/iter; left time: 2103.4370s
	iters: 200, epoch: 25 | loss: 0.2124628
	speed: 0.0424s/iter; left time: 846.0911s
Epoch: 25 cost time: 11.235925912857056
Epoch: 25, Steps: 265 | Train Loss: 0.1991157 Vali Loss: 0.1695730 Test Loss: 0.2550925
EarlyStopping counter: 18 out of 20
Updating learning rate to 7.037701970335941e-05
	iters: 100, epoch: 26 | loss: 0.1984997
	speed: 0.1048s/iter; left time: 2073.4913s
	iters: 200, epoch: 26 | loss: 0.1801637
	speed: 0.0424s/iter; left time: 834.7006s
Epoch: 26 cost time: 11.237673044204712
Epoch: 26, Steps: 265 | Train Loss: 0.1934646 Vali Loss: 0.1711048 Test Loss: 0.2563677
EarlyStopping counter: 19 out of 20
Updating learning rate to 7.379978345487968e-05
	iters: 100, epoch: 27 | loss: 0.1616011
	speed: 0.1048s/iter; left time: 2044.8806s
	iters: 200, epoch: 27 | loss: 0.1732229
	speed: 0.0424s/iter; left time: 823.3146s
Epoch: 27 cost time: 11.23450517654419
Epoch: 27, Steps: 265 | Train Loss: 0.1891923 Vali Loss: 0.1710134 Test Loss: 0.2604016
EarlyStopping counter: 20 out of 20
Early stopping
>>>>>>>testing : NL_ettm2_cms3_lr0.0001_spc_336_192_PatchTST_ETTm2_ftM_sl336_ll48_pl192_dm128_nh16_el3_dl1_df256_fc1_ebtimeF_dtTruelr0.0001_polspc_Nested_Learning_0<<<<<<<<<<<<<<<<<<<<<<<<<<<<<<<<<
test 11329
 Ejecutando Inferencia DINÁMICA (Nested Learning con cms3)
  -> Política: spc | LR: 0.0001 | Target: head

RESUMEN: El CMS se actualizó 2 veces de 88 posibles.

mse:0.22403472661972046, mae:0.2950885593891144, rse:0.38253054022789
Args in experiment:
Namespace(random_seed=2021, is_training=1, model_id='NL_ettm2_cms3_lr0.0001_spc_336_336', model='PatchTST', data='ETTm2', root_path='./dataset/', data_path='ETTm2.csv', features='M', target='OT', freq='h', checkpoints='./checkpoints/', seq_len=336, label_len=48, pred_len=336, head_type='cms3', cms_lr=0.0001, update_policy='spc', fc_dropout=0.2, head_dropout=0.0, patch_len=16, stride=8, padding_patch='end', revin=1, affine=0, subtract_last=0, decomposition=0, kernel_size=25, individual=0, embed_type=0, enc_in=7, dec_in=7, c_out=7, d_model=128, n_heads=16, e_layers=3, d_layers=1, d_ff=256, moving_avg=25, factor=1, distil=True, dropout=0.2, embed='timeF', activation='gelu', output_attention=False, do_predict=False, num_workers=0, itr=1, train_epochs=100, batch_size=128, patience=20, learning_rate=0.0001, des='Nested_Learning', loss='mse', lradj='TST', pct_start=0.4, use_amp=False, use_gpu=True, gpu=0, use_multi_gpu=False, devices='0,1,2,3', test_flop=False)
Use GPU: cuda:0
>>>>>>>start training : NL_ettm2_cms3_lr0.0001_spc_336_336_PatchTST_ETTm2_ftM_sl336_ll48_pl336_dm128_nh16_el3_dl1_df256_fc1_ebtimeF_dtTruelr0.0001_polspc_Nested_Learning_0>>>>>>>>>>>>>>>>>>>>>>>>>>
train 33889
val 11185
test 11185
	iters: 100, epoch: 1 | loss: 0.6233963
	speed: 0.0649s/iter; left time: 1705.8340s
	iters: 200, epoch: 1 | loss: 0.3328756
	speed: 0.0429s/iter; left time: 1124.6246s
Epoch: 1 cost time: 11.667943716049194
Epoch: 1, Steps: 264 | Train Loss: 0.4873378 Vali Loss: 0.2254167 Test Loss: 0.3041139
Validation loss decreased (inf --> 0.225417).  Saving model ...
Updating learning rate to 4.147995994617984e-06
	iters: 100, epoch: 2 | loss: 0.4973438
	speed: 0.1093s/iter; left time: 2845.6023s
	iters: 200, epoch: 2 | loss: 0.5071734
	speed: 0.0431s/iter; left time: 1116.7303s
Epoch: 2 cost time: 11.356646060943604
Epoch: 2, Steps: 264 | Train Loss: 0.4365857 Vali Loss: 0.2137165 Test Loss: 0.2909357
Validation loss decreased (0.225417 --> 0.213716).  Saving model ...
Updating learning rate to 4.591071361204269e-06
	iters: 100, epoch: 3 | loss: 0.4158768
	speed: 0.1084s/iter; left time: 2793.1817s
	iters: 200, epoch: 3 | loss: 0.3555009
	speed: 0.0431s/iter; left time: 1106.2378s
Epoch: 3 cost time: 11.371204137802124
Epoch: 3, Steps: 264 | Train Loss: 0.4203568 Vali Loss: 0.2099456 Test Loss: 0.2843691
Validation loss decreased (0.213716 --> 0.209946).  Saving model ...
Updating learning rate to 5.3264938756102174e-06
	iters: 100, epoch: 4 | loss: 0.3899430
	speed: 0.1096s/iter; left time: 2796.7080s
	iters: 200, epoch: 4 | loss: 0.4148635
	speed: 0.0431s/iter; left time: 1096.1284s
Epoch: 4 cost time: 11.385923385620117
Epoch: 4, Steps: 264 | Train Loss: 0.4101484 Vali Loss: 0.2062604 Test Loss: 0.2809501
Validation loss decreased (0.209946 --> 0.206260).  Saving model ...
Updating learning rate to 6.349728555065631e-06
	iters: 100, epoch: 5 | loss: 0.4338752
	speed: 0.1088s/iter; left time: 2746.2315s
	iters: 200, epoch: 5 | loss: 0.4800518
	speed: 0.0432s/iter; left time: 1085.3075s
Epoch: 5 cost time: 11.399515867233276
Epoch: 5, Steps: 264 | Train Loss: 0.4028647 Vali Loss: 0.2046721 Test Loss: 0.2793540
Validation loss decreased (0.206260 --> 0.204672).  Saving model ...
Updating learning rate to 7.654465623149092e-06
	iters: 100, epoch: 6 | loss: 0.3403512
	speed: 0.1082s/iter; left time: 2703.8492s
	iters: 200, epoch: 6 | loss: 0.5446925
	speed: 0.0432s/iter; left time: 1075.3934s
Epoch: 6 cost time: 11.403697490692139
Epoch: 6, Steps: 264 | Train Loss: 0.3958741 Vali Loss: 0.2028121 Test Loss: 0.2777685
Validation loss decreased (0.204672 --> 0.202812).  Saving model ...
Updating learning rate to 9.232659419022894e-06
	iters: 100, epoch: 7 | loss: 0.4253695
	speed: 0.1085s/iter; left time: 2682.5546s
	iters: 200, epoch: 7 | loss: 0.4360463
	speed: 0.0432s/iter; left time: 1064.0651s
Epoch: 7 cost time: 11.411878108978271
Epoch: 7, Steps: 264 | Train Loss: 0.3886999 Vali Loss: 0.2034416 Test Loss: 0.2783579
EarlyStopping counter: 1 out of 20
Updating learning rate to 1.1074578010998666e-05
	iters: 100, epoch: 8 | loss: 0.4221171
	speed: 0.1071s/iter; left time: 2619.3894s
	iters: 200, epoch: 8 | loss: 0.3495580
	speed: 0.0432s/iter; left time: 1052.7542s
Epoch: 8 cost time: 11.405522108078003
Epoch: 8, Steps: 264 | Train Loss: 0.3814208 Vali Loss: 0.2046954 Test Loss: 0.2795362
EarlyStopping counter: 2 out of 20
Updating learning rate to 1.3168863208492038e-05
	iters: 100, epoch: 9 | loss: 0.3983124
	speed: 0.1072s/iter; left time: 2592.3372s
	iters: 200, epoch: 9 | loss: 0.3286068
	speed: 0.0432s/iter; left time: 1041.6010s
Epoch: 9 cost time: 11.39687705039978
Epoch: 9, Steps: 264 | Train Loss: 0.3733139 Vali Loss: 0.2045016 Test Loss: 0.2762434
EarlyStopping counter: 3 out of 20
Updating learning rate to 1.5502600602302323e-05
	iters: 100, epoch: 10 | loss: 0.3181528
	speed: 0.1069s/iter; left time: 2557.8802s
	iters: 200, epoch: 10 | loss: 0.3089511
	speed: 0.0432s/iter; left time: 1029.5962s
Epoch: 10 cost time: 11.41079831123352
Epoch: 10, Steps: 264 | Train Loss: 0.3627788 Vali Loss: 0.2053266 Test Loss: 0.2778470
EarlyStopping counter: 4 out of 20
Updating learning rate to 1.8061399201313948e-05
	iters: 100, epoch: 11 | loss: 0.3614815
	speed: 0.1071s/iter; left time: 2534.4806s
	iters: 200, epoch: 11 | loss: 0.3320406
	speed: 0.0432s/iter; left time: 1018.9387s
Epoch: 11 cost time: 11.406972885131836
Epoch: 11, Steps: 264 | Train Loss: 0.3510212 Vali Loss: 0.2063269 Test Loss: 0.2806581
EarlyStopping counter: 5 out of 20
Updating learning rate to 2.08294801745399e-05
	iters: 100, epoch: 12 | loss: 0.3840471
	speed: 0.1070s/iter; left time: 2503.3158s
	iters: 200, epoch: 12 | loss: 0.2824582
	speed: 0.0432s/iter; left time: 1006.5166s
Epoch: 12 cost time: 11.403530597686768
Epoch: 12, Steps: 264 | Train Loss: 0.3393050 Vali Loss: 0.2079207 Test Loss: 0.2794474
EarlyStopping counter: 6 out of 20
Updating learning rate to 2.378977415127951e-05
	iters: 100, epoch: 13 | loss: 0.3322396
	speed: 0.1069s/iter; left time: 2473.7974s
	iters: 200, epoch: 13 | loss: 0.2959206
	speed: 0.0432s/iter; left time: 995.3625s
Epoch: 13 cost time: 11.40487790107727
Epoch: 13, Steps: 264 | Train Loss: 0.3287695 Vali Loss: 0.2103289 Test Loss: 0.2860269
EarlyStopping counter: 7 out of 20
Updating learning rate to 2.6924026479389104e-05
	iters: 100, epoch: 14 | loss: 0.2749619
	speed: 0.1068s/iter; left time: 2442.7280s
	iters: 200, epoch: 14 | loss: 0.2559997
	speed: 0.0432s/iter; left time: 983.5211s
Epoch: 14 cost time: 11.40021276473999
Epoch: 14, Steps: 264 | Train Loss: 0.3193800 Vali Loss: 0.2133414 Test Loss: 0.2848004
EarlyStopping counter: 8 out of 20
Updating learning rate to 3.0212909792590238e-05
	iters: 100, epoch: 15 | loss: 0.3060855
	speed: 0.1070s/iter; left time: 2418.5411s
	iters: 200, epoch: 15 | loss: 0.2526962
	speed: 0.0432s/iter; left time: 972.9966s
Epoch: 15 cost time: 11.406524419784546
Epoch: 15, Steps: 264 | Train Loss: 0.3094183 Vali Loss: 0.2154597 Test Loss: 0.2924756
EarlyStopping counter: 9 out of 20
Updating learning rate to 3.363614319266957e-05
	iters: 100, epoch: 16 | loss: 0.2590973
	speed: 0.1072s/iter; left time: 2394.0035s
	iters: 200, epoch: 16 | loss: 0.3995384
	speed: 0.0434s/iter; left time: 964.6766s
Epoch: 16 cost time: 11.430908918380737
Epoch: 16, Steps: 264 | Train Loss: 0.3008154 Vali Loss: 0.2189988 Test Loss: 0.2908404
EarlyStopping counter: 10 out of 20
Updating learning rate to 3.7172617311633196e-05
	iters: 100, epoch: 17 | loss: 0.2961829
	speed: 0.1099s/iter; left time: 2425.4641s
	iters: 200, epoch: 17 | loss: 0.2836800
	speed: 0.0433s/iter; left time: 952.5475s
Epoch: 17 cost time: 11.443750858306885
Epoch: 17, Steps: 264 | Train Loss: 0.2928104 Vali Loss: 0.2170256 Test Loss: 0.2928843
EarlyStopping counter: 11 out of 20
Updating learning rate to 4.0800524482619576e-05
	iters: 100, epoch: 18 | loss: 0.2956103
	speed: 0.1100s/iter; left time: 2399.6606s
	iters: 200, epoch: 18 | loss: 0.2584771
	speed: 0.0434s/iter; left time: 941.3407s
Epoch: 18 cost time: 11.4414701461792
Epoch: 18, Steps: 264 | Train Loss: 0.2863701 Vali Loss: 0.2176350 Test Loss: 0.2916987
EarlyStopping counter: 12 out of 20
Updating learning rate to 4.449749321687241e-05
	iters: 100, epoch: 19 | loss: 0.2803284
	speed: 0.1099s/iter; left time: 2368.1395s
	iters: 200, epoch: 19 | loss: 0.2344163
	speed: 0.0434s/iter; left time: 929.9272s
Epoch: 19 cost time: 11.441846132278442
Epoch: 19, Steps: 264 | Train Loss: 0.2793178 Vali Loss: 0.2196781 Test Loss: 0.2986962
EarlyStopping counter: 13 out of 20
Updating learning rate to 4.824072615752094e-05
	iters: 100, epoch: 20 | loss: 0.2898306
	speed: 0.1100s/iter; left time: 2340.3581s
	iters: 200, epoch: 20 | loss: 0.2582683
	speed: 0.0433s/iter; left time: 918.1255s
Epoch: 20 cost time: 11.442078113555908
Epoch: 20, Steps: 264 | Train Loss: 0.2722508 Vali Loss: 0.2223925 Test Loss: 0.2950616
EarlyStopping counter: 14 out of 20
Updating learning rate to 5.200714065947608e-05
	iters: 100, epoch: 21 | loss: 0.2477210
	speed: 0.1099s/iter; left time: 2310.7390s
	iters: 200, epoch: 21 | loss: 0.2241955
	speed: 0.0433s/iter; left time: 906.6229s
Epoch: 21 cost time: 11.439918994903564
Epoch: 21, Steps: 264 | Train Loss: 0.2677196 Vali Loss: 0.2183675 Test Loss: 0.3011387
EarlyStopping counter: 15 out of 20
Updating learning rate to 5.577351112855618e-05
	iters: 100, epoch: 22 | loss: 0.2689510
	speed: 0.1099s/iter; left time: 2281.2335s
	iters: 200, epoch: 22 | loss: 0.2325885
	speed: 0.0433s/iter; left time: 894.9485s
Epoch: 22 cost time: 11.438293695449829
Epoch: 22, Steps: 264 | Train Loss: 0.2614395 Vali Loss: 0.2199592 Test Loss: 0.3008153
EarlyStopping counter: 16 out of 20
Updating learning rate to 5.951661224210828e-05
	iters: 100, epoch: 23 | loss: 0.2980853
	speed: 0.1099s/iter; left time: 2252.0512s
	iters: 200, epoch: 23 | loss: 0.2939490
	speed: 0.0433s/iter; left time: 883.3970s
Epoch: 23 cost time: 11.438108682632446
Epoch: 23, Steps: 264 | Train Loss: 0.2563062 Vali Loss: 0.2245944 Test Loss: 0.3016272
EarlyStopping counter: 17 out of 20
Updating learning rate to 6.321336216795497e-05
	iters: 100, epoch: 24 | loss: 0.2868205
	speed: 0.1100s/iter; left time: 2224.2438s
	iters: 200, epoch: 24 | loss: 0.2675079
	speed: 0.0433s/iter; left time: 872.4124s
Epoch: 24 cost time: 11.441330432891846
Epoch: 24, Steps: 264 | Train Loss: 0.2519419 Vali Loss: 0.2182479 Test Loss: 0.3093744
EarlyStopping counter: 18 out of 20
Updating learning rate to 6.684096489850761e-05
	iters: 100, epoch: 25 | loss: 0.2898237
	speed: 0.1099s/iter; left time: 2193.9264s
	iters: 200, epoch: 25 | loss: 0.2585925
	speed: 0.0433s/iter; left time: 860.8814s
Epoch: 25 cost time: 11.43930697441101
Epoch: 25, Steps: 264 | Train Loss: 0.2468953 Vali Loss: 0.2245904 Test Loss: 0.3107584
EarlyStopping counter: 19 out of 20
Updating learning rate to 7.03770508223417e-05
	iters: 100, epoch: 26 | loss: 0.2637379
	speed: 0.1099s/iter; left time: 2165.1329s
	iters: 200, epoch: 26 | loss: 0.2380632
	speed: 0.0433s/iter; left time: 849.5135s
Epoch: 26 cost time: 11.440860986709595
Epoch: 26, Steps: 264 | Train Loss: 0.2415824 Vali Loss: 0.2271304 Test Loss: 0.3103822
EarlyStopping counter: 20 out of 20
Early stopping
>>>>>>>testing : NL_ettm2_cms3_lr0.0001_spc_336_336_PatchTST_ETTm2_ftM_sl336_ll48_pl336_dm128_nh16_el3_dl1_df256_fc1_ebtimeF_dtTruelr0.0001_polspc_Nested_Learning_0<<<<<<<<<<<<<<<<<<<<<<<<<<<<<<<<<
test 11185
 Ejecutando Inferencia DINÁMICA (Nested Learning con cms3)
  -> Política: spc | LR: 0.0001 | Target: head

RESUMEN: El CMS se actualizó 0 veces de 87 posibles.

mse:0.27776849269866943, mae:0.3302929997444153, rse:0.42521214485168457
Args in experiment:
Namespace(random_seed=2021, is_training=1, model_id='NL_ettm2_cms3_lr0.0001_spc_336_720', model='PatchTST', data='ETTm2', root_path='./dataset/', data_path='ETTm2.csv', features='M', target='OT', freq='h', checkpoints='./checkpoints/', seq_len=336, label_len=48, pred_len=720, head_type='cms3', cms_lr=0.0001, update_policy='spc', fc_dropout=0.2, head_dropout=0.0, patch_len=16, stride=8, padding_patch='end', revin=1, affine=0, subtract_last=0, decomposition=0, kernel_size=25, individual=0, embed_type=0, enc_in=7, dec_in=7, c_out=7, d_model=128, n_heads=16, e_layers=3, d_layers=1, d_ff=256, moving_avg=25, factor=1, distil=True, dropout=0.2, embed='timeF', activation='gelu', output_attention=False, do_predict=False, num_workers=0, itr=1, train_epochs=100, batch_size=128, patience=20, learning_rate=0.0001, des='Nested_Learning', loss='mse', lradj='TST', pct_start=0.4, use_amp=False, use_gpu=True, gpu=0, use_multi_gpu=False, devices='0,1,2,3', test_flop=False)
Use GPU: cuda:0
>>>>>>>start training : NL_ettm2_cms3_lr0.0001_spc_336_720_PatchTST_ETTm2_ftM_sl336_ll48_pl720_dm128_nh16_el3_dl1_df256_fc1_ebtimeF_dtTruelr0.0001_polspc_Nested_Learning_0>>>>>>>>>>>>>>>>>>>>>>>>>>
train 33505
val 10801
test 10801
	iters: 100, epoch: 1 | loss: 0.5661012
	speed: 0.0684s/iter; left time: 1777.2370s
	iters: 200, epoch: 1 | loss: 0.5347865
	speed: 0.0449s/iter; left time: 1162.6122s
Epoch: 1 cost time: 12.051100969314575
Epoch: 1, Steps: 261 | Train Loss: 0.6054385 Vali Loss: 0.2902641 Test Loss: 0.3936522
Validation loss decreased (inf --> 0.290264).  Saving model ...
Updating learning rate to 4.147996316662011e-06
	iters: 100, epoch: 2 | loss: 0.5429655
	speed: 0.1183s/iter; left time: 3046.2592s
	iters: 200, epoch: 2 | loss: 0.4805114
	speed: 0.0450s/iter; left time: 1154.1158s
Epoch: 2 cost time: 11.748076677322388
Epoch: 2, Steps: 261 | Train Loss: 0.5612467 Vali Loss: 0.2800624 Test Loss: 0.3814543
Validation loss decreased (0.290264 --> 0.280062).  Saving model ...
Updating learning rate to 4.591072645408634e-06
	iters: 100, epoch: 3 | loss: 0.5365408
	speed: 0.1185s/iter; left time: 3020.2930s
	iters: 200, epoch: 3 | loss: 0.3874322
	speed: 0.0449s/iter; left time: 1138.4783s
Epoch: 3 cost time: 11.715068101882935
Epoch: 3, Steps: 261 | Train Loss: 0.5477239 Vali Loss: 0.2761061 Test Loss: 0.3762488
Validation loss decreased (0.280062 --> 0.276106).  Saving model ...
Updating learning rate to 5.326496750212602e-06
	iters: 100, epoch: 4 | loss: 0.3274205
	speed: 0.1154s/iter; left time: 2910.5039s
	iters: 200, epoch: 4 | loss: 0.6243690
	speed: 0.0449s/iter; left time: 1128.4070s
Epoch: 4 cost time: 11.723148822784424
Epoch: 4, Steps: 261 | Train Loss: 0.5394005 Vali Loss: 0.2725549 Test Loss: 0.3707285
Validation loss decreased (0.276106 --> 0.272555).  Saving model ...
Updating learning rate to 6.349733628628268e-06
	iters: 100, epoch: 5 | loss: 0.5463297
	speed: 0.1144s/iter; left time: 2853.8872s
	iters: 200, epoch: 5 | loss: 0.6397759
	speed: 0.0449s/iter; left time: 1117.0483s
Epoch: 5 cost time: 11.727792501449585
Epoch: 5, Steps: 261 | Train Loss: 0.5322923 Vali Loss: 0.2723635 Test Loss: 0.3696871
Validation loss decreased (0.272555 --> 0.272363).  Saving model ...
Updating learning rate to 7.654473476944045e-06
	iters: 100, epoch: 6 | loss: 0.5178170
	speed: 0.1152s/iter; left time: 2843.8603s
	iters: 200, epoch: 6 | loss: 0.4938110
	speed: 0.0449s/iter; left time: 1105.0508s
Epoch: 6 cost time: 11.7265145778656
Epoch: 6, Steps: 261 | Train Loss: 0.5255137 Vali Loss: 0.2702006 Test Loss: 0.3658178
Validation loss decreased (0.272363 --> 0.270201).  Saving model ...
Updating learning rate to 9.232670599670218e-06
	iters: 100, epoch: 7 | loss: 0.4813710
	speed: 0.1159s/iter; left time: 2832.8285s
	iters: 200, epoch: 7 | loss: 0.4603909
	speed: 0.0451s/iter; left time: 1096.8087s
Epoch: 7 cost time: 11.764810800552368
Epoch: 7, Steps: 261 | Train Loss: 0.5190071 Vali Loss: 0.2686876 Test Loss: 0.3636316
Validation loss decreased (0.270201 --> 0.268688).  Saving model ...
Updating learning rate to 1.1074593023426382e-05
	iters: 100, epoch: 8 | loss: 0.3787288
	speed: 0.1148s/iter; left time: 2774.8799s
	iters: 200, epoch: 8 | loss: 0.4805584
	speed: 0.0451s/iter; left time: 1085.3578s
Epoch: 8 cost time: 11.766033172607422
Epoch: 8, Steps: 261 | Train Loss: 0.5103274 Vali Loss: 0.2702822 Test Loss: 0.3607057
EarlyStopping counter: 1 out of 20
Updating learning rate to 1.3168882509283648e-05
	iters: 100, epoch: 9 | loss: 0.4021044
	speed: 0.1122s/iter; left time: 2682.8217s
	iters: 200, epoch: 9 | loss: 0.5357389
	speed: 0.0451s/iter; left time: 1073.2831s
Epoch: 9 cost time: 11.758571147918701
Epoch: 9, Steps: 261 | Train Loss: 0.5004846 Vali Loss: 0.2704510 Test Loss: 0.3581554
EarlyStopping counter: 2 out of 20
Updating learning rate to 1.5502624593494887e-05
	iters: 100, epoch: 10 | loss: 0.3448258
	speed: 0.1126s/iter; left time: 2662.9360s
	iters: 200, epoch: 10 | loss: 0.3725507
	speed: 0.0451s/iter; left time: 1061.5886s
Epoch: 10 cost time: 11.757443904876709
Epoch: 10, Steps: 261 | Train Loss: 0.4890988 Vali Loss: 0.2734093 Test Loss: 0.3555761
EarlyStopping counter: 3 out of 20
Updating learning rate to 1.806142822470586e-05
	iters: 100, epoch: 11 | loss: 0.4145479
	speed: 0.1121s/iter; left time: 2623.1982s
	iters: 200, epoch: 11 | loss: 0.4425277
	speed: 0.0451s/iter; left time: 1049.6272s
Epoch: 11 cost time: 11.76230263710022
Epoch: 11, Steps: 261 | Train Loss: 0.4797280 Vali Loss: 0.2749515 Test Loss: 0.3551930
EarlyStopping counter: 4 out of 20
Updating learning rate to 2.0829514506563195e-05
	iters: 100, epoch: 12 | loss: 0.5848500
	speed: 0.1124s/iter; left time: 2599.2192s
	iters: 200, epoch: 12 | loss: 0.4775716
	speed: 0.0451s/iter; left time: 1037.7821s
Epoch: 12 cost time: 11.755688428878784
Epoch: 12, Steps: 261 | Train Loss: 0.4699670 Vali Loss: 0.2794441 Test Loss: 0.3511126
EarlyStopping counter: 5 out of 20
Updating learning rate to 2.3789813998487008e-05
	iters: 100, epoch: 13 | loss: 0.5250229
	speed: 0.1121s/iter; left time: 2563.5883s
	iters: 200, epoch: 13 | loss: 0.4526941
	speed: 0.0451s/iter; left time: 1026.2327s
Epoch: 13 cost time: 11.752350807189941
Epoch: 13, Steps: 261 | Train Loss: 0.4603050 Vali Loss: 0.2787166 Test Loss: 0.3542707
EarlyStopping counter: 6 out of 20
Updating learning rate to 2.6924071974601397e-05
	iters: 100, epoch: 14 | loss: 0.4596847
	speed: 0.1122s/iter; left time: 2535.7635s
	iters: 200, epoch: 14 | loss: 0.4872968
	speed: 0.0451s/iter; left time: 1014.7498s
Epoch: 14 cost time: 11.753432989120483
Epoch: 14, Steps: 261 | Train Loss: 0.4489552 Vali Loss: 0.2855506 Test Loss: 0.3553122
EarlyStopping counter: 7 out of 20
Updating learning rate to 3.0212960991742456e-05
	iters: 100, epoch: 15 | loss: 0.4256939
	speed: 0.1124s/iter; left time: 2511.7513s
	iters: 200, epoch: 15 | loss: 0.5349226
	speed: 0.0451s/iter; left time: 1002.9962s
Epoch: 15 cost time: 11.753525733947754
Epoch: 15, Steps: 261 | Train Loss: 0.4408796 Vali Loss: 0.2894828 Test Loss: 0.3543069
EarlyStopping counter: 8 out of 20
Updating learning rate to 3.363620007239161e-05
	iters: 100, epoch: 16 | loss: 0.3752109
	speed: 0.1120s/iter; left time: 2472.9465s
	iters: 200, epoch: 16 | loss: 0.3624181
	speed: 0.0451s/iter; left time: 991.5167s
Epoch: 16 cost time: 11.755425214767456
Epoch: 16, Steps: 261 | Train Loss: 0.4303674 Vali Loss: 0.2881075 Test Loss: 0.3585468
EarlyStopping counter: 9 out of 20
Updating learning rate to 3.717267976759092e-05
	iters: 100, epoch: 17 | loss: 0.5086915
	speed: 0.1121s/iter; left time: 2446.1404s
	iters: 200, epoch: 17 | loss: 0.3350909
	speed: 0.0451s/iter; left time: 980.3562s
Epoch: 17 cost time: 11.75791621208191
Epoch: 17, Steps: 261 | Train Loss: 0.4223103 Vali Loss: 0.2939088 Test Loss: 0.3647066
EarlyStopping counter: 10 out of 20
Updating learning rate to 4.0800592328638756e-05
	iters: 100, epoch: 18 | loss: 0.4543350
	speed: 0.1120s/iter; left time: 2414.1066s
	iters: 200, epoch: 18 | loss: 0.3732108
	speed: 0.0451s/iter; left time: 968.1287s
Epoch: 18 cost time: 11.751293182373047
Epoch: 18, Steps: 261 | Train Loss: 0.4133035 Vali Loss: 0.2949095 Test Loss: 0.3641303
EarlyStopping counter: 11 out of 20
Updating learning rate to 4.449756618485984e-05
	iters: 100, epoch: 19 | loss: 0.3350262
	speed: 0.1123s/iter; left time: 2391.9452s
	iters: 200, epoch: 19 | loss: 0.4290942
	speed: 0.0451s/iter; left time: 956.8501s
Epoch: 19 cost time: 11.75271224975586
Epoch: 19, Steps: 261 | Train Loss: 0.4042430 Vali Loss: 0.2907549 Test Loss: 0.3671177
EarlyStopping counter: 12 out of 20
Updating learning rate to 4.824080389819096e-05
	iters: 100, epoch: 20 | loss: 0.3807845
	speed: 0.1120s/iter; left time: 2357.5809s
	iters: 200, epoch: 20 | loss: 0.3239125
	speed: 0.0452s/iter; left time: 945.6720s
Epoch: 20 cost time: 11.763838052749634
Epoch: 20, Steps: 261 | Train Loss: 0.3970097 Vali Loss: 0.3021551 Test Loss: 0.3703396
EarlyStopping counter: 13 out of 20
Updating learning rate to 5.2007222743883666e-05
	iters: 100, epoch: 21 | loss: 0.4089486
	speed: 0.1121s/iter; left time: 2329.1118s
	iters: 200, epoch: 21 | loss: 0.4448288
	speed: 0.0452s/iter; left time: 934.1916s
Epoch: 21 cost time: 11.761607885360718
Epoch: 21, Steps: 261 | Train Loss: 0.3875986 Vali Loss: 0.3022885 Test Loss: 0.3684945
EarlyStopping counter: 14 out of 20
Updating learning rate to 5.577359705043091e-05
	iters: 100, epoch: 22 | loss: 0.3886076
	speed: 0.1121s/iter; left time: 2300.9482s
	iters: 200, epoch: 22 | loss: 0.3755425
	speed: 0.0452s/iter; left time: 922.3759s
Epoch: 22 cost time: 11.759719371795654
Epoch: 22, Steps: 261 | Train Loss: 0.3798874 Vali Loss: 0.3053372 Test Loss: 0.3704104
EarlyStopping counter: 15 out of 20
Updating learning rate to 5.951670142097692e-05
	iters: 100, epoch: 23 | loss: 0.3408639
	speed: 0.1126s/iter; left time: 2281.9537s
	iters: 200, epoch: 23 | loss: 0.3956658
	speed: 0.0452s/iter; left time: 910.6626s
Epoch: 23 cost time: 11.760377645492554
Epoch: 23, Steps: 261 | Train Loss: 0.3727141 Vali Loss: 0.3032325 Test Loss: 0.3735728
EarlyStopping counter: 16 out of 20
Updating learning rate to 6.321345395303321e-05
	iters: 100, epoch: 24 | loss: 0.3121392
	speed: 0.1119s/iter; left time: 2238.5293s
	iters: 200, epoch: 24 | loss: 0.3668620
	speed: 0.0452s/iter; left time: 898.8649s
Epoch: 24 cost time: 11.759959936141968
Epoch: 24, Steps: 261 | Train Loss: 0.3651978 Vali Loss: 0.3008176 Test Loss: 0.3756332
EarlyStopping counter: 17 out of 20
Updating learning rate to 6.6841058573335e-05
	iters: 100, epoch: 25 | loss: 0.3541563
	speed: 0.1119s/iter; left time: 2209.3763s
	iters: 200, epoch: 25 | loss: 0.3750609
	speed: 0.0451s/iter; left time: 886.3304s
Epoch: 25 cost time: 11.756211757659912
Epoch: 25, Steps: 261 | Train Loss: 0.3576769 Vali Loss: 0.3056515 Test Loss: 0.3802405
EarlyStopping counter: 18 out of 20
Updating learning rate to 7.037714561012768e-05
	iters: 100, epoch: 26 | loss: 0.3090796
	speed: 0.1125s/iter; left time: 2191.2762s
	iters: 200, epoch: 26 | loss: 0.3537506
	speed: 0.0451s/iter; left time: 874.3966s
Epoch: 26 cost time: 11.759384632110596
Epoch: 26, Steps: 261 | Train Loss: 0.3517215 Vali Loss: 0.3057522 Test Loss: 0.3850484
EarlyStopping counter: 19 out of 20
Updating learning rate to 7.379990973604285e-05
	iters: 100, epoch: 27 | loss: 0.3113442
	speed: 0.1121s/iter; left time: 2153.7432s
	iters: 200, epoch: 27 | loss: 0.3387003
	speed: 0.0451s/iter; left time: 862.5141s
Epoch: 27 cost time: 11.759937763214111
Epoch: 27, Steps: 261 | Train Loss: 0.3447953 Vali Loss: 0.3143763 Test Loss: 0.3878124
EarlyStopping counter: 20 out of 20
Early stopping
>>>>>>>testing : NL_ettm2_cms3_lr0.0001_spc_336_720_PatchTST_ETTm2_ftM_sl336_ll48_pl720_dm128_nh16_el3_dl1_df256_fc1_ebtimeF_dtTruelr0.0001_polspc_Nested_Learning_0<<<<<<<<<<<<<<<<<<<<<<<<<<<<<<<<<
test 10801
 Ejecutando Inferencia DINÁMICA (Nested Learning con cms3)
  -> Política: spc | LR: 0.0001 | Target: head

RESUMEN: El CMS se actualizó 0 veces de 84 posibles.

mse:0.36363163590431213, mae:0.38325077295303345, rse:0.48415064811706543
