==========================================================
SÚPER ARRAY TFG - TAREA ID: 42 / 113
Nodo: dionisio
Dataset: ettm1 | Experimento: NL_ettm1_cms_lr0.0001_always
Cabeza: cms | LR: 0.0001 | Política: always
==========================================================
Args in experiment:
Namespace(random_seed=2021, is_training=1, model_id='NL_ettm1_cms_lr0.0001_always_336_96', model='PatchTST', data='ETTm1', root_path='./dataset/', data_path='ETTm1.csv', features='M', target='OT', freq='h', checkpoints='./checkpoints/', seq_len=336, label_len=48, pred_len=96, head_type='cms', cms_lr=0.0001, update_policy='always', fc_dropout=0.2, head_dropout=0.0, patch_len=16, stride=8, padding_patch='end', revin=1, affine=0, subtract_last=0, decomposition=0, kernel_size=25, individual=1, embed_type=0, enc_in=7, dec_in=7, c_out=7, d_model=128, n_heads=16, e_layers=3, d_layers=1, d_ff=256, moving_avg=25, factor=1, distil=True, dropout=0.2, embed='timeF', activation='gelu', output_attention=False, do_predict=False, num_workers=0, itr=1, train_epochs=100, batch_size=128, patience=20, learning_rate=0.0001, des='Nested_Learning', loss='mse', lradj='TST', pct_start=0.4, use_amp=False, use_gpu=True, gpu=0, use_multi_gpu=False, devices='0,1,2,3', test_flop=False)
Use GPU: cuda:0
>>>>>>>start training : NL_ettm1_cms_lr0.0001_always_336_96_PatchTST_ETTm1_ftM_sl336_ll48_pl96_dm128_nh16_el3_dl1_df256_fc1_ebtimeF_dtTruelr0.0001_pol_always_Nested_Learning_0>>>>>>>>>>>>>>>>>>>>>>>>>>
train 34129
val 11425
test 11425
	iters: 100, epoch: 1 | loss: 0.4511291
	speed: 0.1035s/iter; left time: 2742.6701s
	iters: 200, epoch: 1 | loss: 0.3716338
	speed: 0.0484s/iter; left time: 1277.9088s
Epoch: 1 cost time: 13.213342428207397
Epoch: 1, Steps: 266 | Train Loss: 0.4300680 Vali Loss: 0.4737125 Test Loss: 0.3786937
Validation loss decreased (inf --> 0.473713).  Saving model ...
Updating learning rate to 4.147995783958166e-06
	iters: 100, epoch: 2 | loss: 0.3706718
	speed: 0.1208s/iter; left time: 3169.2687s
	iters: 200, epoch: 2 | loss: 0.3386165
	speed: 0.0491s/iter; left time: 1283.7183s
Epoch: 2 cost time: 13.295360565185547
Epoch: 2, Steps: 266 | Train Loss: 0.3259892 Vali Loss: 0.4157547 Test Loss: 0.3338135
Validation loss decreased (0.473713 --> 0.415755).  Saving model ...
Updating learning rate to 4.591070521163098e-06
	iters: 100, epoch: 3 | loss: 0.3177834
	speed: 0.1250s/iter; left time: 3245.9653s
	iters: 200, epoch: 3 | loss: 0.3054555
	speed: 0.0507s/iter; left time: 1310.5636s
Epoch: 3 cost time: 13.267778873443604
Epoch: 3, Steps: 266 | Train Loss: 0.2940820 Vali Loss: 0.3906664 Test Loss: 0.3149034
Validation loss decreased (0.415755 --> 0.390666).  Saving model ...
Updating learning rate to 5.326491995236255e-06
	iters: 100, epoch: 4 | loss: 0.2840878
	speed: 0.1215s/iter; left time: 3122.7022s
	iters: 200, epoch: 4 | loss: 0.2625414
	speed: 0.0496s/iter; left time: 1269.6390s
Epoch: 4 cost time: 13.1715726852417
Epoch: 4, Steps: 266 | Train Loss: 0.2766372 Vali Loss: 0.3798169 Test Loss: 0.3053879
Validation loss decreased (0.390666 --> 0.379817).  Saving model ...
Updating learning rate to 6.349725236277868e-06
	iters: 100, epoch: 5 | loss: 0.2424614
	speed: 0.1240s/iter; left time: 3154.5380s
	iters: 200, epoch: 5 | loss: 0.2474409
	speed: 0.0497s/iter; left time: 1258.7778s
Epoch: 5 cost time: 13.201096534729004
Epoch: 5, Steps: 266 | Train Loss: 0.2659607 Vali Loss: 0.3737944 Test Loss: 0.2983182
Validation loss decreased (0.379817 --> 0.373794).  Saving model ...
Updating learning rate to 7.654460485717921e-06
	iters: 100, epoch: 6 | loss: 0.2869880
	speed: 0.1273s/iter; left time: 3203.2100s
	iters: 200, epoch: 6 | loss: 0.2392915
	speed: 0.0496s/iter; left time: 1244.3251s
Epoch: 6 cost time: 13.203669309616089
Epoch: 6, Steps: 266 | Train Loss: 0.2581019 Vali Loss: 0.3708291 Test Loss: 0.2949862
Validation loss decreased (0.373794 --> 0.370829).  Saving model ...
Updating learning rate to 9.232652105385623e-06
	iters: 100, epoch: 7 | loss: 0.2526368
	speed: 0.1211s/iter; left time: 3015.2600s
	iters: 200, epoch: 7 | loss: 0.2528339
	speed: 0.0498s/iter; left time: 1234.4268s
Epoch: 7 cost time: 13.238295555114746
Epoch: 7, Steps: 266 | Train Loss: 0.2515553 Vali Loss: 0.3663901 Test Loss: 0.2928661
Validation loss decreased (0.370829 --> 0.366390).  Saving model ...
Updating learning rate to 1.1074568190864783e-05
	iters: 100, epoch: 8 | loss: 0.2515873
	speed: 0.1231s/iter; left time: 3032.0566s
	iters: 200, epoch: 8 | loss: 0.2304153
	speed: 0.0497s/iter; left time: 1219.7447s
Epoch: 8 cost time: 13.224211931228638
Epoch: 8, Steps: 266 | Train Loss: 0.2461785 Vali Loss: 0.3667698 Test Loss: 0.2918806
EarlyStopping counter: 1 out of 20
Updating learning rate to 1.316885058319476e-05
	iters: 100, epoch: 9 | loss: 0.2212748
	speed: 0.1178s/iter; left time: 2870.1962s
	iters: 200, epoch: 9 | loss: 0.2508148
	speed: 0.0500s/iter; left time: 1213.8602s
Epoch: 9 cost time: 13.280571699142456
Epoch: 9, Steps: 266 | Train Loss: 0.2413128 Vali Loss: 0.3641527 Test Loss: 0.2906794
Validation loss decreased (0.366390 --> 0.364153).  Saving model ...
Updating learning rate to 1.5502584908855415e-05
	iters: 100, epoch: 10 | loss: 0.2089580
	speed: 0.1226s/iter; left time: 2954.8161s
	iters: 200, epoch: 10 | loss: 0.2351326
	speed: 0.0498s/iter; left time: 1195.3165s
Epoch: 10 cost time: 13.242695093154907
Epoch: 10, Steps: 266 | Train Loss: 0.2369722 Vali Loss: 0.3647932 Test Loss: 0.2906105
EarlyStopping counter: 1 out of 20
Updating learning rate to 1.806138021613527e-05
	iters: 100, epoch: 11 | loss: 0.2148282
	speed: 0.1175s/iter; left time: 2801.5241s
	iters: 200, epoch: 11 | loss: 0.2648486
	speed: 0.0500s/iter; left time: 1186.3827s
Epoch: 11 cost time: 13.254474401473999
Epoch: 11, Steps: 266 | Train Loss: 0.2329741 Vali Loss: 0.3643132 Test Loss: 0.2896624
EarlyStopping counter: 2 out of 20
Updating learning rate to 2.0829457716805565e-05
	iters: 100, epoch: 12 | loss: 0.1980940
	speed: 0.1176s/iter; left time: 2771.9740s
	iters: 200, epoch: 12 | loss: 0.2155418
	speed: 0.0500s/iter; left time: 1172.9170s
Epoch: 12 cost time: 13.294904708862305
Epoch: 12, Steps: 266 | Train Loss: 0.2290212 Vali Loss: 0.3664863 Test Loss: 0.2892638
EarlyStopping counter: 3 out of 20
Updating learning rate to 2.3789748085875986e-05
	iters: 100, epoch: 13 | loss: 0.2214689
	speed: 0.1178s/iter; left time: 2746.5146s
	iters: 200, epoch: 13 | loss: 0.2201524
	speed: 0.0499s/iter; left time: 1158.5262s
Epoch: 13 cost time: 13.28255295753479
Epoch: 13, Steps: 266 | Train Loss: 0.2249750 Vali Loss: 0.3666576 Test Loss: 0.2872249
EarlyStopping counter: 4 out of 20
Updating learning rate to 2.6923996719433387e-05
	iters: 100, epoch: 14 | loss: 0.2365138
	speed: 0.1178s/iter; left time: 2714.5698s
	iters: 200, epoch: 14 | loss: 0.2121215
	speed: 0.0501s/iter; left time: 1149.0617s
Epoch: 14 cost time: 13.287315368652344
Epoch: 14, Steps: 266 | Train Loss: 0.2204761 Vali Loss: 0.3747542 Test Loss: 0.2877755
EarlyStopping counter: 5 out of 20
Updating learning rate to 3.021287630149266e-05
	iters: 100, epoch: 15 | loss: 0.2072497
	speed: 0.1176s/iter; left time: 2677.8561s
	iters: 200, epoch: 15 | loss: 0.2111938
	speed: 0.0500s/iter; left time: 1134.6599s
Epoch: 15 cost time: 13.269203901290894
Epoch: 15, Steps: 266 | Train Loss: 0.2165986 Vali Loss: 0.3703795 Test Loss: 0.2846451
EarlyStopping counter: 6 out of 20
Updating learning rate to 3.363610598571669e-05
	iters: 100, epoch: 16 | loss: 0.2243759
	speed: 0.1179s/iter; left time: 2653.5487s
	iters: 200, epoch: 16 | loss: 0.1951415
	speed: 0.0499s/iter; left time: 1118.8731s
Epoch: 16 cost time: 13.311989545822144
Epoch: 16, Steps: 266 | Train Loss: 0.2123153 Vali Loss: 0.3793738 Test Loss: 0.2878911
EarlyStopping counter: 7 out of 20
Updating learning rate to 3.717257645707274e-05
	iters: 100, epoch: 17 | loss: 0.1998424
	speed: 0.1178s/iter; left time: 2621.4583s
	iters: 200, epoch: 17 | loss: 0.2123414
	speed: 0.0500s/iter; left time: 1108.0297s
Epoch: 17 cost time: 13.290910005569458
Epoch: 17, Steps: 266 | Train Loss: 0.2080591 Vali Loss: 0.3850820 Test Loss: 0.2879897
EarlyStopping counter: 8 out of 20
Updating learning rate to 4.08004801022336e-05
	iters: 100, epoch: 18 | loss: 0.1961011
	speed: 0.1179s/iter; left time: 2591.8991s
	iters: 200, epoch: 18 | loss: 0.1885824
	speed: 0.0500s/iter; left time: 1094.8070s
Epoch: 18 cost time: 13.299296617507935
Epoch: 18, Steps: 266 | Train Loss: 0.2038410 Vali Loss: 0.3924242 Test Loss: 0.2869835
EarlyStopping counter: 9 out of 20
Updating learning rate to 4.4497445486028815e-05
	iters: 100, epoch: 19 | loss: 0.2252325
	speed: 0.1180s/iter; left time: 2561.5871s
	iters: 200, epoch: 19 | loss: 0.1821983
	speed: 0.0500s/iter; left time: 1079.6877s
Epoch: 19 cost time: 13.294384479522705
Epoch: 19, Steps: 266 | Train Loss: 0.1997565 Vali Loss: 0.3882047 Test Loss: 0.2880839
EarlyStopping counter: 10 out of 20
Updating learning rate to 4.8240675304698384e-05
	iters: 100, epoch: 20 | loss: 0.2049796
	speed: 0.1181s/iter; left time: 2532.0756s
	iters: 200, epoch: 20 | loss: 0.2217736
	speed: 0.0500s/iter; left time: 1066.3650s
Epoch: 20 cost time: 13.312392950057983
Epoch: 20, Steps: 266 | Train Loss: 0.1956516 Vali Loss: 0.4004486 Test Loss: 0.2906531
EarlyStopping counter: 11 out of 20
Updating learning rate to 5.2007086965261054e-05
	iters: 100, epoch: 21 | loss: 0.1770306
	speed: 0.1178s/iter; left time: 2495.4421s
	iters: 200, epoch: 21 | loss: 0.1884361
	speed: 0.0500s/iter; left time: 1054.9465s
Epoch: 21 cost time: 13.284807682037354
Epoch: 21, Steps: 266 | Train Loss: 0.1908449 Vali Loss: 0.4112760 Test Loss: 0.2943375
EarlyStopping counter: 12 out of 20
Updating learning rate to 5.5773454924116216e-05
	iters: 100, epoch: 22 | loss: 0.1838940
	speed: 0.1179s/iter; left time: 2465.0014s
	iters: 200, epoch: 22 | loss: 0.1984495
	speed: 0.0500s/iter; left time: 1040.9173s
Epoch: 22 cost time: 13.291959047317505
Epoch: 22, Steps: 266 | Train Loss: 0.1864074 Vali Loss: 0.4128959 Test Loss: 0.2958408
EarlyStopping counter: 13 out of 20
Updating learning rate to 5.95165539071495e-05
	iters: 100, epoch: 23 | loss: 0.1641598
	speed: 0.1180s/iter; left time: 2435.8428s
	iters: 200, epoch: 23 | loss: 0.1846606
	speed: 0.0499s/iter; left time: 1026.1299s
Epoch: 23 cost time: 13.288260459899902
Epoch: 23, Steps: 266 | Train Loss: 0.1812536 Vali Loss: 0.4186094 Test Loss: 0.2957838
EarlyStopping counter: 14 out of 20
Updating learning rate to 6.321330212817643e-05
	iters: 100, epoch: 24 | loss: 0.1652452
	speed: 0.1178s/iter; left time: 2401.3794s
	iters: 200, epoch: 24 | loss: 0.1774721
	speed: 0.0498s/iter; left time: 1010.4249s
Epoch: 24 cost time: 13.307872295379639
Epoch: 24, Steps: 266 | Train Loss: 0.1763376 Vali Loss: 0.4261302 Test Loss: 0.3033102
EarlyStopping counter: 15 out of 20
Updating learning rate to 6.684090362256924e-05
	iters: 100, epoch: 25 | loss: 0.1837238
	speed: 0.1179s/iter; left time: 2370.9548s
	iters: 200, epoch: 25 | loss: 0.1730182
	speed: 0.0499s/iter; left time: 998.8875s
Epoch: 25 cost time: 13.279263973236084
Epoch: 25, Steps: 266 | Train Loss: 0.1712621 Vali Loss: 0.4370989 Test Loss: 0.3048629
EarlyStopping counter: 16 out of 20
Updating learning rate to 7.037698881836747e-05
	iters: 100, epoch: 26 | loss: 0.1668637
	speed: 0.1179s/iter; left time: 2340.6776s
	iters: 200, epoch: 26 | loss: 0.1693551
	speed: 0.0500s/iter; left time: 987.7855s
Epoch: 26 cost time: 13.295904159545898
Epoch: 26, Steps: 266 | Train Loss: 0.1658339 Vali Loss: 0.4343131 Test Loss: 0.3068630
EarlyStopping counter: 17 out of 20
Updating learning rate to 7.379975247804219e-05
	iters: 100, epoch: 27 | loss: 0.1520720
	speed: 0.1181s/iter; left time: 2312.0396s
	iters: 200, epoch: 27 | loss: 0.1615895
	speed: 0.0499s/iter; left time: 972.7585s
Epoch: 27 cost time: 13.289077281951904
Epoch: 27, Steps: 266 | Train Loss: 0.1610787 Vali Loss: 0.4473584 Test Loss: 0.3112926
EarlyStopping counter: 18 out of 20
Updating learning rate to 7.70880881602968e-05
	iters: 100, epoch: 28 | loss: 0.1506722
	speed: 0.1177s/iter; left time: 2273.8397s
	iters: 200, epoch: 28 | loss: 0.1555963
	speed: 0.0500s/iter; left time: 961.5335s
Epoch: 28 cost time: 13.295235633850098
Epoch: 28, Steps: 266 | Train Loss: 0.1555529 Vali Loss: 0.4431222 Test Loss: 0.3134052
EarlyStopping counter: 19 out of 20
Updating learning rate to 8.02217183727475e-05
	iters: 100, epoch: 29 | loss: 0.1417108
	speed: 0.1179s/iter; left time: 2245.6914s
	iters: 200, epoch: 29 | loss: 0.1597875
	speed: 0.0500s/iter; left time: 947.0377s
Epoch: 29 cost time: 13.29595398902893
Epoch: 29, Steps: 266 | Train Loss: 0.1508176 Vali Loss: 0.4522681 Test Loss: 0.3221392
EarlyStopping counter: 20 out of 20
Early stopping
>>>>>>>testing : NL_ettm1_cms_lr0.0001_always_336_96_PatchTST_ETTm1_ftM_sl336_ll48_pl96_dm128_nh16_el3_dl1_df256_fc1_ebtimeF_dtTruelr0.0001_pol_always_Nested_Learning_0<<<<<<<<<<<<<<<<<<<<<<<<<<<<<<<<<
test 11425
 Ejecutando Inferencia DINÁMICA (Nested Learning con cms)
  -> Política: always | LR: 0.0001 | Target: head

RESUMEN: El CMS se actualizó 89 veces de 89 posibles.

mse:0.28930801153182983, mae:0.3402307331562042, rse:0.5116438269615173
Args in experiment:
Namespace(random_seed=2021, is_training=1, model_id='NL_ettm1_cms_lr0.0001_always_336_192', model='PatchTST', data='ETTm1', root_path='./dataset/', data_path='ETTm1.csv', features='M', target='OT', freq='h', checkpoints='./checkpoints/', seq_len=336, label_len=48, pred_len=192, head_type='cms', cms_lr=0.0001, update_policy='always', fc_dropout=0.2, head_dropout=0.0, patch_len=16, stride=8, padding_patch='end', revin=1, affine=0, subtract_last=0, decomposition=0, kernel_size=25, individual=1, embed_type=0, enc_in=7, dec_in=7, c_out=7, d_model=128, n_heads=16, e_layers=3, d_layers=1, d_ff=256, moving_avg=25, factor=1, distil=True, dropout=0.2, embed='timeF', activation='gelu', output_attention=False, do_predict=False, num_workers=0, itr=1, train_epochs=100, batch_size=128, patience=20, learning_rate=0.0001, des='Nested_Learning', loss='mse', lradj='TST', pct_start=0.4, use_amp=False, use_gpu=True, gpu=0, use_multi_gpu=False, devices='0,1,2,3', test_flop=False)
Use GPU: cuda:0
>>>>>>>start training : NL_ettm1_cms_lr0.0001_always_336_192_PatchTST_ETTm1_ftM_sl336_ll48_pl192_dm128_nh16_el3_dl1_df256_fc1_ebtimeF_dtTruelr0.0001_pol_always_Nested_Learning_0>>>>>>>>>>>>>>>>>>>>>>>>>>
train 34033
val 11329
test 11329
	iters: 100, epoch: 1 | loss: 0.4844549
	speed: 0.0919s/iter; left time: 2425.4577s
	iters: 200, epoch: 1 | loss: 0.3718795
	speed: 0.0503s/iter; left time: 1322.5057s
Epoch: 1 cost time: 13.604769706726074
Epoch: 1, Steps: 265 | Train Loss: 0.4584643 Vali Loss: 0.5765724 Test Loss: 0.4076409
Validation loss decreased (inf --> 0.576572).  Saving model ...
Updating learning rate to 4.147995888890545e-06
	iters: 100, epoch: 2 | loss: 0.3652206
	speed: 0.1252s/iter; left time: 3273.1751s
	iters: 200, epoch: 2 | loss: 0.3519971
	speed: 0.0492s/iter; left time: 1280.5668s
Epoch: 2 cost time: 13.079116582870483
Epoch: 2, Steps: 265 | Train Loss: 0.3600262 Vali Loss: 0.5263020 Test Loss: 0.3682818
Validation loss decreased (0.576572 --> 0.526302).  Saving model ...
Updating learning rate to 4.591070939598485e-06
	iters: 100, epoch: 3 | loss: 0.3250536
	speed: 0.1292s/iter; left time: 3342.0333s
	iters: 200, epoch: 3 | loss: 0.3089368
	speed: 0.0504s/iter; left time: 1299.5502s
Epoch: 3 cost time: 13.366454124450684
Epoch: 3, Steps: 265 | Train Loss: 0.3319028 Vali Loss: 0.5088960 Test Loss: 0.3524384
Validation loss decreased (0.526302 --> 0.508896).  Saving model ...
Updating learning rate to 5.326492931874866e-06
	iters: 100, epoch: 4 | loss: 0.3065839
	speed: 0.1366s/iter; left time: 3498.6760s
	iters: 200, epoch: 4 | loss: 0.3195440
	speed: 0.0504s/iter; left time: 1285.9250s
Epoch: 4 cost time: 13.367157697677612
Epoch: 4, Steps: 265 | Train Loss: 0.3166953 Vali Loss: 0.4973458 Test Loss: 0.3441564
Validation loss decreased (0.508896 --> 0.497346).  Saving model ...
Updating learning rate to 6.349726889409005e-06
	iters: 100, epoch: 5 | loss: 0.3183415
	speed: 0.1294s/iter; left time: 3278.8614s
	iters: 200, epoch: 5 | loss: 0.2857133
	speed: 0.0504s/iter; left time: 1272.4895s
Epoch: 5 cost time: 13.358573198318481
Epoch: 5, Steps: 265 | Train Loss: 0.3074767 Vali Loss: 0.4932608 Test Loss: 0.3386495
Validation loss decreased (0.497346 --> 0.493261).  Saving model ...
Updating learning rate to 7.654463044738896e-06
	iters: 100, epoch: 6 | loss: 0.3116291
	speed: 0.1263s/iter; left time: 3166.7647s
	iters: 200, epoch: 6 | loss: 0.2907262
	speed: 0.0504s/iter; left time: 1259.4005s
Epoch: 6 cost time: 13.359425067901611
Epoch: 6, Steps: 265 | Train Loss: 0.3007881 Vali Loss: 0.4906318 Test Loss: 0.3367472
Validation loss decreased (0.493261 --> 0.490632).  Saving model ...
Updating learning rate to 9.232655748403029e-06
	iters: 100, epoch: 7 | loss: 0.3064230
	speed: 0.1260s/iter; left time: 3125.3051s
	iters: 200, epoch: 7 | loss: 0.3253751
	speed: 0.0504s/iter; left time: 1246.4761s
Epoch: 7 cost time: 13.363685607910156
Epoch: 7, Steps: 265 | Train Loss: 0.2954727 Vali Loss: 0.4920385 Test Loss: 0.3341493
EarlyStopping counter: 1 out of 20
Updating learning rate to 1.107457308240065e-05
	iters: 100, epoch: 8 | loss: 0.2915478
	speed: 0.1190s/iter; left time: 2921.4771s
	iters: 200, epoch: 8 | loss: 0.2752852
	speed: 0.0504s/iter; left time: 1232.8758s
Epoch: 8 cost time: 13.35063362121582
Epoch: 8, Steps: 265 | Train Loss: 0.2904821 Vali Loss: 0.4876595 Test Loss: 0.3331598
Validation loss decreased (0.490632 --> 0.487660).  Saving model ...
Updating learning rate to 1.3168856872018862e-05
	iters: 100, epoch: 9 | loss: 0.2904033
	speed: 0.1279s/iter; left time: 3104.7241s
	iters: 200, epoch: 9 | loss: 0.2857067
	speed: 0.0504s/iter; left time: 1219.4272s
Epoch: 9 cost time: 13.354886054992676
Epoch: 9, Steps: 265 | Train Loss: 0.2859900 Vali Loss: 0.4922191 Test Loss: 0.3308672
EarlyStopping counter: 1 out of 20
Updating learning rate to 1.550259272596464e-05
	iters: 100, epoch: 10 | loss: 0.3187551
	speed: 0.1190s/iter; left time: 2858.3350s
	iters: 200, epoch: 10 | loss: 0.3031406
	speed: 0.0504s/iter; left time: 1206.4729s
Epoch: 10 cost time: 13.357887506484985
Epoch: 10, Steps: 265 | Train Loss: 0.2819452 Vali Loss: 0.4898614 Test Loss: 0.3296292
EarlyStopping counter: 2 out of 20
Updating learning rate to 1.806138967289881e-05
	iters: 100, epoch: 11 | loss: 0.2806370
	speed: 0.1190s/iter; left time: 2826.9679s
	iters: 200, epoch: 11 | loss: 0.2537499
	speed: 0.0504s/iter; left time: 1193.0923s
Epoch: 11 cost time: 13.355913162231445
Epoch: 11, Steps: 265 | Train Loss: 0.2780175 Vali Loss: 0.4878072 Test Loss: 0.3295932
EarlyStopping counter: 3 out of 20
Updating learning rate to 2.0829468903294163e-05
	iters: 100, epoch: 12 | loss: 0.2659949
	speed: 0.1192s/iter; left time: 2800.0157s
	iters: 200, epoch: 12 | loss: 0.2634932
	speed: 0.0504s/iter; left time: 1179.1345s
Epoch: 12 cost time: 13.359774827957153
Epoch: 12, Steps: 265 | Train Loss: 0.2738685 Vali Loss: 0.4849729 Test Loss: 0.3278034
Validation loss decreased (0.487660 --> 0.484973).  Saving model ...
Updating learning rate to 2.3789761069391508e-05
	iters: 100, epoch: 13 | loss: 0.2630041
	speed: 0.1310s/iter; left time: 3042.3056s
	iters: 200, epoch: 13 | loss: 0.2582707
	speed: 0.0504s/iter; left time: 1165.4884s
Epoch: 13 cost time: 13.351329803466797
Epoch: 13, Steps: 265 | Train Loss: 0.2695454 Vali Loss: 0.4891883 Test Loss: 0.3278260
EarlyStopping counter: 1 out of 20
Updating learning rate to 2.692401154325343e-05
	iters: 100, epoch: 14 | loss: 0.2449405
	speed: 0.1191s/iter; left time: 2734.7704s
	iters: 200, epoch: 14 | loss: 0.2460767
	speed: 0.0504s/iter; left time: 1152.8514s
Epoch: 14 cost time: 13.35403847694397
Epoch: 14, Steps: 265 | Train Loss: 0.2647631 Vali Loss: 0.4918999 Test Loss: 0.3286603
EarlyStopping counter: 2 out of 20
Updating learning rate to 3.0212892983843068e-05
	iters: 100, epoch: 15 | loss: 0.2707022
	speed: 0.1190s/iter; left time: 2699.6520s
	iters: 200, epoch: 15 | loss: 0.2554514
	speed: 0.0504s/iter; left time: 1139.2892s
Epoch: 15 cost time: 13.359716415405273
Epoch: 15, Steps: 265 | Train Loss: 0.2603968 Vali Loss: 0.4982400 Test Loss: 0.3282852
EarlyStopping counter: 3 out of 20
Updating learning rate to 3.3636124518983084e-05
	iters: 100, epoch: 16 | loss: 0.2587413
	speed: 0.1189s/iter; left time: 2666.9686s
	iters: 200, epoch: 16 | loss: 0.2604685
	speed: 0.0505s/iter; left time: 1128.1741s
Epoch: 16 cost time: 13.363397359848022
Epoch: 16, Steps: 265 | Train Loss: 0.2556591 Vali Loss: 0.5011254 Test Loss: 0.3294976
EarlyStopping counter: 4 out of 20
Updating learning rate to 3.717259680726015e-05
	iters: 100, epoch: 17 | loss: 0.2514531
	speed: 0.1190s/iter; left time: 2637.7730s
	iters: 200, epoch: 17 | loss: 0.2423174
	speed: 0.0504s/iter; left time: 1112.5066s
Epoch: 17 cost time: 13.351178407669067
Epoch: 17, Steps: 265 | Train Loss: 0.2509339 Vali Loss: 0.5097980 Test Loss: 0.3328790
EarlyStopping counter: 5 out of 20
Updating learning rate to 4.080050220868085e-05
	iters: 100, epoch: 18 | loss: 0.2430319
	speed: 0.1190s/iter; left time: 2605.4825s
	iters: 200, epoch: 18 | loss: 0.2579983
	speed: 0.0504s/iter; left time: 1098.9539s
Epoch: 18 cost time: 13.358406066894531
Epoch: 18, Steps: 265 | Train Loss: 0.2461512 Vali Loss: 0.5089602 Test Loss: 0.3337093
EarlyStopping counter: 6 out of 20
Updating learning rate to 4.449746926138297e-05
	iters: 100, epoch: 19 | loss: 0.2211106
	speed: 0.1189s/iter; left time: 2571.9094s
	iters: 200, epoch: 19 | loss: 0.2376519
	speed: 0.0504s/iter; left time: 1085.6752s
Epoch: 19 cost time: 13.355246305465698
Epoch: 19, Steps: 265 | Train Loss: 0.2411064 Vali Loss: 0.5198086 Test Loss: 0.3340997
EarlyStopping counter: 7 out of 20
Updating learning rate to 4.824070063515135e-05
	iters: 100, epoch: 20 | loss: 0.2274074
	speed: 0.1191s/iter; left time: 2545.0148s
	iters: 200, epoch: 20 | loss: 0.2360440
	speed: 0.0504s/iter; left time: 1072.2973s
Epoch: 20 cost time: 13.359418630599976
Epoch: 20, Steps: 265 | Train Loss: 0.2358645 Vali Loss: 0.5234205 Test Loss: 0.3385506
EarlyStopping counter: 8 out of 20
Updating learning rate to 5.200711371104918e-05
	iters: 100, epoch: 21 | loss: 0.2362868
	speed: 0.1191s/iter; left time: 2513.1349s
	iters: 200, epoch: 21 | loss: 0.2168869
	speed: 0.0504s/iter; left time: 1058.7547s
Epoch: 21 cost time: 13.358928918838501
Epoch: 21, Steps: 265 | Train Loss: 0.2305551 Vali Loss: 0.5367229 Test Loss: 0.3409207
EarlyStopping counter: 9 out of 20
Updating learning rate to 5.577348292028073e-05
	iters: 100, epoch: 22 | loss: 0.2125595
	speed: 0.1192s/iter; left time: 2484.1578s
	iters: 200, epoch: 22 | loss: 0.2307760
	speed: 0.0504s/iter; left time: 1045.2157s
Epoch: 22 cost time: 13.355285167694092
Epoch: 22, Steps: 265 | Train Loss: 0.2248980 Vali Loss: 0.5454481 Test Loss: 0.3442163
EarlyStopping counter: 10 out of 20
Updating learning rate to 5.9516582964553954e-05
	iters: 100, epoch: 23 | loss: 0.2127389
	speed: 0.1193s/iter; left time: 2454.8869s
	iters: 200, epoch: 23 | loss: 0.2151139
	speed: 0.0504s/iter; left time: 1032.1501s
Epoch: 23 cost time: 13.360243558883667
Epoch: 23, Steps: 265 | Train Loss: 0.2194208 Vali Loss: 0.5502352 Test Loss: 0.3490888
EarlyStopping counter: 11 out of 20
Updating learning rate to 6.321333203477474e-05
	iters: 100, epoch: 24 | loss: 0.2169663
	speed: 0.1190s/iter; left time: 2416.3075s
	iters: 200, epoch: 24 | loss: 0.2090140
	speed: 0.0504s/iter; left time: 1018.5980s
Epoch: 24 cost time: 13.351093292236328
Epoch: 24, Steps: 265 | Train Loss: 0.2134592 Vali Loss: 0.5524163 Test Loss: 0.3501079
EarlyStopping counter: 12 out of 20
Updating learning rate to 6.684093414491588e-05
	iters: 100, epoch: 25 | loss: 0.2121413
	speed: 0.1190s/iter; left time: 2385.3783s
	iters: 200, epoch: 25 | loss: 0.2112108
	speed: 0.0504s/iter; left time: 1005.7817s
Epoch: 25 cost time: 13.359987020492554
Epoch: 25, Steps: 265 | Train Loss: 0.2075925 Vali Loss: 0.5697750 Test Loss: 0.3566418
EarlyStopping counter: 13 out of 20
Updating learning rate to 7.037701970335941e-05
	iters: 100, epoch: 26 | loss: 0.1843832
	speed: 0.1189s/iter; left time: 2351.3596s
	iters: 200, epoch: 26 | loss: 0.1918444
	speed: 0.0504s/iter; left time: 991.6948s
Epoch: 26 cost time: 13.353445291519165
Epoch: 26, Steps: 265 | Train Loss: 0.2016047 Vali Loss: 0.5692804 Test Loss: 0.3557413
EarlyStopping counter: 14 out of 20
Updating learning rate to 7.379978345487968e-05
	iters: 100, epoch: 27 | loss: 0.1991663
	speed: 0.1191s/iter; left time: 2324.2477s
	iters: 200, epoch: 27 | loss: 0.1757095
	speed: 0.0504s/iter; left time: 979.0244s
Epoch: 27 cost time: 13.356162071228027
Epoch: 27, Steps: 265 | Train Loss: 0.1953973 Vali Loss: 0.5775192 Test Loss: 0.3718343
EarlyStopping counter: 15 out of 20
Updating learning rate to 7.70881189426489e-05
	iters: 100, epoch: 28 | loss: 0.1868043
	speed: 0.1190s/iter; left time: 2290.7487s
	iters: 200, epoch: 28 | loss: 0.1919210
	speed: 0.0504s/iter; left time: 965.3652s
Epoch: 28 cost time: 13.355562686920166
Epoch: 28, Steps: 265 | Train Loss: 0.1893847 Vali Loss: 0.5794231 Test Loss: 0.3700812
EarlyStopping counter: 16 out of 20
Updating learning rate to 8.022174866110521e-05
	iters: 100, epoch: 29 | loss: 0.1795366
	speed: 0.1190s/iter; left time: 2259.3900s
	iters: 200, epoch: 29 | loss: 0.1761891
	speed: 0.0504s/iter; left time: 952.4657s
Epoch: 29 cost time: 13.356480836868286
Epoch: 29, Steps: 265 | Train Loss: 0.1828712 Vali Loss: 0.5975809 Test Loss: 0.3761467
EarlyStopping counter: 17 out of 20
Updating learning rate to 8.318134909709714e-05
	iters: 100, epoch: 30 | loss: 0.1857958
	speed: 0.1190s/iter; left time: 2227.9439s
	iters: 200, epoch: 30 | loss: 0.1724810
	speed: 0.0507s/iter; left time: 943.3715s
Epoch: 30 cost time: 13.379994869232178
Epoch: 30, Steps: 265 | Train Loss: 0.1769314 Vali Loss: 0.5879147 Test Loss: 0.3794871
EarlyStopping counter: 18 out of 20
Updating learning rate to 8.594866988823775e-05
	iters: 100, epoch: 31 | loss: 0.1665741
	speed: 0.1189s/iter; left time: 2194.3378s
	iters: 200, epoch: 31 | loss: 0.1774403
	speed: 0.0504s/iter; left time: 925.1738s
Epoch: 31 cost time: 13.35018801689148
Epoch: 31, Steps: 265 | Train Loss: 0.1706378 Vali Loss: 0.6003051 Test Loss: 0.3872153
EarlyStopping counter: 19 out of 20
Updating learning rate to 8.850664636367998e-05
	iters: 100, epoch: 32 | loss: 0.1722750
	speed: 0.1191s/iter; left time: 2165.6503s
	iters: 200, epoch: 32 | loss: 0.1572558
	speed: 0.0504s/iter; left time: 911.7780s
Epoch: 32 cost time: 13.348689317703247
Epoch: 32, Steps: 265 | Train Loss: 0.1644975 Vali Loss: 0.6042192 Test Loss: 0.3871825
EarlyStopping counter: 20 out of 20
Early stopping
>>>>>>>testing : NL_ettm1_cms_lr0.0001_always_336_192_PatchTST_ETTm1_ftM_sl336_ll48_pl192_dm128_nh16_el3_dl1_df256_fc1_ebtimeF_dtTruelr0.0001_pol_always_Nested_Learning_0<<<<<<<<<<<<<<<<<<<<<<<<<<<<<<<<<
test 11329
 Ejecutando Inferencia DINÁMICA (Nested Learning con cms)
  -> Política: always | LR: 0.0001 | Target: head

RESUMEN: El CMS se actualizó 88 veces de 88 posibles.

mse:0.3292998969554901, mae:0.36723893880844116, rse:0.5458084940910339
Args in experiment:
Namespace(random_seed=2021, is_training=1, model_id='NL_ettm1_cms_lr0.0001_always_336_336', model='PatchTST', data='ETTm1', root_path='./dataset/', data_path='ETTm1.csv', features='M', target='OT', freq='h', checkpoints='./checkpoints/', seq_len=336, label_len=48, pred_len=336, head_type='cms', cms_lr=0.0001, update_policy='always', fc_dropout=0.2, head_dropout=0.0, patch_len=16, stride=8, padding_patch='end', revin=1, affine=0, subtract_last=0, decomposition=0, kernel_size=25, individual=1, embed_type=0, enc_in=7, dec_in=7, c_out=7, d_model=128, n_heads=16, e_layers=3, d_layers=1, d_ff=256, moving_avg=25, factor=1, distil=True, dropout=0.2, embed='timeF', activation='gelu', output_attention=False, do_predict=False, num_workers=0, itr=1, train_epochs=100, batch_size=128, patience=20, learning_rate=0.0001, des='Nested_Learning', loss='mse', lradj='TST', pct_start=0.4, use_amp=False, use_gpu=True, gpu=0, use_multi_gpu=False, devices='0,1,2,3', test_flop=False)
Use GPU: cuda:0
>>>>>>>start training : NL_ettm1_cms_lr0.0001_always_336_336_PatchTST_ETTm1_ftM_sl336_ll48_pl336_dm128_nh16_el3_dl1_df256_fc1_ebtimeF_dtTruelr0.0001_pol_always_Nested_Learning_0>>>>>>>>>>>>>>>>>>>>>>>>>>
train 33889
val 11185
test 11185
	iters: 100, epoch: 1 | loss: 0.4798478
	speed: 0.1472s/iter; left time: 3871.0180s
	iters: 200, epoch: 1 | loss: 0.4558151
	speed: 0.0533s/iter; left time: 1397.2984s
Epoch: 1 cost time: 14.007556915283203
Epoch: 1, Steps: 264 | Train Loss: 0.4924238 Vali Loss: 0.7118937 Test Loss: 0.4383308
Validation loss decreased (inf --> 0.711894).  Saving model ...
Updating learning rate to 4.147995994617984e-06
	iters: 100, epoch: 2 | loss: 0.3936666
	speed: 0.1390s/iter; left time: 3619.0663s
	iters: 200, epoch: 2 | loss: 0.3954012
	speed: 0.0517s/iter; left time: 1341.3865s
Epoch: 2 cost time: 13.642952919006348
Epoch: 2, Steps: 264 | Train Loss: 0.3990886 Vali Loss: 0.6699505 Test Loss: 0.4030632
Validation loss decreased (0.711894 --> 0.669950).  Saving model ...
Updating learning rate to 4.591071361204269e-06
	iters: 100, epoch: 3 | loss: 0.3609168
	speed: 0.1371s/iter; left time: 3533.8552s
	iters: 200, epoch: 3 | loss: 0.3209040
	speed: 0.0520s/iter; left time: 1334.0519s
Epoch: 3 cost time: 13.69191288948059
Epoch: 3, Steps: 264 | Train Loss: 0.3729105 Vali Loss: 0.6538326 Test Loss: 0.3878495
Validation loss decreased (0.669950 --> 0.653833).  Saving model ...
Updating learning rate to 5.3264938756102174e-06
	iters: 100, epoch: 4 | loss: 0.3812238
	speed: 0.1381s/iter; left time: 3522.2332s
	iters: 200, epoch: 4 | loss: 0.3407898
	speed: 0.0522s/iter; left time: 1326.4778s
Epoch: 4 cost time: 13.736373662948608
Epoch: 4, Steps: 264 | Train Loss: 0.3587477 Vali Loss: 0.6432501 Test Loss: 0.3802697
Validation loss decreased (0.653833 --> 0.643250).  Saving model ...
Updating learning rate to 6.349728555065631e-06
	iters: 100, epoch: 5 | loss: 0.3486003
	speed: 0.1347s/iter; left time: 3400.8408s
	iters: 200, epoch: 5 | loss: 0.3265350
	speed: 0.0522s/iter; left time: 1312.5490s
Epoch: 5 cost time: 13.77253532409668
Epoch: 5, Steps: 264 | Train Loss: 0.3502823 Vali Loss: 0.6387621 Test Loss: 0.3761827
Validation loss decreased (0.643250 --> 0.638762).  Saving model ...
Updating learning rate to 7.654465623149092e-06
	iters: 100, epoch: 6 | loss: 0.3417178
	speed: 0.1376s/iter; left time: 3436.9464s
	iters: 200, epoch: 6 | loss: 0.3277330
	speed: 0.0523s/iter; left time: 1300.6513s
Epoch: 6 cost time: 13.770582675933838
Epoch: 6, Steps: 264 | Train Loss: 0.3440141 Vali Loss: 0.6384085 Test Loss: 0.3736487
Validation loss decreased (0.638762 --> 0.638409).  Saving model ...
Updating learning rate to 9.232659419022894e-06
	iters: 100, epoch: 7 | loss: 0.3800029
	speed: 0.1366s/iter; left time: 3375.9113s
	iters: 200, epoch: 7 | loss: 0.3389003
	speed: 0.0523s/iter; left time: 1287.7946s
Epoch: 7 cost time: 13.789406061172485
Epoch: 7, Steps: 264 | Train Loss: 0.3390969 Vali Loss: 0.6346720 Test Loss: 0.3715515
Validation loss decreased (0.638409 --> 0.634672).  Saving model ...
Updating learning rate to 1.1074578010998666e-05
	iters: 100, epoch: 8 | loss: 0.3680881
	speed: 0.1335s/iter; left time: 3264.8399s
	iters: 200, epoch: 8 | loss: 0.3262078
	speed: 0.0524s/iter; left time: 1277.2675s
Epoch: 8 cost time: 13.810591459274292
Epoch: 8, Steps: 264 | Train Loss: 0.3346856 Vali Loss: 0.6382495 Test Loss: 0.3688180
EarlyStopping counter: 1 out of 20
Updating learning rate to 1.3168863208492038e-05
	iters: 100, epoch: 9 | loss: 0.3607321
	speed: 0.1238s/iter; left time: 2994.7990s
	iters: 200, epoch: 9 | loss: 0.3526115
	speed: 0.0526s/iter; left time: 1266.2613s
Epoch: 9 cost time: 13.861221075057983
Epoch: 9, Steps: 264 | Train Loss: 0.3303421 Vali Loss: 0.6381000 Test Loss: 0.3661171
EarlyStopping counter: 2 out of 20
Updating learning rate to 1.5502600602302323e-05
	iters: 100, epoch: 10 | loss: 0.3464860
	speed: 0.1241s/iter; left time: 2968.1192s
	iters: 200, epoch: 10 | loss: 0.3402181
	speed: 0.0526s/iter; left time: 1253.9182s
Epoch: 10 cost time: 13.866048574447632
Epoch: 10, Steps: 264 | Train Loss: 0.3262808 Vali Loss: 0.6314932 Test Loss: 0.3679700
Validation loss decreased (0.634672 --> 0.631493).  Saving model ...
Updating learning rate to 1.8061399201313948e-05
	iters: 100, epoch: 11 | loss: 0.3128581
	speed: 0.1364s/iter; left time: 3227.9497s
	iters: 200, epoch: 11 | loss: 0.3290088
	speed: 0.0525s/iter; left time: 1237.1761s
Epoch: 11 cost time: 13.840159177780151
Epoch: 11, Steps: 264 | Train Loss: 0.3219963 Vali Loss: 0.6353658 Test Loss: 0.3683017
EarlyStopping counter: 1 out of 20
Updating learning rate to 2.08294801745399e-05
	iters: 100, epoch: 12 | loss: 0.3539096
	speed: 0.1245s/iter; left time: 2912.1355s
	iters: 200, epoch: 12 | loss: 0.3177617
	speed: 0.0527s/iter; left time: 1227.3226s
Epoch: 12 cost time: 13.902199983596802
Epoch: 12, Steps: 264 | Train Loss: 0.3173492 Vali Loss: 0.6322838 Test Loss: 0.3658310
EarlyStopping counter: 2 out of 20
Updating learning rate to 2.378977415127951e-05
	iters: 100, epoch: 13 | loss: 0.3131469
	speed: 0.1245s/iter; left time: 2879.1909s
	iters: 200, epoch: 13 | loss: 0.3202870
	speed: 0.0527s/iter; left time: 1213.6349s
Epoch: 13 cost time: 13.910352945327759
Epoch: 13, Steps: 264 | Train Loss: 0.3125843 Vali Loss: 0.6302777 Test Loss: 0.3664151
Validation loss decreased (0.631493 --> 0.630278).  Saving model ...
Updating learning rate to 2.6924026479389104e-05
	iters: 100, epoch: 14 | loss: 0.3119058
	speed: 0.1355s/iter; left time: 3098.7493s
	iters: 200, epoch: 14 | loss: 0.3192679
	speed: 0.0527s/iter; left time: 1199.8759s
Epoch: 14 cost time: 13.871503114700317
Epoch: 14, Steps: 264 | Train Loss: 0.3072764 Vali Loss: 0.6412158 Test Loss: 0.3673617
EarlyStopping counter: 1 out of 20
Updating learning rate to 3.0212909792590238e-05
	iters: 100, epoch: 15 | loss: 0.2999791
	speed: 0.1252s/iter; left time: 2830.4744s
	iters: 200, epoch: 15 | loss: 0.2751267
	speed: 0.0528s/iter; left time: 1187.7668s
Epoch: 15 cost time: 13.927908420562744
Epoch: 15, Steps: 264 | Train Loss: 0.3022615 Vali Loss: 0.6365500 Test Loss: 0.3670174
EarlyStopping counter: 2 out of 20
Updating learning rate to 3.363614319266957e-05
	iters: 100, epoch: 16 | loss: 0.2926529
	speed: 0.1250s/iter; left time: 2793.2570s
	iters: 200, epoch: 16 | loss: 0.3007094
	speed: 0.0528s/iter; left time: 1175.3512s
Epoch: 16 cost time: 13.943727970123291
Epoch: 16, Steps: 264 | Train Loss: 0.2968519 Vali Loss: 0.6412618 Test Loss: 0.3689688
EarlyStopping counter: 3 out of 20
Updating learning rate to 3.7172617311633196e-05
	iters: 100, epoch: 17 | loss: 0.2694094
	speed: 0.1249s/iter; left time: 2756.6072s
	iters: 200, epoch: 17 | loss: 0.2774174
	speed: 0.0528s/iter; left time: 1160.7859s
Epoch: 17 cost time: 13.94174313545227
Epoch: 17, Steps: 264 | Train Loss: 0.2914114 Vali Loss: 0.6517918 Test Loss: 0.3693324
EarlyStopping counter: 4 out of 20
Updating learning rate to 4.0800524482619576e-05
	iters: 100, epoch: 18 | loss: 0.2902389
	speed: 0.1249s/iter; left time: 2723.5692s
	iters: 200, epoch: 18 | loss: 0.2915666
	speed: 0.0529s/iter; left time: 1149.2206s
Epoch: 18 cost time: 13.951446294784546
Epoch: 18, Steps: 264 | Train Loss: 0.2858454 Vali Loss: 0.6625500 Test Loss: 0.3722770
EarlyStopping counter: 5 out of 20
Updating learning rate to 4.449749321687241e-05
	iters: 100, epoch: 19 | loss: 0.2918043
	speed: 0.1250s/iter; left time: 2693.1184s
	iters: 200, epoch: 19 | loss: 0.2738981
	speed: 0.0529s/iter; left time: 1134.7944s
Epoch: 19 cost time: 13.944932699203491
Epoch: 19, Steps: 264 | Train Loss: 0.2802335 Vali Loss: 0.6640765 Test Loss: 0.3749598
EarlyStopping counter: 6 out of 20
Updating learning rate to 4.824072615752094e-05
	iters: 100, epoch: 20 | loss: 0.2733805
	speed: 0.1249s/iter; left time: 2658.4937s
	iters: 200, epoch: 20 | loss: 0.2553027
	speed: 0.0529s/iter; left time: 1120.4003s
Epoch: 20 cost time: 13.959563493728638
Epoch: 20, Steps: 264 | Train Loss: 0.2741321 Vali Loss: 0.6766869 Test Loss: 0.3775544
EarlyStopping counter: 7 out of 20
Updating learning rate to 5.200714065947608e-05
	iters: 100, epoch: 21 | loss: 0.2550951
	speed: 0.1250s/iter; left time: 2627.2449s
	iters: 200, epoch: 21 | loss: 0.2779685
	speed: 0.0529s/iter; left time: 1105.7330s
Epoch: 21 cost time: 13.949721813201904
Epoch: 21, Steps: 264 | Train Loss: 0.2680358 Vali Loss: 0.6801588 Test Loss: 0.3813039
EarlyStopping counter: 8 out of 20
Updating learning rate to 5.577351112855618e-05
	iters: 100, epoch: 22 | loss: 0.2643167
	speed: 0.1246s/iter; left time: 2587.2933s
	iters: 200, epoch: 22 | loss: 0.2648125
	speed: 0.0529s/iter; left time: 1091.9912s
Epoch: 22 cost time: 13.936463117599487
Epoch: 22, Steps: 264 | Train Loss: 0.2612930 Vali Loss: 0.6914358 Test Loss: 0.3854838
EarlyStopping counter: 9 out of 20
Updating learning rate to 5.951661224210828e-05
	iters: 100, epoch: 23 | loss: 0.2593686
	speed: 0.1251s/iter; left time: 2563.5294s
	iters: 200, epoch: 23 | loss: 0.2364251
	speed: 0.0529s/iter; left time: 1078.2542s
Epoch: 23 cost time: 13.938401460647583
Epoch: 23, Steps: 264 | Train Loss: 0.2545312 Vali Loss: 0.7033300 Test Loss: 0.3922081
EarlyStopping counter: 10 out of 20
Updating learning rate to 6.321336216795497e-05
	iters: 100, epoch: 24 | loss: 0.2381545
	speed: 0.1248s/iter; left time: 2524.0086s
	iters: 200, epoch: 24 | loss: 0.2480126
	speed: 0.0528s/iter; left time: 1062.4020s
Epoch: 24 cost time: 13.933683395385742
Epoch: 24, Steps: 264 | Train Loss: 0.2472621 Vali Loss: 0.7169318 Test Loss: 0.3939198
EarlyStopping counter: 11 out of 20
Updating learning rate to 6.684096489850761e-05
	iters: 100, epoch: 25 | loss: 0.2465958
	speed: 0.1247s/iter; left time: 2490.4514s
	iters: 200, epoch: 25 | loss: 0.2476577
	speed: 0.0529s/iter; left time: 1051.2888s
Epoch: 25 cost time: 13.950773239135742
Epoch: 25, Steps: 264 | Train Loss: 0.2397884 Vali Loss: 0.7285776 Test Loss: 0.3986696
EarlyStopping counter: 12 out of 20
Updating learning rate to 7.03770508223417e-05
	iters: 100, epoch: 26 | loss: 0.2237703
	speed: 0.1249s/iter; left time: 2461.2005s
	iters: 200, epoch: 26 | loss: 0.2380013
	speed: 0.0530s/iter; left time: 1039.4588s
Epoch: 26 cost time: 13.961564540863037
Epoch: 26, Steps: 264 | Train Loss: 0.2320997 Vali Loss: 0.7354043 Test Loss: 0.4084919
EarlyStopping counter: 13 out of 20
Updating learning rate to 7.379981466640088e-05
	iters: 100, epoch: 27 | loss: 0.2238214
	speed: 0.1249s/iter; left time: 2426.7685s
	iters: 200, epoch: 27 | loss: 0.2188403
	speed: 0.0530s/iter; left time: 1024.2881s
Epoch: 27 cost time: 13.97018313407898
Epoch: 27, Steps: 264 | Train Loss: 0.2245021 Vali Loss: 0.7280442 Test Loss: 0.4119241
EarlyStopping counter: 14 out of 20
Updating learning rate to 7.708814995820833e-05
	iters: 100, epoch: 28 | loss: 0.2063334
	speed: 0.1250s/iter; left time: 2397.1546s
	iters: 200, epoch: 28 | loss: 0.2389666
	speed: 0.0530s/iter; left time: 1009.9855s
Epoch: 28 cost time: 13.971141815185547
Epoch: 28, Steps: 264 | Train Loss: 0.2172191 Vali Loss: 0.7467465 Test Loss: 0.4185824
EarlyStopping counter: 15 out of 20
Updating learning rate to 8.022177917892456e-05
	iters: 100, epoch: 29 | loss: 0.2093679
	speed: 0.1251s/iter; left time: 2366.3084s
	iters: 200, epoch: 29 | loss: 0.2054905
	speed: 0.0532s/iter; left time: 1001.2288s
Epoch: 29 cost time: 14.002194166183472
Epoch: 29, Steps: 264 | Train Loss: 0.2093442 Vali Loss: 0.7457972 Test Loss: 0.4206784
EarlyStopping counter: 16 out of 20
Updating learning rate to 8.318137880466269e-05
	iters: 100, epoch: 30 | loss: 0.1864157
	speed: 0.1257s/iter; left time: 2344.4479s
	iters: 200, epoch: 30 | loss: 0.2105903
	speed: 0.0530s/iter; left time: 982.8205s
Epoch: 30 cost time: 13.986852169036865
Epoch: 30, Steps: 264 | Train Loss: 0.2020757 Vali Loss: 0.7747045 Test Loss: 0.4285719
EarlyStopping counter: 17 out of 20
Updating learning rate to 8.594869846499432e-05
	iters: 100, epoch: 31 | loss: 0.1969448
	speed: 0.1253s/iter; left time: 2302.3084s
	iters: 200, epoch: 31 | loss: 0.1839547
	speed: 0.0529s/iter; left time: 967.6017s
Epoch: 31 cost time: 13.977250814437866
Epoch: 31, Steps: 264 | Train Loss: 0.1948601 Vali Loss: 0.7714771 Test Loss: 0.4343359
EarlyStopping counter: 18 out of 20
Updating learning rate to 8.85066734838546e-05
	iters: 100, epoch: 32 | loss: 0.1874481
	speed: 0.1251s/iter; left time: 2266.7699s
	iters: 200, epoch: 32 | loss: 0.1914912
	speed: 0.0530s/iter; left time: 955.2194s
Epoch: 32 cost time: 13.989785432815552
Epoch: 32, Steps: 264 | Train Loss: 0.1882226 Vali Loss: 0.7822239 Test Loss: 0.4362974
EarlyStopping counter: 19 out of 20
Updating learning rate to 9.083953010886336e-05
	iters: 100, epoch: 33 | loss: 0.1818485
	speed: 0.1256s/iter; left time: 2241.5051s
	iters: 200, epoch: 33 | loss: 0.1712520
	speed: 0.0530s/iter; left time: 940.4907s
Epoch: 33 cost time: 13.956265449523926
Epoch: 33, Steps: 264 | Train Loss: 0.1813063 Vali Loss: 0.7834299 Test Loss: 0.4439049
EarlyStopping counter: 20 out of 20
Early stopping
>>>>>>>testing : NL_ettm1_cms_lr0.0001_always_336_336_PatchTST_ETTm1_ftM_sl336_ll48_pl336_dm128_nh16_el3_dl1_df256_fc1_ebtimeF_dtTruelr0.0001_pol_always_Nested_Learning_0<<<<<<<<<<<<<<<<<<<<<<<<<<<<<<<<<
test 11185
 Ejecutando Inferencia DINÁMICA (Nested Learning con cms)
  -> Política: always | LR: 0.0001 | Target: head

RESUMEN: El CMS se actualizó 87 veces de 87 posibles.

mse:0.3671933114528656, mae:0.39288878440856934, rse:0.5765591859817505
Args in experiment:
Namespace(random_seed=2021, is_training=1, model_id='NL_ettm1_cms_lr0.0001_always_336_720', model='PatchTST', data='ETTm1', root_path='./dataset/', data_path='ETTm1.csv', features='M', target='OT', freq='h', checkpoints='./checkpoints/', seq_len=336, label_len=48, pred_len=720, head_type='cms', cms_lr=0.0001, update_policy='always', fc_dropout=0.2, head_dropout=0.0, patch_len=16, stride=8, padding_patch='end', revin=1, affine=0, subtract_last=0, decomposition=0, kernel_size=25, individual=1, embed_type=0, enc_in=7, dec_in=7, c_out=7, d_model=128, n_heads=16, e_layers=3, d_layers=1, d_ff=256, moving_avg=25, factor=1, distil=True, dropout=0.2, embed='timeF', activation='gelu', output_attention=False, do_predict=False, num_workers=0, itr=1, train_epochs=100, batch_size=128, patience=20, learning_rate=0.0001, des='Nested_Learning', loss='mse', lradj='TST', pct_start=0.4, use_amp=False, use_gpu=True, gpu=0, use_multi_gpu=False, devices='0,1,2,3', test_flop=False)
Use GPU: cuda:0
>>>>>>>start training : NL_ettm1_cms_lr0.0001_always_336_720_PatchTST_ETTm1_ftM_sl336_ll48_pl720_dm128_nh16_el3_dl1_df256_fc1_ebtimeF_dtTruelr0.0001_pol_always_Nested_Learning_0>>>>>>>>>>>>>>>>>>>>>>>>>>
train 33505
val 10801
test 10801
	iters: 100, epoch: 1 | loss: 0.5584736
	speed: 0.1953s/iter; left time: 5079.1350s
	iters: 200, epoch: 1 | loss: 0.5252224
	speed: 0.0555s/iter; left time: 1436.5345s
Epoch: 1 cost time: 14.791294813156128
Epoch: 1, Steps: 261 | Train Loss: 0.5538153 Vali Loss: 1.0158937 Test Loss: 0.4920166
Validation loss decreased (inf --> 1.015894).  Saving model ...
Updating learning rate to 4.147996316662011e-06
	iters: 100, epoch: 2 | loss: 0.4597001
	speed: 0.1578s/iter; left time: 4062.3398s
	iters: 200, epoch: 2 | loss: 0.4504308
	speed: 0.0574s/iter; left time: 1471.5107s
Epoch: 2 cost time: 14.768109321594238
Epoch: 2, Steps: 261 | Train Loss: 0.4647436 Vali Loss: 0.9770387 Test Loss: 0.4587010
Validation loss decreased (1.015894 --> 0.977039).  Saving model ...
Updating learning rate to 4.591072645408634e-06
	iters: 100, epoch: 3 | loss: 0.4782203
	speed: 0.1658s/iter; left time: 4225.1039s
	iters: 200, epoch: 3 | loss: 0.4482921
	speed: 0.0562s/iter; left time: 1426.6744s
Epoch: 3 cost time: 14.6757652759552
Epoch: 3, Steps: 261 | Train Loss: 0.4392467 Vali Loss: 0.9648669 Test Loss: 0.4452423
Validation loss decreased (0.977039 --> 0.964867).  Saving model ...
Updating learning rate to 5.326496750212602e-06
	iters: 100, epoch: 4 | loss: 0.4284220
	speed: 0.1868s/iter; left time: 4710.8126s
	iters: 200, epoch: 4 | loss: 0.4822168
	speed: 0.0561s/iter; left time: 1408.7229s
Epoch: 4 cost time: 14.743377208709717
Epoch: 4, Steps: 261 | Train Loss: 0.4260424 Vali Loss: 0.9595382 Test Loss: 0.4391602
Validation loss decreased (0.964867 --> 0.959538).  Saving model ...
Updating learning rate to 6.349733628628268e-06
	iters: 100, epoch: 5 | loss: 0.4293655
	speed: 0.1555s/iter; left time: 3879.7157s
	iters: 200, epoch: 5 | loss: 0.3935892
	speed: 0.0552s/iter; left time: 1371.2808s
Epoch: 5 cost time: 14.471967935562134
Epoch: 5, Steps: 261 | Train Loss: 0.4179706 Vali Loss: 0.9568637 Test Loss: 0.4335731
Validation loss decreased (0.959538 --> 0.956864).  Saving model ...
Updating learning rate to 7.654473476944045e-06
	iters: 100, epoch: 6 | loss: 0.4167011
	speed: 0.1618s/iter; left time: 3995.3664s
	iters: 200, epoch: 6 | loss: 0.3878572
	speed: 0.0563s/iter; left time: 1384.6970s
Epoch: 6 cost time: 14.438442468643188
Epoch: 6, Steps: 261 | Train Loss: 0.4121197 Vali Loss: 0.9554136 Test Loss: 0.4318551
Validation loss decreased (0.956864 --> 0.955414).  Saving model ...
Updating learning rate to 9.232670599670218e-06
	iters: 100, epoch: 7 | loss: 0.3966980
	speed: 0.1514s/iter; left time: 3700.2573s
	iters: 200, epoch: 7 | loss: 0.3941586
	speed: 0.0550s/iter; left time: 1338.5959s
Epoch: 7 cost time: 14.356738805770874
Epoch: 7, Steps: 261 | Train Loss: 0.4073774 Vali Loss: 0.9480620 Test Loss: 0.4295044
Validation loss decreased (0.955414 --> 0.948062).  Saving model ...
Updating learning rate to 1.1074593023426382e-05
	iters: 100, epoch: 8 | loss: 0.3833860
	speed: 0.1510s/iter; left time: 3649.7554s
	iters: 200, epoch: 8 | loss: 0.4198504
	speed: 0.0550s/iter; left time: 1324.9454s
Epoch: 8 cost time: 14.332839012145996
Epoch: 8, Steps: 261 | Train Loss: 0.4031032 Vali Loss: 0.9503314 Test Loss: 0.4258652
EarlyStopping counter: 1 out of 20
Updating learning rate to 1.3168882509283648e-05
	iters: 100, epoch: 9 | loss: 0.4036915
	speed: 0.1312s/iter; left time: 3138.0592s
	iters: 200, epoch: 9 | loss: 0.3823891
	speed: 0.0553s/iter; left time: 1315.8315s
Epoch: 9 cost time: 14.40068769454956
Epoch: 9, Steps: 261 | Train Loss: 0.3989837 Vali Loss: 0.9404444 Test Loss: 0.4252240
Validation loss decreased (0.948062 --> 0.940444).  Saving model ...
Updating learning rate to 1.5502624593494887e-05
	iters: 100, epoch: 10 | loss: 0.3991271
	speed: 0.1624s/iter; left time: 3840.2581s
	iters: 200, epoch: 10 | loss: 0.3649690
	speed: 0.0551s/iter; left time: 1296.9500s
Epoch: 10 cost time: 14.319146871566772
Epoch: 10, Steps: 261 | Train Loss: 0.3941317 Vali Loss: 0.9414432 Test Loss: 0.4206678
EarlyStopping counter: 1 out of 20
Updating learning rate to 1.806142822470586e-05
	iters: 100, epoch: 11 | loss: 0.4010498
	speed: 0.1297s/iter; left time: 3034.9745s
	iters: 200, epoch: 11 | loss: 0.3923176
	speed: 0.0557s/iter; left time: 1296.8741s
Epoch: 11 cost time: 14.51983380317688
Epoch: 11, Steps: 261 | Train Loss: 0.3882352 Vali Loss: 0.9303290 Test Loss: 0.4192155
Validation loss decreased (0.940444 --> 0.930329).  Saving model ...
Updating learning rate to 2.0829514506563195e-05
	iters: 100, epoch: 12 | loss: 0.4112210
	speed: 0.1575s/iter; left time: 3643.8077s
	iters: 200, epoch: 12 | loss: 0.3224392
	speed: 0.0562s/iter; left time: 1293.2482s
Epoch: 12 cost time: 14.641010522842407
Epoch: 12, Steps: 261 | Train Loss: 0.3820294 Vali Loss: 0.9258925 Test Loss: 0.4201786
Validation loss decreased (0.930329 --> 0.925893).  Saving model ...
Updating learning rate to 2.3789813998487008e-05
	iters: 100, epoch: 13 | loss: 0.3960258
	speed: 0.1584s/iter; left time: 3622.9263s
	iters: 200, epoch: 13 | loss: 0.3723622
	speed: 0.0560s/iter; left time: 1275.8346s
Epoch: 13 cost time: 14.61493706703186
Epoch: 13, Steps: 261 | Train Loss: 0.3760712 Vali Loss: 0.9304477 Test Loss: 0.4223107
EarlyStopping counter: 1 out of 20
Updating learning rate to 2.6924071974601397e-05
	iters: 100, epoch: 14 | loss: 0.4041665
	speed: 0.1328s/iter; left time: 3003.1868s
	iters: 200, epoch: 14 | loss: 0.3424625
	speed: 0.0564s/iter; left time: 1269.3577s
Epoch: 14 cost time: 14.701043605804443
Epoch: 14, Steps: 261 | Train Loss: 0.3699402 Vali Loss: 0.9388150 Test Loss: 0.4249924
EarlyStopping counter: 2 out of 20
Updating learning rate to 3.0212960991742456e-05
	iters: 100, epoch: 15 | loss: 0.3503396
	speed: 0.1324s/iter; left time: 2958.0401s
	iters: 200, epoch: 15 | loss: 0.3546668
	speed: 0.0564s/iter; left time: 1255.2394s
Epoch: 15 cost time: 14.724303007125854
Epoch: 15, Steps: 261 | Train Loss: 0.3640542 Vali Loss: 0.9470292 Test Loss: 0.4272247
EarlyStopping counter: 3 out of 20
Updating learning rate to 3.363620007239161e-05
	iters: 100, epoch: 16 | loss: 0.3526863
	speed: 0.1318s/iter; left time: 2911.8131s
	iters: 200, epoch: 16 | loss: 0.3555794
	speed: 0.0564s/iter; left time: 1240.2100s
Epoch: 16 cost time: 14.696269035339355
Epoch: 16, Steps: 261 | Train Loss: 0.3571279 Vali Loss: 0.9536750 Test Loss: 0.4323940
EarlyStopping counter: 4 out of 20
Updating learning rate to 3.717267976759092e-05
	iters: 100, epoch: 17 | loss: 0.3673701
	speed: 0.1322s/iter; left time: 2884.5967s
	iters: 200, epoch: 17 | loss: 0.3482123
	speed: 0.0564s/iter; left time: 1226.1887s
Epoch: 17 cost time: 14.708767175674438
Epoch: 17, Steps: 261 | Train Loss: 0.3502058 Vali Loss: 0.9663825 Test Loss: 0.4362479
EarlyStopping counter: 5 out of 20
Updating learning rate to 4.0800592328638756e-05
	iters: 100, epoch: 18 | loss: 0.3354193
	speed: 0.1315s/iter; left time: 2835.5367s
	iters: 200, epoch: 18 | loss: 0.3303308
	speed: 0.0564s/iter; left time: 1211.0145s
Epoch: 18 cost time: 14.707442998886108
Epoch: 18, Steps: 261 | Train Loss: 0.3425968 Vali Loss: 0.9819567 Test Loss: 0.4377693
EarlyStopping counter: 6 out of 20
Updating learning rate to 4.449756618485984e-05
	iters: 100, epoch: 19 | loss: 0.3184577
	speed: 0.1319s/iter; left time: 2810.2225s
	iters: 200, epoch: 19 | loss: 0.3494824
	speed: 0.0564s/iter; left time: 1194.8009s
Epoch: 19 cost time: 14.707743406295776
Epoch: 19, Steps: 261 | Train Loss: 0.3347539 Vali Loss: 0.9933438 Test Loss: 0.4390360
EarlyStopping counter: 7 out of 20
Updating learning rate to 4.824080389819096e-05
	iters: 100, epoch: 20 | loss: 0.3189209
	speed: 0.1317s/iter; left time: 2771.0445s
	iters: 200, epoch: 20 | loss: 0.3287152
	speed: 0.0564s/iter; left time: 1180.1737s
Epoch: 20 cost time: 14.694536924362183
Epoch: 20, Steps: 261 | Train Loss: 0.3263228 Vali Loss: 1.0077616 Test Loss: 0.4423374
EarlyStopping counter: 8 out of 20
Updating learning rate to 5.2007222743883666e-05
	iters: 100, epoch: 21 | loss: 0.3385350
	speed: 0.1321s/iter; left time: 2744.3772s
	iters: 200, epoch: 21 | loss: 0.3041370
	speed: 0.0564s/iter; left time: 1166.0064s
Epoch: 21 cost time: 14.712883710861206
Epoch: 21, Steps: 261 | Train Loss: 0.3180039 Vali Loss: 1.0164410 Test Loss: 0.4462003
EarlyStopping counter: 9 out of 20
Updating learning rate to 5.577359705043091e-05
	iters: 100, epoch: 22 | loss: 0.3023901
	speed: 0.1321s/iter; left time: 2709.8704s
	iters: 200, epoch: 22 | loss: 0.2928305
	speed: 0.0566s/iter; left time: 1155.1433s
Epoch: 22 cost time: 16.778228282928467
Epoch: 22, Steps: 261 | Train Loss: 0.3093568 Vali Loss: 1.0263280 Test Loss: 0.4504766
EarlyStopping counter: 10 out of 20
Updating learning rate to 5.951670142097692e-05
	iters: 100, epoch: 23 | loss: 0.2902444
	speed: 0.1504s/iter; left time: 3047.8678s
	iters: 200, epoch: 23 | loss: 0.2722827
	speed: 0.0548s/iter; left time: 1105.1453s
Epoch: 23 cost time: 14.280717849731445
Epoch: 23, Steps: 261 | Train Loss: 0.3006877 Vali Loss: 1.0358759 Test Loss: 0.4538876
EarlyStopping counter: 11 out of 20
Updating learning rate to 6.321345395303321e-05
	iters: 100, epoch: 24 | loss: 0.3100519
	speed: 0.1301s/iter; left time: 2600.7905s
	iters: 200, epoch: 24 | loss: 0.2857510
	speed: 0.0564s/iter; left time: 1121.7877s
Epoch: 24 cost time: 14.686505317687988
Epoch: 24, Steps: 261 | Train Loss: 0.2914777 Vali Loss: 1.0577989 Test Loss: 0.4579983
EarlyStopping counter: 12 out of 20
Updating learning rate to 6.6841058573335e-05
	iters: 100, epoch: 25 | loss: 0.2725013
	speed: 0.1319s/iter; left time: 2604.1752s
	iters: 200, epoch: 25 | loss: 0.2621857
	speed: 0.0564s/iter; left time: 1108.1554s
Epoch: 25 cost time: 14.73034143447876
Epoch: 25, Steps: 261 | Train Loss: 0.2826725 Vali Loss: 1.0571991 Test Loss: 0.4610591
EarlyStopping counter: 13 out of 20
Updating learning rate to 7.037714561012768e-05
	iters: 100, epoch: 26 | loss: 0.2618116
	speed: 0.1317s/iter; left time: 2564.9864s
	iters: 200, epoch: 26 | loss: 0.2680659
	speed: 0.0564s/iter; left time: 1092.3980s
Epoch: 26 cost time: 14.700730800628662
Epoch: 26, Steps: 261 | Train Loss: 0.2744285 Vali Loss: 1.0575200 Test Loss: 0.4622176
EarlyStopping counter: 14 out of 20
Updating learning rate to 7.379990973604285e-05
	iters: 100, epoch: 27 | loss: 0.2682950
	speed: 0.1314s/iter; left time: 2525.6433s
	iters: 200, epoch: 27 | loss: 0.2711217
	speed: 0.0563s/iter; left time: 1076.9827s
Epoch: 27 cost time: 14.682378053665161
Epoch: 27, Steps: 261 | Train Loss: 0.2656338 Vali Loss: 1.0716542 Test Loss: 0.4710818
EarlyStopping counter: 15 out of 20
Updating learning rate to 7.708824443093723e-05
	iters: 100, epoch: 28 | loss: 0.2460077
	speed: 0.1312s/iter; left time: 2486.2673s
	iters: 200, epoch: 28 | loss: 0.2589510
	speed: 0.0564s/iter; left time: 1063.1712s
Epoch: 28 cost time: 14.691269874572754
Epoch: 28, Steps: 261 | Train Loss: 0.2575822 Vali Loss: 1.0948900 Test Loss: 0.4730478
EarlyStopping counter: 16 out of 20
Updating learning rate to 8.022187213552767e-05
	iters: 100, epoch: 29 | loss: 0.2497999
	speed: 0.1314s/iter; left time: 2456.0869s
	iters: 200, epoch: 29 | loss: 0.2453912
	speed: 0.0563s/iter; left time: 1046.8935s
Epoch: 29 cost time: 14.686659097671509
Epoch: 29, Steps: 261 | Train Loss: 0.2497206 Vali Loss: 1.0852964 Test Loss: 0.4779664
EarlyStopping counter: 17 out of 20
Updating learning rate to 8.318146929322795e-05
	iters: 100, epoch: 30 | loss: 0.2316890
	speed: 0.1318s/iter; left time: 2428.4194s
	iters: 200, epoch: 30 | loss: 0.2317931
	speed: 0.0564s/iter; left time: 1033.3183s
Epoch: 30 cost time: 14.689293622970581
Epoch: 30, Steps: 261 | Train Loss: 0.2418673 Vali Loss: 1.0912408 Test Loss: 0.4827079
EarlyStopping counter: 18 out of 20
Updating learning rate to 8.59487855091154e-05
	iters: 100, epoch: 31 | loss: 0.2462329
	speed: 0.1315s/iter; left time: 2389.7963s
	iters: 200, epoch: 31 | loss: 0.2247920
	speed: 0.0563s/iter; left time: 1016.7475s
Epoch: 31 cost time: 14.68147873878479
Epoch: 31, Steps: 261 | Train Loss: 0.2342226 Vali Loss: 1.0861584 Test Loss: 0.4893491
EarlyStopping counter: 19 out of 20
Updating learning rate to 8.850675609123214e-05
	iters: 100, epoch: 32 | loss: 0.2243685
	speed: 0.1312s/iter; left time: 2349.5851s
	iters: 200, epoch: 32 | loss: 0.2181303
	speed: 0.0562s/iter; left time: 1000.8591s
Epoch: 32 cost time: 14.655472040176392
Epoch: 32, Steps: 261 | Train Loss: 0.2273993 Vali Loss: 1.1059407 Test Loss: 0.4949261
EarlyStopping counter: 20 out of 20
Early stopping
>>>>>>>testing : NL_ettm1_cms_lr0.0001_always_336_720_PatchTST_ETTm1_ftM_sl336_ll48_pl720_dm128_nh16_el3_dl1_df256_fc1_ebtimeF_dtTruelr0.0001_pol_always_Nested_Learning_0<<<<<<<<<<<<<<<<<<<<<<<<<<<<<<<<<
test 10801
 Ejecutando Inferencia DINÁMICA (Nested Learning con cms)
  -> Política: always | LR: 0.0001 | Target: head

RESUMEN: El CMS se actualizó 84 veces de 84 posibles.

mse:0.42557281255722046, mae:0.42707350850105286, rse:0.6205459237098694
