==========================================================
SÚPER ARRAY TFG - TAREA ID: 9 / 113
Nodo: dionisio
Dataset: etth1 | Experimento: NL_etth1_cms_lr0.001_always
Cabeza: cms | LR: 0.001 | Política: always
==========================================================
Args in experiment:
Namespace(random_seed=2021, is_training=1, model_id='NL_etth1_cms_lr0.001_always_336_96', model='PatchTST', data='ETTh1', root_path='./dataset/', data_path='ETTh1.csv', features='M', target='OT', freq='h', checkpoints='./checkpoints/', seq_len=336, label_len=48, pred_len=96, head_type='cms', cms_lr=0.001, update_policy='always', fc_dropout=0.3, head_dropout=0.0, patch_len=16, stride=8, padding_patch='end', revin=1, affine=0, subtract_last=0, decomposition=0, kernel_size=25, individual=1, embed_type=0, enc_in=7, dec_in=7, c_out=7, d_model=16, n_heads=4, e_layers=3, d_layers=1, d_ff=128, moving_avg=25, factor=1, distil=True, dropout=0.3, embed='timeF', activation='gelu', output_attention=False, do_predict=False, num_workers=0, itr=1, train_epochs=100, batch_size=128, patience=100, learning_rate=0.0001, des='Nested_Learning', loss='mse', lradj='type3', pct_start=0.3, use_amp=False, use_gpu=True, gpu=0, use_multi_gpu=False, devices='0,1,2,3', test_flop=False)
Use GPU: cuda:0
>>>>>>>start training : NL_etth1_cms_lr0.001_always_336_96_PatchTST_ETTh1_ftM_sl336_ll48_pl96_dm16_nh4_el3_dl1_df128_fc1_ebtimeF_dtTruelr0.001_pol_always_Nested_Learning_0>>>>>>>>>>>>>>>>>>>>>>>>>>
train 8209
val 2785
test 2785
Epoch: 1 cost time: 2.6371212005615234
Epoch: 1, Steps: 64 | Train Loss: 0.7310058 Vali Loss: 1.4352343 Test Loss: 0.7955957
Validation loss decreased (inf --> 1.435234).  Saving model ...
Updating learning rate to 0.0001
Epoch: 2 cost time: 1.2774136066436768
Epoch: 2, Steps: 64 | Train Loss: 0.5567797 Vali Loss: 0.8876872 Test Loss: 0.4869670
Validation loss decreased (1.435234 --> 0.887687).  Saving model ...
Updating learning rate to 0.0001
Epoch: 3 cost time: 1.2955899238586426
Epoch: 3, Steps: 64 | Train Loss: 0.4367366 Vali Loss: 0.7962632 Test Loss: 0.4424882
Validation loss decreased (0.887687 --> 0.796263).  Saving model ...
Updating learning rate to 0.0001
Epoch: 4 cost time: 1.460615873336792
Epoch: 4, Steps: 64 | Train Loss: 0.3969987 Vali Loss: 0.7613722 Test Loss: 0.4235151
Validation loss decreased (0.796263 --> 0.761372).  Saving model ...
Updating learning rate to 9e-05
Epoch: 5 cost time: 1.2744848728179932
Epoch: 5, Steps: 64 | Train Loss: 0.3750157 Vali Loss: 0.7472738 Test Loss: 0.4113326
Validation loss decreased (0.761372 --> 0.747274).  Saving model ...
Updating learning rate to 8.1e-05
Epoch: 6 cost time: 1.2593114376068115
Epoch: 6, Steps: 64 | Train Loss: 0.3621710 Vali Loss: 0.7479897 Test Loss: 0.4039771
EarlyStopping counter: 1 out of 100
Updating learning rate to 7.290000000000001e-05
Epoch: 7 cost time: 1.2978265285491943
Epoch: 7, Steps: 64 | Train Loss: 0.3535108 Vali Loss: 0.7384950 Test Loss: 0.3990919
Validation loss decreased (0.747274 --> 0.738495).  Saving model ...
Updating learning rate to 6.561e-05
Epoch: 8 cost time: 1.2693536281585693
Epoch: 8, Steps: 64 | Train Loss: 0.3469533 Vali Loss: 0.7348474 Test Loss: 0.3958606
Validation loss decreased (0.738495 --> 0.734847).  Saving model ...
Updating learning rate to 5.904900000000001e-05
Epoch: 9 cost time: 1.2696852684020996
Epoch: 9, Steps: 64 | Train Loss: 0.3422875 Vali Loss: 0.7333419 Test Loss: 0.3935092
Validation loss decreased (0.734847 --> 0.733342).  Saving model ...
Updating learning rate to 5.3144100000000005e-05
Epoch: 10 cost time: 1.2724602222442627
Epoch: 10, Steps: 64 | Train Loss: 0.3382299 Vali Loss: 0.7334370 Test Loss: 0.3915723
EarlyStopping counter: 1 out of 100
Updating learning rate to 4.782969000000001e-05
Epoch: 11 cost time: 1.2667834758758545
Epoch: 11, Steps: 64 | Train Loss: 0.3348209 Vali Loss: 0.7265424 Test Loss: 0.3898019
Validation loss decreased (0.733342 --> 0.726542).  Saving model ...
Updating learning rate to 4.304672100000001e-05
Epoch: 12 cost time: 1.2651731967926025
Epoch: 12, Steps: 64 | Train Loss: 0.3324208 Vali Loss: 0.7298577 Test Loss: 0.3891972
EarlyStopping counter: 1 out of 100
Updating learning rate to 3.874204890000001e-05
Epoch: 13 cost time: 1.2697951793670654
Epoch: 13, Steps: 64 | Train Loss: 0.3295643 Vali Loss: 0.7304562 Test Loss: 0.3881049
EarlyStopping counter: 2 out of 100
Updating learning rate to 3.486784401000001e-05
Epoch: 14 cost time: 1.2484533786773682
Epoch: 14, Steps: 64 | Train Loss: 0.3280102 Vali Loss: 0.7325301 Test Loss: 0.3878818
EarlyStopping counter: 3 out of 100
Updating learning rate to 3.138105960900001e-05
Epoch: 15 cost time: 1.2525286674499512
Epoch: 15, Steps: 64 | Train Loss: 0.3256475 Vali Loss: 0.7318387 Test Loss: 0.3871640
EarlyStopping counter: 4 out of 100
Updating learning rate to 2.824295364810001e-05
Epoch: 16 cost time: 1.2467501163482666
Epoch: 16, Steps: 64 | Train Loss: 0.3247840 Vali Loss: 0.7344091 Test Loss: 0.3863766
EarlyStopping counter: 5 out of 100
Updating learning rate to 2.541865828329001e-05
Epoch: 17 cost time: 1.2625377178192139
Epoch: 17, Steps: 64 | Train Loss: 0.3233065 Vali Loss: 0.7319015 Test Loss: 0.3862280
EarlyStopping counter: 6 out of 100
Updating learning rate to 2.287679245496101e-05
Epoch: 18 cost time: 1.249528169631958
Epoch: 18, Steps: 64 | Train Loss: 0.3223277 Vali Loss: 0.7325217 Test Loss: 0.3857831
EarlyStopping counter: 7 out of 100
Updating learning rate to 2.0589113209464907e-05
Epoch: 19 cost time: 1.2527225017547607
Epoch: 19, Steps: 64 | Train Loss: 0.3208968 Vali Loss: 0.7324672 Test Loss: 0.3854851
EarlyStopping counter: 8 out of 100
Updating learning rate to 1.8530201888518416e-05
Epoch: 20 cost time: 1.4016876220703125
Epoch: 20, Steps: 64 | Train Loss: 0.3203485 Vali Loss: 0.7302004 Test Loss: 0.3854905
EarlyStopping counter: 9 out of 100
Updating learning rate to 1.6677181699666577e-05
Epoch: 21 cost time: 1.3221001625061035
Epoch: 21, Steps: 64 | Train Loss: 0.3195552 Vali Loss: 0.7302612 Test Loss: 0.3851330
EarlyStopping counter: 10 out of 100
Updating learning rate to 1.5009463529699919e-05
Epoch: 22 cost time: 1.473142385482788
Epoch: 22, Steps: 64 | Train Loss: 0.3188457 Vali Loss: 0.7353798 Test Loss: 0.3849466
EarlyStopping counter: 11 out of 100
Updating learning rate to 1.3508517176729929e-05
Epoch: 23 cost time: 1.49338960647583
Epoch: 23, Steps: 64 | Train Loss: 0.3180242 Vali Loss: 0.7345014 Test Loss: 0.3850198
EarlyStopping counter: 12 out of 100
Updating learning rate to 1.2157665459056936e-05
Epoch: 24 cost time: 1.32220458984375
Epoch: 24, Steps: 64 | Train Loss: 0.3174233 Vali Loss: 0.7351077 Test Loss: 0.3847447
EarlyStopping counter: 13 out of 100
Updating learning rate to 1.0941898913151242e-05
Epoch: 25 cost time: 1.255383014678955
Epoch: 25, Steps: 64 | Train Loss: 0.3173310 Vali Loss: 0.7296419 Test Loss: 0.3845265
EarlyStopping counter: 14 out of 100
Updating learning rate to 9.847709021836118e-06
Epoch: 26 cost time: 1.2536399364471436
Epoch: 26, Steps: 64 | Train Loss: 0.3166207 Vali Loss: 0.7349893 Test Loss: 0.3846647
EarlyStopping counter: 15 out of 100
Updating learning rate to 8.862938119652508e-06
Epoch: 27 cost time: 1.267329216003418
Epoch: 27, Steps: 64 | Train Loss: 0.3163181 Vali Loss: 0.7351614 Test Loss: 0.3844806
EarlyStopping counter: 16 out of 100
Updating learning rate to 7.976644307687255e-06
Epoch: 28 cost time: 1.2617518901824951
Epoch: 28, Steps: 64 | Train Loss: 0.3157083 Vali Loss: 0.7380624 Test Loss: 0.3846006
EarlyStopping counter: 17 out of 100
Updating learning rate to 7.178979876918531e-06
Epoch: 29 cost time: 1.2564539909362793
Epoch: 29, Steps: 64 | Train Loss: 0.3155869 Vali Loss: 0.7344373 Test Loss: 0.3843831
EarlyStopping counter: 18 out of 100
Updating learning rate to 6.4610818892266776e-06
Epoch: 30 cost time: 1.2564337253570557
Epoch: 30, Steps: 64 | Train Loss: 0.3151629 Vali Loss: 0.7377729 Test Loss: 0.3843290
EarlyStopping counter: 19 out of 100
Updating learning rate to 5.8149737003040096e-06
Epoch: 31 cost time: 1.2663910388946533
Epoch: 31, Steps: 64 | Train Loss: 0.3149355 Vali Loss: 0.7372727 Test Loss: 0.3842856
EarlyStopping counter: 20 out of 100
Updating learning rate to 5.23347633027361e-06
Epoch: 32 cost time: 1.2649877071380615
Epoch: 32, Steps: 64 | Train Loss: 0.3150512 Vali Loss: 0.7350275 Test Loss: 0.3843583
EarlyStopping counter: 21 out of 100
Updating learning rate to 4.710128697246249e-06
Epoch: 33 cost time: 1.2574279308319092
Epoch: 33, Steps: 64 | Train Loss: 0.3145682 Vali Loss: 0.7406324 Test Loss: 0.3842882
EarlyStopping counter: 22 out of 100
Updating learning rate to 4.239115827521624e-06
Epoch: 34 cost time: 1.2710156440734863
Epoch: 34, Steps: 64 | Train Loss: 0.3140438 Vali Loss: 0.7374240 Test Loss: 0.3841767
EarlyStopping counter: 23 out of 100
Updating learning rate to 3.815204244769462e-06
Epoch: 35 cost time: 1.2507848739624023
Epoch: 35, Steps: 64 | Train Loss: 0.3143768 Vali Loss: 0.7361108 Test Loss: 0.3842072
EarlyStopping counter: 24 out of 100
Updating learning rate to 3.4336838202925152e-06
Epoch: 36 cost time: 1.2462959289550781
Epoch: 36, Steps: 64 | Train Loss: 0.3140443 Vali Loss: 0.7374153 Test Loss: 0.3840698
EarlyStopping counter: 25 out of 100
Updating learning rate to 3.090315438263264e-06
Epoch: 37 cost time: 1.2468373775482178
Epoch: 37, Steps: 64 | Train Loss: 0.3139261 Vali Loss: 0.7367713 Test Loss: 0.3840935
EarlyStopping counter: 26 out of 100
Updating learning rate to 2.7812838944369375e-06
Epoch: 38 cost time: 1.2503602504730225
Epoch: 38, Steps: 64 | Train Loss: 0.3137690 Vali Loss: 0.7391374 Test Loss: 0.3841119
EarlyStopping counter: 27 out of 100
Updating learning rate to 2.503155504993244e-06
Epoch: 39 cost time: 1.2592034339904785
Epoch: 39, Steps: 64 | Train Loss: 0.3139694 Vali Loss: 0.7347945 Test Loss: 0.3841659
EarlyStopping counter: 28 out of 100
Updating learning rate to 2.2528399544939195e-06
Epoch: 40 cost time: 1.257239580154419
Epoch: 40, Steps: 64 | Train Loss: 0.3134324 Vali Loss: 0.7372466 Test Loss: 0.3841034
EarlyStopping counter: 29 out of 100
Updating learning rate to 2.0275559590445276e-06
Epoch: 41 cost time: 1.2433795928955078
Epoch: 41, Steps: 64 | Train Loss: 0.3137570 Vali Loss: 0.7420824 Test Loss: 0.3840893
EarlyStopping counter: 30 out of 100
Updating learning rate to 1.8248003631400751e-06
Epoch: 42 cost time: 1.2477777004241943
Epoch: 42, Steps: 64 | Train Loss: 0.3132842 Vali Loss: 0.7356162 Test Loss: 0.3839930
EarlyStopping counter: 31 out of 100
Updating learning rate to 1.6423203268260676e-06
Epoch: 43 cost time: 1.2399842739105225
Epoch: 43, Steps: 64 | Train Loss: 0.3133461 Vali Loss: 0.7413169 Test Loss: 0.3841287
EarlyStopping counter: 32 out of 100
Updating learning rate to 1.4780882941434609e-06
Epoch: 44 cost time: 1.2481894493103027
Epoch: 44, Steps: 64 | Train Loss: 0.3132943 Vali Loss: 0.7312485 Test Loss: 0.3840679
EarlyStopping counter: 33 out of 100
Updating learning rate to 1.3302794647291146e-06
Epoch: 45 cost time: 1.2281439304351807
Epoch: 45, Steps: 64 | Train Loss: 0.3130137 Vali Loss: 0.7421872 Test Loss: 0.3839689
EarlyStopping counter: 34 out of 100
Updating learning rate to 1.1972515182562034e-06
Epoch: 46 cost time: 1.2225837707519531
Epoch: 46, Steps: 64 | Train Loss: 0.3126701 Vali Loss: 0.7362914 Test Loss: 0.3838888
EarlyStopping counter: 35 out of 100
Updating learning rate to 1.077526366430583e-06
Epoch: 47 cost time: 1.2313432693481445
Epoch: 47, Steps: 64 | Train Loss: 0.3132936 Vali Loss: 0.7363650 Test Loss: 0.3840515
EarlyStopping counter: 36 out of 100
Updating learning rate to 9.697737297875248e-07
Epoch: 48 cost time: 1.2325613498687744
Epoch: 48, Steps: 64 | Train Loss: 0.3129609 Vali Loss: 0.7362264 Test Loss: 0.3839047
EarlyStopping counter: 37 out of 100
Updating learning rate to 8.727963568087723e-07
Epoch: 49 cost time: 1.2486028671264648
Epoch: 49, Steps: 64 | Train Loss: 0.3130224 Vali Loss: 0.7338855 Test Loss: 0.3839760
EarlyStopping counter: 38 out of 100
Updating learning rate to 7.855167211278951e-07
Epoch: 50 cost time: 1.2386548519134521
Epoch: 50, Steps: 64 | Train Loss: 0.3127677 Vali Loss: 0.7372348 Test Loss: 0.3840891
EarlyStopping counter: 39 out of 100
Updating learning rate to 7.069650490151056e-07
Epoch: 51 cost time: 1.2435762882232666
Epoch: 51, Steps: 64 | Train Loss: 0.3130015 Vali Loss: 0.7348234 Test Loss: 0.3839602
EarlyStopping counter: 40 out of 100
Updating learning rate to 6.36268544113595e-07
Epoch: 52 cost time: 1.255556344985962
Epoch: 52, Steps: 64 | Train Loss: 0.3130599 Vali Loss: 0.7392179 Test Loss: 0.3840312
EarlyStopping counter: 41 out of 100
Updating learning rate to 5.726416897022355e-07
Epoch: 53 cost time: 1.2504146099090576
Epoch: 53, Steps: 64 | Train Loss: 0.3125600 Vali Loss: 0.7372572 Test Loss: 0.3839241
EarlyStopping counter: 42 out of 100
Updating learning rate to 5.15377520732012e-07
Epoch: 54 cost time: 1.3308873176574707
Epoch: 54, Steps: 64 | Train Loss: 0.3128275 Vali Loss: 0.7378753 Test Loss: 0.3840126
EarlyStopping counter: 43 out of 100
Updating learning rate to 4.6383976865881085e-07
Epoch: 55 cost time: 1.4398655891418457
Epoch: 55, Steps: 64 | Train Loss: 0.3127985 Vali Loss: 0.7393082 Test Loss: 0.3839783
EarlyStopping counter: 44 out of 100
Updating learning rate to 4.174557917929298e-07
Epoch: 56 cost time: 1.2565679550170898
Epoch: 56, Steps: 64 | Train Loss: 0.3128926 Vali Loss: 0.7407466 Test Loss: 0.3840201
EarlyStopping counter: 45 out of 100
Updating learning rate to 3.7571021261363677e-07
Epoch: 57 cost time: 1.2401437759399414
Epoch: 57, Steps: 64 | Train Loss: 0.3128356 Vali Loss: 0.7367538 Test Loss: 0.3839697
EarlyStopping counter: 46 out of 100
Updating learning rate to 3.381391913522731e-07
Epoch: 58 cost time: 1.2307603359222412
Epoch: 58, Steps: 64 | Train Loss: 0.3128661 Vali Loss: 0.7397841 Test Loss: 0.3839820
EarlyStopping counter: 47 out of 100
Updating learning rate to 3.043252722170458e-07
Epoch: 59 cost time: 1.2443392276763916
Epoch: 59, Steps: 64 | Train Loss: 0.3128072 Vali Loss: 0.7346604 Test Loss: 0.3837486
EarlyStopping counter: 48 out of 100
Updating learning rate to 2.7389274499534124e-07
Epoch: 60 cost time: 1.2585139274597168
Epoch: 60, Steps: 64 | Train Loss: 0.3127809 Vali Loss: 0.7369244 Test Loss: 0.3840691
EarlyStopping counter: 49 out of 100
Updating learning rate to 2.465034704958071e-07
Epoch: 61 cost time: 1.2579565048217773
Epoch: 61, Steps: 64 | Train Loss: 0.3127237 Vali Loss: 0.7369704 Test Loss: 0.3839750
EarlyStopping counter: 50 out of 100
Updating learning rate to 2.218531234462264e-07
Epoch: 62 cost time: 1.245140790939331
Epoch: 62, Steps: 64 | Train Loss: 0.3125719 Vali Loss: 0.7338804 Test Loss: 0.3839719
EarlyStopping counter: 51 out of 100
Updating learning rate to 1.9966781110160376e-07
Epoch: 63 cost time: 1.242171049118042
Epoch: 63, Steps: 64 | Train Loss: 0.3126937 Vali Loss: 0.7383606 Test Loss: 0.3838942
EarlyStopping counter: 52 out of 100
Updating learning rate to 1.797010299914434e-07
Epoch: 64 cost time: 1.2583460807800293
Epoch: 64, Steps: 64 | Train Loss: 0.3127656 Vali Loss: 0.7373983 Test Loss: 0.3839820
EarlyStopping counter: 53 out of 100
Updating learning rate to 1.6173092699229907e-07
Epoch: 65 cost time: 1.2536964416503906
Epoch: 65, Steps: 64 | Train Loss: 0.3127200 Vali Loss: 0.7397262 Test Loss: 0.3838678
EarlyStopping counter: 54 out of 100
Updating learning rate to 1.4555783429306916e-07
Epoch: 66 cost time: 1.2555899620056152
Epoch: 66, Steps: 64 | Train Loss: 0.3123708 Vali Loss: 0.7360384 Test Loss: 0.3838760
EarlyStopping counter: 55 out of 100
Updating learning rate to 1.3100205086376224e-07
Epoch: 67 cost time: 1.2517807483673096
Epoch: 67, Steps: 64 | Train Loss: 0.3127886 Vali Loss: 0.7328189 Test Loss: 0.3839259
EarlyStopping counter: 56 out of 100
Updating learning rate to 1.1790184577738603e-07
Epoch: 68 cost time: 1.2614812850952148
Epoch: 68, Steps: 64 | Train Loss: 0.3128295 Vali Loss: 0.7372181 Test Loss: 0.3839580
EarlyStopping counter: 57 out of 100
Updating learning rate to 1.0611166119964742e-07
Epoch: 69 cost time: 1.252277135848999
Epoch: 69, Steps: 64 | Train Loss: 0.3123179 Vali Loss: 0.7350926 Test Loss: 0.3839377
EarlyStopping counter: 58 out of 100
Updating learning rate to 9.550049507968268e-08
Epoch: 70 cost time: 1.2544348239898682
Epoch: 70, Steps: 64 | Train Loss: 0.3126510 Vali Loss: 0.7381883 Test Loss: 0.3839615
EarlyStopping counter: 59 out of 100
Updating learning rate to 8.595044557171442e-08
Epoch: 71 cost time: 1.2500295639038086
Epoch: 71, Steps: 64 | Train Loss: 0.3124377 Vali Loss: 0.7399121 Test Loss: 0.3838791
EarlyStopping counter: 60 out of 100
Updating learning rate to 7.735540101454298e-08
Epoch: 72 cost time: 1.2393982410430908
Epoch: 72, Steps: 64 | Train Loss: 0.3126787 Vali Loss: 0.7319341 Test Loss: 0.3838850
EarlyStopping counter: 61 out of 100
Updating learning rate to 6.961986091308869e-08
Epoch: 73 cost time: 1.2517645359039307
Epoch: 73, Steps: 64 | Train Loss: 0.3127700 Vali Loss: 0.7359721 Test Loss: 0.3838038
EarlyStopping counter: 62 out of 100
Updating learning rate to 6.265787482177981e-08
Epoch: 74 cost time: 1.2583091259002686
Epoch: 74, Steps: 64 | Train Loss: 0.3125197 Vali Loss: 0.7415547 Test Loss: 0.3838585
EarlyStopping counter: 63 out of 100
Updating learning rate to 5.639208733960184e-08
Epoch: 75 cost time: 1.2462520599365234
Epoch: 75, Steps: 64 | Train Loss: 0.3128096 Vali Loss: 0.7374955 Test Loss: 0.3838956
EarlyStopping counter: 64 out of 100
Updating learning rate to 5.075287860564165e-08
Epoch: 76 cost time: 1.2519354820251465
Epoch: 76, Steps: 64 | Train Loss: 0.3129315 Vali Loss: 0.7353409 Test Loss: 0.3839175
EarlyStopping counter: 65 out of 100
Updating learning rate to 4.567759074507749e-08
Epoch: 77 cost time: 1.3017160892486572
Epoch: 77, Steps: 64 | Train Loss: 0.3128883 Vali Loss: 0.7358199 Test Loss: 0.3838940
EarlyStopping counter: 66 out of 100
Updating learning rate to 4.1109831670569744e-08
Epoch: 78 cost time: 1.4670193195343018
Epoch: 78, Steps: 64 | Train Loss: 0.3127329 Vali Loss: 0.7387793 Test Loss: 0.3840383
EarlyStopping counter: 67 out of 100
Updating learning rate to 3.6998848503512764e-08
Epoch: 79 cost time: 1.470655918121338
Epoch: 79, Steps: 64 | Train Loss: 0.3126170 Vali Loss: 0.7416837 Test Loss: 0.3838812
EarlyStopping counter: 68 out of 100
Updating learning rate to 3.3298963653161496e-08
Epoch: 80 cost time: 1.4498872756958008
Epoch: 80, Steps: 64 | Train Loss: 0.3126212 Vali Loss: 0.7401034 Test Loss: 0.3839619
EarlyStopping counter: 69 out of 100
Updating learning rate to 2.996906728784534e-08
Epoch: 81 cost time: 1.4538066387176514
Epoch: 81, Steps: 64 | Train Loss: 0.3128094 Vali Loss: 0.7389264 Test Loss: 0.3838615
EarlyStopping counter: 70 out of 100
Updating learning rate to 2.697216055906081e-08
Epoch: 82 cost time: 1.472351312637329
Epoch: 82, Steps: 64 | Train Loss: 0.3123631 Vali Loss: 0.7378157 Test Loss: 0.3839662
EarlyStopping counter: 71 out of 100
Updating learning rate to 2.427494450315473e-08
Epoch: 83 cost time: 1.3399934768676758
Epoch: 83, Steps: 64 | Train Loss: 0.3127030 Vali Loss: 0.7360550 Test Loss: 0.3838702
EarlyStopping counter: 72 out of 100
Updating learning rate to 2.1847450052839257e-08
Epoch: 84 cost time: 1.2349457740783691
Epoch: 84, Steps: 64 | Train Loss: 0.3128283 Vali Loss: 0.7359251 Test Loss: 0.3838156
EarlyStopping counter: 73 out of 100
Updating learning rate to 1.9662705047555332e-08
Epoch: 85 cost time: 1.240562915802002
Epoch: 85, Steps: 64 | Train Loss: 0.3129095 Vali Loss: 0.7387792 Test Loss: 0.3838084
EarlyStopping counter: 74 out of 100
Updating learning rate to 1.7696434542799797e-08
Epoch: 86 cost time: 1.2447736263275146
Epoch: 86, Steps: 64 | Train Loss: 0.3126658 Vali Loss: 0.7423953 Test Loss: 0.3839257
EarlyStopping counter: 75 out of 100
Updating learning rate to 1.5926791088519817e-08
Epoch: 87 cost time: 1.2367477416992188
Epoch: 87, Steps: 64 | Train Loss: 0.3125560 Vali Loss: 0.7373952 Test Loss: 0.3839627
EarlyStopping counter: 76 out of 100
Updating learning rate to 1.4334111979667836e-08
Epoch: 88 cost time: 1.264430046081543
Epoch: 88, Steps: 64 | Train Loss: 0.3127526 Vali Loss: 0.7409958 Test Loss: 0.3838307
EarlyStopping counter: 77 out of 100
Updating learning rate to 1.2900700781701054e-08
Epoch: 89 cost time: 1.2531139850616455
Epoch: 89, Steps: 64 | Train Loss: 0.3128301 Vali Loss: 0.7370973 Test Loss: 0.3837488
EarlyStopping counter: 78 out of 100
Updating learning rate to 1.161063070353095e-08
Epoch: 90 cost time: 1.2593004703521729
Epoch: 90, Steps: 64 | Train Loss: 0.3126824 Vali Loss: 0.7396441 Test Loss: 0.3839038
EarlyStopping counter: 79 out of 100
Updating learning rate to 1.0449567633177854e-08
Epoch: 91 cost time: 1.2494585514068604
Epoch: 91, Steps: 64 | Train Loss: 0.3125991 Vali Loss: 0.7341543 Test Loss: 0.3839621
EarlyStopping counter: 80 out of 100
Updating learning rate to 9.404610869860069e-09
Epoch: 92 cost time: 1.2657980918884277
Epoch: 92, Steps: 64 | Train Loss: 0.3124237 Vali Loss: 0.7368102 Test Loss: 0.3838522
EarlyStopping counter: 81 out of 100
Updating learning rate to 8.464149782874063e-09
Epoch: 93 cost time: 1.2580091953277588
Epoch: 93, Steps: 64 | Train Loss: 0.3125002 Vali Loss: 0.7365642 Test Loss: 0.3838356
EarlyStopping counter: 82 out of 100
Updating learning rate to 7.617734804586658e-09
Epoch: 94 cost time: 1.2456490993499756
Epoch: 94, Steps: 64 | Train Loss: 0.3125966 Vali Loss: 0.7396117 Test Loss: 0.3839264
EarlyStopping counter: 83 out of 100
Updating learning rate to 6.855961324127991e-09
Epoch: 95 cost time: 1.2508957386016846
Epoch: 95, Steps: 64 | Train Loss: 0.3122300 Vali Loss: 0.7361992 Test Loss: 0.3839339
EarlyStopping counter: 84 out of 100
Updating learning rate to 6.170365191715193e-09
Epoch: 96 cost time: 1.2613539695739746
Epoch: 96, Steps: 64 | Train Loss: 0.3126105 Vali Loss: 0.7374018 Test Loss: 0.3838724
EarlyStopping counter: 85 out of 100
Updating learning rate to 5.5533286725436726e-09
Epoch: 97 cost time: 1.2732996940612793
Epoch: 97, Steps: 64 | Train Loss: 0.3124910 Vali Loss: 0.7396924 Test Loss: 0.3838903
EarlyStopping counter: 86 out of 100
Updating learning rate to 4.997995805289306e-09
Epoch: 98 cost time: 1.3495371341705322
Epoch: 98, Steps: 64 | Train Loss: 0.3124888 Vali Loss: 0.7382302 Test Loss: 0.3837323
EarlyStopping counter: 87 out of 100
Updating learning rate to 4.498196224760375e-09
Epoch: 99 cost time: 1.2484462261199951
Epoch: 99, Steps: 64 | Train Loss: 0.3127676 Vali Loss: 0.7397802 Test Loss: 0.3838502
EarlyStopping counter: 88 out of 100
Updating learning rate to 4.048376602284338e-09
Epoch: 100 cost time: 1.2507197856903076
Epoch: 100, Steps: 64 | Train Loss: 0.3128150 Vali Loss: 0.7365373 Test Loss: 0.3838754
EarlyStopping counter: 89 out of 100
Updating learning rate to 3.643538942055904e-09
>>>>>>>testing : NL_etth1_cms_lr0.001_always_336_96_PatchTST_ETTh1_ftM_sl336_ll48_pl96_dm16_nh4_el3_dl1_df128_fc1_ebtimeF_dtTruelr0.001_pol_always_Nested_Learning_0<<<<<<<<<<<<<<<<<<<<<<<<<<<<<<<<<
test 2785
 Ejecutando Inferencia DINÁMICA (Nested Learning con cms)
  -> Política: always | LR: 0.001 | Target: head

RESUMEN: El CMS se actualizó 21 veces de 21 posibles.

mse:0.3931288719177246, mae:0.4102630913257599, rse:0.5945425629615784
Args in experiment:
Namespace(random_seed=2021, is_training=1, model_id='NL_etth1_cms_lr0.001_always_336_192', model='PatchTST', data='ETTh1', root_path='./dataset/', data_path='ETTh1.csv', features='M', target='OT', freq='h', checkpoints='./checkpoints/', seq_len=336, label_len=48, pred_len=192, head_type='cms', cms_lr=0.001, update_policy='always', fc_dropout=0.3, head_dropout=0.0, patch_len=16, stride=8, padding_patch='end', revin=1, affine=0, subtract_last=0, decomposition=0, kernel_size=25, individual=1, embed_type=0, enc_in=7, dec_in=7, c_out=7, d_model=16, n_heads=4, e_layers=3, d_layers=1, d_ff=128, moving_avg=25, factor=1, distil=True, dropout=0.3, embed='timeF', activation='gelu', output_attention=False, do_predict=False, num_workers=0, itr=1, train_epochs=100, batch_size=128, patience=100, learning_rate=0.0001, des='Nested_Learning', loss='mse', lradj='type3', pct_start=0.3, use_amp=False, use_gpu=True, gpu=0, use_multi_gpu=False, devices='0,1,2,3', test_flop=False)
Use GPU: cuda:0
>>>>>>>start training : NL_etth1_cms_lr0.001_always_336_192_PatchTST_ETTh1_ftM_sl336_ll48_pl192_dm16_nh4_el3_dl1_df128_fc1_ebtimeF_dtTruelr0.001_pol_always_Nested_Learning_0>>>>>>>>>>>>>>>>>>>>>>>>>>
train 8113
val 2689
test 2689
Epoch: 1 cost time: 1.6639668941497803
Epoch: 1, Steps: 63 | Train Loss: 0.7645346 Vali Loss: 1.5868617 Test Loss: 0.8025759
Validation loss decreased (inf --> 1.586862).  Saving model ...
Updating learning rate to 0.0001
Epoch: 2 cost time: 1.2693495750427246
Epoch: 2, Steps: 63 | Train Loss: 0.5963438 Vali Loss: 1.1723692 Test Loss: 0.5160448
Validation loss decreased (1.586862 --> 1.172369).  Saving model ...
Updating learning rate to 0.0001
Epoch: 3 cost time: 1.2654194831848145
Epoch: 3, Steps: 63 | Train Loss: 0.4833091 Vali Loss: 1.0855548 Test Loss: 0.4758497
Validation loss decreased (1.172369 --> 1.085555).  Saving model ...
Updating learning rate to 0.0001
Epoch: 4 cost time: 1.2601251602172852
Epoch: 4, Steps: 63 | Train Loss: 0.4465169 Vali Loss: 1.0488491 Test Loss: 0.4585107
Validation loss decreased (1.085555 --> 1.048849).  Saving model ...
Updating learning rate to 9e-05
Epoch: 5 cost time: 1.2490193843841553
Epoch: 5, Steps: 63 | Train Loss: 0.4252667 Vali Loss: 1.0367930 Test Loss: 0.4477542
Validation loss decreased (1.048849 --> 1.036793).  Saving model ...
Updating learning rate to 8.1e-05
Epoch: 6 cost time: 1.287217617034912
Epoch: 6, Steps: 63 | Train Loss: 0.4115351 Vali Loss: 1.0279319 Test Loss: 0.4412050
Validation loss decreased (1.036793 --> 1.027932).  Saving model ...
Updating learning rate to 7.290000000000001e-05
Epoch: 7 cost time: 1.2672216892242432
Epoch: 7, Steps: 63 | Train Loss: 0.4024998 Vali Loss: 1.0229554 Test Loss: 0.4371452
Validation loss decreased (1.027932 --> 1.022955).  Saving model ...
Updating learning rate to 6.561e-05
Epoch: 8 cost time: 1.2698562145233154
Epoch: 8, Steps: 63 | Train Loss: 0.3958429 Vali Loss: 1.0267105 Test Loss: 0.4338840
EarlyStopping counter: 1 out of 100
Updating learning rate to 5.904900000000001e-05
Epoch: 9 cost time: 1.2969896793365479
Epoch: 9, Steps: 63 | Train Loss: 0.3906115 Vali Loss: 1.0221663 Test Loss: 0.4320471
Validation loss decreased (1.022955 --> 1.022166).  Saving model ...
Updating learning rate to 5.3144100000000005e-05
Epoch: 10 cost time: 1.28548002243042
Epoch: 10, Steps: 63 | Train Loss: 0.3864033 Vali Loss: 1.0231264 Test Loss: 0.4302844
EarlyStopping counter: 1 out of 100
Updating learning rate to 4.782969000000001e-05
Epoch: 11 cost time: 1.2695896625518799
Epoch: 11, Steps: 63 | Train Loss: 0.3827699 Vali Loss: 1.0283080 Test Loss: 0.4294001
EarlyStopping counter: 2 out of 100
Updating learning rate to 4.304672100000001e-05
Epoch: 12 cost time: 1.3879566192626953
Epoch: 12, Steps: 63 | Train Loss: 0.3801093 Vali Loss: 1.0304712 Test Loss: 0.4280829
EarlyStopping counter: 3 out of 100
Updating learning rate to 3.874204890000001e-05
Epoch: 13 cost time: 1.4650304317474365
Epoch: 13, Steps: 63 | Train Loss: 0.3770693 Vali Loss: 1.0310894 Test Loss: 0.4280013
EarlyStopping counter: 4 out of 100
Updating learning rate to 3.486784401000001e-05
Epoch: 14 cost time: 1.4735617637634277
Epoch: 14, Steps: 63 | Train Loss: 0.3749786 Vali Loss: 1.0284979 Test Loss: 0.4275547
EarlyStopping counter: 5 out of 100
Updating learning rate to 3.138105960900001e-05
Epoch: 15 cost time: 1.465322732925415
Epoch: 15, Steps: 63 | Train Loss: 0.3734819 Vali Loss: 1.0364665 Test Loss: 0.4272248
EarlyStopping counter: 6 out of 100
Updating learning rate to 2.824295364810001e-05
Epoch: 16 cost time: 1.4637389183044434
Epoch: 16, Steps: 63 | Train Loss: 0.3721123 Vali Loss: 1.0363282 Test Loss: 0.4270267
EarlyStopping counter: 7 out of 100
Updating learning rate to 2.541865828329001e-05
Epoch: 17 cost time: 1.328690767288208
Epoch: 17, Steps: 63 | Train Loss: 0.3702331 Vali Loss: 1.0353034 Test Loss: 0.4263555
EarlyStopping counter: 8 out of 100
Updating learning rate to 2.287679245496101e-05
Epoch: 18 cost time: 1.4059019088745117
Epoch: 18, Steps: 63 | Train Loss: 0.3693340 Vali Loss: 1.0371807 Test Loss: 0.4264519
EarlyStopping counter: 9 out of 100
Updating learning rate to 2.0589113209464907e-05
Epoch: 19 cost time: 1.456585168838501
Epoch: 19, Steps: 63 | Train Loss: 0.3679310 Vali Loss: 1.0353913 Test Loss: 0.4259880
EarlyStopping counter: 10 out of 100
Updating learning rate to 1.8530201888518416e-05
Epoch: 20 cost time: 1.463862657546997
Epoch: 20, Steps: 63 | Train Loss: 0.3672867 Vali Loss: 1.0363108 Test Loss: 0.4262534
EarlyStopping counter: 11 out of 100
Updating learning rate to 1.6677181699666577e-05
Epoch: 21 cost time: 1.4555635452270508
Epoch: 21, Steps: 63 | Train Loss: 0.3664372 Vali Loss: 1.0394804 Test Loss: 0.4260343
EarlyStopping counter: 12 out of 100
Updating learning rate to 1.5009463529699919e-05
Epoch: 22 cost time: 1.4641273021697998
Epoch: 22, Steps: 63 | Train Loss: 0.3656335 Vali Loss: 1.0378017 Test Loss: 0.4260705
EarlyStopping counter: 13 out of 100
Updating learning rate to 1.3508517176729929e-05
Epoch: 23 cost time: 1.4649722576141357
Epoch: 23, Steps: 63 | Train Loss: 0.3648596 Vali Loss: 1.0366759 Test Loss: 0.4260267
EarlyStopping counter: 14 out of 100
Updating learning rate to 1.2157665459056936e-05
Epoch: 24 cost time: 1.3203372955322266
Epoch: 24, Steps: 63 | Train Loss: 0.3643127 Vali Loss: 1.0386039 Test Loss: 0.4259772
EarlyStopping counter: 15 out of 100
Updating learning rate to 1.0941898913151242e-05
Epoch: 25 cost time: 1.3168442249298096
Epoch: 25, Steps: 63 | Train Loss: 0.3634184 Vali Loss: 1.0405741 Test Loss: 0.4259468
EarlyStopping counter: 16 out of 100
Updating learning rate to 9.847709021836118e-06
Epoch: 26 cost time: 1.2563798427581787
Epoch: 26, Steps: 63 | Train Loss: 0.3630722 Vali Loss: 1.0409774 Test Loss: 0.4258645
EarlyStopping counter: 17 out of 100
Updating learning rate to 8.862938119652508e-06
Epoch: 27 cost time: 1.2669556140899658
Epoch: 27, Steps: 63 | Train Loss: 0.3625420 Vali Loss: 1.0402626 Test Loss: 0.4259767
EarlyStopping counter: 18 out of 100
Updating learning rate to 7.976644307687255e-06
Epoch: 28 cost time: 1.2649259567260742
Epoch: 28, Steps: 63 | Train Loss: 0.3625513 Vali Loss: 1.0392948 Test Loss: 0.4259227
EarlyStopping counter: 19 out of 100
Updating learning rate to 7.178979876918531e-06
Epoch: 29 cost time: 1.388517141342163
Epoch: 29, Steps: 63 | Train Loss: 0.3620380 Vali Loss: 1.0423907 Test Loss: 0.4260416
EarlyStopping counter: 20 out of 100
Updating learning rate to 6.4610818892266776e-06
Epoch: 30 cost time: 1.264723539352417
Epoch: 30, Steps: 63 | Train Loss: 0.3614606 Vali Loss: 1.0414702 Test Loss: 0.4259857
EarlyStopping counter: 21 out of 100
Updating learning rate to 5.8149737003040096e-06
Epoch: 31 cost time: 1.2765960693359375
Epoch: 31, Steps: 63 | Train Loss: 0.3617412 Vali Loss: 1.0418895 Test Loss: 0.4259242
EarlyStopping counter: 22 out of 100
Updating learning rate to 5.23347633027361e-06
Epoch: 32 cost time: 1.2605109214782715
Epoch: 32, Steps: 63 | Train Loss: 0.3613889 Vali Loss: 1.0405110 Test Loss: 0.4258969
EarlyStopping counter: 23 out of 100
Updating learning rate to 4.710128697246249e-06
Epoch: 33 cost time: 1.265805959701538
Epoch: 33, Steps: 63 | Train Loss: 0.3609804 Vali Loss: 1.0406767 Test Loss: 0.4257900
EarlyStopping counter: 24 out of 100
Updating learning rate to 4.239115827521624e-06
Epoch: 34 cost time: 1.2624130249023438
Epoch: 34, Steps: 63 | Train Loss: 0.3605970 Vali Loss: 1.0414957 Test Loss: 0.4258648
EarlyStopping counter: 25 out of 100
Updating learning rate to 3.815204244769462e-06
Epoch: 35 cost time: 1.2638306617736816
Epoch: 35, Steps: 63 | Train Loss: 0.3604218 Vali Loss: 1.0425414 Test Loss: 0.4260241
EarlyStopping counter: 26 out of 100
Updating learning rate to 3.4336838202925152e-06
Epoch: 36 cost time: 1.2574670314788818
Epoch: 36, Steps: 63 | Train Loss: 0.3604714 Vali Loss: 1.0428604 Test Loss: 0.4259813
EarlyStopping counter: 27 out of 100
Updating learning rate to 3.090315438263264e-06
Epoch: 37 cost time: 1.2679321765899658
Epoch: 37, Steps: 63 | Train Loss: 0.3601775 Vali Loss: 1.0424885 Test Loss: 0.4258601
EarlyStopping counter: 28 out of 100
Updating learning rate to 2.7812838944369375e-06
Epoch: 38 cost time: 1.2584357261657715
Epoch: 38, Steps: 63 | Train Loss: 0.3600551 Vali Loss: 1.0439895 Test Loss: 0.4260667
EarlyStopping counter: 29 out of 100
Updating learning rate to 2.503155504993244e-06
Epoch: 39 cost time: 1.3663899898529053
Epoch: 39, Steps: 63 | Train Loss: 0.3601423 Vali Loss: 1.0428213 Test Loss: 0.4259906
EarlyStopping counter: 30 out of 100
Updating learning rate to 2.2528399544939195e-06
Epoch: 40 cost time: 1.39536452293396
Epoch: 40, Steps: 63 | Train Loss: 0.3599032 Vali Loss: 1.0419071 Test Loss: 0.4259710
EarlyStopping counter: 31 out of 100
Updating learning rate to 2.0275559590445276e-06
Epoch: 41 cost time: 1.269798755645752
Epoch: 41, Steps: 63 | Train Loss: 0.3599931 Vali Loss: 1.0420061 Test Loss: 0.4258363
EarlyStopping counter: 32 out of 100
Updating learning rate to 1.8248003631400751e-06
Epoch: 42 cost time: 1.2683050632476807
Epoch: 42, Steps: 63 | Train Loss: 0.3596390 Vali Loss: 1.0422693 Test Loss: 0.4259254
EarlyStopping counter: 33 out of 100
Updating learning rate to 1.6423203268260676e-06
Epoch: 43 cost time: 1.3197131156921387
Epoch: 43, Steps: 63 | Train Loss: 0.3592282 Vali Loss: 1.0419050 Test Loss: 0.4258969
EarlyStopping counter: 34 out of 100
Updating learning rate to 1.4780882941434609e-06
Epoch: 44 cost time: 1.2559802532196045
Epoch: 44, Steps: 63 | Train Loss: 0.3596161 Vali Loss: 1.0435377 Test Loss: 0.4261600
EarlyStopping counter: 35 out of 100
Updating learning rate to 1.3302794647291146e-06
Epoch: 45 cost time: 1.271528959274292
Epoch: 45, Steps: 63 | Train Loss: 0.3594582 Vali Loss: 1.0431992 Test Loss: 0.4259565
EarlyStopping counter: 36 out of 100
Updating learning rate to 1.1972515182562034e-06
Epoch: 46 cost time: 1.2603731155395508
Epoch: 46, Steps: 63 | Train Loss: 0.3596684 Vali Loss: 1.0438792 Test Loss: 0.4260646
EarlyStopping counter: 37 out of 100
Updating learning rate to 1.077526366430583e-06
Epoch: 47 cost time: 1.260040044784546
Epoch: 47, Steps: 63 | Train Loss: 0.3592894 Vali Loss: 1.0425003 Test Loss: 0.4257961
EarlyStopping counter: 38 out of 100
Updating learning rate to 9.697737297875248e-07
Epoch: 48 cost time: 1.2491753101348877
Epoch: 48, Steps: 63 | Train Loss: 0.3591767 Vali Loss: 1.0436540 Test Loss: 0.4260190
EarlyStopping counter: 39 out of 100
Updating learning rate to 8.727963568087723e-07
Epoch: 49 cost time: 1.2677202224731445
Epoch: 49, Steps: 63 | Train Loss: 0.3592782 Vali Loss: 1.0432086 Test Loss: 0.4259639
EarlyStopping counter: 40 out of 100
Updating learning rate to 7.855167211278951e-07
Epoch: 50 cost time: 1.2588887214660645
Epoch: 50, Steps: 63 | Train Loss: 0.3594698 Vali Loss: 1.0439471 Test Loss: 0.4260575
EarlyStopping counter: 41 out of 100
Updating learning rate to 7.069650490151056e-07
Epoch: 51 cost time: 1.2687125205993652
Epoch: 51, Steps: 63 | Train Loss: 0.3590658 Vali Loss: 1.0437593 Test Loss: 0.4260133
EarlyStopping counter: 42 out of 100
Updating learning rate to 6.36268544113595e-07
Epoch: 52 cost time: 1.2706196308135986
Epoch: 52, Steps: 63 | Train Loss: 0.3594206 Vali Loss: 1.0436178 Test Loss: 0.4260143
EarlyStopping counter: 43 out of 100
Updating learning rate to 5.726416897022355e-07
Epoch: 53 cost time: 1.2539618015289307
Epoch: 53, Steps: 63 | Train Loss: 0.3591560 Vali Loss: 1.0435457 Test Loss: 0.4260899
EarlyStopping counter: 44 out of 100
Updating learning rate to 5.15377520732012e-07
Epoch: 54 cost time: 1.2693445682525635
Epoch: 54, Steps: 63 | Train Loss: 0.3590429 Vali Loss: 1.0428396 Test Loss: 0.4259495
EarlyStopping counter: 45 out of 100
Updating learning rate to 4.6383976865881085e-07
Epoch: 55 cost time: 1.2538173198699951
Epoch: 55, Steps: 63 | Train Loss: 0.3594226 Vali Loss: 1.0431198 Test Loss: 0.4258847
EarlyStopping counter: 46 out of 100
Updating learning rate to 4.174557917929298e-07
Epoch: 56 cost time: 1.2686774730682373
Epoch: 56, Steps: 63 | Train Loss: 0.3588367 Vali Loss: 1.0443538 Test Loss: 0.4260927
EarlyStopping counter: 47 out of 100
Updating learning rate to 3.7571021261363677e-07
Epoch: 57 cost time: 1.2626996040344238
Epoch: 57, Steps: 63 | Train Loss: 0.3587494 Vali Loss: 1.0436823 Test Loss: 0.4259922
EarlyStopping counter: 48 out of 100
Updating learning rate to 3.381391913522731e-07
Epoch: 58 cost time: 1.2633123397827148
Epoch: 58, Steps: 63 | Train Loss: 0.3596765 Vali Loss: 1.0439111 Test Loss: 0.4260150
EarlyStopping counter: 49 out of 100
Updating learning rate to 3.043252722170458e-07
Epoch: 59 cost time: 1.268826961517334
Epoch: 59, Steps: 63 | Train Loss: 0.3593453 Vali Loss: 1.0437126 Test Loss: 0.4260332
EarlyStopping counter: 50 out of 100
Updating learning rate to 2.7389274499534124e-07
Epoch: 60 cost time: 1.2601330280303955
Epoch: 60, Steps: 63 | Train Loss: 0.3586733 Vali Loss: 1.0423890 Test Loss: 0.4258266
EarlyStopping counter: 51 out of 100
Updating learning rate to 2.465034704958071e-07
Epoch: 61 cost time: 1.2688548564910889
Epoch: 61, Steps: 63 | Train Loss: 0.3590440 Vali Loss: 1.0429610 Test Loss: 0.4260957
EarlyStopping counter: 52 out of 100
Updating learning rate to 2.218531234462264e-07
Epoch: 62 cost time: 1.26255464553833
Epoch: 62, Steps: 63 | Train Loss: 0.3589339 Vali Loss: 1.0439504 Test Loss: 0.4260575
EarlyStopping counter: 53 out of 100
Updating learning rate to 1.9966781110160376e-07
Epoch: 63 cost time: 1.2641541957855225
Epoch: 63, Steps: 63 | Train Loss: 0.3589669 Vali Loss: 1.0436862 Test Loss: 0.4260221
EarlyStopping counter: 54 out of 100
Updating learning rate to 1.797010299914434e-07
Epoch: 64 cost time: 1.2600584030151367
Epoch: 64, Steps: 63 | Train Loss: 0.3591572 Vali Loss: 1.0441477 Test Loss: 0.4260921
EarlyStopping counter: 55 out of 100
Updating learning rate to 1.6173092699229907e-07
Epoch: 65 cost time: 1.2715134620666504
Epoch: 65, Steps: 63 | Train Loss: 0.3588519 Vali Loss: 1.0432090 Test Loss: 0.4259793
EarlyStopping counter: 56 out of 100
Updating learning rate to 1.4555783429306916e-07
Epoch: 66 cost time: 1.2591121196746826
Epoch: 66, Steps: 63 | Train Loss: 0.3589788 Vali Loss: 1.0432945 Test Loss: 0.4260281
EarlyStopping counter: 57 out of 100
Updating learning rate to 1.3100205086376224e-07
Epoch: 67 cost time: 1.2678089141845703
Epoch: 67, Steps: 63 | Train Loss: 0.3589795 Vali Loss: 1.0440364 Test Loss: 0.4260079
EarlyStopping counter: 58 out of 100
Updating learning rate to 1.1790184577738603e-07
Epoch: 68 cost time: 1.2657973766326904
Epoch: 68, Steps: 63 | Train Loss: 0.3588655 Vali Loss: 1.0435488 Test Loss: 0.4259820
EarlyStopping counter: 59 out of 100
Updating learning rate to 1.0611166119964742e-07
Epoch: 69 cost time: 1.2599093914031982
Epoch: 69, Steps: 63 | Train Loss: 0.3589880 Vali Loss: 1.0435162 Test Loss: 0.4260722
EarlyStopping counter: 60 out of 100
Updating learning rate to 9.550049507968268e-08
Epoch: 70 cost time: 1.258230209350586
Epoch: 70, Steps: 63 | Train Loss: 0.3590893 Vali Loss: 1.0439173 Test Loss: 0.4260644
EarlyStopping counter: 61 out of 100
Updating learning rate to 8.595044557171442e-08
Epoch: 71 cost time: 1.2703566551208496
Epoch: 71, Steps: 63 | Train Loss: 0.3587937 Vali Loss: 1.0431845 Test Loss: 0.4259306
EarlyStopping counter: 62 out of 100
Updating learning rate to 7.735540101454298e-08
Epoch: 72 cost time: 1.27474045753479
Epoch: 72, Steps: 63 | Train Loss: 0.3590175 Vali Loss: 1.0433676 Test Loss: 0.4259587
EarlyStopping counter: 63 out of 100
Updating learning rate to 6.961986091308869e-08
Epoch: 73 cost time: 1.4637703895568848
Epoch: 73, Steps: 63 | Train Loss: 0.3591094 Vali Loss: 1.0435780 Test Loss: 0.4260901
EarlyStopping counter: 64 out of 100
Updating learning rate to 6.265787482177981e-08
Epoch: 74 cost time: 1.2785475254058838
Epoch: 74, Steps: 63 | Train Loss: 0.3590543 Vali Loss: 1.0428379 Test Loss: 0.4259214
EarlyStopping counter: 65 out of 100
Updating learning rate to 5.639208733960184e-08
Epoch: 75 cost time: 1.265573263168335
Epoch: 75, Steps: 63 | Train Loss: 0.3589052 Vali Loss: 1.0426413 Test Loss: 0.4260282
EarlyStopping counter: 66 out of 100
Updating learning rate to 5.075287860564165e-08
Epoch: 76 cost time: 1.2657511234283447
Epoch: 76, Steps: 63 | Train Loss: 0.3585681 Vali Loss: 1.0423911 Test Loss: 0.4258948
EarlyStopping counter: 67 out of 100
Updating learning rate to 4.567759074507749e-08
Epoch: 77 cost time: 1.268024206161499
Epoch: 77, Steps: 63 | Train Loss: 0.3588211 Vali Loss: 1.0429455 Test Loss: 0.4259260
EarlyStopping counter: 68 out of 100
Updating learning rate to 4.1109831670569744e-08
Epoch: 78 cost time: 1.2561697959899902
Epoch: 78, Steps: 63 | Train Loss: 0.3589829 Vali Loss: 1.0428535 Test Loss: 0.4259647
EarlyStopping counter: 69 out of 100
Updating learning rate to 3.6998848503512764e-08
Epoch: 79 cost time: 1.266808271408081
Epoch: 79, Steps: 63 | Train Loss: 0.3589922 Vali Loss: 1.0426996 Test Loss: 0.4257970
EarlyStopping counter: 70 out of 100
Updating learning rate to 3.3298963653161496e-08
Epoch: 80 cost time: 1.267249584197998
Epoch: 80, Steps: 63 | Train Loss: 0.3591727 Vali Loss: 1.0439955 Test Loss: 0.4260852
EarlyStopping counter: 71 out of 100
Updating learning rate to 2.996906728784534e-08
Epoch: 81 cost time: 1.2588403224945068
Epoch: 81, Steps: 63 | Train Loss: 0.3587812 Vali Loss: 1.0431949 Test Loss: 0.4259089
EarlyStopping counter: 72 out of 100
Updating learning rate to 2.697216055906081e-08
Epoch: 82 cost time: 1.2697372436523438
Epoch: 82, Steps: 63 | Train Loss: 0.3594033 Vali Loss: 1.0437539 Test Loss: 0.4260371
EarlyStopping counter: 73 out of 100
Updating learning rate to 2.427494450315473e-08
Epoch: 83 cost time: 1.2577717304229736
Epoch: 83, Steps: 63 | Train Loss: 0.3587712 Vali Loss: 1.0440391 Test Loss: 0.4260436
EarlyStopping counter: 74 out of 100
Updating learning rate to 2.1847450052839257e-08
Epoch: 84 cost time: 1.2593648433685303
Epoch: 84, Steps: 63 | Train Loss: 0.3588866 Vali Loss: 1.0431745 Test Loss: 0.4259496
EarlyStopping counter: 75 out of 100
Updating learning rate to 1.9662705047555332e-08
Epoch: 85 cost time: 1.2564802169799805
Epoch: 85, Steps: 63 | Train Loss: 0.3593401 Vali Loss: 1.0436679 Test Loss: 0.4259973
EarlyStopping counter: 76 out of 100
Updating learning rate to 1.7696434542799797e-08
Epoch: 86 cost time: 1.2661075592041016
Epoch: 86, Steps: 63 | Train Loss: 0.3586110 Vali Loss: 1.0420939 Test Loss: 0.4258760
EarlyStopping counter: 77 out of 100
Updating learning rate to 1.5926791088519817e-08
Epoch: 87 cost time: 1.2698521614074707
Epoch: 87, Steps: 63 | Train Loss: 0.3587558 Vali Loss: 1.0423613 Test Loss: 0.4260075
EarlyStopping counter: 78 out of 100
Updating learning rate to 1.4334111979667836e-08
Epoch: 88 cost time: 1.2731359004974365
Epoch: 88, Steps: 63 | Train Loss: 0.3587458 Vali Loss: 1.0426637 Test Loss: 0.4258652
EarlyStopping counter: 79 out of 100
Updating learning rate to 1.2900700781701054e-08
Epoch: 89 cost time: 1.2762608528137207
Epoch: 89, Steps: 63 | Train Loss: 0.3594332 Vali Loss: 1.0441355 Test Loss: 0.4260728
EarlyStopping counter: 80 out of 100
Updating learning rate to 1.161063070353095e-08
Epoch: 90 cost time: 1.2652719020843506
Epoch: 90, Steps: 63 | Train Loss: 0.3586176 Vali Loss: 1.0433875 Test Loss: 0.4259593
EarlyStopping counter: 81 out of 100
Updating learning rate to 1.0449567633177854e-08
Epoch: 91 cost time: 1.3432774543762207
Epoch: 91, Steps: 63 | Train Loss: 0.3594436 Vali Loss: 1.0443646 Test Loss: 0.4260502
EarlyStopping counter: 82 out of 100
Updating learning rate to 9.404610869860069e-09
Epoch: 92 cost time: 1.2698948383331299
Epoch: 92, Steps: 63 | Train Loss: 0.3585587 Vali Loss: 1.0431881 Test Loss: 0.4259392
EarlyStopping counter: 83 out of 100
Updating learning rate to 8.464149782874063e-09
Epoch: 93 cost time: 1.2679171562194824
Epoch: 93, Steps: 63 | Train Loss: 0.3591153 Vali Loss: 1.0430315 Test Loss: 0.4259924
EarlyStopping counter: 84 out of 100
Updating learning rate to 7.617734804586658e-09
Epoch: 94 cost time: 1.2740058898925781
Epoch: 94, Steps: 63 | Train Loss: 0.3585339 Vali Loss: 1.0444176 Test Loss: 0.4260981
EarlyStopping counter: 85 out of 100
Updating learning rate to 6.855961324127991e-09
Epoch: 95 cost time: 1.265371561050415
Epoch: 95, Steps: 63 | Train Loss: 0.3590956 Vali Loss: 1.0438182 Test Loss: 0.4261012
EarlyStopping counter: 86 out of 100
Updating learning rate to 6.170365191715193e-09
Epoch: 96 cost time: 1.2604191303253174
Epoch: 96, Steps: 63 | Train Loss: 0.3590193 Vali Loss: 1.0434600 Test Loss: 0.4260165
EarlyStopping counter: 87 out of 100
Updating learning rate to 5.5533286725436726e-09
Epoch: 97 cost time: 1.274721622467041
Epoch: 97, Steps: 63 | Train Loss: 0.3587735 Vali Loss: 1.0433481 Test Loss: 0.4259873
EarlyStopping counter: 88 out of 100
Updating learning rate to 4.997995805289306e-09
Epoch: 98 cost time: 1.4079868793487549
Epoch: 98, Steps: 63 | Train Loss: 0.3590001 Vali Loss: 1.0430800 Test Loss: 0.4259545
EarlyStopping counter: 89 out of 100
Updating learning rate to 4.498196224760375e-09
Epoch: 99 cost time: 1.449824333190918
Epoch: 99, Steps: 63 | Train Loss: 0.3589739 Vali Loss: 1.0429480 Test Loss: 0.4260694
EarlyStopping counter: 90 out of 100
Updating learning rate to 4.048376602284338e-09
Epoch: 100 cost time: 1.4584357738494873
Epoch: 100, Steps: 63 | Train Loss: 0.3591523 Vali Loss: 1.0433425 Test Loss: 0.4259861
EarlyStopping counter: 91 out of 100
Updating learning rate to 3.643538942055904e-09
>>>>>>>testing : NL_etth1_cms_lr0.001_always_336_192_PatchTST_ETTh1_ftM_sl336_ll48_pl192_dm16_nh4_el3_dl1_df128_fc1_ebtimeF_dtTruelr0.001_pol_always_Nested_Learning_0<<<<<<<<<<<<<<<<<<<<<<<<<<<<<<<<<
test 2689
 Ejecutando Inferencia DINÁMICA (Nested Learning con cms)
  -> Política: always | LR: 0.001 | Target: head

RESUMEN: El CMS se actualizó 21 veces de 21 posibles.

mse:0.43432366847991943, mae:0.4340517222881317, rse:0.6258330345153809
Args in experiment:
Namespace(random_seed=2021, is_training=1, model_id='NL_etth1_cms_lr0.001_always_336_336', model='PatchTST', data='ETTh1', root_path='./dataset/', data_path='ETTh1.csv', features='M', target='OT', freq='h', checkpoints='./checkpoints/', seq_len=336, label_len=48, pred_len=336, head_type='cms', cms_lr=0.001, update_policy='always', fc_dropout=0.3, head_dropout=0.0, patch_len=16, stride=8, padding_patch='end', revin=1, affine=0, subtract_last=0, decomposition=0, kernel_size=25, individual=1, embed_type=0, enc_in=7, dec_in=7, c_out=7, d_model=16, n_heads=4, e_layers=3, d_layers=1, d_ff=128, moving_avg=25, factor=1, distil=True, dropout=0.3, embed='timeF', activation='gelu', output_attention=False, do_predict=False, num_workers=0, itr=1, train_epochs=100, batch_size=128, patience=100, learning_rate=0.0001, des='Nested_Learning', loss='mse', lradj='type3', pct_start=0.3, use_amp=False, use_gpu=True, gpu=0, use_multi_gpu=False, devices='0,1,2,3', test_flop=False)
Use GPU: cuda:0
>>>>>>>start training : NL_etth1_cms_lr0.001_always_336_336_PatchTST_ETTh1_ftM_sl336_ll48_pl336_dm16_nh4_el3_dl1_df128_fc1_ebtimeF_dtTruelr0.001_pol_always_Nested_Learning_0>>>>>>>>>>>>>>>>>>>>>>>>>>
train 7969
val 2545
test 2545
Epoch: 1 cost time: 2.149118423461914
Epoch: 1, Steps: 62 | Train Loss: 0.8091801 Vali Loss: 1.7459145 Test Loss: 0.7818190
Validation loss decreased (inf --> 1.745914).  Saving model ...
Updating learning rate to 0.0001
Epoch: 2 cost time: 1.2607710361480713
Epoch: 2, Steps: 62 | Train Loss: 0.6477572 Vali Loss: 1.3969387 Test Loss: 0.5128505
Validation loss decreased (1.745914 --> 1.396939).  Saving model ...
Updating learning rate to 0.0001
Epoch: 3 cost time: 1.2638146877288818
Epoch: 3, Steps: 62 | Train Loss: 0.5363133 Vali Loss: 1.3355988 Test Loss: 0.4751671
Validation loss decreased (1.396939 --> 1.335599).  Saving model ...
Updating learning rate to 0.0001
Epoch: 4 cost time: 1.2608428001403809
Epoch: 4, Steps: 62 | Train Loss: 0.4993961 Vali Loss: 1.3066120 Test Loss: 0.4586511
Validation loss decreased (1.335599 --> 1.306612).  Saving model ...
Updating learning rate to 9e-05
Epoch: 5 cost time: 1.2534584999084473
Epoch: 5, Steps: 62 | Train Loss: 0.4775634 Vali Loss: 1.3050865 Test Loss: 0.4496018
Validation loss decreased (1.306612 --> 1.305086).  Saving model ...
Updating learning rate to 8.1e-05
Epoch: 6 cost time: 1.345275640487671
Epoch: 6, Steps: 62 | Train Loss: 0.4623267 Vali Loss: 1.2998775 Test Loss: 0.4434106
Validation loss decreased (1.305086 --> 1.299878).  Saving model ...
Updating learning rate to 7.290000000000001e-05
Epoch: 7 cost time: 1.2557430267333984
Epoch: 7, Steps: 62 | Train Loss: 0.4520381 Vali Loss: 1.2910646 Test Loss: 0.4399471
Validation loss decreased (1.299878 --> 1.291065).  Saving model ...
Updating learning rate to 6.561e-05
Epoch: 8 cost time: 1.270517349243164
Epoch: 8, Steps: 62 | Train Loss: 0.4446933 Vali Loss: 1.3095523 Test Loss: 0.4381483
EarlyStopping counter: 1 out of 100
Updating learning rate to 5.904900000000001e-05
Epoch: 9 cost time: 1.2469720840454102
Epoch: 9, Steps: 62 | Train Loss: 0.4391571 Vali Loss: 1.3219423 Test Loss: 0.4373979
EarlyStopping counter: 2 out of 100
Updating learning rate to 5.3144100000000005e-05
Epoch: 10 cost time: 1.2576732635498047
Epoch: 10, Steps: 62 | Train Loss: 0.4346774 Vali Loss: 1.3170917 Test Loss: 0.4360583
EarlyStopping counter: 3 out of 100
Updating learning rate to 4.782969000000001e-05
Epoch: 11 cost time: 1.2481319904327393
Epoch: 11, Steps: 62 | Train Loss: 0.4311917 Vali Loss: 1.3269776 Test Loss: 0.4359159
EarlyStopping counter: 4 out of 100
Updating learning rate to 4.304672100000001e-05
Epoch: 12 cost time: 1.4145238399505615
Epoch: 12, Steps: 62 | Train Loss: 0.4282167 Vali Loss: 1.3218657 Test Loss: 0.4354958
EarlyStopping counter: 5 out of 100
Updating learning rate to 3.874204890000001e-05
Epoch: 13 cost time: 1.4569737911224365
Epoch: 13, Steps: 62 | Train Loss: 0.4254689 Vali Loss: 1.3314097 Test Loss: 0.4356717
EarlyStopping counter: 6 out of 100
Updating learning rate to 3.486784401000001e-05
Epoch: 14 cost time: 1.3381843566894531
Epoch: 14, Steps: 62 | Train Loss: 0.4232035 Vali Loss: 1.3295786 Test Loss: 0.4348992
EarlyStopping counter: 7 out of 100
Updating learning rate to 3.138105960900001e-05
Epoch: 15 cost time: 1.2499644756317139
Epoch: 15, Steps: 62 | Train Loss: 0.4214116 Vali Loss: 1.3327360 Test Loss: 0.4356808
EarlyStopping counter: 8 out of 100
Updating learning rate to 2.824295364810001e-05
Epoch: 16 cost time: 1.2459962368011475
Epoch: 16, Steps: 62 | Train Loss: 0.4197977 Vali Loss: 1.3337400 Test Loss: 0.4359046
EarlyStopping counter: 9 out of 100
Updating learning rate to 2.541865828329001e-05
Epoch: 17 cost time: 1.2487785816192627
Epoch: 17, Steps: 62 | Train Loss: 0.4181234 Vali Loss: 1.3368982 Test Loss: 0.4356805
EarlyStopping counter: 10 out of 100
Updating learning rate to 2.287679245496101e-05
Epoch: 18 cost time: 1.2517924308776855
Epoch: 18, Steps: 62 | Train Loss: 0.4169119 Vali Loss: 1.3394576 Test Loss: 0.4364339
EarlyStopping counter: 11 out of 100
Updating learning rate to 2.0589113209464907e-05
Epoch: 19 cost time: 1.2513296604156494
Epoch: 19, Steps: 62 | Train Loss: 0.4162919 Vali Loss: 1.3376735 Test Loss: 0.4364334
EarlyStopping counter: 12 out of 100
Updating learning rate to 1.8530201888518416e-05
Epoch: 20 cost time: 1.3927218914031982
Epoch: 20, Steps: 62 | Train Loss: 0.4147108 Vali Loss: 1.3340034 Test Loss: 0.4362229
EarlyStopping counter: 13 out of 100
Updating learning rate to 1.6677181699666577e-05
Epoch: 21 cost time: 1.3098106384277344
Epoch: 21, Steps: 62 | Train Loss: 0.4140040 Vali Loss: 1.3410485 Test Loss: 0.4362749
EarlyStopping counter: 14 out of 100
Updating learning rate to 1.5009463529699919e-05
Epoch: 22 cost time: 1.250969648361206
Epoch: 22, Steps: 62 | Train Loss: 0.4128009 Vali Loss: 1.3412025 Test Loss: 0.4369867
EarlyStopping counter: 15 out of 100
Updating learning rate to 1.3508517176729929e-05
Epoch: 23 cost time: 1.3038995265960693
Epoch: 23, Steps: 62 | Train Loss: 0.4117222 Vali Loss: 1.3268055 Test Loss: 0.4367829
EarlyStopping counter: 16 out of 100
Updating learning rate to 1.2157665459056936e-05
Epoch: 24 cost time: 1.2522222995758057
Epoch: 24, Steps: 62 | Train Loss: 0.4112782 Vali Loss: 1.3441644 Test Loss: 0.4375257
EarlyStopping counter: 17 out of 100
Updating learning rate to 1.0941898913151242e-05
Epoch: 25 cost time: 1.2460548877716064
Epoch: 25, Steps: 62 | Train Loss: 0.4107140 Vali Loss: 1.3424368 Test Loss: 0.4370385
EarlyStopping counter: 18 out of 100
Updating learning rate to 9.847709021836118e-06
Epoch: 26 cost time: 1.2461678981781006
Epoch: 26, Steps: 62 | Train Loss: 0.4102185 Vali Loss: 1.3470891 Test Loss: 0.4377950
EarlyStopping counter: 19 out of 100
Updating learning rate to 8.862938119652508e-06
Epoch: 27 cost time: 1.2485542297363281
Epoch: 27, Steps: 62 | Train Loss: 0.4098581 Vali Loss: 1.3423891 Test Loss: 0.4374826
EarlyStopping counter: 20 out of 100
Updating learning rate to 7.976644307687255e-06
Epoch: 28 cost time: 1.318903923034668
Epoch: 28, Steps: 62 | Train Loss: 0.4094606 Vali Loss: 1.3396200 Test Loss: 0.4376940
EarlyStopping counter: 21 out of 100
Updating learning rate to 7.178979876918531e-06
Epoch: 29 cost time: 1.3536028861999512
Epoch: 29, Steps: 62 | Train Loss: 0.4090152 Vali Loss: 1.3491175 Test Loss: 0.4379994
EarlyStopping counter: 22 out of 100
Updating learning rate to 6.4610818892266776e-06
Epoch: 30 cost time: 1.25238037109375
Epoch: 30, Steps: 62 | Train Loss: 0.4089239 Vali Loss: 1.3455235 Test Loss: 0.4380501
EarlyStopping counter: 23 out of 100
Updating learning rate to 5.8149737003040096e-06
Epoch: 31 cost time: 1.4534776210784912
Epoch: 31, Steps: 62 | Train Loss: 0.4084317 Vali Loss: 1.3445107 Test Loss: 0.4378109
EarlyStopping counter: 24 out of 100
Updating learning rate to 5.23347633027361e-06
Epoch: 32 cost time: 1.36918044090271
Epoch: 32, Steps: 62 | Train Loss: 0.4076174 Vali Loss: 1.3409685 Test Loss: 0.4377615
EarlyStopping counter: 25 out of 100
Updating learning rate to 4.710128697246249e-06
Epoch: 33 cost time: 1.2516465187072754
Epoch: 33, Steps: 62 | Train Loss: 0.4077723 Vali Loss: 1.3473171 Test Loss: 0.4380696
EarlyStopping counter: 26 out of 100
Updating learning rate to 4.239115827521624e-06
Epoch: 34 cost time: 1.2509639263153076
Epoch: 34, Steps: 62 | Train Loss: 0.4074239 Vali Loss: 1.3458077 Test Loss: 0.4381981
EarlyStopping counter: 27 out of 100
Updating learning rate to 3.815204244769462e-06
Epoch: 35 cost time: 1.2507727146148682
Epoch: 35, Steps: 62 | Train Loss: 0.4074871 Vali Loss: 1.3451074 Test Loss: 0.4382414
EarlyStopping counter: 28 out of 100
Updating learning rate to 3.4336838202925152e-06
Epoch: 36 cost time: 1.450493574142456
Epoch: 36, Steps: 62 | Train Loss: 0.4076402 Vali Loss: 1.3477126 Test Loss: 0.4384045
EarlyStopping counter: 29 out of 100
Updating learning rate to 3.090315438263264e-06
Epoch: 37 cost time: 1.2462010383605957
Epoch: 37, Steps: 62 | Train Loss: 0.4073246 Vali Loss: 1.3485543 Test Loss: 0.4383775
EarlyStopping counter: 30 out of 100
Updating learning rate to 2.7812838944369375e-06
Epoch: 38 cost time: 1.249297857284546
Epoch: 38, Steps: 62 | Train Loss: 0.4071194 Vali Loss: 1.3442762 Test Loss: 0.4383830
EarlyStopping counter: 31 out of 100
Updating learning rate to 2.503155504993244e-06
Epoch: 39 cost time: 1.262444257736206
Epoch: 39, Steps: 62 | Train Loss: 0.4069667 Vali Loss: 1.3458074 Test Loss: 0.4382490
EarlyStopping counter: 32 out of 100
Updating learning rate to 2.2528399544939195e-06
Epoch: 40 cost time: 1.250999927520752
Epoch: 40, Steps: 62 | Train Loss: 0.4068775 Vali Loss: 1.3423201 Test Loss: 0.4384555
EarlyStopping counter: 33 out of 100
Updating learning rate to 2.0275559590445276e-06
Epoch: 41 cost time: 1.3107140064239502
Epoch: 41, Steps: 62 | Train Loss: 0.4071068 Vali Loss: 1.3419632 Test Loss: 0.4382742
EarlyStopping counter: 34 out of 100
Updating learning rate to 1.8248003631400751e-06
Epoch: 42 cost time: 1.2501657009124756
Epoch: 42, Steps: 62 | Train Loss: 0.4067305 Vali Loss: 1.3444959 Test Loss: 0.4385788
EarlyStopping counter: 35 out of 100
Updating learning rate to 1.6423203268260676e-06
Epoch: 43 cost time: 1.2488713264465332
Epoch: 43, Steps: 62 | Train Loss: 0.4066194 Vali Loss: 1.3459698 Test Loss: 0.4384840
EarlyStopping counter: 36 out of 100
Updating learning rate to 1.4780882941434609e-06
Epoch: 44 cost time: 1.252744436264038
Epoch: 44, Steps: 62 | Train Loss: 0.4068263 Vali Loss: 1.3450375 Test Loss: 0.4385529
EarlyStopping counter: 37 out of 100
Updating learning rate to 1.3302794647291146e-06
Epoch: 45 cost time: 1.2527170181274414
Epoch: 45, Steps: 62 | Train Loss: 0.4065348 Vali Loss: 1.3467205 Test Loss: 0.4385218
EarlyStopping counter: 38 out of 100
Updating learning rate to 1.1972515182562034e-06
Epoch: 46 cost time: 1.2517406940460205
Epoch: 46, Steps: 62 | Train Loss: 0.4066442 Vali Loss: 1.3442451 Test Loss: 0.4385325
EarlyStopping counter: 39 out of 100
Updating learning rate to 1.077526366430583e-06
Epoch: 47 cost time: 1.254657506942749
Epoch: 47, Steps: 62 | Train Loss: 0.4067375 Vali Loss: 1.3458849 Test Loss: 0.4387247
EarlyStopping counter: 40 out of 100
Updating learning rate to 9.697737297875248e-07
Epoch: 48 cost time: 1.2523767948150635
Epoch: 48, Steps: 62 | Train Loss: 0.4066084 Vali Loss: 1.3499641 Test Loss: 0.4386486
EarlyStopping counter: 41 out of 100
Updating learning rate to 8.727963568087723e-07
Epoch: 49 cost time: 1.2498180866241455
Epoch: 49, Steps: 62 | Train Loss: 0.4060938 Vali Loss: 1.3428367 Test Loss: 0.4382643
EarlyStopping counter: 42 out of 100
Updating learning rate to 7.855167211278951e-07
Epoch: 50 cost time: 1.2664170265197754
Epoch: 50, Steps: 62 | Train Loss: 0.4063927 Vali Loss: 1.3479701 Test Loss: 0.4383673
EarlyStopping counter: 43 out of 100
Updating learning rate to 7.069650490151056e-07
Epoch: 51 cost time: 1.2539112567901611
Epoch: 51, Steps: 62 | Train Loss: 0.4062121 Vali Loss: 1.3493155 Test Loss: 0.4386769
EarlyStopping counter: 44 out of 100
Updating learning rate to 6.36268544113595e-07
Epoch: 52 cost time: 1.3120713233947754
Epoch: 52, Steps: 62 | Train Loss: 0.4058536 Vali Loss: 1.3478487 Test Loss: 0.4385043
EarlyStopping counter: 45 out of 100
Updating learning rate to 5.726416897022355e-07
Epoch: 53 cost time: 1.251654863357544
Epoch: 53, Steps: 62 | Train Loss: 0.4061037 Vali Loss: 1.3485073 Test Loss: 0.4386170
EarlyStopping counter: 46 out of 100
Updating learning rate to 5.15377520732012e-07
Epoch: 54 cost time: 1.2503547668457031
Epoch: 54, Steps: 62 | Train Loss: 0.4062573 Vali Loss: 1.3462299 Test Loss: 0.4389485
EarlyStopping counter: 47 out of 100
Updating learning rate to 4.6383976865881085e-07
Epoch: 55 cost time: 1.2493832111358643
Epoch: 55, Steps: 62 | Train Loss: 0.4062368 Vali Loss: 1.3431513 Test Loss: 0.4385916
EarlyStopping counter: 48 out of 100
Updating learning rate to 4.174557917929298e-07
Epoch: 56 cost time: 1.2557768821716309
Epoch: 56, Steps: 62 | Train Loss: 0.4058397 Vali Loss: 1.3457211 Test Loss: 0.4384305
EarlyStopping counter: 49 out of 100
Updating learning rate to 3.7571021261363677e-07
Epoch: 57 cost time: 1.2496328353881836
Epoch: 57, Steps: 62 | Train Loss: 0.4064253 Vali Loss: 1.3450212 Test Loss: 0.4386803
EarlyStopping counter: 50 out of 100
Updating learning rate to 3.381391913522731e-07
Epoch: 58 cost time: 1.2581181526184082
Epoch: 58, Steps: 62 | Train Loss: 0.4059908 Vali Loss: 1.3438172 Test Loss: 0.4387800
EarlyStopping counter: 51 out of 100
Updating learning rate to 3.043252722170458e-07
Epoch: 59 cost time: 1.2509748935699463
Epoch: 59, Steps: 62 | Train Loss: 0.4058702 Vali Loss: 1.3473307 Test Loss: 0.4386519
EarlyStopping counter: 52 out of 100
Updating learning rate to 2.7389274499534124e-07
Epoch: 60 cost time: 1.2503268718719482
Epoch: 60, Steps: 62 | Train Loss: 0.4062643 Vali Loss: 1.3412329 Test Loss: 0.4387834
EarlyStopping counter: 53 out of 100
Updating learning rate to 2.465034704958071e-07
Epoch: 61 cost time: 1.2496092319488525
Epoch: 61, Steps: 62 | Train Loss: 0.4062786 Vali Loss: 1.3432537 Test Loss: 0.4387589
EarlyStopping counter: 54 out of 100
Updating learning rate to 2.218531234462264e-07
Epoch: 62 cost time: 1.2510414123535156
Epoch: 62, Steps: 62 | Train Loss: 0.4057845 Vali Loss: 1.3437066 Test Loss: 0.4385946
EarlyStopping counter: 55 out of 100
Updating learning rate to 1.9966781110160376e-07
Epoch: 63 cost time: 1.2504119873046875
Epoch: 63, Steps: 62 | Train Loss: 0.4059002 Vali Loss: 1.3430862 Test Loss: 0.4384518
EarlyStopping counter: 56 out of 100
Updating learning rate to 1.797010299914434e-07
Epoch: 64 cost time: 1.2564773559570312
Epoch: 64, Steps: 62 | Train Loss: 0.4057890 Vali Loss: 1.3479381 Test Loss: 0.4386863
EarlyStopping counter: 57 out of 100
Updating learning rate to 1.6173092699229907e-07
Epoch: 65 cost time: 1.2528915405273438
Epoch: 65, Steps: 62 | Train Loss: 0.4058053 Vali Loss: 1.3460054 Test Loss: 0.4385258
EarlyStopping counter: 58 out of 100
Updating learning rate to 1.4555783429306916e-07
Epoch: 66 cost time: 1.4093127250671387
Epoch: 66, Steps: 62 | Train Loss: 0.4060044 Vali Loss: 1.3444891 Test Loss: 0.4384632
EarlyStopping counter: 59 out of 100
Updating learning rate to 1.3100205086376224e-07
Epoch: 67 cost time: 1.2518587112426758
Epoch: 67, Steps: 62 | Train Loss: 0.4062597 Vali Loss: 1.3497483 Test Loss: 0.4385006
EarlyStopping counter: 60 out of 100
Updating learning rate to 1.1790184577738603e-07
Epoch: 68 cost time: 1.2511591911315918
Epoch: 68, Steps: 62 | Train Loss: 0.4059652 Vali Loss: 1.3460050 Test Loss: 0.4388203
EarlyStopping counter: 61 out of 100
Updating learning rate to 1.0611166119964742e-07
Epoch: 69 cost time: 1.4545538425445557
Epoch: 69, Steps: 62 | Train Loss: 0.4061151 Vali Loss: 1.3450540 Test Loss: 0.4385953
EarlyStopping counter: 62 out of 100
Updating learning rate to 9.550049507968268e-08
Epoch: 70 cost time: 1.459679126739502
Epoch: 70, Steps: 62 | Train Loss: 0.4062408 Vali Loss: 1.3448370 Test Loss: 0.4385920
EarlyStopping counter: 63 out of 100
Updating learning rate to 8.595044557171442e-08
Epoch: 71 cost time: 1.3096752166748047
Epoch: 71, Steps: 62 | Train Loss: 0.4063561 Vali Loss: 1.3484955 Test Loss: 0.4386721
EarlyStopping counter: 64 out of 100
Updating learning rate to 7.735540101454298e-08
Epoch: 72 cost time: 1.251136064529419
Epoch: 72, Steps: 62 | Train Loss: 0.4056490 Vali Loss: 1.3428564 Test Loss: 0.4383451
EarlyStopping counter: 65 out of 100
Updating learning rate to 6.961986091308869e-08
Epoch: 73 cost time: 1.2492313385009766
Epoch: 73, Steps: 62 | Train Loss: 0.4058069 Vali Loss: 1.3476222 Test Loss: 0.4383973
EarlyStopping counter: 66 out of 100
Updating learning rate to 6.265787482177981e-08
Epoch: 74 cost time: 1.271578311920166
Epoch: 74, Steps: 62 | Train Loss: 0.4057319 Vali Loss: 1.3448788 Test Loss: 0.4387346
EarlyStopping counter: 67 out of 100
Updating learning rate to 5.639208733960184e-08
Epoch: 75 cost time: 1.2514173984527588
Epoch: 75, Steps: 62 | Train Loss: 0.4056454 Vali Loss: 1.3449353 Test Loss: 0.4385069
EarlyStopping counter: 68 out of 100
Updating learning rate to 5.075287860564165e-08
Epoch: 76 cost time: 1.2523324489593506
Epoch: 76, Steps: 62 | Train Loss: 0.4060981 Vali Loss: 1.3534943 Test Loss: 0.4387091
EarlyStopping counter: 69 out of 100
Updating learning rate to 4.567759074507749e-08
Epoch: 77 cost time: 1.254375696182251
Epoch: 77, Steps: 62 | Train Loss: 0.4056330 Vali Loss: 1.3465927 Test Loss: 0.4384944
EarlyStopping counter: 70 out of 100
Updating learning rate to 4.1109831670569744e-08
Epoch: 78 cost time: 1.2527596950531006
Epoch: 78, Steps: 62 | Train Loss: 0.4058352 Vali Loss: 1.3511510 Test Loss: 0.4387105
EarlyStopping counter: 71 out of 100
Updating learning rate to 3.6998848503512764e-08
Epoch: 79 cost time: 1.2591114044189453
Epoch: 79, Steps: 62 | Train Loss: 0.4059475 Vali Loss: 1.3487226 Test Loss: 0.4386005
EarlyStopping counter: 72 out of 100
Updating learning rate to 3.3298963653161496e-08
Epoch: 80 cost time: 1.2569310665130615
Epoch: 80, Steps: 62 | Train Loss: 0.4064302 Vali Loss: 1.3463030 Test Loss: 0.4384686
EarlyStopping counter: 73 out of 100
Updating learning rate to 2.996906728784534e-08
Epoch: 81 cost time: 1.2499568462371826
Epoch: 81, Steps: 62 | Train Loss: 0.4059731 Vali Loss: 1.3417014 Test Loss: 0.4385717
EarlyStopping counter: 74 out of 100
Updating learning rate to 2.697216055906081e-08
Epoch: 82 cost time: 1.2508671283721924
Epoch: 82, Steps: 62 | Train Loss: 0.4059820 Vali Loss: 1.3521986 Test Loss: 0.4386760
EarlyStopping counter: 75 out of 100
Updating learning rate to 2.427494450315473e-08
Epoch: 83 cost time: 1.2487998008728027
Epoch: 83, Steps: 62 | Train Loss: 0.4062409 Vali Loss: 1.3482182 Test Loss: 0.4385825
EarlyStopping counter: 76 out of 100
Updating learning rate to 2.1847450052839257e-08
Epoch: 84 cost time: 1.25026273727417
Epoch: 84, Steps: 62 | Train Loss: 0.4059842 Vali Loss: 1.3479037 Test Loss: 0.4387243
EarlyStopping counter: 77 out of 100
Updating learning rate to 1.9662705047555332e-08
Epoch: 85 cost time: 1.2579317092895508
Epoch: 85, Steps: 62 | Train Loss: 0.4061441 Vali Loss: 1.3491777 Test Loss: 0.4388679
EarlyStopping counter: 78 out of 100
Updating learning rate to 1.7696434542799797e-08
Epoch: 86 cost time: 1.2575645446777344
Epoch: 86, Steps: 62 | Train Loss: 0.4058725 Vali Loss: 1.3435196 Test Loss: 0.4388702
EarlyStopping counter: 79 out of 100
Updating learning rate to 1.5926791088519817e-08
Epoch: 87 cost time: 1.455354928970337
Epoch: 87, Steps: 62 | Train Loss: 0.4059305 Vali Loss: 1.3462312 Test Loss: 0.4387133
EarlyStopping counter: 80 out of 100
Updating learning rate to 1.4334111979667836e-08
Epoch: 88 cost time: 1.460115909576416
Epoch: 88, Steps: 62 | Train Loss: 0.4059705 Vali Loss: 1.3418446 Test Loss: 0.4387815
EarlyStopping counter: 81 out of 100
Updating learning rate to 1.2900700781701054e-08
Epoch: 89 cost time: 1.3534388542175293
Epoch: 89, Steps: 62 | Train Loss: 0.4060462 Vali Loss: 1.3458854 Test Loss: 0.4384303
EarlyStopping counter: 82 out of 100
Updating learning rate to 1.161063070353095e-08
Epoch: 90 cost time: 1.2501416206359863
Epoch: 90, Steps: 62 | Train Loss: 0.4056848 Vali Loss: 1.3446305 Test Loss: 0.4385692
EarlyStopping counter: 83 out of 100
Updating learning rate to 1.0449567633177854e-08
Epoch: 91 cost time: 1.3120033740997314
Epoch: 91, Steps: 62 | Train Loss: 0.4058881 Vali Loss: 1.3478333 Test Loss: 0.4388182
EarlyStopping counter: 84 out of 100
Updating learning rate to 9.404610869860069e-09
Epoch: 92 cost time: 1.250077724456787
Epoch: 92, Steps: 62 | Train Loss: 0.4060274 Vali Loss: 1.3468281 Test Loss: 0.4386443
EarlyStopping counter: 85 out of 100
Updating learning rate to 8.464149782874063e-09
Epoch: 93 cost time: 1.248603105545044
Epoch: 93, Steps: 62 | Train Loss: 0.4060931 Vali Loss: 1.3519939 Test Loss: 0.4388220
EarlyStopping counter: 86 out of 100
Updating learning rate to 7.617734804586658e-09
Epoch: 94 cost time: 1.410642147064209
Epoch: 94, Steps: 62 | Train Loss: 0.4063300 Vali Loss: 1.3468653 Test Loss: 0.4386666
EarlyStopping counter: 87 out of 100
Updating learning rate to 6.855961324127991e-09
Epoch: 95 cost time: 1.2550537586212158
Epoch: 95, Steps: 62 | Train Loss: 0.4059002 Vali Loss: 1.3491762 Test Loss: 0.4388460
EarlyStopping counter: 88 out of 100
Updating learning rate to 6.170365191715193e-09
Epoch: 96 cost time: 1.2565345764160156
Epoch: 96, Steps: 62 | Train Loss: 0.4057393 Vali Loss: 1.3424108 Test Loss: 0.4386769
EarlyStopping counter: 89 out of 100
Updating learning rate to 5.5533286725436726e-09
Epoch: 97 cost time: 1.2494556903839111
Epoch: 97, Steps: 62 | Train Loss: 0.4060703 Vali Loss: 1.3449984 Test Loss: 0.4386124
EarlyStopping counter: 90 out of 100
Updating learning rate to 4.997995805289306e-09
Epoch: 98 cost time: 1.2543201446533203
Epoch: 98, Steps: 62 | Train Loss: 0.4055171 Vali Loss: 1.3494955 Test Loss: 0.4385521
EarlyStopping counter: 91 out of 100
Updating learning rate to 4.498196224760375e-09
Epoch: 99 cost time: 1.247520923614502
Epoch: 99, Steps: 62 | Train Loss: 0.4057871 Vali Loss: 1.3439866 Test Loss: 0.4385025
EarlyStopping counter: 92 out of 100
Updating learning rate to 4.048376602284338e-09
Epoch: 100 cost time: 1.2464475631713867
Epoch: 100, Steps: 62 | Train Loss: 0.4061387 Vali Loss: 1.3444951 Test Loss: 0.4387514
EarlyStopping counter: 93 out of 100
Updating learning rate to 3.643538942055904e-09
>>>>>>>testing : NL_etth1_cms_lr0.001_always_336_336_PatchTST_ETTh1_ftM_sl336_ll48_pl336_dm16_nh4_el3_dl1_df128_fc1_ebtimeF_dtTruelr0.001_pol_always_Nested_Learning_0<<<<<<<<<<<<<<<<<<<<<<<<<<<<<<<<<
test 2545
 Ejecutando Inferencia DINÁMICA (Nested Learning con cms)
  -> Política: always | LR: 0.001 | Target: head

RESUMEN: El CMS se actualizó 19 veces de 19 posibles.

mse:0.4283236563205719, mae:0.4362657368183136, rse:0.6256228089332581
Args in experiment:
Namespace(random_seed=2021, is_training=1, model_id='NL_etth1_cms_lr0.001_always_336_720', model='PatchTST', data='ETTh1', root_path='./dataset/', data_path='ETTh1.csv', features='M', target='OT', freq='h', checkpoints='./checkpoints/', seq_len=336, label_len=48, pred_len=720, head_type='cms', cms_lr=0.001, update_policy='always', fc_dropout=0.3, head_dropout=0.0, patch_len=16, stride=8, padding_patch='end', revin=1, affine=0, subtract_last=0, decomposition=0, kernel_size=25, individual=1, embed_type=0, enc_in=7, dec_in=7, c_out=7, d_model=16, n_heads=4, e_layers=3, d_layers=1, d_ff=128, moving_avg=25, factor=1, distil=True, dropout=0.3, embed='timeF', activation='gelu', output_attention=False, do_predict=False, num_workers=0, itr=1, train_epochs=100, batch_size=128, patience=100, learning_rate=0.0001, des='Nested_Learning', loss='mse', lradj='type3', pct_start=0.3, use_amp=False, use_gpu=True, gpu=0, use_multi_gpu=False, devices='0,1,2,3', test_flop=False)
Use GPU: cuda:0
>>>>>>>start training : NL_etth1_cms_lr0.001_always_336_720_PatchTST_ETTh1_ftM_sl336_ll48_pl720_dm16_nh4_el3_dl1_df128_fc1_ebtimeF_dtTruelr0.001_pol_always_Nested_Learning_0>>>>>>>>>>>>>>>>>>>>>>>>>>
train 7585
val 2161
test 2161
Epoch: 1 cost time: 1.6397392749786377
Epoch: 1, Steps: 59 | Train Loss: 0.9022788 Vali Loss: 1.9883406 Test Loss: 0.7955166
Validation loss decreased (inf --> 1.988341).  Saving model ...
Updating learning rate to 0.0001
Epoch: 2 cost time: 1.2696614265441895
Epoch: 2, Steps: 59 | Train Loss: 0.7533548 Vali Loss: 1.5974662 Test Loss: 0.5490125
Validation loss decreased (1.988341 --> 1.597466).  Saving model ...
Updating learning rate to 0.0001
Epoch: 3 cost time: 1.2646141052246094
Epoch: 3, Steps: 59 | Train Loss: 0.6422230 Vali Loss: 1.5198996 Test Loss: 0.5080615
Validation loss decreased (1.597466 --> 1.519900).  Saving model ...
Updating learning rate to 0.0001
Epoch: 4 cost time: 1.2704782485961914
Epoch: 4, Steps: 59 | Train Loss: 0.6001527 Vali Loss: 1.4879187 Test Loss: 0.4899623
Validation loss decreased (1.519900 --> 1.487919).  Saving model ...
Updating learning rate to 9e-05
Epoch: 5 cost time: 1.2607440948486328
Epoch: 5, Steps: 59 | Train Loss: 0.5732498 Vali Loss: 1.4879429 Test Loss: 0.4780059
EarlyStopping counter: 1 out of 100
Updating learning rate to 8.1e-05
Epoch: 6 cost time: 1.2604708671569824
Epoch: 6, Steps: 59 | Train Loss: 0.5567046 Vali Loss: 1.4970890 Test Loss: 0.4725610
EarlyStopping counter: 2 out of 100
Updating learning rate to 7.290000000000001e-05
Epoch: 7 cost time: 1.2662348747253418
Epoch: 7, Steps: 59 | Train Loss: 0.5462537 Vali Loss: 1.5046666 Test Loss: 0.4693010
EarlyStopping counter: 3 out of 100
Updating learning rate to 6.561e-05
Epoch: 8 cost time: 1.2528386116027832
Epoch: 8, Steps: 59 | Train Loss: 0.5376587 Vali Loss: 1.5100827 Test Loss: 0.4684767
EarlyStopping counter: 4 out of 100
Updating learning rate to 5.904900000000001e-05
Epoch: 9 cost time: 1.2514431476593018
Epoch: 9, Steps: 59 | Train Loss: 0.5307824 Vali Loss: 1.5213391 Test Loss: 0.4684871
EarlyStopping counter: 5 out of 100
Updating learning rate to 5.3144100000000005e-05
Epoch: 10 cost time: 1.2524619102478027
Epoch: 10, Steps: 59 | Train Loss: 0.5262177 Vali Loss: 1.5313761 Test Loss: 0.4678850
EarlyStopping counter: 6 out of 100
Updating learning rate to 4.782969000000001e-05
Epoch: 11 cost time: 1.2483956813812256
Epoch: 11, Steps: 59 | Train Loss: 0.5215381 Vali Loss: 1.5316179 Test Loss: 0.4691264
EarlyStopping counter: 7 out of 100
Updating learning rate to 4.304672100000001e-05
Epoch: 12 cost time: 1.2466580867767334
Epoch: 12, Steps: 59 | Train Loss: 0.5178581 Vali Loss: 1.5426672 Test Loss: 0.4695394
EarlyStopping counter: 8 out of 100
Updating learning rate to 3.874204890000001e-05
Epoch: 13 cost time: 1.24699068069458
Epoch: 13, Steps: 59 | Train Loss: 0.5145095 Vali Loss: 1.5444820 Test Loss: 0.4710639
EarlyStopping counter: 9 out of 100
Updating learning rate to 3.486784401000001e-05
Epoch: 14 cost time: 1.2430651187896729
Epoch: 14, Steps: 59 | Train Loss: 0.5119062 Vali Loss: 1.5511261 Test Loss: 0.4718041
EarlyStopping counter: 10 out of 100
Updating learning rate to 3.138105960900001e-05
Epoch: 15 cost time: 1.2469229698181152
Epoch: 15, Steps: 59 | Train Loss: 0.5094882 Vali Loss: 1.5510541 Test Loss: 0.4726740
EarlyStopping counter: 11 out of 100
Updating learning rate to 2.824295364810001e-05
Epoch: 16 cost time: 1.2481303215026855
Epoch: 16, Steps: 59 | Train Loss: 0.5074932 Vali Loss: 1.5515460 Test Loss: 0.4734507
EarlyStopping counter: 12 out of 100
Updating learning rate to 2.541865828329001e-05
Epoch: 17 cost time: 1.2450807094573975
Epoch: 17, Steps: 59 | Train Loss: 0.5056877 Vali Loss: 1.5629396 Test Loss: 0.4745218
EarlyStopping counter: 13 out of 100
Updating learning rate to 2.287679245496101e-05
Epoch: 18 cost time: 1.2529830932617188
Epoch: 18, Steps: 59 | Train Loss: 0.5045449 Vali Loss: 1.5587435 Test Loss: 0.4752562
EarlyStopping counter: 14 out of 100
Updating learning rate to 2.0589113209464907e-05
Epoch: 19 cost time: 1.2517106533050537
Epoch: 19, Steps: 59 | Train Loss: 0.5025291 Vali Loss: 1.5641571 Test Loss: 0.4761982
EarlyStopping counter: 15 out of 100
Updating learning rate to 1.8530201888518416e-05
Epoch: 20 cost time: 1.2523102760314941
Epoch: 20, Steps: 59 | Train Loss: 0.5012450 Vali Loss: 1.5694110 Test Loss: 0.4763955
EarlyStopping counter: 16 out of 100
Updating learning rate to 1.6677181699666577e-05
Epoch: 21 cost time: 1.2494804859161377
Epoch: 21, Steps: 59 | Train Loss: 0.5002908 Vali Loss: 1.5715019 Test Loss: 0.4768457
EarlyStopping counter: 17 out of 100
Updating learning rate to 1.5009463529699919e-05
Epoch: 22 cost time: 1.2485880851745605
Epoch: 22, Steps: 59 | Train Loss: 0.4995898 Vali Loss: 1.5662696 Test Loss: 0.4773582
EarlyStopping counter: 18 out of 100
Updating learning rate to 1.3508517176729929e-05
Epoch: 23 cost time: 1.2645583152770996
Epoch: 23, Steps: 59 | Train Loss: 0.4983858 Vali Loss: 1.5715477 Test Loss: 0.4770651
EarlyStopping counter: 19 out of 100
Updating learning rate to 1.2157665459056936e-05
Epoch: 24 cost time: 1.2513065338134766
Epoch: 24, Steps: 59 | Train Loss: 0.4980435 Vali Loss: 1.5750285 Test Loss: 0.4774296
EarlyStopping counter: 20 out of 100
Updating learning rate to 1.0941898913151242e-05
Epoch: 25 cost time: 1.2566196918487549
Epoch: 25, Steps: 59 | Train Loss: 0.4973155 Vali Loss: 1.5754287 Test Loss: 0.4778750
EarlyStopping counter: 21 out of 100
Updating learning rate to 9.847709021836118e-06
Epoch: 26 cost time: 1.2520160675048828
Epoch: 26, Steps: 59 | Train Loss: 0.4966017 Vali Loss: 1.5763098 Test Loss: 0.4789806
EarlyStopping counter: 22 out of 100
Updating learning rate to 8.862938119652508e-06
Epoch: 27 cost time: 1.2654743194580078
Epoch: 27, Steps: 59 | Train Loss: 0.4960921 Vali Loss: 1.5793554 Test Loss: 0.4793790
EarlyStopping counter: 23 out of 100
Updating learning rate to 7.976644307687255e-06
Epoch: 28 cost time: 1.257371425628662
Epoch: 28, Steps: 59 | Train Loss: 0.4952012 Vali Loss: 1.5774705 Test Loss: 0.4793643
EarlyStopping counter: 24 out of 100
Updating learning rate to 7.178979876918531e-06
Epoch: 29 cost time: 1.2548222541809082
Epoch: 29, Steps: 59 | Train Loss: 0.4950380 Vali Loss: 1.5792165 Test Loss: 0.4796649
EarlyStopping counter: 25 out of 100
Updating learning rate to 6.4610818892266776e-06
Epoch: 30 cost time: 1.2568583488464355
Epoch: 30, Steps: 59 | Train Loss: 0.4943773 Vali Loss: 1.5845480 Test Loss: 0.4798762
EarlyStopping counter: 26 out of 100
Updating learning rate to 5.8149737003040096e-06
Epoch: 31 cost time: 1.2669379711151123
Epoch: 31, Steps: 59 | Train Loss: 0.4942326 Vali Loss: 1.5811296 Test Loss: 0.4801624
EarlyStopping counter: 27 out of 100
Updating learning rate to 5.23347633027361e-06
Epoch: 32 cost time: 1.2816526889801025
Epoch: 32, Steps: 59 | Train Loss: 0.4934302 Vali Loss: 1.5845467 Test Loss: 0.4797423
EarlyStopping counter: 28 out of 100
Updating learning rate to 4.710128697246249e-06
Epoch: 33 cost time: 1.258077621459961
Epoch: 33, Steps: 59 | Train Loss: 0.4935972 Vali Loss: 1.5804286 Test Loss: 0.4801878
EarlyStopping counter: 29 out of 100
Updating learning rate to 4.239115827521624e-06
Epoch: 34 cost time: 1.2634451389312744
Epoch: 34, Steps: 59 | Train Loss: 0.4931957 Vali Loss: 1.5864415 Test Loss: 0.4803630
EarlyStopping counter: 30 out of 100
Updating learning rate to 3.815204244769462e-06
Epoch: 35 cost time: 1.2621235847473145
Epoch: 35, Steps: 59 | Train Loss: 0.4923017 Vali Loss: 1.5862501 Test Loss: 0.4806440
EarlyStopping counter: 31 out of 100
Updating learning rate to 3.4336838202925152e-06
Epoch: 36 cost time: 1.2625198364257812
Epoch: 36, Steps: 59 | Train Loss: 0.4932765 Vali Loss: 1.5849264 Test Loss: 0.4807200
EarlyStopping counter: 32 out of 100
Updating learning rate to 3.090315438263264e-06
Epoch: 37 cost time: 1.2578833103179932
Epoch: 37, Steps: 59 | Train Loss: 0.4928104 Vali Loss: 1.5893378 Test Loss: 0.4809923
EarlyStopping counter: 33 out of 100
Updating learning rate to 2.7812838944369375e-06
Epoch: 38 cost time: 1.2462117671966553
Epoch: 38, Steps: 59 | Train Loss: 0.4922784 Vali Loss: 1.5879433 Test Loss: 0.4807989
EarlyStopping counter: 34 out of 100
Updating learning rate to 2.503155504993244e-06
Epoch: 39 cost time: 1.246396541595459
Epoch: 39, Steps: 59 | Train Loss: 0.4925803 Vali Loss: 1.5826828 Test Loss: 0.4809030
EarlyStopping counter: 35 out of 100
Updating learning rate to 2.2528399544939195e-06
Epoch: 40 cost time: 1.2564866542816162
Epoch: 40, Steps: 59 | Train Loss: 0.4916482 Vali Loss: 1.5787032 Test Loss: 0.4807803
EarlyStopping counter: 36 out of 100
Updating learning rate to 2.0275559590445276e-06
Epoch: 41 cost time: 1.2588980197906494
Epoch: 41, Steps: 59 | Train Loss: 0.4921170 Vali Loss: 1.5834976 Test Loss: 0.4815312
EarlyStopping counter: 37 out of 100
Updating learning rate to 1.8248003631400751e-06
Epoch: 42 cost time: 1.2588896751403809
Epoch: 42, Steps: 59 | Train Loss: 0.4920432 Vali Loss: 1.5843847 Test Loss: 0.4814579
EarlyStopping counter: 38 out of 100
Updating learning rate to 1.6423203268260676e-06
Epoch: 43 cost time: 1.270223617553711
Epoch: 43, Steps: 59 | Train Loss: 0.4917200 Vali Loss: 1.5846360 Test Loss: 0.4818826
EarlyStopping counter: 39 out of 100
Updating learning rate to 1.4780882941434609e-06
Epoch: 44 cost time: 1.2633662223815918
Epoch: 44, Steps: 59 | Train Loss: 0.4913520 Vali Loss: 1.5821102 Test Loss: 0.4816630
EarlyStopping counter: 40 out of 100
Updating learning rate to 1.3302794647291146e-06
Epoch: 45 cost time: 1.2967555522918701
Epoch: 45, Steps: 59 | Train Loss: 0.4914353 Vali Loss: 1.5919875 Test Loss: 0.4816690
EarlyStopping counter: 41 out of 100
Updating learning rate to 1.1972515182562034e-06
Epoch: 46 cost time: 1.260498285293579
Epoch: 46, Steps: 59 | Train Loss: 0.4917184 Vali Loss: 1.5885179 Test Loss: 0.4820685
EarlyStopping counter: 42 out of 100
Updating learning rate to 1.077526366430583e-06
Epoch: 47 cost time: 1.2593989372253418
Epoch: 47, Steps: 59 | Train Loss: 0.4918088 Vali Loss: 1.5896842 Test Loss: 0.4818321
EarlyStopping counter: 43 out of 100
Updating learning rate to 9.697737297875248e-07
Epoch: 48 cost time: 1.2677440643310547
Epoch: 48, Steps: 59 | Train Loss: 0.4912859 Vali Loss: 1.5846853 Test Loss: 0.4817115
EarlyStopping counter: 44 out of 100
Updating learning rate to 8.727963568087723e-07
Epoch: 49 cost time: 1.2654833793640137
Epoch: 49, Steps: 59 | Train Loss: 0.4915215 Vali Loss: 1.5815439 Test Loss: 0.4813692
EarlyStopping counter: 45 out of 100
Updating learning rate to 7.855167211278951e-07
Epoch: 50 cost time: 1.2655866146087646
Epoch: 50, Steps: 59 | Train Loss: 0.4912966 Vali Loss: 1.5889364 Test Loss: 0.4816090
EarlyStopping counter: 46 out of 100
Updating learning rate to 7.069650490151056e-07
Epoch: 51 cost time: 1.264538288116455
Epoch: 51, Steps: 59 | Train Loss: 0.4910178 Vali Loss: 1.5879459 Test Loss: 0.4817251
EarlyStopping counter: 47 out of 100
Updating learning rate to 6.36268544113595e-07
Epoch: 52 cost time: 1.2612831592559814
Epoch: 52, Steps: 59 | Train Loss: 0.4915827 Vali Loss: 1.5916634 Test Loss: 0.4816074
EarlyStopping counter: 48 out of 100
Updating learning rate to 5.726416897022355e-07
Epoch: 53 cost time: 1.275383710861206
Epoch: 53, Steps: 59 | Train Loss: 0.4911899 Vali Loss: 1.5803535 Test Loss: 0.4814841
EarlyStopping counter: 49 out of 100
Updating learning rate to 5.15377520732012e-07
Epoch: 54 cost time: 1.266312599182129
Epoch: 54, Steps: 59 | Train Loss: 0.4909484 Vali Loss: 1.5896763 Test Loss: 0.4814479
EarlyStopping counter: 50 out of 100
Updating learning rate to 4.6383976865881085e-07
Epoch: 55 cost time: 1.2606291770935059
Epoch: 55, Steps: 59 | Train Loss: 0.4914180 Vali Loss: 1.5842953 Test Loss: 0.4813210
EarlyStopping counter: 51 out of 100
Updating learning rate to 4.174557917929298e-07
Epoch: 56 cost time: 1.2629947662353516
Epoch: 56, Steps: 59 | Train Loss: 0.4911264 Vali Loss: 1.5878977 Test Loss: 0.4818030
EarlyStopping counter: 52 out of 100
Updating learning rate to 3.7571021261363677e-07
Epoch: 57 cost time: 1.2634546756744385
Epoch: 57, Steps: 59 | Train Loss: 0.4914627 Vali Loss: 1.5883081 Test Loss: 0.4816484
EarlyStopping counter: 53 out of 100
Updating learning rate to 3.381391913522731e-07
Epoch: 58 cost time: 1.2653939723968506
Epoch: 58, Steps: 59 | Train Loss: 0.4911003 Vali Loss: 1.5918672 Test Loss: 0.4818591
EarlyStopping counter: 54 out of 100
Updating learning rate to 3.043252722170458e-07
Epoch: 59 cost time: 1.2661621570587158
Epoch: 59, Steps: 59 | Train Loss: 0.4914522 Vali Loss: 1.5907363 Test Loss: 0.4814576
EarlyStopping counter: 55 out of 100
Updating learning rate to 2.7389274499534124e-07
Epoch: 60 cost time: 1.2629544734954834
Epoch: 60, Steps: 59 | Train Loss: 0.4912447 Vali Loss: 1.5874909 Test Loss: 0.4815953
EarlyStopping counter: 56 out of 100
Updating learning rate to 2.465034704958071e-07
Epoch: 61 cost time: 1.2606124877929688
Epoch: 61, Steps: 59 | Train Loss: 0.4916211 Vali Loss: 1.5781717 Test Loss: 0.4819003
EarlyStopping counter: 57 out of 100
Updating learning rate to 2.218531234462264e-07
Epoch: 62 cost time: 1.2715554237365723
Epoch: 62, Steps: 59 | Train Loss: 0.4914194 Vali Loss: 1.5823762 Test Loss: 0.4813758
EarlyStopping counter: 58 out of 100
Updating learning rate to 1.9966781110160376e-07
Epoch: 63 cost time: 1.2651469707489014
Epoch: 63, Steps: 59 | Train Loss: 0.4909343 Vali Loss: 1.5885563 Test Loss: 0.4823586
EarlyStopping counter: 59 out of 100
Updating learning rate to 1.797010299914434e-07
Epoch: 64 cost time: 1.2624685764312744
Epoch: 64, Steps: 59 | Train Loss: 0.4912490 Vali Loss: 1.5923698 Test Loss: 0.4818464
EarlyStopping counter: 60 out of 100
Updating learning rate to 1.6173092699229907e-07
Epoch: 65 cost time: 1.2745633125305176
Epoch: 65, Steps: 59 | Train Loss: 0.4908982 Vali Loss: 1.5901312 Test Loss: 0.4816592
EarlyStopping counter: 61 out of 100
Updating learning rate to 1.4555783429306916e-07
Epoch: 66 cost time: 1.2726554870605469
Epoch: 66, Steps: 59 | Train Loss: 0.4903827 Vali Loss: 1.5928266 Test Loss: 0.4820380
EarlyStopping counter: 62 out of 100
Updating learning rate to 1.3100205086376224e-07
Epoch: 67 cost time: 1.2635211944580078
Epoch: 67, Steps: 59 | Train Loss: 0.4905914 Vali Loss: 1.5852704 Test Loss: 0.4821235
EarlyStopping counter: 63 out of 100
Updating learning rate to 1.1790184577738603e-07
Epoch: 68 cost time: 1.2614457607269287
Epoch: 68, Steps: 59 | Train Loss: 0.4911917 Vali Loss: 1.5859766 Test Loss: 0.4815509
EarlyStopping counter: 64 out of 100
Updating learning rate to 1.0611166119964742e-07
Epoch: 69 cost time: 1.261953353881836
Epoch: 69, Steps: 59 | Train Loss: 0.4904033 Vali Loss: 1.5849762 Test Loss: 0.4818564
EarlyStopping counter: 65 out of 100
Updating learning rate to 9.550049507968268e-08
Epoch: 70 cost time: 1.2644240856170654
Epoch: 70, Steps: 59 | Train Loss: 0.4907745 Vali Loss: 1.5857420 Test Loss: 0.4816394
EarlyStopping counter: 66 out of 100
Updating learning rate to 8.595044557171442e-08
Epoch: 71 cost time: 1.261528491973877
Epoch: 71, Steps: 59 | Train Loss: 0.4908148 Vali Loss: 1.5809438 Test Loss: 0.4818714
EarlyStopping counter: 67 out of 100
Updating learning rate to 7.735540101454298e-08
Epoch: 72 cost time: 1.2613425254821777
Epoch: 72, Steps: 59 | Train Loss: 0.4908028 Vali Loss: 1.5823847 Test Loss: 0.4818310
EarlyStopping counter: 68 out of 100
Updating learning rate to 6.961986091308869e-08
Epoch: 73 cost time: 1.2793316841125488
Epoch: 73, Steps: 59 | Train Loss: 0.4914133 Vali Loss: 1.5877018 Test Loss: 0.4820527
EarlyStopping counter: 69 out of 100
Updating learning rate to 6.265787482177981e-08
Epoch: 74 cost time: 1.2590618133544922
Epoch: 74, Steps: 59 | Train Loss: 0.4910157 Vali Loss: 1.5872099 Test Loss: 0.4822054
EarlyStopping counter: 70 out of 100
Updating learning rate to 5.639208733960184e-08
Epoch: 75 cost time: 1.2606396675109863
Epoch: 75, Steps: 59 | Train Loss: 0.4902888 Vali Loss: 1.5870324 Test Loss: 0.4818439
EarlyStopping counter: 71 out of 100
Updating learning rate to 5.075287860564165e-08
Epoch: 76 cost time: 1.2563655376434326
Epoch: 76, Steps: 59 | Train Loss: 0.4909063 Vali Loss: 1.5900536 Test Loss: 0.4821820
EarlyStopping counter: 72 out of 100
Updating learning rate to 4.567759074507749e-08
Epoch: 77 cost time: 1.259681224822998
Epoch: 77, Steps: 59 | Train Loss: 0.4912182 Vali Loss: 1.5848997 Test Loss: 0.4819742
EarlyStopping counter: 73 out of 100
Updating learning rate to 4.1109831670569744e-08
Epoch: 78 cost time: 1.2640762329101562
Epoch: 78, Steps: 59 | Train Loss: 0.4911735 Vali Loss: 1.5873017 Test Loss: 0.4819579
EarlyStopping counter: 74 out of 100
Updating learning rate to 3.6998848503512764e-08
Epoch: 79 cost time: 1.2565622329711914
Epoch: 79, Steps: 59 | Train Loss: 0.4911077 Vali Loss: 1.5940270 Test Loss: 0.4818729
EarlyStopping counter: 75 out of 100
Updating learning rate to 3.3298963653161496e-08
Epoch: 80 cost time: 1.2650823593139648
Epoch: 80, Steps: 59 | Train Loss: 0.4908324 Vali Loss: 1.5827429 Test Loss: 0.4812727
EarlyStopping counter: 76 out of 100
Updating learning rate to 2.996906728784534e-08
Epoch: 81 cost time: 1.2752735614776611
Epoch: 81, Steps: 59 | Train Loss: 0.4905597 Vali Loss: 1.5890515 Test Loss: 0.4816978
EarlyStopping counter: 77 out of 100
Updating learning rate to 2.697216055906081e-08
Epoch: 82 cost time: 1.2608451843261719
Epoch: 82, Steps: 59 | Train Loss: 0.4909268 Vali Loss: 1.5865886 Test Loss: 0.4818036
EarlyStopping counter: 78 out of 100
Updating learning rate to 2.427494450315473e-08
Epoch: 83 cost time: 1.2625761032104492
Epoch: 83, Steps: 59 | Train Loss: 0.4910761 Vali Loss: 1.5847574 Test Loss: 0.4819130
EarlyStopping counter: 79 out of 100
Updating learning rate to 2.1847450052839257e-08
Epoch: 84 cost time: 1.2625744342803955
Epoch: 84, Steps: 59 | Train Loss: 0.4909438 Vali Loss: 1.5938573 Test Loss: 0.4821126
EarlyStopping counter: 80 out of 100
Updating learning rate to 1.9662705047555332e-08
Epoch: 85 cost time: 1.2628788948059082
Epoch: 85, Steps: 59 | Train Loss: 0.4906730 Vali Loss: 1.5916162 Test Loss: 0.4818866
EarlyStopping counter: 81 out of 100
Updating learning rate to 1.7696434542799797e-08
Epoch: 86 cost time: 1.2612495422363281
Epoch: 86, Steps: 59 | Train Loss: 0.4912134 Vali Loss: 1.5886562 Test Loss: 0.4817620
EarlyStopping counter: 82 out of 100
Updating learning rate to 1.5926791088519817e-08
Epoch: 87 cost time: 1.2856342792510986
Epoch: 87, Steps: 59 | Train Loss: 0.4909696 Vali Loss: 1.5926346 Test Loss: 0.4816467
EarlyStopping counter: 83 out of 100
Updating learning rate to 1.4334111979667836e-08
Epoch: 88 cost time: 1.2604241371154785
Epoch: 88, Steps: 59 | Train Loss: 0.4909553 Vali Loss: 1.5789599 Test Loss: 0.4819325
EarlyStopping counter: 84 out of 100
Updating learning rate to 1.2900700781701054e-08
Epoch: 89 cost time: 1.263580560684204
Epoch: 89, Steps: 59 | Train Loss: 0.4905286 Vali Loss: 1.5838253 Test Loss: 0.4817609
EarlyStopping counter: 85 out of 100
Updating learning rate to 1.161063070353095e-08
Epoch: 90 cost time: 1.260120153427124
Epoch: 90, Steps: 59 | Train Loss: 0.4913576 Vali Loss: 1.5846325 Test Loss: 0.4817863
EarlyStopping counter: 86 out of 100
Updating learning rate to 1.0449567633177854e-08
Epoch: 91 cost time: 1.265622615814209
Epoch: 91, Steps: 59 | Train Loss: 0.4912589 Vali Loss: 1.5910239 Test Loss: 0.4819415
EarlyStopping counter: 87 out of 100
Updating learning rate to 9.404610869860069e-09
Epoch: 92 cost time: 1.2607791423797607
Epoch: 92, Steps: 59 | Train Loss: 0.4906686 Vali Loss: 1.5903713 Test Loss: 0.4819843
EarlyStopping counter: 88 out of 100
Updating learning rate to 8.464149782874063e-09
Epoch: 93 cost time: 1.2602384090423584
Epoch: 93, Steps: 59 | Train Loss: 0.4908703 Vali Loss: 1.5840697 Test Loss: 0.4823455
EarlyStopping counter: 89 out of 100
Updating learning rate to 7.617734804586658e-09
Epoch: 94 cost time: 1.2581353187561035
Epoch: 94, Steps: 59 | Train Loss: 0.4906840 Vali Loss: 1.5853041 Test Loss: 0.4817689
EarlyStopping counter: 90 out of 100
Updating learning rate to 6.855961324127991e-09
Epoch: 95 cost time: 1.258565902709961
Epoch: 95, Steps: 59 | Train Loss: 0.4910441 Vali Loss: 1.5853429 Test Loss: 0.4824182
EarlyStopping counter: 91 out of 100
Updating learning rate to 6.170365191715193e-09
Epoch: 96 cost time: 1.2586917877197266
Epoch: 96, Steps: 59 | Train Loss: 0.4908674 Vali Loss: 1.5941032 Test Loss: 0.4821830
EarlyStopping counter: 92 out of 100
Updating learning rate to 5.5533286725436726e-09
Epoch: 97 cost time: 1.2713508605957031
Epoch: 97, Steps: 59 | Train Loss: 0.4910469 Vali Loss: 1.5885233 Test Loss: 0.4819291
EarlyStopping counter: 93 out of 100
Updating learning rate to 4.997995805289306e-09
Epoch: 98 cost time: 1.2615864276885986
Epoch: 98, Steps: 59 | Train Loss: 0.4905206 Vali Loss: 1.5838363 Test Loss: 0.4815974
EarlyStopping counter: 94 out of 100
Updating learning rate to 4.498196224760375e-09
Epoch: 99 cost time: 1.2612922191619873
Epoch: 99, Steps: 59 | Train Loss: 0.4912189 Vali Loss: 1.5902081 Test Loss: 0.4820411
EarlyStopping counter: 95 out of 100
Updating learning rate to 4.048376602284338e-09
Epoch: 100 cost time: 1.2602112293243408
Epoch: 100, Steps: 59 | Train Loss: 0.4910315 Vali Loss: 1.5895791 Test Loss: 0.4818889
EarlyStopping counter: 96 out of 100
Updating learning rate to 3.643538942055904e-09
>>>>>>>testing : NL_etth1_cms_lr0.001_always_336_720_PatchTST_ETTh1_ftM_sl336_ll48_pl720_dm16_nh4_el3_dl1_df128_fc1_ebtimeF_dtTruelr0.001_pol_always_Nested_Learning_0<<<<<<<<<<<<<<<<<<<<<<<<<<<<<<<<<
test 2161
 Ejecutando Inferencia DINÁMICA (Nested Learning con cms)
  -> Política: always | LR: 0.001 | Target: head

RESUMEN: El CMS se actualizó 16 veces de 16 posibles.

mse:0.4419727027416229, mae:0.4610844552516937, rse:0.6385319828987122
