==========================================================
SÚPER ARRAY TFG - TAREA ID: 90 / 113
Nodo: dionisio
Dataset: weather | Experimento: NL_weather_flatten_lr0.0001_always
Cabeza: flatten | LR: 0.0001 | Política: always
==========================================================
Args in experiment:
Namespace(random_seed=2021, is_training=1, model_id='NL_weather_flatten_lr0.0001_always_336_96', model='PatchTST', data='custom', root_path='./dataset/', data_path='weather.csv', features='M', target='OT', freq='h', checkpoints='./checkpoints/', seq_len=336, label_len=48, pred_len=96, head_type='flatten', cms_lr=0.0001, update_policy='always', fc_dropout=0.2, head_dropout=0.0, patch_len=16, stride=8, padding_patch='end', revin=1, affine=0, subtract_last=0, decomposition=0, kernel_size=25, individual=0, embed_type=0, enc_in=21, dec_in=7, c_out=7, d_model=128, n_heads=16, e_layers=3, d_layers=1, d_ff=256, moving_avg=25, factor=1, distil=True, dropout=0.2, embed='timeF', activation='gelu', output_attention=False, do_predict=False, num_workers=0, itr=1, train_epochs=100, batch_size=128, patience=20, learning_rate=0.0001, des='Nested_Learning', loss='mse', lradj='type3', pct_start=0.3, use_amp=False, use_gpu=True, gpu=0, use_multi_gpu=False, devices='0,1,2,3', test_flop=False)
Use GPU: cuda:0
>>>>>>>start training : NL_weather_flatten_lr0.0001_always_336_96_PatchTST_custom_ftM_sl336_ll48_pl96_dm128_nh16_el3_dl1_df256_fc1_ebtimeF_dtTruelr0.0001_polalways_Nested_Learning_0>>>>>>>>>>>>>>>>>>>>>>>>>>
train 36456
val 5175
test 10444
	iters: 100, epoch: 1 | loss: 0.7010335
	speed: 0.1660s/iter; left time: 4698.4169s
	iters: 200, epoch: 1 | loss: 0.7004402
	speed: 0.1166s/iter; left time: 3289.5370s
Epoch: 1 cost time: 33.473952531814575
Epoch: 1, Steps: 284 | Train Loss: 0.7457538 Vali Loss: 0.5413513 Test Loss: 0.2213813
Validation loss decreased (inf --> 0.541351).  Saving model ...
Updating learning rate to 0.0001
	iters: 100, epoch: 2 | loss: 0.3527751
	speed: 0.2813s/iter; left time: 7880.6694s
	iters: 200, epoch: 2 | loss: 0.4068260
	speed: 0.1178s/iter; left time: 3289.1189s
Epoch: 2 cost time: 33.42413091659546
Epoch: 2, Steps: 284 | Train Loss: 0.4903953 Vali Loss: 0.4192045 Test Loss: 0.1700536
Validation loss decreased (0.541351 --> 0.419205).  Saving model ...
Updating learning rate to 0.0001
	iters: 100, epoch: 3 | loss: 0.4490213
	speed: 0.2789s/iter; left time: 7734.9712s
	iters: 200, epoch: 3 | loss: 0.4185444
	speed: 0.1182s/iter; left time: 3267.3769s
Epoch: 3 cost time: 33.53425216674805
Epoch: 3, Steps: 284 | Train Loss: 0.4484225 Vali Loss: 0.4054736 Test Loss: 0.1625005
Validation loss decreased (0.419205 --> 0.405474).  Saving model ...
Updating learning rate to 0.0001
	iters: 100, epoch: 4 | loss: 0.3604078
	speed: 0.2782s/iter; left time: 7636.8390s
	iters: 200, epoch: 4 | loss: 0.6360841
	speed: 0.1184s/iter; left time: 3237.0216s
Epoch: 4 cost time: 33.5837824344635
Epoch: 4, Steps: 284 | Train Loss: 0.4407963 Vali Loss: 0.3952292 Test Loss: 0.1594852
Validation loss decreased (0.405474 --> 0.395229).  Saving model ...
Updating learning rate to 9e-05
	iters: 100, epoch: 5 | loss: 0.3681185
	speed: 0.2777s/iter; left time: 7543.1580s
	iters: 200, epoch: 5 | loss: 0.8107256
	speed: 0.1186s/iter; left time: 3209.2798s
Epoch: 5 cost time: 33.63559651374817
Epoch: 5, Steps: 284 | Train Loss: 0.4354926 Vali Loss: 0.3960739 Test Loss: 0.1582693
EarlyStopping counter: 1 out of 20
Updating learning rate to 8.1e-05
	iters: 100, epoch: 6 | loss: 0.3595802
	speed: 0.2767s/iter; left time: 7436.8463s
	iters: 200, epoch: 6 | loss: 0.4250427
	speed: 0.1186s/iter; left time: 3176.3613s
Epoch: 6 cost time: 33.63875603675842
Epoch: 6, Steps: 284 | Train Loss: 0.4324136 Vali Loss: 0.3939835 Test Loss: 0.1560852
Validation loss decreased (0.395229 --> 0.393983).  Saving model ...
Updating learning rate to 7.290000000000001e-05
	iters: 100, epoch: 7 | loss: 0.5605103
	speed: 0.2777s/iter; left time: 7384.7154s
	iters: 200, epoch: 7 | loss: 0.3139193
	speed: 0.1186s/iter; left time: 3143.4280s
Epoch: 7 cost time: 33.6579852104187
Epoch: 7, Steps: 284 | Train Loss: 0.4298054 Vali Loss: 0.3930130 Test Loss: 0.1558803
Validation loss decreased (0.393983 --> 0.393013).  Saving model ...
Updating learning rate to 6.561e-05
	iters: 100, epoch: 8 | loss: 0.3634236
	speed: 0.2782s/iter; left time: 7319.2620s
	iters: 200, epoch: 8 | loss: 0.5487851
	speed: 0.1186s/iter; left time: 3109.7927s
Epoch: 8 cost time: 33.65732526779175
Epoch: 8, Steps: 284 | Train Loss: 0.4274718 Vali Loss: 0.3958197 Test Loss: 0.1543915
EarlyStopping counter: 1 out of 20
Updating learning rate to 5.904900000000001e-05
	iters: 100, epoch: 9 | loss: 0.6047119
	speed: 0.2768s/iter; left time: 7205.1051s
	iters: 200, epoch: 9 | loss: 0.3091480
	speed: 0.1186s/iter; left time: 3076.2859s
Epoch: 9 cost time: 33.65064764022827
Epoch: 9, Steps: 284 | Train Loss: 0.4252002 Vali Loss: 0.3984164 Test Loss: 0.1554726
EarlyStopping counter: 2 out of 20
Updating learning rate to 5.3144100000000005e-05
	iters: 100, epoch: 10 | loss: 0.4001008
	speed: 0.2769s/iter; left time: 7127.7187s
	iters: 200, epoch: 10 | loss: 0.3126702
	speed: 0.1267s/iter; left time: 3249.0399s
Epoch: 10 cost time: 34.46714425086975
Epoch: 10, Steps: 284 | Train Loss: 0.4235477 Vali Loss: 0.3967863 Test Loss: 0.1536207
EarlyStopping counter: 3 out of 20
Updating learning rate to 4.782969000000001e-05
	iters: 100, epoch: 11 | loss: 0.3043050
	speed: 0.2775s/iter; left time: 7064.6204s
	iters: 200, epoch: 11 | loss: 0.5216813
	speed: 0.1187s/iter; left time: 3010.2215s
Epoch: 11 cost time: 33.66985011100769
Epoch: 11, Steps: 284 | Train Loss: 0.4225796 Vali Loss: 0.3951031 Test Loss: 0.1539945
EarlyStopping counter: 4 out of 20
Updating learning rate to 4.304672100000001e-05
	iters: 100, epoch: 12 | loss: 0.7258343
	speed: 0.2770s/iter; left time: 6974.3243s
	iters: 200, epoch: 12 | loss: 0.4110004
	speed: 0.1185s/iter; left time: 2970.9885s
Epoch: 12 cost time: 33.60751032829285
Epoch: 12, Steps: 284 | Train Loss: 0.4213377 Vali Loss: 0.3967548 Test Loss: 0.1525678
EarlyStopping counter: 5 out of 20
Updating learning rate to 3.874204890000001e-05
	iters: 100, epoch: 13 | loss: 0.6137264
	speed: 0.2766s/iter; left time: 6886.3974s
	iters: 200, epoch: 13 | loss: 0.3227520
	speed: 0.1184s/iter; left time: 2934.5033s
Epoch: 13 cost time: 33.571133852005005
Epoch: 13, Steps: 284 | Train Loss: 0.4190043 Vali Loss: 0.3946889 Test Loss: 0.1532204
EarlyStopping counter: 6 out of 20
Updating learning rate to 3.486784401000001e-05
	iters: 100, epoch: 14 | loss: 0.2998020
	speed: 0.2766s/iter; left time: 6806.0879s
	iters: 200, epoch: 14 | loss: 0.3106987
	speed: 0.1183s/iter; left time: 2900.3358s
Epoch: 14 cost time: 33.57225584983826
Epoch: 14, Steps: 284 | Train Loss: 0.4179081 Vali Loss: 0.3960470 Test Loss: 0.1532113
EarlyStopping counter: 7 out of 20
Updating learning rate to 3.138105960900001e-05
	iters: 100, epoch: 15 | loss: 0.4909006
	speed: 0.2765s/iter; left time: 6724.9127s
	iters: 200, epoch: 15 | loss: 0.4100121
	speed: 0.1184s/iter; left time: 2867.5163s
Epoch: 15 cost time: 33.5741868019104
Epoch: 15, Steps: 284 | Train Loss: 0.4175804 Vali Loss: 0.3959474 Test Loss: 0.1516736
EarlyStopping counter: 8 out of 20
Updating learning rate to 2.824295364810001e-05
	iters: 100, epoch: 16 | loss: 0.3192267
	speed: 0.2763s/iter; left time: 6643.5449s
	iters: 200, epoch: 16 | loss: 0.6281337
	speed: 0.1184s/iter; left time: 2833.6189s
Epoch: 16 cost time: 33.57745122909546
Epoch: 16, Steps: 284 | Train Loss: 0.4159154 Vali Loss: 0.3965468 Test Loss: 0.1529959
EarlyStopping counter: 9 out of 20
Updating learning rate to 2.541865828329001e-05
	iters: 100, epoch: 17 | loss: 0.2877150
	speed: 0.2763s/iter; left time: 6564.5596s
	iters: 200, epoch: 17 | loss: 0.5814732
	speed: 0.1184s/iter; left time: 2799.8850s
Epoch: 17 cost time: 33.57389211654663
Epoch: 17, Steps: 284 | Train Loss: 0.4156104 Vali Loss: 0.3960105 Test Loss: 0.1519146
EarlyStopping counter: 10 out of 20
Updating learning rate to 2.287679245496101e-05
	iters: 100, epoch: 18 | loss: 0.3176280
	speed: 0.2763s/iter; left time: 6484.6711s
	iters: 200, epoch: 18 | loss: 0.6293520
	speed: 0.1184s/iter; left time: 2766.4974s
Epoch: 18 cost time: 33.57098078727722
Epoch: 18, Steps: 284 | Train Loss: 0.4140039 Vali Loss: 0.3916375 Test Loss: 0.1520436
Validation loss decreased (0.393013 --> 0.391637).  Saving model ...
Updating learning rate to 2.0589113209464907e-05
	iters: 100, epoch: 19 | loss: 0.4825881
	speed: 0.2769s/iter; left time: 6420.8326s
	iters: 200, epoch: 19 | loss: 0.5150076
	speed: 0.1182s/iter; left time: 2728.8058s
Epoch: 19 cost time: 33.52760052680969
Epoch: 19, Steps: 284 | Train Loss: 0.4134566 Vali Loss: 0.3951707 Test Loss: 0.1516576
EarlyStopping counter: 1 out of 20
Updating learning rate to 1.8530201888518416e-05
	iters: 100, epoch: 20 | loss: 0.3089970
	speed: 0.2758s/iter; left time: 6316.2999s
	iters: 200, epoch: 20 | loss: 0.3063101
	speed: 0.1182s/iter; left time: 2694.9975s
Epoch: 20 cost time: 33.52893090248108
Epoch: 20, Steps: 284 | Train Loss: 0.4128193 Vali Loss: 0.3937402 Test Loss: 0.1509357
EarlyStopping counter: 2 out of 20
Updating learning rate to 1.6677181699666577e-05
	iters: 100, epoch: 21 | loss: 0.8300127
	speed: 0.2759s/iter; left time: 6241.3293s
	iters: 200, epoch: 21 | loss: 0.2950128
	speed: 0.1182s/iter; left time: 2660.9893s
Epoch: 21 cost time: 33.51855945587158
Epoch: 21, Steps: 284 | Train Loss: 0.4129927 Vali Loss: 0.3968883 Test Loss: 0.1512482
EarlyStopping counter: 3 out of 20
Updating learning rate to 1.5009463529699919e-05
	iters: 100, epoch: 22 | loss: 0.3233415
	speed: 0.2759s/iter; left time: 6163.6897s
	iters: 200, epoch: 22 | loss: 0.3025283
	speed: 0.1182s/iter; left time: 2627.8335s
Epoch: 22 cost time: 33.52461266517639
Epoch: 22, Steps: 284 | Train Loss: 0.4117674 Vali Loss: 0.3940137 Test Loss: 0.1512927
EarlyStopping counter: 4 out of 20
Updating learning rate to 1.3508517176729929e-05
	iters: 100, epoch: 23 | loss: 0.3726737
	speed: 0.2757s/iter; left time: 6079.8251s
	iters: 200, epoch: 23 | loss: 0.3329844
	speed: 0.1182s/iter; left time: 2593.7966s
Epoch: 23 cost time: 33.51883935928345
Epoch: 23, Steps: 284 | Train Loss: 0.4119660 Vali Loss: 0.3955709 Test Loss: 0.1516595
EarlyStopping counter: 5 out of 20
Updating learning rate to 1.2157665459056936e-05
	iters: 100, epoch: 24 | loss: 0.5885434
	speed: 0.2756s/iter; left time: 6000.1543s
	iters: 200, epoch: 24 | loss: 0.5562657
	speed: 0.1182s/iter; left time: 2560.2207s
Epoch: 24 cost time: 33.51911425590515
Epoch: 24, Steps: 284 | Train Loss: 0.4110960 Vali Loss: 0.3921319 Test Loss: 0.1512386
EarlyStopping counter: 6 out of 20
Updating learning rate to 1.0941898913151242e-05
	iters: 100, epoch: 25 | loss: 0.3827918
	speed: 0.2756s/iter; left time: 5920.8491s
	iters: 200, epoch: 25 | loss: 0.5155455
	speed: 0.1182s/iter; left time: 2527.3109s
Epoch: 25 cost time: 33.52054238319397
Epoch: 25, Steps: 284 | Train Loss: 0.4111504 Vali Loss: 0.3933139 Test Loss: 0.1517504
EarlyStopping counter: 7 out of 20
Updating learning rate to 9.847709021836118e-06
	iters: 100, epoch: 26 | loss: 0.2720459
	speed: 0.2761s/iter; left time: 5852.7573s
	iters: 200, epoch: 26 | loss: 0.4930109
	speed: 0.1182s/iter; left time: 2493.7776s
Epoch: 26 cost time: 33.52440929412842
Epoch: 26, Steps: 284 | Train Loss: 0.4099275 Vali Loss: 0.3938689 Test Loss: 0.1510572
EarlyStopping counter: 8 out of 20
Updating learning rate to 8.862938119652508e-06
	iters: 100, epoch: 27 | loss: 0.3333932
	speed: 0.2759s/iter; left time: 5770.0965s
	iters: 200, epoch: 27 | loss: 0.5444837
	speed: 0.1182s/iter; left time: 2459.9260s
Epoch: 27 cost time: 33.51163077354431
Epoch: 27, Steps: 284 | Train Loss: 0.4105920 Vali Loss: 0.3922382 Test Loss: 0.1512137
EarlyStopping counter: 9 out of 20
Updating learning rate to 7.976644307687255e-06
	iters: 100, epoch: 28 | loss: 0.5109582
	speed: 0.2756s/iter; left time: 5686.1423s
	iters: 200, epoch: 28 | loss: 0.4107606
	speed: 0.1182s/iter; left time: 2426.6438s
Epoch: 28 cost time: 33.50870680809021
Epoch: 28, Steps: 284 | Train Loss: 0.4093582 Vali Loss: 0.3940699 Test Loss: 0.1514058
EarlyStopping counter: 10 out of 20
Updating learning rate to 7.178979876918531e-06
	iters: 100, epoch: 29 | loss: 0.3679677
	speed: 0.2757s/iter; left time: 5610.5178s
	iters: 200, epoch: 29 | loss: 0.6028056
	speed: 0.1182s/iter; left time: 2392.8521s
Epoch: 29 cost time: 33.50586223602295
Epoch: 29, Steps: 284 | Train Loss: 0.4104483 Vali Loss: 0.3933120 Test Loss: 0.1513263
EarlyStopping counter: 11 out of 20
Updating learning rate to 6.4610818892266776e-06
	iters: 100, epoch: 30 | loss: 0.3910539
	speed: 0.2755s/iter; left time: 5527.6349s
	iters: 200, epoch: 30 | loss: 0.2937911
	speed: 0.1182s/iter; left time: 2360.3524s
Epoch: 30 cost time: 33.518120765686035
Epoch: 30, Steps: 284 | Train Loss: 0.4099610 Vali Loss: 0.3954104 Test Loss: 0.1514924
EarlyStopping counter: 12 out of 20
Updating learning rate to 5.8149737003040096e-06
	iters: 100, epoch: 31 | loss: 0.3463039
	speed: 0.2756s/iter; left time: 5451.8281s
	iters: 200, epoch: 31 | loss: 0.3632764
	speed: 0.1182s/iter; left time: 2326.5333s
Epoch: 31 cost time: 33.51477575302124
Epoch: 31, Steps: 284 | Train Loss: 0.4096915 Vali Loss: 0.3934704 Test Loss: 0.1512517
EarlyStopping counter: 13 out of 20
Updating learning rate to 5.23347633027361e-06
	iters: 100, epoch: 32 | loss: 0.5393093
	speed: 0.2759s/iter; left time: 5378.3023s
	iters: 200, epoch: 32 | loss: 0.3706241
	speed: 0.1183s/iter; left time: 2293.7444s
Epoch: 32 cost time: 33.5264413356781
Epoch: 32, Steps: 284 | Train Loss: 0.4086447 Vali Loss: 0.3931689 Test Loss: 0.1507017
EarlyStopping counter: 14 out of 20
Updating learning rate to 4.710128697246249e-06
	iters: 100, epoch: 33 | loss: 0.5232350
	speed: 0.2758s/iter; left time: 5298.9537s
	iters: 200, epoch: 33 | loss: 0.3213019
	speed: 0.1182s/iter; left time: 2259.7334s
Epoch: 33 cost time: 33.52401113510132
Epoch: 33, Steps: 284 | Train Loss: 0.4087093 Vali Loss: 0.3937762 Test Loss: 0.1511996
EarlyStopping counter: 15 out of 20
Updating learning rate to 4.239115827521624e-06
	iters: 100, epoch: 34 | loss: 0.2881109
	speed: 0.2758s/iter; left time: 5220.0933s
	iters: 200, epoch: 34 | loss: 0.5682404
	speed: 0.1182s/iter; left time: 2225.4560s
Epoch: 34 cost time: 33.50799512863159
Epoch: 34, Steps: 284 | Train Loss: 0.4094109 Vali Loss: 0.3926766 Test Loss: 0.1510369
EarlyStopping counter: 16 out of 20
Updating learning rate to 3.815204244769462e-06
	iters: 100, epoch: 35 | loss: 0.4027358
	speed: 0.2755s/iter; left time: 5136.1470s
	iters: 200, epoch: 35 | loss: 0.2675942
	speed: 0.1182s/iter; left time: 2191.4687s
Epoch: 35 cost time: 33.50492191314697
Epoch: 35, Steps: 284 | Train Loss: 0.4091416 Vali Loss: 0.3926950 Test Loss: 0.1512290
EarlyStopping counter: 17 out of 20
Updating learning rate to 3.4336838202925152e-06
	iters: 100, epoch: 36 | loss: 0.5660959
	speed: 0.2756s/iter; left time: 5059.7955s
	iters: 200, epoch: 36 | loss: 0.3359140
	speed: 0.1182s/iter; left time: 2157.9704s
Epoch: 36 cost time: 33.50670051574707
Epoch: 36, Steps: 284 | Train Loss: 0.4091402 Vali Loss: 0.3941466 Test Loss: 0.1510690
EarlyStopping counter: 18 out of 20
Updating learning rate to 3.090315438263264e-06
	iters: 100, epoch: 37 | loss: 0.5423992
	speed: 0.2757s/iter; left time: 4983.7913s
	iters: 200, epoch: 37 | loss: 0.9890681
	speed: 0.1182s/iter; left time: 2124.4317s
Epoch: 37 cost time: 33.50945448875427
Epoch: 37, Steps: 284 | Train Loss: 0.4090738 Vali Loss: 0.3927481 Test Loss: 0.1512391
EarlyStopping counter: 19 out of 20
Updating learning rate to 2.7812838944369375e-06
	iters: 100, epoch: 38 | loss: 0.5727642
	speed: 0.2756s/iter; left time: 4904.3318s
	iters: 200, epoch: 38 | loss: 0.5270578
	speed: 0.1182s/iter; left time: 2091.1129s
Epoch: 38 cost time: 33.515904903411865
Epoch: 38, Steps: 284 | Train Loss: 0.4085758 Vali Loss: 0.3924672 Test Loss: 0.1509656
EarlyStopping counter: 20 out of 20
Early stopping
>>>>>>>testing : NL_weather_flatten_lr0.0001_always_336_96_PatchTST_custom_ftM_sl336_ll48_pl96_dm128_nh16_el3_dl1_df256_fc1_ebtimeF_dtTruelr0.0001_polalways_Nested_Learning_0<<<<<<<<<<<<<<<<<<<<<<<<<<<<<<<<<
test 10444
 Ejecutando Inferencia DINÁMICA (Nested Learning con flatten)
  -> Política: always | LR: 0.0001 | Target: head

RESUMEN: El CMS se actualizó 81 veces de 81 posibles.

mse:0.15821626782417297, mae:0.20790114998817444, rse:0.5240051746368408
Args in experiment:
Namespace(random_seed=2021, is_training=1, model_id='NL_weather_flatten_lr0.0001_always_336_192', model='PatchTST', data='custom', root_path='./dataset/', data_path='weather.csv', features='M', target='OT', freq='h', checkpoints='./checkpoints/', seq_len=336, label_len=48, pred_len=192, head_type='flatten', cms_lr=0.0001, update_policy='always', fc_dropout=0.2, head_dropout=0.0, patch_len=16, stride=8, padding_patch='end', revin=1, affine=0, subtract_last=0, decomposition=0, kernel_size=25, individual=0, embed_type=0, enc_in=21, dec_in=7, c_out=7, d_model=128, n_heads=16, e_layers=3, d_layers=1, d_ff=256, moving_avg=25, factor=1, distil=True, dropout=0.2, embed='timeF', activation='gelu', output_attention=False, do_predict=False, num_workers=0, itr=1, train_epochs=100, batch_size=128, patience=20, learning_rate=0.0001, des='Nested_Learning', loss='mse', lradj='type3', pct_start=0.3, use_amp=False, use_gpu=True, gpu=0, use_multi_gpu=False, devices='0,1,2,3', test_flop=False)
Use GPU: cuda:0
>>>>>>>start training : NL_weather_flatten_lr0.0001_always_336_192_PatchTST_custom_ftM_sl336_ll48_pl192_dm128_nh16_el3_dl1_df256_fc1_ebtimeF_dtTruelr0.0001_polalways_Nested_Learning_0>>>>>>>>>>>>>>>>>>>>>>>>>>
train 36360
val 5079
test 10348
	iters: 100, epoch: 1 | loss: 0.7898255
	speed: 0.1518s/iter; left time: 4296.4656s
	iters: 200, epoch: 1 | loss: 0.7296064
	speed: 0.1187s/iter; left time: 3346.7127s
Epoch: 1 cost time: 33.963982582092285
Epoch: 1, Steps: 284 | Train Loss: 0.7786245 Vali Loss: 0.5970560 Test Loss: 0.2579552
Validation loss decreased (inf --> 0.597056).  Saving model ...
Updating learning rate to 0.0001
	iters: 100, epoch: 2 | loss: 0.4176312
	speed: 0.2801s/iter; left time: 7848.4905s
	iters: 200, epoch: 2 | loss: 0.5438543
	speed: 0.1191s/iter; left time: 3325.6488s
Epoch: 2 cost time: 33.782641649246216
Epoch: 2, Steps: 284 | Train Loss: 0.5393082 Vali Loss: 0.4897614 Test Loss: 0.2144672
Validation loss decreased (0.597056 --> 0.489761).  Saving model ...
Updating learning rate to 0.0001
	iters: 100, epoch: 3 | loss: 0.3993216
	speed: 0.2848s/iter; left time: 7897.3924s
	iters: 200, epoch: 3 | loss: 0.7674697
	speed: 0.1191s/iter; left time: 3291.6805s
Epoch: 3 cost time: 33.795100688934326
Epoch: 3, Steps: 284 | Train Loss: 0.5023590 Vali Loss: 0.4736092 Test Loss: 0.2076697
Validation loss decreased (0.489761 --> 0.473609).  Saving model ...
Updating learning rate to 0.0001
	iters: 100, epoch: 4 | loss: 0.6683097
	speed: 0.2807s/iter; left time: 7704.3579s
	iters: 200, epoch: 4 | loss: 0.4998709
	speed: 0.1191s/iter; left time: 3258.1624s
Epoch: 4 cost time: 33.80084466934204
Epoch: 4, Steps: 284 | Train Loss: 0.4950148 Vali Loss: 0.4658372 Test Loss: 0.2041060
Validation loss decreased (0.473609 --> 0.465837).  Saving model ...
Updating learning rate to 9e-05
	iters: 100, epoch: 5 | loss: 0.3903326
	speed: 0.2795s/iter; left time: 7593.5469s
	iters: 200, epoch: 5 | loss: 0.3882280
	speed: 0.1192s/iter; left time: 3225.1536s
Epoch: 5 cost time: 33.80590772628784
Epoch: 5, Steps: 284 | Train Loss: 0.4905613 Vali Loss: 0.4633508 Test Loss: 0.2029252
Validation loss decreased (0.465837 --> 0.463351).  Saving model ...
Updating learning rate to 8.1e-05
	iters: 100, epoch: 6 | loss: 0.5365308
	speed: 0.2796s/iter; left time: 7515.7314s
	iters: 200, epoch: 6 | loss: 0.3591456
	speed: 0.1192s/iter; left time: 3191.6244s
Epoch: 6 cost time: 33.80929398536682
Epoch: 6, Steps: 284 | Train Loss: 0.4874692 Vali Loss: 0.4618708 Test Loss: 0.2012297
Validation loss decreased (0.463351 --> 0.461871).  Saving model ...
Updating learning rate to 7.290000000000001e-05
	iters: 100, epoch: 7 | loss: 0.4305279
	speed: 0.2798s/iter; left time: 7441.7818s
	iters: 200, epoch: 7 | loss: 0.3651400
	speed: 0.1192s/iter; left time: 3157.7138s
Epoch: 7 cost time: 33.80727219581604
Epoch: 7, Steps: 284 | Train Loss: 0.4850137 Vali Loss: 0.4654134 Test Loss: 0.2005138
EarlyStopping counter: 1 out of 20
Updating learning rate to 6.561e-05
	iters: 100, epoch: 8 | loss: 0.4103944
	speed: 0.2785s/iter; left time: 7328.1282s
	iters: 200, epoch: 8 | loss: 0.4370790
	speed: 0.1191s/iter; left time: 3123.1771s
Epoch: 8 cost time: 33.79906916618347
Epoch: 8, Steps: 284 | Train Loss: 0.4827906 Vali Loss: 0.4618655 Test Loss: 0.1992026
Validation loss decreased (0.461871 --> 0.461865).  Saving model ...
Updating learning rate to 5.904900000000001e-05
	iters: 100, epoch: 9 | loss: 0.4004579
	speed: 0.2794s/iter; left time: 7271.2960s
	iters: 200, epoch: 9 | loss: 0.5493616
	speed: 0.1191s/iter; left time: 3089.0959s
Epoch: 9 cost time: 33.798945903778076
Epoch: 9, Steps: 284 | Train Loss: 0.4812519 Vali Loss: 0.4679092 Test Loss: 0.1987149
EarlyStopping counter: 1 out of 20
Updating learning rate to 5.3144100000000005e-05
	iters: 100, epoch: 10 | loss: 0.5574967
	speed: 0.2786s/iter; left time: 7173.8031s
	iters: 200, epoch: 10 | loss: 0.5697680
	speed: 0.1191s/iter; left time: 3055.3320s
Epoch: 10 cost time: 33.79897594451904
Epoch: 10, Steps: 284 | Train Loss: 0.4798004 Vali Loss: 0.4647491 Test Loss: 0.1982253
EarlyStopping counter: 2 out of 20
Updating learning rate to 4.782969000000001e-05
	iters: 100, epoch: 11 | loss: 0.4689753
	speed: 0.2785s/iter; left time: 7090.7979s
	iters: 200, epoch: 11 | loss: 0.3612284
	speed: 0.1193s/iter; left time: 3025.2288s
Epoch: 11 cost time: 33.826613903045654
Epoch: 11, Steps: 284 | Train Loss: 0.4781245 Vali Loss: 0.4639465 Test Loss: 0.1986348
EarlyStopping counter: 3 out of 20
Updating learning rate to 4.304672100000001e-05
	iters: 100, epoch: 12 | loss: 0.4150255
	speed: 0.2789s/iter; left time: 7022.5777s
	iters: 200, epoch: 12 | loss: 0.3838855
	speed: 0.1193s/iter; left time: 2991.3411s
Epoch: 12 cost time: 33.825212717056274
Epoch: 12, Steps: 284 | Train Loss: 0.4772335 Vali Loss: 0.4654195 Test Loss: 0.1973531
EarlyStopping counter: 4 out of 20
Updating learning rate to 3.874204890000001e-05
	iters: 100, epoch: 13 | loss: 0.5187480
	speed: 0.2788s/iter; left time: 6940.6091s
	iters: 200, epoch: 13 | loss: 0.5042387
	speed: 0.1192s/iter; left time: 2955.8022s
Epoch: 13 cost time: 33.808186054229736
Epoch: 13, Steps: 284 | Train Loss: 0.4760999 Vali Loss: 0.4654856 Test Loss: 0.1969302
EarlyStopping counter: 5 out of 20
Updating learning rate to 3.486784401000001e-05
	iters: 100, epoch: 14 | loss: 0.7966121
	speed: 0.2788s/iter; left time: 6861.1008s
	iters: 200, epoch: 14 | loss: 0.4969146
	speed: 0.1192s/iter; left time: 2920.2476s
Epoch: 14 cost time: 33.80093550682068
Epoch: 14, Steps: 284 | Train Loss: 0.4752247 Vali Loss: 0.4610519 Test Loss: 0.1974386
Validation loss decreased (0.461865 --> 0.461052).  Saving model ...
Updating learning rate to 3.138105960900001e-05
	iters: 100, epoch: 15 | loss: 0.3570276
	speed: 0.2792s/iter; left time: 6792.4041s
	iters: 200, epoch: 15 | loss: 0.4188582
	speed: 0.1192s/iter; left time: 2886.7397s
Epoch: 15 cost time: 33.80557560920715
Epoch: 15, Steps: 284 | Train Loss: 0.4744221 Vali Loss: 0.4629091 Test Loss: 0.1969468
EarlyStopping counter: 1 out of 20
Updating learning rate to 2.824295364810001e-05
	iters: 100, epoch: 16 | loss: 0.3673907
	speed: 0.2788s/iter; left time: 6701.4461s
	iters: 200, epoch: 16 | loss: 0.3893620
	speed: 0.1192s/iter; left time: 2852.7985s
Epoch: 16 cost time: 33.810208559036255
Epoch: 16, Steps: 284 | Train Loss: 0.4734375 Vali Loss: 0.4596934 Test Loss: 0.1963685
Validation loss decreased (0.461052 --> 0.459693).  Saving model ...
Updating learning rate to 2.541865828329001e-05
	iters: 100, epoch: 17 | loss: 0.3617107
	speed: 0.2807s/iter; left time: 6667.9779s
	iters: 200, epoch: 17 | loss: 0.3757707
	speed: 0.1192s/iter; left time: 2819.5885s
Epoch: 17 cost time: 33.81374740600586
Epoch: 17, Steps: 284 | Train Loss: 0.4730199 Vali Loss: 0.4628511 Test Loss: 0.1964924
EarlyStopping counter: 1 out of 20
Updating learning rate to 2.287679245496101e-05
	iters: 100, epoch: 18 | loss: 0.5327272
	speed: 0.2785s/iter; left time: 6537.8881s
	iters: 200, epoch: 18 | loss: 0.4655602
	speed: 0.1192s/iter; left time: 2785.2318s
Epoch: 18 cost time: 33.80707311630249
Epoch: 18, Steps: 284 | Train Loss: 0.4720954 Vali Loss: 0.4628371 Test Loss: 0.1963245
EarlyStopping counter: 2 out of 20
Updating learning rate to 2.0589113209464907e-05
	iters: 100, epoch: 19 | loss: 0.6640268
	speed: 0.2788s/iter; left time: 6465.0086s
	iters: 200, epoch: 19 | loss: 0.6103594
	speed: 0.1192s/iter; left time: 2751.5381s
Epoch: 19 cost time: 33.805689334869385
Epoch: 19, Steps: 284 | Train Loss: 0.4712257 Vali Loss: 0.4662917 Test Loss: 0.1964992
EarlyStopping counter: 3 out of 20
Updating learning rate to 1.8530201888518416e-05
	iters: 100, epoch: 20 | loss: 0.3644575
	speed: 0.2788s/iter; left time: 6386.6482s
	iters: 200, epoch: 20 | loss: 0.3355308
	speed: 0.1191s/iter; left time: 2717.1952s
Epoch: 20 cost time: 33.796908378601074
Epoch: 20, Steps: 284 | Train Loss: 0.4707587 Vali Loss: 0.4655925 Test Loss: 0.1966305
EarlyStopping counter: 4 out of 20
Updating learning rate to 1.6677181699666577e-05
	iters: 100, epoch: 21 | loss: 0.4049782
	speed: 0.2786s/iter; left time: 6302.1030s
	iters: 200, epoch: 21 | loss: 0.5204439
	speed: 0.1192s/iter; left time: 2683.7972s
Epoch: 21 cost time: 33.804346561431885
Epoch: 21, Steps: 284 | Train Loss: 0.4700676 Vali Loss: 0.4637909 Test Loss: 0.1963670
EarlyStopping counter: 5 out of 20
Updating learning rate to 1.5009463529699919e-05
	iters: 100, epoch: 22 | loss: 0.5626593
	speed: 0.2789s/iter; left time: 6230.5846s
	iters: 200, epoch: 22 | loss: 0.5354857
	speed: 0.1192s/iter; left time: 2649.6622s
Epoch: 22 cost time: 33.79640293121338
Epoch: 22, Steps: 284 | Train Loss: 0.4696577 Vali Loss: 0.4639557 Test Loss: 0.1960404
EarlyStopping counter: 6 out of 20
Updating learning rate to 1.3508517176729929e-05
	iters: 100, epoch: 23 | loss: 0.4690339
	speed: 0.2790s/iter; left time: 6152.6363s
	iters: 200, epoch: 23 | loss: 0.4548507
	speed: 0.1191s/iter; left time: 2615.6920s
Epoch: 23 cost time: 33.79978060722351
Epoch: 23, Steps: 284 | Train Loss: 0.4693100 Vali Loss: 0.4624137 Test Loss: 0.1959412
EarlyStopping counter: 7 out of 20
Updating learning rate to 1.2157665459056936e-05
	iters: 100, epoch: 24 | loss: 0.5983635
	speed: 0.2791s/iter; left time: 6076.1867s
	iters: 200, epoch: 24 | loss: 0.4911433
	speed: 0.1192s/iter; left time: 2582.2289s
Epoch: 24 cost time: 33.79994201660156
Epoch: 24, Steps: 284 | Train Loss: 0.4686886 Vali Loss: 0.4621569 Test Loss: 0.1959698
EarlyStopping counter: 8 out of 20
Updating learning rate to 1.0941898913151242e-05
	iters: 100, epoch: 25 | loss: 0.6943423
	speed: 0.2789s/iter; left time: 5992.4473s
	iters: 200, epoch: 25 | loss: 0.3601774
	speed: 0.1192s/iter; left time: 2548.1399s
Epoch: 25 cost time: 33.79231667518616
Epoch: 25, Steps: 284 | Train Loss: 0.4683569 Vali Loss: 0.4621368 Test Loss: 0.1961261
EarlyStopping counter: 9 out of 20
Updating learning rate to 9.847709021836118e-06
	iters: 100, epoch: 26 | loss: 0.3430717
	speed: 0.2791s/iter; left time: 5917.9654s
	iters: 200, epoch: 26 | loss: 0.5170539
	speed: 0.1191s/iter; left time: 2513.7367s
Epoch: 26 cost time: 33.79062604904175
Epoch: 26, Steps: 284 | Train Loss: 0.4681073 Vali Loss: 0.4629436 Test Loss: 0.1962975
EarlyStopping counter: 10 out of 20
Updating learning rate to 8.862938119652508e-06
	iters: 100, epoch: 27 | loss: 0.4296465
	speed: 0.2792s/iter; left time: 5840.2417s
	iters: 200, epoch: 27 | loss: 0.4855661
	speed: 0.1192s/iter; left time: 2480.7141s
Epoch: 27 cost time: 33.8031005859375
Epoch: 27, Steps: 284 | Train Loss: 0.4673329 Vali Loss: 0.4625829 Test Loss: 0.1962359
EarlyStopping counter: 11 out of 20
Updating learning rate to 7.976644307687255e-06
	iters: 100, epoch: 28 | loss: 0.3400319
	speed: 0.2789s/iter; left time: 5754.2954s
	iters: 200, epoch: 28 | loss: 0.4905148
	speed: 0.1192s/iter; left time: 2446.7819s
Epoch: 28 cost time: 33.80084252357483
Epoch: 28, Steps: 284 | Train Loss: 0.4675871 Vali Loss: 0.4616275 Test Loss: 0.1961073
EarlyStopping counter: 12 out of 20
Updating learning rate to 7.178979876918531e-06
	iters: 100, epoch: 29 | loss: 0.7008770
	speed: 0.2793s/iter; left time: 5683.2506s
	iters: 200, epoch: 29 | loss: 0.7031043
	speed: 0.1192s/iter; left time: 2413.3091s
Epoch: 29 cost time: 33.83234977722168
Epoch: 29, Steps: 284 | Train Loss: 0.4673127 Vali Loss: 0.4635616 Test Loss: 0.1969394
EarlyStopping counter: 13 out of 20
Updating learning rate to 6.4610818892266776e-06
	iters: 100, epoch: 30 | loss: 0.3966733
	speed: 0.2789s/iter; left time: 5596.6517s
	iters: 200, epoch: 30 | loss: 0.6120189
	speed: 0.1192s/iter; left time: 2379.3197s
Epoch: 30 cost time: 33.803096532821655
Epoch: 30, Steps: 284 | Train Loss: 0.4670613 Vali Loss: 0.4624181 Test Loss: 0.1962515
EarlyStopping counter: 14 out of 20
Updating learning rate to 5.8149737003040096e-06
	iters: 100, epoch: 31 | loss: 0.3945921
	speed: 0.2785s/iter; left time: 5509.6135s
	iters: 200, epoch: 31 | loss: 0.4906986
	speed: 0.1192s/iter; left time: 2346.4664s
Epoch: 31 cost time: 33.81560397148132
Epoch: 31, Steps: 284 | Train Loss: 0.4670160 Vali Loss: 0.4614631 Test Loss: 0.1965223
EarlyStopping counter: 15 out of 20
Updating learning rate to 5.23347633027361e-06
	iters: 100, epoch: 32 | loss: 0.3793561
	speed: 0.2787s/iter; left time: 5434.5643s
	iters: 200, epoch: 32 | loss: 0.5089777
	speed: 0.1192s/iter; left time: 2311.9119s
Epoch: 32 cost time: 33.805805683135986
Epoch: 32, Steps: 284 | Train Loss: 0.4665833 Vali Loss: 0.4609572 Test Loss: 0.1961392
EarlyStopping counter: 16 out of 20
Updating learning rate to 4.710128697246249e-06
	iters: 100, epoch: 33 | loss: 0.4568321
	speed: 0.2787s/iter; left time: 5354.4520s
	iters: 200, epoch: 33 | loss: 0.6236559
	speed: 0.1192s/iter; left time: 2277.4644s
Epoch: 33 cost time: 33.801533460617065
Epoch: 33, Steps: 284 | Train Loss: 0.4664492 Vali Loss: 0.4610116 Test Loss: 0.1963305
EarlyStopping counter: 17 out of 20
Updating learning rate to 4.239115827521624e-06
	iters: 100, epoch: 34 | loss: 0.4837813
	speed: 0.2785s/iter; left time: 5271.0057s
	iters: 200, epoch: 34 | loss: 0.3614100
	speed: 0.1192s/iter; left time: 2243.8417s
Epoch: 34 cost time: 33.804882764816284
Epoch: 34, Steps: 284 | Train Loss: 0.4659152 Vali Loss: 0.4622782 Test Loss: 0.1960271
EarlyStopping counter: 18 out of 20
Updating learning rate to 3.815204244769462e-06
	iters: 100, epoch: 35 | loss: 0.6404289
	speed: 0.2787s/iter; left time: 5196.7909s
	iters: 200, epoch: 35 | loss: 0.3896314
	speed: 0.1192s/iter; left time: 2210.4511s
Epoch: 35 cost time: 33.812395095825195
Epoch: 35, Steps: 284 | Train Loss: 0.4663717 Vali Loss: 0.4608614 Test Loss: 0.1962041
EarlyStopping counter: 19 out of 20
Updating learning rate to 3.4336838202925152e-06
	iters: 100, epoch: 36 | loss: 0.5104238
	speed: 0.2788s/iter; left time: 5118.8656s
	iters: 200, epoch: 36 | loss: 0.3805922
	speed: 0.1192s/iter; left time: 2177.0196s
Epoch: 36 cost time: 33.81236386299133
Epoch: 36, Steps: 284 | Train Loss: 0.4662203 Vali Loss: 0.4620413 Test Loss: 0.1961484
EarlyStopping counter: 20 out of 20
Early stopping
>>>>>>>testing : NL_weather_flatten_lr0.0001_always_336_192_PatchTST_custom_ftM_sl336_ll48_pl192_dm128_nh16_el3_dl1_df256_fc1_ebtimeF_dtTruelr0.0001_polalways_Nested_Learning_0<<<<<<<<<<<<<<<<<<<<<<<<<<<<<<<<<
test 10348
 Ejecutando Inferencia DINÁMICA (Nested Learning con flatten)
  -> Política: always | LR: 0.0001 | Target: head

RESUMEN: El CMS se actualizó 80 veces de 80 posibles.

mse:0.2062016874551773, mae:0.2507926821708679, rse:0.5973951816558838
Args in experiment:
Namespace(random_seed=2021, is_training=1, model_id='NL_weather_flatten_lr0.0001_always_336_336', model='PatchTST', data='custom', root_path='./dataset/', data_path='weather.csv', features='M', target='OT', freq='h', checkpoints='./checkpoints/', seq_len=336, label_len=48, pred_len=336, head_type='flatten', cms_lr=0.0001, update_policy='always', fc_dropout=0.2, head_dropout=0.0, patch_len=16, stride=8, padding_patch='end', revin=1, affine=0, subtract_last=0, decomposition=0, kernel_size=25, individual=0, embed_type=0, enc_in=21, dec_in=7, c_out=7, d_model=128, n_heads=16, e_layers=3, d_layers=1, d_ff=256, moving_avg=25, factor=1, distil=True, dropout=0.2, embed='timeF', activation='gelu', output_attention=False, do_predict=False, num_workers=0, itr=1, train_epochs=100, batch_size=128, patience=20, learning_rate=0.0001, des='Nested_Learning', loss='mse', lradj='type3', pct_start=0.3, use_amp=False, use_gpu=True, gpu=0, use_multi_gpu=False, devices='0,1,2,3', test_flop=False)
Use GPU: cuda:0
>>>>>>>start training : NL_weather_flatten_lr0.0001_always_336_336_PatchTST_custom_ftM_sl336_ll48_pl336_dm128_nh16_el3_dl1_df256_fc1_ebtimeF_dtTruelr0.0001_polalways_Nested_Learning_0>>>>>>>>>>>>>>>>>>>>>>>>>>
train 36216
val 4935
test 10204
	iters: 100, epoch: 1 | loss: 0.7182200
	speed: 0.1966s/iter; left time: 5525.5998s
	iters: 200, epoch: 1 | loss: 0.6748239
	speed: 0.1204s/iter; left time: 3371.4443s
Epoch: 1 cost time: 34.20051908493042
Epoch: 1, Steps: 282 | Train Loss: 0.8237056 Vali Loss: 0.6739758 Test Loss: 0.3022012
Validation loss decreased (inf --> 0.673976).  Saving model ...
Updating learning rate to 0.0001
	iters: 100, epoch: 2 | loss: 0.5662861
	speed: 0.2846s/iter; left time: 7917.2787s
	iters: 200, epoch: 2 | loss: 0.5717235
	speed: 0.1209s/iter; left time: 3352.3975s
Epoch: 2 cost time: 34.03566002845764
Epoch: 2, Steps: 282 | Train Loss: 0.5893323 Vali Loss: 0.5685714 Test Loss: 0.2611332
Validation loss decreased (0.673976 --> 0.568571).  Saving model ...
Updating learning rate to 0.0001
	iters: 100, epoch: 3 | loss: 0.5282601
	speed: 0.2857s/iter; left time: 7866.4233s
	iters: 200, epoch: 3 | loss: 0.4535420
	speed: 0.1211s/iter; left time: 3322.1808s
Epoch: 3 cost time: 34.08513879776001
Epoch: 3, Steps: 282 | Train Loss: 0.5574754 Vali Loss: 0.5602568 Test Loss: 0.2568440
Validation loss decreased (0.568571 --> 0.560257).  Saving model ...
Updating learning rate to 0.0001
	iters: 100, epoch: 4 | loss: 0.7432833
	speed: 0.2842s/iter; left time: 7747.1456s
	iters: 200, epoch: 4 | loss: 0.6029333
	speed: 0.1210s/iter; left time: 3287.0478s
Epoch: 4 cost time: 34.081470251083374
Epoch: 4, Steps: 282 | Train Loss: 0.5501840 Vali Loss: 0.5545140 Test Loss: 0.2535720
Validation loss decreased (0.560257 --> 0.554514).  Saving model ...
Updating learning rate to 9e-05
	iters: 100, epoch: 5 | loss: 0.5364180
	speed: 0.2840s/iter; left time: 7659.7208s
	iters: 200, epoch: 5 | loss: 0.6446232
	speed: 0.1211s/iter; left time: 3254.4225s
Epoch: 5 cost time: 34.09300875663757
Epoch: 5, Steps: 282 | Train Loss: 0.5468968 Vali Loss: 0.5545504 Test Loss: 0.2540551
EarlyStopping counter: 1 out of 20
Updating learning rate to 8.1e-05
	iters: 100, epoch: 6 | loss: 0.5222734
	speed: 0.2832s/iter; left time: 7558.3608s
	iters: 200, epoch: 6 | loss: 0.4804187
	speed: 0.1212s/iter; left time: 3221.5271s
Epoch: 6 cost time: 34.0962495803833
Epoch: 6, Steps: 282 | Train Loss: 0.5437331 Vali Loss: 0.5489140 Test Loss: 0.2516291
Validation loss decreased (0.554514 --> 0.548914).  Saving model ...
Updating learning rate to 7.290000000000001e-05
	iters: 100, epoch: 7 | loss: 0.4234538
	speed: 0.2845s/iter; left time: 7514.0082s
	iters: 200, epoch: 7 | loss: 0.4292089
	speed: 0.1211s/iter; left time: 3186.6153s
Epoch: 7 cost time: 34.093222856521606
Epoch: 7, Steps: 282 | Train Loss: 0.5410966 Vali Loss: 0.5487409 Test Loss: 0.2510450
Validation loss decreased (0.548914 --> 0.548741).  Saving model ...
Updating learning rate to 6.561e-05
	iters: 100, epoch: 8 | loss: 0.4411202
	speed: 0.2844s/iter; left time: 7431.0204s
	iters: 200, epoch: 8 | loss: 0.5276051
	speed: 0.1211s/iter; left time: 3150.9647s
Epoch: 8 cost time: 34.0847384929657
Epoch: 8, Steps: 282 | Train Loss: 0.5389840 Vali Loss: 0.5457571 Test Loss: 0.2497024
Validation loss decreased (0.548741 --> 0.545757).  Saving model ...
Updating learning rate to 5.904900000000001e-05
	iters: 100, epoch: 9 | loss: 0.5155596
	speed: 0.2852s/iter; left time: 7370.3287s
	iters: 200, epoch: 9 | loss: 0.5157353
	speed: 0.1211s/iter; left time: 3118.5967s
Epoch: 9 cost time: 34.09216356277466
Epoch: 9, Steps: 282 | Train Loss: 0.5372602 Vali Loss: 0.5493655 Test Loss: 0.2492573
EarlyStopping counter: 1 out of 20
Updating learning rate to 5.3144100000000005e-05
	iters: 100, epoch: 10 | loss: 0.4900838
	speed: 0.2837s/iter; left time: 7251.3804s
	iters: 200, epoch: 10 | loss: 0.4861692
	speed: 0.1211s/iter; left time: 3083.7345s
Epoch: 10 cost time: 34.08819603919983
Epoch: 10, Steps: 282 | Train Loss: 0.5344634 Vali Loss: 0.5480773 Test Loss: 0.2482569
EarlyStopping counter: 2 out of 20
Updating learning rate to 4.782969000000001e-05
	iters: 100, epoch: 11 | loss: 0.5382500
	speed: 0.2831s/iter; left time: 7157.9486s
	iters: 200, epoch: 11 | loss: 0.4870766
	speed: 0.1211s/iter; left time: 3049.8726s
Epoch: 11 cost time: 34.10146188735962
Epoch: 11, Steps: 282 | Train Loss: 0.5335163 Vali Loss: 0.5461943 Test Loss: 0.2480281
EarlyStopping counter: 3 out of 20
Updating learning rate to 4.304672100000001e-05
	iters: 100, epoch: 12 | loss: 0.5277678
	speed: 0.2832s/iter; left time: 7079.6965s
	iters: 200, epoch: 12 | loss: 0.4323657
	speed: 0.1210s/iter; left time: 3012.9292s
Epoch: 12 cost time: 34.09020209312439
Epoch: 12, Steps: 282 | Train Loss: 0.5319460 Vali Loss: 0.5463400 Test Loss: 0.2480380
EarlyStopping counter: 4 out of 20
Updating learning rate to 3.874204890000001e-05
	iters: 100, epoch: 13 | loss: 0.5704072
	speed: 0.2840s/iter; left time: 7020.1449s
	iters: 200, epoch: 13 | loss: 0.6682194
	speed: 0.1210s/iter; left time: 2979.7636s
Epoch: 13 cost time: 34.10000991821289
Epoch: 13, Steps: 282 | Train Loss: 0.5305083 Vali Loss: 0.5504543 Test Loss: 0.2482265
EarlyStopping counter: 5 out of 20
Updating learning rate to 3.486784401000001e-05
	iters: 100, epoch: 14 | loss: 0.5525155
	speed: 0.2841s/iter; left time: 6942.4724s
	iters: 200, epoch: 14 | loss: 0.5355173
	speed: 0.1210s/iter; left time: 2944.6409s
Epoch: 14 cost time: 34.07937788963318
Epoch: 14, Steps: 282 | Train Loss: 0.5293641 Vali Loss: 0.5488242 Test Loss: 0.2474804
EarlyStopping counter: 6 out of 20
Updating learning rate to 3.138105960900001e-05
	iters: 100, epoch: 15 | loss: 0.5003884
	speed: 0.2834s/iter; left time: 6844.9255s
	iters: 200, epoch: 15 | loss: 0.6245868
	speed: 0.1210s/iter; left time: 2911.5937s
Epoch: 15 cost time: 34.091986417770386
Epoch: 15, Steps: 282 | Train Loss: 0.5278658 Vali Loss: 0.5484689 Test Loss: 0.2479002
EarlyStopping counter: 7 out of 20
Updating learning rate to 2.824295364810001e-05
	iters: 100, epoch: 16 | loss: 0.4892397
	speed: 0.2835s/iter; left time: 6767.2883s
	iters: 200, epoch: 16 | loss: 0.6022632
	speed: 0.1211s/iter; left time: 2877.9791s
Epoch: 16 cost time: 34.10697293281555
Epoch: 16, Steps: 282 | Train Loss: 0.5269725 Vali Loss: 0.5483341 Test Loss: 0.2479873
EarlyStopping counter: 8 out of 20
Updating learning rate to 2.541865828329001e-05
	iters: 100, epoch: 17 | loss: 0.4275338
	speed: 0.2836s/iter; left time: 6689.4101s
	iters: 200, epoch: 17 | loss: 0.4309734
	speed: 0.1211s/iter; left time: 2843.5784s
Epoch: 17 cost time: 34.10780334472656
Epoch: 17, Steps: 282 | Train Loss: 0.5256239 Vali Loss: 0.5501312 Test Loss: 0.2484614
EarlyStopping counter: 9 out of 20
Updating learning rate to 2.287679245496101e-05
	iters: 100, epoch: 18 | loss: 0.4298458
	speed: 0.2834s/iter; left time: 6605.8020s
	iters: 200, epoch: 18 | loss: 0.5630087
	speed: 0.1211s/iter; left time: 2809.4239s
Epoch: 18 cost time: 34.1162474155426
Epoch: 18, Steps: 282 | Train Loss: 0.5249424 Vali Loss: 0.5480022 Test Loss: 0.2483825
EarlyStopping counter: 10 out of 20
Updating learning rate to 2.0589113209464907e-05
	iters: 100, epoch: 19 | loss: 0.4326551
	speed: 0.2834s/iter; left time: 6524.4004s
	iters: 200, epoch: 19 | loss: 0.4619150
	speed: 0.1211s/iter; left time: 2775.6819s
Epoch: 19 cost time: 34.114940881729126
Epoch: 19, Steps: 282 | Train Loss: 0.5243188 Vali Loss: 0.5492254 Test Loss: 0.2482118
EarlyStopping counter: 11 out of 20
Updating learning rate to 1.8530201888518416e-05
	iters: 100, epoch: 20 | loss: 0.4662236
	speed: 0.2838s/iter; left time: 6454.1306s
	iters: 200, epoch: 20 | loss: 0.6784129
	speed: 0.1211s/iter; left time: 2742.5602s
Epoch: 20 cost time: 34.12068319320679
Epoch: 20, Steps: 282 | Train Loss: 0.5234893 Vali Loss: 0.5484654 Test Loss: 0.2481589
EarlyStopping counter: 12 out of 20
Updating learning rate to 1.6677181699666577e-05
	iters: 100, epoch: 21 | loss: 0.5671359
	speed: 0.2837s/iter; left time: 6371.4491s
	iters: 200, epoch: 21 | loss: 0.5055081
	speed: 0.1212s/iter; left time: 2710.0014s
Epoch: 21 cost time: 34.14223289489746
Epoch: 21, Steps: 282 | Train Loss: 0.5229729 Vali Loss: 0.5502334 Test Loss: 0.2485380
EarlyStopping counter: 13 out of 20
Updating learning rate to 1.5009463529699919e-05
	iters: 100, epoch: 22 | loss: 0.5973481
	speed: 0.2835s/iter; left time: 6287.5338s
	iters: 200, epoch: 22 | loss: 0.6737407
	speed: 0.1212s/iter; left time: 2676.9034s
Epoch: 22 cost time: 34.14135241508484
Epoch: 22, Steps: 282 | Train Loss: 0.5225852 Vali Loss: 0.5484481 Test Loss: 0.2486319
EarlyStopping counter: 14 out of 20
Updating learning rate to 1.3508517176729929e-05
	iters: 100, epoch: 23 | loss: 0.5264654
	speed: 0.2838s/iter; left time: 6215.2492s
	iters: 200, epoch: 23 | loss: 0.5069585
	speed: 0.1212s/iter; left time: 2641.8758s
Epoch: 23 cost time: 34.135557651519775
Epoch: 23, Steps: 282 | Train Loss: 0.5224308 Vali Loss: 0.5498232 Test Loss: 0.2485570
EarlyStopping counter: 15 out of 20
Updating learning rate to 1.2157665459056936e-05
	iters: 100, epoch: 24 | loss: 0.4178047
	speed: 0.2843s/iter; left time: 6145.5730s
	iters: 200, epoch: 24 | loss: 0.5216600
	speed: 0.1214s/iter; left time: 2611.7248s
Epoch: 24 cost time: 34.16727948188782
Epoch: 24, Steps: 282 | Train Loss: 0.5215264 Vali Loss: 0.5475357 Test Loss: 0.2483126
EarlyStopping counter: 16 out of 20
Updating learning rate to 1.0941898913151242e-05
	iters: 100, epoch: 25 | loss: 0.4450122
	speed: 0.2836s/iter; left time: 6051.0689s
	iters: 200, epoch: 25 | loss: 0.5098598
	speed: 0.1214s/iter; left time: 2576.9345s
Epoch: 25 cost time: 34.164565324783325
Epoch: 25, Steps: 282 | Train Loss: 0.5212829 Vali Loss: 0.5496719 Test Loss: 0.2481605
EarlyStopping counter: 17 out of 20
Updating learning rate to 9.847709021836118e-06
	iters: 100, epoch: 26 | loss: 0.4978499
	speed: 0.2836s/iter; left time: 5970.3923s
	iters: 200, epoch: 26 | loss: 0.5630062
	speed: 0.1214s/iter; left time: 2543.6426s
Epoch: 26 cost time: 34.16391134262085
Epoch: 26, Steps: 282 | Train Loss: 0.5211890 Vali Loss: 0.5496677 Test Loss: 0.2480631
EarlyStopping counter: 18 out of 20
Updating learning rate to 8.862938119652508e-06
	iters: 100, epoch: 27 | loss: 0.4554073
	speed: 0.2830s/iter; left time: 5878.2294s
	iters: 200, epoch: 27 | loss: 0.5624889
	speed: 0.1214s/iter; left time: 2508.5254s
Epoch: 27 cost time: 34.15999150276184
Epoch: 27, Steps: 282 | Train Loss: 0.5209287 Vali Loss: 0.5488987 Test Loss: 0.2482986
EarlyStopping counter: 19 out of 20
Updating learning rate to 7.976644307687255e-06
	iters: 100, epoch: 28 | loss: 0.4032135
	speed: 0.2834s/iter; left time: 5805.6339s
	iters: 200, epoch: 28 | loss: 0.5771154
	speed: 0.1214s/iter; left time: 2474.4897s
Epoch: 28 cost time: 34.16007137298584
Epoch: 28, Steps: 282 | Train Loss: 0.5205291 Vali Loss: 0.5492876 Test Loss: 0.2481953
EarlyStopping counter: 20 out of 20
Early stopping
>>>>>>>testing : NL_weather_flatten_lr0.0001_always_336_336_PatchTST_custom_ftM_sl336_ll48_pl336_dm128_nh16_el3_dl1_df256_fc1_ebtimeF_dtTruelr0.0001_polalways_Nested_Learning_0<<<<<<<<<<<<<<<<<<<<<<<<<<<<<<<<<
test 10204
 Ejecutando Inferencia DINÁMICA (Nested Learning con flatten)
  -> Política: always | LR: 0.0001 | Target: head

RESUMEN: El CMS se actualizó 79 veces de 79 posibles.

mse:0.2590682804584503, mae:0.2893460988998413, rse:0.6686043739318848
Args in experiment:
Namespace(random_seed=2021, is_training=1, model_id='NL_weather_flatten_lr0.0001_always_336_720', model='PatchTST', data='custom', root_path='./dataset/', data_path='weather.csv', features='M', target='OT', freq='h', checkpoints='./checkpoints/', seq_len=336, label_len=48, pred_len=720, head_type='flatten', cms_lr=0.0001, update_policy='always', fc_dropout=0.2, head_dropout=0.0, patch_len=16, stride=8, padding_patch='end', revin=1, affine=0, subtract_last=0, decomposition=0, kernel_size=25, individual=0, embed_type=0, enc_in=21, dec_in=7, c_out=7, d_model=128, n_heads=16, e_layers=3, d_layers=1, d_ff=256, moving_avg=25, factor=1, distil=True, dropout=0.2, embed='timeF', activation='gelu', output_attention=False, do_predict=False, num_workers=0, itr=1, train_epochs=100, batch_size=128, patience=20, learning_rate=0.0001, des='Nested_Learning', loss='mse', lradj='type3', pct_start=0.3, use_amp=False, use_gpu=True, gpu=0, use_multi_gpu=False, devices='0,1,2,3', test_flop=False)
Use GPU: cuda:0
>>>>>>>start training : NL_weather_flatten_lr0.0001_always_336_720_PatchTST_custom_ftM_sl336_ll48_pl720_dm128_nh16_el3_dl1_df256_fc1_ebtimeF_dtTruelr0.0001_polalways_Nested_Learning_0>>>>>>>>>>>>>>>>>>>>>>>>>>
train 35832
val 4551
test 9820
	iters: 100, epoch: 1 | loss: 0.7698621
	speed: 0.1623s/iter; left time: 4512.1533s
	iters: 200, epoch: 1 | loss: 0.7305005
	speed: 0.1252s/iter; left time: 3467.7179s
Epoch: 1 cost time: 35.211371660232544
Epoch: 1, Steps: 279 | Train Loss: 0.8838689 Vali Loss: 0.7670727 Test Loss: 0.3636861
Validation loss decreased (inf --> 0.767073).  Saving model ...
Updating learning rate to 0.0001
	iters: 100, epoch: 2 | loss: 0.7247072
	speed: 0.2971s/iter; left time: 8177.8879s
	iters: 200, epoch: 2 | loss: 0.6155989
	speed: 0.1256s/iter; left time: 3443.0417s
Epoch: 2 cost time: 34.98890209197998
Epoch: 2, Steps: 279 | Train Loss: 0.6577207 Vali Loss: 0.6777696 Test Loss: 0.3303010
Validation loss decreased (0.767073 --> 0.677770).  Saving model ...
Updating learning rate to 0.0001
	iters: 100, epoch: 3 | loss: 0.5378557
	speed: 0.2940s/iter; left time: 8010.0991s
	iters: 200, epoch: 3 | loss: 0.5992699
	speed: 0.1256s/iter; left time: 3410.2674s
Epoch: 3 cost time: 35.00187659263611
Epoch: 3, Steps: 279 | Train Loss: 0.6290345 Vali Loss: 0.6659533 Test Loss: 0.3255522
Validation loss decreased (0.677770 --> 0.665953).  Saving model ...
Updating learning rate to 0.0001
	iters: 100, epoch: 4 | loss: 0.6216544
	speed: 0.2965s/iter; left time: 7994.9027s
	iters: 200, epoch: 4 | loss: 0.6672352
	speed: 0.1255s/iter; left time: 3372.5120s
Epoch: 4 cost time: 34.98762631416321
Epoch: 4, Steps: 279 | Train Loss: 0.6225943 Vali Loss: 0.6598085 Test Loss: 0.3227119
Validation loss decreased (0.665953 --> 0.659808).  Saving model ...
Updating learning rate to 9e-05
	iters: 100, epoch: 5 | loss: 0.6966118
	speed: 0.2950s/iter; left time: 7872.8111s
	iters: 200, epoch: 5 | loss: 0.4897620
	speed: 0.1255s/iter; left time: 3336.8231s
Epoch: 5 cost time: 34.988431453704834
Epoch: 5, Steps: 279 | Train Loss: 0.6167872 Vali Loss: 0.6597695 Test Loss: 0.3215355
Validation loss decreased (0.659808 --> 0.659770).  Saving model ...
Updating learning rate to 8.1e-05
	iters: 100, epoch: 6 | loss: 0.5895646
	speed: 0.2954s/iter; left time: 7800.1524s
	iters: 200, epoch: 6 | loss: 0.6029347
	speed: 0.1254s/iter; left time: 3299.6777s
Epoch: 6 cost time: 34.98059940338135
Epoch: 6, Steps: 279 | Train Loss: 0.6138230 Vali Loss: 0.6561713 Test Loss: 0.3205972
Validation loss decreased (0.659770 --> 0.656171).  Saving model ...
Updating learning rate to 7.290000000000001e-05
	iters: 100, epoch: 7 | loss: 0.5640484
	speed: 0.2949s/iter; left time: 7705.1568s
	iters: 200, epoch: 7 | loss: 0.5899241
	speed: 0.1255s/iter; left time: 3265.2437s
Epoch: 7 cost time: 34.982264041900635
Epoch: 7, Steps: 279 | Train Loss: 0.6111264 Vali Loss: 0.6525215 Test Loss: 0.3199067
Validation loss decreased (0.656171 --> 0.652521).  Saving model ...
Updating learning rate to 6.561e-05
	iters: 100, epoch: 8 | loss: 0.5671222
	speed: 0.2943s/iter; left time: 7606.8063s
	iters: 200, epoch: 8 | loss: 0.6068861
	speed: 0.1255s/iter; left time: 3230.8321s
Epoch: 8 cost time: 34.972822427749634
Epoch: 8, Steps: 279 | Train Loss: 0.6095447 Vali Loss: 0.6573220 Test Loss: 0.3200503
EarlyStopping counter: 1 out of 20
Updating learning rate to 5.904900000000001e-05
	iters: 100, epoch: 9 | loss: 0.6270002
	speed: 0.2922s/iter; left time: 7470.5323s
	iters: 200, epoch: 9 | loss: 0.6845583
	speed: 0.1255s/iter; left time: 3196.2037s
Epoch: 9 cost time: 34.969451665878296
Epoch: 9, Steps: 279 | Train Loss: 0.6072753 Vali Loss: 0.6573974 Test Loss: 0.3196910
EarlyStopping counter: 2 out of 20
Updating learning rate to 5.3144100000000005e-05
	iters: 100, epoch: 10 | loss: 0.5986171
	speed: 0.2919s/iter; left time: 7381.1574s
	iters: 200, epoch: 10 | loss: 0.7266749
	speed: 0.1255s/iter; left time: 3161.2422s
Epoch: 10 cost time: 34.97540307044983
Epoch: 10, Steps: 279 | Train Loss: 0.6051911 Vali Loss: 0.6569903 Test Loss: 0.3196875
EarlyStopping counter: 3 out of 20
Updating learning rate to 4.782969000000001e-05
	iters: 100, epoch: 11 | loss: 0.5881779
	speed: 0.2919s/iter; left time: 7300.8285s
	iters: 200, epoch: 11 | loss: 0.6510938
	speed: 0.1255s/iter; left time: 3125.2524s
Epoch: 11 cost time: 34.97028684616089
Epoch: 11, Steps: 279 | Train Loss: 0.6032894 Vali Loss: 0.6561721 Test Loss: 0.3192521
EarlyStopping counter: 4 out of 20
Updating learning rate to 4.304672100000001e-05
	iters: 100, epoch: 12 | loss: 0.5069179
	speed: 0.2928s/iter; left time: 7241.2289s
	iters: 200, epoch: 12 | loss: 0.6295237
	speed: 0.1257s/iter; left time: 3095.8789s
Epoch: 12 cost time: 34.99831485748291
Epoch: 12, Steps: 279 | Train Loss: 0.6015453 Vali Loss: 0.6578753 Test Loss: 0.3196092
EarlyStopping counter: 5 out of 20
Updating learning rate to 3.874204890000001e-05
	iters: 100, epoch: 13 | loss: 0.6417783
	speed: 0.2921s/iter; left time: 7143.1409s
	iters: 200, epoch: 13 | loss: 0.5720313
	speed: 0.1256s/iter; left time: 3058.9220s
Epoch: 13 cost time: 35.00505352020264
Epoch: 13, Steps: 279 | Train Loss: 0.5999553 Vali Loss: 0.6546736 Test Loss: 0.3193249
EarlyStopping counter: 6 out of 20
Updating learning rate to 3.486784401000001e-05
	iters: 100, epoch: 14 | loss: 0.7050307
	speed: 0.2921s/iter; left time: 7061.5283s
	iters: 200, epoch: 14 | loss: 0.5344374
	speed: 0.1256s/iter; left time: 3024.4730s
Epoch: 14 cost time: 34.98972249031067
Epoch: 14, Steps: 279 | Train Loss: 0.5984730 Vali Loss: 0.6562452 Test Loss: 0.3184752
EarlyStopping counter: 7 out of 20
Updating learning rate to 3.138105960900001e-05
	iters: 100, epoch: 15 | loss: 0.7050614
	speed: 0.2920s/iter; left time: 6976.8379s
	iters: 200, epoch: 15 | loss: 0.5338700
	speed: 0.1257s/iter; left time: 2990.0816s
Epoch: 15 cost time: 34.98911762237549
Epoch: 15, Steps: 279 | Train Loss: 0.5973169 Vali Loss: 0.6539561 Test Loss: 0.3189608
EarlyStopping counter: 8 out of 20
Updating learning rate to 2.824295364810001e-05
	iters: 100, epoch: 16 | loss: 0.5927064
	speed: 0.2919s/iter; left time: 6894.5074s
	iters: 200, epoch: 16 | loss: 0.6279858
	speed: 0.1257s/iter; left time: 2956.0761s
Epoch: 16 cost time: 34.9744074344635
Epoch: 16, Steps: 279 | Train Loss: 0.5962084 Vali Loss: 0.6583050 Test Loss: 0.3204505
EarlyStopping counter: 9 out of 20
Updating learning rate to 2.541865828329001e-05
	iters: 100, epoch: 17 | loss: 0.5911056
	speed: 0.2917s/iter; left time: 6808.5089s
	iters: 200, epoch: 17 | loss: 0.6199918
	speed: 0.1260s/iter; left time: 2926.8582s
Epoch: 17 cost time: 35.00379824638367
Epoch: 17, Steps: 279 | Train Loss: 0.5956953 Vali Loss: 0.6548045 Test Loss: 0.3192921
EarlyStopping counter: 10 out of 20
Updating learning rate to 2.287679245496101e-05
	iters: 100, epoch: 18 | loss: 0.5524738
	speed: 0.2921s/iter; left time: 6734.1259s
	iters: 200, epoch: 18 | loss: 0.6249082
	speed: 0.1257s/iter; left time: 2884.8067s
Epoch: 18 cost time: 34.97278451919556
Epoch: 18, Steps: 279 | Train Loss: 0.5951591 Vali Loss: 0.6568159 Test Loss: 0.3193882
EarlyStopping counter: 11 out of 20
Updating learning rate to 2.0589113209464907e-05
	iters: 100, epoch: 19 | loss: 0.5104575
	speed: 0.2918s/iter; left time: 6647.4268s
	iters: 200, epoch: 19 | loss: 0.5879108
	speed: 0.1258s/iter; left time: 2852.9353s
Epoch: 19 cost time: 34.988986015319824
Epoch: 19, Steps: 279 | Train Loss: 0.5946656 Vali Loss: 0.6549067 Test Loss: 0.3197478
EarlyStopping counter: 12 out of 20
Updating learning rate to 1.8530201888518416e-05
	iters: 100, epoch: 20 | loss: 0.5742626
	speed: 0.2917s/iter; left time: 6563.1274s
	iters: 200, epoch: 20 | loss: 0.6712583
	speed: 0.1257s/iter; left time: 2815.1387s
Epoch: 20 cost time: 34.977317333221436
Epoch: 20, Steps: 279 | Train Loss: 0.5939262 Vali Loss: 0.6567551 Test Loss: 0.3193485
EarlyStopping counter: 13 out of 20
Updating learning rate to 1.6677181699666577e-05
	iters: 100, epoch: 21 | loss: 0.6805292
	speed: 0.2925s/iter; left time: 6498.7278s
	iters: 200, epoch: 21 | loss: 0.5703819
	speed: 0.1256s/iter; left time: 2778.6683s
Epoch: 21 cost time: 34.96306872367859
Epoch: 21, Steps: 279 | Train Loss: 0.5933983 Vali Loss: 0.6576783 Test Loss: 0.3198499
EarlyStopping counter: 14 out of 20
Updating learning rate to 1.5009463529699919e-05
	iters: 100, epoch: 22 | loss: 0.5845225
	speed: 0.2914s/iter; left time: 6394.7229s
	iters: 200, epoch: 22 | loss: 0.5924374
	speed: 0.1256s/iter; left time: 2743.4911s
Epoch: 22 cost time: 34.966450691223145
Epoch: 22, Steps: 279 | Train Loss: 0.5932611 Vali Loss: 0.6578617 Test Loss: 0.3200113
EarlyStopping counter: 15 out of 20
Updating learning rate to 1.3508517176729929e-05
	iters: 100, epoch: 23 | loss: 0.6217508
	speed: 0.2917s/iter; left time: 6319.1049s
	iters: 200, epoch: 23 | loss: 0.6210015
	speed: 0.1255s/iter; left time: 2706.2023s
Epoch: 23 cost time: 34.96205472946167
Epoch: 23, Steps: 279 | Train Loss: 0.5923162 Vali Loss: 0.6580516 Test Loss: 0.3202409
EarlyStopping counter: 16 out of 20
Updating learning rate to 1.2157665459056936e-05
	iters: 100, epoch: 24 | loss: 0.5552353
	speed: 0.2924s/iter; left time: 6252.8343s
	iters: 200, epoch: 24 | loss: 0.5802416
	speed: 0.1256s/iter; left time: 2672.6637s
Epoch: 24 cost time: 34.98089003562927
Epoch: 24, Steps: 279 | Train Loss: 0.5919593 Vali Loss: 0.6594759 Test Loss: 0.3201995
EarlyStopping counter: 17 out of 20
Updating learning rate to 1.0941898913151242e-05
	iters: 100, epoch: 25 | loss: 0.8136435
	speed: 0.2919s/iter; left time: 6160.6255s
	iters: 200, epoch: 25 | loss: 0.5664507
	speed: 0.1258s/iter; left time: 2641.7146s
Epoch: 25 cost time: 35.030292987823486
Epoch: 25, Steps: 279 | Train Loss: 0.5917541 Vali Loss: 0.6585358 Test Loss: 0.3200438
EarlyStopping counter: 18 out of 20
Updating learning rate to 9.847709021836118e-06
	iters: 100, epoch: 26 | loss: 0.5966114
	speed: 0.2942s/iter; left time: 6126.5411s
	iters: 200, epoch: 26 | loss: 0.6238616
	speed: 0.1258s/iter; left time: 2606.2988s
Epoch: 26 cost time: 35.04465365409851
Epoch: 26, Steps: 279 | Train Loss: 0.5915618 Vali Loss: 0.6593307 Test Loss: 0.3198893
EarlyStopping counter: 19 out of 20
Updating learning rate to 8.862938119652508e-06
	iters: 100, epoch: 27 | loss: 0.6320019
	speed: 0.2936s/iter; left time: 6032.3370s
	iters: 200, epoch: 27 | loss: 0.5529288
	speed: 0.1256s/iter; left time: 2568.5807s
Epoch: 27 cost time: 35.02834415435791
Epoch: 27, Steps: 279 | Train Loss: 0.5910845 Vali Loss: 0.6583673 Test Loss: 0.3203221
EarlyStopping counter: 20 out of 20
Early stopping
>>>>>>>testing : NL_weather_flatten_lr0.0001_always_336_720_PatchTST_custom_ftM_sl336_ll48_pl720_dm128_nh16_el3_dl1_df256_fc1_ebtimeF_dtTruelr0.0001_polalways_Nested_Learning_0<<<<<<<<<<<<<<<<<<<<<<<<<<<<<<<<<
test 9820
 Ejecutando Inferencia DINÁMICA (Nested Learning con flatten)
  -> Política: always | LR: 0.0001 | Target: head

RESUMEN: El CMS se actualizó 76 veces de 76 posibles.

mse:0.33043786883354187, mae:0.3409307599067688, rse:0.7583389282226562
