==========================================================
SÚPER ARRAY TFG - TAREA ID: 19 / 113
Nodo: dionisio
Dataset: etth2 | Experimento: NL_etth2_flatten_lr0.0001_5steps
Cabeza: flatten | LR: 0.0001 | Política: 5steps
==========================================================
Args in experiment:
Namespace(random_seed=2021, is_training=1, model_id='NL_etth2_flatten_lr0.0001_5steps_336_96', model='PatchTST', data='ETTh2', root_path='./dataset/', data_path='ETTh2.csv', features='M', target='OT', freq='h', checkpoints='./checkpoints/', seq_len=336, label_len=48, pred_len=96, head_type='flatten', cms_lr=0.0001, update_policy='5steps', fc_dropout=0.3, head_dropout=0.0, patch_len=16, stride=8, padding_patch='end', revin=1, affine=0, subtract_last=0, decomposition=0, kernel_size=25, individual=0, embed_type=0, enc_in=7, dec_in=7, c_out=7, d_model=16, n_heads=4, e_layers=3, d_layers=1, d_ff=128, moving_avg=25, factor=1, distil=True, dropout=0.3, embed='timeF', activation='gelu', output_attention=False, do_predict=False, num_workers=0, itr=1, train_epochs=100, batch_size=128, patience=100, learning_rate=0.0001, des='Nested_Learning', loss='mse', lradj='type3', pct_start=0.3, use_amp=False, use_gpu=True, gpu=0, use_multi_gpu=False, devices='0,1,2,3', test_flop=False)
Use GPU: cuda:0
>>>>>>>start training : NL_etth2_flatten_lr0.0001_5steps_336_96_PatchTST_ETTh2_ftM_sl336_ll48_pl96_dm16_nh4_el3_dl1_df128_fc1_ebtimeF_dtTruelr0.0001_pol5steps_Nested_Learning_0>>>>>>>>>>>>>>>>>>>>>>>>>>
train 8209
val 2785
test 2785
Epoch: 1 cost time: 2.9479148387908936
Epoch: 1, Steps: 64 | Train Loss: 0.6819466 Vali Loss: 0.3682007 Test Loss: 0.4106924
Validation loss decreased (inf --> 0.368201).  Saving model ...
Updating learning rate to 0.0001
Epoch: 2 cost time: 1.5402123928070068
Epoch: 2, Steps: 64 | Train Loss: 0.6774835 Vali Loss: 0.3633095 Test Loss: 0.4070714
Validation loss decreased (0.368201 --> 0.363310).  Saving model ...
Updating learning rate to 0.0001
Epoch: 3 cost time: 1.5308594703674316
Epoch: 3, Steps: 64 | Train Loss: 0.6688905 Vali Loss: 0.3580211 Test Loss: 0.4035220
Validation loss decreased (0.363310 --> 0.358021).  Saving model ...
Updating learning rate to 0.0001
Epoch: 4 cost time: 1.5315072536468506
Epoch: 4, Steps: 64 | Train Loss: 0.6612822 Vali Loss: 0.3532143 Test Loss: 0.4000525
Validation loss decreased (0.358021 --> 0.353214).  Saving model ...
Updating learning rate to 9e-05
Epoch: 5 cost time: 2.0981316566467285
Epoch: 5, Steps: 64 | Train Loss: 0.6539962 Vali Loss: 0.3508613 Test Loss: 0.3979228
Validation loss decreased (0.353214 --> 0.350861).  Saving model ...
Updating learning rate to 8.1e-05
Epoch: 6 cost time: 1.5359203815460205
Epoch: 6, Steps: 64 | Train Loss: 0.6477447 Vali Loss: 0.3492746 Test Loss: 0.3954031
Validation loss decreased (0.350861 --> 0.349275).  Saving model ...
Updating learning rate to 7.290000000000001e-05
Epoch: 7 cost time: 1.532947063446045
Epoch: 7, Steps: 64 | Train Loss: 0.6427811 Vali Loss: 0.3465335 Test Loss: 0.3932679
Validation loss decreased (0.349275 --> 0.346534).  Saving model ...
Updating learning rate to 6.561e-05
Epoch: 8 cost time: 1.5324554443359375
Epoch: 8, Steps: 64 | Train Loss: 0.6386129 Vali Loss: 0.3439676 Test Loss: 0.3914419
Validation loss decreased (0.346534 --> 0.343968).  Saving model ...
Updating learning rate to 5.904900000000001e-05
Epoch: 9 cost time: 1.5257058143615723
Epoch: 9, Steps: 64 | Train Loss: 0.6342192 Vali Loss: 0.3425841 Test Loss: 0.3897997
Validation loss decreased (0.343968 --> 0.342584).  Saving model ...
Updating learning rate to 5.3144100000000005e-05
Epoch: 10 cost time: 1.529522180557251
Epoch: 10, Steps: 64 | Train Loss: 0.6305153 Vali Loss: 0.3401170 Test Loss: 0.3885815
Validation loss decreased (0.342584 --> 0.340117).  Saving model ...
Updating learning rate to 4.782969000000001e-05
Epoch: 11 cost time: 1.5316619873046875
Epoch: 11, Steps: 64 | Train Loss: 0.6279580 Vali Loss: 0.3397582 Test Loss: 0.3870698
Validation loss decreased (0.340117 --> 0.339758).  Saving model ...
Updating learning rate to 4.304672100000001e-05
Epoch: 12 cost time: 1.5338916778564453
Epoch: 12, Steps: 64 | Train Loss: 0.6256595 Vali Loss: 0.3368647 Test Loss: 0.3860188
Validation loss decreased (0.339758 --> 0.336865).  Saving model ...
Updating learning rate to 3.874204890000001e-05
Epoch: 13 cost time: 1.5298621654510498
Epoch: 13, Steps: 64 | Train Loss: 0.6225142 Vali Loss: 0.3355577 Test Loss: 0.3850786
Validation loss decreased (0.336865 --> 0.335558).  Saving model ...
Updating learning rate to 3.486784401000001e-05
Epoch: 14 cost time: 1.5303821563720703
Epoch: 14, Steps: 64 | Train Loss: 0.6208441 Vali Loss: 0.3361863 Test Loss: 0.3841748
EarlyStopping counter: 1 out of 100
Updating learning rate to 3.138105960900001e-05
Epoch: 15 cost time: 1.5370428562164307
Epoch: 15, Steps: 64 | Train Loss: 0.6187282 Vali Loss: 0.3353319 Test Loss: 0.3832758
Validation loss decreased (0.335558 --> 0.335332).  Saving model ...
Updating learning rate to 2.824295364810001e-05
Epoch: 16 cost time: 1.529432773590088
Epoch: 16, Steps: 64 | Train Loss: 0.6174469 Vali Loss: 0.3335803 Test Loss: 0.3823951
Validation loss decreased (0.335332 --> 0.333580).  Saving model ...
Updating learning rate to 2.541865828329001e-05
Epoch: 17 cost time: 1.5272998809814453
Epoch: 17, Steps: 64 | Train Loss: 0.6159547 Vali Loss: 0.3331402 Test Loss: 0.3819920
Validation loss decreased (0.333580 --> 0.333140).  Saving model ...
Updating learning rate to 2.287679245496101e-05
Epoch: 18 cost time: 1.5323381423950195
Epoch: 18, Steps: 64 | Train Loss: 0.6154294 Vali Loss: 0.3331421 Test Loss: 0.3814754
EarlyStopping counter: 1 out of 100
Updating learning rate to 2.0589113209464907e-05
Epoch: 19 cost time: 1.539055585861206
Epoch: 19, Steps: 64 | Train Loss: 0.6135312 Vali Loss: 0.3332129 Test Loss: 0.3808717
EarlyStopping counter: 2 out of 100
Updating learning rate to 1.8530201888518416e-05
Epoch: 20 cost time: 1.531059741973877
Epoch: 20, Steps: 64 | Train Loss: 0.6120793 Vali Loss: 0.3301671 Test Loss: 0.3803643
Validation loss decreased (0.333140 --> 0.330167).  Saving model ...
Updating learning rate to 1.6677181699666577e-05
Epoch: 21 cost time: 1.524751901626587
Epoch: 21, Steps: 64 | Train Loss: 0.6112059 Vali Loss: 0.3328793 Test Loss: 0.3799400
EarlyStopping counter: 1 out of 100
Updating learning rate to 1.5009463529699919e-05
Epoch: 22 cost time: 1.5258142948150635
Epoch: 22, Steps: 64 | Train Loss: 0.6105900 Vali Loss: 0.3311922 Test Loss: 0.3797947
EarlyStopping counter: 2 out of 100
Updating learning rate to 1.3508517176729929e-05
Epoch: 23 cost time: 1.5358283519744873
Epoch: 23, Steps: 64 | Train Loss: 0.6091255 Vali Loss: 0.3284068 Test Loss: 0.3791569
Validation loss decreased (0.330167 --> 0.328407).  Saving model ...
Updating learning rate to 1.2157665459056936e-05
Epoch: 24 cost time: 1.801086664199829
Epoch: 24, Steps: 64 | Train Loss: 0.6087278 Vali Loss: 0.3286820 Test Loss: 0.3789801
EarlyStopping counter: 1 out of 100
Updating learning rate to 1.0941898913151242e-05
Epoch: 25 cost time: 2.2679662704467773
Epoch: 25, Steps: 64 | Train Loss: 0.6090547 Vali Loss: 0.3308330 Test Loss: 0.3786005
EarlyStopping counter: 2 out of 100
Updating learning rate to 9.847709021836118e-06
Epoch: 26 cost time: 2.254852294921875
Epoch: 26, Steps: 64 | Train Loss: 0.6081316 Vali Loss: 0.3292457 Test Loss: 0.3784414
EarlyStopping counter: 3 out of 100
Updating learning rate to 8.862938119652508e-06
Epoch: 27 cost time: 2.090014696121216
Epoch: 27, Steps: 64 | Train Loss: 0.6074120 Vali Loss: 0.3297684 Test Loss: 0.3783687
EarlyStopping counter: 4 out of 100
Updating learning rate to 7.976644307687255e-06
Epoch: 28 cost time: 2.0959174633026123
Epoch: 28, Steps: 64 | Train Loss: 0.6068806 Vali Loss: 0.3294085 Test Loss: 0.3780866
EarlyStopping counter: 5 out of 100
Updating learning rate to 7.178979876918531e-06
Epoch: 29 cost time: 2.096345901489258
Epoch: 29, Steps: 64 | Train Loss: 0.6073469 Vali Loss: 0.3300199 Test Loss: 0.3778335
EarlyStopping counter: 6 out of 100
Updating learning rate to 6.4610818892266776e-06
Epoch: 30 cost time: 2.0969066619873047
Epoch: 30, Steps: 64 | Train Loss: 0.6060693 Vali Loss: 0.3296894 Test Loss: 0.3776736
EarlyStopping counter: 7 out of 100
Updating learning rate to 5.8149737003040096e-06
Epoch: 31 cost time: 2.09376859664917
Epoch: 31, Steps: 64 | Train Loss: 0.6064445 Vali Loss: 0.3276218 Test Loss: 0.3776621
Validation loss decreased (0.328407 --> 0.327622).  Saving model ...
Updating learning rate to 5.23347633027361e-06
Epoch: 32 cost time: 2.0943524837493896
Epoch: 32, Steps: 64 | Train Loss: 0.6051335 Vali Loss: 0.3292646 Test Loss: 0.3773053
EarlyStopping counter: 1 out of 100
Updating learning rate to 4.710128697246249e-06
Epoch: 33 cost time: 2.102898120880127
Epoch: 33, Steps: 64 | Train Loss: 0.6043613 Vali Loss: 0.3285243 Test Loss: 0.3771746
EarlyStopping counter: 2 out of 100
Updating learning rate to 4.239115827521624e-06
Epoch: 34 cost time: 2.1059730052948
Epoch: 34, Steps: 64 | Train Loss: 0.6056862 Vali Loss: 0.3284940 Test Loss: 0.3772522
EarlyStopping counter: 3 out of 100
Updating learning rate to 3.815204244769462e-06
Epoch: 35 cost time: 2.1035733222961426
Epoch: 35, Steps: 64 | Train Loss: 0.6051815 Vali Loss: 0.3279611 Test Loss: 0.3771066
EarlyStopping counter: 4 out of 100
Updating learning rate to 3.4336838202925152e-06
Epoch: 36 cost time: 2.105898857116699
Epoch: 36, Steps: 64 | Train Loss: 0.6052819 Vali Loss: 0.3281047 Test Loss: 0.3770260
EarlyStopping counter: 5 out of 100
Updating learning rate to 3.090315438263264e-06
Epoch: 37 cost time: 2.1212785243988037
Epoch: 37, Steps: 64 | Train Loss: 0.6055101 Vali Loss: 0.3286395 Test Loss: 0.3768595
EarlyStopping counter: 6 out of 100
Updating learning rate to 2.7812838944369375e-06
Epoch: 38 cost time: 2.108475685119629
Epoch: 38, Steps: 64 | Train Loss: 0.6052225 Vali Loss: 0.3292071 Test Loss: 0.3770380
EarlyStopping counter: 7 out of 100
Updating learning rate to 2.503155504993244e-06
Epoch: 39 cost time: 2.1035642623901367
Epoch: 39, Steps: 64 | Train Loss: 0.6047846 Vali Loss: 0.3282175 Test Loss: 0.3767516
EarlyStopping counter: 8 out of 100
Updating learning rate to 2.2528399544939195e-06
Epoch: 40 cost time: 2.1084723472595215
Epoch: 40, Steps: 64 | Train Loss: 0.6049495 Vali Loss: 0.3274385 Test Loss: 0.3768310
Validation loss decreased (0.327622 --> 0.327439).  Saving model ...
Updating learning rate to 2.0275559590445276e-06
Epoch: 41 cost time: 2.108964204788208
Epoch: 41, Steps: 64 | Train Loss: 0.6051139 Vali Loss: 0.3266431 Test Loss: 0.3767944
Validation loss decreased (0.327439 --> 0.326643).  Saving model ...
Updating learning rate to 1.8248003631400751e-06
Epoch: 42 cost time: 2.097449541091919
Epoch: 42, Steps: 64 | Train Loss: 0.6043536 Vali Loss: 0.3267111 Test Loss: 0.3765900
EarlyStopping counter: 1 out of 100
Updating learning rate to 1.6423203268260676e-06
Epoch: 43 cost time: 2.104612350463867
Epoch: 43, Steps: 64 | Train Loss: 0.6034267 Vali Loss: 0.3275767 Test Loss: 0.3767438
EarlyStopping counter: 2 out of 100
Updating learning rate to 1.4780882941434609e-06
Epoch: 44 cost time: 2.1068050861358643
Epoch: 44, Steps: 64 | Train Loss: 0.6028753 Vali Loss: 0.3274782 Test Loss: 0.3765668
EarlyStopping counter: 3 out of 100
Updating learning rate to 1.3302794647291146e-06
Epoch: 45 cost time: 2.102424144744873
Epoch: 45, Steps: 64 | Train Loss: 0.6036959 Vali Loss: 0.3264722 Test Loss: 0.3767937
Validation loss decreased (0.326643 --> 0.326472).  Saving model ...
Updating learning rate to 1.1972515182562034e-06
Epoch: 46 cost time: 2.1000781059265137
Epoch: 46, Steps: 64 | Train Loss: 0.6041561 Vali Loss: 0.3285907 Test Loss: 0.3765061
EarlyStopping counter: 1 out of 100
Updating learning rate to 1.077526366430583e-06
Epoch: 47 cost time: 2.102206230163574
Epoch: 47, Steps: 64 | Train Loss: 0.6045533 Vali Loss: 0.3274761 Test Loss: 0.3766959
EarlyStopping counter: 2 out of 100
Updating learning rate to 9.697737297875248e-07
Epoch: 48 cost time: 2.1087827682495117
Epoch: 48, Steps: 64 | Train Loss: 0.6042819 Vali Loss: 0.3277707 Test Loss: 0.3765206
EarlyStopping counter: 3 out of 100
Updating learning rate to 8.727963568087723e-07
Epoch: 49 cost time: 2.1046297550201416
Epoch: 49, Steps: 64 | Train Loss: 0.6040525 Vali Loss: 0.3273182 Test Loss: 0.3764389
EarlyStopping counter: 4 out of 100
Updating learning rate to 7.855167211278951e-07
Epoch: 50 cost time: 2.105350971221924
Epoch: 50, Steps: 64 | Train Loss: 0.6043918 Vali Loss: 0.3268622 Test Loss: 0.3764351
EarlyStopping counter: 5 out of 100
Updating learning rate to 7.069650490151056e-07
Epoch: 51 cost time: 2.098365545272827
Epoch: 51, Steps: 64 | Train Loss: 0.6037160 Vali Loss: 0.3278137 Test Loss: 0.3764279
EarlyStopping counter: 6 out of 100
Updating learning rate to 6.36268544113595e-07
Epoch: 52 cost time: 2.1059601306915283
Epoch: 52, Steps: 64 | Train Loss: 0.6037024 Vali Loss: 0.3264976 Test Loss: 0.3764533
EarlyStopping counter: 7 out of 100
Updating learning rate to 5.726416897022355e-07
Epoch: 53 cost time: 2.1017844676971436
Epoch: 53, Steps: 64 | Train Loss: 0.6021799 Vali Loss: 0.3283870 Test Loss: 0.3765544
EarlyStopping counter: 8 out of 100
Updating learning rate to 5.15377520732012e-07
Epoch: 54 cost time: 2.1093108654022217
Epoch: 54, Steps: 64 | Train Loss: 0.6031732 Vali Loss: 0.3271329 Test Loss: 0.3763119
EarlyStopping counter: 9 out of 100
Updating learning rate to 4.6383976865881085e-07
Epoch: 55 cost time: 2.1162071228027344
Epoch: 55, Steps: 64 | Train Loss: 0.6040549 Vali Loss: 0.3274192 Test Loss: 0.3763570
EarlyStopping counter: 10 out of 100
Updating learning rate to 4.174557917929298e-07
Epoch: 56 cost time: 2.1158668994903564
Epoch: 56, Steps: 64 | Train Loss: 0.6028608 Vali Loss: 0.3279656 Test Loss: 0.3764990
EarlyStopping counter: 11 out of 100
Updating learning rate to 3.7571021261363677e-07
Epoch: 57 cost time: 2.1097400188446045
Epoch: 57, Steps: 64 | Train Loss: 0.6035821 Vali Loss: 0.3275125 Test Loss: 0.3766050
EarlyStopping counter: 12 out of 100
Updating learning rate to 3.381391913522731e-07
Epoch: 58 cost time: 2.115006685256958
Epoch: 58, Steps: 64 | Train Loss: 0.6007748 Vali Loss: 0.3273713 Test Loss: 0.3765526
EarlyStopping counter: 13 out of 100
Updating learning rate to 3.043252722170458e-07
Epoch: 59 cost time: 2.104619026184082
Epoch: 59, Steps: 64 | Train Loss: 0.6037474 Vali Loss: 0.3269683 Test Loss: 0.3764202
EarlyStopping counter: 14 out of 100
Updating learning rate to 2.7389274499534124e-07
Epoch: 60 cost time: 2.1087725162506104
Epoch: 60, Steps: 64 | Train Loss: 0.6025935 Vali Loss: 0.3269610 Test Loss: 0.3764463
EarlyStopping counter: 15 out of 100
Updating learning rate to 2.465034704958071e-07
Epoch: 61 cost time: 2.1079986095428467
Epoch: 61, Steps: 64 | Train Loss: 0.6037519 Vali Loss: 0.3255947 Test Loss: 0.3763974
Validation loss decreased (0.326472 --> 0.325595).  Saving model ...
Updating learning rate to 2.218531234462264e-07
Epoch: 62 cost time: 2.114227771759033
Epoch: 62, Steps: 64 | Train Loss: 0.6040320 Vali Loss: 0.3270955 Test Loss: 0.3764151
EarlyStopping counter: 1 out of 100
Updating learning rate to 1.9966781110160376e-07
Epoch: 63 cost time: 2.1092309951782227
Epoch: 63, Steps: 64 | Train Loss: 0.6028676 Vali Loss: 0.3267850 Test Loss: 0.3758755
EarlyStopping counter: 2 out of 100
Updating learning rate to 1.797010299914434e-07
Epoch: 64 cost time: 2.112539291381836
Epoch: 64, Steps: 64 | Train Loss: 0.6040326 Vali Loss: 0.3274865 Test Loss: 0.3763277
EarlyStopping counter: 3 out of 100
Updating learning rate to 1.6173092699229907e-07
Epoch: 65 cost time: 2.111915349960327
Epoch: 65, Steps: 64 | Train Loss: 0.6041783 Vali Loss: 0.3255995 Test Loss: 0.3763883
EarlyStopping counter: 4 out of 100
Updating learning rate to 1.4555783429306916e-07
Epoch: 66 cost time: 2.108288049697876
Epoch: 66, Steps: 64 | Train Loss: 0.6032515 Vali Loss: 0.3292832 Test Loss: 0.3764327
EarlyStopping counter: 5 out of 100
Updating learning rate to 1.3100205086376224e-07
Epoch: 67 cost time: 2.111602544784546
Epoch: 67, Steps: 64 | Train Loss: 0.6040243 Vali Loss: 0.3287787 Test Loss: 0.3764055
EarlyStopping counter: 6 out of 100
Updating learning rate to 1.1790184577738603e-07
Epoch: 68 cost time: 2.1112756729125977
Epoch: 68, Steps: 64 | Train Loss: 0.6038888 Vali Loss: 0.3266522 Test Loss: 0.3762628
EarlyStopping counter: 7 out of 100
Updating learning rate to 1.0611166119964742e-07
Epoch: 69 cost time: 2.1063942909240723
Epoch: 69, Steps: 64 | Train Loss: 0.6033719 Vali Loss: 0.3260783 Test Loss: 0.3761882
EarlyStopping counter: 8 out of 100
Updating learning rate to 9.550049507968268e-08
Epoch: 70 cost time: 2.1082706451416016
Epoch: 70, Steps: 64 | Train Loss: 0.6037492 Vali Loss: 0.3287056 Test Loss: 0.3764781
EarlyStopping counter: 9 out of 100
Updating learning rate to 8.595044557171442e-08
Epoch: 71 cost time: 2.105229139328003
Epoch: 71, Steps: 64 | Train Loss: 0.6036445 Vali Loss: 0.3268979 Test Loss: 0.3760599
EarlyStopping counter: 10 out of 100
Updating learning rate to 7.735540101454298e-08
Epoch: 72 cost time: 2.114548444747925
Epoch: 72, Steps: 64 | Train Loss: 0.6039138 Vali Loss: 0.3271216 Test Loss: 0.3764695
EarlyStopping counter: 11 out of 100
Updating learning rate to 6.961986091308869e-08
Epoch: 73 cost time: 2.1106390953063965
Epoch: 73, Steps: 64 | Train Loss: 0.6042228 Vali Loss: 0.3273508 Test Loss: 0.3764649
EarlyStopping counter: 12 out of 100
Updating learning rate to 6.265787482177981e-08
Epoch: 74 cost time: 2.111236095428467
Epoch: 74, Steps: 64 | Train Loss: 0.6034598 Vali Loss: 0.3274755 Test Loss: 0.3764157
EarlyStopping counter: 13 out of 100
Updating learning rate to 5.639208733960184e-08
Epoch: 75 cost time: 2.1105008125305176
Epoch: 75, Steps: 64 | Train Loss: 0.6036825 Vali Loss: 0.3268303 Test Loss: 0.3764243
EarlyStopping counter: 14 out of 100
Updating learning rate to 5.075287860564165e-08
Epoch: 76 cost time: 2.1091926097869873
Epoch: 76, Steps: 64 | Train Loss: 0.6021480 Vali Loss: 0.3269191 Test Loss: 0.3760219
EarlyStopping counter: 15 out of 100
Updating learning rate to 4.567759074507749e-08
Epoch: 77 cost time: 2.107837677001953
Epoch: 77, Steps: 64 | Train Loss: 0.6026300 Vali Loss: 0.3267624 Test Loss: 0.3763337
EarlyStopping counter: 16 out of 100
Updating learning rate to 4.1109831670569744e-08
Epoch: 78 cost time: 2.1081602573394775
Epoch: 78, Steps: 64 | Train Loss: 0.6015817 Vali Loss: 0.3273664 Test Loss: 0.3764471
EarlyStopping counter: 17 out of 100
Updating learning rate to 3.6998848503512764e-08
Epoch: 79 cost time: 2.109102487564087
Epoch: 79, Steps: 64 | Train Loss: 0.6039473 Vali Loss: 0.3271082 Test Loss: 0.3762234
EarlyStopping counter: 18 out of 100
Updating learning rate to 3.3298963653161496e-08
Epoch: 80 cost time: 2.112185478210449
Epoch: 80, Steps: 64 | Train Loss: 0.6037643 Vali Loss: 0.3260607 Test Loss: 0.3763450
EarlyStopping counter: 19 out of 100
Updating learning rate to 2.996906728784534e-08
Epoch: 81 cost time: 2.106921911239624
Epoch: 81, Steps: 64 | Train Loss: 0.6028983 Vali Loss: 0.3272088 Test Loss: 0.3763907
EarlyStopping counter: 20 out of 100
Updating learning rate to 2.697216055906081e-08
Epoch: 82 cost time: 2.1044886112213135
Epoch: 82, Steps: 64 | Train Loss: 0.6031847 Vali Loss: 0.3259189 Test Loss: 0.3763688
EarlyStopping counter: 21 out of 100
Updating learning rate to 2.427494450315473e-08
Epoch: 83 cost time: 2.1068050861358643
Epoch: 83, Steps: 64 | Train Loss: 0.6034391 Vali Loss: 0.3268982 Test Loss: 0.3761944
EarlyStopping counter: 22 out of 100
Updating learning rate to 2.1847450052839257e-08
Epoch: 84 cost time: 2.1055729389190674
Epoch: 84, Steps: 64 | Train Loss: 0.6030761 Vali Loss: 0.3274062 Test Loss: 0.3763956
EarlyStopping counter: 23 out of 100
Updating learning rate to 1.9662705047555332e-08
Epoch: 85 cost time: 2.1091439723968506
Epoch: 85, Steps: 64 | Train Loss: 0.6039407 Vali Loss: 0.3255378 Test Loss: 0.3764636
Validation loss decreased (0.325595 --> 0.325538).  Saving model ...
Updating learning rate to 1.7696434542799797e-08
Epoch: 86 cost time: 2.125908613204956
Epoch: 86, Steps: 64 | Train Loss: 0.6038799 Vali Loss: 0.3264855 Test Loss: 0.3759953
EarlyStopping counter: 1 out of 100
Updating learning rate to 1.5926791088519817e-08
Epoch: 87 cost time: 2.109118700027466
Epoch: 87, Steps: 64 | Train Loss: 0.6033017 Vali Loss: 0.3266072 Test Loss: 0.3762980
EarlyStopping counter: 2 out of 100
Updating learning rate to 1.4334111979667836e-08
Epoch: 88 cost time: 2.1105797290802
Epoch: 88, Steps: 64 | Train Loss: 0.6016106 Vali Loss: 0.3276363 Test Loss: 0.3763143
EarlyStopping counter: 3 out of 100
Updating learning rate to 1.2900700781701054e-08
Epoch: 89 cost time: 2.112213134765625
Epoch: 89, Steps: 64 | Train Loss: 0.6038001 Vali Loss: 0.3274461 Test Loss: 0.3765040
EarlyStopping counter: 4 out of 100
Updating learning rate to 1.161063070353095e-08
Epoch: 90 cost time: 2.1047885417938232
Epoch: 90, Steps: 64 | Train Loss: 0.6046685 Vali Loss: 0.3277802 Test Loss: 0.3763584
EarlyStopping counter: 5 out of 100
Updating learning rate to 1.0449567633177854e-08
Epoch: 91 cost time: 2.1080636978149414
Epoch: 91, Steps: 64 | Train Loss: 0.6030018 Vali Loss: 0.3251730 Test Loss: 0.3764391
Validation loss decreased (0.325538 --> 0.325173).  Saving model ...
Updating learning rate to 9.404610869860069e-09
Epoch: 92 cost time: 2.1076109409332275
Epoch: 92, Steps: 64 | Train Loss: 0.6036529 Vali Loss: 0.3259885 Test Loss: 0.3763723
EarlyStopping counter: 1 out of 100
Updating learning rate to 8.464149782874063e-09
Epoch: 93 cost time: 2.104407787322998
Epoch: 93, Steps: 64 | Train Loss: 0.6031773 Vali Loss: 0.3272859 Test Loss: 0.3759851
EarlyStopping counter: 2 out of 100
Updating learning rate to 7.617734804586658e-09
Epoch: 94 cost time: 2.10355544090271
Epoch: 94, Steps: 64 | Train Loss: 0.6038261 Vali Loss: 0.3268724 Test Loss: 0.3762172
EarlyStopping counter: 3 out of 100
Updating learning rate to 6.855961324127991e-09
Epoch: 95 cost time: 2.114453077316284
Epoch: 95, Steps: 64 | Train Loss: 0.6036577 Vali Loss: 0.3270054 Test Loss: 0.3764329
EarlyStopping counter: 4 out of 100
Updating learning rate to 6.170365191715193e-09
Epoch: 96 cost time: 2.111285448074341
Epoch: 96, Steps: 64 | Train Loss: 0.6031387 Vali Loss: 0.3274967 Test Loss: 0.3763639
EarlyStopping counter: 5 out of 100
Updating learning rate to 5.5533286725436726e-09
Epoch: 97 cost time: 2.1109907627105713
Epoch: 97, Steps: 64 | Train Loss: 0.6026872 Vali Loss: 0.3268478 Test Loss: 0.3762863
EarlyStopping counter: 6 out of 100
Updating learning rate to 4.997995805289306e-09
Epoch: 98 cost time: 2.1107242107391357
Epoch: 98, Steps: 64 | Train Loss: 0.6035483 Vali Loss: 0.3268346 Test Loss: 0.3764343
EarlyStopping counter: 7 out of 100
Updating learning rate to 4.498196224760375e-09
Epoch: 99 cost time: 2.108734369277954
Epoch: 99, Steps: 64 | Train Loss: 0.6041157 Vali Loss: 0.3281787 Test Loss: 0.3761339
EarlyStopping counter: 8 out of 100
Updating learning rate to 4.048376602284338e-09
Epoch: 100 cost time: 2.1101465225219727
Epoch: 100, Steps: 64 | Train Loss: 0.6036433 Vali Loss: 0.3266310 Test Loss: 0.3759131
EarlyStopping counter: 9 out of 100
Updating learning rate to 3.643538942055904e-09
>>>>>>>testing : NL_etth2_flatten_lr0.0001_5steps_336_96_PatchTST_ETTh2_ftM_sl336_ll48_pl96_dm16_nh4_el3_dl1_df128_fc1_ebtimeF_dtTruelr0.0001_pol5steps_Nested_Learning_0<<<<<<<<<<<<<<<<<<<<<<<<<<<<<<<<<
test 2785
 Ejecutando Inferencia DINÁMICA (Nested Learning con flatten)
  -> Política: 5steps | LR: 0.0001 | Target: head

RESUMEN: El CMS se actualizó 5 veces de 21 posibles.

mse:0.37127402424812317, mae:0.4125869870185852, rse:0.4867629408836365
Args in experiment:
Namespace(random_seed=2021, is_training=1, model_id='NL_etth2_flatten_lr0.0001_5steps_336_192', model='PatchTST', data='ETTh2', root_path='./dataset/', data_path='ETTh2.csv', features='M', target='OT', freq='h', checkpoints='./checkpoints/', seq_len=336, label_len=48, pred_len=192, head_type='flatten', cms_lr=0.0001, update_policy='5steps', fc_dropout=0.3, head_dropout=0.0, patch_len=16, stride=8, padding_patch='end', revin=1, affine=0, subtract_last=0, decomposition=0, kernel_size=25, individual=0, embed_type=0, enc_in=7, dec_in=7, c_out=7, d_model=16, n_heads=4, e_layers=3, d_layers=1, d_ff=128, moving_avg=25, factor=1, distil=True, dropout=0.3, embed='timeF', activation='gelu', output_attention=False, do_predict=False, num_workers=0, itr=1, train_epochs=100, batch_size=128, patience=100, learning_rate=0.0001, des='Nested_Learning', loss='mse', lradj='type3', pct_start=0.3, use_amp=False, use_gpu=True, gpu=0, use_multi_gpu=False, devices='0,1,2,3', test_flop=False)
Use GPU: cuda:0
>>>>>>>start training : NL_etth2_flatten_lr0.0001_5steps_336_192_PatchTST_ETTh2_ftM_sl336_ll48_pl192_dm16_nh4_el3_dl1_df128_fc1_ebtimeF_dtTruelr0.0001_pol5steps_Nested_Learning_0>>>>>>>>>>>>>>>>>>>>>>>>>>
train 8113
val 2689
test 2689
Epoch: 1 cost time: 2.4104928970336914
Epoch: 1, Steps: 63 | Train Loss: 0.7407176 Vali Loss: 0.4200868 Test Loss: 0.4391624
Validation loss decreased (inf --> 0.420087).  Saving model ...
Updating learning rate to 0.0001
Epoch: 2 cost time: 2.111629009246826
Epoch: 2, Steps: 63 | Train Loss: 0.7381726 Vali Loss: 0.4167714 Test Loss: 0.4368728
Validation loss decreased (0.420087 --> 0.416771).  Saving model ...
Updating learning rate to 0.0001
Epoch: 3 cost time: 2.113351345062256
Epoch: 3, Steps: 63 | Train Loss: 0.7311481 Vali Loss: 0.4129629 Test Loss: 0.4343926
Validation loss decreased (0.416771 --> 0.412963).  Saving model ...
Updating learning rate to 0.0001
Epoch: 4 cost time: 2.106175422668457
Epoch: 4, Steps: 63 | Train Loss: 0.7235332 Vali Loss: 0.4101993 Test Loss: 0.4319454
Validation loss decreased (0.412963 --> 0.410199).  Saving model ...
Updating learning rate to 9e-05
Epoch: 5 cost time: 2.1104354858398438
Epoch: 5, Steps: 63 | Train Loss: 0.7161871 Vali Loss: 0.4079439 Test Loss: 0.4303199
Validation loss decreased (0.410199 --> 0.407944).  Saving model ...
Updating learning rate to 8.1e-05
Epoch: 6 cost time: 2.1118721961975098
Epoch: 6, Steps: 63 | Train Loss: 0.7139747 Vali Loss: 0.4057235 Test Loss: 0.4286685
Validation loss decreased (0.407944 --> 0.405723).  Saving model ...
Updating learning rate to 7.290000000000001e-05
Epoch: 7 cost time: 2.1164820194244385
Epoch: 7, Steps: 63 | Train Loss: 0.7071165 Vali Loss: 0.4035866 Test Loss: 0.4268799
Validation loss decreased (0.405723 --> 0.403587).  Saving model ...
Updating learning rate to 6.561e-05
Epoch: 8 cost time: 2.1059563159942627
Epoch: 8, Steps: 63 | Train Loss: 0.7042365 Vali Loss: 0.4021362 Test Loss: 0.4259096
Validation loss decreased (0.403587 --> 0.402136).  Saving model ...
Updating learning rate to 5.904900000000001e-05
Epoch: 9 cost time: 2.1101701259613037
Epoch: 9, Steps: 63 | Train Loss: 0.6999635 Vali Loss: 0.4009126 Test Loss: 0.4250206
Validation loss decreased (0.402136 --> 0.400913).  Saving model ...
Updating learning rate to 5.3144100000000005e-05
Epoch: 10 cost time: 2.106581449508667
Epoch: 10, Steps: 63 | Train Loss: 0.6994246 Vali Loss: 0.3987520 Test Loss: 0.4235711
Validation loss decreased (0.400913 --> 0.398752).  Saving model ...
Updating learning rate to 4.782969000000001e-05
Epoch: 11 cost time: 2.1171767711639404
Epoch: 11, Steps: 63 | Train Loss: 0.6956434 Vali Loss: 0.3978181 Test Loss: 0.4225831
Validation loss decreased (0.398752 --> 0.397818).  Saving model ...
Updating learning rate to 4.304672100000001e-05
Epoch: 12 cost time: 2.1164917945861816
Epoch: 12, Steps: 63 | Train Loss: 0.6945304 Vali Loss: 0.3973846 Test Loss: 0.4221990
Validation loss decreased (0.397818 --> 0.397385).  Saving model ...
Updating learning rate to 3.874204890000001e-05
Epoch: 13 cost time: 2.1054632663726807
Epoch: 13, Steps: 63 | Train Loss: 0.6916527 Vali Loss: 0.3965725 Test Loss: 0.4216093
Validation loss decreased (0.397385 --> 0.396573).  Saving model ...
Updating learning rate to 3.486784401000001e-05
Epoch: 14 cost time: 2.1031594276428223
Epoch: 14, Steps: 63 | Train Loss: 0.6892706 Vali Loss: 0.3953899 Test Loss: 0.4210848
Validation loss decreased (0.396573 --> 0.395390).  Saving model ...
Updating learning rate to 3.138105960900001e-05
Epoch: 15 cost time: 2.1042320728302
Epoch: 15, Steps: 63 | Train Loss: 0.6874066 Vali Loss: 0.3951328 Test Loss: 0.4205725
Validation loss decreased (0.395390 --> 0.395133).  Saving model ...
Updating learning rate to 2.824295364810001e-05
Epoch: 16 cost time: 2.1089441776275635
Epoch: 16, Steps: 63 | Train Loss: 0.6884821 Vali Loss: 0.3945610 Test Loss: 0.4200990
Validation loss decreased (0.395133 --> 0.394561).  Saving model ...
Updating learning rate to 2.541865828329001e-05
Epoch: 17 cost time: 2.106508493423462
Epoch: 17, Steps: 63 | Train Loss: 0.6852474 Vali Loss: 0.3937424 Test Loss: 0.4194747
Validation loss decreased (0.394561 --> 0.393742).  Saving model ...
Updating learning rate to 2.287679245496101e-05
Epoch: 18 cost time: 2.1058104038238525
Epoch: 18, Steps: 63 | Train Loss: 0.6859003 Vali Loss: 0.3933009 Test Loss: 0.4190365
Validation loss decreased (0.393742 --> 0.393301).  Saving model ...
Updating learning rate to 2.0589113209464907e-05
Epoch: 19 cost time: 2.110769033432007
Epoch: 19, Steps: 63 | Train Loss: 0.6854839 Vali Loss: 0.3930091 Test Loss: 0.4188315
Validation loss decreased (0.393301 --> 0.393009).  Saving model ...
Updating learning rate to 1.8530201888518416e-05
Epoch: 20 cost time: 2.1075828075408936
Epoch: 20, Steps: 63 | Train Loss: 0.6812347 Vali Loss: 0.3927010 Test Loss: 0.4185428
Validation loss decreased (0.393009 --> 0.392701).  Saving model ...
Updating learning rate to 1.6677181699666577e-05
Epoch: 21 cost time: 2.103881597518921
Epoch: 21, Steps: 63 | Train Loss: 0.6827395 Vali Loss: 0.3922471 Test Loss: 0.4182671
Validation loss decreased (0.392701 --> 0.392247).  Saving model ...
Updating learning rate to 1.5009463529699919e-05
Epoch: 22 cost time: 2.10719895362854
Epoch: 22, Steps: 63 | Train Loss: 0.6825351 Vali Loss: 0.3919528 Test Loss: 0.4179928
Validation loss decreased (0.392247 --> 0.391953).  Saving model ...
Updating learning rate to 1.3508517176729929e-05
Epoch: 23 cost time: 2.110935688018799
Epoch: 23, Steps: 63 | Train Loss: 0.6825678 Vali Loss: 0.3913891 Test Loss: 0.4178158
Validation loss decreased (0.391953 --> 0.391389).  Saving model ...
Updating learning rate to 1.2157665459056936e-05
Epoch: 24 cost time: 2.112589120864868
Epoch: 24, Steps: 63 | Train Loss: 0.6785306 Vali Loss: 0.3915395 Test Loss: 0.4176718
EarlyStopping counter: 1 out of 100
Updating learning rate to 1.0941898913151242e-05
Epoch: 25 cost time: 2.104184865951538
Epoch: 25, Steps: 63 | Train Loss: 0.6808656 Vali Loss: 0.3912080 Test Loss: 0.4174322
Validation loss decreased (0.391389 --> 0.391208).  Saving model ...
Updating learning rate to 9.847709021836118e-06
Epoch: 26 cost time: 2.1074230670928955
Epoch: 26, Steps: 63 | Train Loss: 0.6804945 Vali Loss: 0.3910252 Test Loss: 0.4171811
Validation loss decreased (0.391208 --> 0.391025).  Saving model ...
Updating learning rate to 8.862938119652508e-06
Epoch: 27 cost time: 2.127700090408325
Epoch: 27, Steps: 63 | Train Loss: 0.6787477 Vali Loss: 0.3909631 Test Loss: 0.4172699
Validation loss decreased (0.391025 --> 0.390963).  Saving model ...
Updating learning rate to 7.976644307687255e-06
Epoch: 28 cost time: 2.1084344387054443
Epoch: 28, Steps: 63 | Train Loss: 0.6790332 Vali Loss: 0.3907409 Test Loss: 0.4170374
Validation loss decreased (0.390963 --> 0.390741).  Saving model ...
Updating learning rate to 7.178979876918531e-06
Epoch: 29 cost time: 2.1056971549987793
Epoch: 29, Steps: 63 | Train Loss: 0.6800446 Vali Loss: 0.3907529 Test Loss: 0.4170857
EarlyStopping counter: 1 out of 100
Updating learning rate to 6.4610818892266776e-06
Epoch: 30 cost time: 2.1075165271759033
Epoch: 30, Steps: 63 | Train Loss: 0.6795932 Vali Loss: 0.3904604 Test Loss: 0.4167756
Validation loss decreased (0.390741 --> 0.390460).  Saving model ...
Updating learning rate to 5.8149737003040096e-06
Epoch: 31 cost time: 2.114201307296753
Epoch: 31, Steps: 63 | Train Loss: 0.6780594 Vali Loss: 0.3901063 Test Loss: 0.4163743
Validation loss decreased (0.390460 --> 0.390106).  Saving model ...
Updating learning rate to 5.23347633027361e-06
Epoch: 32 cost time: 2.10982346534729
Epoch: 32, Steps: 63 | Train Loss: 0.6784960 Vali Loss: 0.3902723 Test Loss: 0.4166457
EarlyStopping counter: 1 out of 100
Updating learning rate to 4.710128697246249e-06
Epoch: 33 cost time: 2.1073522567749023
Epoch: 33, Steps: 63 | Train Loss: 0.6799022 Vali Loss: 0.3899768 Test Loss: 0.4162675
Validation loss decreased (0.390106 --> 0.389977).  Saving model ...
Updating learning rate to 4.239115827521624e-06
Epoch: 34 cost time: 2.109074592590332
Epoch: 34, Steps: 63 | Train Loss: 0.6777349 Vali Loss: 0.3899997 Test Loss: 0.4163556
EarlyStopping counter: 1 out of 100
Updating learning rate to 3.815204244769462e-06
Epoch: 35 cost time: 2.106381416320801
Epoch: 35, Steps: 63 | Train Loss: 0.6779774 Vali Loss: 0.3898315 Test Loss: 0.4162619
Validation loss decreased (0.389977 --> 0.389831).  Saving model ...
Updating learning rate to 3.4336838202925152e-06
Epoch: 36 cost time: 2.1086392402648926
Epoch: 36, Steps: 63 | Train Loss: 0.6784110 Vali Loss: 0.3896465 Test Loss: 0.4162592
Validation loss decreased (0.389831 --> 0.389646).  Saving model ...
Updating learning rate to 3.090315438263264e-06
Epoch: 37 cost time: 2.1128976345062256
Epoch: 37, Steps: 63 | Train Loss: 0.6785027 Vali Loss: 0.3896163 Test Loss: 0.4159928
Validation loss decreased (0.389646 --> 0.389616).  Saving model ...
Updating learning rate to 2.7812838944369375e-06
Epoch: 38 cost time: 2.1059303283691406
Epoch: 38, Steps: 63 | Train Loss: 0.6764064 Vali Loss: 0.3896866 Test Loss: 0.4161018
EarlyStopping counter: 1 out of 100
Updating learning rate to 2.503155504993244e-06
Epoch: 39 cost time: 2.1044116020202637
Epoch: 39, Steps: 63 | Train Loss: 0.6779987 Vali Loss: 0.3896513 Test Loss: 0.4162225
EarlyStopping counter: 2 out of 100
Updating learning rate to 2.2528399544939195e-06
Epoch: 40 cost time: 2.1043431758880615
Epoch: 40, Steps: 63 | Train Loss: 0.6769196 Vali Loss: 0.3895759 Test Loss: 0.4160466
Validation loss decreased (0.389616 --> 0.389576).  Saving model ...
Updating learning rate to 2.0275559590445276e-06
Epoch: 41 cost time: 2.1056816577911377
Epoch: 41, Steps: 63 | Train Loss: 0.6760917 Vali Loss: 0.3896020 Test Loss: 0.4160929
EarlyStopping counter: 1 out of 100
Updating learning rate to 1.8248003631400751e-06
Epoch: 42 cost time: 2.107497453689575
Epoch: 42, Steps: 63 | Train Loss: 0.6775190 Vali Loss: 0.3893564 Test Loss: 0.4162053
Validation loss decreased (0.389576 --> 0.389356).  Saving model ...
Updating learning rate to 1.6423203268260676e-06
Epoch: 43 cost time: 2.117230176925659
Epoch: 43, Steps: 63 | Train Loss: 0.6778013 Vali Loss: 0.3890485 Test Loss: 0.4159280
Validation loss decreased (0.389356 --> 0.389049).  Saving model ...
Updating learning rate to 1.4780882941434609e-06
Epoch: 44 cost time: 2.094578504562378
Epoch: 44, Steps: 63 | Train Loss: 0.6766629 Vali Loss: 0.3894888 Test Loss: 0.4160245
EarlyStopping counter: 1 out of 100
Updating learning rate to 1.3302794647291146e-06
Epoch: 45 cost time: 2.0939762592315674
Epoch: 45, Steps: 63 | Train Loss: 0.6770503 Vali Loss: 0.3893833 Test Loss: 0.4159985
EarlyStopping counter: 2 out of 100
Updating learning rate to 1.1972515182562034e-06
Epoch: 46 cost time: 2.095095157623291
Epoch: 46, Steps: 63 | Train Loss: 0.6776913 Vali Loss: 0.3892771 Test Loss: 0.4157124
EarlyStopping counter: 3 out of 100
Updating learning rate to 1.077526366430583e-06
Epoch: 47 cost time: 2.0903196334838867
Epoch: 47, Steps: 63 | Train Loss: 0.6761192 Vali Loss: 0.3894647 Test Loss: 0.4159757
EarlyStopping counter: 4 out of 100
Updating learning rate to 9.697737297875248e-07
Epoch: 48 cost time: 2.091740608215332
Epoch: 48, Steps: 63 | Train Loss: 0.6745711 Vali Loss: 0.3893335 Test Loss: 0.4158176
EarlyStopping counter: 5 out of 100
Updating learning rate to 8.727963568087723e-07
Epoch: 49 cost time: 2.092665433883667
Epoch: 49, Steps: 63 | Train Loss: 0.6764739 Vali Loss: 0.3893703 Test Loss: 0.4158955
EarlyStopping counter: 6 out of 100
Updating learning rate to 7.855167211278951e-07
Epoch: 50 cost time: 2.0920214653015137
Epoch: 50, Steps: 63 | Train Loss: 0.6780525 Vali Loss: 0.3893046 Test Loss: 0.4158630
EarlyStopping counter: 7 out of 100
Updating learning rate to 7.069650490151056e-07
Epoch: 51 cost time: 2.0959460735321045
Epoch: 51, Steps: 63 | Train Loss: 0.6763061 Vali Loss: 0.3894979 Test Loss: 0.4160192
EarlyStopping counter: 8 out of 100
Updating learning rate to 6.36268544113595e-07
Epoch: 52 cost time: 2.093851327896118
Epoch: 52, Steps: 63 | Train Loss: 0.6763732 Vali Loss: 0.3893616 Test Loss: 0.4159581
EarlyStopping counter: 9 out of 100
Updating learning rate to 5.726416897022355e-07
Epoch: 53 cost time: 2.097294807434082
Epoch: 53, Steps: 63 | Train Loss: 0.6772456 Vali Loss: 0.3894145 Test Loss: 0.4160194
EarlyStopping counter: 10 out of 100
Updating learning rate to 5.15377520732012e-07
Epoch: 54 cost time: 2.0930087566375732
Epoch: 54, Steps: 63 | Train Loss: 0.6757126 Vali Loss: 0.3894607 Test Loss: 0.4159779
EarlyStopping counter: 11 out of 100
Updating learning rate to 4.6383976865881085e-07
Epoch: 55 cost time: 2.095682382583618
Epoch: 55, Steps: 63 | Train Loss: 0.6774038 Vali Loss: 0.3892627 Test Loss: 0.4157890
EarlyStopping counter: 12 out of 100
Updating learning rate to 4.174557917929298e-07
Epoch: 56 cost time: 2.091061592102051
Epoch: 56, Steps: 63 | Train Loss: 0.6782347 Vali Loss: 0.3893526 Test Loss: 0.4158808
EarlyStopping counter: 13 out of 100
Updating learning rate to 3.7571021261363677e-07
Epoch: 57 cost time: 2.120803117752075
Epoch: 57, Steps: 63 | Train Loss: 0.6774081 Vali Loss: 0.3892828 Test Loss: 0.4158269
EarlyStopping counter: 14 out of 100
Updating learning rate to 3.381391913522731e-07
Epoch: 58 cost time: 2.100107431411743
Epoch: 58, Steps: 63 | Train Loss: 0.6765557 Vali Loss: 0.3891339 Test Loss: 0.4155521
EarlyStopping counter: 15 out of 100
Updating learning rate to 3.043252722170458e-07
Epoch: 59 cost time: 2.1040096282958984
Epoch: 59, Steps: 63 | Train Loss: 0.6754909 Vali Loss: 0.3892038 Test Loss: 0.4156900
EarlyStopping counter: 16 out of 100
Updating learning rate to 2.7389274499534124e-07
Epoch: 60 cost time: 2.0990231037139893
Epoch: 60, Steps: 63 | Train Loss: 0.6766844 Vali Loss: 0.3893230 Test Loss: 0.4158792
EarlyStopping counter: 17 out of 100
Updating learning rate to 2.465034704958071e-07
Epoch: 61 cost time: 2.1211180686950684
Epoch: 61, Steps: 63 | Train Loss: 0.6766010 Vali Loss: 0.3891998 Test Loss: 0.4157302
EarlyStopping counter: 18 out of 100
Updating learning rate to 2.218531234462264e-07
Epoch: 62 cost time: 2.0980522632598877
Epoch: 62, Steps: 63 | Train Loss: 0.6766267 Vali Loss: 0.3892704 Test Loss: 0.4157360
EarlyStopping counter: 19 out of 100
Updating learning rate to 1.9966781110160376e-07
Epoch: 63 cost time: 2.0992443561553955
Epoch: 63, Steps: 63 | Train Loss: 0.6755581 Vali Loss: 0.3893475 Test Loss: 0.4158749
EarlyStopping counter: 20 out of 100
Updating learning rate to 1.797010299914434e-07
Epoch: 64 cost time: 2.103952169418335
Epoch: 64, Steps: 63 | Train Loss: 0.6762367 Vali Loss: 0.3892951 Test Loss: 0.4159750
EarlyStopping counter: 21 out of 100
Updating learning rate to 1.6173092699229907e-07
Epoch: 65 cost time: 2.098083972930908
Epoch: 65, Steps: 63 | Train Loss: 0.6765164 Vali Loss: 0.3891470 Test Loss: 0.4157926
EarlyStopping counter: 22 out of 100
Updating learning rate to 1.4555783429306916e-07
Epoch: 66 cost time: 2.105945348739624
Epoch: 66, Steps: 63 | Train Loss: 0.6783720 Vali Loss: 0.3893663 Test Loss: 0.4159926
EarlyStopping counter: 23 out of 100
Updating learning rate to 1.3100205086376224e-07
Epoch: 67 cost time: 2.101652145385742
Epoch: 67, Steps: 63 | Train Loss: 0.6762565 Vali Loss: 0.3890846 Test Loss: 0.4155991
EarlyStopping counter: 24 out of 100
Updating learning rate to 1.1790184577738603e-07
Epoch: 68 cost time: 2.0985324382781982
Epoch: 68, Steps: 63 | Train Loss: 0.6776313 Vali Loss: 0.3887940 Test Loss: 0.4157217
Validation loss decreased (0.389049 --> 0.388794).  Saving model ...
Updating learning rate to 1.0611166119964742e-07
Epoch: 69 cost time: 2.0986456871032715
Epoch: 69, Steps: 63 | Train Loss: 0.6764841 Vali Loss: 0.3889313 Test Loss: 0.4157703
EarlyStopping counter: 1 out of 100
Updating learning rate to 9.550049507968268e-08
Epoch: 70 cost time: 2.1051111221313477
Epoch: 70, Steps: 63 | Train Loss: 0.6773773 Vali Loss: 0.3892484 Test Loss: 0.4157569
EarlyStopping counter: 2 out of 100
Updating learning rate to 8.595044557171442e-08
Epoch: 71 cost time: 2.1026930809020996
Epoch: 71, Steps: 63 | Train Loss: 0.6756521 Vali Loss: 0.3890814 Test Loss: 0.4156703
EarlyStopping counter: 3 out of 100
Updating learning rate to 7.735540101454298e-08
Epoch: 72 cost time: 2.0989887714385986
Epoch: 72, Steps: 63 | Train Loss: 0.6771904 Vali Loss: 0.3892362 Test Loss: 0.4157326
EarlyStopping counter: 4 out of 100
Updating learning rate to 6.961986091308869e-08
Epoch: 73 cost time: 2.1034491062164307
Epoch: 73, Steps: 63 | Train Loss: 0.6769979 Vali Loss: 0.3891025 Test Loss: 0.4157377
EarlyStopping counter: 5 out of 100
Updating learning rate to 6.265787482177981e-08
Epoch: 74 cost time: 2.102292537689209
Epoch: 74, Steps: 63 | Train Loss: 0.6757219 Vali Loss: 0.3890709 Test Loss: 0.4155837
EarlyStopping counter: 6 out of 100
Updating learning rate to 5.639208733960184e-08
Epoch: 75 cost time: 2.1013875007629395
Epoch: 75, Steps: 63 | Train Loss: 0.6769548 Vali Loss: 0.3893188 Test Loss: 0.4158165
EarlyStopping counter: 7 out of 100
Updating learning rate to 5.075287860564165e-08
Epoch: 76 cost time: 2.1019294261932373
Epoch: 76, Steps: 63 | Train Loss: 0.6776935 Vali Loss: 0.3888901 Test Loss: 0.4156198
EarlyStopping counter: 8 out of 100
Updating learning rate to 4.567759074507749e-08
Epoch: 77 cost time: 2.0996251106262207
Epoch: 77, Steps: 63 | Train Loss: 0.6748398 Vali Loss: 0.3893583 Test Loss: 0.4159154
EarlyStopping counter: 9 out of 100
Updating learning rate to 4.1109831670569744e-08
Epoch: 78 cost time: 2.096719741821289
Epoch: 78, Steps: 63 | Train Loss: 0.6754934 Vali Loss: 0.3889998 Test Loss: 0.4153981
EarlyStopping counter: 10 out of 100
Updating learning rate to 3.6998848503512764e-08
Epoch: 79 cost time: 2.1046669483184814
Epoch: 79, Steps: 63 | Train Loss: 0.6770872 Vali Loss: 0.3892608 Test Loss: 0.4158240
EarlyStopping counter: 11 out of 100
Updating learning rate to 3.3298963653161496e-08
Epoch: 80 cost time: 2.113600015640259
Epoch: 80, Steps: 63 | Train Loss: 0.6763399 Vali Loss: 0.3891666 Test Loss: 0.4157093
EarlyStopping counter: 12 out of 100
Updating learning rate to 2.996906728784534e-08
Epoch: 81 cost time: 2.104001760482788
Epoch: 81, Steps: 63 | Train Loss: 0.6764708 Vali Loss: 0.3893867 Test Loss: 0.4159625
EarlyStopping counter: 13 out of 100
Updating learning rate to 2.697216055906081e-08
Epoch: 82 cost time: 2.109100580215454
Epoch: 82, Steps: 63 | Train Loss: 0.6762635 Vali Loss: 0.3892926 Test Loss: 0.4157996
EarlyStopping counter: 14 out of 100
Updating learning rate to 2.427494450315473e-08
Epoch: 83 cost time: 2.103142023086548
Epoch: 83, Steps: 63 | Train Loss: 0.6765636 Vali Loss: 0.3891419 Test Loss: 0.4157060
EarlyStopping counter: 15 out of 100
Updating learning rate to 2.1847450052839257e-08
Epoch: 84 cost time: 2.1054139137268066
Epoch: 84, Steps: 63 | Train Loss: 0.6740607 Vali Loss: 0.3893555 Test Loss: 0.4159594
EarlyStopping counter: 16 out of 100
Updating learning rate to 1.9662705047555332e-08
Epoch: 85 cost time: 2.1085753440856934
Epoch: 85, Steps: 63 | Train Loss: 0.6762503 Vali Loss: 0.3892334 Test Loss: 0.4157166
EarlyStopping counter: 17 out of 100
Updating learning rate to 1.7696434542799797e-08
Epoch: 86 cost time: 2.1062443256378174
Epoch: 86, Steps: 63 | Train Loss: 0.6767508 Vali Loss: 0.3888818 Test Loss: 0.4157224
EarlyStopping counter: 18 out of 100
Updating learning rate to 1.5926791088519817e-08
Epoch: 87 cost time: 2.1079657077789307
Epoch: 87, Steps: 63 | Train Loss: 0.6771912 Vali Loss: 0.3893603 Test Loss: 0.4159167
EarlyStopping counter: 19 out of 100
Updating learning rate to 1.4334111979667836e-08
Epoch: 88 cost time: 2.1109421253204346
Epoch: 88, Steps: 63 | Train Loss: 0.6739677 Vali Loss: 0.3891459 Test Loss: 0.4157270
EarlyStopping counter: 20 out of 100
Updating learning rate to 1.2900700781701054e-08
Epoch: 89 cost time: 2.1062371730804443
Epoch: 89, Steps: 63 | Train Loss: 0.6767372 Vali Loss: 0.3891564 Test Loss: 0.4157705
EarlyStopping counter: 21 out of 100
Updating learning rate to 1.161063070353095e-08
Epoch: 90 cost time: 2.110018491744995
Epoch: 90, Steps: 63 | Train Loss: 0.6778916 Vali Loss: 0.3892331 Test Loss: 0.4157882
EarlyStopping counter: 22 out of 100
Updating learning rate to 1.0449567633177854e-08
Epoch: 91 cost time: 2.1047613620758057
Epoch: 91, Steps: 63 | Train Loss: 0.6767607 Vali Loss: 0.3892761 Test Loss: 0.4158622
EarlyStopping counter: 23 out of 100
Updating learning rate to 9.404610869860069e-09
Epoch: 92 cost time: 2.103537082672119
Epoch: 92, Steps: 63 | Train Loss: 0.6760344 Vali Loss: 0.3892375 Test Loss: 0.4157798
EarlyStopping counter: 24 out of 100
Updating learning rate to 8.464149782874063e-09
Epoch: 93 cost time: 2.106780529022217
Epoch: 93, Steps: 63 | Train Loss: 0.6766359 Vali Loss: 0.3893481 Test Loss: 0.4158761
EarlyStopping counter: 25 out of 100
Updating learning rate to 7.617734804586658e-09
Epoch: 94 cost time: 2.105416774749756
Epoch: 94, Steps: 63 | Train Loss: 0.6780325 Vali Loss: 0.3889261 Test Loss: 0.4153259
EarlyStopping counter: 26 out of 100
Updating learning rate to 6.855961324127991e-09
Epoch: 95 cost time: 2.1066763401031494
Epoch: 95, Steps: 63 | Train Loss: 0.6764862 Vali Loss: 0.3891022 Test Loss: 0.4155310
EarlyStopping counter: 27 out of 100
Updating learning rate to 6.170365191715193e-09
Epoch: 96 cost time: 2.105180501937866
Epoch: 96, Steps: 63 | Train Loss: 0.6774232 Vali Loss: 0.3891281 Test Loss: 0.4158215
EarlyStopping counter: 28 out of 100
Updating learning rate to 5.5533286725436726e-09
Epoch: 97 cost time: 2.10905385017395
Epoch: 97, Steps: 63 | Train Loss: 0.6775472 Vali Loss: 0.3891862 Test Loss: 0.4158588
EarlyStopping counter: 29 out of 100
Updating learning rate to 4.997995805289306e-09
Epoch: 98 cost time: 2.109966278076172
Epoch: 98, Steps: 63 | Train Loss: 0.6767598 Vali Loss: 0.3892108 Test Loss: 0.4157261
EarlyStopping counter: 30 out of 100
Updating learning rate to 4.498196224760375e-09
Epoch: 99 cost time: 2.1126251220703125
Epoch: 99, Steps: 63 | Train Loss: 0.6761212 Vali Loss: 0.3892917 Test Loss: 0.4158499
EarlyStopping counter: 31 out of 100
Updating learning rate to 4.048376602284338e-09
Epoch: 100 cost time: 2.1041324138641357
Epoch: 100, Steps: 63 | Train Loss: 0.6763406 Vali Loss: 0.3892960 Test Loss: 0.4158213
EarlyStopping counter: 32 out of 100
Updating learning rate to 3.643538942055904e-09
>>>>>>>testing : NL_etth2_flatten_lr0.0001_5steps_336_192_PatchTST_ETTh2_ftM_sl336_ll48_pl192_dm16_nh4_el3_dl1_df128_fc1_ebtimeF_dtTruelr0.0001_pol5steps_Nested_Learning_0<<<<<<<<<<<<<<<<<<<<<<<<<<<<<<<<<
test 2689
 Ejecutando Inferencia DINÁMICA (Nested Learning con flatten)
  -> Política: 5steps | LR: 0.0001 | Target: head

RESUMEN: El CMS se actualizó 5 veces de 21 posibles.

mse:0.4113886058330536, mae:0.4394615590572357, rse:0.514313280582428
Args in experiment:
Namespace(random_seed=2021, is_training=1, model_id='NL_etth2_flatten_lr0.0001_5steps_336_336', model='PatchTST', data='ETTh2', root_path='./dataset/', data_path='ETTh2.csv', features='M', target='OT', freq='h', checkpoints='./checkpoints/', seq_len=336, label_len=48, pred_len=336, head_type='flatten', cms_lr=0.0001, update_policy='5steps', fc_dropout=0.3, head_dropout=0.0, patch_len=16, stride=8, padding_patch='end', revin=1, affine=0, subtract_last=0, decomposition=0, kernel_size=25, individual=0, embed_type=0, enc_in=7, dec_in=7, c_out=7, d_model=16, n_heads=4, e_layers=3, d_layers=1, d_ff=128, moving_avg=25, factor=1, distil=True, dropout=0.3, embed='timeF', activation='gelu', output_attention=False, do_predict=False, num_workers=0, itr=1, train_epochs=100, batch_size=128, patience=100, learning_rate=0.0001, des='Nested_Learning', loss='mse', lradj='type3', pct_start=0.3, use_amp=False, use_gpu=True, gpu=0, use_multi_gpu=False, devices='0,1,2,3', test_flop=False)
Use GPU: cuda:0
>>>>>>>start training : NL_etth2_flatten_lr0.0001_5steps_336_336_PatchTST_ETTh2_ftM_sl336_ll48_pl336_dm16_nh4_el3_dl1_df128_fc1_ebtimeF_dtTruelr0.0001_pol5steps_Nested_Learning_0>>>>>>>>>>>>>>>>>>>>>>>>>>
train 7969
val 2545
test 2545
Epoch: 1 cost time: 1.843367338180542
Epoch: 1, Steps: 62 | Train Loss: 0.8182374 Vali Loss: 0.5096269 Test Loss: 0.3953146
Validation loss decreased (inf --> 0.509627).  Saving model ...
Updating learning rate to 0.0001
Epoch: 2 cost time: 1.5307176113128662
Epoch: 2, Steps: 62 | Train Loss: 0.8155075 Vali Loss: 0.5041901 Test Loss: 0.3936466
Validation loss decreased (0.509627 --> 0.504190).  Saving model ...
Updating learning rate to 0.0001
Epoch: 3 cost time: 1.52420973777771
Epoch: 3, Steps: 62 | Train Loss: 0.8088446 Vali Loss: 0.5023305 Test Loss: 0.3922798
Validation loss decreased (0.504190 --> 0.502330).  Saving model ...
Updating learning rate to 0.0001
Epoch: 4 cost time: 1.5282471179962158
Epoch: 4, Steps: 62 | Train Loss: 0.8022913 Vali Loss: 0.4982869 Test Loss: 0.3908232
Validation loss decreased (0.502330 --> 0.498287).  Saving model ...
Updating learning rate to 9e-05
Epoch: 5 cost time: 2.254812002182007
Epoch: 5, Steps: 62 | Train Loss: 0.7984393 Vali Loss: 0.4973473 Test Loss: 0.3893659
Validation loss decreased (0.498287 --> 0.497347).  Saving model ...
Updating learning rate to 8.1e-05
Epoch: 6 cost time: 2.2429778575897217
Epoch: 6, Steps: 62 | Train Loss: 0.7923422 Vali Loss: 0.4941328 Test Loss: 0.3882049
Validation loss decreased (0.497347 --> 0.494133).  Saving model ...
Updating learning rate to 7.290000000000001e-05
Epoch: 7 cost time: 1.8859131336212158
Epoch: 7, Steps: 62 | Train Loss: 0.7885373 Vali Loss: 0.4939338 Test Loss: 0.3872477
Validation loss decreased (0.494133 --> 0.493934).  Saving model ...
Updating learning rate to 6.561e-05
Epoch: 8 cost time: 2.187016487121582
Epoch: 8, Steps: 62 | Train Loss: 0.7859485 Vali Loss: 0.4889991 Test Loss: 0.3862362
Validation loss decreased (0.493934 --> 0.488999).  Saving model ...
Updating learning rate to 5.904900000000001e-05
Epoch: 9 cost time: 2.1118710041046143
Epoch: 9, Steps: 62 | Train Loss: 0.7816246 Vali Loss: 0.4916779 Test Loss: 0.3857012
EarlyStopping counter: 1 out of 100
Updating learning rate to 5.3144100000000005e-05
Epoch: 10 cost time: 1.5286695957183838
Epoch: 10, Steps: 62 | Train Loss: 0.7785989 Vali Loss: 0.4886670 Test Loss: 0.3850201
Validation loss decreased (0.488999 --> 0.488667).  Saving model ...
Updating learning rate to 4.782969000000001e-05
Epoch: 11 cost time: 1.5295333862304688
Epoch: 11, Steps: 62 | Train Loss: 0.7788898 Vali Loss: 0.4886956 Test Loss: 0.3843473
EarlyStopping counter: 1 out of 100
Updating learning rate to 4.304672100000001e-05
Epoch: 12 cost time: 1.5365417003631592
Epoch: 12, Steps: 62 | Train Loss: 0.7767759 Vali Loss: 0.4869050 Test Loss: 0.3837562
Validation loss decreased (0.488667 --> 0.486905).  Saving model ...
Updating learning rate to 3.874204890000001e-05
Epoch: 13 cost time: 1.5312395095825195
Epoch: 13, Steps: 62 | Train Loss: 0.7746707 Vali Loss: 0.4831777 Test Loss: 0.3832441
Validation loss decreased (0.486905 --> 0.483178).  Saving model ...
Updating learning rate to 3.486784401000001e-05
Epoch: 14 cost time: 1.5291643142700195
Epoch: 14, Steps: 62 | Train Loss: 0.7725663 Vali Loss: 0.4843865 Test Loss: 0.3829009
EarlyStopping counter: 1 out of 100
Updating learning rate to 3.138105960900001e-05
Epoch: 15 cost time: 1.531658411026001
Epoch: 15, Steps: 62 | Train Loss: 0.7710415 Vali Loss: 0.4848379 Test Loss: 0.3826828
EarlyStopping counter: 2 out of 100
Updating learning rate to 2.824295364810001e-05
Epoch: 16 cost time: 1.5254318714141846
Epoch: 16, Steps: 62 | Train Loss: 0.7697645 Vali Loss: 0.4850427 Test Loss: 0.3823210
EarlyStopping counter: 3 out of 100
Updating learning rate to 2.541865828329001e-05
Epoch: 17 cost time: 1.5314574241638184
Epoch: 17, Steps: 62 | Train Loss: 0.7699875 Vali Loss: 0.4876544 Test Loss: 0.3816705
EarlyStopping counter: 4 out of 100
Updating learning rate to 2.287679245496101e-05
Epoch: 18 cost time: 1.5244033336639404
Epoch: 18, Steps: 62 | Train Loss: 0.7671289 Vali Loss: 0.4829848 Test Loss: 0.3817464
Validation loss decreased (0.483178 --> 0.482985).  Saving model ...
Updating learning rate to 2.0589113209464907e-05
Epoch: 19 cost time: 1.527869701385498
Epoch: 19, Steps: 62 | Train Loss: 0.7667688 Vali Loss: 0.4848501 Test Loss: 0.3813603
EarlyStopping counter: 1 out of 100
Updating learning rate to 1.8530201888518416e-05
Epoch: 20 cost time: 1.5310132503509521
Epoch: 20, Steps: 62 | Train Loss: 0.7661100 Vali Loss: 0.4811268 Test Loss: 0.3810680
Validation loss decreased (0.482985 --> 0.481127).  Saving model ...
Updating learning rate to 1.6677181699666577e-05
Epoch: 21 cost time: 1.5254056453704834
Epoch: 21, Steps: 62 | Train Loss: 0.7638659 Vali Loss: 0.4833147 Test Loss: 0.3807667
EarlyStopping counter: 1 out of 100
Updating learning rate to 1.5009463529699919e-05
Epoch: 22 cost time: 1.5272138118743896
Epoch: 22, Steps: 62 | Train Loss: 0.7642440 Vali Loss: 0.4810969 Test Loss: 0.3808971
Validation loss decreased (0.481127 --> 0.481097).  Saving model ...
Updating learning rate to 1.3508517176729929e-05
Epoch: 23 cost time: 1.5245850086212158
Epoch: 23, Steps: 62 | Train Loss: 0.7646310 Vali Loss: 0.4784718 Test Loss: 0.3807350
Validation loss decreased (0.481097 --> 0.478472).  Saving model ...
Updating learning rate to 1.2157665459056936e-05
Epoch: 24 cost time: 1.5255048274993896
Epoch: 24, Steps: 62 | Train Loss: 0.7639474 Vali Loss: 0.4826938 Test Loss: 0.3807898
EarlyStopping counter: 1 out of 100
Updating learning rate to 1.0941898913151242e-05
Epoch: 25 cost time: 1.5245189666748047
Epoch: 25, Steps: 62 | Train Loss: 0.7621788 Vali Loss: 0.4821703 Test Loss: 0.3803518
EarlyStopping counter: 2 out of 100
Updating learning rate to 9.847709021836118e-06
Epoch: 26 cost time: 1.524491548538208
Epoch: 26, Steps: 62 | Train Loss: 0.7627471 Vali Loss: 0.4816097 Test Loss: 0.3805947
EarlyStopping counter: 3 out of 100
Updating learning rate to 8.862938119652508e-06
Epoch: 27 cost time: 1.5321345329284668
Epoch: 27, Steps: 62 | Train Loss: 0.7624469 Vali Loss: 0.4812722 Test Loss: 0.3802070
EarlyStopping counter: 4 out of 100
Updating learning rate to 7.976644307687255e-06
Epoch: 28 cost time: 1.526914119720459
Epoch: 28, Steps: 62 | Train Loss: 0.7638353 Vali Loss: 0.4817534 Test Loss: 0.3802388
EarlyStopping counter: 5 out of 100
Updating learning rate to 7.178979876918531e-06
Epoch: 29 cost time: 1.5230464935302734
Epoch: 29, Steps: 62 | Train Loss: 0.7618981 Vali Loss: 0.4829810 Test Loss: 0.3798415
EarlyStopping counter: 6 out of 100
Updating learning rate to 6.4610818892266776e-06
Epoch: 30 cost time: 1.5290124416351318
Epoch: 30, Steps: 62 | Train Loss: 0.7616235 Vali Loss: 0.4802149 Test Loss: 0.3799154
EarlyStopping counter: 7 out of 100
Updating learning rate to 5.8149737003040096e-06
Epoch: 31 cost time: 1.5221688747406006
Epoch: 31, Steps: 62 | Train Loss: 0.7600844 Vali Loss: 0.4792883 Test Loss: 0.3800107
EarlyStopping counter: 8 out of 100
Updating learning rate to 5.23347633027361e-06
Epoch: 32 cost time: 1.5246610641479492
Epoch: 32, Steps: 62 | Train Loss: 0.7615542 Vali Loss: 0.4793533 Test Loss: 0.3797026
EarlyStopping counter: 9 out of 100
Updating learning rate to 4.710128697246249e-06
Epoch: 33 cost time: 1.5269463062286377
Epoch: 33, Steps: 62 | Train Loss: 0.7597875 Vali Loss: 0.4815438 Test Loss: 0.3798225
EarlyStopping counter: 10 out of 100
Updating learning rate to 4.239115827521624e-06
Epoch: 34 cost time: 1.5297870635986328
Epoch: 34, Steps: 62 | Train Loss: 0.7610728 Vali Loss: 0.4773712 Test Loss: 0.3794208
Validation loss decreased (0.478472 --> 0.477371).  Saving model ...
Updating learning rate to 3.815204244769462e-06
Epoch: 35 cost time: 1.5319857597351074
Epoch: 35, Steps: 62 | Train Loss: 0.7607494 Vali Loss: 0.4808098 Test Loss: 0.3797145
EarlyStopping counter: 1 out of 100
Updating learning rate to 3.4336838202925152e-06
Epoch: 36 cost time: 1.5278043746948242
Epoch: 36, Steps: 62 | Train Loss: 0.7597235 Vali Loss: 0.4815876 Test Loss: 0.3796491
EarlyStopping counter: 2 out of 100
Updating learning rate to 3.090315438263264e-06
Epoch: 37 cost time: 1.5242807865142822
Epoch: 37, Steps: 62 | Train Loss: 0.7613415 Vali Loss: 0.4800403 Test Loss: 0.3795100
EarlyStopping counter: 3 out of 100
Updating learning rate to 2.7812838944369375e-06
Epoch: 38 cost time: 1.5250015258789062
Epoch: 38, Steps: 62 | Train Loss: 0.7597072 Vali Loss: 0.4805423 Test Loss: 0.3797190
EarlyStopping counter: 4 out of 100
Updating learning rate to 2.503155504993244e-06
Epoch: 39 cost time: 1.5321989059448242
Epoch: 39, Steps: 62 | Train Loss: 0.7603479 Vali Loss: 0.4812347 Test Loss: 0.3790841
EarlyStopping counter: 5 out of 100
Updating learning rate to 2.2528399544939195e-06
Epoch: 40 cost time: 1.5257275104522705
Epoch: 40, Steps: 62 | Train Loss: 0.7604219 Vali Loss: 0.4816255 Test Loss: 0.3795369
EarlyStopping counter: 6 out of 100
Updating learning rate to 2.0275559590445276e-06
Epoch: 41 cost time: 1.5260586738586426
Epoch: 41, Steps: 62 | Train Loss: 0.7599672 Vali Loss: 0.4817679 Test Loss: 0.3796371
EarlyStopping counter: 7 out of 100
Updating learning rate to 1.8248003631400751e-06
Epoch: 42 cost time: 1.5247752666473389
Epoch: 42, Steps: 62 | Train Loss: 0.7599614 Vali Loss: 0.4815851 Test Loss: 0.3795484
EarlyStopping counter: 8 out of 100
Updating learning rate to 1.6423203268260676e-06
Epoch: 43 cost time: 1.5264835357666016
Epoch: 43, Steps: 62 | Train Loss: 0.7604484 Vali Loss: 0.4806097 Test Loss: 0.3792264
EarlyStopping counter: 9 out of 100
Updating learning rate to 1.4780882941434609e-06
Epoch: 44 cost time: 1.5229442119598389
Epoch: 44, Steps: 62 | Train Loss: 0.7598915 Vali Loss: 0.4806147 Test Loss: 0.3791807
EarlyStopping counter: 10 out of 100
Updating learning rate to 1.3302794647291146e-06
Epoch: 45 cost time: 1.5292842388153076
Epoch: 45, Steps: 62 | Train Loss: 0.7612353 Vali Loss: 0.4807807 Test Loss: 0.3791722
EarlyStopping counter: 11 out of 100
Updating learning rate to 1.1972515182562034e-06
Epoch: 46 cost time: 1.523292064666748
Epoch: 46, Steps: 62 | Train Loss: 0.7606658 Vali Loss: 0.4784785 Test Loss: 0.3792875
EarlyStopping counter: 12 out of 100
Updating learning rate to 1.077526366430583e-06
Epoch: 47 cost time: 1.5226023197174072
Epoch: 47, Steps: 62 | Train Loss: 0.7608235 Vali Loss: 0.4773726 Test Loss: 0.3795145
EarlyStopping counter: 13 out of 100
Updating learning rate to 9.697737297875248e-07
Epoch: 48 cost time: 1.5224947929382324
Epoch: 48, Steps: 62 | Train Loss: 0.7600173 Vali Loss: 0.4800499 Test Loss: 0.3792528
EarlyStopping counter: 14 out of 100
Updating learning rate to 8.727963568087723e-07
Epoch: 49 cost time: 1.5239100456237793
Epoch: 49, Steps: 62 | Train Loss: 0.7600175 Vali Loss: 0.4825102 Test Loss: 0.3792459
EarlyStopping counter: 15 out of 100
Updating learning rate to 7.855167211278951e-07
Epoch: 50 cost time: 1.5244691371917725
Epoch: 50, Steps: 62 | Train Loss: 0.7598816 Vali Loss: 0.4771520 Test Loss: 0.3788496
Validation loss decreased (0.477371 --> 0.477152).  Saving model ...
Updating learning rate to 7.069650490151056e-07
Epoch: 51 cost time: 1.5267624855041504
Epoch: 51, Steps: 62 | Train Loss: 0.7577325 Vali Loss: 0.4812179 Test Loss: 0.3793011
EarlyStopping counter: 1 out of 100
Updating learning rate to 6.36268544113595e-07
Epoch: 52 cost time: 1.5241193771362305
Epoch: 52, Steps: 62 | Train Loss: 0.7604477 Vali Loss: 0.4797290 Test Loss: 0.3794590
EarlyStopping counter: 2 out of 100
Updating learning rate to 5.726416897022355e-07
Epoch: 53 cost time: 1.5233759880065918
Epoch: 53, Steps: 62 | Train Loss: 0.7587859 Vali Loss: 0.4793483 Test Loss: 0.3794415
EarlyStopping counter: 3 out of 100
Updating learning rate to 5.15377520732012e-07
Epoch: 54 cost time: 1.526186466217041
Epoch: 54, Steps: 62 | Train Loss: 0.7589944 Vali Loss: 0.4805475 Test Loss: 0.3793851
EarlyStopping counter: 4 out of 100
Updating learning rate to 4.6383976865881085e-07
Epoch: 55 cost time: 1.52726149559021
Epoch: 55, Steps: 62 | Train Loss: 0.7593287 Vali Loss: 0.4813982 Test Loss: 0.3794176
EarlyStopping counter: 5 out of 100
Updating learning rate to 4.174557917929298e-07
Epoch: 56 cost time: 1.5259618759155273
Epoch: 56, Steps: 62 | Train Loss: 0.7588623 Vali Loss: 0.4799018 Test Loss: 0.3791603
EarlyStopping counter: 6 out of 100
Updating learning rate to 3.7571021261363677e-07
Epoch: 57 cost time: 2.172344207763672
Epoch: 57, Steps: 62 | Train Loss: 0.7588608 Vali Loss: 0.4765982 Test Loss: 0.3790710
Validation loss decreased (0.477152 --> 0.476598).  Saving model ...
Updating learning rate to 3.381391913522731e-07
Epoch: 58 cost time: 2.2095887660980225
Epoch: 58, Steps: 62 | Train Loss: 0.7583218 Vali Loss: 0.4791559 Test Loss: 0.3792471
EarlyStopping counter: 1 out of 100
Updating learning rate to 3.043252722170458e-07
Epoch: 59 cost time: 2.321768045425415
Epoch: 59, Steps: 62 | Train Loss: 0.7598403 Vali Loss: 0.4813415 Test Loss: 0.3790918
EarlyStopping counter: 2 out of 100
Updating learning rate to 2.7389274499534124e-07
Epoch: 60 cost time: 2.242283821105957
Epoch: 60, Steps: 62 | Train Loss: 0.7597043 Vali Loss: 0.4778734 Test Loss: 0.3792546
EarlyStopping counter: 3 out of 100
Updating learning rate to 2.465034704958071e-07
Epoch: 61 cost time: 2.231868267059326
Epoch: 61, Steps: 62 | Train Loss: 0.7601944 Vali Loss: 0.4806550 Test Loss: 0.3788953
EarlyStopping counter: 4 out of 100
Updating learning rate to 2.218531234462264e-07
Epoch: 62 cost time: 2.1772351264953613
Epoch: 62, Steps: 62 | Train Loss: 0.7588286 Vali Loss: 0.4813475 Test Loss: 0.3795024
EarlyStopping counter: 5 out of 100
Updating learning rate to 1.9966781110160376e-07
Epoch: 63 cost time: 1.526519536972046
Epoch: 63, Steps: 62 | Train Loss: 0.7586171 Vali Loss: 0.4783777 Test Loss: 0.3793113
EarlyStopping counter: 6 out of 100
Updating learning rate to 1.797010299914434e-07
Epoch: 64 cost time: 1.5257129669189453
Epoch: 64, Steps: 62 | Train Loss: 0.7595920 Vali Loss: 0.4776328 Test Loss: 0.3791182
EarlyStopping counter: 7 out of 100
Updating learning rate to 1.6173092699229907e-07
Epoch: 65 cost time: 1.5284905433654785
Epoch: 65, Steps: 62 | Train Loss: 0.7602602 Vali Loss: 0.4807422 Test Loss: 0.3794824
EarlyStopping counter: 8 out of 100
Updating learning rate to 1.4555783429306916e-07
Epoch: 66 cost time: 1.525015115737915
Epoch: 66, Steps: 62 | Train Loss: 0.7589046 Vali Loss: 0.4796664 Test Loss: 0.3791969
EarlyStopping counter: 9 out of 100
Updating learning rate to 1.3100205086376224e-07
Epoch: 67 cost time: 1.525649070739746
Epoch: 67, Steps: 62 | Train Loss: 0.7596969 Vali Loss: 0.4810893 Test Loss: 0.3793592
EarlyStopping counter: 10 out of 100
Updating learning rate to 1.1790184577738603e-07
Epoch: 68 cost time: 1.5246303081512451
Epoch: 68, Steps: 62 | Train Loss: 0.7600419 Vali Loss: 0.4806253 Test Loss: 0.3791591
EarlyStopping counter: 11 out of 100
Updating learning rate to 1.0611166119964742e-07
Epoch: 69 cost time: 1.5254859924316406
Epoch: 69, Steps: 62 | Train Loss: 0.7601091 Vali Loss: 0.4813527 Test Loss: 0.3791714
EarlyStopping counter: 12 out of 100
Updating learning rate to 9.550049507968268e-08
Epoch: 70 cost time: 1.5271894931793213
Epoch: 70, Steps: 62 | Train Loss: 0.7595902 Vali Loss: 0.4809244 Test Loss: 0.3792128
EarlyStopping counter: 13 out of 100
Updating learning rate to 8.595044557171442e-08
Epoch: 71 cost time: 1.5255632400512695
Epoch: 71, Steps: 62 | Train Loss: 0.7603422 Vali Loss: 0.4794018 Test Loss: 0.3791705
EarlyStopping counter: 14 out of 100
Updating learning rate to 7.735540101454298e-08
Epoch: 72 cost time: 1.5250325202941895
Epoch: 72, Steps: 62 | Train Loss: 0.7593301 Vali Loss: 0.4799136 Test Loss: 0.3795608
EarlyStopping counter: 15 out of 100
Updating learning rate to 6.961986091308869e-08
Epoch: 73 cost time: 2.0743794441223145
Epoch: 73, Steps: 62 | Train Loss: 0.7604785 Vali Loss: 0.4808135 Test Loss: 0.3793066
EarlyStopping counter: 16 out of 100
Updating learning rate to 6.265787482177981e-08
Epoch: 74 cost time: 2.084420919418335
Epoch: 74, Steps: 62 | Train Loss: 0.7603333 Vali Loss: 0.4774067 Test Loss: 0.3791877
EarlyStopping counter: 17 out of 100
Updating learning rate to 5.639208733960184e-08
Epoch: 75 cost time: 2.088170051574707
Epoch: 75, Steps: 62 | Train Loss: 0.7591624 Vali Loss: 0.4802248 Test Loss: 0.3793270
EarlyStopping counter: 18 out of 100
Updating learning rate to 5.075287860564165e-08
Epoch: 76 cost time: 2.082592010498047
Epoch: 76, Steps: 62 | Train Loss: 0.7601482 Vali Loss: 0.4787308 Test Loss: 0.3793045
EarlyStopping counter: 19 out of 100
Updating learning rate to 4.567759074507749e-08
Epoch: 77 cost time: 2.0827574729919434
Epoch: 77, Steps: 62 | Train Loss: 0.7587553 Vali Loss: 0.4782120 Test Loss: 0.3789702
EarlyStopping counter: 20 out of 100
Updating learning rate to 4.1109831670569744e-08
Epoch: 78 cost time: 2.081810712814331
Epoch: 78, Steps: 62 | Train Loss: 0.7595831 Vali Loss: 0.4802052 Test Loss: 0.3792138
EarlyStopping counter: 21 out of 100
Updating learning rate to 3.6998848503512764e-08
Epoch: 79 cost time: 2.0820577144622803
Epoch: 79, Steps: 62 | Train Loss: 0.7595649 Vali Loss: 0.4805358 Test Loss: 0.3792452
EarlyStopping counter: 22 out of 100
Updating learning rate to 3.3298963653161496e-08
Epoch: 80 cost time: 2.0854334831237793
Epoch: 80, Steps: 62 | Train Loss: 0.7602939 Vali Loss: 0.4803995 Test Loss: 0.3790687
EarlyStopping counter: 23 out of 100
Updating learning rate to 2.996906728784534e-08
Epoch: 81 cost time: 2.083519697189331
Epoch: 81, Steps: 62 | Train Loss: 0.7600850 Vali Loss: 0.4811949 Test Loss: 0.3794028
EarlyStopping counter: 24 out of 100
Updating learning rate to 2.697216055906081e-08
Epoch: 82 cost time: 2.0886754989624023
Epoch: 82, Steps: 62 | Train Loss: 0.7596958 Vali Loss: 0.4804854 Test Loss: 0.3791853
EarlyStopping counter: 25 out of 100
Updating learning rate to 2.427494450315473e-08
Epoch: 83 cost time: 2.0759317874908447
Epoch: 83, Steps: 62 | Train Loss: 0.7590041 Vali Loss: 0.4815417 Test Loss: 0.3791868
EarlyStopping counter: 26 out of 100
Updating learning rate to 2.1847450052839257e-08
Epoch: 84 cost time: 2.072158098220825
Epoch: 84, Steps: 62 | Train Loss: 0.7597701 Vali Loss: 0.4784846 Test Loss: 0.3790943
EarlyStopping counter: 27 out of 100
Updating learning rate to 1.9662705047555332e-08
Epoch: 85 cost time: 2.0697553157806396
Epoch: 85, Steps: 62 | Train Loss: 0.7590517 Vali Loss: 0.4804359 Test Loss: 0.3792927
EarlyStopping counter: 28 out of 100
Updating learning rate to 1.7696434542799797e-08
Epoch: 86 cost time: 2.0722670555114746
Epoch: 86, Steps: 62 | Train Loss: 0.7600726 Vali Loss: 0.4794404 Test Loss: 0.3794135
EarlyStopping counter: 29 out of 100
Updating learning rate to 1.5926791088519817e-08
Epoch: 87 cost time: 2.066328763961792
Epoch: 87, Steps: 62 | Train Loss: 0.7589100 Vali Loss: 0.4796453 Test Loss: 0.3796670
EarlyStopping counter: 30 out of 100
Updating learning rate to 1.4334111979667836e-08
Epoch: 88 cost time: 2.0908892154693604
Epoch: 88, Steps: 62 | Train Loss: 0.7606924 Vali Loss: 0.4808230 Test Loss: 0.3794350
EarlyStopping counter: 31 out of 100
Updating learning rate to 1.2900700781701054e-08
Epoch: 89 cost time: 2.0645358562469482
Epoch: 89, Steps: 62 | Train Loss: 0.7604388 Vali Loss: 0.4764456 Test Loss: 0.3794621
Validation loss decreased (0.476598 --> 0.476446).  Saving model ...
Updating learning rate to 1.161063070353095e-08
Epoch: 90 cost time: 2.069993019104004
Epoch: 90, Steps: 62 | Train Loss: 0.7587141 Vali Loss: 0.4783634 Test Loss: 0.3793623
EarlyStopping counter: 1 out of 100
Updating learning rate to 1.0449567633177854e-08
Epoch: 91 cost time: 2.068892002105713
Epoch: 91, Steps: 62 | Train Loss: 0.7606742 Vali Loss: 0.4811005 Test Loss: 0.3789405
EarlyStopping counter: 2 out of 100
Updating learning rate to 9.404610869860069e-09
Epoch: 92 cost time: 2.066084861755371
Epoch: 92, Steps: 62 | Train Loss: 0.7602134 Vali Loss: 0.4793946 Test Loss: 0.3793767
EarlyStopping counter: 3 out of 100
Updating learning rate to 8.464149782874063e-09
Epoch: 93 cost time: 2.06777286529541
Epoch: 93, Steps: 62 | Train Loss: 0.7604390 Vali Loss: 0.4784998 Test Loss: 0.3793219
EarlyStopping counter: 4 out of 100
Updating learning rate to 7.617734804586658e-09
Epoch: 94 cost time: 2.0743441581726074
Epoch: 94, Steps: 62 | Train Loss: 0.7584646 Vali Loss: 0.4797770 Test Loss: 0.3794903
EarlyStopping counter: 5 out of 100
Updating learning rate to 6.855961324127991e-09
Epoch: 95 cost time: 2.0804555416107178
Epoch: 95, Steps: 62 | Train Loss: 0.7583481 Vali Loss: 0.4800387 Test Loss: 0.3793539
EarlyStopping counter: 6 out of 100
Updating learning rate to 6.170365191715193e-09
Epoch: 96 cost time: 2.0810699462890625
Epoch: 96, Steps: 62 | Train Loss: 0.7586195 Vali Loss: 0.4799045 Test Loss: 0.3790788
EarlyStopping counter: 7 out of 100
Updating learning rate to 5.5533286725436726e-09
Epoch: 97 cost time: 2.094221353530884
Epoch: 97, Steps: 62 | Train Loss: 0.7601322 Vali Loss: 0.4820961 Test Loss: 0.3793256
EarlyStopping counter: 8 out of 100
Updating learning rate to 4.997995805289306e-09
Epoch: 98 cost time: 2.076606035232544
Epoch: 98, Steps: 62 | Train Loss: 0.7594723 Vali Loss: 0.4773428 Test Loss: 0.3792374
EarlyStopping counter: 9 out of 100
Updating learning rate to 4.498196224760375e-09
Epoch: 99 cost time: 2.075791835784912
Epoch: 99, Steps: 62 | Train Loss: 0.7603869 Vali Loss: 0.4824608 Test Loss: 0.3793553
EarlyStopping counter: 10 out of 100
Updating learning rate to 4.048376602284338e-09
Epoch: 100 cost time: 2.0767037868499756
Epoch: 100, Steps: 62 | Train Loss: 0.7598954 Vali Loss: 0.4813358 Test Loss: 0.3793561
EarlyStopping counter: 11 out of 100
Updating learning rate to 3.643538942055904e-09
>>>>>>>testing : NL_etth2_flatten_lr0.0001_5steps_336_336_PatchTST_ETTh2_ftM_sl336_ll48_pl336_dm16_nh4_el3_dl1_df128_fc1_ebtimeF_dtTruelr0.0001_pol5steps_Nested_Learning_0<<<<<<<<<<<<<<<<<<<<<<<<<<<<<<<<<
test 2545
 Ejecutando Inferencia DINÁMICA (Nested Learning con flatten)
  -> Política: 5steps | LR: 0.0001 | Target: head

RESUMEN: El CMS se actualizó 4 veces de 19 posibles.

mse:0.3760404586791992, mae:0.4257946312427521, rse:0.48989686369895935
Args in experiment:
Namespace(random_seed=2021, is_training=1, model_id='NL_etth2_flatten_lr0.0001_5steps_336_720', model='PatchTST', data='ETTh2', root_path='./dataset/', data_path='ETTh2.csv', features='M', target='OT', freq='h', checkpoints='./checkpoints/', seq_len=336, label_len=48, pred_len=720, head_type='flatten', cms_lr=0.0001, update_policy='5steps', fc_dropout=0.3, head_dropout=0.0, patch_len=16, stride=8, padding_patch='end', revin=1, affine=0, subtract_last=0, decomposition=0, kernel_size=25, individual=0, embed_type=0, enc_in=7, dec_in=7, c_out=7, d_model=16, n_heads=4, e_layers=3, d_layers=1, d_ff=128, moving_avg=25, factor=1, distil=True, dropout=0.3, embed='timeF', activation='gelu', output_attention=False, do_predict=False, num_workers=0, itr=1, train_epochs=100, batch_size=128, patience=100, learning_rate=0.0001, des='Nested_Learning', loss='mse', lradj='type3', pct_start=0.3, use_amp=False, use_gpu=True, gpu=0, use_multi_gpu=False, devices='0,1,2,3', test_flop=False)
Use GPU: cuda:0
>>>>>>>start training : NL_etth2_flatten_lr0.0001_5steps_336_720_PatchTST_ETTh2_ftM_sl336_ll48_pl720_dm16_nh4_el3_dl1_df128_fc1_ebtimeF_dtTruelr0.0001_pol5steps_Nested_Learning_0>>>>>>>>>>>>>>>>>>>>>>>>>>
train 7585
val 2161
test 2161
Epoch: 1 cost time: 1.8646368980407715
Epoch: 1, Steps: 59 | Train Loss: 0.9842924 Vali Loss: 0.7721308 Test Loss: 0.4393271
Validation loss decreased (inf --> 0.772131).  Saving model ...
Updating learning rate to 0.0001
Epoch: 2 cost time: 1.5345335006713867
Epoch: 2, Steps: 59 | Train Loss: 0.9809948 Vali Loss: 0.7674565 Test Loss: 0.4383897
Validation loss decreased (0.772131 --> 0.767456).  Saving model ...
Updating learning rate to 0.0001
Epoch: 3 cost time: 1.5222365856170654
Epoch: 3, Steps: 59 | Train Loss: 0.9767561 Vali Loss: 0.7603088 Test Loss: 0.4378420
Validation loss decreased (0.767456 --> 0.760309).  Saving model ...
Updating learning rate to 0.0001
Epoch: 4 cost time: 1.5231003761291504
Epoch: 4, Steps: 59 | Train Loss: 0.9694853 Vali Loss: 0.7609030 Test Loss: 0.4371306
EarlyStopping counter: 1 out of 100
Updating learning rate to 9e-05
Epoch: 5 cost time: 1.5286436080932617
Epoch: 5, Steps: 59 | Train Loss: 0.9655132 Vali Loss: 0.7572144 Test Loss: 0.4367823
Validation loss decreased (0.760309 --> 0.757214).  Saving model ...
Updating learning rate to 8.1e-05
Epoch: 6 cost time: 1.5253632068634033
Epoch: 6, Steps: 59 | Train Loss: 0.9603061 Vali Loss: 0.7536908 Test Loss: 0.4359371
Validation loss decreased (0.757214 --> 0.753691).  Saving model ...
Updating learning rate to 7.290000000000001e-05
Epoch: 7 cost time: 1.5241062641143799
Epoch: 7, Steps: 59 | Train Loss: 0.9574748 Vali Loss: 0.7515584 Test Loss: 0.4358098
Validation loss decreased (0.753691 --> 0.751558).  Saving model ...
Updating learning rate to 6.561e-05
Epoch: 8 cost time: 1.527712345123291
Epoch: 8, Steps: 59 | Train Loss: 0.9541905 Vali Loss: 0.7483833 Test Loss: 0.4352846
Validation loss decreased (0.751558 --> 0.748383).  Saving model ...
Updating learning rate to 5.904900000000001e-05
Epoch: 9 cost time: 1.5389800071716309
Epoch: 9, Steps: 59 | Train Loss: 0.9514559 Vali Loss: 0.7501374 Test Loss: 0.4349300
EarlyStopping counter: 1 out of 100
Updating learning rate to 5.3144100000000005e-05
Epoch: 10 cost time: 2.054701089859009
Epoch: 10, Steps: 59 | Train Loss: 0.9483258 Vali Loss: 0.7524086 Test Loss: 0.4348111
EarlyStopping counter: 2 out of 100
Updating learning rate to 4.782969000000001e-05
Epoch: 11 cost time: 2.05505108833313
Epoch: 11, Steps: 59 | Train Loss: 0.9468641 Vali Loss: 0.7454263 Test Loss: 0.4346348
Validation loss decreased (0.748383 --> 0.745426).  Saving model ...
Updating learning rate to 4.304672100000001e-05
Epoch: 12 cost time: 2.071106433868408
Epoch: 12, Steps: 59 | Train Loss: 0.9451665 Vali Loss: 0.7478492 Test Loss: 0.4345013
EarlyStopping counter: 1 out of 100
Updating learning rate to 3.874204890000001e-05
Epoch: 13 cost time: 2.0559253692626953
Epoch: 13, Steps: 59 | Train Loss: 0.9438474 Vali Loss: 0.7424382 Test Loss: 0.4341133
Validation loss decreased (0.745426 --> 0.742438).  Saving model ...
Updating learning rate to 3.486784401000001e-05
Epoch: 14 cost time: 2.068568229675293
Epoch: 14, Steps: 59 | Train Loss: 0.9430942 Vali Loss: 0.7460833 Test Loss: 0.4339589
EarlyStopping counter: 1 out of 100
Updating learning rate to 3.138105960900001e-05
Epoch: 15 cost time: 2.072798013687134
Epoch: 15, Steps: 59 | Train Loss: 0.9399117 Vali Loss: 0.7445750 Test Loss: 0.4338967
EarlyStopping counter: 2 out of 100
Updating learning rate to 2.824295364810001e-05
Epoch: 16 cost time: 2.069570541381836
Epoch: 16, Steps: 59 | Train Loss: 0.9406406 Vali Loss: 0.7430575 Test Loss: 0.4337208
EarlyStopping counter: 3 out of 100
Updating learning rate to 2.541865828329001e-05
Epoch: 17 cost time: 2.074099063873291
Epoch: 17, Steps: 59 | Train Loss: 0.9384402 Vali Loss: 0.7416487 Test Loss: 0.4335021
Validation loss decreased (0.742438 --> 0.741649).  Saving model ...
Updating learning rate to 2.287679245496101e-05
Epoch: 18 cost time: 2.065187692642212
Epoch: 18, Steps: 59 | Train Loss: 0.9385478 Vali Loss: 0.7455524 Test Loss: 0.4329177
EarlyStopping counter: 1 out of 100
Updating learning rate to 2.0589113209464907e-05
Epoch: 19 cost time: 2.0655899047851562
Epoch: 19, Steps: 59 | Train Loss: 0.9382116 Vali Loss: 0.7390081 Test Loss: 0.4332113
Validation loss decreased (0.741649 --> 0.739008).  Saving model ...
Updating learning rate to 1.8530201888518416e-05
Epoch: 20 cost time: 2.073291301727295
Epoch: 20, Steps: 59 | Train Loss: 0.9374836 Vali Loss: 0.7405415 Test Loss: 0.4332829
EarlyStopping counter: 1 out of 100
Updating learning rate to 1.6677181699666577e-05
Epoch: 21 cost time: 2.0679523944854736
Epoch: 21, Steps: 59 | Train Loss: 0.9347741 Vali Loss: 0.7427865 Test Loss: 0.4332139
EarlyStopping counter: 2 out of 100
Updating learning rate to 1.5009463529699919e-05
Epoch: 22 cost time: 2.065627336502075
Epoch: 22, Steps: 59 | Train Loss: 0.9371649 Vali Loss: 0.7421617 Test Loss: 0.4330688
EarlyStopping counter: 3 out of 100
Updating learning rate to 1.3508517176729929e-05
Epoch: 23 cost time: 2.065089464187622
Epoch: 23, Steps: 59 | Train Loss: 0.9365202 Vali Loss: 0.7396851 Test Loss: 0.4329042
EarlyStopping counter: 4 out of 100
Updating learning rate to 1.2157665459056936e-05
Epoch: 24 cost time: 2.0669233798980713
Epoch: 24, Steps: 59 | Train Loss: 0.9350951 Vali Loss: 0.7401754 Test Loss: 0.4329010
EarlyStopping counter: 5 out of 100
Updating learning rate to 1.0941898913151242e-05
Epoch: 25 cost time: 2.070697069168091
Epoch: 25, Steps: 59 | Train Loss: 0.9333992 Vali Loss: 0.7418359 Test Loss: 0.4329232
EarlyStopping counter: 6 out of 100
Updating learning rate to 9.847709021836118e-06
Epoch: 26 cost time: 2.0644524097442627
Epoch: 26, Steps: 59 | Train Loss: 0.9338187 Vali Loss: 0.7392955 Test Loss: 0.4328368
EarlyStopping counter: 7 out of 100
Updating learning rate to 8.862938119652508e-06
Epoch: 27 cost time: 2.070848226547241
Epoch: 27, Steps: 59 | Train Loss: 0.9331766 Vali Loss: 0.7404359 Test Loss: 0.4328601
EarlyStopping counter: 8 out of 100
Updating learning rate to 7.976644307687255e-06
Epoch: 28 cost time: 2.065791606903076
Epoch: 28, Steps: 59 | Train Loss: 0.9340734 Vali Loss: 0.7402208 Test Loss: 0.4328181
EarlyStopping counter: 9 out of 100
Updating learning rate to 7.178979876918531e-06
Epoch: 29 cost time: 2.08345365524292
Epoch: 29, Steps: 59 | Train Loss: 0.9343888 Vali Loss: 0.7394387 Test Loss: 0.4326107
EarlyStopping counter: 10 out of 100
Updating learning rate to 6.4610818892266776e-06
Epoch: 30 cost time: 2.071225881576538
Epoch: 30, Steps: 59 | Train Loss: 0.9333584 Vali Loss: 0.7383276 Test Loss: 0.4325746
Validation loss decreased (0.739008 --> 0.738328).  Saving model ...
Updating learning rate to 5.8149737003040096e-06
Epoch: 31 cost time: 2.0739121437072754
Epoch: 31, Steps: 59 | Train Loss: 0.9333948 Vali Loss: 0.7385364 Test Loss: 0.4324989
EarlyStopping counter: 1 out of 100
Updating learning rate to 5.23347633027361e-06
Epoch: 32 cost time: 2.074183940887451
Epoch: 32, Steps: 59 | Train Loss: 0.9334212 Vali Loss: 0.7421813 Test Loss: 0.4326515
EarlyStopping counter: 2 out of 100
Updating learning rate to 4.710128697246249e-06
Epoch: 33 cost time: 2.08156418800354
Epoch: 33, Steps: 59 | Train Loss: 0.9323042 Vali Loss: 0.7390298 Test Loss: 0.4325992
EarlyStopping counter: 3 out of 100
Updating learning rate to 4.239115827521624e-06
Epoch: 34 cost time: 2.0691258907318115
Epoch: 34, Steps: 59 | Train Loss: 0.9317439 Vali Loss: 0.7356973 Test Loss: 0.4323495
Validation loss decreased (0.738328 --> 0.735697).  Saving model ...
Updating learning rate to 3.815204244769462e-06
Epoch: 35 cost time: 2.0813710689544678
Epoch: 35, Steps: 59 | Train Loss: 0.9322431 Vali Loss: 0.7409386 Test Loss: 0.4326198
EarlyStopping counter: 1 out of 100
Updating learning rate to 3.4336838202925152e-06
Epoch: 36 cost time: 2.070969820022583
Epoch: 36, Steps: 59 | Train Loss: 0.9314951 Vali Loss: 0.7396584 Test Loss: 0.4325451
EarlyStopping counter: 2 out of 100
Updating learning rate to 3.090315438263264e-06
Epoch: 37 cost time: 2.024848461151123
Epoch: 37, Steps: 59 | Train Loss: 0.9328099 Vali Loss: 0.7379556 Test Loss: 0.4326797
EarlyStopping counter: 3 out of 100
Updating learning rate to 2.7812838944369375e-06
Epoch: 38 cost time: 2.075901746749878
Epoch: 38, Steps: 59 | Train Loss: 0.9297535 Vali Loss: 0.7440647 Test Loss: 0.4324647
EarlyStopping counter: 4 out of 100
Updating learning rate to 2.503155504993244e-06
Epoch: 39 cost time: 2.0693295001983643
Epoch: 39, Steps: 59 | Train Loss: 0.9309939 Vali Loss: 0.7420597 Test Loss: 0.4320772
EarlyStopping counter: 5 out of 100
Updating learning rate to 2.2528399544939195e-06
Epoch: 40 cost time: 2.0659339427948
Epoch: 40, Steps: 59 | Train Loss: 0.9325486 Vali Loss: 0.7371475 Test Loss: 0.4323407
EarlyStopping counter: 6 out of 100
Updating learning rate to 2.0275559590445276e-06
Epoch: 41 cost time: 2.075587034225464
Epoch: 41, Steps: 59 | Train Loss: 0.9289090 Vali Loss: 0.7363980 Test Loss: 0.4323550
EarlyStopping counter: 7 out of 100
Updating learning rate to 1.8248003631400751e-06
Epoch: 42 cost time: 2.0846383571624756
Epoch: 42, Steps: 59 | Train Loss: 0.9330810 Vali Loss: 0.7385769 Test Loss: 0.4324338
EarlyStopping counter: 8 out of 100
Updating learning rate to 1.6423203268260676e-06
Epoch: 43 cost time: 2.0668528079986572
Epoch: 43, Steps: 59 | Train Loss: 0.9311182 Vali Loss: 0.7378899 Test Loss: 0.4324542
EarlyStopping counter: 9 out of 100
Updating learning rate to 1.4780882941434609e-06
Epoch: 44 cost time: 2.0710294246673584
Epoch: 44, Steps: 59 | Train Loss: 0.9329669 Vali Loss: 0.7364647 Test Loss: 0.4325325
EarlyStopping counter: 10 out of 100
Updating learning rate to 1.3302794647291146e-06
Epoch: 45 cost time: 2.071507215499878
Epoch: 45, Steps: 59 | Train Loss: 0.9313255 Vali Loss: 0.7389932 Test Loss: 0.4323090
EarlyStopping counter: 11 out of 100
Updating learning rate to 1.1972515182562034e-06
Epoch: 46 cost time: 2.070500135421753
Epoch: 46, Steps: 59 | Train Loss: 0.9315696 Vali Loss: 0.7361709 Test Loss: 0.4326894
EarlyStopping counter: 12 out of 100
Updating learning rate to 1.077526366430583e-06
Epoch: 47 cost time: 2.068697690963745
Epoch: 47, Steps: 59 | Train Loss: 0.9318556 Vali Loss: 0.7383902 Test Loss: 0.4323181
EarlyStopping counter: 13 out of 100
Updating learning rate to 9.697737297875248e-07
Epoch: 48 cost time: 2.065866231918335
Epoch: 48, Steps: 59 | Train Loss: 0.9302990 Vali Loss: 0.7377586 Test Loss: 0.4323781
EarlyStopping counter: 14 out of 100
Updating learning rate to 8.727963568087723e-07
Epoch: 49 cost time: 2.0690314769744873
Epoch: 49, Steps: 59 | Train Loss: 0.9302936 Vali Loss: 0.7354934 Test Loss: 0.4322281
Validation loss decreased (0.735697 --> 0.735493).  Saving model ...
Updating learning rate to 7.855167211278951e-07
Epoch: 50 cost time: 2.0642271041870117
Epoch: 50, Steps: 59 | Train Loss: 0.9326833 Vali Loss: 0.7398592 Test Loss: 0.4322323
EarlyStopping counter: 1 out of 100
Updating learning rate to 7.069650490151056e-07
Epoch: 51 cost time: 2.066818952560425
Epoch: 51, Steps: 59 | Train Loss: 0.9311620 Vali Loss: 0.7370425 Test Loss: 0.4324496
EarlyStopping counter: 2 out of 100
Updating learning rate to 6.36268544113595e-07
Epoch: 52 cost time: 2.0656278133392334
Epoch: 52, Steps: 59 | Train Loss: 0.9306283 Vali Loss: 0.7389297 Test Loss: 0.4323789
EarlyStopping counter: 3 out of 100
Updating learning rate to 5.726416897022355e-07
Epoch: 53 cost time: 2.065624952316284
Epoch: 53, Steps: 59 | Train Loss: 0.9315247 Vali Loss: 0.7376772 Test Loss: 0.4324364
EarlyStopping counter: 4 out of 100
Updating learning rate to 5.15377520732012e-07
Epoch: 54 cost time: 2.071579694747925
Epoch: 54, Steps: 59 | Train Loss: 0.9311387 Vali Loss: 0.7415723 Test Loss: 0.4324307
EarlyStopping counter: 5 out of 100
Updating learning rate to 4.6383976865881085e-07
Epoch: 55 cost time: 2.0684750080108643
Epoch: 55, Steps: 59 | Train Loss: 0.9295983 Vali Loss: 0.7398009 Test Loss: 0.4319442
EarlyStopping counter: 6 out of 100
Updating learning rate to 4.174557917929298e-07
Epoch: 56 cost time: 2.069221258163452
Epoch: 56, Steps: 59 | Train Loss: 0.9320022 Vali Loss: 0.7369807 Test Loss: 0.4322363
EarlyStopping counter: 7 out of 100
Updating learning rate to 3.7571021261363677e-07
Epoch: 57 cost time: 2.060767650604248
Epoch: 57, Steps: 59 | Train Loss: 0.9310311 Vali Loss: 0.7373056 Test Loss: 0.4323016
EarlyStopping counter: 8 out of 100
Updating learning rate to 3.381391913522731e-07
Epoch: 58 cost time: 2.070910930633545
Epoch: 58, Steps: 59 | Train Loss: 0.9327966 Vali Loss: 0.7347785 Test Loss: 0.4323516
Validation loss decreased (0.735493 --> 0.734778).  Saving model ...
Updating learning rate to 3.043252722170458e-07
Epoch: 59 cost time: 2.073253870010376
Epoch: 59, Steps: 59 | Train Loss: 0.9299975 Vali Loss: 0.7369379 Test Loss: 0.4323949
EarlyStopping counter: 1 out of 100
Updating learning rate to 2.7389274499534124e-07
Epoch: 60 cost time: 2.0735201835632324
Epoch: 60, Steps: 59 | Train Loss: 0.9323575 Vali Loss: 0.7383064 Test Loss: 0.4326013
EarlyStopping counter: 2 out of 100
Updating learning rate to 2.465034704958071e-07
Epoch: 61 cost time: 2.07017183303833
Epoch: 61, Steps: 59 | Train Loss: 0.9307173 Vali Loss: 0.7404598 Test Loss: 0.4322522
EarlyStopping counter: 3 out of 100
Updating learning rate to 2.218531234462264e-07
Epoch: 62 cost time: 2.0755202770233154
Epoch: 62, Steps: 59 | Train Loss: 0.9323449 Vali Loss: 0.7355158 Test Loss: 0.4323267
EarlyStopping counter: 4 out of 100
Updating learning rate to 1.9966781110160376e-07
Epoch: 63 cost time: 2.07362961769104
Epoch: 63, Steps: 59 | Train Loss: 0.9296877 Vali Loss: 0.7389988 Test Loss: 0.4321929
EarlyStopping counter: 5 out of 100
Updating learning rate to 1.797010299914434e-07
Epoch: 64 cost time: 2.06445050239563
Epoch: 64, Steps: 59 | Train Loss: 0.9319768 Vali Loss: 0.7364998 Test Loss: 0.4325552
EarlyStopping counter: 6 out of 100
Updating learning rate to 1.6173092699229907e-07
Epoch: 65 cost time: 2.070646047592163
Epoch: 65, Steps: 59 | Train Loss: 0.9300142 Vali Loss: 0.7390392 Test Loss: 0.4322538
EarlyStopping counter: 7 out of 100
Updating learning rate to 1.4555783429306916e-07
Epoch: 66 cost time: 2.068739175796509
Epoch: 66, Steps: 59 | Train Loss: 0.9309096 Vali Loss: 0.7350227 Test Loss: 0.4323731
EarlyStopping counter: 8 out of 100
Updating learning rate to 1.3100205086376224e-07
Epoch: 67 cost time: 2.06915020942688
Epoch: 67, Steps: 59 | Train Loss: 0.9310599 Vali Loss: 0.7386389 Test Loss: 0.4322587
EarlyStopping counter: 9 out of 100
Updating learning rate to 1.1790184577738603e-07
Epoch: 68 cost time: 2.0675582885742188
Epoch: 68, Steps: 59 | Train Loss: 0.9296421 Vali Loss: 0.7384410 Test Loss: 0.4323633
EarlyStopping counter: 10 out of 100
Updating learning rate to 1.0611166119964742e-07
Epoch: 69 cost time: 2.063530683517456
Epoch: 69, Steps: 59 | Train Loss: 0.9310656 Vali Loss: 0.7373984 Test Loss: 0.4323026
EarlyStopping counter: 11 out of 100
Updating learning rate to 9.550049507968268e-08
Epoch: 70 cost time: 2.0741634368896484
Epoch: 70, Steps: 59 | Train Loss: 0.9320241 Vali Loss: 0.7362403 Test Loss: 0.4323400
EarlyStopping counter: 12 out of 100
Updating learning rate to 8.595044557171442e-08
Epoch: 71 cost time: 2.0699574947357178
Epoch: 71, Steps: 59 | Train Loss: 0.9310372 Vali Loss: 0.7367107 Test Loss: 0.4324993
EarlyStopping counter: 13 out of 100
Updating learning rate to 7.735540101454298e-08
Epoch: 72 cost time: 2.071033000946045
Epoch: 72, Steps: 59 | Train Loss: 0.9300573 Vali Loss: 0.7367971 Test Loss: 0.4324461
EarlyStopping counter: 14 out of 100
Updating learning rate to 6.961986091308869e-08
Epoch: 73 cost time: 2.0665640830993652
Epoch: 73, Steps: 59 | Train Loss: 0.9286160 Vali Loss: 0.7401778 Test Loss: 0.4322244
EarlyStopping counter: 15 out of 100
Updating learning rate to 6.265787482177981e-08
Epoch: 74 cost time: 2.069169759750366
Epoch: 74, Steps: 59 | Train Loss: 0.9318623 Vali Loss: 0.7403286 Test Loss: 0.4320157
EarlyStopping counter: 16 out of 100
Updating learning rate to 5.639208733960184e-08
Epoch: 75 cost time: 2.0707595348358154
Epoch: 75, Steps: 59 | Train Loss: 0.9316110 Vali Loss: 0.7382404 Test Loss: 0.4323902
EarlyStopping counter: 17 out of 100
Updating learning rate to 5.075287860564165e-08
Epoch: 76 cost time: 2.0842108726501465
Epoch: 76, Steps: 59 | Train Loss: 0.9313654 Vali Loss: 0.7359269 Test Loss: 0.4322958
EarlyStopping counter: 18 out of 100
Updating learning rate to 4.567759074507749e-08
Epoch: 77 cost time: 2.0739262104034424
Epoch: 77, Steps: 59 | Train Loss: 0.9313617 Vali Loss: 0.7389534 Test Loss: 0.4322634
EarlyStopping counter: 19 out of 100
Updating learning rate to 4.1109831670569744e-08
Epoch: 78 cost time: 2.0753819942474365
Epoch: 78, Steps: 59 | Train Loss: 0.9303662 Vali Loss: 0.7388964 Test Loss: 0.4323049
EarlyStopping counter: 20 out of 100
Updating learning rate to 3.6998848503512764e-08
Epoch: 79 cost time: 2.0664710998535156
Epoch: 79, Steps: 59 | Train Loss: 0.9311019 Vali Loss: 0.7387800 Test Loss: 0.4322986
EarlyStopping counter: 21 out of 100
Updating learning rate to 3.3298963653161496e-08
Epoch: 80 cost time: 2.071981430053711
Epoch: 80, Steps: 59 | Train Loss: 0.9319243 Vali Loss: 0.7335253 Test Loss: 0.4322213
Validation loss decreased (0.734778 --> 0.733525).  Saving model ...
Updating learning rate to 2.996906728784534e-08
Epoch: 81 cost time: 2.0657265186309814
Epoch: 81, Steps: 59 | Train Loss: 0.9304346 Vali Loss: 0.7342425 Test Loss: 0.4319743
EarlyStopping counter: 1 out of 100
Updating learning rate to 2.697216055906081e-08
Epoch: 82 cost time: 2.071977376937866
Epoch: 82, Steps: 59 | Train Loss: 0.9319856 Vali Loss: 0.7386000 Test Loss: 0.4320089
EarlyStopping counter: 2 out of 100
Updating learning rate to 2.427494450315473e-08
Epoch: 83 cost time: 2.071323871612549
Epoch: 83, Steps: 59 | Train Loss: 0.9298731 Vali Loss: 0.7355502 Test Loss: 0.4322047
EarlyStopping counter: 3 out of 100
Updating learning rate to 2.1847450052839257e-08
Epoch: 84 cost time: 2.068180799484253
Epoch: 84, Steps: 59 | Train Loss: 0.9296545 Vali Loss: 0.7374809 Test Loss: 0.4319170
EarlyStopping counter: 4 out of 100
Updating learning rate to 1.9662705047555332e-08
Epoch: 85 cost time: 2.067816734313965
Epoch: 85, Steps: 59 | Train Loss: 0.9323463 Vali Loss: 0.7403075 Test Loss: 0.4321676
EarlyStopping counter: 5 out of 100
Updating learning rate to 1.7696434542799797e-08
Epoch: 86 cost time: 2.0680155754089355
Epoch: 86, Steps: 59 | Train Loss: 0.9325755 Vali Loss: 0.7385927 Test Loss: 0.4320937
EarlyStopping counter: 6 out of 100
Updating learning rate to 1.5926791088519817e-08
Epoch: 87 cost time: 2.076322317123413
Epoch: 87, Steps: 59 | Train Loss: 0.9303586 Vali Loss: 0.7385492 Test Loss: 0.4324533
EarlyStopping counter: 7 out of 100
Updating learning rate to 1.4334111979667836e-08
Epoch: 88 cost time: 2.0695126056671143
Epoch: 88, Steps: 59 | Train Loss: 0.9323462 Vali Loss: 0.7386972 Test Loss: 0.4322000
EarlyStopping counter: 8 out of 100
Updating learning rate to 1.2900700781701054e-08
Epoch: 89 cost time: 2.0699782371520996
Epoch: 89, Steps: 59 | Train Loss: 0.9323198 Vali Loss: 0.7405116 Test Loss: 0.4326084
EarlyStopping counter: 9 out of 100
Updating learning rate to 1.161063070353095e-08
Epoch: 90 cost time: 2.078460931777954
Epoch: 90, Steps: 59 | Train Loss: 0.9315389 Vali Loss: 0.7414247 Test Loss: 0.4322870
EarlyStopping counter: 10 out of 100
Updating learning rate to 1.0449567633177854e-08
Epoch: 91 cost time: 2.073293924331665
Epoch: 91, Steps: 59 | Train Loss: 0.9318859 Vali Loss: 0.7372690 Test Loss: 0.4320127
EarlyStopping counter: 11 out of 100
Updating learning rate to 9.404610869860069e-09
Epoch: 92 cost time: 2.0622200965881348
Epoch: 92, Steps: 59 | Train Loss: 0.9315110 Vali Loss: 0.7334386 Test Loss: 0.4323966
Validation loss decreased (0.733525 --> 0.733439).  Saving model ...
Updating learning rate to 8.464149782874063e-09
Epoch: 93 cost time: 2.072665214538574
Epoch: 93, Steps: 59 | Train Loss: 0.9312387 Vali Loss: 0.7380026 Test Loss: 0.4323609
EarlyStopping counter: 1 out of 100
Updating learning rate to 7.617734804586658e-09
Epoch: 94 cost time: 2.071793794631958
Epoch: 94, Steps: 59 | Train Loss: 0.9310362 Vali Loss: 0.7362566 Test Loss: 0.4323884
EarlyStopping counter: 2 out of 100
Updating learning rate to 6.855961324127991e-09
Epoch: 95 cost time: 2.072594404220581
Epoch: 95, Steps: 59 | Train Loss: 0.9292752 Vali Loss: 0.7337966 Test Loss: 0.4323776
EarlyStopping counter: 3 out of 100
Updating learning rate to 6.170365191715193e-09
Epoch: 96 cost time: 2.0691654682159424
Epoch: 96, Steps: 59 | Train Loss: 0.9295081 Vali Loss: 0.7396166 Test Loss: 0.4322936
EarlyStopping counter: 4 out of 100
Updating learning rate to 5.5533286725436726e-09
Epoch: 97 cost time: 2.06485652923584
Epoch: 97, Steps: 59 | Train Loss: 0.9300430 Vali Loss: 0.7362702 Test Loss: 0.4321685
EarlyStopping counter: 5 out of 100
Updating learning rate to 4.997995805289306e-09
Epoch: 98 cost time: 2.076263189315796
Epoch: 98, Steps: 59 | Train Loss: 0.9314924 Vali Loss: 0.7397718 Test Loss: 0.4322397
EarlyStopping counter: 6 out of 100
Updating learning rate to 4.498196224760375e-09
Epoch: 99 cost time: 2.0715229511260986
Epoch: 99, Steps: 59 | Train Loss: 0.9316910 Vali Loss: 0.7348666 Test Loss: 0.4322742
EarlyStopping counter: 7 out of 100
Updating learning rate to 4.048376602284338e-09
Epoch: 100 cost time: 2.065702438354492
Epoch: 100, Steps: 59 | Train Loss: 0.9303313 Vali Loss: 0.7386163 Test Loss: 0.4323110
EarlyStopping counter: 8 out of 100
Updating learning rate to 3.643538942055904e-09
>>>>>>>testing : NL_etth2_flatten_lr0.0001_5steps_336_720_PatchTST_ETTh2_ftM_sl336_ll48_pl720_dm16_nh4_el3_dl1_df128_fc1_ebtimeF_dtTruelr0.0001_pol5steps_Nested_Learning_0<<<<<<<<<<<<<<<<<<<<<<<<<<<<<<<<<
test 2161
 Ejecutando Inferencia DINÁMICA (Nested Learning con flatten)
  -> Política: 5steps | LR: 0.0001 | Target: head

RESUMEN: El CMS se actualizó 4 veces de 16 posibles.

mse:0.42945921421051025, mae:0.45875102281570435, rse:0.525397539138794
