==========================================================
SÚPER ARRAY TFG - TAREA ID: 78 / 113
Nodo: dionisio
Dataset: weather | Experimento: NL_weather_cms_lr0.0001_always
Cabeza: cms | LR: 0.0001 | Política: always
==========================================================
Args in experiment:
Namespace(random_seed=2021, is_training=1, model_id='NL_weather_cms_lr0.0001_always_336_96', model='PatchTST', data='custom', root_path='./dataset/', data_path='weather.csv', features='M', target='OT', freq='h', checkpoints='./checkpoints/', seq_len=336, label_len=48, pred_len=96, head_type='cms', cms_lr=0.0001, update_policy='always', fc_dropout=0.2, head_dropout=0.0, patch_len=16, stride=8, padding_patch='end', revin=1, affine=0, subtract_last=0, decomposition=0, kernel_size=25, individual=1, embed_type=0, enc_in=21, dec_in=7, c_out=7, d_model=128, n_heads=16, e_layers=3, d_layers=1, d_ff=256, moving_avg=25, factor=1, distil=True, dropout=0.2, embed='timeF', activation='gelu', output_attention=False, do_predict=False, num_workers=0, itr=1, train_epochs=100, batch_size=128, patience=20, learning_rate=0.0001, des='Nested_Learning', loss='mse', lradj='type3', pct_start=0.3, use_amp=False, use_gpu=True, gpu=0, use_multi_gpu=False, devices='0,1,2,3', test_flop=False)
Use GPU: cuda:0
>>>>>>>start training : NL_weather_cms_lr0.0001_always_336_96_PatchTST_custom_ftM_sl336_ll48_pl96_dm128_nh16_el3_dl1_df256_fc1_ebtimeF_dtTruelr0.0001_pol_always_Nested_Learning_0>>>>>>>>>>>>>>>>>>>>>>>>>>
train 36456
val 5175
test 10444
	iters: 100, epoch: 1 | loss: 0.7471346
	speed: 0.2658s/iter; left time: 7522.8823s
	iters: 200, epoch: 1 | loss: 0.9832798
	speed: 0.1611s/iter; left time: 4543.5515s
Epoch: 1 cost time: 45.8971381187439
Epoch: 1, Steps: 284 | Train Loss: 0.7074928 Vali Loss: 0.4843733 Test Loss: 0.1917757
Validation loss decreased (inf --> 0.484373).  Saving model ...
Updating learning rate to 0.0001
	iters: 100, epoch: 2 | loss: 0.6257153
	speed: 0.3736s/iter; left time: 10466.1278s
	iters: 200, epoch: 2 | loss: 0.5146341
	speed: 0.1613s/iter; left time: 4504.1369s
Epoch: 2 cost time: 45.769389390945435
Epoch: 2, Steps: 284 | Train Loss: 0.4405976 Vali Loss: 0.3884517 Test Loss: 0.1526823
Validation loss decreased (0.484373 --> 0.388452).  Saving model ...
Updating learning rate to 0.0001
	iters: 100, epoch: 3 | loss: 0.3489018
	speed: 0.3795s/iter; left time: 10523.3686s
	iters: 200, epoch: 3 | loss: 0.6722942
	speed: 0.1613s/iter; left time: 4458.2630s
Epoch: 3 cost time: 45.78336262702942
Epoch: 3, Steps: 284 | Train Loss: 0.3973985 Vali Loss: 0.3873471 Test Loss: 0.1517153
Validation loss decreased (0.388452 --> 0.387347).  Saving model ...
Updating learning rate to 0.0001
	iters: 100, epoch: 4 | loss: 0.3207318
	speed: 0.3769s/iter; left time: 10344.2015s
	iters: 200, epoch: 4 | loss: 0.2746529
	speed: 0.1620s/iter; left time: 4430.1011s
Epoch: 4 cost time: 45.88802146911621
Epoch: 4, Steps: 284 | Train Loss: 0.3881098 Vali Loss: 0.3927969 Test Loss: 0.1541474
EarlyStopping counter: 1 out of 20
Updating learning rate to 9e-05
	iters: 100, epoch: 5 | loss: 0.3558049
	speed: 0.3592s/iter; left time: 9756.9389s
	iters: 200, epoch: 5 | loss: 0.3259151
	speed: 0.1617s/iter; left time: 4375.2406s
Epoch: 5 cost time: 45.86188220977783
Epoch: 5, Steps: 284 | Train Loss: 0.3801021 Vali Loss: 0.4001540 Test Loss: 0.1533018
EarlyStopping counter: 2 out of 20
Updating learning rate to 8.1e-05
	iters: 100, epoch: 6 | loss: 0.2548908
	speed: 0.3588s/iter; left time: 9645.9666s
	iters: 200, epoch: 6 | loss: 0.5144831
	speed: 0.1617s/iter; left time: 4331.3228s
Epoch: 6 cost time: 45.86143469810486
Epoch: 6, Steps: 284 | Train Loss: 0.3729602 Vali Loss: 0.4046376 Test Loss: 0.1523368
EarlyStopping counter: 3 out of 20
Updating learning rate to 7.290000000000001e-05
	iters: 100, epoch: 7 | loss: 0.2920161
	speed: 0.3593s/iter; left time: 9555.3185s
	iters: 200, epoch: 7 | loss: 0.2580128
	speed: 0.1621s/iter; left time: 4295.8653s
Epoch: 7 cost time: 45.89799928665161
Epoch: 7, Steps: 284 | Train Loss: 0.3675265 Vali Loss: 0.4019805 Test Loss: 0.1541282
EarlyStopping counter: 4 out of 20
Updating learning rate to 6.561e-05
	iters: 100, epoch: 8 | loss: 0.4776421
	speed: 0.3588s/iter; left time: 9441.5588s
	iters: 200, epoch: 8 | loss: 0.2762146
	speed: 0.1622s/iter; left time: 4252.7841s
Epoch: 8 cost time: 45.88399338722229
Epoch: 8, Steps: 284 | Train Loss: 0.3625264 Vali Loss: 0.4076976 Test Loss: 0.1534596
EarlyStopping counter: 5 out of 20
Updating learning rate to 5.904900000000001e-05
	iters: 100, epoch: 9 | loss: 0.5503489
	speed: 0.3585s/iter; left time: 9330.3877s
	iters: 200, epoch: 9 | loss: 0.3033913
	speed: 0.1616s/iter; left time: 4190.8797s
Epoch: 9 cost time: 45.78997993469238
Epoch: 9, Steps: 284 | Train Loss: 0.3584498 Vali Loss: 0.4108137 Test Loss: 0.1551183
EarlyStopping counter: 6 out of 20
Updating learning rate to 5.3144100000000005e-05
	iters: 100, epoch: 10 | loss: 0.3326482
	speed: 0.3586s/iter; left time: 9232.4913s
	iters: 200, epoch: 10 | loss: 0.2777474
	speed: 0.1616s/iter; left time: 4143.5640s
Epoch: 10 cost time: 45.83240723609924
Epoch: 10, Steps: 284 | Train Loss: 0.3541712 Vali Loss: 0.4098095 Test Loss: 0.1561522
EarlyStopping counter: 7 out of 20
Updating learning rate to 4.782969000000001e-05
	iters: 100, epoch: 11 | loss: 0.3030996
	speed: 0.3588s/iter; left time: 9136.5403s
	iters: 200, epoch: 11 | loss: 0.3277237
	speed: 0.1617s/iter; left time: 4101.0281s
Epoch: 11 cost time: 45.83879780769348
Epoch: 11, Steps: 284 | Train Loss: 0.3510112 Vali Loss: 0.4159620 Test Loss: 0.1560679
EarlyStopping counter: 8 out of 20
Updating learning rate to 4.304672100000001e-05
	iters: 100, epoch: 12 | loss: 0.4976437
	speed: 0.3591s/iter; left time: 9041.9497s
	iters: 200, epoch: 12 | loss: 0.2744735
	speed: 0.1618s/iter; left time: 4057.0490s
Epoch: 12 cost time: 45.87579154968262
Epoch: 12, Steps: 284 | Train Loss: 0.3479225 Vali Loss: 0.4155666 Test Loss: 0.1580260
EarlyStopping counter: 9 out of 20
Updating learning rate to 3.874204890000001e-05
	iters: 100, epoch: 13 | loss: 0.5066503
	speed: 0.3588s/iter; left time: 8931.8194s
	iters: 200, epoch: 13 | loss: 0.5574172
	speed: 0.1617s/iter; left time: 4010.0493s
Epoch: 13 cost time: 45.8448646068573
Epoch: 13, Steps: 284 | Train Loss: 0.3450427 Vali Loss: 0.4174765 Test Loss: 0.1565743
EarlyStopping counter: 10 out of 20
Updating learning rate to 3.486784401000001e-05
	iters: 100, epoch: 14 | loss: 0.2501951
	speed: 0.3587s/iter; left time: 8827.7923s
	iters: 200, epoch: 14 | loss: 0.3163853
	speed: 0.1614s/iter; left time: 3954.6995s
Epoch: 14 cost time: 45.79424786567688
Epoch: 14, Steps: 284 | Train Loss: 0.3424051 Vali Loss: 0.4159238 Test Loss: 0.1577726
EarlyStopping counter: 11 out of 20
Updating learning rate to 3.138105960900001e-05
	iters: 100, epoch: 15 | loss: 0.5461763
	speed: 0.3591s/iter; left time: 8734.4587s
	iters: 200, epoch: 15 | loss: 0.2057868
	speed: 0.1615s/iter; left time: 3911.2445s
Epoch: 15 cost time: 45.839309215545654
Epoch: 15, Steps: 284 | Train Loss: 0.3401041 Vali Loss: 0.4184205 Test Loss: 0.1574595
EarlyStopping counter: 12 out of 20
Updating learning rate to 2.824295364810001e-05
	iters: 100, epoch: 16 | loss: 0.2309331
	speed: 0.3588s/iter; left time: 8626.5357s
	iters: 200, epoch: 16 | loss: 0.5424470
	speed: 0.1615s/iter; left time: 3866.4271s
Epoch: 16 cost time: 45.82577347755432
Epoch: 16, Steps: 284 | Train Loss: 0.3383664 Vali Loss: 0.4207785 Test Loss: 0.1573980
EarlyStopping counter: 13 out of 20
Updating learning rate to 2.541865828329001e-05
	iters: 100, epoch: 17 | loss: 0.3091748
	speed: 0.3588s/iter; left time: 8522.9491s
	iters: 200, epoch: 17 | loss: 0.2336793
	speed: 0.1613s/iter; left time: 3816.1693s
Epoch: 17 cost time: 45.79020714759827
Epoch: 17, Steps: 284 | Train Loss: 0.3363742 Vali Loss: 0.4228980 Test Loss: 0.1585864
EarlyStopping counter: 14 out of 20
Updating learning rate to 2.287679245496101e-05
	iters: 100, epoch: 18 | loss: 0.2280412
	speed: 0.3581s/iter; left time: 8405.2336s
	iters: 200, epoch: 18 | loss: 0.2413529
	speed: 0.1613s/iter; left time: 3769.5775s
Epoch: 18 cost time: 45.76374053955078
Epoch: 18, Steps: 284 | Train Loss: 0.3347547 Vali Loss: 0.4206271 Test Loss: 0.1585477
EarlyStopping counter: 15 out of 20
Updating learning rate to 2.0589113209464907e-05
	iters: 100, epoch: 19 | loss: 0.2961098
	speed: 0.3581s/iter; left time: 8303.9668s
	iters: 200, epoch: 19 | loss: 0.2118359
	speed: 0.1613s/iter; left time: 3723.6680s
Epoch: 19 cost time: 45.74329495429993
Epoch: 19, Steps: 284 | Train Loss: 0.3322783 Vali Loss: 0.4263806 Test Loss: 0.1588437
EarlyStopping counter: 16 out of 20
Updating learning rate to 1.8530201888518416e-05
	iters: 100, epoch: 20 | loss: 0.4703673
	speed: 0.3583s/iter; left time: 8207.3271s
	iters: 200, epoch: 20 | loss: 0.2710538
	speed: 0.1613s/iter; left time: 3679.2769s
Epoch: 20 cost time: 45.74618625640869
Epoch: 20, Steps: 284 | Train Loss: 0.3316391 Vali Loss: 0.4191166 Test Loss: 0.1587109
EarlyStopping counter: 17 out of 20
Updating learning rate to 1.6677181699666577e-05
	iters: 100, epoch: 21 | loss: 0.4539759
	speed: 0.3586s/iter; left time: 8111.8028s
	iters: 200, epoch: 21 | loss: 0.2405709
	speed: 0.1613s/iter; left time: 3632.1466s
Epoch: 21 cost time: 45.74199318885803
Epoch: 21, Steps: 284 | Train Loss: 0.3305422 Vali Loss: 0.4210788 Test Loss: 0.1600484
EarlyStopping counter: 18 out of 20
Updating learning rate to 1.5009463529699919e-05
	iters: 100, epoch: 22 | loss: 0.4416480
	speed: 0.3587s/iter; left time: 8011.8141s
	iters: 200, epoch: 22 | loss: 0.2658460
	speed: 0.1614s/iter; left time: 3588.2031s
Epoch: 22 cost time: 45.755774974823
Epoch: 22, Steps: 284 | Train Loss: 0.3292865 Vali Loss: 0.4225515 Test Loss: 0.1603184
EarlyStopping counter: 19 out of 20
Updating learning rate to 1.3508517176729929e-05
	iters: 100, epoch: 23 | loss: 0.7003720
	speed: 0.3586s/iter; left time: 7908.5095s
	iters: 200, epoch: 23 | loss: 0.3063671
	speed: 0.1614s/iter; left time: 3542.1937s
Epoch: 23 cost time: 45.76184296607971
Epoch: 23, Steps: 284 | Train Loss: 0.3282473 Vali Loss: 0.4249070 Test Loss: 0.1600303
EarlyStopping counter: 20 out of 20
Early stopping
>>>>>>>testing : NL_weather_cms_lr0.0001_always_336_96_PatchTST_custom_ftM_sl336_ll48_pl96_dm128_nh16_el3_dl1_df256_fc1_ebtimeF_dtTruelr0.0001_pol_always_Nested_Learning_0<<<<<<<<<<<<<<<<<<<<<<<<<<<<<<<<<
test 10444
 Ejecutando Inferencia DINÁMICA (Nested Learning con cms)
  -> Política: always | LR: 0.0001 | Target: head

RESUMEN: El CMS se actualizó 81 veces de 81 posibles.

mse:0.1523071676492691, mae:0.20394140481948853, rse:0.5141267776489258
Args in experiment:
Namespace(random_seed=2021, is_training=1, model_id='NL_weather_cms_lr0.0001_always_336_192', model='PatchTST', data='custom', root_path='./dataset/', data_path='weather.csv', features='M', target='OT', freq='h', checkpoints='./checkpoints/', seq_len=336, label_len=48, pred_len=192, head_type='cms', cms_lr=0.0001, update_policy='always', fc_dropout=0.2, head_dropout=0.0, patch_len=16, stride=8, padding_patch='end', revin=1, affine=0, subtract_last=0, decomposition=0, kernel_size=25, individual=1, embed_type=0, enc_in=21, dec_in=7, c_out=7, d_model=128, n_heads=16, e_layers=3, d_layers=1, d_ff=256, moving_avg=25, factor=1, distil=True, dropout=0.2, embed='timeF', activation='gelu', output_attention=False, do_predict=False, num_workers=0, itr=1, train_epochs=100, batch_size=128, patience=20, learning_rate=0.0001, des='Nested_Learning', loss='mse', lradj='type3', pct_start=0.3, use_amp=False, use_gpu=True, gpu=0, use_multi_gpu=False, devices='0,1,2,3', test_flop=False)
Use GPU: cuda:0
>>>>>>>start training : NL_weather_cms_lr0.0001_always_336_192_PatchTST_custom_ftM_sl336_ll48_pl192_dm128_nh16_el3_dl1_df256_fc1_ebtimeF_dtTruelr0.0001_pol_always_Nested_Learning_0>>>>>>>>>>>>>>>>>>>>>>>>>>
train 36360
val 5079
test 10348
	iters: 100, epoch: 1 | loss: 0.7523124
	speed: 0.1902s/iter; left time: 5383.4009s
	iters: 200, epoch: 1 | loss: 0.5840807
	speed: 0.1653s/iter; left time: 4662.2494s
Epoch: 1 cost time: 47.033334255218506
Epoch: 1, Steps: 284 | Train Loss: 0.7444590 Vali Loss: 0.5482252 Test Loss: 0.2321043
Validation loss decreased (inf --> 0.548225).  Saving model ...
Updating learning rate to 0.0001
	iters: 100, epoch: 2 | loss: 0.3405500
	speed: 0.3992s/iter; left time: 11185.3532s
	iters: 200, epoch: 2 | loss: 0.4720378
	speed: 0.1655s/iter; left time: 4620.0555s
Epoch: 2 cost time: 46.89958214759827
Epoch: 2, Steps: 284 | Train Loss: 0.4919757 Vali Loss: 0.4525104 Test Loss: 0.1974163
Validation loss decreased (0.548225 --> 0.452510).  Saving model ...
Updating learning rate to 0.0001
	iters: 100, epoch: 3 | loss: 0.6053733
	speed: 0.3951s/iter; left time: 10956.8708s
	iters: 200, epoch: 3 | loss: 0.6067024
	speed: 0.1642s/iter; left time: 4536.1449s
Epoch: 3 cost time: 48.9191632270813
Epoch: 3, Steps: 284 | Train Loss: 0.4539481 Vali Loss: 0.4578781 Test Loss: 0.1982464
EarlyStopping counter: 1 out of 20
Updating learning rate to 0.0001
	iters: 100, epoch: 4 | loss: 0.4258363
	speed: 0.3903s/iter; left time: 10714.2055s
	iters: 200, epoch: 4 | loss: 0.5068024
	speed: 0.1655s/iter; left time: 4527.1712s
Epoch: 4 cost time: 46.85326886177063
Epoch: 4, Steps: 284 | Train Loss: 0.4443764 Vali Loss: 0.4600884 Test Loss: 0.1967792
EarlyStopping counter: 2 out of 20
Updating learning rate to 9e-05
	iters: 100, epoch: 5 | loss: 0.3403777
	speed: 0.3674s/iter; left time: 9979.3606s
	iters: 200, epoch: 5 | loss: 0.4507964
	speed: 0.1655s/iter; left time: 4477.9058s
Epoch: 5 cost time: 46.9202139377594
Epoch: 5, Steps: 284 | Train Loss: 0.4358871 Vali Loss: 0.4709296 Test Loss: 0.1995962
EarlyStopping counter: 3 out of 20
Updating learning rate to 8.1e-05
	iters: 100, epoch: 6 | loss: 0.3209525
	speed: 0.3661s/iter; left time: 9840.7080s
	iters: 200, epoch: 6 | loss: 0.5691535
	speed: 0.1618s/iter; left time: 4332.3234s
Epoch: 6 cost time: 46.12239623069763
Epoch: 6, Steps: 284 | Train Loss: 0.4280806 Vali Loss: 0.4698261 Test Loss: 0.2001232
EarlyStopping counter: 4 out of 20
Updating learning rate to 7.290000000000001e-05
	iters: 100, epoch: 7 | loss: 0.6082431
	speed: 0.3602s/iter; left time: 9580.7001s
	iters: 200, epoch: 7 | loss: 0.4462857
	speed: 0.1616s/iter; left time: 4280.8796s
Epoch: 7 cost time: 46.0525107383728
Epoch: 7, Steps: 284 | Train Loss: 0.4218129 Vali Loss: 0.4719414 Test Loss: 0.1997511
EarlyStopping counter: 5 out of 20
Updating learning rate to 6.561e-05
	iters: 100, epoch: 8 | loss: 0.3388245
	speed: 0.3622s/iter; left time: 9529.6765s
	iters: 200, epoch: 8 | loss: 0.5815491
	speed: 0.1617s/iter; left time: 4238.2325s
Epoch: 8 cost time: 46.15280032157898
Epoch: 8, Steps: 284 | Train Loss: 0.4158248 Vali Loss: 0.4768572 Test Loss: 0.2008126
EarlyStopping counter: 6 out of 20
Updating learning rate to 5.904900000000001e-05
	iters: 100, epoch: 9 | loss: 0.3382514
	speed: 0.3669s/iter; left time: 9549.9397s
	iters: 200, epoch: 9 | loss: 0.4591536
	speed: 0.1653s/iter; left time: 4285.3777s
Epoch: 9 cost time: 46.865572929382324
Epoch: 9, Steps: 284 | Train Loss: 0.4107556 Vali Loss: 0.4851800 Test Loss: 0.2021705
EarlyStopping counter: 7 out of 20
Updating learning rate to 5.3144100000000005e-05
	iters: 100, epoch: 10 | loss: 0.4352196
	speed: 0.3663s/iter; left time: 9431.6804s
	iters: 200, epoch: 10 | loss: 0.4222692
	speed: 0.1652s/iter; left time: 4235.3143s
Epoch: 10 cost time: 46.839627265930176
Epoch: 10, Steps: 284 | Train Loss: 0.4058709 Vali Loss: 0.4832619 Test Loss: 0.2034841
EarlyStopping counter: 8 out of 20
Updating learning rate to 4.782969000000001e-05
	iters: 100, epoch: 11 | loss: 0.4215310
	speed: 0.3664s/iter; left time: 9328.2699s
	iters: 200, epoch: 11 | loss: 0.3424086
	speed: 0.1651s/iter; left time: 4186.6459s
Epoch: 11 cost time: 46.82813048362732
Epoch: 11, Steps: 284 | Train Loss: 0.4015573 Vali Loss: 0.4860999 Test Loss: 0.2051895
EarlyStopping counter: 9 out of 20
Updating learning rate to 4.304672100000001e-05
	iters: 100, epoch: 12 | loss: 0.3354389
	speed: 0.3667s/iter; left time: 9232.8491s
	iters: 200, epoch: 12 | loss: 0.3031467
	speed: 0.1651s/iter; left time: 4140.7377s
Epoch: 12 cost time: 46.83685088157654
Epoch: 12, Steps: 284 | Train Loss: 0.3974427 Vali Loss: 0.4881101 Test Loss: 0.2047964
EarlyStopping counter: 10 out of 20
Updating learning rate to 3.874204890000001e-05
	iters: 100, epoch: 13 | loss: 0.3145356
	speed: 0.3667s/iter; left time: 9128.7913s
	iters: 200, epoch: 13 | loss: 0.3014028
	speed: 0.1650s/iter; left time: 4092.0301s
Epoch: 13 cost time: 46.78809976577759
Epoch: 13, Steps: 284 | Train Loss: 0.3941246 Vali Loss: 0.4903669 Test Loss: 0.2051769
EarlyStopping counter: 11 out of 20
Updating learning rate to 3.486784401000001e-05
	iters: 100, epoch: 14 | loss: 0.4481679
	speed: 0.3665s/iter; left time: 9019.0717s
	iters: 200, epoch: 14 | loss: 0.2897586
	speed: 0.1651s/iter; left time: 4045.9431s
Epoch: 14 cost time: 46.821544885635376
Epoch: 14, Steps: 284 | Train Loss: 0.3911642 Vali Loss: 0.4908974 Test Loss: 0.2040769
EarlyStopping counter: 12 out of 20
Updating learning rate to 3.138105960900001e-05
	iters: 100, epoch: 15 | loss: 0.4212418
	speed: 0.3668s/iter; left time: 8921.5915s
	iters: 200, epoch: 15 | loss: 0.4020588
	speed: 0.1650s/iter; left time: 3996.5720s
Epoch: 15 cost time: 46.83643817901611
Epoch: 15, Steps: 284 | Train Loss: 0.3882750 Vali Loss: 0.4943578 Test Loss: 0.2065558
EarlyStopping counter: 13 out of 20
Updating learning rate to 2.824295364810001e-05
	iters: 100, epoch: 16 | loss: 0.4105919
	speed: 0.3666s/iter; left time: 8813.5498s
	iters: 200, epoch: 16 | loss: 0.5969970
	speed: 0.1651s/iter; left time: 3952.7922s
Epoch: 16 cost time: 46.83752107620239
Epoch: 16, Steps: 284 | Train Loss: 0.3857453 Vali Loss: 0.4946791 Test Loss: 0.2072638
EarlyStopping counter: 14 out of 20
Updating learning rate to 2.541865828329001e-05
	iters: 100, epoch: 17 | loss: 0.3207235
	speed: 0.3663s/iter; left time: 8701.4907s
	iters: 200, epoch: 17 | loss: 0.3448426
	speed: 0.1650s/iter; left time: 3902.7070s
Epoch: 17 cost time: 46.79510426521301
Epoch: 17, Steps: 284 | Train Loss: 0.3832109 Vali Loss: 0.4977150 Test Loss: 0.2070356
EarlyStopping counter: 15 out of 20
Updating learning rate to 2.287679245496101e-05
	iters: 100, epoch: 18 | loss: 0.3920740
	speed: 0.3664s/iter; left time: 8599.6439s
	iters: 200, epoch: 18 | loss: 0.5212241
	speed: 0.1650s/iter; left time: 3857.4382s
Epoch: 18 cost time: 46.81085252761841
Epoch: 18, Steps: 284 | Train Loss: 0.3811904 Vali Loss: 0.4959979 Test Loss: 0.2079500
EarlyStopping counter: 16 out of 20
Updating learning rate to 2.0589113209464907e-05
	iters: 100, epoch: 19 | loss: 0.3612936
	speed: 0.3662s/iter; left time: 8492.3116s
	iters: 200, epoch: 19 | loss: 0.3510509
	speed: 0.1649s/iter; left time: 3806.5683s
Epoch: 19 cost time: 46.80332279205322
Epoch: 19, Steps: 284 | Train Loss: 0.3791766 Vali Loss: 0.5011019 Test Loss: 0.2091575
EarlyStopping counter: 17 out of 20
Updating learning rate to 1.8530201888518416e-05
	iters: 100, epoch: 20 | loss: 0.5301445
	speed: 0.3659s/iter; left time: 8381.6173s
	iters: 200, epoch: 20 | loss: 0.3822874
	speed: 0.1650s/iter; left time: 3761.9212s
Epoch: 20 cost time: 46.789029121398926
Epoch: 20, Steps: 284 | Train Loss: 0.3774916 Vali Loss: 0.4980489 Test Loss: 0.2081752
EarlyStopping counter: 18 out of 20
Updating learning rate to 1.6677181699666577e-05
	iters: 100, epoch: 21 | loss: 0.3105539
	speed: 0.3663s/iter; left time: 8285.1691s
	iters: 200, epoch: 21 | loss: 0.2595184
	speed: 0.1652s/iter; left time: 3720.7854s
Epoch: 21 cost time: 46.83632493019104
Epoch: 21, Steps: 284 | Train Loss: 0.3759430 Vali Loss: 0.5000913 Test Loss: 0.2095501
EarlyStopping counter: 19 out of 20
Updating learning rate to 1.5009463529699919e-05
	iters: 100, epoch: 22 | loss: 0.2614408
	speed: 0.3663s/iter; left time: 8182.1449s
	iters: 200, epoch: 22 | loss: 0.2794902
	speed: 0.1651s/iter; left time: 3670.6322s
Epoch: 22 cost time: 46.80630326271057
Epoch: 22, Steps: 284 | Train Loss: 0.3743475 Vali Loss: 0.4995781 Test Loss: 0.2094803
EarlyStopping counter: 20 out of 20
Early stopping
>>>>>>>testing : NL_weather_cms_lr0.0001_always_336_192_PatchTST_custom_ftM_sl336_ll48_pl192_dm128_nh16_el3_dl1_df256_fc1_ebtimeF_dtTruelr0.0001_pol_always_Nested_Learning_0<<<<<<<<<<<<<<<<<<<<<<<<<<<<<<<<<
test 10348
 Ejecutando Inferencia DINÁMICA (Nested Learning con cms)
  -> Política: always | LR: 0.0001 | Target: head

RESUMEN: El CMS se actualizó 80 veces de 80 posibles.

mse:0.19628599286079407, mae:0.2455529123544693, rse:0.5828546285629272
Args in experiment:
Namespace(random_seed=2021, is_training=1, model_id='NL_weather_cms_lr0.0001_always_336_336', model='PatchTST', data='custom', root_path='./dataset/', data_path='weather.csv', features='M', target='OT', freq='h', checkpoints='./checkpoints/', seq_len=336, label_len=48, pred_len=336, head_type='cms', cms_lr=0.0001, update_policy='always', fc_dropout=0.2, head_dropout=0.0, patch_len=16, stride=8, padding_patch='end', revin=1, affine=0, subtract_last=0, decomposition=0, kernel_size=25, individual=1, embed_type=0, enc_in=21, dec_in=7, c_out=7, d_model=128, n_heads=16, e_layers=3, d_layers=1, d_ff=256, moving_avg=25, factor=1, distil=True, dropout=0.2, embed='timeF', activation='gelu', output_attention=False, do_predict=False, num_workers=0, itr=1, train_epochs=100, batch_size=128, patience=20, learning_rate=0.0001, des='Nested_Learning', loss='mse', lradj='type3', pct_start=0.3, use_amp=False, use_gpu=True, gpu=0, use_multi_gpu=False, devices='0,1,2,3', test_flop=False)
Use GPU: cuda:0
>>>>>>>start training : NL_weather_cms_lr0.0001_always_336_336_PatchTST_custom_ftM_sl336_ll48_pl336_dm128_nh16_el3_dl1_df256_fc1_ebtimeF_dtTruelr0.0001_pol_always_Nested_Learning_0>>>>>>>>>>>>>>>>>>>>>>>>>>
train 36216
val 4935
test 10204
	iters: 100, epoch: 1 | loss: 0.7148626
	speed: 0.2055s/iter; left time: 5774.7591s
	iters: 200, epoch: 1 | loss: 0.6375652
	speed: 0.1692s/iter; left time: 4736.5836s
Epoch: 1 cost time: 47.90750336647034
Epoch: 1, Steps: 282 | Train Loss: 0.7898830 Vali Loss: 0.6266618 Test Loss: 0.2790638
Validation loss decreased (inf --> 0.626662).  Saving model ...
Updating learning rate to 0.0001
	iters: 100, epoch: 2 | loss: 0.5296763
	speed: 0.4418s/iter; left time: 12291.7278s
	iters: 200, epoch: 2 | loss: 0.5152258
	speed: 0.1697s/iter; left time: 4704.3184s
Epoch: 2 cost time: 47.795734882354736
Epoch: 2, Steps: 282 | Train Loss: 0.5472149 Vali Loss: 0.5285670 Test Loss: 0.2488666
Validation loss decreased (0.626662 --> 0.528567).  Saving model ...
Updating learning rate to 0.0001
	iters: 100, epoch: 3 | loss: 0.5850017
	speed: 0.4011s/iter; left time: 11044.2152s
	iters: 200, epoch: 3 | loss: 0.4004465
	speed: 0.1689s/iter; left time: 4635.1913s
Epoch: 3 cost time: 47.74710965156555
Epoch: 3, Steps: 282 | Train Loss: 0.5101729 Vali Loss: 0.5298273 Test Loss: 0.2523853
EarlyStopping counter: 1 out of 20
Updating learning rate to 0.0001
	iters: 100, epoch: 4 | loss: 0.4078901
	speed: 0.3731s/iter; left time: 10169.4289s
	iters: 200, epoch: 4 | loss: 0.6091924
	speed: 0.1692s/iter; left time: 4595.1289s
Epoch: 4 cost time: 47.64396023750305
Epoch: 4, Steps: 282 | Train Loss: 0.4995447 Vali Loss: 0.5408262 Test Loss: 0.2524107
EarlyStopping counter: 2 out of 20
Updating learning rate to 9e-05
	iters: 100, epoch: 5 | loss: 0.3970293
	speed: 0.3735s/iter; left time: 10074.8108s
	iters: 200, epoch: 5 | loss: 0.4900552
	speed: 0.1692s/iter; left time: 4546.1545s
Epoch: 5 cost time: 47.65663933753967
Epoch: 5, Steps: 282 | Train Loss: 0.4889815 Vali Loss: 0.5412101 Test Loss: 0.2551631
EarlyStopping counter: 3 out of 20
Updating learning rate to 8.1e-05
	iters: 100, epoch: 6 | loss: 0.4504931
	speed: 0.3740s/iter; left time: 9982.4170s
	iters: 200, epoch: 6 | loss: 0.3879407
	speed: 0.1691s/iter; left time: 4495.9812s
Epoch: 6 cost time: 47.65367150306702
Epoch: 6, Steps: 282 | Train Loss: 0.4810734 Vali Loss: 0.5514208 Test Loss: 0.2549323
EarlyStopping counter: 4 out of 20
Updating learning rate to 7.290000000000001e-05
	iters: 100, epoch: 7 | loss: 0.3735226
	speed: 0.3733s/iter; left time: 9858.2543s
	iters: 200, epoch: 7 | loss: 0.4677438
	speed: 0.1692s/iter; left time: 4451.5472s
Epoch: 7 cost time: 47.660792112350464
Epoch: 7, Steps: 282 | Train Loss: 0.4741212 Vali Loss: 0.5499300 Test Loss: 0.2540532
EarlyStopping counter: 5 out of 20
Updating learning rate to 6.561e-05
	iters: 100, epoch: 8 | loss: 0.5290618
	speed: 0.3730s/iter; left time: 9744.9072s
	iters: 200, epoch: 8 | loss: 0.4739929
	speed: 0.1690s/iter; left time: 4399.1477s
Epoch: 8 cost time: 47.63054871559143
Epoch: 8, Steps: 282 | Train Loss: 0.4680947 Vali Loss: 0.5570661 Test Loss: 0.2568567
EarlyStopping counter: 6 out of 20
Updating learning rate to 5.904900000000001e-05
	iters: 100, epoch: 9 | loss: 0.4544843
	speed: 0.3736s/iter; left time: 9655.3792s
	iters: 200, epoch: 9 | loss: 0.5420928
	speed: 0.1689s/iter; left time: 4348.3386s
Epoch: 9 cost time: 47.627023458480835
Epoch: 9, Steps: 282 | Train Loss: 0.4619128 Vali Loss: 0.5561517 Test Loss: 0.2551813
EarlyStopping counter: 7 out of 20
Updating learning rate to 5.3144100000000005e-05
	iters: 100, epoch: 10 | loss: 0.5775974
	speed: 0.3734s/iter; left time: 9545.8211s
	iters: 200, epoch: 10 | loss: 0.3958172
	speed: 0.1691s/iter; left time: 4305.3497s
Epoch: 10 cost time: 47.58982968330383
Epoch: 10, Steps: 282 | Train Loss: 0.4569725 Vali Loss: 0.5611364 Test Loss: 0.2587624
EarlyStopping counter: 8 out of 20
Updating learning rate to 4.782969000000001e-05
	iters: 100, epoch: 11 | loss: 0.6382890
	speed: 0.3730s/iter; left time: 9430.7214s
	iters: 200, epoch: 11 | loss: 0.4007550
	speed: 0.1689s/iter; left time: 4253.4453s
Epoch: 11 cost time: 47.56967735290527
Epoch: 11, Steps: 282 | Train Loss: 0.4516231 Vali Loss: 0.5707670 Test Loss: 0.2609494
EarlyStopping counter: 9 out of 20
Updating learning rate to 4.304672100000001e-05
	iters: 100, epoch: 12 | loss: 0.4442764
	speed: 0.3735s/iter; left time: 9336.1413s
	iters: 200, epoch: 12 | loss: 0.4371548
	speed: 0.1691s/iter; left time: 4211.0496s
Epoch: 12 cost time: 47.63536071777344
Epoch: 12, Steps: 282 | Train Loss: 0.4479459 Vali Loss: 0.5739623 Test Loss: 0.2621616
EarlyStopping counter: 10 out of 20
Updating learning rate to 3.874204890000001e-05
	iters: 100, epoch: 13 | loss: 0.3551549
	speed: 0.3733s/iter; left time: 9227.4913s
	iters: 200, epoch: 13 | loss: 0.4378303
	speed: 0.1692s/iter; left time: 4165.6857s
Epoch: 13 cost time: 47.63220167160034
Epoch: 13, Steps: 282 | Train Loss: 0.4441865 Vali Loss: 0.5726222 Test Loss: 0.2601742
EarlyStopping counter: 11 out of 20
Updating learning rate to 3.486784401000001e-05
	iters: 100, epoch: 14 | loss: 0.4330434
	speed: 0.3734s/iter; left time: 9123.1036s
	iters: 200, epoch: 14 | loss: 0.4752499
	speed: 0.1692s/iter; left time: 4118.1856s
Epoch: 14 cost time: 47.660035133361816
Epoch: 14, Steps: 282 | Train Loss: 0.4404776 Vali Loss: 0.5727010 Test Loss: 0.2617053
EarlyStopping counter: 12 out of 20
Updating learning rate to 3.138105960900001e-05
	iters: 100, epoch: 15 | loss: 0.3311565
	speed: 0.3724s/iter; left time: 8995.4818s
	iters: 200, epoch: 15 | loss: 0.4192272
	speed: 0.1691s/iter; left time: 4067.2870s
Epoch: 15 cost time: 47.5920307636261
Epoch: 15, Steps: 282 | Train Loss: 0.4372578 Vali Loss: 0.5725453 Test Loss: 0.2613063
EarlyStopping counter: 13 out of 20
Updating learning rate to 2.824295364810001e-05
	iters: 100, epoch: 16 | loss: 0.4269848
	speed: 0.3731s/iter; left time: 8905.7527s
	iters: 200, epoch: 16 | loss: 0.4140936
	speed: 0.1691s/iter; left time: 4019.6352s
Epoch: 16 cost time: 47.64305138587952
Epoch: 16, Steps: 282 | Train Loss: 0.4343314 Vali Loss: 0.5754603 Test Loss: 0.2624053
EarlyStopping counter: 14 out of 20
Updating learning rate to 2.541865828329001e-05
	iters: 100, epoch: 17 | loss: 0.5089179
	speed: 0.3731s/iter; left time: 8801.2954s
	iters: 200, epoch: 17 | loss: 0.3603552
	speed: 0.1690s/iter; left time: 3970.5573s
Epoch: 17 cost time: 47.63536310195923
Epoch: 17, Steps: 282 | Train Loss: 0.4315621 Vali Loss: 0.5755371 Test Loss: 0.2626082
EarlyStopping counter: 15 out of 20
Updating learning rate to 2.287679245496101e-05
	iters: 100, epoch: 18 | loss: 0.4147429
	speed: 0.3737s/iter; left time: 8708.8129s
	iters: 200, epoch: 18 | loss: 0.4403069
	speed: 0.1695s/iter; left time: 3934.2898s
Epoch: 18 cost time: 47.7056348323822
Epoch: 18, Steps: 282 | Train Loss: 0.4290911 Vali Loss: 0.5764279 Test Loss: 0.2633244
EarlyStopping counter: 16 out of 20
Updating learning rate to 2.0589113209464907e-05
	iters: 100, epoch: 19 | loss: 0.4104635
	speed: 0.3735s/iter; left time: 8600.0499s
	iters: 200, epoch: 19 | loss: 0.6889980
	speed: 0.1695s/iter; left time: 3885.8851s
Epoch: 19 cost time: 47.723963499069214
Epoch: 19, Steps: 282 | Train Loss: 0.4263274 Vali Loss: 0.5752317 Test Loss: 0.2629882
EarlyStopping counter: 17 out of 20
Updating learning rate to 1.8530201888518416e-05
	iters: 100, epoch: 20 | loss: 0.3679763
	speed: 0.3736s/iter; left time: 8496.0379s
	iters: 200, epoch: 20 | loss: 0.4155393
	speed: 0.1694s/iter; left time: 3836.7179s
Epoch: 20 cost time: 47.68091106414795
Epoch: 20, Steps: 282 | Train Loss: 0.4244416 Vali Loss: 0.5827500 Test Loss: 0.2654085
EarlyStopping counter: 18 out of 20
Updating learning rate to 1.6677181699666577e-05
	iters: 100, epoch: 21 | loss: 0.4126419
	speed: 0.3725s/iter; left time: 8366.3162s
	iters: 200, epoch: 21 | loss: 0.4656776
	speed: 0.1693s/iter; left time: 3784.9557s
Epoch: 21 cost time: 47.61099576950073
Epoch: 21, Steps: 282 | Train Loss: 0.4226535 Vali Loss: 0.5820471 Test Loss: 0.2644840
EarlyStopping counter: 19 out of 20
Updating learning rate to 1.5009463529699919e-05
	iters: 100, epoch: 22 | loss: 0.4882342
	speed: 0.3737s/iter; left time: 8288.5537s
	iters: 200, epoch: 22 | loss: 0.4905432
	speed: 0.1695s/iter; left time: 3741.9400s
Epoch: 22 cost time: 47.72538161277771
Epoch: 22, Steps: 282 | Train Loss: 0.4210435 Vali Loss: 0.5812387 Test Loss: 0.2656789
EarlyStopping counter: 20 out of 20
Early stopping
>>>>>>>testing : NL_weather_cms_lr0.0001_always_336_336_PatchTST_custom_ftM_sl336_ll48_pl336_dm128_nh16_el3_dl1_df256_fc1_ebtimeF_dtTruelr0.0001_pol_always_Nested_Learning_0<<<<<<<<<<<<<<<<<<<<<<<<<<<<<<<<<
test 10204
 Ejecutando Inferencia DINÁMICA (Nested Learning con cms)
  -> Política: always | LR: 0.0001 | Target: head

RESUMEN: El CMS se actualizó 79 veces de 79 posibles.

mse:0.2482689917087555, mae:0.28498199582099915, rse:0.6545206904411316
Args in experiment:
Namespace(random_seed=2021, is_training=1, model_id='NL_weather_cms_lr0.0001_always_336_720', model='PatchTST', data='custom', root_path='./dataset/', data_path='weather.csv', features='M', target='OT', freq='h', checkpoints='./checkpoints/', seq_len=336, label_len=48, pred_len=720, head_type='cms', cms_lr=0.0001, update_policy='always', fc_dropout=0.2, head_dropout=0.0, patch_len=16, stride=8, padding_patch='end', revin=1, affine=0, subtract_last=0, decomposition=0, kernel_size=25, individual=1, embed_type=0, enc_in=21, dec_in=7, c_out=7, d_model=128, n_heads=16, e_layers=3, d_layers=1, d_ff=256, moving_avg=25, factor=1, distil=True, dropout=0.2, embed='timeF', activation='gelu', output_attention=False, do_predict=False, num_workers=0, itr=1, train_epochs=100, batch_size=128, patience=20, learning_rate=0.0001, des='Nested_Learning', loss='mse', lradj='type3', pct_start=0.3, use_amp=False, use_gpu=True, gpu=0, use_multi_gpu=False, devices='0,1,2,3', test_flop=False)
Use GPU: cuda:0
>>>>>>>start training : NL_weather_cms_lr0.0001_always_336_720_PatchTST_custom_ftM_sl336_ll48_pl720_dm128_nh16_el3_dl1_df256_fc1_ebtimeF_dtTruelr0.0001_pol_always_Nested_Learning_0>>>>>>>>>>>>>>>>>>>>>>>>>>
train 35832
val 4551
test 9820
	iters: 100, epoch: 1 | loss: 0.9308743
	speed: 0.1948s/iter; left time: 5415.0966s
	iters: 200, epoch: 1 | loss: 0.6643153
	speed: 0.1816s/iter; left time: 5030.4776s
Epoch: 1 cost time: 50.85183238983154
Epoch: 1, Steps: 279 | Train Loss: 0.8551651 Vali Loss: 0.7255483 Test Loss: 0.3466572
Validation loss decreased (inf --> 0.725548).  Saving model ...
Updating learning rate to 0.0001
	iters: 100, epoch: 2 | loss: 0.6251510
	speed: 0.4612s/iter; left time: 12691.9399s
	iters: 200, epoch: 2 | loss: 0.5379237
	speed: 0.1827s/iter; left time: 5008.7548s
Epoch: 2 cost time: 50.72914004325867
Epoch: 2, Steps: 279 | Train Loss: 0.6179097 Vali Loss: 0.6306058 Test Loss: 0.3226064
Validation loss decreased (0.725548 --> 0.630606).  Saving model ...
Updating learning rate to 0.0001
	iters: 100, epoch: 3 | loss: 0.4947929
	speed: 0.4782s/iter; left time: 13028.3078s
	iters: 200, epoch: 3 | loss: 0.4989599
	speed: 0.1829s/iter; left time: 4964.3702s
Epoch: 3 cost time: 50.82417297363281
Epoch: 3, Steps: 279 | Train Loss: 0.5790501 Vali Loss: 0.6303996 Test Loss: 0.3245547
Validation loss decreased (0.630606 --> 0.630400).  Saving model ...
Updating learning rate to 0.0001
	iters: 100, epoch: 4 | loss: 0.5378957
	speed: 0.4377s/iter; left time: 11802.4802s
	iters: 200, epoch: 4 | loss: 0.5163109
	speed: 0.1832s/iter; left time: 4922.5026s
Epoch: 4 cost time: 50.943458795547485
Epoch: 4, Steps: 279 | Train Loss: 0.5671905 Vali Loss: 0.6314927 Test Loss: 0.3271498
EarlyStopping counter: 1 out of 20
Updating learning rate to 9e-05
	iters: 100, epoch: 5 | loss: 0.6320330
	speed: 0.3995s/iter; left time: 10660.0386s
	iters: 200, epoch: 5 | loss: 0.5314828
	speed: 0.1837s/iter; left time: 4883.5773s
Epoch: 5 cost time: 51.163368701934814
Epoch: 5, Steps: 279 | Train Loss: 0.5563385 Vali Loss: 0.6319661 Test Loss: 0.3290975
EarlyStopping counter: 2 out of 20
Updating learning rate to 8.1e-05
	iters: 100, epoch: 6 | loss: 0.6874478
	speed: 0.4003s/iter; left time: 10569.0764s
	iters: 200, epoch: 6 | loss: 0.4964497
	speed: 0.1840s/iter; left time: 4840.4289s
Epoch: 6 cost time: 51.21754217147827
Epoch: 6, Steps: 279 | Train Loss: 0.5474166 Vali Loss: 0.6396768 Test Loss: 0.3307262
EarlyStopping counter: 3 out of 20
Updating learning rate to 7.290000000000001e-05
	iters: 100, epoch: 7 | loss: 0.5243795
	speed: 0.4004s/iter; left time: 10461.6799s
	iters: 200, epoch: 7 | loss: 0.5378882
	speed: 0.1839s/iter; left time: 4787.2721s
Epoch: 7 cost time: 51.220375061035156
Epoch: 7, Steps: 279 | Train Loss: 0.5398214 Vali Loss: 0.6440236 Test Loss: 0.3316769
EarlyStopping counter: 4 out of 20
Updating learning rate to 6.561e-05
	iters: 100, epoch: 8 | loss: 0.5364872
	speed: 0.3998s/iter; left time: 10333.2580s
	iters: 200, epoch: 8 | loss: 0.5265714
	speed: 0.1839s/iter; left time: 4734.7690s
Epoch: 8 cost time: 51.21710395812988
Epoch: 8, Steps: 279 | Train Loss: 0.5328525 Vali Loss: 0.6463291 Test Loss: 0.3335460
EarlyStopping counter: 5 out of 20
Updating learning rate to 5.904900000000001e-05
	iters: 100, epoch: 9 | loss: 0.5758501
	speed: 0.4001s/iter; left time: 10229.2424s
	iters: 200, epoch: 9 | loss: 0.5490853
	speed: 0.1838s/iter; left time: 4682.0501s
Epoch: 9 cost time: 51.18759036064148
Epoch: 9, Steps: 279 | Train Loss: 0.5261532 Vali Loss: 0.6502290 Test Loss: 0.3334787
EarlyStopping counter: 6 out of 20
Updating learning rate to 5.3144100000000005e-05
	iters: 100, epoch: 10 | loss: 0.5016428
	speed: 0.3999s/iter; left time: 10112.2982s
	iters: 200, epoch: 10 | loss: 0.5802950
	speed: 0.1836s/iter; left time: 4623.8753s
Epoch: 10 cost time: 51.15080165863037
Epoch: 10, Steps: 279 | Train Loss: 0.5208646 Vali Loss: 0.6570823 Test Loss: 0.3379887
EarlyStopping counter: 7 out of 20
Updating learning rate to 4.782969000000001e-05
	iters: 100, epoch: 11 | loss: 0.5413409
	speed: 0.3997s/iter; left time: 9996.8036s
	iters: 200, epoch: 11 | loss: 0.4709240
	speed: 0.1836s/iter; left time: 4573.7042s
Epoch: 11 cost time: 51.15859270095825
Epoch: 11, Steps: 279 | Train Loss: 0.5151913 Vali Loss: 0.6600763 Test Loss: 0.3401297
EarlyStopping counter: 8 out of 20
Updating learning rate to 4.304672100000001e-05
	iters: 100, epoch: 12 | loss: 0.4333149
	speed: 0.3993s/iter; left time: 9875.5023s
	iters: 200, epoch: 12 | loss: 0.5568910
	speed: 0.1836s/iter; left time: 4521.8993s
Epoch: 12 cost time: 51.16890001296997
Epoch: 12, Steps: 279 | Train Loss: 0.5105392 Vali Loss: 0.6637484 Test Loss: 0.3407864
EarlyStopping counter: 9 out of 20
Updating learning rate to 3.874204890000001e-05
	iters: 100, epoch: 13 | loss: 0.5443075
	speed: 0.4001s/iter; left time: 9784.7218s
	iters: 200, epoch: 13 | loss: 0.5678257
	speed: 0.1837s/iter; left time: 4473.9366s
Epoch: 13 cost time: 51.17349076271057
Epoch: 13, Steps: 279 | Train Loss: 0.5057554 Vali Loss: 0.6645004 Test Loss: 0.3393854
EarlyStopping counter: 10 out of 20
Updating learning rate to 3.486784401000001e-05
	iters: 100, epoch: 14 | loss: 0.4079658
	speed: 0.4007s/iter; left time: 9686.2995s
	iters: 200, epoch: 14 | loss: 0.4856072
	speed: 0.1836s/iter; left time: 4420.3651s
Epoch: 14 cost time: 51.15988755226135
Epoch: 14, Steps: 279 | Train Loss: 0.5014699 Vali Loss: 0.6670726 Test Loss: 0.3441382
EarlyStopping counter: 11 out of 20
Updating learning rate to 3.138105960900001e-05
	iters: 100, epoch: 15 | loss: 0.5365828
	speed: 0.4000s/iter; left time: 9558.3560s
	iters: 200, epoch: 15 | loss: 0.5522923
	speed: 0.1835s/iter; left time: 4365.5733s
Epoch: 15 cost time: 51.13359808921814
Epoch: 15, Steps: 279 | Train Loss: 0.4976006 Vali Loss: 0.6719758 Test Loss: 0.3449517
EarlyStopping counter: 12 out of 20
Updating learning rate to 2.824295364810001e-05
	iters: 100, epoch: 16 | loss: 0.4799627
	speed: 0.3966s/iter; left time: 9366.6597s
	iters: 200, epoch: 16 | loss: 0.4922269
	speed: 0.1798s/iter; left time: 4227.8827s
Epoch: 16 cost time: 50.24638748168945
Epoch: 16, Steps: 279 | Train Loss: 0.4945934 Vali Loss: 0.6751747 Test Loss: 0.3453307
EarlyStopping counter: 13 out of 20
Updating learning rate to 2.541865828329001e-05
	iters: 100, epoch: 17 | loss: 0.4723338
	speed: 0.3958s/iter; left time: 9236.3254s
	iters: 200, epoch: 17 | loss: 0.5049800
	speed: 0.1829s/iter; left time: 4249.1552s
Epoch: 17 cost time: 50.949480295181274
Epoch: 17, Steps: 279 | Train Loss: 0.4910931 Vali Loss: 0.6762658 Test Loss: 0.3464012
EarlyStopping counter: 14 out of 20
Updating learning rate to 2.287679245496101e-05
	iters: 100, epoch: 18 | loss: 0.5387461
	speed: 0.3981s/iter; left time: 9178.9516s
	iters: 200, epoch: 18 | loss: 0.3804233
	speed: 0.1827s/iter; left time: 4194.0925s
Epoch: 18 cost time: 50.88956356048584
Epoch: 18, Steps: 279 | Train Loss: 0.4880473 Vali Loss: 0.6830116 Test Loss: 0.3477009
EarlyStopping counter: 15 out of 20
Updating learning rate to 2.0589113209464907e-05
	iters: 100, epoch: 19 | loss: 0.4220728
	speed: 0.3972s/iter; left time: 9046.7089s
	iters: 200, epoch: 19 | loss: 0.5092481
	speed: 0.1830s/iter; left time: 4150.7304s
Epoch: 19 cost time: 50.89381647109985
Epoch: 19, Steps: 279 | Train Loss: 0.4853599 Vali Loss: 0.6810674 Test Loss: 0.3484987
EarlyStopping counter: 16 out of 20
Updating learning rate to 1.8530201888518416e-05
	iters: 100, epoch: 20 | loss: 0.4250045
	speed: 0.3973s/iter; left time: 8940.0717s
	iters: 200, epoch: 20 | loss: 0.5436952
	speed: 0.1825s/iter; left time: 4088.7148s
Epoch: 20 cost time: 50.83165383338928
Epoch: 20, Steps: 279 | Train Loss: 0.4830964 Vali Loss: 0.6831782 Test Loss: 0.3483540
EarlyStopping counter: 17 out of 20
Updating learning rate to 1.6677181699666577e-05
	iters: 100, epoch: 21 | loss: 0.5005357
	speed: 0.3970s/iter; left time: 8821.6717s
	iters: 200, epoch: 21 | loss: 0.4680336
	speed: 0.1825s/iter; left time: 4036.2095s
Epoch: 21 cost time: 50.80363345146179
Epoch: 21, Steps: 279 | Train Loss: 0.4806713 Vali Loss: 0.6866087 Test Loss: 0.3489974
EarlyStopping counter: 18 out of 20
Updating learning rate to 1.5009463529699919e-05
	iters: 100, epoch: 22 | loss: 0.4537773
	speed: 0.3964s/iter; left time: 8698.4078s
	iters: 200, epoch: 22 | loss: 0.4679471
	speed: 0.1825s/iter; left time: 3986.8797s
Epoch: 22 cost time: 50.7940936088562
Epoch: 22, Steps: 279 | Train Loss: 0.4786103 Vali Loss: 0.6861638 Test Loss: 0.3509305
EarlyStopping counter: 19 out of 20
Updating learning rate to 1.3508517176729929e-05
	iters: 100, epoch: 23 | loss: 0.4269613
	speed: 0.3972s/iter; left time: 8604.3799s
	iters: 200, epoch: 23 | loss: 0.5289940
	speed: 0.1813s/iter; left time: 3908.9331s
Epoch: 23 cost time: 50.63348054885864
Epoch: 23, Steps: 279 | Train Loss: 0.4769089 Vali Loss: 0.6881911 Test Loss: 0.3504405
EarlyStopping counter: 20 out of 20
Early stopping
>>>>>>>testing : NL_weather_cms_lr0.0001_always_336_720_PatchTST_custom_ftM_sl336_ll48_pl720_dm128_nh16_el3_dl1_df256_fc1_ebtimeF_dtTruelr0.0001_pol_always_Nested_Learning_0<<<<<<<<<<<<<<<<<<<<<<<<<<<<<<<<<
test 9820
 Ejecutando Inferencia DINÁMICA (Nested Learning con cms)
  -> Política: always | LR: 0.0001 | Target: head

RESUMEN: El CMS se actualizó 76 veces de 76 posibles.

mse:0.3261512517929077, mae:0.3358915448188782, rse:0.7534040808677673
