==========================================================
SÚPER ARRAY TFG - TAREA ID: 86 / 113
Nodo: dionisio
Dataset: weather | Experimento: NL_weather_cms3_lr0.0001_spc
Cabeza: cms3 | LR: 0.0001 | Política: spc
==========================================================
Args in experiment:
Namespace(random_seed=2021, is_training=1, model_id='NL_weather_cms3_lr0.0001_spc_336_96', model='PatchTST', data='custom', root_path='./dataset/', data_path='weather.csv', features='M', target='OT', freq='h', checkpoints='./checkpoints/', seq_len=336, label_len=48, pred_len=96, head_type='cms3', cms_lr=0.0001, update_policy='spc', fc_dropout=0.2, head_dropout=0.0, patch_len=16, stride=8, padding_patch='end', revin=1, affine=0, subtract_last=0, decomposition=0, kernel_size=25, individual=1, embed_type=0, enc_in=21, dec_in=7, c_out=7, d_model=128, n_heads=16, e_layers=3, d_layers=1, d_ff=256, moving_avg=25, factor=1, distil=True, dropout=0.2, embed='timeF', activation='gelu', output_attention=False, do_predict=False, num_workers=0, itr=1, train_epochs=100, batch_size=128, patience=20, learning_rate=0.0001, des='Nested_Learning', loss='mse', lradj='type3', pct_start=0.3, use_amp=False, use_gpu=True, gpu=0, use_multi_gpu=False, devices='0,1,2,3', test_flop=False)
Use GPU: cuda:0
>>>>>>>start training : NL_weather_cms3_lr0.0001_spc_336_96_PatchTST_custom_ftM_sl336_ll48_pl96_dm128_nh16_el3_dl1_df256_fc1_ebtimeF_dtTruelr0.0001_pol_spc_Nested_Learning_0>>>>>>>>>>>>>>>>>>>>>>>>>>
train 36456
val 5175
test 10444
	iters: 100, epoch: 1 | loss: 0.5126697
	speed: 0.2059s/iter; left time: 5827.3062s
	iters: 200, epoch: 1 | loss: 0.4140215
	speed: 0.1647s/iter; left time: 4643.5020s
Epoch: 1 cost time: 47.852734327316284
Epoch: 1, Steps: 284 | Train Loss: 0.7073669 Vali Loss: 0.4890717 Test Loss: 0.1926940
Validation loss decreased (inf --> 0.489072).  Saving model ...
Updating learning rate to 0.0001
	iters: 100, epoch: 2 | loss: 0.3462423
	speed: 0.3758s/iter; left time: 10528.8291s
	iters: 200, epoch: 2 | loss: 0.4004031
	speed: 0.1654s/iter; left time: 4616.1368s
Epoch: 2 cost time: 46.788894176483154
Epoch: 2, Steps: 284 | Train Loss: 0.4391979 Vali Loss: 0.3829835 Test Loss: 0.1524728
Validation loss decreased (0.489072 --> 0.382983).  Saving model ...
Updating learning rate to 0.0001
	iters: 100, epoch: 3 | loss: 0.2206510
	speed: 0.3753s/iter; left time: 10406.9139s
	iters: 200, epoch: 3 | loss: 0.5487821
	speed: 0.1655s/iter; left time: 4573.7278s
Epoch: 3 cost time: 46.840137243270874
Epoch: 3, Steps: 284 | Train Loss: 0.3875499 Vali Loss: 0.3910614 Test Loss: 0.1542114
EarlyStopping counter: 1 out of 20
Updating learning rate to 0.0001
	iters: 100, epoch: 4 | loss: 0.5717583
	speed: 0.3660s/iter; left time: 10046.5641s
	iters: 200, epoch: 4 | loss: 0.2822498
	speed: 0.1655s/iter; left time: 4527.3899s
Epoch: 4 cost time: 46.98633694648743
Epoch: 4, Steps: 284 | Train Loss: 0.3762949 Vali Loss: 0.3928394 Test Loss: 0.1542150
EarlyStopping counter: 2 out of 20
Updating learning rate to 9e-05
	iters: 100, epoch: 5 | loss: 0.4673488
	speed: 0.3668s/iter; left time: 9964.4733s
	iters: 200, epoch: 5 | loss: 0.3121848
	speed: 0.1656s/iter; left time: 4482.8862s
Epoch: 5 cost time: 47.05678462982178
Epoch: 5, Steps: 284 | Train Loss: 0.3661534 Vali Loss: 0.3999401 Test Loss: 0.1572872
EarlyStopping counter: 3 out of 20
Updating learning rate to 8.1e-05
	iters: 100, epoch: 6 | loss: 0.5469471
	speed: 0.3676s/iter; left time: 9881.8331s
	iters: 200, epoch: 6 | loss: 0.3305199
	speed: 0.1661s/iter; left time: 4448.4324s
Epoch: 6 cost time: 47.114588260650635
Epoch: 6, Steps: 284 | Train Loss: 0.3578172 Vali Loss: 0.4001420 Test Loss: 0.1590090
EarlyStopping counter: 4 out of 20
Updating learning rate to 7.290000000000001e-05
	iters: 100, epoch: 7 | loss: 0.5747671
	speed: 0.3674s/iter; left time: 9771.4901s
	iters: 200, epoch: 7 | loss: 0.3439552
	speed: 0.1657s/iter; left time: 4389.7382s
Epoch: 7 cost time: 47.042874813079834
Epoch: 7, Steps: 284 | Train Loss: 0.3505855 Vali Loss: 0.4039622 Test Loss: 0.1600476
EarlyStopping counter: 5 out of 20
Updating learning rate to 6.561e-05
	iters: 100, epoch: 8 | loss: 0.2510821
	speed: 0.3676s/iter; left time: 9672.6633s
	iters: 200, epoch: 8 | loss: 0.2770325
	speed: 0.1658s/iter; left time: 4346.5154s
Epoch: 8 cost time: 46.99941635131836
Epoch: 8, Steps: 284 | Train Loss: 0.3456821 Vali Loss: 0.4072166 Test Loss: 0.1624112
EarlyStopping counter: 6 out of 20
Updating learning rate to 5.904900000000001e-05
	iters: 100, epoch: 9 | loss: 0.2341276
	speed: 0.3676s/iter; left time: 9567.0147s
	iters: 200, epoch: 9 | loss: 0.5049965
	speed: 0.1660s/iter; left time: 4304.5078s
Epoch: 9 cost time: 47.0546498298645
Epoch: 9, Steps: 284 | Train Loss: 0.3410295 Vali Loss: 0.4110697 Test Loss: 0.1599424
EarlyStopping counter: 7 out of 20
Updating learning rate to 5.3144100000000005e-05
	iters: 100, epoch: 10 | loss: 0.2733329
	speed: 0.3675s/iter; left time: 9461.0768s
	iters: 200, epoch: 10 | loss: 0.2627282
	speed: 0.1658s/iter; left time: 4252.5482s
Epoch: 10 cost time: 47.06652069091797
Epoch: 10, Steps: 284 | Train Loss: 0.3371382 Vali Loss: 0.4099852 Test Loss: 0.1618419
EarlyStopping counter: 8 out of 20
Updating learning rate to 4.782969000000001e-05
	iters: 100, epoch: 11 | loss: 0.2397355
	speed: 0.3673s/iter; left time: 9351.7724s
	iters: 200, epoch: 11 | loss: 0.2694161
	speed: 0.1657s/iter; left time: 4203.0340s
Epoch: 11 cost time: 47.041094064712524
Epoch: 11, Steps: 284 | Train Loss: 0.3334974 Vali Loss: 0.4096332 Test Loss: 0.1636864
EarlyStopping counter: 9 out of 20
Updating learning rate to 4.304672100000001e-05
	iters: 100, epoch: 12 | loss: 0.2598087
	speed: 0.3671s/iter; left time: 9242.7082s
	iters: 200, epoch: 12 | loss: 0.6470690
	speed: 0.1658s/iter; left time: 4156.5760s
Epoch: 12 cost time: 47.060556173324585
Epoch: 12, Steps: 284 | Train Loss: 0.3302039 Vali Loss: 0.4183885 Test Loss: 0.1642108
EarlyStopping counter: 10 out of 20
Updating learning rate to 3.874204890000001e-05
	iters: 100, epoch: 13 | loss: 0.2548271
	speed: 0.3668s/iter; left time: 9129.9869s
	iters: 200, epoch: 13 | loss: 0.5570320
	speed: 0.1655s/iter; left time: 4103.0245s
Epoch: 13 cost time: 46.940614461898804
Epoch: 13, Steps: 284 | Train Loss: 0.3276090 Vali Loss: 0.4187213 Test Loss: 0.1637342
EarlyStopping counter: 11 out of 20
Updating learning rate to 3.486784401000001e-05
	iters: 100, epoch: 14 | loss: 0.2308131
	speed: 0.3652s/iter; left time: 8987.8527s
	iters: 200, epoch: 14 | loss: 0.2336541
	speed: 0.1657s/iter; left time: 4062.3181s
Epoch: 14 cost time: 46.860145568847656
Epoch: 14, Steps: 284 | Train Loss: 0.3249858 Vali Loss: 0.4196557 Test Loss: 0.1654959
EarlyStopping counter: 12 out of 20
Updating learning rate to 3.138105960900001e-05
	iters: 100, epoch: 15 | loss: 0.3590896
	speed: 0.3645s/iter; left time: 8867.3955s
	iters: 200, epoch: 15 | loss: 0.2750574
	speed: 0.1655s/iter; left time: 4009.9311s
Epoch: 15 cost time: 46.83812475204468
Epoch: 15, Steps: 284 | Train Loss: 0.3208802 Vali Loss: 0.4190228 Test Loss: 0.1651653
EarlyStopping counter: 13 out of 20
Updating learning rate to 2.824295364810001e-05
	iters: 100, epoch: 16 | loss: 0.2198842
	speed: 0.3643s/iter; left time: 8758.8853s
	iters: 200, epoch: 16 | loss: 0.2881916
	speed: 0.1653s/iter; left time: 3957.6809s
Epoch: 16 cost time: 46.75893521308899
Epoch: 16, Steps: 284 | Train Loss: 0.3208722 Vali Loss: 0.4225802 Test Loss: 0.1660376
EarlyStopping counter: 14 out of 20
Updating learning rate to 2.541865828329001e-05
	iters: 100, epoch: 17 | loss: 0.7227499
	speed: 0.3643s/iter; left time: 8653.6877s
	iters: 200, epoch: 17 | loss: 0.2282467
	speed: 0.1653s/iter; left time: 3911.4485s
Epoch: 17 cost time: 46.80222535133362
Epoch: 17, Steps: 284 | Train Loss: 0.3180087 Vali Loss: 0.4220217 Test Loss: 0.1663287
EarlyStopping counter: 15 out of 20
Updating learning rate to 2.287679245496101e-05
	iters: 100, epoch: 18 | loss: 0.2486540
	speed: 0.3644s/iter; left time: 8553.7713s
	iters: 200, epoch: 18 | loss: 0.2245638
	speed: 0.1643s/iter; left time: 3841.3124s
Epoch: 18 cost time: 46.72177028656006
Epoch: 18, Steps: 284 | Train Loss: 0.3170666 Vali Loss: 0.4207567 Test Loss: 0.1671652
EarlyStopping counter: 16 out of 20
Updating learning rate to 2.0589113209464907e-05
	iters: 100, epoch: 19 | loss: 0.2082452
	speed: 0.3647s/iter; left time: 8455.8777s
	iters: 200, epoch: 19 | loss: 0.4462408
	speed: 0.1645s/iter; left time: 3798.2818s
Epoch: 19 cost time: 46.74198818206787
Epoch: 19, Steps: 284 | Train Loss: 0.3153699 Vali Loss: 0.4232185 Test Loss: 0.1668401
EarlyStopping counter: 17 out of 20
Updating learning rate to 1.8530201888518416e-05
	iters: 100, epoch: 20 | loss: 0.3254375
	speed: 0.3777s/iter; left time: 8652.1096s
	iters: 200, epoch: 20 | loss: 0.2520887
	speed: 0.1641s/iter; left time: 3742.8802s
Epoch: 20 cost time: 47.79767465591431
Epoch: 20, Steps: 284 | Train Loss: 0.3143629 Vali Loss: 0.4241781 Test Loss: 0.1671927
EarlyStopping counter: 18 out of 20
Updating learning rate to 1.6677181699666577e-05
	iters: 100, epoch: 21 | loss: 0.2741692
	speed: 0.3630s/iter; left time: 8211.7126s
	iters: 200, epoch: 21 | loss: 0.3814444
	speed: 0.1644s/iter; left time: 3702.2753s
Epoch: 21 cost time: 46.518176317214966
Epoch: 21, Steps: 284 | Train Loss: 0.3128598 Vali Loss: 0.4240855 Test Loss: 0.1675249
EarlyStopping counter: 19 out of 20
Updating learning rate to 1.5009463529699919e-05
	iters: 100, epoch: 22 | loss: 0.2152084
	speed: 0.3626s/iter; left time: 8100.4952s
	iters: 200, epoch: 22 | loss: 0.4660073
	speed: 0.1645s/iter; left time: 3657.8217s
Epoch: 22 cost time: 46.58205723762512
Epoch: 22, Steps: 284 | Train Loss: 0.3120877 Vali Loss: 0.4234020 Test Loss: 0.1681560
EarlyStopping counter: 20 out of 20
Early stopping
>>>>>>>testing : NL_weather_cms3_lr0.0001_spc_336_96_PatchTST_custom_ftM_sl336_ll48_pl96_dm128_nh16_el3_dl1_df256_fc1_ebtimeF_dtTruelr0.0001_pol_spc_Nested_Learning_0<<<<<<<<<<<<<<<<<<<<<<<<<<<<<<<<<
test 10444
 Ejecutando Inferencia DINÁMICA (Nested Learning con cms3)
  -> Política: spc | LR: 0.0001 | Target: head

RESUMEN: El CMS se actualizó 12 veces de 81 posibles.

mse:0.1537986546754837, mae:0.20700185000896454, rse:0.516637921333313
Args in experiment:
Namespace(random_seed=2021, is_training=1, model_id='NL_weather_cms3_lr0.0001_spc_336_192', model='PatchTST', data='custom', root_path='./dataset/', data_path='weather.csv', features='M', target='OT', freq='h', checkpoints='./checkpoints/', seq_len=336, label_len=48, pred_len=192, head_type='cms3', cms_lr=0.0001, update_policy='spc', fc_dropout=0.2, head_dropout=0.0, patch_len=16, stride=8, padding_patch='end', revin=1, affine=0, subtract_last=0, decomposition=0, kernel_size=25, individual=1, embed_type=0, enc_in=21, dec_in=7, c_out=7, d_model=128, n_heads=16, e_layers=3, d_layers=1, d_ff=256, moving_avg=25, factor=1, distil=True, dropout=0.2, embed='timeF', activation='gelu', output_attention=False, do_predict=False, num_workers=0, itr=1, train_epochs=100, batch_size=128, patience=20, learning_rate=0.0001, des='Nested_Learning', loss='mse', lradj='type3', pct_start=0.3, use_amp=False, use_gpu=True, gpu=0, use_multi_gpu=False, devices='0,1,2,3', test_flop=False)
Use GPU: cuda:0
>>>>>>>start training : NL_weather_cms3_lr0.0001_spc_336_192_PatchTST_custom_ftM_sl336_ll48_pl192_dm128_nh16_el3_dl1_df256_fc1_ebtimeF_dtTruelr0.0001_pol_spc_Nested_Learning_0>>>>>>>>>>>>>>>>>>>>>>>>>>
train 36360
val 5079
test 10348
	iters: 100, epoch: 1 | loss: 0.7665890
	speed: 0.1833s/iter; left time: 5188.3425s
	iters: 200, epoch: 1 | loss: 0.7494505
	speed: 0.1665s/iter; left time: 4694.4115s
Epoch: 1 cost time: 47.32256841659546
Epoch: 1, Steps: 284 | Train Loss: 0.7480299 Vali Loss: 0.5507743 Test Loss: 0.2337350
Validation loss decreased (inf --> 0.550774).  Saving model ...
Updating learning rate to 0.0001
	iters: 100, epoch: 2 | loss: 0.8329889
	speed: 0.3903s/iter; left time: 10934.4334s
	iters: 200, epoch: 2 | loss: 0.3740692
	speed: 0.1657s/iter; left time: 4626.9912s
Epoch: 2 cost time: 46.98306965827942
Epoch: 2, Steps: 284 | Train Loss: 0.4911699 Vali Loss: 0.4541260 Test Loss: 0.1991226
Validation loss decreased (0.550774 --> 0.454126).  Saving model ...
Updating learning rate to 0.0001
	iters: 100, epoch: 3 | loss: 0.3514746
	speed: 0.3842s/iter; left time: 10656.3018s
	iters: 200, epoch: 3 | loss: 0.4677538
	speed: 0.1668s/iter; left time: 4608.0400s
Epoch: 3 cost time: 47.195786237716675
Epoch: 3, Steps: 284 | Train Loss: 0.4464173 Vali Loss: 0.4547471 Test Loss: 0.1997380
EarlyStopping counter: 1 out of 20
Updating learning rate to 0.0001
	iters: 100, epoch: 4 | loss: 0.6317841
	speed: 0.3688s/iter; left time: 10124.4676s
	iters: 200, epoch: 4 | loss: 0.4635629
	speed: 0.1661s/iter; left time: 4543.0199s
Epoch: 4 cost time: 47.0825400352478
Epoch: 4, Steps: 284 | Train Loss: 0.4322340 Vali Loss: 0.4673948 Test Loss: 0.1987639
EarlyStopping counter: 2 out of 20
Updating learning rate to 9e-05
	iters: 100, epoch: 5 | loss: 0.4648035
	speed: 0.3688s/iter; left time: 10018.8908s
	iters: 200, epoch: 5 | loss: 0.4972955
	speed: 0.1663s/iter; left time: 4501.4565s
Epoch: 5 cost time: 47.15249729156494
Epoch: 5, Steps: 284 | Train Loss: 0.4206875 Vali Loss: 0.4678535 Test Loss: 0.2027045
EarlyStopping counter: 3 out of 20
Updating learning rate to 8.1e-05
	iters: 100, epoch: 6 | loss: 0.4536165
	speed: 0.3683s/iter; left time: 9900.8532s
	iters: 200, epoch: 6 | loss: 0.5626498
	speed: 0.1663s/iter; left time: 4453.1718s
Epoch: 6 cost time: 47.13312268257141
Epoch: 6, Steps: 284 | Train Loss: 0.4114722 Vali Loss: 0.4740767 Test Loss: 0.2026383
EarlyStopping counter: 4 out of 20
Updating learning rate to 7.290000000000001e-05
	iters: 100, epoch: 7 | loss: 0.3479295
	speed: 0.3684s/iter; left time: 9799.1229s
	iters: 200, epoch: 7 | loss: 0.2966725
	speed: 0.1661s/iter; left time: 4400.2353s
Epoch: 7 cost time: 47.15958333015442
Epoch: 7, Steps: 284 | Train Loss: 0.4046992 Vali Loss: 0.4784051 Test Loss: 0.2053582
EarlyStopping counter: 5 out of 20
Updating learning rate to 6.561e-05
	iters: 100, epoch: 8 | loss: 0.4874581
	speed: 0.3685s/iter; left time: 9695.0548s
	iters: 200, epoch: 8 | loss: 0.3330886
	speed: 0.1662s/iter; left time: 4356.6846s
Epoch: 8 cost time: 47.12574052810669
Epoch: 8, Steps: 284 | Train Loss: 0.3975313 Vali Loss: 0.4856661 Test Loss: 0.2066743
EarlyStopping counter: 6 out of 20
Updating learning rate to 5.904900000000001e-05
	iters: 100, epoch: 9 | loss: 0.5810734
	speed: 0.3677s/iter; left time: 9570.2426s
	iters: 200, epoch: 9 | loss: 0.4487916
	speed: 0.1658s/iter; left time: 4299.3914s
Epoch: 9 cost time: 47.03691601753235
Epoch: 9, Steps: 284 | Train Loss: 0.3925256 Vali Loss: 0.4847838 Test Loss: 0.2064966
EarlyStopping counter: 7 out of 20
Updating learning rate to 5.3144100000000005e-05
	iters: 100, epoch: 10 | loss: 0.6958046
	speed: 0.3675s/iter; left time: 9462.2520s
	iters: 200, epoch: 10 | loss: 0.4544953
	speed: 0.1657s/iter; left time: 4249.0007s
Epoch: 10 cost time: 46.992265939712524
Epoch: 10, Steps: 284 | Train Loss: 0.3874740 Vali Loss: 0.4907340 Test Loss: 0.2075614
EarlyStopping counter: 8 out of 20
Updating learning rate to 4.782969000000001e-05
	iters: 100, epoch: 11 | loss: 0.6214957
	speed: 0.3673s/iter; left time: 9351.3465s
	iters: 200, epoch: 11 | loss: 0.3556066
	speed: 0.1660s/iter; left time: 4209.2683s
Epoch: 11 cost time: 47.032140016555786
Epoch: 11, Steps: 284 | Train Loss: 0.3832344 Vali Loss: 0.4930865 Test Loss: 0.2106813
EarlyStopping counter: 9 out of 20
Updating learning rate to 4.304672100000001e-05
	iters: 100, epoch: 12 | loss: 0.3225918
	speed: 0.3673s/iter; left time: 9247.0024s
	iters: 200, epoch: 12 | loss: 0.3945684
	speed: 0.1656s/iter; left time: 4153.2688s
Epoch: 12 cost time: 46.990928649902344
Epoch: 12, Steps: 284 | Train Loss: 0.3795989 Vali Loss: 0.4954643 Test Loss: 0.2114566
EarlyStopping counter: 10 out of 20
Updating learning rate to 3.874204890000001e-05
	iters: 100, epoch: 13 | loss: 0.3708194
	speed: 0.3674s/iter; left time: 9146.7798s
	iters: 200, epoch: 13 | loss: 0.2701935
	speed: 0.1655s/iter; left time: 4104.4630s
Epoch: 13 cost time: 46.97842621803284
Epoch: 13, Steps: 284 | Train Loss: 0.3762596 Vali Loss: 0.4929926 Test Loss: 0.2108868
EarlyStopping counter: 11 out of 20
Updating learning rate to 3.486784401000001e-05
	iters: 100, epoch: 14 | loss: 0.2796603
	speed: 0.3672s/iter; left time: 9036.3919s
	iters: 200, epoch: 14 | loss: 0.2692479
	speed: 0.1656s/iter; left time: 4058.5525s
Epoch: 14 cost time: 46.9873104095459
Epoch: 14, Steps: 284 | Train Loss: 0.3732143 Vali Loss: 0.4973463 Test Loss: 0.2119255
EarlyStopping counter: 12 out of 20
Updating learning rate to 3.138105960900001e-05
	iters: 100, epoch: 15 | loss: 0.3082917
	speed: 0.3674s/iter; left time: 8937.6989s
	iters: 200, epoch: 15 | loss: 0.2730651
	speed: 0.1657s/iter; left time: 4015.2219s
Epoch: 15 cost time: 47.00838375091553
Epoch: 15, Steps: 284 | Train Loss: 0.3703690 Vali Loss: 0.4948725 Test Loss: 0.2135971
EarlyStopping counter: 13 out of 20
Updating learning rate to 2.824295364810001e-05
	iters: 100, epoch: 16 | loss: 0.2845176
	speed: 0.3694s/iter; left time: 8879.8063s
	iters: 200, epoch: 16 | loss: 0.2876301
	speed: 0.1684s/iter; left time: 4032.1845s
Epoch: 16 cost time: 47.6781210899353
Epoch: 16, Steps: 284 | Train Loss: 0.3680148 Vali Loss: 0.4985713 Test Loss: 0.2137982
EarlyStopping counter: 14 out of 20
Updating learning rate to 2.541865828329001e-05
	iters: 100, epoch: 17 | loss: 0.3388858
	speed: 0.3716s/iter; left time: 8828.6608s
	iters: 200, epoch: 17 | loss: 0.3316856
	speed: 0.1681s/iter; left time: 3977.2942s
Epoch: 17 cost time: 47.58350205421448
Epoch: 17, Steps: 284 | Train Loss: 0.3658340 Vali Loss: 0.5012802 Test Loss: 0.2153849
EarlyStopping counter: 15 out of 20
Updating learning rate to 2.287679245496101e-05
	iters: 100, epoch: 18 | loss: 0.4482536
	speed: 0.3694s/iter; left time: 8670.4005s
	iters: 200, epoch: 18 | loss: 0.3392206
	speed: 0.1673s/iter; left time: 3910.0738s
Epoch: 18 cost time: 47.371018171310425
Epoch: 18, Steps: 284 | Train Loss: 0.3635247 Vali Loss: 0.5006585 Test Loss: 0.2147994
EarlyStopping counter: 16 out of 20
Updating learning rate to 2.0589113209464907e-05
	iters: 100, epoch: 19 | loss: 0.4303965
	speed: 0.3697s/iter; left time: 8572.9046s
	iters: 200, epoch: 19 | loss: 0.6428502
	speed: 0.1661s/iter; left time: 3836.1501s
Epoch: 19 cost time: 46.856518030166626
Epoch: 19, Steps: 284 | Train Loss: 0.3618804 Vali Loss: 0.5021549 Test Loss: 0.2156727
EarlyStopping counter: 17 out of 20
Updating learning rate to 1.8530201888518416e-05
	iters: 100, epoch: 20 | loss: 0.3012021
	speed: 0.3607s/iter; left time: 8262.1724s
	iters: 200, epoch: 20 | loss: 0.3779377
	speed: 0.1620s/iter; left time: 3694.9556s
Epoch: 20 cost time: 45.956463098526
Epoch: 20, Steps: 284 | Train Loss: 0.3602326 Vali Loss: 0.5041587 Test Loss: 0.2162113
EarlyStopping counter: 18 out of 20
Updating learning rate to 1.6677181699666577e-05
	iters: 100, epoch: 21 | loss: 0.3171710
	speed: 0.3606s/iter; left time: 8156.0091s
	iters: 200, epoch: 21 | loss: 0.2704683
	speed: 0.1619s/iter; left time: 3645.6311s
Epoch: 21 cost time: 45.90649652481079
Epoch: 21, Steps: 284 | Train Loss: 0.3587689 Vali Loss: 0.5050305 Test Loss: 0.2169052
EarlyStopping counter: 19 out of 20
Updating learning rate to 1.5009463529699919e-05
	iters: 100, epoch: 22 | loss: 0.2996113
	speed: 0.3606s/iter; left time: 8053.6993s
	iters: 200, epoch: 22 | loss: 0.6125603
	speed: 0.1619s/iter; left time: 3600.7134s
Epoch: 22 cost time: 45.899868965148926
Epoch: 22, Steps: 284 | Train Loss: 0.3572501 Vali Loss: 0.5053517 Test Loss: 0.2177758
EarlyStopping counter: 20 out of 20
Early stopping
>>>>>>>testing : NL_weather_cms3_lr0.0001_spc_336_192_PatchTST_custom_ftM_sl336_ll48_pl192_dm128_nh16_el3_dl1_df256_fc1_ebtimeF_dtTruelr0.0001_pol_spc_Nested_Learning_0<<<<<<<<<<<<<<<<<<<<<<<<<<<<<<<<<
test 10348
 Ejecutando Inferencia DINÁMICA (Nested Learning con cms3)
  -> Política: spc | LR: 0.0001 | Target: head

RESUMEN: El CMS se actualizó 12 veces de 80 posibles.

mse:0.19735492765903473, mae:0.24758116900920868, rse:0.5844395160675049
Args in experiment:
Namespace(random_seed=2021, is_training=1, model_id='NL_weather_cms3_lr0.0001_spc_336_336', model='PatchTST', data='custom', root_path='./dataset/', data_path='weather.csv', features='M', target='OT', freq='h', checkpoints='./checkpoints/', seq_len=336, label_len=48, pred_len=336, head_type='cms3', cms_lr=0.0001, update_policy='spc', fc_dropout=0.2, head_dropout=0.0, patch_len=16, stride=8, padding_patch='end', revin=1, affine=0, subtract_last=0, decomposition=0, kernel_size=25, individual=1, embed_type=0, enc_in=21, dec_in=7, c_out=7, d_model=128, n_heads=16, e_layers=3, d_layers=1, d_ff=256, moving_avg=25, factor=1, distil=True, dropout=0.2, embed='timeF', activation='gelu', output_attention=False, do_predict=False, num_workers=0, itr=1, train_epochs=100, batch_size=128, patience=20, learning_rate=0.0001, des='Nested_Learning', loss='mse', lradj='type3', pct_start=0.3, use_amp=False, use_gpu=True, gpu=0, use_multi_gpu=False, devices='0,1,2,3', test_flop=False)
Use GPU: cuda:0
>>>>>>>start training : NL_weather_cms3_lr0.0001_spc_336_336_PatchTST_custom_ftM_sl336_ll48_pl336_dm128_nh16_el3_dl1_df256_fc1_ebtimeF_dtTruelr0.0001_pol_spc_Nested_Learning_0>>>>>>>>>>>>>>>>>>>>>>>>>>
train 36216
val 4935
test 10204
	iters: 100, epoch: 1 | loss: 0.8564873
	speed: 0.2146s/iter; left time: 6031.7214s
	iters: 200, epoch: 1 | loss: 0.7122802
	speed: 0.1715s/iter; left time: 4800.9263s
Epoch: 1 cost time: 48.592740058898926
Epoch: 1, Steps: 282 | Train Loss: 0.7916260 Vali Loss: 0.6282855 Test Loss: 0.2807094
Validation loss decreased (inf --> 0.628286).  Saving model ...
Updating learning rate to 0.0001
	iters: 100, epoch: 2 | loss: 0.4700911
	speed: 0.4066s/iter; left time: 11310.6338s
	iters: 200, epoch: 2 | loss: 0.6577818
	speed: 0.1714s/iter; left time: 4750.0069s
Epoch: 2 cost time: 48.27563548088074
Epoch: 2, Steps: 282 | Train Loss: 0.5464742 Vali Loss: 0.5250950 Test Loss: 0.2475523
Validation loss decreased (0.628286 --> 0.525095).  Saving model ...
Updating learning rate to 0.0001
	iters: 100, epoch: 3 | loss: 0.4717205
	speed: 0.4001s/iter; left time: 11017.9031s
	iters: 200, epoch: 3 | loss: 0.5207914
	speed: 0.1715s/iter; left time: 4705.5994s
Epoch: 3 cost time: 48.30818223953247
Epoch: 3, Steps: 282 | Train Loss: 0.5011367 Vali Loss: 0.5280070 Test Loss: 0.2523000
EarlyStopping counter: 1 out of 20
Updating learning rate to 0.0001
	iters: 100, epoch: 4 | loss: 0.4913079
	speed: 0.3775s/iter; left time: 10287.6059s
	iters: 200, epoch: 4 | loss: 0.4418170
	speed: 0.1714s/iter; left time: 4654.0126s
Epoch: 4 cost time: 48.26249313354492
Epoch: 4, Steps: 282 | Train Loss: 0.4865450 Vali Loss: 0.5388773 Test Loss: 0.2542472
EarlyStopping counter: 2 out of 20
Updating learning rate to 9e-05
	iters: 100, epoch: 5 | loss: 0.4562778
	speed: 0.3773s/iter; left time: 10176.8993s
	iters: 200, epoch: 5 | loss: 0.5686409
	speed: 0.1716s/iter; left time: 4610.1818s
Epoch: 5 cost time: 48.28034162521362
Epoch: 5, Steps: 282 | Train Loss: 0.4745449 Vali Loss: 0.5470504 Test Loss: 0.2569185
EarlyStopping counter: 3 out of 20
Updating learning rate to 8.1e-05
	iters: 100, epoch: 6 | loss: 0.3813689
	speed: 0.3778s/iter; left time: 10082.6815s
	iters: 200, epoch: 6 | loss: 0.4177648
	speed: 0.1714s/iter; left time: 4558.6194s
Epoch: 6 cost time: 48.2843177318573
Epoch: 6, Steps: 282 | Train Loss: 0.4642984 Vali Loss: 0.5527167 Test Loss: 0.2567890
EarlyStopping counter: 4 out of 20
Updating learning rate to 7.290000000000001e-05
	iters: 100, epoch: 7 | loss: 0.3627281
	speed: 0.3772s/iter; left time: 9962.0973s
	iters: 200, epoch: 7 | loss: 0.4387088
	speed: 0.1716s/iter; left time: 4514.7835s
Epoch: 7 cost time: 48.2891321182251
Epoch: 7, Steps: 282 | Train Loss: 0.4561035 Vali Loss: 0.5602762 Test Loss: 0.2607597
EarlyStopping counter: 5 out of 20
Updating learning rate to 6.561e-05
	iters: 100, epoch: 8 | loss: 0.4804029
	speed: 0.3778s/iter; left time: 9870.6747s
	iters: 200, epoch: 8 | loss: 0.6613306
	speed: 0.1716s/iter; left time: 4467.4517s
Epoch: 8 cost time: 48.32112908363342
Epoch: 8, Steps: 282 | Train Loss: 0.4482559 Vali Loss: 0.5629797 Test Loss: 0.2618459
EarlyStopping counter: 6 out of 20
Updating learning rate to 5.904900000000001e-05
	iters: 100, epoch: 9 | loss: 0.4273185
	speed: 0.3783s/iter; left time: 9777.1955s
	iters: 200, epoch: 9 | loss: 0.3809133
	speed: 0.1718s/iter; left time: 4422.6062s
Epoch: 9 cost time: 48.380040407180786
Epoch: 9, Steps: 282 | Train Loss: 0.4422924 Vali Loss: 0.5693123 Test Loss: 0.2629181
EarlyStopping counter: 7 out of 20
Updating learning rate to 5.3144100000000005e-05
	iters: 100, epoch: 10 | loss: 0.6081650
	speed: 0.3788s/iter; left time: 9683.3563s
	iters: 200, epoch: 10 | loss: 0.4005302
	speed: 0.1717s/iter; left time: 4371.9342s
Epoch: 10 cost time: 48.40886831283569
Epoch: 10, Steps: 282 | Train Loss: 0.4369310 Vali Loss: 0.5752970 Test Loss: 0.2662245
EarlyStopping counter: 8 out of 20
Updating learning rate to 4.782969000000001e-05
	iters: 100, epoch: 11 | loss: 0.3904092
	speed: 0.3789s/iter; left time: 9578.4764s
	iters: 200, epoch: 11 | loss: 0.3460757
	speed: 0.1717s/iter; left time: 4322.8475s
Epoch: 11 cost time: 48.41627264022827
Epoch: 11, Steps: 282 | Train Loss: 0.4319785 Vali Loss: 0.5757128 Test Loss: 0.2659111
EarlyStopping counter: 9 out of 20
Updating learning rate to 4.304672100000001e-05
	iters: 100, epoch: 12 | loss: 0.4591564
	speed: 0.3792s/iter; left time: 9479.7099s
	iters: 200, epoch: 12 | loss: 0.3982827
	speed: 0.1726s/iter; left time: 4298.3603s
Epoch: 12 cost time: 48.51367497444153
Epoch: 12, Steps: 282 | Train Loss: 0.4277461 Vali Loss: 0.5801609 Test Loss: 0.2683676
EarlyStopping counter: 10 out of 20
Updating learning rate to 3.874204890000001e-05
	iters: 100, epoch: 13 | loss: 0.4827092
	speed: 0.3786s/iter; left time: 9356.8258s
	iters: 200, epoch: 13 | loss: 0.4041360
	speed: 0.1717s/iter; left time: 4227.7557s
Epoch: 13 cost time: 48.388575315475464
Epoch: 13, Steps: 282 | Train Loss: 0.4242721 Vali Loss: 0.5844188 Test Loss: 0.2690963
EarlyStopping counter: 11 out of 20
Updating learning rate to 3.486784401000001e-05
	iters: 100, epoch: 14 | loss: 0.2995297
	speed: 0.3792s/iter; left time: 9264.8042s
	iters: 200, epoch: 14 | loss: 0.3486124
	speed: 0.1721s/iter; left time: 4188.1393s
Epoch: 14 cost time: 48.4374418258667
Epoch: 14, Steps: 282 | Train Loss: 0.4209920 Vali Loss: 0.5795002 Test Loss: 0.2675127
EarlyStopping counter: 12 out of 20
Updating learning rate to 3.138105960900001e-05
	iters: 100, epoch: 15 | loss: 0.4157637
	speed: 0.3798s/iter; left time: 9173.5704s
	iters: 200, epoch: 15 | loss: 0.4830099
	speed: 0.1722s/iter; left time: 4141.9280s
Epoch: 15 cost time: 48.4992196559906
Epoch: 15, Steps: 282 | Train Loss: 0.4176112 Vali Loss: 0.5869662 Test Loss: 0.2703102
EarlyStopping counter: 13 out of 20
Updating learning rate to 2.824295364810001e-05
	iters: 100, epoch: 16 | loss: 0.3706147
	speed: 0.3796s/iter; left time: 9060.6903s
	iters: 200, epoch: 16 | loss: 0.4574356
	speed: 0.1720s/iter; left time: 4089.3740s
Epoch: 16 cost time: 48.4942090511322
Epoch: 16, Steps: 282 | Train Loss: 0.4148925 Vali Loss: 0.5881481 Test Loss: 0.2730366
EarlyStopping counter: 14 out of 20
Updating learning rate to 2.541865828329001e-05
	iters: 100, epoch: 17 | loss: 0.4201765
	speed: 0.3797s/iter; left time: 8956.3770s
	iters: 200, epoch: 17 | loss: 0.3549077
	speed: 0.1722s/iter; left time: 4044.2617s
Epoch: 17 cost time: 48.5439555644989
Epoch: 17, Steps: 282 | Train Loss: 0.4121698 Vali Loss: 0.5894430 Test Loss: 0.2719481
EarlyStopping counter: 15 out of 20
Updating learning rate to 2.287679245496101e-05
	iters: 100, epoch: 18 | loss: 0.4473715
	speed: 0.3799s/iter; left time: 8853.6541s
	iters: 200, epoch: 18 | loss: 0.4052995
	speed: 0.1721s/iter; left time: 3994.3290s
Epoch: 18 cost time: 48.500468254089355
Epoch: 18, Steps: 282 | Train Loss: 0.4101076 Vali Loss: 0.5910941 Test Loss: 0.2718678
EarlyStopping counter: 16 out of 20
Updating learning rate to 2.0589113209464907e-05
	iters: 100, epoch: 19 | loss: 0.3986456
	speed: 0.3806s/iter; left time: 8763.0565s
	iters: 200, epoch: 19 | loss: 0.3229894
	speed: 0.1728s/iter; left time: 3962.3188s
Epoch: 19 cost time: 48.633896827697754
Epoch: 19, Steps: 282 | Train Loss: 0.4069929 Vali Loss: 0.5904700 Test Loss: 0.2735638
EarlyStopping counter: 17 out of 20
Updating learning rate to 1.8530201888518416e-05
	iters: 100, epoch: 20 | loss: 0.3761338
	speed: 0.3800s/iter; left time: 8642.6064s
	iters: 200, epoch: 20 | loss: 0.4227924
	speed: 0.1721s/iter; left time: 3895.8662s
Epoch: 20 cost time: 48.50571012496948
Epoch: 20, Steps: 282 | Train Loss: 0.4056113 Vali Loss: 0.5947322 Test Loss: 0.2741756
EarlyStopping counter: 18 out of 20
Updating learning rate to 1.6677181699666577e-05
	iters: 100, epoch: 21 | loss: 0.3383679
	speed: 0.3797s/iter; left time: 8528.7482s
	iters: 200, epoch: 21 | loss: 0.3777328
	speed: 0.1723s/iter; left time: 3853.6351s
Epoch: 21 cost time: 48.51122426986694
Epoch: 21, Steps: 282 | Train Loss: 0.4041128 Vali Loss: 0.5945838 Test Loss: 0.2750141
EarlyStopping counter: 19 out of 20
Updating learning rate to 1.5009463529699919e-05
	iters: 100, epoch: 22 | loss: 0.4437834
	speed: 0.3795s/iter; left time: 8416.5288s
	iters: 200, epoch: 22 | loss: 0.5768878
	speed: 0.1722s/iter; left time: 3801.3649s
Epoch: 22 cost time: 48.50011110305786
Epoch: 22, Steps: 282 | Train Loss: 0.4024724 Vali Loss: 0.5939746 Test Loss: 0.2744808
EarlyStopping counter: 20 out of 20
Early stopping
>>>>>>>testing : NL_weather_cms3_lr0.0001_spc_336_336_PatchTST_custom_ftM_sl336_ll48_pl336_dm128_nh16_el3_dl1_df256_fc1_ebtimeF_dtTruelr0.0001_pol_spc_Nested_Learning_0<<<<<<<<<<<<<<<<<<<<<<<<<<<<<<<<<
test 10204
 Ejecutando Inferencia DINÁMICA (Nested Learning con cms3)
  -> Política: spc | LR: 0.0001 | Target: head

RESUMEN: El CMS se actualizó 19 veces de 79 posibles.

mse:0.24975761771202087, mae:0.28731048107147217, rse:0.6564800143241882
Args in experiment:
Namespace(random_seed=2021, is_training=1, model_id='NL_weather_cms3_lr0.0001_spc_336_720', model='PatchTST', data='custom', root_path='./dataset/', data_path='weather.csv', features='M', target='OT', freq='h', checkpoints='./checkpoints/', seq_len=336, label_len=48, pred_len=720, head_type='cms3', cms_lr=0.0001, update_policy='spc', fc_dropout=0.2, head_dropout=0.0, patch_len=16, stride=8, padding_patch='end', revin=1, affine=0, subtract_last=0, decomposition=0, kernel_size=25, individual=1, embed_type=0, enc_in=21, dec_in=7, c_out=7, d_model=128, n_heads=16, e_layers=3, d_layers=1, d_ff=256, moving_avg=25, factor=1, distil=True, dropout=0.2, embed='timeF', activation='gelu', output_attention=False, do_predict=False, num_workers=0, itr=1, train_epochs=100, batch_size=128, patience=20, learning_rate=0.0001, des='Nested_Learning', loss='mse', lradj='type3', pct_start=0.3, use_amp=False, use_gpu=True, gpu=0, use_multi_gpu=False, devices='0,1,2,3', test_flop=False)
Use GPU: cuda:0
>>>>>>>start training : NL_weather_cms3_lr0.0001_spc_336_720_PatchTST_custom_ftM_sl336_ll48_pl720_dm128_nh16_el3_dl1_df256_fc1_ebtimeF_dtTruelr0.0001_pol_spc_Nested_Learning_0>>>>>>>>>>>>>>>>>>>>>>>>>>
train 35832
val 4551
test 9820
	iters: 100, epoch: 1 | loss: 0.9446601
	speed: 0.2067s/iter; left time: 5745.1812s
	iters: 200, epoch: 1 | loss: 0.8430125
	speed: 0.1853s/iter; left time: 5133.5717s
Epoch: 1 cost time: 51.84564781188965
Epoch: 1, Steps: 279 | Train Loss: 0.8544144 Vali Loss: 0.7275293 Test Loss: 0.3472252
Validation loss decreased (inf --> 0.727529).  Saving model ...
Updating learning rate to 0.0001
	iters: 100, epoch: 2 | loss: 0.6373822
	speed: 0.4608s/iter; left time: 12681.8964s
	iters: 200, epoch: 2 | loss: 0.6509704
	speed: 0.1857s/iter; left time: 5093.5415s
Epoch: 2 cost time: 51.63279175758362
Epoch: 2, Steps: 279 | Train Loss: 0.6160244 Vali Loss: 0.6348057 Test Loss: 0.3245730
Validation loss decreased (0.727529 --> 0.634806).  Saving model ...
Updating learning rate to 0.0001
	iters: 100, epoch: 3 | loss: 0.5590926
	speed: 0.4707s/iter; left time: 12822.0347s
	iters: 200, epoch: 3 | loss: 0.4930229
	speed: 0.1857s/iter; left time: 5039.2708s
Epoch: 3 cost time: 51.5577130317688
Epoch: 3, Steps: 279 | Train Loss: 0.5701965 Vali Loss: 0.6355942 Test Loss: 0.3290676
EarlyStopping counter: 1 out of 20
Updating learning rate to 0.0001
	iters: 100, epoch: 4 | loss: 0.5897683
	speed: 0.4030s/iter; left time: 10867.4606s
	iters: 200, epoch: 4 | loss: 0.5600933
	speed: 0.1857s/iter; left time: 4988.5696s
Epoch: 4 cost time: 51.71250796318054
Epoch: 4, Steps: 279 | Train Loss: 0.5531225 Vali Loss: 0.6453831 Test Loss: 0.3349588
EarlyStopping counter: 2 out of 20
Updating learning rate to 9e-05
	iters: 100, epoch: 5 | loss: 0.5562617
	speed: 0.4033s/iter; left time: 10761.6653s
	iters: 200, epoch: 5 | loss: 0.5447170
	speed: 0.1856s/iter; left time: 4933.1869s
Epoch: 5 cost time: 51.69319486618042
Epoch: 5, Steps: 279 | Train Loss: 0.5394671 Vali Loss: 0.6494646 Test Loss: 0.3392794
EarlyStopping counter: 3 out of 20
Updating learning rate to 8.1e-05
	iters: 100, epoch: 6 | loss: 0.4679329
	speed: 0.4032s/iter; left time: 10645.7660s
	iters: 200, epoch: 6 | loss: 0.6253068
	speed: 0.1856s/iter; left time: 4881.1772s
Epoch: 6 cost time: 51.690839767456055
Epoch: 6, Steps: 279 | Train Loss: 0.5287667 Vali Loss: 0.6588022 Test Loss: 0.3399555
EarlyStopping counter: 4 out of 20
Updating learning rate to 7.290000000000001e-05
	iters: 100, epoch: 7 | loss: 0.4413030
	speed: 0.4031s/iter; left time: 10532.0691s
	iters: 200, epoch: 7 | loss: 0.4363185
	speed: 0.1854s/iter; left time: 4826.3410s
Epoch: 7 cost time: 51.68409299850464
Epoch: 7, Steps: 279 | Train Loss: 0.5193261 Vali Loss: 0.6612707 Test Loss: 0.3444205
EarlyStopping counter: 5 out of 20
Updating learning rate to 6.561e-05
	iters: 100, epoch: 8 | loss: 0.4926459
	speed: 0.4032s/iter; left time: 10422.7542s
	iters: 200, epoch: 8 | loss: 0.4409100
	speed: 0.1853s/iter; left time: 4770.5120s
Epoch: 8 cost time: 51.64668321609497
Epoch: 8, Steps: 279 | Train Loss: 0.5120080 Vali Loss: 0.6666902 Test Loss: 0.3467465
EarlyStopping counter: 6 out of 20
Updating learning rate to 5.904900000000001e-05
	iters: 100, epoch: 9 | loss: 0.4414902
	speed: 0.4035s/iter; left time: 10317.0335s
	iters: 200, epoch: 9 | loss: 0.4533767
	speed: 0.1852s/iter; left time: 4717.2480s
Epoch: 9 cost time: 51.60165548324585
Epoch: 9, Steps: 279 | Train Loss: 0.5046798 Vali Loss: 0.6737448 Test Loss: 0.3486689
EarlyStopping counter: 7 out of 20
Updating learning rate to 5.3144100000000005e-05
	iters: 100, epoch: 10 | loss: 0.5499473
	speed: 0.4027s/iter; left time: 10183.3748s
	iters: 200, epoch: 10 | loss: 0.4185358
	speed: 0.1851s/iter; left time: 4661.5570s
Epoch: 10 cost time: 51.57587265968323
Epoch: 10, Steps: 279 | Train Loss: 0.4988990 Vali Loss: 0.6807179 Test Loss: 0.3507821
EarlyStopping counter: 8 out of 20
Updating learning rate to 4.782969000000001e-05
	iters: 100, epoch: 11 | loss: 0.5088974
	speed: 0.3968s/iter; left time: 9925.2297s
	iters: 200, epoch: 11 | loss: 0.4743616
	speed: 0.1810s/iter; left time: 4509.9900s
Epoch: 11 cost time: 50.61817193031311
Epoch: 11, Steps: 279 | Train Loss: 0.4931228 Vali Loss: 0.6819636 Test Loss: 0.3534733
EarlyStopping counter: 9 out of 20
Updating learning rate to 4.304672100000001e-05
	iters: 100, epoch: 12 | loss: 0.4544790
	speed: 0.4021s/iter; left time: 9944.5735s
	iters: 200, epoch: 12 | loss: 0.4755428
	speed: 0.1850s/iter; left time: 4556.4990s
Epoch: 12 cost time: 51.54009246826172
Epoch: 12, Steps: 279 | Train Loss: 0.4883243 Vali Loss: 0.6870056 Test Loss: 0.3552219
EarlyStopping counter: 10 out of 20
Updating learning rate to 3.874204890000001e-05
	iters: 100, epoch: 13 | loss: 0.4803904
	speed: 0.4018s/iter; left time: 9824.9879s
	iters: 200, epoch: 13 | loss: 0.4320738
	speed: 0.1851s/iter; left time: 4508.2224s
Epoch: 13 cost time: 51.570069551467896
Epoch: 13, Steps: 279 | Train Loss: 0.4834132 Vali Loss: 0.6862730 Test Loss: 0.3541644
EarlyStopping counter: 11 out of 20
Updating learning rate to 3.486784401000001e-05
	iters: 100, epoch: 14 | loss: 0.5284677
	speed: 0.4020s/iter; left time: 9717.5324s
	iters: 200, epoch: 14 | loss: 0.4571781
	speed: 0.1852s/iter; left time: 4457.4595s
Epoch: 14 cost time: 51.562865257263184
Epoch: 14, Steps: 279 | Train Loss: 0.4795728 Vali Loss: 0.6921811 Test Loss: 0.3576318
EarlyStopping counter: 12 out of 20
Updating learning rate to 3.138105960900001e-05
	iters: 100, epoch: 15 | loss: 0.4527202
	speed: 0.4020s/iter; left time: 9605.6617s
	iters: 200, epoch: 15 | loss: 0.4459201
	speed: 0.1851s/iter; left time: 4404.1790s
Epoch: 15 cost time: 51.54098081588745
Epoch: 15, Steps: 279 | Train Loss: 0.4756344 Vali Loss: 0.6933336 Test Loss: 0.3587596
EarlyStopping counter: 13 out of 20
Updating learning rate to 2.824295364810001e-05
	iters: 100, epoch: 16 | loss: 0.4632993
	speed: 0.4013s/iter; left time: 9477.9861s
	iters: 200, epoch: 16 | loss: 0.4764719
	speed: 0.1852s/iter; left time: 4354.5595s
Epoch: 16 cost time: 51.533172607421875
Epoch: 16, Steps: 279 | Train Loss: 0.4721014 Vali Loss: 0.6917363 Test Loss: 0.3585706
EarlyStopping counter: 14 out of 20
Updating learning rate to 2.541865828329001e-05
	iters: 100, epoch: 17 | loss: 0.4377787
	speed: 0.4018s/iter; left time: 9376.6987s
	iters: 200, epoch: 17 | loss: 0.5417775
	speed: 0.1848s/iter; left time: 4295.3039s
Epoch: 17 cost time: 51.36729168891907
Epoch: 17, Steps: 279 | Train Loss: 0.4693227 Vali Loss: 0.6988900 Test Loss: 0.3603347
EarlyStopping counter: 15 out of 20
Updating learning rate to 2.287679245496101e-05
	iters: 100, epoch: 18 | loss: 0.4585476
	speed: 0.3987s/iter; left time: 9192.5136s
	iters: 200, epoch: 18 | loss: 0.5028954
	speed: 0.1851s/iter; left time: 4248.8292s
Epoch: 18 cost time: 51.485623836517334
Epoch: 18, Steps: 279 | Train Loss: 0.4662310 Vali Loss: 0.6992045 Test Loss: 0.3610535
EarlyStopping counter: 16 out of 20
Updating learning rate to 2.0589113209464907e-05
	iters: 100, epoch: 19 | loss: 0.5301028
	speed: 0.4016s/iter; left time: 9147.2376s
	iters: 200, epoch: 19 | loss: 0.4426371
	speed: 0.1850s/iter; left time: 4196.2840s
Epoch: 19 cost time: 51.51851677894592
Epoch: 19, Steps: 279 | Train Loss: 0.4636002 Vali Loss: 0.7002681 Test Loss: 0.3624412
EarlyStopping counter: 17 out of 20
Updating learning rate to 1.8530201888518416e-05
	iters: 100, epoch: 20 | loss: 0.5161617
	speed: 0.4015s/iter; left time: 9033.4896s
	iters: 200, epoch: 20 | loss: 0.5198161
	speed: 0.1846s/iter; left time: 4134.0872s
Epoch: 20 cost time: 51.48693609237671
Epoch: 20, Steps: 279 | Train Loss: 0.4614381 Vali Loss: 0.7016431 Test Loss: 0.3627554
EarlyStopping counter: 18 out of 20
Updating learning rate to 1.6677181699666577e-05
	iters: 100, epoch: 21 | loss: 0.4221683
	speed: 0.3962s/iter; left time: 8804.6495s
	iters: 200, epoch: 21 | loss: 0.3703887
	speed: 0.1851s/iter; left time: 4095.1898s
Epoch: 21 cost time: 51.051358222961426
Epoch: 21, Steps: 279 | Train Loss: 0.4592507 Vali Loss: 0.7043683 Test Loss: 0.3645625
EarlyStopping counter: 19 out of 20
Updating learning rate to 1.5009463529699919e-05
	iters: 100, epoch: 22 | loss: 0.4363040
	speed: 0.4020s/iter; left time: 8820.2014s
	iters: 200, epoch: 22 | loss: 0.4334365
	speed: 0.1850s/iter; left time: 4041.2726s
Epoch: 22 cost time: 51.53070950508118
Epoch: 22, Steps: 279 | Train Loss: 0.4575716 Vali Loss: 0.7071361 Test Loss: 0.3660925
EarlyStopping counter: 20 out of 20
Early stopping
>>>>>>>testing : NL_weather_cms3_lr0.0001_spc_336_720_PatchTST_custom_ftM_sl336_ll48_pl720_dm128_nh16_el3_dl1_df256_fc1_ebtimeF_dtTruelr0.0001_pol_spc_Nested_Learning_0<<<<<<<<<<<<<<<<<<<<<<<<<<<<<<<<<
test 9820
 Ejecutando Inferencia DINÁMICA (Nested Learning con cms3)
  -> Política: spc | LR: 0.0001 | Target: head

RESUMEN: El CMS se actualizó 18 veces de 76 posibles.

mse:0.32388022541999817, mae:0.3389277458190918, rse:0.750776469707489
