==========================================================
SÚPER ARRAY TFG - TAREA ID: 68 / 113
Nodo: dionisio
Dataset: ettm2 | Experimento: NL_ettm2_cms3_lr0.0001_spc
Cabeza: cms3 | LR: 0.0001 | Política: spc
==========================================================
Args in experiment:
Namespace(random_seed=2021, is_training=1, model_id='NL_ettm2_cms3_lr0.0001_spc_336_96', model='PatchTST', data='ETTm2', root_path='./dataset/', data_path='ETTm2.csv', features='M', target='OT', freq='h', checkpoints='./checkpoints/', seq_len=336, label_len=48, pred_len=96, head_type='cms3', cms_lr=0.0001, update_policy='spc', fc_dropout=0.2, head_dropout=0.0, patch_len=16, stride=8, padding_patch='end', revin=1, affine=0, subtract_last=0, decomposition=0, kernel_size=25, individual=1, embed_type=0, enc_in=7, dec_in=7, c_out=7, d_model=128, n_heads=16, e_layers=3, d_layers=1, d_ff=256, moving_avg=25, factor=1, distil=True, dropout=0.2, embed='timeF', activation='gelu', output_attention=False, do_predict=False, num_workers=0, itr=1, train_epochs=100, batch_size=128, patience=20, learning_rate=0.0001, des='Nested_Learning', loss='mse', lradj='TST', pct_start=0.4, use_amp=False, use_gpu=True, gpu=0, use_multi_gpu=False, devices='0,1,2,3', test_flop=False)
Use GPU: cuda:0
>>>>>>>start training : NL_ettm2_cms3_lr0.0001_spc_336_96_PatchTST_ETTm2_ftM_sl336_ll48_pl96_dm128_nh16_el3_dl1_df256_fc1_ebtimeF_dtTruelr0.0001_pol_spc_Nested_Learning_0>>>>>>>>>>>>>>>>>>>>>>>>>>
train 34129
val 11425
test 11425
	iters: 100, epoch: 1 | loss: 0.3217447
	speed: 0.1221s/iter; left time: 3235.8040s
	iters: 200, epoch: 1 | loss: 0.3001854
	speed: 0.0499s/iter; left time: 1317.3984s
Epoch: 1 cost time: 13.771910905838013
Epoch: 1, Steps: 266 | Train Loss: 0.3451709 Vali Loss: 0.1489807 Test Loss: 0.2076688
Validation loss decreased (inf --> 0.148981).  Saving model ...
Updating learning rate to 4.147995783958166e-06
	iters: 100, epoch: 2 | loss: 0.2421433
	speed: 0.1377s/iter; left time: 3612.9734s
	iters: 200, epoch: 2 | loss: 0.2804109
	speed: 0.0504s/iter; left time: 1317.0182s
Epoch: 2 cost time: 13.416669368743896
Epoch: 2, Steps: 266 | Train Loss: 0.2683000 Vali Loss: 0.1319877 Test Loss: 0.1852424
Validation loss decreased (0.148981 --> 0.131988).  Saving model ...
Updating learning rate to 4.591070521163098e-06
	iters: 100, epoch: 3 | loss: 0.2258226
	speed: 0.1300s/iter; left time: 3376.1437s
	iters: 200, epoch: 3 | loss: 0.3175526
	speed: 0.0505s/iter; left time: 1305.4963s
Epoch: 3 cost time: 13.415016412734985
Epoch: 3, Steps: 266 | Train Loss: 0.2435451 Vali Loss: 0.1257396 Test Loss: 0.1756554
Validation loss decreased (0.131988 --> 0.125740).  Saving model ...
Updating learning rate to 5.326491995236255e-06
	iters: 100, epoch: 4 | loss: 0.2854235
	speed: 0.1346s/iter; left time: 3460.9005s
	iters: 200, epoch: 4 | loss: 0.2160754
	speed: 0.0505s/iter; left time: 1291.7364s
Epoch: 4 cost time: 13.420783996582031
Epoch: 4, Steps: 266 | Train Loss: 0.2290293 Vali Loss: 0.1222039 Test Loss: 0.1698337
Validation loss decreased (0.125740 --> 0.122204).  Saving model ...
Updating learning rate to 6.349725236277868e-06
	iters: 100, epoch: 5 | loss: 0.1782191
	speed: 0.1326s/iter; left time: 3374.0831s
	iters: 200, epoch: 5 | loss: 0.1945246
	speed: 0.0504s/iter; left time: 1277.0326s
Epoch: 5 cost time: 13.40959882736206
Epoch: 5, Steps: 266 | Train Loss: 0.2188146 Vali Loss: 0.1200407 Test Loss: 0.1663743
Validation loss decreased (0.122204 --> 0.120041).  Saving model ...
Updating learning rate to 7.654460485717921e-06
	iters: 100, epoch: 6 | loss: 0.1768872
	speed: 0.1251s/iter; left time: 3147.7853s
	iters: 200, epoch: 6 | loss: 0.1667287
	speed: 0.0505s/iter; left time: 1265.2004s
Epoch: 6 cost time: 13.417733192443848
Epoch: 6, Steps: 266 | Train Loss: 0.2109204 Vali Loss: 0.1196133 Test Loss: 0.1654501
Validation loss decreased (0.120041 --> 0.119613).  Saving model ...
Updating learning rate to 9.232652105385623e-06
	iters: 100, epoch: 7 | loss: 0.2285765
	speed: 0.1327s/iter; left time: 3305.5212s
	iters: 200, epoch: 7 | loss: 0.2003256
	speed: 0.0504s/iter; left time: 1251.1837s
Epoch: 7 cost time: 13.41470742225647
Epoch: 7, Steps: 266 | Train Loss: 0.2041885 Vali Loss: 0.1199075 Test Loss: 0.1671000
EarlyStopping counter: 1 out of 20
Updating learning rate to 1.1074568190864783e-05
	iters: 100, epoch: 8 | loss: 0.2676051
	speed: 0.1188s/iter; left time: 2927.5016s
	iters: 200, epoch: 8 | loss: 0.1702895
	speed: 0.0504s/iter; left time: 1236.2528s
Epoch: 8 cost time: 13.411740779876709
Epoch: 8, Steps: 266 | Train Loss: 0.1981473 Vali Loss: 0.1190873 Test Loss: 0.1664631
Validation loss decreased (0.119613 --> 0.119087).  Saving model ...
Updating learning rate to 1.316885058319476e-05
	iters: 100, epoch: 9 | loss: 0.2113567
	speed: 0.1366s/iter; left time: 3328.3656s
	iters: 200, epoch: 9 | loss: 0.1607452
	speed: 0.0504s/iter; left time: 1224.3788s
Epoch: 9 cost time: 13.438906908035278
Epoch: 9, Steps: 266 | Train Loss: 0.1923726 Vali Loss: 0.1192320 Test Loss: 0.1685271
EarlyStopping counter: 1 out of 20
Updating learning rate to 1.5502584908855415e-05
	iters: 100, epoch: 10 | loss: 0.1955996
	speed: 0.1187s/iter; left time: 2861.4976s
	iters: 200, epoch: 10 | loss: 0.2341093
	speed: 0.0504s/iter; left time: 1210.7268s
Epoch: 10 cost time: 13.412857055664062
Epoch: 10, Steps: 266 | Train Loss: 0.1871375 Vali Loss: 0.1195528 Test Loss: 0.1677843
EarlyStopping counter: 2 out of 20
Updating learning rate to 1.806138021613527e-05
	iters: 100, epoch: 11 | loss: 0.1711181
	speed: 0.1187s/iter; left time: 2830.3921s
	iters: 200, epoch: 11 | loss: 0.1423540
	speed: 0.0504s/iter; left time: 1197.1767s
Epoch: 11 cost time: 13.406993627548218
Epoch: 11, Steps: 266 | Train Loss: 0.1819934 Vali Loss: 0.1203538 Test Loss: 0.1707992
EarlyStopping counter: 3 out of 20
Updating learning rate to 2.0829457716805565e-05
	iters: 100, epoch: 12 | loss: 0.1791579
	speed: 0.1188s/iter; left time: 2801.4843s
	iters: 200, epoch: 12 | loss: 0.1705582
	speed: 0.0505s/iter; left time: 1186.5744s
Epoch: 12 cost time: 13.427406072616577
Epoch: 12, Steps: 266 | Train Loss: 0.1763149 Vali Loss: 0.1187871 Test Loss: 0.1693359
Validation loss decreased (0.119087 --> 0.118787).  Saving model ...
Updating learning rate to 2.3789748085875986e-05
	iters: 100, epoch: 13 | loss: 0.1403630
	speed: 0.1429s/iter; left time: 3330.6690s
	iters: 200, epoch: 13 | loss: 0.1376798
	speed: 0.0504s/iter; left time: 1170.2717s
Epoch: 13 cost time: 13.437994241714478
Epoch: 13, Steps: 266 | Train Loss: 0.1709141 Vali Loss: 0.1201952 Test Loss: 0.1718416
EarlyStopping counter: 1 out of 20
Updating learning rate to 2.6923996719433387e-05
	iters: 100, epoch: 14 | loss: 0.1919231
	speed: 0.1190s/iter; left time: 2741.7356s
	iters: 200, epoch: 14 | loss: 0.1568884
	speed: 0.0504s/iter; left time: 1156.9722s
Epoch: 14 cost time: 13.41273808479309
Epoch: 14, Steps: 266 | Train Loss: 0.1657593 Vali Loss: 0.1200594 Test Loss: 0.1713558
EarlyStopping counter: 2 out of 20
Updating learning rate to 3.021287630149266e-05
	iters: 100, epoch: 15 | loss: 0.1402380
	speed: 0.1190s/iter; left time: 2709.5884s
	iters: 200, epoch: 15 | loss: 0.1747930
	speed: 0.0504s/iter; left time: 1143.2998s
Epoch: 15 cost time: 13.403003931045532
Epoch: 15, Steps: 266 | Train Loss: 0.1604946 Vali Loss: 0.1209102 Test Loss: 0.1722267
EarlyStopping counter: 3 out of 20
Updating learning rate to 3.363610598571669e-05
	iters: 100, epoch: 16 | loss: 0.1850114
	speed: 0.1188s/iter; left time: 2674.8318s
	iters: 200, epoch: 16 | loss: 0.1948297
	speed: 0.0504s/iter; left time: 1129.6182s
Epoch: 16 cost time: 13.402152061462402
Epoch: 16, Steps: 266 | Train Loss: 0.1561958 Vali Loss: 0.1218724 Test Loss: 0.1750707
EarlyStopping counter: 4 out of 20
Updating learning rate to 3.717257645707274e-05
	iters: 100, epoch: 17 | loss: 0.1782678
	speed: 0.1188s/iter; left time: 2642.3282s
	iters: 200, epoch: 17 | loss: 0.1451556
	speed: 0.0504s/iter; left time: 1116.1054s
Epoch: 17 cost time: 13.400682926177979
Epoch: 17, Steps: 266 | Train Loss: 0.1515838 Vali Loss: 0.1234305 Test Loss: 0.1771566
EarlyStopping counter: 5 out of 20
Updating learning rate to 4.08004801022336e-05
	iters: 100, epoch: 18 | loss: 0.1374851
	speed: 0.1192s/iter; left time: 2620.1500s
	iters: 200, epoch: 18 | loss: 0.1686365
	speed: 0.0504s/iter; left time: 1103.1007s
Epoch: 18 cost time: 13.407498359680176
Epoch: 18, Steps: 266 | Train Loss: 0.1475757 Vali Loss: 0.1238369 Test Loss: 0.1785423
EarlyStopping counter: 6 out of 20
Updating learning rate to 4.4497445486028815e-05
	iters: 100, epoch: 19 | loss: 0.1689449
	speed: 0.1190s/iter; left time: 2584.3923s
	iters: 200, epoch: 19 | loss: 0.1446945
	speed: 0.0504s/iter; left time: 1090.2158s
Epoch: 19 cost time: 13.40607500076294
Epoch: 19, Steps: 266 | Train Loss: 0.1432381 Vali Loss: 0.1264127 Test Loss: 0.1801258
EarlyStopping counter: 7 out of 20
Updating learning rate to 4.8240675304698384e-05
	iters: 100, epoch: 20 | loss: 0.1186341
	speed: 0.1191s/iter; left time: 2555.3123s
	iters: 200, epoch: 20 | loss: 0.1533386
	speed: 0.0504s/iter; left time: 1076.3251s
Epoch: 20 cost time: 13.414873123168945
Epoch: 20, Steps: 266 | Train Loss: 0.1389706 Vali Loss: 0.1268454 Test Loss: 0.1820418
EarlyStopping counter: 8 out of 20
Updating learning rate to 5.2007086965261054e-05
	iters: 100, epoch: 21 | loss: 0.1193506
	speed: 0.1190s/iter; left time: 2520.9329s
	iters: 200, epoch: 21 | loss: 0.1679304
	speed: 0.0504s/iter; left time: 1062.3620s
Epoch: 21 cost time: 13.404448509216309
Epoch: 21, Steps: 266 | Train Loss: 0.1352750 Vali Loss: 0.1264357 Test Loss: 0.1837628
EarlyStopping counter: 9 out of 20
Updating learning rate to 5.5773454924116216e-05
	iters: 100, epoch: 22 | loss: 0.1387089
	speed: 0.1190s/iter; left time: 2489.1167s
	iters: 200, epoch: 22 | loss: 0.1087062
	speed: 0.0504s/iter; left time: 1049.3570s
Epoch: 22 cost time: 13.40458631515503
Epoch: 22, Steps: 266 | Train Loss: 0.1309417 Vali Loss: 0.1298798 Test Loss: 0.1852933
EarlyStopping counter: 10 out of 20
Updating learning rate to 5.95165539071495e-05
	iters: 100, epoch: 23 | loss: 0.1566211
	speed: 0.1190s/iter; left time: 2457.1651s
	iters: 200, epoch: 23 | loss: 0.1695645
	speed: 0.0504s/iter; left time: 1035.8041s
Epoch: 23 cost time: 13.39873480796814
Epoch: 23, Steps: 266 | Train Loss: 0.1265992 Vali Loss: 0.1302069 Test Loss: 0.1873656
EarlyStopping counter: 11 out of 20
Updating learning rate to 6.321330212817643e-05
	iters: 100, epoch: 24 | loss: 0.1165495
	speed: 0.1191s/iter; left time: 2426.8556s
	iters: 200, epoch: 24 | loss: 0.1182343
	speed: 0.0504s/iter; left time: 1022.2733s
Epoch: 24 cost time: 13.401343822479248
Epoch: 24, Steps: 266 | Train Loss: 0.1228241 Vali Loss: 0.1330400 Test Loss: 0.1892545
EarlyStopping counter: 12 out of 20
Updating learning rate to 6.684090362256924e-05
	iters: 100, epoch: 25 | loss: 0.1042800
	speed: 0.1191s/iter; left time: 2395.6150s
	iters: 200, epoch: 25 | loss: 0.1568068
	speed: 0.0504s/iter; left time: 1008.3705s
Epoch: 25 cost time: 13.405884027481079
Epoch: 25, Steps: 266 | Train Loss: 0.1191718 Vali Loss: 0.1316052 Test Loss: 0.1902051
EarlyStopping counter: 13 out of 20
Updating learning rate to 7.037698881836747e-05
	iters: 100, epoch: 26 | loss: 0.1119642
	speed: 0.1191s/iter; left time: 2364.3569s
	iters: 200, epoch: 26 | loss: 0.1231080
	speed: 0.0504s/iter; left time: 995.4378s
Epoch: 26 cost time: 13.407889604568481
Epoch: 26, Steps: 266 | Train Loss: 0.1156091 Vali Loss: 0.1336391 Test Loss: 0.1922659
EarlyStopping counter: 14 out of 20
Updating learning rate to 7.379975247804219e-05
	iters: 100, epoch: 27 | loss: 0.1078549
	speed: 0.1170s/iter; left time: 2292.1747s
	iters: 200, epoch: 27 | loss: 0.1321018
	speed: 0.0485s/iter; left time: 944.8841s
Epoch: 27 cost time: 12.883400440216064
Epoch: 27, Steps: 266 | Train Loss: 0.1114466 Vali Loss: 0.1353186 Test Loss: 0.1940809
EarlyStopping counter: 15 out of 20
Updating learning rate to 7.70880881602968e-05
	iters: 100, epoch: 28 | loss: 0.1135017
	speed: 0.1159s/iter; left time: 2238.5545s
	iters: 200, epoch: 28 | loss: 0.1222830
	speed: 0.0485s/iter; left time: 932.2456s
Epoch: 28 cost time: 12.885744094848633
Epoch: 28, Steps: 266 | Train Loss: 0.1076243 Vali Loss: 0.1371150 Test Loss: 0.1970037
EarlyStopping counter: 16 out of 20
Updating learning rate to 8.02217183727475e-05
	iters: 100, epoch: 29 | loss: 0.0892915
	speed: 0.1177s/iter; left time: 2243.2401s
	iters: 200, epoch: 29 | loss: 0.0868204
	speed: 0.0504s/iter; left time: 955.3043s
Epoch: 29 cost time: 13.400803565979004
Epoch: 29, Steps: 266 | Train Loss: 0.1039931 Vali Loss: 0.1383430 Test Loss: 0.1995042
EarlyStopping counter: 17 out of 20
Updating learning rate to 8.318131961289731e-05
	iters: 100, epoch: 30 | loss: 0.1019996
	speed: 0.1189s/iter; left time: 2233.1524s
	iters: 200, epoch: 30 | loss: 0.0980677
	speed: 0.0504s/iter; left time: 941.7958s
Epoch: 30 cost time: 13.396199703216553
Epoch: 30, Steps: 266 | Train Loss: 0.1009383 Vali Loss: 0.1421842 Test Loss: 0.2017914
EarlyStopping counter: 18 out of 20
Updating learning rate to 8.59486415263404e-05
	iters: 100, epoch: 31 | loss: 0.0850951
	speed: 0.1190s/iter; left time: 2203.3886s
	iters: 200, epoch: 31 | loss: 0.1373060
	speed: 0.0504s/iter; left time: 928.2123s
Epoch: 31 cost time: 13.402543067932129
Epoch: 31, Steps: 266 | Train Loss: 0.0974604 Vali Loss: 0.1429617 Test Loss: 0.2038278
EarlyStopping counter: 19 out of 20
Updating learning rate to 8.850661944740828e-05
	iters: 100, epoch: 32 | loss: 0.1145654
	speed: 0.1191s/iter; left time: 2173.7137s
	iters: 200, epoch: 32 | loss: 0.1015608
	speed: 0.0504s/iter; left time: 914.5718s
Epoch: 32 cost time: 13.405193090438843
Epoch: 32, Steps: 266 | Train Loss: 0.0940798 Vali Loss: 0.1468760 Test Loss: 0.2056196
EarlyStopping counter: 20 out of 20
Early stopping
>>>>>>>testing : NL_ettm2_cms3_lr0.0001_spc_336_96_PatchTST_ETTm2_ftM_sl336_ll48_pl96_dm128_nh16_el3_dl1_df256_fc1_ebtimeF_dtTruelr0.0001_pol_spc_Nested_Learning_0<<<<<<<<<<<<<<<<<<<<<<<<<<<<<<<<<
test 11425
 Ejecutando Inferencia DINÁMICA (Nested Learning con cms3)
  -> Política: spc | LR: 0.0001 | Target: head

RESUMEN: El CMS se actualizó 17 veces de 89 posibles.

mse:0.17058871686458588, mae:0.25442031025886536, rse:0.33459603786468506
Args in experiment:
Namespace(random_seed=2021, is_training=1, model_id='NL_ettm2_cms3_lr0.0001_spc_336_192', model='PatchTST', data='ETTm2', root_path='./dataset/', data_path='ETTm2.csv', features='M', target='OT', freq='h', checkpoints='./checkpoints/', seq_len=336, label_len=48, pred_len=192, head_type='cms3', cms_lr=0.0001, update_policy='spc', fc_dropout=0.2, head_dropout=0.0, patch_len=16, stride=8, padding_patch='end', revin=1, affine=0, subtract_last=0, decomposition=0, kernel_size=25, individual=1, embed_type=0, enc_in=7, dec_in=7, c_out=7, d_model=128, n_heads=16, e_layers=3, d_layers=1, d_ff=256, moving_avg=25, factor=1, distil=True, dropout=0.2, embed='timeF', activation='gelu', output_attention=False, do_predict=False, num_workers=0, itr=1, train_epochs=100, batch_size=128, patience=20, learning_rate=0.0001, des='Nested_Learning', loss='mse', lradj='TST', pct_start=0.4, use_amp=False, use_gpu=True, gpu=0, use_multi_gpu=False, devices='0,1,2,3', test_flop=False)
Use GPU: cuda:0
>>>>>>>start training : NL_ettm2_cms3_lr0.0001_spc_336_192_PatchTST_ETTm2_ftM_sl336_ll48_pl192_dm128_nh16_el3_dl1_df256_fc1_ebtimeF_dtTruelr0.0001_pol_spc_Nested_Learning_0>>>>>>>>>>>>>>>>>>>>>>>>>>
train 34033
val 11329
test 11329
	iters: 100, epoch: 1 | loss: 0.3304872
	speed: 0.1109s/iter; left time: 2928.8121s
	iters: 200, epoch: 1 | loss: 0.2481265
	speed: 0.0504s/iter; left time: 1325.7217s
Epoch: 1 cost time: 13.72505235671997
Epoch: 1, Steps: 265 | Train Loss: 0.4157533 Vali Loss: 0.1874916 Test Loss: 0.2556110
Validation loss decreased (inf --> 0.187492).  Saving model ...
Updating learning rate to 4.147995888890545e-06
	iters: 100, epoch: 2 | loss: 0.3042463
	speed: 0.1423s/iter; left time: 3718.1093s
	iters: 200, epoch: 2 | loss: 0.3166667
	speed: 0.0504s/iter; left time: 1312.6912s
Epoch: 2 cost time: 13.37239933013916
Epoch: 2, Steps: 265 | Train Loss: 0.3460962 Vali Loss: 0.1715708 Test Loss: 0.2378309
Validation loss decreased (0.187492 --> 0.171571).  Saving model ...
Updating learning rate to 4.591070939598485e-06
	iters: 100, epoch: 3 | loss: 0.3367131
	speed: 0.1318s/iter; left time: 3409.4412s
	iters: 200, epoch: 3 | loss: 0.2679885
	speed: 0.0506s/iter; left time: 1304.9656s
Epoch: 3 cost time: 13.415135860443115
Epoch: 3, Steps: 265 | Train Loss: 0.3235360 Vali Loss: 0.1652372 Test Loss: 0.2296084
Validation loss decreased (0.171571 --> 0.165237).  Saving model ...
Updating learning rate to 5.326492931874866e-06
	iters: 100, epoch: 4 | loss: 0.3011708
	speed: 0.1395s/iter; left time: 3572.5181s
	iters: 200, epoch: 4 | loss: 0.2996511
	speed: 0.0507s/iter; left time: 1292.0421s
Epoch: 4 cost time: 13.422626495361328
Epoch: 4, Steps: 265 | Train Loss: 0.3091485 Vali Loss: 0.1620238 Test Loss: 0.2252427
Validation loss decreased (0.165237 --> 0.162024).  Saving model ...
Updating learning rate to 6.349726889409005e-06
	iters: 100, epoch: 5 | loss: 0.3023719
	speed: 0.1379s/iter; left time: 3495.3535s
	iters: 200, epoch: 5 | loss: 0.1847666
	speed: 0.0507s/iter; left time: 1280.7796s
Epoch: 5 cost time: 13.441308498382568
Epoch: 5, Steps: 265 | Train Loss: 0.2971912 Vali Loss: 0.1605929 Test Loss: 0.2227643
Validation loss decreased (0.162024 --> 0.160593).  Saving model ...
Updating learning rate to 7.654463044738896e-06
	iters: 100, epoch: 6 | loss: 0.2249354
	speed: 0.1496s/iter; left time: 3750.7286s
	iters: 200, epoch: 6 | loss: 0.3935080
	speed: 0.0506s/iter; left time: 1264.1426s
Epoch: 6 cost time: 13.426085472106934
Epoch: 6, Steps: 265 | Train Loss: 0.2856210 Vali Loss: 0.1603428 Test Loss: 0.2228785
Validation loss decreased (0.160593 --> 0.160343).  Saving model ...
Updating learning rate to 9.232655748403029e-06
	iters: 100, epoch: 7 | loss: 0.2364925
	speed: 0.1498s/iter; left time: 3716.4424s
	iters: 200, epoch: 7 | loss: 0.2871598
	speed: 0.0505s/iter; left time: 1248.8439s
Epoch: 7 cost time: 13.422237396240234
Epoch: 7, Steps: 265 | Train Loss: 0.2756986 Vali Loss: 0.1611453 Test Loss: 0.2255184
EarlyStopping counter: 1 out of 20
Updating learning rate to 1.107457308240065e-05
	iters: 100, epoch: 8 | loss: 0.3203401
	speed: 0.1195s/iter; left time: 2932.0857s
	iters: 200, epoch: 8 | loss: 0.2968616
	speed: 0.0513s/iter; left time: 1253.8099s
Epoch: 8 cost time: 13.528650760650635
Epoch: 8, Steps: 265 | Train Loss: 0.2678592 Vali Loss: 0.1602383 Test Loss: 0.2258021
Validation loss decreased (0.160343 --> 0.160238).  Saving model ...
Updating learning rate to 1.3168856872018862e-05
	iters: 100, epoch: 9 | loss: 0.2763732
	speed: 0.1600s/iter; left time: 3885.6018s
	iters: 200, epoch: 9 | loss: 0.2836034
	speed: 0.0506s/iter; left time: 1222.7321s
Epoch: 9 cost time: 13.426765203475952
Epoch: 9, Steps: 265 | Train Loss: 0.2598627 Vali Loss: 0.1605861 Test Loss: 0.2277011
EarlyStopping counter: 1 out of 20
Updating learning rate to 1.550259272596464e-05
	iters: 100, epoch: 10 | loss: 0.2310637
	speed: 0.1199s/iter; left time: 2879.3028s
	iters: 200, epoch: 10 | loss: 0.2476892
	speed: 0.0511s/iter; left time: 1221.3810s
Epoch: 10 cost time: 13.526623725891113
Epoch: 10, Steps: 265 | Train Loss: 0.2524478 Vali Loss: 0.1614248 Test Loss: 0.2299308
EarlyStopping counter: 2 out of 20
Updating learning rate to 1.806138967289881e-05
	iters: 100, epoch: 11 | loss: 0.2423037
	speed: 0.1202s/iter; left time: 2855.5439s
	iters: 200, epoch: 11 | loss: 0.2355985
	speed: 0.0512s/iter; left time: 1210.0442s
Epoch: 11 cost time: 13.55116057395935
Epoch: 11, Steps: 265 | Train Loss: 0.2448193 Vali Loss: 0.1620949 Test Loss: 0.2282420
EarlyStopping counter: 3 out of 20
Updating learning rate to 2.0829468903294163e-05
	iters: 100, epoch: 12 | loss: 0.2124203
	speed: 0.1204s/iter; left time: 2827.7249s
	iters: 200, epoch: 12 | loss: 0.1899564
	speed: 0.0514s/iter; left time: 1201.6984s
Epoch: 12 cost time: 13.568370580673218
Epoch: 12, Steps: 265 | Train Loss: 0.2367842 Vali Loss: 0.1619252 Test Loss: 0.2304651
EarlyStopping counter: 4 out of 20
Updating learning rate to 2.3789761069391508e-05
	iters: 100, epoch: 13 | loss: 0.2096057
	speed: 0.1203s/iter; left time: 2794.0543s
	iters: 200, epoch: 13 | loss: 0.2274838
	speed: 0.0513s/iter; left time: 1186.3515s
Epoch: 13 cost time: 13.574676990509033
Epoch: 13, Steps: 265 | Train Loss: 0.2289104 Vali Loss: 0.1618978 Test Loss: 0.2302418
EarlyStopping counter: 5 out of 20
Updating learning rate to 2.692401154325343e-05
	iters: 100, epoch: 14 | loss: 0.1932920
	speed: 0.1206s/iter; left time: 2767.9686s
	iters: 200, epoch: 14 | loss: 0.1735552
	speed: 0.0512s/iter; left time: 1171.1566s
Epoch: 14 cost time: 13.566216230392456
Epoch: 14, Steps: 265 | Train Loss: 0.2212039 Vali Loss: 0.1645757 Test Loss: 0.2347780
EarlyStopping counter: 6 out of 20
Updating learning rate to 3.0212892983843068e-05
	iters: 100, epoch: 15 | loss: 0.2259952
	speed: 0.1205s/iter; left time: 2734.6475s
	iters: 200, epoch: 15 | loss: 0.2193935
	speed: 0.0513s/iter; left time: 1158.9126s
Epoch: 15 cost time: 13.573366641998291
Epoch: 15, Steps: 265 | Train Loss: 0.2138827 Vali Loss: 0.1644405 Test Loss: 0.2383151
EarlyStopping counter: 7 out of 20
Updating learning rate to 3.3636124518983084e-05
	iters: 100, epoch: 16 | loss: 0.1876395
	speed: 0.1204s/iter; left time: 2700.4539s
	iters: 200, epoch: 16 | loss: 0.2164571
	speed: 0.0512s/iter; left time: 1144.0177s
Epoch: 16 cost time: 13.573927640914917
Epoch: 16, Steps: 265 | Train Loss: 0.2072483 Vali Loss: 0.1665765 Test Loss: 0.2390489
EarlyStopping counter: 8 out of 20
Updating learning rate to 3.717259680726015e-05
	iters: 100, epoch: 17 | loss: 0.2141823
	speed: 0.1205s/iter; left time: 2670.1806s
	iters: 200, epoch: 17 | loss: 0.1895025
	speed: 0.0512s/iter; left time: 1129.8485s
Epoch: 17 cost time: 13.567202806472778
Epoch: 17, Steps: 265 | Train Loss: 0.2002413 Vali Loss: 0.1674421 Test Loss: 0.2453931
EarlyStopping counter: 9 out of 20
Updating learning rate to 4.080050220868085e-05
	iters: 100, epoch: 18 | loss: 0.2054556
	speed: 0.1206s/iter; left time: 2641.7077s
	iters: 200, epoch: 18 | loss: 0.2019209
	speed: 0.0513s/iter; left time: 1117.2139s
Epoch: 18 cost time: 13.567183494567871
Epoch: 18, Steps: 265 | Train Loss: 0.1944146 Vali Loss: 0.1694273 Test Loss: 0.2478996
EarlyStopping counter: 10 out of 20
Updating learning rate to 4.449746926138297e-05
	iters: 100, epoch: 19 | loss: 0.1730747
	speed: 0.1204s/iter; left time: 2604.7637s
	iters: 200, epoch: 19 | loss: 0.2057246
	speed: 0.0512s/iter; left time: 1103.4079s
Epoch: 19 cost time: 13.548785209655762
Epoch: 19, Steps: 265 | Train Loss: 0.1880242 Vali Loss: 0.1696020 Test Loss: 0.2489232
EarlyStopping counter: 11 out of 20
Updating learning rate to 4.824070063515135e-05
	iters: 100, epoch: 20 | loss: 0.1719929
	speed: 0.1206s/iter; left time: 2575.9101s
	iters: 200, epoch: 20 | loss: 0.1891370
	speed: 0.0512s/iter; left time: 1088.0195s
Epoch: 20 cost time: 13.552619218826294
Epoch: 20, Steps: 265 | Train Loss: 0.1826045 Vali Loss: 0.1721511 Test Loss: 0.2533668
EarlyStopping counter: 12 out of 20
Updating learning rate to 5.200711371104918e-05
	iters: 100, epoch: 21 | loss: 0.1997739
	speed: 0.1206s/iter; left time: 2545.7176s
	iters: 200, epoch: 21 | loss: 0.1913660
	speed: 0.0511s/iter; left time: 1073.6033s
Epoch: 21 cost time: 13.550363063812256
Epoch: 21, Steps: 265 | Train Loss: 0.1766991 Vali Loss: 0.1727122 Test Loss: 0.2549514
EarlyStopping counter: 13 out of 20
Updating learning rate to 5.577348292028073e-05
	iters: 100, epoch: 22 | loss: 0.1416335
	speed: 0.1207s/iter; left time: 2515.9304s
	iters: 200, epoch: 22 | loss: 0.1834980
	speed: 0.0512s/iter; left time: 1061.6266s
Epoch: 22 cost time: 13.56938910484314
Epoch: 22, Steps: 265 | Train Loss: 0.1723393 Vali Loss: 0.1762457 Test Loss: 0.2625266
EarlyStopping counter: 14 out of 20
Updating learning rate to 5.9516582964553954e-05
	iters: 100, epoch: 23 | loss: 0.1636676
	speed: 0.1208s/iter; left time: 2484.1350s
	iters: 200, epoch: 23 | loss: 0.2158716
	speed: 0.0514s/iter; left time: 1051.9445s
Epoch: 23 cost time: 13.58849310874939
Epoch: 23, Steps: 265 | Train Loss: 0.1668238 Vali Loss: 0.1765050 Test Loss: 0.2619174
EarlyStopping counter: 15 out of 20
Updating learning rate to 6.321333203477474e-05
	iters: 100, epoch: 24 | loss: 0.1654255
	speed: 0.1208s/iter; left time: 2453.3922s
	iters: 200, epoch: 24 | loss: 0.1605038
	speed: 0.0514s/iter; left time: 1038.9653s
Epoch: 24 cost time: 13.612006425857544
Epoch: 24, Steps: 265 | Train Loss: 0.1614519 Vali Loss: 0.1784106 Test Loss: 0.2714879
EarlyStopping counter: 16 out of 20
Updating learning rate to 6.684093414491588e-05
	iters: 100, epoch: 25 | loss: 0.1458760
	speed: 0.1212s/iter; left time: 2428.6989s
	iters: 200, epoch: 25 | loss: 0.1436476
	speed: 0.0515s/iter; left time: 1026.1718s
Epoch: 25 cost time: 13.62591290473938
Epoch: 25, Steps: 265 | Train Loss: 0.1566346 Vali Loss: 0.1803867 Test Loss: 0.2698419
EarlyStopping counter: 17 out of 20
Updating learning rate to 7.037701970335941e-05
	iters: 100, epoch: 26 | loss: 0.1421903
	speed: 0.1212s/iter; left time: 2397.3816s
	iters: 200, epoch: 26 | loss: 0.1239109
	speed: 0.0515s/iter; left time: 1014.1278s
Epoch: 26 cost time: 13.632039308547974
Epoch: 26, Steps: 265 | Train Loss: 0.1516297 Vali Loss: 0.1844940 Test Loss: 0.2744004
EarlyStopping counter: 18 out of 20
Updating learning rate to 7.379978345487968e-05
	iters: 100, epoch: 27 | loss: 0.1382722
	speed: 0.1213s/iter; left time: 2365.8377s
	iters: 200, epoch: 27 | loss: 0.1373321
	speed: 0.0515s/iter; left time: 999.6686s
Epoch: 27 cost time: 13.641841650009155
Epoch: 27, Steps: 265 | Train Loss: 0.1474827 Vali Loss: 0.1844726 Test Loss: 0.2773876
EarlyStopping counter: 19 out of 20
Updating learning rate to 7.70881189426489e-05
	iters: 100, epoch: 28 | loss: 0.1222542
	speed: 0.1214s/iter; left time: 2337.1181s
	iters: 200, epoch: 28 | loss: 0.1322852
	speed: 0.0516s/iter; left time: 988.7031s
Epoch: 28 cost time: 13.664517164230347
Epoch: 28, Steps: 265 | Train Loss: 0.1420087 Vali Loss: 0.1866019 Test Loss: 0.2784850
EarlyStopping counter: 20 out of 20
Early stopping
>>>>>>>testing : NL_ettm2_cms3_lr0.0001_spc_336_192_PatchTST_ETTm2_ftM_sl336_ll48_pl192_dm128_nh16_el3_dl1_df256_fc1_ebtimeF_dtTruelr0.0001_pol_spc_Nested_Learning_0<<<<<<<<<<<<<<<<<<<<<<<<<<<<<<<<<
test 11329
 Ejecutando Inferencia DINÁMICA (Nested Learning con cms3)
  -> Política: spc | LR: 0.0001 | Target: head

RESUMEN: El CMS se actualizó 17 veces de 88 posibles.

mse:0.2265549749135971, mae:0.2950718402862549, rse:0.38467612862586975
Args in experiment:
Namespace(random_seed=2021, is_training=1, model_id='NL_ettm2_cms3_lr0.0001_spc_336_336', model='PatchTST', data='ETTm2', root_path='./dataset/', data_path='ETTm2.csv', features='M', target='OT', freq='h', checkpoints='./checkpoints/', seq_len=336, label_len=48, pred_len=336, head_type='cms3', cms_lr=0.0001, update_policy='spc', fc_dropout=0.2, head_dropout=0.0, patch_len=16, stride=8, padding_patch='end', revin=1, affine=0, subtract_last=0, decomposition=0, kernel_size=25, individual=1, embed_type=0, enc_in=7, dec_in=7, c_out=7, d_model=128, n_heads=16, e_layers=3, d_layers=1, d_ff=256, moving_avg=25, factor=1, distil=True, dropout=0.2, embed='timeF', activation='gelu', output_attention=False, do_predict=False, num_workers=0, itr=1, train_epochs=100, batch_size=128, patience=20, learning_rate=0.0001, des='Nested_Learning', loss='mse', lradj='TST', pct_start=0.4, use_amp=False, use_gpu=True, gpu=0, use_multi_gpu=False, devices='0,1,2,3', test_flop=False)
Use GPU: cuda:0
>>>>>>>start training : NL_ettm2_cms3_lr0.0001_spc_336_336_PatchTST_ETTm2_ftM_sl336_ll48_pl336_dm128_nh16_el3_dl1_df256_fc1_ebtimeF_dtTruelr0.0001_pol_spc_Nested_Learning_0>>>>>>>>>>>>>>>>>>>>>>>>>>
train 33889
val 11185
test 11185
	iters: 100, epoch: 1 | loss: 0.7143223
	speed: 0.1590s/iter; left time: 4181.2259s
	iters: 200, epoch: 1 | loss: 0.5332626
	speed: 0.0520s/iter; left time: 1363.1788s
Epoch: 1 cost time: 14.024110078811646
Epoch: 1, Steps: 264 | Train Loss: 0.4878498 Vali Loss: 0.2280162 Test Loss: 0.3064428
Validation loss decreased (inf --> 0.228016).  Saving model ...
Updating learning rate to 4.147995994617984e-06
	iters: 100, epoch: 2 | loss: 0.3843525
	speed: 0.1439s/iter; left time: 3746.9833s
	iters: 200, epoch: 2 | loss: 0.2850120
	speed: 0.0528s/iter; left time: 1369.6441s
Epoch: 2 cost time: 13.944482803344727
Epoch: 2, Steps: 264 | Train Loss: 0.4289945 Vali Loss: 0.2139111 Test Loss: 0.2911857
Validation loss decreased (0.228016 --> 0.213911).  Saving model ...
Updating learning rate to 4.591071361204269e-06
	iters: 100, epoch: 3 | loss: 0.5488699
	speed: 0.1528s/iter; left time: 3938.0889s
	iters: 200, epoch: 3 | loss: 0.3416140
	speed: 0.0529s/iter; left time: 1358.8435s
Epoch: 3 cost time: 13.973674535751343
Epoch: 3, Steps: 264 | Train Loss: 0.4074337 Vali Loss: 0.2093853 Test Loss: 0.2832989
Validation loss decreased (0.213911 --> 0.209385).  Saving model ...
Updating learning rate to 5.3264938756102174e-06
	iters: 100, epoch: 4 | loss: 0.4045234
	speed: 0.1457s/iter; left time: 3717.3285s
	iters: 200, epoch: 4 | loss: 0.3056520
	speed: 0.0533s/iter; left time: 1355.3458s
Epoch: 4 cost time: 14.06899619102478
Epoch: 4, Steps: 264 | Train Loss: 0.3911278 Vali Loss: 0.2058815 Test Loss: 0.2802793
Validation loss decreased (0.209385 --> 0.205882).  Saving model ...
Updating learning rate to 6.349728555065631e-06
	iters: 100, epoch: 5 | loss: 0.3149292
	speed: 0.1463s/iter; left time: 3694.0236s
	iters: 200, epoch: 5 | loss: 0.3580702
	speed: 0.0535s/iter; left time: 1344.3716s
Epoch: 5 cost time: 14.104321479797363
Epoch: 5, Steps: 264 | Train Loss: 0.3743631 Vali Loss: 0.2067997 Test Loss: 0.2791940
EarlyStopping counter: 1 out of 20
Updating learning rate to 7.654465623149092e-06
	iters: 100, epoch: 6 | loss: 0.3370383
	speed: 0.1258s/iter; left time: 3143.5891s
	iters: 200, epoch: 6 | loss: 0.4466012
	speed: 0.0538s/iter; left time: 1339.0484s
Epoch: 6 cost time: 14.088738679885864
Epoch: 6, Steps: 264 | Train Loss: 0.3607124 Vali Loss: 0.2075011 Test Loss: 0.2803895
EarlyStopping counter: 2 out of 20
Updating learning rate to 9.232659419022894e-06
	iters: 100, epoch: 7 | loss: 0.3628280
	speed: 0.1247s/iter; left time: 3081.5282s
	iters: 200, epoch: 7 | loss: 0.3721838
	speed: 0.0516s/iter; left time: 1269.6842s
Epoch: 7 cost time: 13.748464107513428
Epoch: 7, Steps: 264 | Train Loss: 0.3480550 Vali Loss: 0.2075485 Test Loss: 0.2818472
EarlyStopping counter: 3 out of 20
Updating learning rate to 1.1074578010998666e-05
	iters: 100, epoch: 8 | loss: 0.4570380
	speed: 0.1262s/iter; left time: 3085.4623s
	iters: 200, epoch: 8 | loss: 0.3115361
	speed: 0.0541s/iter; left time: 1318.5894s
Epoch: 8 cost time: 14.263528108596802
Epoch: 8, Steps: 264 | Train Loss: 0.3376710 Vali Loss: 0.2074381 Test Loss: 0.2831484
EarlyStopping counter: 4 out of 20
Updating learning rate to 1.3168863208492038e-05
	iters: 100, epoch: 9 | loss: 0.3334291
	speed: 0.1275s/iter; left time: 3084.9768s
	iters: 200, epoch: 9 | loss: 0.2783605
	speed: 0.0541s/iter; left time: 1303.8826s
Epoch: 9 cost time: 14.273401737213135
Epoch: 9, Steps: 264 | Train Loss: 0.3274794 Vali Loss: 0.2056770 Test Loss: 0.2847421
Validation loss decreased (0.205882 --> 0.205677).  Saving model ...
Updating learning rate to 1.5502600602302323e-05
	iters: 100, epoch: 10 | loss: 0.2889160
	speed: 0.1501s/iter; left time: 3591.2035s
	iters: 200, epoch: 10 | loss: 0.3462569
	speed: 0.0540s/iter; left time: 1285.6320s
Epoch: 10 cost time: 14.185247659683228
Epoch: 10, Steps: 264 | Train Loss: 0.3168011 Vali Loss: 0.2076485 Test Loss: 0.2843937
EarlyStopping counter: 1 out of 20
Updating learning rate to 1.8061399201313948e-05
	iters: 100, epoch: 11 | loss: 0.3465680
	speed: 0.1271s/iter; left time: 3006.6145s
	iters: 200, epoch: 11 | loss: 0.2508414
	speed: 0.0543s/iter; left time: 1280.3733s
Epoch: 11 cost time: 14.323322057723999
Epoch: 11, Steps: 264 | Train Loss: 0.3063339 Vali Loss: 0.2083049 Test Loss: 0.2834145
EarlyStopping counter: 2 out of 20
Updating learning rate to 2.08294801745399e-05
	iters: 100, epoch: 12 | loss: 0.2659221
	speed: 0.1269s/iter; left time: 2967.9577s
	iters: 200, epoch: 12 | loss: 0.3258112
	speed: 0.0544s/iter; left time: 1267.5293s
Epoch: 12 cost time: 14.334383010864258
Epoch: 12, Steps: 264 | Train Loss: 0.2956188 Vali Loss: 0.2105838 Test Loss: 0.2838786
EarlyStopping counter: 3 out of 20
Updating learning rate to 2.378977415127951e-05
	iters: 100, epoch: 13 | loss: 0.2646084
	speed: 0.1272s/iter; left time: 2943.2400s
	iters: 200, epoch: 13 | loss: 0.2917910
	speed: 0.0544s/iter; left time: 1252.3475s
Epoch: 13 cost time: 14.330613374710083
Epoch: 13, Steps: 264 | Train Loss: 0.2851285 Vali Loss: 0.2134769 Test Loss: 0.2854391
EarlyStopping counter: 4 out of 20
Updating learning rate to 2.6924026479389104e-05
	iters: 100, epoch: 14 | loss: 0.3228692
	speed: 0.1270s/iter; left time: 2905.0261s
	iters: 200, epoch: 14 | loss: 0.2415846
	speed: 0.0543s/iter; left time: 1236.1124s
Epoch: 14 cost time: 14.338372945785522
Epoch: 14, Steps: 264 | Train Loss: 0.2750619 Vali Loss: 0.2170261 Test Loss: 0.2905849
EarlyStopping counter: 5 out of 20
Updating learning rate to 3.0212909792590238e-05
	iters: 100, epoch: 15 | loss: 0.3143404
	speed: 0.1270s/iter; left time: 2871.6958s
	iters: 200, epoch: 15 | loss: 0.2783258
	speed: 0.0544s/iter; left time: 1223.4156s
Epoch: 15 cost time: 14.320675134658813
Epoch: 15, Steps: 264 | Train Loss: 0.2652270 Vali Loss: 0.2176680 Test Loss: 0.2964437
EarlyStopping counter: 6 out of 20
Updating learning rate to 3.363614319266957e-05
	iters: 100, epoch: 16 | loss: 0.2755929
	speed: 0.1277s/iter; left time: 2854.0181s
	iters: 200, epoch: 16 | loss: 0.2801483
	speed: 0.0543s/iter; left time: 1206.9232s
Epoch: 16 cost time: 14.29604983329773
Epoch: 16, Steps: 264 | Train Loss: 0.2563850 Vali Loss: 0.2180982 Test Loss: 0.3011538
EarlyStopping counter: 7 out of 20
Updating learning rate to 3.7172617311633196e-05
	iters: 100, epoch: 17 | loss: 0.2063421
	speed: 0.1278s/iter; left time: 2821.7412s
	iters: 200, epoch: 17 | loss: 0.2431656
	speed: 0.0543s/iter; left time: 1193.7952s
Epoch: 17 cost time: 14.319917440414429
Epoch: 17, Steps: 264 | Train Loss: 0.2476990 Vali Loss: 0.2191646 Test Loss: 0.2980610
EarlyStopping counter: 8 out of 20
Updating learning rate to 4.0800524482619576e-05
	iters: 100, epoch: 18 | loss: 0.2278395
	speed: 0.1272s/iter; left time: 2774.5306s
	iters: 200, epoch: 18 | loss: 0.2621053
	speed: 0.0543s/iter; left time: 1178.3839s
Epoch: 18 cost time: 14.33848524093628
Epoch: 18, Steps: 264 | Train Loss: 0.2400208 Vali Loss: 0.2222150 Test Loss: 0.3040348
EarlyStopping counter: 9 out of 20
Updating learning rate to 4.449749321687241e-05
	iters: 100, epoch: 19 | loss: 0.2230166
	speed: 0.1272s/iter; left time: 2740.8539s
	iters: 200, epoch: 19 | loss: 0.2455661
	speed: 0.0543s/iter; left time: 1164.0984s
Epoch: 19 cost time: 14.320374965667725
Epoch: 19, Steps: 264 | Train Loss: 0.2325720 Vali Loss: 0.2223917 Test Loss: 0.3109932
EarlyStopping counter: 10 out of 20
Updating learning rate to 4.824072615752094e-05
	iters: 100, epoch: 20 | loss: 0.2462501
	speed: 0.1271s/iter; left time: 2706.3871s
	iters: 200, epoch: 20 | loss: 0.2317099
	speed: 0.0542s/iter; left time: 1148.4048s
Epoch: 20 cost time: 14.327075004577637
Epoch: 20, Steps: 264 | Train Loss: 0.2255986 Vali Loss: 0.2264212 Test Loss: 0.3127371
EarlyStopping counter: 11 out of 20
Updating learning rate to 5.200714065947608e-05
	iters: 100, epoch: 21 | loss: 0.2055394
	speed: 0.1272s/iter; left time: 2673.3454s
	iters: 200, epoch: 21 | loss: 0.1871725
	speed: 0.0544s/iter; left time: 1137.5593s
Epoch: 21 cost time: 14.336700677871704
Epoch: 21, Steps: 264 | Train Loss: 0.2188519 Vali Loss: 0.2280179 Test Loss: 0.3192578
EarlyStopping counter: 12 out of 20
Updating learning rate to 5.577351112855618e-05
	iters: 100, epoch: 22 | loss: 0.1709925
	speed: 0.1271s/iter; left time: 2637.2567s
	iters: 200, epoch: 22 | loss: 0.2090337
	speed: 0.0544s/iter; left time: 1123.4817s
Epoch: 22 cost time: 14.327202081680298
Epoch: 22, Steps: 264 | Train Loss: 0.2122719 Vali Loss: 0.2280113 Test Loss: 0.3257762
EarlyStopping counter: 13 out of 20
Updating learning rate to 5.951661224210828e-05
	iters: 100, epoch: 23 | loss: 0.2181052
	speed: 0.1271s/iter; left time: 2604.6191s
	iters: 200, epoch: 23 | loss: 0.2109905
	speed: 0.0542s/iter; left time: 1106.1707s
Epoch: 23 cost time: 14.310606718063354
Epoch: 23, Steps: 264 | Train Loss: 0.2065686 Vali Loss: 0.2284983 Test Loss: 0.3268949
EarlyStopping counter: 14 out of 20
Updating learning rate to 6.321336216795497e-05
	iters: 100, epoch: 24 | loss: 0.2003661
	speed: 0.1268s/iter; left time: 2564.9717s
	iters: 200, epoch: 24 | loss: 0.1988968
	speed: 0.0543s/iter; left time: 1092.6811s
Epoch: 24 cost time: 14.314431190490723
Epoch: 24, Steps: 264 | Train Loss: 0.2006933 Vali Loss: 0.2299546 Test Loss: 0.3285232
EarlyStopping counter: 15 out of 20
Updating learning rate to 6.684096489850761e-05
	iters: 100, epoch: 25 | loss: 0.1787487
	speed: 0.1270s/iter; left time: 2535.1247s
	iters: 200, epoch: 25 | loss: 0.1783952
	speed: 0.0543s/iter; left time: 1078.7297s
Epoch: 25 cost time: 14.315245866775513
Epoch: 25, Steps: 264 | Train Loss: 0.1947840 Vali Loss: 0.2357137 Test Loss: 0.3365887
EarlyStopping counter: 16 out of 20
Updating learning rate to 7.03770508223417e-05
	iters: 100, epoch: 26 | loss: 0.2323459
	speed: 0.1270s/iter; left time: 2501.6814s
	iters: 200, epoch: 26 | loss: 0.1626954
	speed: 0.0543s/iter; left time: 1064.8113s
Epoch: 26 cost time: 14.30556607246399
Epoch: 26, Steps: 264 | Train Loss: 0.1893704 Vali Loss: 0.2380489 Test Loss: 0.3422310
EarlyStopping counter: 17 out of 20
Updating learning rate to 7.379981466640088e-05
	iters: 100, epoch: 27 | loss: 0.1558626
	speed: 0.1268s/iter; left time: 2465.0078s
	iters: 200, epoch: 27 | loss: 0.1690922
	speed: 0.0542s/iter; left time: 1049.0285s
Epoch: 27 cost time: 14.318910121917725
Epoch: 27, Steps: 264 | Train Loss: 0.1843013 Vali Loss: 0.2403368 Test Loss: 0.3443134
EarlyStopping counter: 18 out of 20
Updating learning rate to 7.708814995820833e-05
	iters: 100, epoch: 28 | loss: 0.1787536
	speed: 0.1271s/iter; left time: 2436.0616s
	iters: 200, epoch: 28 | loss: 0.2099889
	speed: 0.0542s/iter; left time: 1033.9401s
Epoch: 28 cost time: 14.301945447921753
Epoch: 28, Steps: 264 | Train Loss: 0.1789771 Vali Loss: 0.2396231 Test Loss: 0.3484858
EarlyStopping counter: 19 out of 20
Updating learning rate to 8.022177917892456e-05
	iters: 100, epoch: 29 | loss: 0.1783585
	speed: 0.1270s/iter; left time: 2400.5646s
	iters: 200, epoch: 29 | loss: 0.1809087
	speed: 0.0545s/iter; left time: 1024.8086s
Epoch: 29 cost time: 14.332428932189941
Epoch: 29, Steps: 264 | Train Loss: 0.1744032 Vali Loss: 0.2431719 Test Loss: 0.3496415
EarlyStopping counter: 20 out of 20
Early stopping
>>>>>>>testing : NL_ettm2_cms3_lr0.0001_spc_336_336_PatchTST_ETTm2_ftM_sl336_ll48_pl336_dm128_nh16_el3_dl1_df256_fc1_ebtimeF_dtTruelr0.0001_pol_spc_Nested_Learning_0<<<<<<<<<<<<<<<<<<<<<<<<<<<<<<<<<
test 11185
 Ejecutando Inferencia DINÁMICA (Nested Learning con cms3)
  -> Política: spc | LR: 0.0001 | Target: head

RESUMEN: El CMS se actualizó 22 veces de 87 posibles.

mse:0.2831108868122101, mae:0.33001670241355896, rse:0.42928174138069153
Args in experiment:
Namespace(random_seed=2021, is_training=1, model_id='NL_ettm2_cms3_lr0.0001_spc_336_720', model='PatchTST', data='ETTm2', root_path='./dataset/', data_path='ETTm2.csv', features='M', target='OT', freq='h', checkpoints='./checkpoints/', seq_len=336, label_len=48, pred_len=720, head_type='cms3', cms_lr=0.0001, update_policy='spc', fc_dropout=0.2, head_dropout=0.0, patch_len=16, stride=8, padding_patch='end', revin=1, affine=0, subtract_last=0, decomposition=0, kernel_size=25, individual=1, embed_type=0, enc_in=7, dec_in=7, c_out=7, d_model=128, n_heads=16, e_layers=3, d_layers=1, d_ff=256, moving_avg=25, factor=1, distil=True, dropout=0.2, embed='timeF', activation='gelu', output_attention=False, do_predict=False, num_workers=0, itr=1, train_epochs=100, batch_size=128, patience=20, learning_rate=0.0001, des='Nested_Learning', loss='mse', lradj='TST', pct_start=0.4, use_amp=False, use_gpu=True, gpu=0, use_multi_gpu=False, devices='0,1,2,3', test_flop=False)
Use GPU: cuda:0
>>>>>>>start training : NL_ettm2_cms3_lr0.0001_spc_336_720_PatchTST_ETTm2_ftM_sl336_ll48_pl720_dm128_nh16_el3_dl1_df256_fc1_ebtimeF_dtTruelr0.0001_pol_spc_Nested_Learning_0>>>>>>>>>>>>>>>>>>>>>>>>>>
train 33505
val 10801
test 10801
	iters: 100, epoch: 1 | loss: 0.4399714
	speed: 0.1298s/iter; left time: 3375.4634s
	iters: 200, epoch: 1 | loss: 0.6955125
	speed: 0.0563s/iter; left time: 1456.9821s
Epoch: 1 cost time: 15.02575159072876
Epoch: 1, Steps: 261 | Train Loss: 0.6033899 Vali Loss: 0.2945712 Test Loss: 0.3976030
Validation loss decreased (inf --> 0.294571).  Saving model ...
Updating learning rate to 4.147996316662011e-06
	iters: 100, epoch: 2 | loss: 0.6021587
	speed: 0.1927s/iter; left time: 4959.5049s
	iters: 200, epoch: 2 | loss: 0.5152045
	speed: 0.0568s/iter; left time: 1456.9787s
Epoch: 2 cost time: 14.833985805511475
Epoch: 2, Steps: 261 | Train Loss: 0.5508212 Vali Loss: 0.2832038 Test Loss: 0.3831109
Validation loss decreased (0.294571 --> 0.283204).  Saving model ...
Updating learning rate to 4.591072645408634e-06
	iters: 100, epoch: 3 | loss: 0.8527762
	speed: 0.1881s/iter; left time: 4791.6261s
	iters: 200, epoch: 3 | loss: 0.4906364
	speed: 0.0571s/iter; left time: 1449.1034s
Epoch: 3 cost time: 14.881969451904297
Epoch: 3, Steps: 261 | Train Loss: 0.5304112 Vali Loss: 0.2789679 Test Loss: 0.3751539
Validation loss decreased (0.283204 --> 0.278968).  Saving model ...
Updating learning rate to 5.326496750212602e-06
	iters: 100, epoch: 4 | loss: 0.5501370
	speed: 0.1719s/iter; left time: 4335.7083s
	iters: 200, epoch: 4 | loss: 0.4811738
	speed: 0.0573s/iter; left time: 1439.1997s
Epoch: 4 cost time: 14.927188873291016
Epoch: 4, Steps: 261 | Train Loss: 0.5133048 Vali Loss: 0.2760029 Test Loss: 0.3730454
Validation loss decreased (0.278968 --> 0.276003).  Saving model ...
Updating learning rate to 6.349733628628268e-06
	iters: 100, epoch: 5 | loss: 0.4381086
	speed: 0.1757s/iter; left time: 4386.1796s
	iters: 200, epoch: 5 | loss: 0.3993516
	speed: 0.0581s/iter; left time: 1445.2891s
Epoch: 5 cost time: 14.997815608978271
Epoch: 5, Steps: 261 | Train Loss: 0.4960154 Vali Loss: 0.2748643 Test Loss: 0.3731889
Validation loss decreased (0.276003 --> 0.274864).  Saving model ...
Updating learning rate to 7.654473476944045e-06
	iters: 100, epoch: 6 | loss: 0.3029904
	speed: 0.1973s/iter; left time: 4872.8116s
	iters: 200, epoch: 6 | loss: 0.4213531
	speed: 0.0570s/iter; left time: 1402.3516s
Epoch: 6 cost time: 15.687182664871216
Epoch: 6, Steps: 261 | Train Loss: 0.4849230 Vali Loss: 0.2702731 Test Loss: 0.3722305
Validation loss decreased (0.274864 --> 0.270273).  Saving model ...
Updating learning rate to 9.232670599670218e-06
	iters: 100, epoch: 7 | loss: 0.5180100
	speed: 0.1580s/iter; left time: 3861.4452s
	iters: 200, epoch: 7 | loss: 0.4362980
	speed: 0.0574s/iter; left time: 1397.3443s
Epoch: 7 cost time: 14.966216802597046
Epoch: 7, Steps: 261 | Train Loss: 0.4750156 Vali Loss: 0.2717502 Test Loss: 0.3712358
EarlyStopping counter: 1 out of 20
Updating learning rate to 1.1074593023426382e-05
	iters: 100, epoch: 8 | loss: 0.3877026
	speed: 0.1340s/iter; left time: 3238.6851s
	iters: 200, epoch: 8 | loss: 0.3576919
	speed: 0.0577s/iter; left time: 1390.1285s
Epoch: 8 cost time: 15.037936687469482
Epoch: 8, Steps: 261 | Train Loss: 0.4634899 Vali Loss: 0.2688570 Test Loss: 0.3702500
Validation loss decreased (0.270273 --> 0.268857).  Saving model ...
Updating learning rate to 1.3168882509283648e-05
	iters: 100, epoch: 9 | loss: 0.3737676
	speed: 0.1810s/iter; left time: 4327.6166s
	iters: 200, epoch: 9 | loss: 0.4820370
	speed: 0.0572s/iter; left time: 1361.8723s
Epoch: 9 cost time: 14.909213304519653
Epoch: 9, Steps: 261 | Train Loss: 0.4509197 Vali Loss: 0.2689119 Test Loss: 0.3689720
EarlyStopping counter: 1 out of 20
Updating learning rate to 1.5502624593494887e-05
	iters: 100, epoch: 10 | loss: 0.3582758
	speed: 0.1340s/iter; left time: 3168.5908s
	iters: 200, epoch: 10 | loss: 0.5417345
	speed: 0.0575s/iter; left time: 1355.2437s
Epoch: 10 cost time: 15.025081157684326
Epoch: 10, Steps: 261 | Train Loss: 0.4386918 Vali Loss: 0.2698272 Test Loss: 0.3696270
EarlyStopping counter: 2 out of 20
Updating learning rate to 1.806142822470586e-05
	iters: 100, epoch: 11 | loss: 0.4706106
	speed: 0.1338s/iter; left time: 3129.8213s
	iters: 200, epoch: 11 | loss: 0.3649497
	speed: 0.0578s/iter; left time: 1346.5908s
Epoch: 11 cost time: 15.064711332321167
Epoch: 11, Steps: 261 | Train Loss: 0.4257471 Vali Loss: 0.2716720 Test Loss: 0.3702059
EarlyStopping counter: 3 out of 20
Updating learning rate to 2.0829514506563195e-05
	iters: 100, epoch: 12 | loss: 0.3877255
	speed: 0.1339s/iter; left time: 3096.8693s
	iters: 200, epoch: 12 | loss: 0.4790149
	speed: 0.0577s/iter; left time: 1328.8063s
Epoch: 12 cost time: 15.058132886886597
Epoch: 12, Steps: 261 | Train Loss: 0.4141242 Vali Loss: 0.2753541 Test Loss: 0.3736817
EarlyStopping counter: 4 out of 20
Updating learning rate to 2.3789813998487008e-05
	iters: 100, epoch: 13 | loss: 0.4108639
	speed: 0.1343s/iter; left time: 3072.1457s
	iters: 200, epoch: 13 | loss: 0.3451105
	speed: 0.0576s/iter; left time: 1311.0976s
Epoch: 13 cost time: 15.042089223861694
Epoch: 13, Steps: 261 | Train Loss: 0.4031971 Vali Loss: 0.2785226 Test Loss: 0.3731001
EarlyStopping counter: 5 out of 20
Updating learning rate to 2.6924071974601397e-05
	iters: 100, epoch: 14 | loss: 0.3354101
	speed: 0.1340s/iter; left time: 3029.6050s
	iters: 200, epoch: 14 | loss: 0.3792048
	speed: 0.0576s/iter; left time: 1296.0932s
Epoch: 14 cost time: 15.034050226211548
Epoch: 14, Steps: 261 | Train Loss: 0.3900755 Vali Loss: 0.2877778 Test Loss: 0.3798832
EarlyStopping counter: 6 out of 20
Updating learning rate to 3.0212960991742456e-05
	iters: 100, epoch: 15 | loss: 0.3603369
	speed: 0.1338s/iter; left time: 2990.3924s
	iters: 200, epoch: 15 | loss: 0.3900224
	speed: 0.0576s/iter; left time: 1281.4766s
Epoch: 15 cost time: 15.0117027759552
Epoch: 15, Steps: 261 | Train Loss: 0.3774543 Vali Loss: 0.2924043 Test Loss: 0.3837427
EarlyStopping counter: 7 out of 20
Updating learning rate to 3.363620007239161e-05
	iters: 100, epoch: 16 | loss: 0.3723958
	speed: 0.1339s/iter; left time: 2956.8071s
	iters: 200, epoch: 16 | loss: 0.3976720
	speed: 0.0577s/iter; left time: 1268.1206s
Epoch: 16 cost time: 15.026190757751465
Epoch: 16, Steps: 261 | Train Loss: 0.3657804 Vali Loss: 0.2948511 Test Loss: 0.3844215
EarlyStopping counter: 8 out of 20
Updating learning rate to 3.717267976759092e-05
	iters: 100, epoch: 17 | loss: 0.3617220
	speed: 0.1333s/iter; left time: 2910.1781s
	iters: 200, epoch: 17 | loss: 0.4493273
	speed: 0.0576s/iter; left time: 1251.6642s
Epoch: 17 cost time: 14.997193813323975
Epoch: 17, Steps: 261 | Train Loss: 0.3536893 Vali Loss: 0.2980520 Test Loss: 0.3877006
EarlyStopping counter: 9 out of 20
Updating learning rate to 4.0800592328638756e-05
	iters: 100, epoch: 18 | loss: 0.2765859
	speed: 0.1335s/iter; left time: 2878.4775s
	iters: 200, epoch: 18 | loss: 0.3475256
	speed: 0.0575s/iter; left time: 1233.3617s
Epoch: 18 cost time: 14.984477758407593
Epoch: 18, Steps: 261 | Train Loss: 0.3435258 Vali Loss: 0.3006823 Test Loss: 0.3901115
EarlyStopping counter: 10 out of 20
Updating learning rate to 4.449756618485984e-05
	iters: 100, epoch: 19 | loss: 0.3155465
	speed: 0.1332s/iter; left time: 2837.5230s
	iters: 200, epoch: 19 | loss: 0.3100978
	speed: 0.0575s/iter; left time: 1219.3349s
Epoch: 19 cost time: 14.990962028503418
Epoch: 19, Steps: 261 | Train Loss: 0.3322860 Vali Loss: 0.3016319 Test Loss: 0.3901164
EarlyStopping counter: 11 out of 20
Updating learning rate to 4.824080389819096e-05
	iters: 100, epoch: 20 | loss: 0.3144059
	speed: 0.1334s/iter; left time: 2806.5928s
	iters: 200, epoch: 20 | loss: 0.2865753
	speed: 0.0575s/iter; left time: 1205.1222s
Epoch: 20 cost time: 14.9943687915802
Epoch: 20, Steps: 261 | Train Loss: 0.3221803 Vali Loss: 0.3034056 Test Loss: 0.3966616
EarlyStopping counter: 12 out of 20
Updating learning rate to 5.2007222743883666e-05
	iters: 100, epoch: 21 | loss: 0.3493442
	speed: 0.1341s/iter; left time: 2785.8254s
	iters: 200, epoch: 21 | loss: 0.3655970
	speed: 0.0575s/iter; left time: 1189.2300s
Epoch: 21 cost time: 14.989362955093384
Epoch: 21, Steps: 261 | Train Loss: 0.3127024 Vali Loss: 0.3075317 Test Loss: 0.4038180
EarlyStopping counter: 13 out of 20
Updating learning rate to 5.577359705043091e-05
	iters: 100, epoch: 22 | loss: 0.2699347
	speed: 0.1336s/iter; left time: 2742.4261s
	iters: 200, epoch: 22 | loss: 0.2345054
	speed: 0.0576s/iter; left time: 1177.1383s
Epoch: 22 cost time: 15.017606735229492
Epoch: 22, Steps: 261 | Train Loss: 0.3044873 Vali Loss: 0.3051339 Test Loss: 0.4042945
EarlyStopping counter: 14 out of 20
Updating learning rate to 5.951670142097692e-05
	iters: 100, epoch: 23 | loss: 0.2967389
	speed: 0.1334s/iter; left time: 2701.8185s
	iters: 200, epoch: 23 | loss: 0.2830166
	speed: 0.0575s/iter; left time: 1159.1424s
Epoch: 23 cost time: 14.975679397583008
Epoch: 23, Steps: 261 | Train Loss: 0.2956138 Vali Loss: 0.3104756 Test Loss: 0.4116530
EarlyStopping counter: 15 out of 20
Updating learning rate to 6.321345395303321e-05
	iters: 100, epoch: 24 | loss: 0.3231752
	speed: 0.1334s/iter; left time: 2668.2540s
	iters: 200, epoch: 24 | loss: 0.2856824
	speed: 0.0575s/iter; left time: 1144.0654s
Epoch: 24 cost time: 14.97542667388916
Epoch: 24, Steps: 261 | Train Loss: 0.2873469 Vali Loss: 0.3109173 Test Loss: 0.4158039
EarlyStopping counter: 16 out of 20
Updating learning rate to 6.6841058573335e-05
	iters: 100, epoch: 25 | loss: 0.2491823
	speed: 0.1332s/iter; left time: 2628.3843s
	iters: 200, epoch: 25 | loss: 0.2860714
	speed: 0.0575s/iter; left time: 1129.6619s
Epoch: 25 cost time: 14.97469687461853
Epoch: 25, Steps: 261 | Train Loss: 0.2796978 Vali Loss: 0.3156870 Test Loss: 0.4204924
EarlyStopping counter: 17 out of 20
Updating learning rate to 7.037714561012768e-05
	iters: 100, epoch: 26 | loss: 0.3003980
	speed: 0.1332s/iter; left time: 2594.4146s
	iters: 200, epoch: 26 | loss: 0.2877962
	speed: 0.0574s/iter; left time: 1111.2291s
Epoch: 26 cost time: 14.955965280532837
Epoch: 26, Steps: 261 | Train Loss: 0.2720572 Vali Loss: 0.3177223 Test Loss: 0.4265620
EarlyStopping counter: 18 out of 20
Updating learning rate to 7.379990973604285e-05
	iters: 100, epoch: 27 | loss: 0.2597406
	speed: 0.1312s/iter; left time: 2520.5647s
	iters: 200, epoch: 27 | loss: 0.2415767
	speed: 0.0552s/iter; left time: 1055.1394s
Epoch: 27 cost time: 14.385319709777832
Epoch: 27, Steps: 261 | Train Loss: 0.2643812 Vali Loss: 0.3208754 Test Loss: 0.4294282
EarlyStopping counter: 19 out of 20
Updating learning rate to 7.708824443093723e-05
	iters: 100, epoch: 28 | loss: 0.2418618
	speed: 0.1302s/iter; left time: 2467.8473s
	iters: 200, epoch: 28 | loss: 0.2645473
	speed: 0.0553s/iter; left time: 1042.2357s
Epoch: 28 cost time: 14.402000427246094
Epoch: 28, Steps: 261 | Train Loss: 0.2565986 Vali Loss: 0.3279246 Test Loss: 0.4415959
EarlyStopping counter: 20 out of 20
Early stopping
>>>>>>>testing : NL_ettm2_cms3_lr0.0001_spc_336_720_PatchTST_ETTm2_ftM_sl336_ll48_pl720_dm128_nh16_el3_dl1_df256_fc1_ebtimeF_dtTruelr0.0001_pol_spc_Nested_Learning_0<<<<<<<<<<<<<<<<<<<<<<<<<<<<<<<<<
test 10801
 Ejecutando Inferencia DINÁMICA (Nested Learning con cms3)
  -> Política: spc | LR: 0.0001 | Target: head

RESUMEN: El CMS se actualizó 32 veces de 84 posibles.

mse:0.371969997882843, mae:0.38719695806503296, rse:0.48967012763023376
